2017-09-16 15:59:30,527 - [root:70] - INFO - Starting mini spider
2017-09-16 15:59:30,542 - [requests.packages.urllib3.connectionpool:207] - DEBUG - Starting new HTTP connection (1): www.baidu.com
2017-09-16 15:59:30,559 - [requests.packages.urllib3.connectionpool:395] - DEBUG - http://www.baidu.com:80 "GET / HTTP/1.1" 200 None
2017-09-16 15:59:30,575 - [root:105] - ERROR - url //www.baidu.com/more/ startswith //
2017-09-16 15:59:30,586 - [root:45] - INFO - url http://www.baidu.com
 is not match
2017-09-16 15:59:30,588 - [requests.packages.urllib3.connectionpool:207] - DEBUG - Starting new HTTP connection (1): map.baidu.com
2017-09-16 15:59:30,589 - [requests.packages.urllib3.connectionpool:207] - DEBUG - Starting new HTTP connection (1): jianyi.baidu.com
2017-09-16 15:59:30,592 - [requests.packages.urllib3.connectionpool:207] - DEBUG - Starting new HTTP connection (1): home.baidu.com
2017-09-16 15:59:30,593 - [requests.packages.urllib3.connectionpool:207] - DEBUG - Starting new HTTP connection (1): ir.baidu.com
2017-09-16 15:59:30,595 - [requests.packages.urllib3.connectionpool:207] - DEBUG - Starting new HTTP connection (1): www.hao123.com
2017-09-16 15:59:30,596 - [requests.packages.urllib3.connectionpool:207] - DEBUG - Starting new HTTP connection (1): news.baidu.com
2017-09-16 15:59:30,597 - [requests.packages.urllib3.connectionpool:207] - DEBUG - Starting new HTTP connection (1): tieba.baidu.com
2017-09-16 15:59:30,621 - [requests.packages.urllib3.connectionpool:395] - DEBUG - http://jianyi.baidu.com:80 "GET / HTTP/1.1" 302 0
2017-09-16 15:59:30,627 - [requests.packages.urllib3.connectionpool:207] - DEBUG - Starting new HTTP connection (1): help.baidu.com
2017-09-16 15:59:30,629 - [requests.packages.urllib3.connectionpool:395] - DEBUG - http://home.baidu.com:80 "GET / HTTP/1.1" 200 None
2017-09-16 15:59:30,660 - [requests.packages.urllib3.connectionpool:395] - DEBUG - http://news.baidu.com:80 "GET / HTTP/1.1" 200 None
2017-09-16 15:59:30,699 - [requests.packages.urllib3.connectionpool:395] - DEBUG - http://map.baidu.com:80 "GET / HTTP/1.1" 200 None
2017-09-16 15:59:30,726 - [requests.packages.urllib3.connectionpool:395] - DEBUG - http://www.hao123.com:80 "GET / HTTP/1.1" 200 None
2017-09-16 15:59:30,739 - [requests.packages.urllib3.connectionpool:395] - DEBUG - http://help.baidu.com:80 "GET / HTTP/1.1" 200 None
2017-09-16 15:59:30,747 - [requests.packages.urllib3.connectionpool:395] - DEBUG - http://tieba.baidu.com:80 "GET / HTTP/1.1" 302 0
2017-09-16 15:59:30,863 - [root:63] - INFO - procotol:http, hostname:home.baidu.com, new_link:/home/index
2017-09-16 15:59:30,864 - [root:63] - INFO - procotol:http, hostname:home.baidu.com, new_link:/home/index
2017-09-16 15:59:30,866 - [root:63] - INFO - procotol:http, hostname:home.baidu.com, new_link:/home/index/join_us
2017-09-16 15:59:30,868 - [requests.packages.urllib3.connectionpool:818] - DEBUG - Starting new HTTPS connection (1): tieba.baidu.com
2017-09-16 15:59:30,869 - [root:63] - INFO - procotol:http, hostname:home.baidu.com, new_link:/home/index/contact_us
2017-09-16 15:59:30,870 - [root:63] - INFO - procotol:http, hostname:home.baidu.com, new_link:/home/index
2017-09-16 15:59:30,871 - [root:63] - INFO - procotol:http, hostname:home.baidu.com, new_link:/home/index/join_us
2017-09-16 15:59:30,872 - [root:63] - INFO - procotol:http, hostname:home.baidu.com, new_link:/home/index/contact_us
2017-09-16 15:59:30,872 - [root:63] - INFO - procotol:http, hostname:home.baidu.com, new_link:/home/index/show_banner_content/id/48
2017-09-16 15:59:30,874 - [root:63] - INFO - procotol:http, hostname:home.baidu.com, new_link:/home/index/show_banner_content/id/15/type/mobile
2017-09-16 15:59:30,962 - [root:63] - INFO - procotol:http, hostname:home.baidu.com, new_link:/home/index/show_banner_content/id/38
2017-09-16 15:59:30,985 - [root:63] - INFO - procotol:http, hostname:home.baidu.com, new_link:/home/index/show_banner_content/id/47
2017-09-16 15:59:30,986 - [root:63] - INFO - procotol:http, hostname:home.baidu.com, new_link:/home/index/show_mobile_banner_content/id/64
2017-09-16 15:59:31,021 - [root:63] - INFO - procotol:http, hostname:jianyi.baidu.com, new_link:/index
2017-09-16 15:59:31,022 - [root:63] - INFO - procotol:http, hostname:home.baidu.com, new_link:/home/index/show_mobile_banner_content/id/62
2017-09-16 15:59:31,022 - [root:63] - INFO - procotol:http, hostname:jianyi.baidu.com, new_link:/index
2017-09-16 15:59:31,023 - [root:63] - INFO - procotol:http, hostname:home.baidu.com, new_link:/home/index/news_list
2017-09-16 15:59:31,024 - [root:63] - INFO - procotol:http, hostname:jianyi.baidu.com, new_link:/question?prod_id=1
2017-09-16 15:59:31,025 - [root:63] - INFO - procotol:http, hostname:home.baidu.com, new_link:/home/index/news_detail/id/17714
2017-09-16 15:59:31,025 - [root:63] - INFO - procotol:http, hostname:jianyi.baidu.com, new_link:/question?prod_id=1
2017-09-16 15:59:31,025 - [root:63] - INFO - procotol:http, hostname:home.baidu.com, new_link:/home/index/news_detail/id/17713
2017-09-16 15:59:31,026 - [root:63] - INFO - procotol:http, hostname:jianyi.baidu.com, new_link:/question?prod_id=3
2017-09-16 15:59:31,026 - [root:63] - INFO - procotol:http, hostname:home.baidu.com, new_link:/home/index/news_detail/id/17712
2017-09-16 15:59:31,027 - [root:63] - INFO - procotol:http, hostname:jianyi.baidu.com, new_link:/question?prod_id=3
2017-09-16 15:59:31,055 - [root:45] - INFO - url http://map.baidu.com is not match
2017-09-16 15:59:31,056 - [root:63] - INFO - procotol:http, hostname:home.baidu.com, new_link:/home/index/news_detail/id/17711
2017-09-16 15:59:31,056 - [root:63] - INFO - procotol:http, hostname:jianyi.baidu.com, new_link:/question?prod_id=4
2017-09-16 15:59:31,057 - [root:63] - INFO - procotol:http, hostname:home.baidu.com, new_link:/home/index/news_detail/id/17710
2017-09-16 15:59:31,058 - [requests.packages.urllib3.connectionpool:395] - DEBUG - http://ir.baidu.com:80 "GET / HTTP/1.1" 302 749
2017-09-16 15:59:31,059 - [root:63] - INFO - procotol:http, hostname:jianyi.baidu.com, new_link:/question?prod_id=4
2017-09-16 15:59:31,060 - [root:63] - INFO - procotol:http, hostname:home.baidu.com, new_link:/home/index/news_detail/id/17709
2017-09-16 15:59:31,064 - [root:63] - INFO - procotol:http, hostname:jianyi.baidu.com, new_link:/question?prod_id=9
2017-09-16 15:59:31,204 - [root:63] - INFO - procotol:http, hostname:jianyi.baidu.com, new_link:/question?prod_id=9
2017-09-16 15:59:31,205 - [root:63] - INFO - procotol:http, hostname:home.baidu.com, new_link:/home/index/news_list
2017-09-16 15:59:31,212 - [root:63] - INFO - procotol:http, hostname:news.baidu.com, new_link:/
2017-09-16 15:59:31,212 - [root:63] - INFO - procotol:http, hostname:jianyi.baidu.com, new_link:/question?prod_id=28
2017-09-16 15:59:31,213 - [root:63] - INFO - procotol:http, hostname:home.baidu.com, new_link:/home/index/special/id/40
2017-09-16 15:59:31,214 - [root:63] - INFO - procotol:http, hostname:news.baidu.com, new_link:/guonei
2017-09-16 15:59:31,221 - [root:63] - INFO - procotol:http, hostname:news.baidu.com, new_link:/guoji
2017-09-16 15:59:31,223 - [root:63] - INFO - procotol:http, hostname:news.baidu.com, new_link:/mil
2017-09-16 15:59:31,215 - [root:63] - INFO - procotol:http, hostname:home.baidu.com, new_link:/home/index/special/id/29
2017-09-16 15:59:31,214 - [root:63] - INFO - procotol:http, hostname:jianyi.baidu.com, new_link:/question?prod_id=28
2017-09-16 15:59:31,224 - [root:63] - INFO - procotol:http, hostname:news.baidu.com, new_link:/society
2017-09-16 15:59:31,231 - [root:63] - INFO - procotol:http, hostname:news.baidu.com, new_link:/finance
2017-09-16 15:59:31,230 - [root:63] - INFO - procotol:http, hostname:jianyi.baidu.com, new_link:/question?prod_id=10
2017-09-16 15:59:31,226 - [root:63] - INFO - procotol:http, hostname:home.baidu.com, new_link:/home/index/special/id/34
2017-09-16 15:59:31,233 - [root:63] - INFO - procotol:http, hostname:news.baidu.com, new_link:/ent
2017-09-16 15:59:31,233 - [root:63] - INFO - procotol:http, hostname:jianyi.baidu.com, new_link:/question?prod_id=10
2017-09-16 15:59:31,234 - [root:63] - INFO - procotol:http, hostname:home.baidu.com, new_link:/home/index/join_us
2017-09-16 15:59:31,234 - [root:63] - INFO - procotol:http, hostname:news.baidu.com, new_link:/sports
2017-09-16 15:59:31,235 - [root:63] - INFO - procotol:http, hostname:jianyi.baidu.com, new_link:/question?prod_id=29
2017-09-16 15:59:31,242 - [root:63] - INFO - procotol:http, hostname:home.baidu.com, new_link:/home/index/company_culture
2017-09-16 15:59:31,243 - [requests.packages.urllib3.connectionpool:395] - DEBUG - http://ir.baidu.com:80 "GET /phoenix.zhtml?c=188488&p=irol-irhome HTTP/1.1" 200 4210
2017-09-16 15:59:31,244 - [root:63] - INFO - procotol:http, hostname:jianyi.baidu.com, new_link:/question?prod_id=29
2017-09-16 15:59:31,244 - [root:63] - INFO - procotol:http, hostname:news.baidu.com, new_link:/internet
2017-09-16 15:59:31,245 - [root:63] - INFO - procotol:http, hostname:home.baidu.com, new_link:/home/index/company
2017-09-16 15:59:31,249 - [root:63] - INFO - procotol:http, hostname:jianyi.baidu.com, new_link:/question?prod_id=25
2017-09-16 15:59:31,250 - [root:63] - INFO - procotol:http, hostname:news.baidu.com, new_link:/tech
2017-09-16 15:59:31,253 - [root:63] - INFO - procotol:http, hostname:news.baidu.com, new_link:/game
2017-09-16 15:59:31,253 - [root:63] - INFO - procotol:http, hostname:jianyi.baidu.com, new_link:/question?prod_id=25
2017-09-16 15:59:31,253 - [root:63] - INFO - procotol:http, hostname:home.baidu.com, new_link:/home/index/baidu_road
2017-09-16 15:59:31,254 - [root:63] - INFO - procotol:http, hostname:jianyi.baidu.com, new_link:/question?prod_id=12
2017-09-16 15:59:31,293 - [root:63] - INFO - procotol:http, hostname:news.baidu.com, new_link:/fashion
2017-09-16 15:59:31,294 - [root:63] - INFO - procotol:http, hostname:home.baidu.com, new_link:/home/index/management_team
2017-09-16 15:59:31,303 - [root:63] - INFO - procotol:http, hostname:jianyi.baidu.com, new_link:/question?prod_id=12
2017-09-16 15:59:31,330 - [root:63] - INFO - procotol:http, hostname:ir.baidu.com, new_link:phoenix.zhtml?c=188488&p=irol-irhome
2017-09-16 15:59:31,333 - [root:63] - INFO - procotol:http, hostname:news.baidu.com, new_link:/lady
2017-09-16 15:59:31,337 - [root:63] - INFO - procotol:http, hostname:jianyi.baidu.com, new_link:/question?prod_id=6
2017-09-16 15:59:31,338 - [root:63] - INFO - procotol:http, hostname:ir.baidu.com, new_link:phoenix.zhtml?c=188488&p=irol-homeprofile
2017-09-16 15:59:31,395 - [root:63] - INFO - procotol:http, hostname:news.baidu.com, new_link:/auto
2017-09-16 15:59:31,419 - [root:63] - INFO - procotol:http, hostname:jianyi.baidu.com, new_link:/question?prod_id=6
2017-09-16 15:59:31,420 - [root:63] - INFO - procotol:http, hostname:jianyi.baidu.com, new_link:/question?prod_id=2
2017-09-16 15:59:31,455 - [root:63] - INFO - procotol:http, hostname:ir.baidu.com, new_link:phoenix.zhtml?c=188488&p=irol-milestones
2017-09-16 15:59:31,458 - [root:63] - INFO - procotol:http, hostname:news.baidu.com, new_link:/house
2017-09-16 15:59:31,499 - [root:63] - INFO - procotol:http, hostname:jianyi.baidu.com, new_link:/question?prod_id=2
2017-09-16 15:59:31,502 - [root:63] - INFO - procotol:http, hostname:jianyi.baidu.com, new_link:#1
2017-09-16 15:59:31,503 - [root:63] - INFO - procotol:http, hostname:jianyi.baidu.com, new_link:#2
2017-09-16 15:59:31,505 - [root:63] - INFO - procotol:http, hostname:jianyi.baidu.com, new_link:#3
2017-09-16 15:59:31,506 - [root:63] - INFO - procotol:http, hostname:jianyi.baidu.com, new_link:#4
2017-09-16 15:59:31,506 - [root:63] - INFO - procotol:http, hostname:jianyi.baidu.com, new_link:#5
2017-09-16 15:59:31,507 - [root:63] - INFO - procotol:http, hostname:jianyi.baidu.com, new_link:#6
2017-09-16 15:59:31,507 - [root:63] - INFO - procotol:http, hostname:jianyi.baidu.com, new_link:#7
2017-09-16 15:59:31,499 - [root:63] - INFO - procotol:http, hostname:ir.baidu.com, new_link:phoenix.zhtml?c=188488&p=irol-govmanage
2017-09-16 15:59:31,501 - [root:63] - INFO - procotol:http, hostname:news.baidu.com, new_link:/
2017-09-16 15:59:31,508 - [root:63] - INFO - procotol:http, hostname:jianyi.baidu.com, new_link:/question?prod_id=1
2017-09-16 15:59:31,522 - [root:45] - INFO - url http://home.baidu.com is not match
2017-09-16 15:59:31,523 - [root:63] - INFO - procotol:http, hostname:ir.baidu.com, new_link:phoenix.zhtml?c=188488&p=irol-govboard
2017-09-16 15:59:31,534 - [root:63] - INFO - procotol:http, hostname:news.baidu.com, new_link:/guonei
2017-09-16 15:59:31,563 - [requests.packages.urllib3.connectionpool:395] - DEBUG - https://tieba.baidu.com:443 "GET /index.html HTTP/1.1" 200 None
2017-09-16 15:59:31,564 - [root:63] - INFO - procotol:http, hostname:jianyi.baidu.com, new_link:/question?prod_id=1
2017-09-16 15:59:31,565 - [root:63] - INFO - procotol:http, hostname:ir.baidu.com, new_link:phoenix.zhtml?c=188488&p=irol-news
2017-09-16 15:59:31,565 - [root:63] - INFO - procotol:http, hostname:news.baidu.com, new_link:/guoji
2017-09-16 15:59:31,570 - [root:63] - INFO - procotol:http, hostname:jianyi.baidu.com, new_link:/question?prod_id=2
2017-09-16 15:59:31,570 - [root:63] - INFO - procotol:http, hostname:ir.baidu.com, new_link:phoenix.zhtml?c=188488&p=irol-reportsannual
2017-09-16 15:59:31,571 - [root:63] - INFO - procotol:http, hostname:news.baidu.com, new_link:/mil
2017-09-16 15:59:31,571 - [root:63] - INFO - procotol:http, hostname:jianyi.baidu.com, new_link:/question?prod_id=2
2017-09-16 15:59:31,572 - [root:63] - INFO - procotol:http, hostname:news.baidu.com, new_link:/society
2017-09-16 15:59:31,572 - [root:63] - INFO - procotol:http, hostname:ir.baidu.com, new_link:phoenix.zhtml?c=188488&p=irol-presentations
2017-09-16 15:59:31,574 - [root:63] - INFO - procotol:http, hostname:news.baidu.com, new_link:/finance
2017-09-16 15:59:31,575 - [root:63] - INFO - procotol:http, hostname:ir.baidu.com, new_link:phoenix.zhtml?c=188488&p=irol-stockquote
2017-09-16 15:59:31,576 - [root:63] - INFO - procotol:http, hostname:news.baidu.com, new_link:/ent
2017-09-16 15:59:31,575 - [root:63] - INFO - procotol:http, hostname:jianyi.baidu.com, new_link:/question?prod_id=7
2017-09-16 15:59:31,577 - [root:63] - INFO - procotol:http, hostname:ir.baidu.com, new_link:phoenix.zhtml?c=188488&p=irol-sec
2017-09-16 15:59:31,592 - [root:63] - INFO - procotol:http, hostname:news.baidu.com, new_link:/sports
2017-09-16 15:59:31,601 - [root:63] - INFO - procotol:http, hostname:jianyi.baidu.com, new_link:/question?prod_id=7
2017-09-16 15:59:31,602 - [root:63] - INFO - procotol:http, hostname:ir.baidu.com, new_link:phoenix.zhtml?c=188488&p=irol-analysts
2017-09-16 15:59:31,605 - [root:63] - INFO - procotol:http, hostname:news.baidu.com, new_link:/internet
2017-09-16 15:59:31,612 - [root:63] - INFO - procotol:http, hostname:jianyi.baidu.com, new_link:/question?prod_id=18
2017-09-16 15:59:31,612 - [root:63] - INFO - procotol:http, hostname:ir.baidu.com, new_link:phoenix.zhtml?c=188488&p=irol-calendar
2017-09-16 15:59:31,613 - [requests.packages.urllib3.connectionpool:207] - DEBUG - Starting new HTTP connection (1): v.baidu.com
2017-09-16 15:59:31,613 - [root:63] - INFO - procotol:http, hostname:news.baidu.com, new_link:/tech
2017-09-16 15:59:31,614 - [root:63] - INFO - procotol:http, hostname:jianyi.baidu.com, new_link:/question?prod_id=18
2017-09-16 15:59:31,615 - [root:63] - INFO - procotol:http, hostname:ir.baidu.com, new_link:phoenix.zhtml?c=188488&p=irol-faq
2017-09-16 15:59:31,616 - [root:63] - INFO - procotol:http, hostname:news.baidu.com, new_link:/game
2017-09-16 15:59:31,619 - [root:63] - INFO - procotol:http, hostname:jianyi.baidu.com, new_link:/question?prod_id=4
2017-09-16 15:59:31,621 - [root:63] - INFO - procotol:http, hostname:ir.baidu.com, new_link:phoenix.zhtml?c=188488&p=irol-govhighlights
2017-09-16 15:59:31,621 - [root:63] - INFO - procotol:http, hostname:news.baidu.com, new_link:/fashion
2017-09-16 15:59:31,627 - [root:63] - INFO - procotol:http, hostname:jianyi.baidu.com, new_link:/question?prod_id=4
2017-09-16 15:59:31,627 - [root:63] - INFO - procotol:http, hostname:ir.baidu.com, new_link:phoenix.zhtml?c=188488&p=irol-searchservices
2017-09-16 15:59:31,628 - [root:63] - INFO - procotol:http, hostname:news.baidu.com, new_link:/lady
2017-09-16 15:59:31,636 - [root:63] - INFO - procotol:http, hostname:jianyi.baidu.com, new_link:/question?prod_id=5
2017-09-16 15:59:31,638 - [root:63] - INFO - procotol:http, hostname:ir.baidu.com, new_link:phoenix.zhtml?c=188488&p=irol-transactointservices
2017-09-16 15:59:31,640 - [root:63] - INFO - procotol:http, hostname:news.baidu.com, new_link:/auto
2017-09-16 15:59:31,643 - [root:63] - INFO - procotol:http, hostname:news.baidu.com, new_link:/house
2017-09-16 15:59:31,642 - [root:63] - INFO - procotol:http, hostname:ir.baidu.com, new_link:phoenix.zhtml?c=188488&p=irol-iqiyi
2017-09-16 15:59:31,641 - [root:63] - INFO - procotol:http, hostname:jianyi.baidu.com, new_link:/question?prod_id=5
2017-09-16 15:59:31,644 - [root:63] - INFO - procotol:http, hostname:news.baidu.com, new_link:javascript:;
2017-09-16 15:59:31,646 - [root:63] - INFO - procotol:http, hostname:ir.baidu.com, new_link:phoenix.zhtml?c=188488&p=irol-contacts
2017-09-16 15:59:31,652 - [root:63] - INFO - procotol:http, hostname:ir.baidu.com, new_link:phoenix.zhtml?c=188488&p=irol-ipp
2017-09-16 15:59:31,653 - [root:63] - INFO - procotol:http, hostname:ir.baidu.com, new_link:phoenix.zhtml?c=188488&p=irol-searchengine
2017-09-16 15:59:31,650 - [root:63] - INFO - procotol:http, hostname:news.baidu.com, new_link:javascript:;
2017-09-16 15:59:31,655 - [root:63] - INFO - procotol:http, hostname:ir.baidu.com, new_link:phoenix.zhtml?c=188488&p=irol-alerts
2017-09-16 15:59:31,656 - [root:63] - INFO - procotol:http, hostname:news.baidu.com, new_link:javascript:;
2017-09-16 15:59:31,657 - [root:63] - INFO - procotol:http, hostname:ir.baidu.com, new_link:phoenix.zhtml?c=188488&p=irol-homeprofile
2017-09-16 15:59:31,658 - [root:63] - INFO - procotol:http, hostname:news.baidu.com, new_link:javascript:;
2017-09-16 15:59:31,664 - [root:63] - INFO - procotol:http, hostname:ir.baidu.com, new_link:phoenix.zhtml?c=188488&p=irol-news
2017-09-16 15:59:31,668 - [root:63] - INFO - procotol:http, hostname:ir.baidu.com, new_link:phoenix.zhtml?c=188488&p=irol-newsArticle&ID=2295394
2017-09-16 15:59:31,670 - [root:63] - INFO - procotol:http, hostname:ir.baidu.com, new_link:phoenix.zhtml?c=188488&p=irol-newsArticle&ID=2294188
2017-09-16 15:59:31,679 - [root:63] - INFO - procotol:http, hostname:news.baidu.com, new_link:javascript:;
2017-09-16 15:59:31,662 - [root:63] - INFO - procotol:http, hostname:jianyi.baidu.com, new_link:/question?prod_id=6
2017-09-16 15:59:31,680 - [root:63] - INFO - procotol:http, hostname:ir.baidu.com, new_link:phoenix.zhtml?c=188488&p=irol-newsArticle&ID=2289721
2017-09-16 15:59:31,681 - [root:63] - INFO - procotol:http, hostname:news.baidu.com, new_link:javascript:;
2017-09-16 15:59:31,684 - [root:63] - INFO - procotol:http, hostname:jianyi.baidu.com, new_link:/question?prod_id=6
2017-09-16 15:59:31,690 - [root:63] - INFO - procotol:http, hostname:ir.baidu.com, new_link:phoenix.zhtml?c=188488&p=irol-reportsannual
2017-09-16 15:59:31,762 - [root:63] - INFO - procotol:http, hostname:news.baidu.com, new_link:javascript:void(0);
2017-09-16 15:59:31,763 - [root:63] - INFO - procotol:http, hostname:jianyi.baidu.com, new_link:/question?prod_id=159
2017-09-16 15:59:31,793 - [root:63] - INFO - procotol:http, hostname:ir.baidu.com, new_link:phoenix.zhtml?c=188488&p=irol-calendar
2017-09-16 15:59:31,844 - [root:63] - INFO - procotol:http, hostname:news.baidu.com, new_link:javascript:void(0);
2017-09-16 15:59:31,848 - [root:63] - INFO - procotol:http, hostname:jianyi.baidu.com, new_link:/question?prod_id=159
2017-09-16 15:59:31,875 - [requests.packages.urllib3.connectionpool:395] - DEBUG - http://v.baidu.com:80 "GET / HTTP/1.1" 200 None
2017-09-16 15:59:31,883 - [root:63] - INFO - procotol:http, hostname:ir.baidu.com, new_link:phoenix.zhtml?c=188488&p=irol-sec
2017-09-16 15:59:31,894 - [root:63] - INFO - procotol:http, hostname:news.baidu.com, new_link:javascript:void(0)
2017-09-16 15:59:31,925 - [root:63] - INFO - procotol:http, hostname:jianyi.baidu.com, new_link:/question?prod_id=58
2017-09-16 15:59:31,963 - [root:63] - INFO - procotol:http, hostname:www.hao123.com, new_link:javascript:;
2017-09-16 15:59:32,045 - [root:63] - INFO - procotol:http, hostname:ir.baidu.com, new_link:phoenix.zhtml?c=188488&p=irol-stockquote
2017-09-16 15:59:32,064 - [root:63] - INFO - procotol:http, hostname:news.baidu.com, new_link:javascript:void(0)
2017-09-16 15:59:32,085 - [root:63] - INFO - procotol:http, hostname:jianyi.baidu.com, new_link:/question?prod_id=58
2017-09-16 15:59:32,092 - [root:63] - INFO - procotol:http, hostname:www.hao123.com, new_link:/api/ajax?skintype=0&toggle=1
2017-09-16 15:59:32,108 - [root:63] - INFO - procotol:http, hostname:ir.baidu.com, new_link:phoenix.zhtml?c=188488&p=irol-faq
2017-09-16 15:59:32,123 - [root:63] - INFO - procotol:http, hostname:news.baidu.com, new_link:javascript:void(0)
2017-09-16 15:59:32,125 - [root:63] - INFO - procotol:http, hostname:jianyi.baidu.com, new_link:/question?prod_id=171
2017-09-16 15:59:32,130 - [root:63] - INFO - procotol:http, hostname:tieba.baidu.com, new_link:/
2017-09-16 15:59:32,131 - [requests.packages.urllib3.connectionpool:207] - DEBUG - Starting new HTTP connection (1): www.baidu.com
2017-09-16 15:59:32,131 - [root:63] - INFO - procotol:http, hostname:www.hao123.com, new_link:/api/ajax?menu=tv_kp
2017-09-16 15:59:32,132 - [root:63] - INFO - procotol:http, hostname:ir.baidu.com, new_link:phoenix.zhtml?c=188488&p=irol-alerts
2017-09-16 15:59:32,133 - [root:63] - INFO - procotol:http, hostname:news.baidu.com, new_link:javascript:void(0)
2017-09-16 15:59:32,134 - [root:63] - INFO - procotol:http, hostname:jianyi.baidu.com, new_link:/question?prod_id=171
2017-09-16 15:59:32,136 - [root:63] - INFO - procotol:http, hostname:tieba.baidu.com, new_link:/f/index/forumpark?pcn=娱乐明星&pci=0&ct=1&rn=20&pn=1
2017-09-16 15:59:32,144 - [root:63] - INFO - procotol:http, hostname:www.hao123.com, new_link:/api/ajax?menu=movie_kp
2017-09-16 15:59:32,145 - [root:63] - INFO - procotol:http, hostname:ir.baidu.com, new_link:phoenix.zhtml?c=188488&p=irol-govhighlights
2017-09-16 15:59:32,146 - [root:63] - INFO - procotol:http, hostname:news.baidu.com, new_link:javascript:void(0)
2017-09-16 15:59:32,147 - [root:63] - INFO - procotol:http, hostname:jianyi.baidu.com, new_link:/question?prod_id=69
2017-09-16 15:59:32,147 - [root:63] - INFO - procotol:http, hostname:tieba.baidu.com, new_link:/f/index/forumpark?cn=港台东南亚明星&ci=0&pcn=娱乐明星&pci=0&ct=1&rn=20&pn=1
2017-09-16 15:59:32,148 - [root:63] - INFO - procotol:http, hostname:www.hao123.com, new_link:/api/ajax?menu=news_kp
2017-09-16 15:59:32,149 - [root:63] - INFO - procotol:http, hostname:ir.baidu.com, new_link:phoenix.zhtml?c=188488&p=irol-analysts
2017-09-16 15:59:32,151 - [root:63] - INFO - procotol:http, hostname:news.baidu.com, new_link:javascript:void(0)
2017-09-16 15:59:32,152 - [root:63] - INFO - procotol:http, hostname:jianyi.baidu.com, new_link:/question?prod_id=69
2017-09-16 15:59:32,153 - [root:63] - INFO - procotol:http, hostname:tieba.baidu.com, new_link:/f/index/forumpark?cn=内地明星&ci=0&pcn=娱乐明星&pci=0&ct=1&rn=20&pn=1
2017-09-16 15:59:32,155 - [root:63] - INFO - procotol:http, hostname:www.hao123.com, new_link:/api/ajax?menu=bagua_kp
2017-09-16 15:59:32,156 - [root:63] - INFO - procotol:http, hostname:ir.baidu.com, new_link:phoenix.zhtml?c=188488&p=irol-contacts
2017-09-16 15:59:32,157 - [root:63] - INFO - procotol:http, hostname:news.baidu.com, new_link:javascript:void(0)
2017-09-16 15:59:32,164 - [root:63] - INFO - procotol:http, hostname:jianyi.baidu.com, new_link:/question?prod_id=8
2017-09-16 15:59:32,165 - [requests.packages.urllib3.connectionpool:395] - DEBUG - http://www.baidu.com:80 "GET /duty/ HTTP/1.1" 200 2451
2017-09-16 15:59:32,167 - [root:63] - INFO - procotol:http, hostname:tieba.baidu.com, new_link:/f/index/forumpark?cn=韩国明星&ci=0&pcn=娱乐明星&pci=0&ct=1&rn=20&pn=1
2017-09-16 15:59:32,167 - [root:63] - INFO - procotol:http, hostname:www.hao123.com, new_link:/api/ajax?menu=military_kp
2017-09-16 15:59:32,168 - [root:63] - INFO - procotol:http, hostname:ir.baidu.com, new_link:phoenix.zhtml?c=188488&p=disclaimer
2017-09-16 15:59:32,169 - [root:63] - INFO - procotol:http, hostname:news.baidu.com, new_link:javascript:void(0)
2017-09-16 15:59:32,170 - [root:63] - INFO - procotol:http, hostname:jianyi.baidu.com, new_link:/question?prod_id=8
2017-09-16 15:59:32,175 - [root:63] - INFO - procotol:http, hostname:tieba.baidu.com, new_link:/f/index/forumpark?cn=日本明星&ci=0&pcn=娱乐明星&pci=0&ct=1&rn=20&pn=1
2017-09-16 15:59:32,176 - [root:63] - INFO - procotol:http, hostname:www.hao123.com, new_link:/api/ajax?menu=game_kp
2017-09-16 15:59:32,195 - [root:63] - INFO - procotol:http, hostname:www.baidu.com, new_link:copyright.html
2017-09-16 15:59:32,200 - [root:63] - INFO - procotol:http, hostname:ir.baidu.com, new_link:phoenix.zhtml?c=188488&p=privacy
2017-09-16 15:59:32,204 - [root:63] - INFO - procotol:http, hostname:news.baidu.com, new_link:/n?cmd=1&class=reci
2017-09-16 15:59:32,205 - [root:63] - INFO - procotol:http, hostname:jianyi.baidu.com, new_link:/question?prod_id=92
2017-09-16 15:59:32,206 - [root:63] - INFO - procotol:http, hostname:tieba.baidu.com, new_link:/f/index/forumpark?cn=时尚人物&ci=0&pcn=娱乐明星&pci=0&ct=1&rn=20&pn=1
2017-09-16 15:59:32,207 - [root:63] - INFO - procotol:http, hostname:www.hao123.com, new_link:/api/ajax?menu=xyx_kp
2017-09-16 15:59:32,208 - [root:63] - INFO - procotol:http, hostname:www.baidu.com, new_link:right.html
2017-09-16 15:59:32,211 - [root:63] - INFO - procotol:http, hostname:news.baidu.com, new_link:javascript:void(0)
2017-09-16 15:59:32,220 - [root:63] - INFO - procotol:http, hostname:jianyi.baidu.com, new_link:/question?prod_id=92
2017-09-16 15:59:32,257 - [root:63] - INFO - procotol:http, hostname:tieba.baidu.com, new_link:/f/index/forumpark?cn=欧美明星&ci=0&pcn=娱乐明星&pci=0&ct=1&rn=20&pn=1
2017-09-16 15:59:32,260 - [root:63] - INFO - procotol:http, hostname:www.hao123.com, new_link:/api/ajax?menu=tejia_kp
2017-09-16 15:59:32,268 - [root:63] - INFO - procotol:http, hostname:www.baidu.com, new_link:yinsiquan.html
2017-09-16 15:59:32,310 - [root:63] - INFO - procotol:http, hostname:jianyi.baidu.com, new_link:/question?prod_id=24
2017-09-16 15:59:32,363 - [root:63] - INFO - procotol:http, hostname:news.baidu.com, new_link:javascript:void(0)
2017-09-16 15:59:32,393 - [root:63] - INFO - procotol:http, hostname:tieba.baidu.com, new_link:/f/index/forumpark?cn=主持人&ci=0&pcn=娱乐明星&pci=0&ct=1&rn=20&pn=1
2017-09-16 15:59:32,419 - [root:63] - INFO - procotol:http, hostname:www.hao123.com, new_link:/api/ajax?menu=travel_kp
2017-09-16 15:59:32,463 - [root:63] - INFO - procotol:http, hostname:www.baidu.com, new_link:baozhang.html
2017-09-16 15:59:32,464 - [root:45] - INFO - url http://ir.baidu.com is not match
2017-09-16 15:59:32,544 - [root:63] - INFO - procotol:http, hostname:jianyi.baidu.com, new_link:/question?prod_id=24
2017-09-16 15:59:32,561 - [root:63] - INFO - procotol:http, hostname:www.hao123.com, new_link:/api/ajax?menu=auto_kp
2017-09-16 15:59:32,620 - [root:63] - INFO - procotol:http, hostname:tieba.baidu.com, new_link:/f/index/forumpark?cn=其他娱乐明星&ci=0&pcn=娱乐明星&pci=0&ct=1&rn=20&pn=1
2017-09-16 15:59:32,638 - [root:63] - INFO - procotol:http, hostname:news.baidu.com, new_link:javascript:void(0)
2017-09-16 15:59:32,642 - [root:63] - INFO - procotol:http, hostname:jianyi.baidu.com, new_link:/question?prod_id=113
2017-09-16 15:59:32,645 - [requests.packages.urllib3.connectionpool:207] - DEBUG - Starting new HTTP connection (1): www.baidu.com
2017-09-16 15:59:32,640 - [root:63] - INFO - procotol:http, hostname:www.baidu.com, new_link:index.html
2017-09-16 15:59:32,648 - [root:63] - INFO - procotol:http, hostname:www.hao123.com, new_link:/api/gettop/?t0=1
2017-09-16 15:59:32,651 - [root:63] - INFO - procotol:http, hostname:news.baidu.com, new_link:/n?cmd=6&loc=0&name=%B8%DB%B0%C4%CC%A8&locname=%B8%DB%B0%C4%CC%A8
2017-09-16 15:59:32,653 - [root:63] - INFO - procotol:http, hostname:jianyi.baidu.com, new_link:/question?prod_id=113
2017-09-16 15:59:32,654 - [root:63] - INFO - procotol:http, hostname:tieba.baidu.com, new_link:/f/index/forumpark?pcn=电视节目&pci=0&ct=1&rn=20&pn=1
2017-09-16 15:59:32,659 - [root:63] - INFO - procotol:http, hostname:www.hao123.com, new_link:/api/gettop/?t0=2
2017-09-16 15:59:32,660 - [root:45] - INFO - url http://www.baidu.com/duty/ is not match
2017-09-16 15:59:32,663 - [root:63] - INFO - procotol:http, hostname:news.baidu.com, new_link:javascript:;
2017-09-16 15:59:32,665 - [root:63] - INFO - procotol:http, hostname:jianyi.baidu.com, new_link:/question?prod_id=16
2017-09-16 15:59:32,667 - [root:63] - INFO - procotol:http, hostname:tieba.baidu.com, new_link:/f/index/forumpark?cn=内地综艺&ci=0&pcn=电视节目&pci=0&ct=1&rn=20&pn=1
2017-09-16 15:59:32,670 - [root:63] - INFO - procotol:http, hostname:www.hao123.com, new_link:/api/gettop/?t0=3
2017-09-16 15:59:32,671 - [root:63] - INFO - procotol:http, hostname:news.baidu.com, new_link:javascript:;
2017-09-16 15:59:32,672 - [root:63] - INFO - procotol:http, hostname:jianyi.baidu.com, new_link:/question?prod_id=16
2017-09-16 15:59:32,673 - [root:63] - INFO - procotol:http, hostname:tieba.baidu.com, new_link:/f/index/forumpark?cn=台湾综艺&ci=0&pcn=电视节目&pci=0&ct=1&rn=20&pn=1
2017-09-16 15:59:32,676 - [root:63] - INFO - procotol:http, hostname:www.hao123.com, new_link:/api/gettop/?t0=4
2017-09-16 15:59:32,677 - [root:63] - INFO - procotol:http, hostname:news.baidu.com, new_link:javascript:;
2017-09-16 15:59:32,677 - [requests.packages.urllib3.connectionpool:395] - DEBUG - http://www.baidu.com:80 "GET /bdorz/login.gif?login&tpl=mn&u=http%3A%2F%2Fwww.baidu.com%2f%3fbdorz_come%3d1 HTTP/1.1" 302 161
2017-09-16 15:59:32,679 - [root:63] - INFO - procotol:http, hostname:jianyi.baidu.com, new_link:/question?prod_id=12
2017-09-16 15:59:32,680 - [root:63] - INFO - procotol:http, hostname:tieba.baidu.com, new_link:/f/index/forumpark?cn=韩国综艺&ci=0&pcn=电视节目&pci=0&ct=1&rn=20&pn=1
2017-09-16 15:59:32,682 - [root:63] - INFO - procotol:http, hostname:www.hao123.com, new_link:javascript:void(0);
2017-09-16 15:59:32,688 - [root:63] - INFO - procotol:http, hostname:news.baidu.com, new_link:javascript:;
2017-09-16 15:59:32,743 - [root:63] - INFO - procotol:http, hostname:jianyi.baidu.com, new_link:/question?prod_id=12
2017-09-16 15:59:32,743 - [requests.packages.urllib3.connectionpool:818] - DEBUG - Starting new HTTPS connection (1): passport.baidu.com
2017-09-16 15:59:32,743 - [root:63] - INFO - procotol:http, hostname:tieba.baidu.com, new_link:/f/index/forumpark?cn=时尚·生活服务&ci=0&pcn=电视节目&pci=0&ct=1&rn=20&pn=1
2017-09-16 15:59:32,744 - [root:63] - INFO - procotol:http, hostname:www.hao123.com, new_link:javascript:void(0);
2017-09-16 15:59:32,774 - [root:63] - INFO - procotol:http, hostname:jianyi.baidu.com, new_link:/question?prod_id=10
2017-09-16 15:59:32,779 - [root:63] - INFO - procotol:http, hostname:tieba.baidu.com, new_link:/f/index/forumpark?cn=体育运动·健身&ci=0&pcn=电视节目&pci=0&ct=1&rn=20&pn=1
2017-09-16 15:59:32,802 - [root:63] - INFO - procotol:http, hostname:www.hao123.com, new_link:javascript:void(0);
2017-09-16 15:59:32,812 - [root:63] - INFO - procotol:http, hostname:jianyi.baidu.com, new_link:/question?prod_id=10
2017-09-16 15:59:32,813 - [root:63] - INFO - procotol:http, hostname:tieba.baidu.com, new_link:/f/index/forumpark?cn=财经·职场&ci=0&pcn=电视节目&pci=0&ct=1&rn=20&pn=1
2017-09-16 15:59:32,833 - [root:63] - INFO - procotol:http, hostname:tieba.baidu.com, new_link:/f/index/forumpark?cn=新闻资讯&ci=0&pcn=电视节目&pci=0&ct=1&rn=20&pn=1
2017-09-16 15:59:32,834 - [root:63] - INFO - procotol:http, hostname:jianyi.baidu.com, new_link:/question?prod_id=3
2017-09-16 15:59:32,835 - [root:63] - INFO - procotol:http, hostname:tieba.baidu.com, new_link:/f/index/forumpark?cn=电视台及频道&ci=0&pcn=电视节目&pci=0&ct=1&rn=20&pn=1
2017-09-16 15:59:32,836 - [root:63] - INFO - procotol:http, hostname:jianyi.baidu.com, new_link:/question?prod_id=3
2017-09-16 15:59:32,836 - [root:63] - INFO - procotol:http, hostname:tieba.baidu.com, new_link:/f/index/forumpark?pcn=电视剧&pci=0&ct=1&rn=20&pn=1
2017-09-16 15:59:32,837 - [root:63] - INFO - procotol:http, hostname:jianyi.baidu.com, new_link:/question?prod_id=9
2017-09-16 15:59:32,840 - [root:63] - INFO - procotol:http, hostname:tieba.baidu.com, new_link:/f/index/forumpark?cn=韩国电视剧&ci=0&pcn=电视剧&pci=0&ct=1&rn=20&pn=1
2017-09-16 15:59:32,842 - [root:63] - INFO - procotol:http, hostname:jianyi.baidu.com, new_link:/question?prod_id=9
2017-09-16 15:59:32,845 - [root:63] - INFO - procotol:http, hostname:tieba.baidu.com, new_link:/f/index/forumpark?cn=香港电视剧&ci=0&pcn=电视剧&pci=0&ct=1&rn=20&pn=1
2017-09-16 15:59:32,848 - [root:63] - INFO - procotol:http, hostname:jianyi.baidu.com, new_link:/question?prod_id=17
2017-09-16 15:59:32,852 - [root:63] - INFO - procotol:http, hostname:tieba.baidu.com, new_link:/f/index/forumpark?cn=美剧&ci=0&pcn=电视剧&pci=0&ct=1&rn=20&pn=1
2017-09-16 15:59:32,855 - [root:63] - INFO - procotol:http, hostname:jianyi.baidu.com, new_link:/question?prod_id=17
2017-09-16 15:59:32,857 - [root:63] - INFO - procotol:http, hostname:tieba.baidu.com, new_link:/f/index/forumpark?cn=日本电视剧&ci=0&pcn=电视剧&pci=0&ct=1&rn=20&pn=1
2017-09-16 15:59:32,858 - [root:63] - INFO - procotol:http, hostname:jianyi.baidu.com, new_link:/question?prod_id=31
2017-09-16 15:59:32,859 - [root:63] - INFO - procotol:http, hostname:tieba.baidu.com, new_link:/f/index/forumpark?cn=内地电视剧&ci=0&pcn=电视剧&pci=0&ct=1&rn=20&pn=1
2017-09-16 15:59:32,867 - [root:63] - INFO - procotol:http, hostname:jianyi.baidu.com, new_link:/question?prod_id=31
2017-09-16 15:59:32,867 - [root:63] - INFO - procotol:http, hostname:tieba.baidu.com, new_link:/f/index/forumpark?cn=台湾电视剧&ci=0&pcn=电视剧&pci=0&ct=1&rn=20&pn=1
2017-09-16 15:59:32,871 - [root:63] - INFO - procotol:http, hostname:jianyi.baidu.com, new_link:/question?prod_id=13
2017-09-16 15:59:32,874 - [root:63] - INFO - procotol:http, hostname:tieba.baidu.com, new_link:/f/index/forumpark?cn=东南亚电视剧&ci=0&pcn=电视剧&pci=0&ct=1&rn=20&pn=1
2017-09-16 15:59:32,875 - [root:63] - INFO - procotol:http, hostname:jianyi.baidu.com, new_link:/question?prod_id=13
2017-09-16 15:59:32,882 - [root:63] - INFO - procotol:http, hostname:tieba.baidu.com, new_link:/f/index/forumpark?cn=其他地区电视剧&ci=0&pcn=电视剧&pci=0&ct=1&rn=20&pn=1
2017-09-16 15:59:32,883 - [root:63] - INFO - procotol:http, hostname:jianyi.baidu.com, new_link:/question?prod_id=117
2017-09-16 15:59:32,887 - [root:63] - INFO - procotol:http, hostname:tieba.baidu.com, new_link:/f/index/forumpark?pcn=电影&pci=0&ct=1&rn=20&pn=1
2017-09-16 15:59:32,887 - [root:63] - INFO - procotol:http, hostname:jianyi.baidu.com, new_link:/question?prod_id=117
2017-09-16 15:59:32,890 - [root:63] - INFO - procotol:http, hostname:tieba.baidu.com, new_link:/f/index/forumpark?cn=香港电影&ci=0&pcn=电影&pci=0&ct=1&rn=20&pn=1
2017-09-16 15:59:32,893 - [root:63] - INFO - procotol:http, hostname:jianyi.baidu.com, new_link:/question?prod_id=27
2017-09-16 15:59:32,896 - [root:63] - INFO - procotol:http, hostname:tieba.baidu.com, new_link:/f/index/forumpark?cn=欧美电影&ci=0&pcn=电影&pci=0&ct=1&rn=20&pn=1
2017-09-16 15:59:32,898 - [root:63] - INFO - procotol:http, hostname:jianyi.baidu.com, new_link:/question?prod_id=27
2017-09-16 15:59:32,898 - [root:63] - INFO - procotol:http, hostname:tieba.baidu.com, new_link:/f/index/forumpark?cn=内地电影&ci=0&pcn=电影&pci=0&ct=1&rn=20&pn=1
2017-09-16 15:59:32,899 - [root:63] - INFO - procotol:http, hostname:jianyi.baidu.com, new_link:/question?prod_id=147
2017-09-16 15:59:32,899 - [root:63] - INFO - procotol:http, hostname:tieba.baidu.com, new_link:/f/index/forumpark?cn=韩国电影&ci=0&pcn=电影&pci=0&ct=1&rn=20&pn=1
2017-09-16 15:59:32,901 - [root:63] - INFO - procotol:http, hostname:jianyi.baidu.com, new_link:/question?prod_id=147
2017-09-16 15:59:32,904 - [root:63] - INFO - procotol:http, hostname:tieba.baidu.com, new_link:/f/index/forumpark?cn=日本电影&ci=0&pcn=电影&pci=0&ct=1&rn=20&pn=1
2017-09-16 15:59:32,904 - [root:63] - INFO - procotol:http, hostname:jianyi.baidu.com, new_link:/question?prod_id=25
2017-09-16 15:59:32,905 - [root:63] - INFO - procotol:http, hostname:tieba.baidu.com, new_link:/f/index/forumpark?cn=台湾电影&ci=0&pcn=电影&pci=0&ct=1&rn=20&pn=1
2017-09-16 15:59:32,910 - [root:63] - INFO - procotol:http, hostname:jianyi.baidu.com, new_link:/question?prod_id=25
2017-09-16 15:59:32,910 - [root:63] - INFO - procotol:http, hostname:tieba.baidu.com, new_link:/f/index/forumpark?cn=电影话题&ci=0&pcn=电影&pci=0&ct=1&rn=20&pn=1
2017-09-16 15:59:32,913 - [root:63] - INFO - procotol:http, hostname:jianyi.baidu.com, new_link:/question?prod_id=29
2017-09-16 15:59:32,915 - [root:63] - INFO - procotol:http, hostname:tieba.baidu.com, new_link:/f/index/forumpark?cn=东南亚电影&ci=0&pcn=电影&pci=0&ct=1&rn=20&pn=1
2017-09-16 15:59:32,916 - [root:63] - INFO - procotol:http, hostname:jianyi.baidu.com, new_link:/question?prod_id=29
2017-09-16 15:59:32,916 - [root:63] - INFO - procotol:http, hostname:tieba.baidu.com, new_link:/f/index/forumpark?pcn=体育迷&pci=275&ct=0&rn=20&pn=1
2017-09-16 15:59:32,917 - [root:63] - INFO - procotol:http, hostname:jianyi.baidu.com, new_link:/question?prod_id=176
2017-09-16 15:59:32,918 - [root:63] - INFO - procotol:http, hostname:tieba.baidu.com, new_link:/f/index/forumpark?cn=足球&ci=276&pcn=体育迷&pci=275&ct=0&rn=20&pn=1
2017-09-16 15:59:32,926 - [root:63] - INFO - procotol:http, hostname:jianyi.baidu.com, new_link:/question?prod_id=176
2017-09-16 15:59:32,926 - [root:63] - INFO - procotol:http, hostname:tieba.baidu.com, new_link:/f/index/forumpark?cn=篮球&ci=277&pcn=体育迷&pci=275&ct=0&rn=20&pn=1
2017-09-16 15:59:32,927 - [root:63] - INFO - procotol:http, hostname:jianyi.baidu.com, new_link:/question?prod_id=131
2017-09-16 15:59:32,928 - [root:63] - INFO - procotol:http, hostname:tieba.baidu.com, new_link:/f/index/forumpark?cn=NBA&ci=278&pcn=体育迷&pci=275&ct=0&rn=20&pn=1
2017-09-16 15:59:32,928 - [root:63] - INFO - procotol:http, hostname:jianyi.baidu.com, new_link:/question?prod_id=131
2017-09-16 15:59:32,929 - [requests.packages.urllib3.connectionpool:395] - DEBUG - https://passport.baidu.com:443 "GET /v2/?login&tpl=mn&u=http%3A%2F%2Fwww.baidu.com%2f%3fbdorz_come%3d1 HTTP/1.1" 200 None
2017-09-16 15:59:32,942 - [root:63] - INFO - procotol:http, hostname:tieba.baidu.com, new_link:/f/index/forumpark?cn=CBA&ci=279&pcn=体育迷&pci=275&ct=0&rn=20&pn=1
2017-09-16 15:59:32,943 - [root:63] - INFO - procotol:http, hostname:jianyi.baidu.com, new_link:/question?prod_id=95
2017-09-16 15:59:32,954 - [root:63] - INFO - procotol:http, hostname:tieba.baidu.com, new_link:/f/index/forumpark?cn=乒乓球&ci=280&pcn=体育迷&pci=275&ct=0&rn=20&pn=1
2017-09-16 15:59:32,957 - [root:63] - INFO - procotol:http, hostname:jianyi.baidu.com, new_link:/question?prod_id=95
2017-09-16 15:59:32,957 - [root:63] - INFO - procotol:http, hostname:tieba.baidu.com, new_link:/f/index/forumpark?cn=网球&ci=281&pcn=体育迷&pci=275&ct=0&rn=20&pn=1
2017-09-16 15:59:32,970 - [root:63] - INFO - procotol:http, hostname:jianyi.baidu.com, new_link:/question?prod_id=60
2017-09-16 15:59:32,970 - [root:63] - INFO - procotol:http, hostname:tieba.baidu.com, new_link:/f/index/forumpark?cn=舞蹈&ci=283&pcn=体育迷&pci=275&ct=0&rn=20&pn=1
2017-09-16 15:59:32,980 - [root:63] - INFO - procotol:http, hostname:jianyi.baidu.com, new_link:/question?prod_id=60
2017-09-16 15:59:32,982 - [root:63] - INFO - procotol:http, hostname:tieba.baidu.com, new_link:/f/index/forumpark?cn=健身&ci=284&pcn=体育迷&pci=275&ct=0&rn=20&pn=1
2017-09-16 15:59:32,983 - [root:63] - INFO - procotol:http, hostname:jianyi.baidu.com, new_link:/question?prod_id=64
2017-09-16 15:59:32,983 - [root:63] - INFO - procotol:http, hostname:tieba.baidu.com, new_link:/f/index/forumpark?pcn=小说&pci=161&ct=0&rn=20&pn=1
2017-09-16 15:59:32,984 - [root:63] - INFO - procotol:http, hostname:jianyi.baidu.com, new_link:/question?prod_id=64
2017-09-16 15:59:32,987 - [root:45] - INFO - url http://news.baidu.com is not match
2017-09-16 15:59:32,988 - [root:63] - INFO - procotol:http, hostname:tieba.baidu.com, new_link:/f/index/forumpark?cn=奇幻&ci=403&pcn=小说&pci=161&ct=0&rn=20&pn=1
2017-09-16 15:59:32,988 - [root:63] - INFO - procotol:http, hostname:jianyi.baidu.com, new_link:/question?prod_id=62
2017-09-16 15:59:32,991 - [root:63] - INFO - procotol:http, hostname:tieba.baidu.com, new_link:/f/index/forumpark?cn=言情&ci=177&pcn=小说&pci=161&ct=0&rn=20&pn=1
2017-09-16 15:59:33,000 - [root:63] - INFO - procotol:http, hostname:jianyi.baidu.com, new_link:/question?prod_id=62
2017-09-16 15:59:33,000 - [root:63] - INFO - procotol:http, hostname:tieba.baidu.com, new_link:/f/index/forumpark?cn=灵异&ci=404&pcn=小说&pci=161&ct=0&rn=20&pn=1
2017-09-16 15:59:33,001 - [root:63] - INFO - procotol:http, hostname:jianyi.baidu.com, new_link:/question?prod_id=98
2017-09-16 15:59:33,002 - [root:63] - INFO - procotol:http, hostname:tieba.baidu.com, new_link:/f/index/forumpark?cn=穿越&ci=162&pcn=小说&pci=161&ct=0&rn=20&pn=1
2017-09-16 15:59:33,002 - [root:63] - INFO - procotol:http, hostname:jianyi.baidu.com, new_link:/question?prod_id=98
2017-09-16 15:59:33,003 - [root:63] - INFO - procotol:http, hostname:tieba.baidu.com, new_link:/f/index/forumpark?cn=连载&ci=169&pcn=小说&pci=161&ct=0&rn=20&pn=1
2017-09-16 15:59:33,003 - [root:45] - INFO - url http://www.baidu.com/bdorz/login.gif?login&tpl=mn&u=http%3A%2F%2Fwww.baidu.com%2f%3fbdorz_come%3d1 is not match
2017-09-16 15:59:33,005 - [root:63] - INFO - procotol:http, hostname:jianyi.baidu.com, new_link:/question?prod_id=99
2017-09-16 15:59:33,006 - [root:63] - INFO - procotol:http, hostname:tieba.baidu.com, new_link:/f/index/forumpark?cn=修真&ci=412&pcn=小说&pci=161&ct=0&rn=20&pn=1
2017-09-16 15:59:33,009 - [root:63] - INFO - procotol:http, hostname:jianyi.baidu.com, new_link:/question?prod_id=99
2017-09-16 15:59:33,011 - [root:63] - INFO - procotol:http, hostname:jianyi.baidu.com, new_link:/question?prod_id=100
2017-09-16 15:59:33,011 - [root:63] - INFO - procotol:http, hostname:tieba.baidu.com, new_link:/f/index/forumpark?cn=历史&ci=121&pcn=小说&pci=161&ct=0&rn=20&pn=1
2017-09-16 15:59:33,012 - [root:63] - INFO - procotol:http, hostname:jianyi.baidu.com, new_link:/question?prod_id=100
2017-09-16 15:59:33,012 - [root:63] - INFO - procotol:http, hostname:tieba.baidu.com, new_link:/f/index/forumpark?cn=架空文&ci=409&pcn=小说&pci=161&ct=0&rn=20&pn=1
2017-09-16 15:59:33,013 - [root:63] - INFO - procotol:http, hostname:jianyi.baidu.com, new_link:/question?prod_id=66
2017-09-16 15:59:33,013 - [root:63] - INFO - procotol:http, hostname:tieba.baidu.com, new_link:/f/index/forumpark?pcn=生活家&pci=214&ct=0&rn=20&pn=1
2017-09-16 15:59:33,014 - [root:63] - INFO - procotol:http, hostname:jianyi.baidu.com, new_link:/question?prod_id=66
2017-09-16 15:59:33,016 - [root:63] - INFO - procotol:http, hostname:tieba.baidu.com, new_link:/f/index/forumpark?cn=小而美&ci=244&pcn=生活家&pci=214&ct=0&rn=20&pn=1
2017-09-16 15:59:33,016 - [root:63] - INFO - procotol:http, hostname:jianyi.baidu.com, new_link:/question?prod_id=102
2017-09-16 15:59:33,017 - [root:63] - INFO - procotol:http, hostname:tieba.baidu.com, new_link:/f/index/forumpark?cn=DIY&ci=72&pcn=生活家&pci=214&ct=0&rn=20&pn=1
2017-09-16 15:59:33,017 - [root:63] - INFO - procotol:http, hostname:jianyi.baidu.com, new_link:/question?prod_id=102
2017-09-16 15:59:33,022 - [root:63] - INFO - procotol:http, hostname:tieba.baidu.com, new_link:/f/index/forumpark?cn=美食&ci=380&pcn=生活家&pci=214&ct=0&rn=20&pn=1
2017-09-16 15:59:33,024 - [root:63] - INFO - procotol:http, hostname:jianyi.baidu.com, new_link:/question?prod_id=120
2017-09-16 15:59:33,024 - [root:63] - INFO - procotol:http, hostname:tieba.baidu.com, new_link:/f/index/forumpark?cn=摄影&ci=82&pcn=生活家&pci=214&ct=0&rn=20&pn=1
2017-09-16 15:59:33,027 - [root:63] - INFO - procotol:http, hostname:jianyi.baidu.com, new_link:/question?prod_id=120
2017-09-16 15:59:33,034 - [root:45] - INFO - url http://www.hao123.com is not match
2017-09-16 15:59:33,035 - [root:63] - INFO - procotol:http, hostname:jianyi.baidu.com, new_link:/question?prod_id=59
2017-09-16 15:59:33,037 - [root:63] - INFO - procotol:http, hostname:tieba.baidu.com, new_link:/f/index/forumpark?cn=旅行&ci=92&pcn=生活家&pci=214&ct=0&rn=20&pn=1
2017-09-16 15:59:33,039 - [root:63] - INFO - procotol:http, hostname:jianyi.baidu.com, new_link:/question?prod_id=59
2017-09-16 15:59:33,041 - [root:63] - INFO - procotol:http, hostname:tieba.baidu.com, new_link:/f/index/forumpark?cn=变美&ci=520&pcn=生活家&pci=214&ct=0&rn=20&pn=1
2017-09-16 15:59:33,042 - [root:63] - INFO - procotol:http, hostname:jianyi.baidu.com, new_link:/question?prod_id=40
2017-09-16 15:59:33,043 - [root:63] - INFO - procotol:http, hostname:tieba.baidu.com, new_link:/f/index/forumpark?cn=留学移民&ci=521&pcn=生活家&pci=214&ct=0&rn=20&pn=1
2017-09-16 15:59:33,045 - [root:63] - INFO - procotol:http, hostname:jianyi.baidu.com, new_link:/question?prod_id=40
2017-09-16 15:59:33,047 - [root:63] - INFO - procotol:http, hostname:tieba.baidu.com, new_link:/f/index/forumpark?cn=文玩&ci=522&pcn=生活家&pci=214&ct=0&rn=20&pn=1
2017-09-16 15:59:33,049 - [root:63] - INFO - procotol:http, hostname:jianyi.baidu.com, new_link:/question?prod_id=103
2017-09-16 15:59:33,051 - [root:63] - INFO - procotol:http, hostname:tieba.baidu.com, new_link:/f/index/forumpark?pcn=闲·趣&pci=429&ct=0&rn=20&pn=1
2017-09-16 15:59:33,057 - [root:63] - INFO - procotol:http, hostname:jianyi.baidu.com, new_link:/question?prod_id=103
2017-09-16 15:59:33,059 - [root:63] - INFO - procotol:http, hostname:tieba.baidu.com, new_link:/f/index/forumpark?cn=萌宠&ci=4&pcn=闲·趣&pci=429&ct=0&rn=20&pn=1
2017-09-16 15:59:33,060 - [root:63] - INFO - procotol:http, hostname:jianyi.baidu.com, new_link:/question?prod_id=41
2017-09-16 15:59:33,062 - [root:63] - INFO - procotol:http, hostname:tieba.baidu.com, new_link:/f/index/forumpark?cn=萝莉&ci=6&pcn=闲·趣&pci=429&ct=0&rn=20&pn=1
2017-09-16 15:59:33,070 - [root:63] - INFO - procotol:http, hostname:jianyi.baidu.com, new_link:/question?prod_id=41
2017-09-16 15:59:33,073 - [root:63] - INFO - procotol:http, hostname:jianyi.baidu.com, new_link:/question?prod_id=150
2017-09-16 15:59:33,073 - [root:63] - INFO - procotol:http, hostname:tieba.baidu.com, new_link:/f/index/forumpark?cn=重口味&ci=257&pcn=闲·趣&pci=429&ct=0&rn=20&pn=1
2017-09-16 15:59:33,084 - [root:63] - INFO - procotol:http, hostname:tieba.baidu.com, new_link:/f/index/forumpark?cn=吐槽&ci=152&pcn=闲·趣&pci=429&ct=0&rn=20&pn=1
2017-09-16 15:59:33,084 - [root:63] - INFO - procotol:http, hostname:tieba.baidu.com, new_link:/f/index/forumpark?cn=恐怖&ci=255&pcn=闲·趣&pci=429&ct=0&rn=20&pn=1
2017-09-16 15:59:33,085 - [root:63] - INFO - procotol:http, hostname:tieba.baidu.com, new_link:/f/index/forumpark?cn=星座&ci=263&pcn=闲·趣&pci=429&ct=0&rn=20&pn=1
2017-09-16 15:59:33,074 - [root:63] - INFO - procotol:http, hostname:jianyi.baidu.com, new_link:/question?prod_id=150
2017-09-16 15:59:33,085 - [root:63] - INFO - procotol:http, hostname:tieba.baidu.com, new_link:/f/index/forumpark?cn=爆料&ci=42&pcn=闲·趣&pci=429&ct=0&rn=20&pn=1
2017-09-16 15:59:33,087 - [root:63] - INFO - procotol:http, hostname:tieba.baidu.com, new_link:/f/index/forumpark?cn=喵星人&ci=5&pcn=闲·趣&pci=429&ct=0&rn=20&pn=1
2017-09-16 15:59:33,087 - [root:63] - INFO - procotol:http, hostname:jianyi.baidu.com, new_link:/question?prod_id=167
2017-09-16 15:59:33,087 - [root:63] - INFO - procotol:http, hostname:tieba.baidu.com, new_link:/f/index/forumpark?pcn=游戏&pci=0&ct=1&rn=20&pn=1
2017-09-16 15:59:33,089 - [root:63] - INFO - procotol:http, hostname:tieba.baidu.com, new_link:/f/index/forumpark?cn=客户端网游&ci=0&pcn=游戏&pci=0&ct=1&rn=20&pn=1
2017-09-16 15:59:33,088 - [root:63] - INFO - procotol:http, hostname:jianyi.baidu.com, new_link:/question?prod_id=167
2017-09-16 15:59:33,090 - [root:63] - INFO - procotol:http, hostname:jianyi.baidu.com, new_link:/question?prod_id=200
2017-09-16 15:59:33,090 - [root:63] - INFO - procotol:http, hostname:jianyi.baidu.com, new_link:/question?prod_id=200
2017-09-16 15:59:33,089 - [root:63] - INFO - procotol:http, hostname:tieba.baidu.com, new_link:/f/index/forumpark?cn=桌游&ci=0&pcn=游戏&pci=0&ct=1&rn=20&pn=1
2017-09-16 15:59:33,093 - [root:63] - INFO - procotol:http, hostname:tieba.baidu.com, new_link:/f/index/forumpark?cn=游戏角色&ci=0&pcn=游戏&pci=0&ct=1&rn=20&pn=1
2017-09-16 15:59:33,091 - [root:63] - INFO - procotol:http, hostname:jianyi.baidu.com, new_link:/question?prod_id=28
2017-09-16 15:59:33,094 - [root:63] - INFO - procotol:http, hostname:jianyi.baidu.com, new_link:/question?prod_id=28
2017-09-16 15:59:33,094 - [root:63] - INFO - procotol:http, hostname:jianyi.baidu.com, new_link:/question?prod_id=26
2017-09-16 15:59:33,093 - [root:63] - INFO - procotol:http, hostname:tieba.baidu.com, new_link:/f/index/forumpark?cn=网页版网游&ci=0&pcn=游戏&pci=0&ct=1&rn=20&pn=1
2017-09-16 15:59:33,095 - [root:63] - INFO - procotol:http, hostname:tieba.baidu.com, new_link:/f/index/forumpark?cn=手机游戏&ci=0&pcn=游戏&pci=0&ct=1&rn=20&pn=1
2017-09-16 15:59:33,095 - [root:63] - INFO - procotol:http, hostname:tieba.baidu.com, new_link:/f/index/forumpark?cn=小游戏&ci=0&pcn=游戏&pci=0&ct=1&rn=20&pn=1
2017-09-16 15:59:33,095 - [root:63] - INFO - procotol:http, hostname:tieba.baidu.com, new_link:/f/index/forumpark?cn=单机游戏&ci=0&pcn=游戏&pci=0&ct=1&rn=20&pn=1
2017-09-16 15:59:33,094 - [root:63] - INFO - procotol:http, hostname:jianyi.baidu.com, new_link:/question?prod_id=26
2017-09-16 15:59:33,113 - [root:63] - INFO - procotol:http, hostname:jianyi.baidu.com, new_link:/question?prod_id=15
2017-09-16 15:59:33,113 - [root:63] - INFO - procotol:http, hostname:jianyi.baidu.com, new_link:/question?prod_id=15
2017-09-16 15:59:33,113 - [root:63] - INFO - procotol:http, hostname:jianyi.baidu.com, new_link:/question?prod_id=23
2017-09-16 15:59:33,114 - [root:63] - INFO - procotol:http, hostname:jianyi.baidu.com, new_link:/question?prod_id=23
2017-09-16 15:59:33,114 - [root:63] - INFO - procotol:http, hostname:jianyi.baidu.com, new_link:/question?prod_id=61
2017-09-16 15:59:33,114 - [root:63] - INFO - procotol:http, hostname:jianyi.baidu.com, new_link:/question?prod_id=61
2017-09-16 15:59:33,115 - [root:63] - INFO - procotol:http, hostname:jianyi.baidu.com, new_link:/question?prod_id=170
2017-09-16 15:59:33,109 - [root:63] - INFO - procotol:http, hostname:tieba.baidu.com, new_link:/f/index/forumpark?cn=掌机游戏&ci=0&pcn=游戏&pci=0&ct=1&rn=20&pn=1
2017-09-16 15:59:33,115 - [root:63] - INFO - procotol:http, hostname:tieba.baidu.com, new_link:/f/index/forumpark?pcn=动漫宅&pci=206&ct=0&rn=20&pn=1
2017-09-16 15:59:33,116 - [root:63] - INFO - procotol:http, hostname:tieba.baidu.com, new_link:/f/index/forumpark?cn=日本动漫&ci=312&pcn=动漫宅&pci=206&ct=0&rn=20&pn=1
2017-09-16 15:59:33,116 - [root:63] - INFO - procotol:http, hostname:tieba.baidu.com, new_link:/f/index/forumpark?cn=国产动漫&ci=313&pcn=动漫宅&pci=206&ct=0&rn=20&pn=1
2017-09-16 15:59:33,115 - [root:63] - INFO - procotol:http, hostname:jianyi.baidu.com, new_link:/question?prod_id=170
2017-09-16 15:59:33,117 - [root:63] - INFO - procotol:http, hostname:tieba.baidu.com, new_link:/f/index/forumpark?cn=欧美动漫&ci=314&pcn=动漫宅&pci=206&ct=0&rn=20&pn=1
2017-09-16 15:59:33,117 - [root:63] - INFO - procotol:http, hostname:jianyi.baidu.com, new_link:/zhifu
2017-09-16 15:59:33,142 - [root:63] - INFO - procotol:http, hostname:tieba.baidu.com, new_link:/f/index/forumpark?cn=搞笑漫画&ci=319&pcn=动漫宅&pci=206&ct=0&rn=20&pn=1
2017-09-16 15:59:33,143 - [root:63] - INFO - procotol:http, hostname:tieba.baidu.com, new_link:/f/index/forumpark?cn=热血动漫&ci=323&pcn=动漫宅&pci=206&ct=0&rn=20&pn=1
2017-09-16 15:59:33,149 - [root:63] - INFO - procotol:http, hostname:tieba.baidu.com, new_link:/f/index/forumpark?cn=推理&ci=83&pcn=动漫宅&pci=206&ct=0&rn=20&pn=1
2017-09-16 15:59:33,166 - [root:63] - INFO - procotol:http, hostname:tieba.baidu.com, new_link:/f/index/forumpark?cn=声优&ci=210&pcn=动漫宅&pci=206&ct=0&rn=20&pn=1
2017-09-16 15:59:33,181 - [root:63] - INFO - procotol:http, hostname:tieba.baidu.com, new_link:/f/index/forumpark?cn=COS&ci=212&pcn=动漫宅&pci=206&ct=0&rn=20&pn=1
2017-09-16 15:59:33,227 - [root:63] - INFO - procotol:http, hostname:tieba.baidu.com, new_link:/f/index/forumpark?pcn=高等院校&pci=0&ct=1&rn=20&pn=1
2017-09-16 15:59:33,241 - [root:63] - INFO - procotol:http, hostname:tieba.baidu.com, new_link:/f/index/forumpark?cn=北京院校&ci=0&pcn=高等院校&pci=0&ct=1&rn=20&pn=1
2017-09-16 15:59:33,277 - [root:63] - INFO - procotol:http, hostname:tieba.baidu.com, new_link:/f/index/forumpark?cn=山东院校&ci=0&pcn=高等院校&pci=0&ct=1&rn=20&pn=1
2017-09-16 15:59:33,309 - [root:63] - INFO - procotol:http, hostname:tieba.baidu.com, new_link:/f/index/forumpark?cn=江苏院校&ci=0&pcn=高等院校&pci=0&ct=1&rn=20&pn=1
2017-09-16 15:59:33,316 - [root:45] - INFO - url http://jianyi.baidu.com/ is not match
2017-09-16 15:59:33,325 - [root:63] - INFO - procotol:http, hostname:tieba.baidu.com, new_link:/f/index/forumpark?cn=四川院校&ci=0&pcn=高等院校&pci=0&ct=1&rn=20&pn=1
2017-09-16 15:59:33,326 - [root:63] - INFO - procotol:http, hostname:tieba.baidu.com, new_link:/f/index/forumpark?cn=湖北院校&ci=0&pcn=高等院校&pci=0&ct=1&rn=20&pn=1
2017-09-16 15:59:33,329 - [root:63] - INFO - procotol:http, hostname:tieba.baidu.com, new_link:/f/index/forumpark?cn=河北院校&ci=0&pcn=高等院校&pci=0&ct=1&rn=20&pn=1
2017-09-16 15:59:33,330 - [root:63] - INFO - procotol:http, hostname:tieba.baidu.com, new_link:/f/index/forumpark?cn=安徽院校&ci=0&pcn=高等院校&pci=0&ct=1&rn=20&pn=1
2017-09-16 15:59:33,331 - [root:63] - INFO - procotol:http, hostname:tieba.baidu.com, new_link:/f/index/forumpark?cn=陕西院校&ci=0&pcn=高等院校&pci=0&ct=1&rn=20&pn=1
2017-09-16 15:59:33,331 - [root:63] - INFO - procotol:http, hostname:tieba.baidu.com, new_link:/f/index/forumpark?pcn=地区&pci=0&ct=1&rn=20&pn=1
2017-09-16 15:59:33,331 - [root:63] - INFO - procotol:http, hostname:tieba.baidu.com, new_link:/f/index/forumpark?cn=山东&ci=0&pcn=地区&pci=0&ct=1&rn=20&pn=1
2017-09-16 15:59:33,332 - [root:63] - INFO - procotol:http, hostname:tieba.baidu.com, new_link:/f/index/forumpark?cn=河北&ci=0&pcn=地区&pci=0&ct=1&rn=20&pn=1
2017-09-16 15:59:33,332 - [root:63] - INFO - procotol:http, hostname:tieba.baidu.com, new_link:/f/index/forumpark?cn=河南&ci=0&pcn=地区&pci=0&ct=1&rn=20&pn=1
2017-09-16 15:59:33,332 - [root:63] - INFO - procotol:http, hostname:tieba.baidu.com, new_link:/f/index/forumpark?cn=山西&ci=0&pcn=地区&pci=0&ct=1&rn=20&pn=1
2017-09-16 15:59:33,333 - [root:63] - INFO - procotol:http, hostname:tieba.baidu.com, new_link:/f/index/forumpark?cn=江苏&ci=0&pcn=地区&pci=0&ct=1&rn=20&pn=1
2017-09-16 15:59:33,335 - [root:63] - INFO - procotol:http, hostname:tieba.baidu.com, new_link:/f/index/forumpark?cn=辽宁&ci=0&pcn=地区&pci=0&ct=1&rn=20&pn=1
2017-09-16 15:59:33,338 - [root:63] - INFO - procotol:http, hostname:tieba.baidu.com, new_link:/f/index/forumpark?cn=四川&ci=0&pcn=地区&pci=0&ct=1&rn=20&pn=1
2017-09-16 15:59:33,342 - [root:63] - INFO - procotol:http, hostname:tieba.baidu.com, new_link:/f/index/forumpark?cn=广东&ci=0&pcn=地区&pci=0&ct=1&rn=20&pn=1
2017-09-16 15:59:33,344 - [root:63] - INFO - procotol:http, hostname:tieba.baidu.com, new_link:/f/index/forumpark?pcn=人文自然&pci=0&ct=1&rn=20&pn=1
2017-09-16 15:59:33,345 - [root:63] - INFO - procotol:http, hostname:tieba.baidu.com, new_link:/f/index/forumpark?cn=艺术&ci=0&pcn=人文自然&pci=0&ct=1&rn=20&pn=1
2017-09-16 15:59:33,345 - [root:63] - INFO - procotol:http, hostname:tieba.baidu.com, new_link:/f/index/forumpark?cn=军事&ci=0&pcn=人文自然&pci=0&ct=1&rn=20&pn=1
2017-09-16 15:59:33,345 - [root:63] - INFO - procotol:http, hostname:tieba.baidu.com, new_link:/f/index/forumpark?cn=历史&ci=0&pcn=人文自然&pci=0&ct=1&rn=20&pn=1
2017-09-16 15:59:33,346 - [root:63] - INFO - procotol:http, hostname:tieba.baidu.com, new_link:/f/index/forumpark?cn=自然&ci=0&pcn=人文自然&pci=0&ct=1&rn=20&pn=1
2017-09-16 15:59:33,346 - [root:63] - INFO - procotol:http, hostname:tieba.baidu.com, new_link:/f/index/forumpark?cn=鉴赏收藏&ci=0&pcn=人文自然&pci=0&ct=1&rn=20&pn=1
2017-09-16 15:59:33,346 - [root:63] - INFO - procotol:http, hostname:tieba.baidu.com, new_link:/f/index/forumpark?cn=民族文化&ci=0&pcn=人文自然&pci=0&ct=1&rn=20&pn=1
2017-09-16 15:59:33,347 - [root:63] - INFO - procotol:http, hostname:tieba.baidu.com, new_link:/f/index/forumpark?cn=语言文化&ci=0&pcn=人文自然&pci=0&ct=1&rn=20&pn=1
2017-09-16 15:59:33,382 - [root:63] - INFO - procotol:http, hostname:tieba.baidu.com, new_link:/f/index/forumclass
2017-09-16 15:59:33,383 - [root:63] - INFO - procotol:http, hostname:tieba.baidu.com, new_link:/f?kw=%E7%94%BB%E6%B1%9F%E6%B9%96%E4%B9%8B%E6%8D%A2%E4%B8%96%E9%97%A8%E7%94%9F
2017-09-16 15:59:33,383 - [root:63] - INFO - procotol:http, hostname:tieba.baidu.com, new_link:/f?kw=%E7%94%BB%E6%B1%9F%E6%B9%96%E4%B9%8B%E6%8D%A2%E4%B8%96%E9%97%A8%E7%94%9F
2017-09-16 15:59:33,383 - [root:63] - INFO - procotol:http, hostname:tieba.baidu.com, new_link:/f?kw=%E7%A5%9E%E9%AC%BC%E4%BC%A0%E5%A5%87%E6%89%8B%E6%B8%B8
2017-09-16 15:59:33,384 - [root:63] - INFO - procotol:http, hostname:tieba.baidu.com, new_link:/f?kw=%E7%A5%9E%E9%AC%BC%E4%BC%A0%E5%A5%87%E6%89%8B%E6%B8%B8
2017-09-16 15:59:33,384 - [root:63] - INFO - procotol:http, hostname:tieba.baidu.com, new_link:/f?kw=%E5%8F%9B%E9%80%86%E7%9A%84%E5%8B%92%E9%B2%81%E4%BB%80
2017-09-16 15:59:33,384 - [root:63] - INFO - procotol:http, hostname:tieba.baidu.com, new_link:/f?kw=%E5%8F%8D%E5%8F%9B%E7%9A%84%E9%B2%81%E8%B7%AF%E4%BF%AE
2017-09-16 15:59:33,385 - [root:63] - INFO - procotol:http, hostname:tieba.baidu.com, new_link:/f?kw=%E6%9E%A2%E6%9C%A8%E6%9C%B1%E9%9B%80
2017-09-16 15:59:33,385 - [root:63] - INFO - procotol:http, hostname:tieba.baidu.com, new_link:/f?kw=%E9%B2%81%E9%B2%81%E4%BF%AE
2017-09-16 15:59:33,385 - [root:63] - INFO - procotol:http, hostname:tieba.baidu.com, new_link:/f?kw=c.c.
2017-09-16 15:59:33,386 - [root:63] - INFO - procotol:http, hostname:tieba.baidu.com, new_link:/f?kw=%E5%8D%A1%E8%8E%B2.%E4%BC%91%E5%A6%B2%E8%8F%B2%E5%B0%94%E7%89%B9
2017-09-16 15:59:33,386 - [root:63] - INFO - procotol:http, hostname:tieba.baidu.com, new_link:/f?kw=%E5%A4%8D%E6%B4%BB%E7%9A%84%E9%B2%81%E9%B2%81%E4%BF%AE
2017-09-16 15:59:33,386 - [root:63] - INFO - procotol:http, hostname:tieba.baidu.com, new_link:/f?kw=%E9%B2%81%E8%B7%AF%E4%BF%AE
2017-09-16 15:59:33,387 - [root:63] - INFO - procotol:http, hostname:tieba.baidu.com, new_link:/f?kw=lc%E7%8E%8B%E9%81%93
2017-09-16 15:59:33,387 - [root:63] - INFO - procotol:http, hostname:tieba.baidu.com, new_link:/f?kw=%E6%9C%B1%E4%BF%AE
2017-09-16 15:59:33,387 - [root:63] - INFO - procotol:http, hostname:tieba.baidu.com, new_link:/f?kw=%E5%B0%A4%E8%8F%B2%E7%B1%B3%E5%A8%85.li.%E5%B8%83%E9%87%8C%E5%A1%94%E5%B0%BC%E4%BA%9A
2017-09-16 15:59:33,388 - [root:63] - INFO - procotol:http, hostname:tieba.baidu.com, new_link:/f?kw=%E4%BA%A1%E5%9B%BD%E7%9A%84%E9%98%BF%E5%9F%BA%E7%89%B9
2017-09-16 15:59:33,388 - [root:63] - INFO - procotol:http, hostname:tieba.baidu.com, new_link:/f?kw=%E7%BA%A2%E8%B1%86%E7%88%B1%E9%98%BF%E7%BF%81
2017-09-16 15:59:33,389 - [root:63] - INFO - procotol:http, hostname:tieba.baidu.com, new_link:/p/5315589173
2017-09-16 15:59:33,389 - [root:63] - INFO - procotol:http, hostname:tieba.baidu.com, new_link:/home/main?un=%E6%99%93%E9%9B%BE%E6%84%81%E5%BD%BB&fr=index
2017-09-16 15:59:33,389 - [root:63] - INFO - procotol:http, hostname:tieba.baidu.com, new_link:/f?kw=%E6%89%8B%E6%B8%B8%E5%85%88%E9%94%8B 
2017-09-16 15:59:33,390 - [root:63] - INFO - procotol:http, hostname:tieba.baidu.com, new_link:/p/5320320013
2017-09-16 15:59:33,390 - [root:63] - INFO - procotol:http, hostname:tieba.baidu.com, new_link:/home/main?un=%E8%B4%B4%E5%90%A7%E6%89%8B%E6%B8%B8%E5%85%88%E9%94%8B&fr=index
2017-09-16 15:59:33,390 - [root:63] - INFO - procotol:http, hostname:tieba.baidu.com, new_link:/f?kw=%E7%88%B1%E7%8C%AB%E7%94%9F%E6%B4%BB 
2017-09-16 15:59:33,391 - [root:63] - INFO - procotol:http, hostname:tieba.baidu.com, new_link:/p/5311315976
2017-09-16 15:59:33,391 - [root:63] - INFO - procotol:http, hostname:tieba.baidu.com, new_link:/home/main?un=%E7%8C%AB%E7%8C%AB%E5%B0%8F%E6%96%8C&fr=index
2017-09-16 15:59:33,391 - [root:63] - INFO - procotol:http, hostname:tieba.baidu.com, new_link:/f?kw=%E5%8E%86%E5%8F%B2 
2017-09-16 15:59:33,392 - [root:63] - INFO - procotol:http, hostname:tieba.baidu.com, new_link:/p/5114639643
2017-09-16 15:59:33,396 - [root:63] - INFO - procotol:http, hostname:tieba.baidu.com, new_link:/home/main?un=%E5%85%A8%E8%A8%80&fr=index
2017-09-16 15:59:33,396 - [root:63] - INFO - procotol:http, hostname:tieba.baidu.com, new_link:/f?kw=me0407 
2017-09-16 15:59:33,397 - [root:63] - INFO - procotol:http, hostname:tieba.baidu.com, new_link:/p/5139671853
2017-09-16 15:59:33,397 - [root:63] - INFO - procotol:http, hostname:tieba.baidu.com, new_link:/home/main?un=%E5%A3%B6%E5%A4%A9%E8%8A%B1%E8%AF%AD&fr=index
2017-09-16 15:59:33,397 - [root:63] - INFO - procotol:http, hostname:tieba.baidu.com, new_link:/f?kw=%E7%BD%91%E6%81%8B 
2017-09-16 15:59:33,397 - [root:63] - INFO - procotol:http, hostname:tieba.baidu.com, new_link:/p/5316578828
2017-09-16 15:59:33,398 - [root:63] - INFO - procotol:http, hostname:tieba.baidu.com, new_link:/home/main?un=%E5%B1%A0%E5%A4%ABLIL&fr=index
2017-09-16 15:59:33,398 - [root:63] - INFO - procotol:http, hostname:tieba.baidu.com, new_link:/f?kw=%E5%8F%A4%E8%A3%85%E7%94%B5%E8%A7%86%E5%89%A7 
2017-09-16 15:59:33,398 - [root:63] - INFO - procotol:http, hostname:tieba.baidu.com, new_link:/p/5153235021
2017-09-16 15:59:33,406 - [root:63] - INFO - procotol:http, hostname:tieba.baidu.com, new_link:/home/main?un=%E6%B8%A9%E5%AA%97%E5%A6%83&fr=index
2017-09-16 15:59:33,409 - [root:63] - INFO - procotol:http, hostname:tieba.baidu.com, new_link:/f?kw=%E5%A4%9A%E6%B5%86%E6%A4%8D%E7%89%A9
2017-09-16 15:59:33,414 - [root:63] - INFO - procotol:http, hostname:tieba.baidu.com, new_link:/p/5171608419
2017-09-16 15:59:33,415 - [root:63] - INFO - procotol:http, hostname:tieba.baidu.com, new_link:/home/main?un=%E9%A6%99%E8%95%89%E4%BD%A0%E4%B8%AA%E5%8D%9C%E5%A8%9C%E5%91%90&fr=index
2017-09-16 15:59:33,415 - [root:63] - INFO - procotol:http, hostname:tieba.baidu.com, new_link:/f?kw=%E7%BE%8E%E9%A3%9F
2017-09-16 15:59:33,415 - [root:63] - INFO - procotol:http, hostname:tieba.baidu.com, new_link:/p/5135007772
2017-09-16 15:59:33,416 - [root:63] - INFO - procotol:http, hostname:tieba.baidu.com, new_link:/home/main?un=%E7%8C%AB%E7%88%B7%E7%BE%8E%E9%A3%9F%E9%9B%86&fr=index
2017-09-16 15:59:33,417 - [root:63] - INFO - procotol:http, hostname:tieba.baidu.com, new_link:/f?kw=%E7%BA%A2%E8%B1%86%E7%88%B1%E9%98%BF%E7%BF%81
2017-09-16 15:59:33,425 - [root:63] - INFO - procotol:http, hostname:tieba.baidu.com, new_link:/p/5286539583
2017-09-16 15:59:33,439 - [root:63] - INFO - procotol:http, hostname:tieba.baidu.com, new_link:/home/main?un=%E5%A4%95%E9%98%B3%E7%95%99%E5%A2%A8%E9%A6%99&fr=index
2017-09-16 15:59:33,439 - [root:63] - INFO - procotol:http, hostname:tieba.baidu.com, new_link:/f?kw=%E9%95%BF%E7%9B%B8%E6%80%9D 
2017-09-16 15:59:33,439 - [root:63] - INFO - procotol:http, hostname:tieba.baidu.com, new_link:/p/5161104407
2017-09-16 15:59:33,440 - [root:63] - INFO - procotol:http, hostname:tieba.baidu.com, new_link:/home/main?un=%E4%BC%BC%E6%B0%B4%E5%B9%B4%E5%8D%8E%E5%80%BE%E5%A4%A9%E4%B8%8B&fr=index
2017-09-16 15:59:33,440 - [root:63] - INFO - procotol:http, hostname:tieba.baidu.com, new_link:/f?kw=%E5%A8%B1%E4%B9%90%E5%9C%88
2017-09-16 15:59:33,440 - [root:63] - INFO - procotol:http, hostname:tieba.baidu.com, new_link:/p/5295629957
2017-09-16 15:59:33,441 - [root:63] - INFO - procotol:http, hostname:tieba.baidu.com, new_link:/home/main?un=%E4%B8%A8%E5%91%A8%E6%85%A7%E6%95%8F%E4%B8%A8&fr=index
2017-09-16 15:59:33,441 - [root:63] - INFO - procotol:http, hostname:tieba.baidu.com, new_link:/f?kw=%E6%B8%B8%E6%88%8F%E7%9B%B4%E6%92%AD 
2017-09-16 15:59:33,448 - [root:63] - INFO - procotol:http, hostname:tieba.baidu.com, new_link:/p/5310630583
2017-09-16 15:59:33,448 - [root:63] - INFO - procotol:http, hostname:tieba.baidu.com, new_link:/home/main?un=%E4%B9%85%E5%88%A5%E6%95%85%E4%BA%BA&fr=index
2017-09-16 15:59:33,448 - [root:63] - INFO - procotol:http, hostname:tieba.baidu.com, new_link:/f?kw=%E5%90%89%E4%BB%96
2017-09-16 15:59:33,449 - [root:63] - INFO - procotol:http, hostname:tieba.baidu.com, new_link:/p/5288183027
2017-09-16 15:59:33,449 - [root:63] - INFO - procotol:http, hostname:tieba.baidu.com, new_link:/home/main?un=%E7%BB%93%E4%BB%96%E5%B1%8B&fr=index
2017-09-16 15:59:33,449 - [root:63] - INFO - procotol:http, hostname:tieba.baidu.com, new_link:/f?kw=%E9%A9%AC%E7%94%B2%E7%BA%BF 
2017-09-16 15:59:33,450 - [root:63] - INFO - procotol:http, hostname:tieba.baidu.com, new_link:/p/5145993701
2017-09-16 15:59:33,450 - [root:63] - INFO - procotol:http, hostname:tieba.baidu.com, new_link:/home/main?un=%E8%8B%8F%E6%B2%90%E6%9F%93%E7%BA%A2%E8%94%BB&fr=index
2017-09-16 15:59:33,451 - [root:63] - INFO - procotol:http, hostname:tieba.baidu.com, new_link:/f?kw=%E8%83%8C%E9%94%85 
2017-09-16 15:59:33,451 - [root:63] - INFO - procotol:http, hostname:tieba.baidu.com, new_link:/p/5280831737
2017-09-16 15:59:33,451 - [root:63] - INFO - procotol:http, hostname:tieba.baidu.com, new_link:/home/main?un=%E7%83%AD%E6%83%85%E7%9A%84%E9%9A%8F%E4%BE%BF%E4%BD%A0%E6%93%8D&fr=index
2017-09-16 15:59:33,453 - [root:63] - INFO - procotol:http, hostname:tieba.baidu.com, new_link:/f?kw=%E5%B0%8F%E8%90%9D%E8%8E%89
2017-09-16 15:59:33,453 - [root:63] - INFO - procotol:http, hostname:tieba.baidu.com, new_link:/p/5289960175
2017-09-16 15:59:33,454 - [root:63] - INFO - procotol:http, hostname:tieba.baidu.com, new_link:/home/main?un=%E5%BA%9A%E5%93%9F&fr=index
2017-09-16 15:59:33,454 - [root:63] - INFO - procotol:http, hostname:tieba.baidu.com, new_link:/f?kw=%E6%B8%B8%E6%88%8F%E7%9B%B4%E6%92%AD 
2017-09-16 15:59:33,454 - [root:63] - INFO - procotol:http, hostname:tieba.baidu.com, new_link:/p/5301072178
2017-09-16 15:59:33,455 - [root:63] - INFO - procotol:http, hostname:tieba.baidu.com, new_link:/home/main?un=%E4%B9%85%E5%88%A5%E6%95%85%E4%BA%BA&fr=index
2017-09-16 15:59:33,463 - [root:63] - INFO - procotol:http, hostname:tieba.baidu.com, new_link:/hottopic/browse/topicList?res_type=1
2017-09-16 15:59:33,469 - [root:63] - INFO - procotol:http, hostname:tieba.baidu.com, new_link:/home/main?un=悲伤的羔羊
2017-09-16 15:59:33,471 - [root:63] - INFO - procotol:http, hostname:tieba.baidu.com, new_link:/home/main?un=悲伤的羔羊
2017-09-16 15:59:33,472 - [root:63] - INFO - procotol:http, hostname:tieba.baidu.com, new_link:/f?kw=t豆娱乐城
2017-09-16 15:59:33,472 - [root:63] - INFO - procotol:http, hostname:tieba.baidu.com, new_link:/home/main?un=无事找清凉
2017-09-16 15:59:33,473 - [root:63] - INFO - procotol:http, hostname:tieba.baidu.com, new_link:/home/main?un=无事找清凉
2017-09-16 15:59:33,479 - [root:63] - INFO - procotol:http, hostname:tieba.baidu.com, new_link:/f?kw=天涯明月刀OL
2017-09-16 15:59:33,480 - [root:63] - INFO - procotol:http, hostname:tieba.baidu.com, new_link:/home/main?un=倩Q1228228888
2017-09-16 15:59:33,480 - [root:63] - INFO - procotol:http, hostname:tieba.baidu.com, new_link:/home/main?un=倩Q1228228888
2017-09-16 15:59:33,481 - [root:63] - INFO - procotol:http, hostname:tieba.baidu.com, new_link:/f?kw=亏猫
2017-09-16 15:59:33,482 - [root:63] - INFO - procotol:http, hostname:tieba.baidu.com, new_link:/home/main?un=大风吹奶罩杯
2017-09-16 15:59:33,482 - [root:63] - INFO - procotol:http, hostname:tieba.baidu.com, new_link:/home/main?un=大风吹奶罩杯
2017-09-16 15:59:33,483 - [root:63] - INFO - procotol:http, hostname:tieba.baidu.com, new_link:/f?kw=网络游戏
2017-09-16 15:59:33,484 - [root:63] - INFO - procotol:http, hostname:tieba.baidu.com, new_link:/home/main?un=神風苏逸
2017-09-16 15:59:33,485 - [root:63] - INFO - procotol:http, hostname:tieba.baidu.com, new_link:/home/main?un=神風苏逸
2017-09-16 15:59:33,485 - [root:63] - INFO - procotol:http, hostname:tieba.baidu.com, new_link:/p/5024282186
2017-09-16 15:59:33,486 - [root:63] - INFO - procotol:http, hostname:tieba.baidu.com, new_link:/home/main?un=蔡丶十一
2017-09-16 15:59:33,487 - [root:63] - INFO - procotol:http, hostname:tieba.baidu.com, new_link:/home/main?un=蔡丶十一
2017-09-16 15:59:33,488 - [root:63] - INFO - procotol:http, hostname:tieba.baidu.com, new_link:/p/5319276352
2017-09-16 15:59:33,489 - [root:63] - INFO - procotol:http, hostname:tieba.baidu.com, new_link:/home/main?un=贴吧熊
2017-09-16 15:59:33,490 - [root:63] - INFO - procotol:http, hostname:tieba.baidu.com, new_link:/home/main?un=贴吧熊
2017-09-16 15:59:33,492 - [root:63] - INFO - procotol:http, hostname:tieba.baidu.com, new_link:/p/5252510171
2017-09-16 15:59:33,493 - [root:63] - INFO - procotol:http, hostname:tieba.baidu.com, new_link:/home/main?un=贴吧会员
2017-09-16 15:59:33,494 - [root:63] - INFO - procotol:http, hostname:tieba.baidu.com, new_link:/home/main?un=贴吧会员
2017-09-16 15:59:33,495 - [root:63] - INFO - procotol:http, hostname:tieba.baidu.com, new_link:/p/5324050670
2017-09-16 15:59:33,496 - [root:63] - INFO - procotol:http, hostname:tieba.baidu.com, new_link:/home/main?un=吴哲晗应援会
2017-09-16 15:59:33,496 - [root:63] - INFO - procotol:http, hostname:tieba.baidu.com, new_link:/home/main?un=吴哲晗应援会
2017-09-16 15:59:33,498 - [root:63] - INFO - procotol:http, hostname:tieba.baidu.com, new_link:/p/3292673938
2017-09-16 15:59:33,499 - [root:63] - INFO - procotol:http, hostname:tieba.baidu.com, new_link:/home/main?un=cloudsayu
2017-09-16 15:59:33,500 - [root:63] - INFO - procotol:http, hostname:tieba.baidu.com, new_link:/home/main?un=cloudsayu
2017-09-16 15:59:33,502 - [root:63] - INFO - procotol:http, hostname:tieba.baidu.com, new_link:/p/4748236204
2017-09-16 15:59:33,504 - [root:63] - INFO - procotol:http, hostname:tieba.baidu.com, new_link:/home/main?un=帝都T渣的擦肩
2017-09-16 15:59:33,507 - [root:63] - INFO - procotol:http, hostname:tieba.baidu.com, new_link:/home/main?un=帝都T渣的擦肩
2017-09-16 15:59:33,508 - [root:63] - INFO - procotol:http, hostname:tieba.baidu.com, new_link:/p/3249877592
2017-09-16 15:59:33,508 - [root:63] - INFO - procotol:http, hostname:tieba.baidu.com, new_link:/home/main?un=lacus84714
2017-09-16 15:59:33,509 - [root:63] - INFO - procotol:http, hostname:tieba.baidu.com, new_link:/home/main?un=lacus84714
2017-09-16 15:59:33,510 - [root:63] - INFO - procotol:http, hostname:tieba.baidu.com, new_link:/p/4421655018
2017-09-16 15:59:33,510 - [root:63] - INFO - procotol:http, hostname:tieba.baidu.com, new_link:Mailto:tiebayule@baidu.com
2017-09-16 15:59:33,512 - [root:63] - INFO - procotol:http, hostname:tieba.baidu.com, new_link:/f?kw=%E6%B2%AA%E6%B1%9F%E7%BD%91%E6%A0%A1&fr=index
2017-09-16 15:59:33,514 - [root:63] - INFO - procotol:http, hostname:tieba.baidu.com, new_link:/f?kw=%E6%B2%AA%E6%B1%9F%E7%BD%91%E6%A0%A1&fr=index
2017-09-16 15:59:33,516 - [root:63] - INFO - procotol:http, hostname:tieba.baidu.com, new_link:/f?kw=%E7%BA%A2%E7%89%9B%E5%AE%98%E6%96%B9&fr=index
2017-09-16 15:59:33,516 - [root:63] - INFO - procotol:http, hostname:tieba.baidu.com, new_link:/f?kw=%E7%BA%A2%E7%89%9B%E5%AE%98%E6%96%B9&fr=index
2017-09-16 15:59:33,521 - [root:63] - INFO - procotol:http, hostname:tieba.baidu.com, new_link:/f?kw=%E8%B1%86%E8%94%93%E7%90%86%E8%B4%A2&fr=index
2017-09-16 15:59:33,524 - [root:63] - INFO - procotol:http, hostname:tieba.baidu.com, new_link:/f?kw=%E8%B1%86%E8%94%93%E7%90%86%E8%B4%A2&fr=index
2017-09-16 15:59:33,524 - [root:63] - INFO - procotol:http, hostname:tieba.baidu.com, new_link:/f?kw=%E8%89%BA%E7%A6%8F%E5%A0%82&fr=index
2017-09-16 15:59:33,525 - [root:63] - INFO - procotol:http, hostname:tieba.baidu.com, new_link:/f?kw=%E8%89%BA%E7%A6%8F%E5%A0%82&fr=index
2017-09-16 15:59:33,526 - [root:63] - INFO - procotol:http, hostname:tieba.baidu.com, new_link:/f?kw=%E9%87%91%E7%AB%8B&fr=index
2017-09-16 15:59:33,527 - [root:63] - INFO - procotol:http, hostname:tieba.baidu.com, new_link:/f?kw=%E9%87%91%E7%AB%8B&fr=index
2017-09-16 15:59:33,560 - [root:45] - INFO - url http://tieba.baidu.com is not match
2017-09-16 15:59:33,572 - [root:63] - INFO - procotol:http, hostname:v.baidu.com, new_link:javascript:void(0)
2017-09-16 15:59:33,572 - [root:63] - INFO - procotol:http, hostname:v.baidu.com, new_link:javascript:;
2017-09-16 15:59:33,607 - [root:45] - INFO - url http://v.baidu.com is not match
2017-09-16 15:59:33,655 - [requests.packages.urllib3.connectionpool:818] - DEBUG - Starting new HTTPS connection (1): www.baidu.com
2017-09-16 15:59:33,674 - [requests.packages.urllib3.connectionpool:818] - DEBUG - Starting new HTTPS connection (1): www.baidu.com
2017-09-16 15:59:33,707 - [requests.packages.urllib3.connectionpool:395] - DEBUG - https://www.baidu.com:443 "GET /s?wd=%E5%8D%9A%E5%A3%AB%E5%9B%9E%E5%9B%BD%E7%9C%8B%E7%89%99%E6%83%8A%E5%8F%B9 HTTP/1.1" 200 227
2017-09-16 15:59:33,719 - [root:45] - INFO - url https://www.baidu.com/s?wd=博士回国看牙惊叹 is not match
2017-09-16 15:59:33,744 - [requests.packages.urllib3.connectionpool:395] - DEBUG - https://www.baidu.com:443 "GET /s?wd=%E5%85%AD%E5%9F%8E%E5%9C%B0%E6%A0%87%E9%9B%86%E4%BD%93%E6%92%9E%E8%A1%AB HTTP/1.1" 200 227
2017-09-16 15:59:33,752 - [root:45] - INFO - url https://www.baidu.com/s?wd=六城地标集体撞衫 is not match
2017-09-16 15:59:33,998 - [requests.packages.urllib3.connectionpool:207] - DEBUG - Starting new HTTP connection (1): home.baidu.com
2017-09-16 15:59:34,016 - [requests.packages.urllib3.connectionpool:818] - DEBUG - Starting new HTTPS connection (1): www.baidu.com
2017-09-16 15:59:34,045 - [requests.packages.urllib3.connectionpool:207] - DEBUG - Starting new HTTP connection (1): home.baidu.com
2017-09-16 15:59:34,116 - [requests.packages.urllib3.connectionpool:395] - DEBUG - http://home.baidu.com:80 "GET /home/index/company_culture HTTP/1.1" 200 None
2017-09-16 15:59:34,117 - [requests.packages.urllib3.connectionpool:395] - DEBUG - http://home.baidu.com:80 "GET /home/index/baidu_road HTTP/1.1" 200 None
2017-09-16 15:59:34,173 - [requests.packages.urllib3.connectionpool:395] - DEBUG - https://www.baidu.com:443 "GET /s?wd=%E5%85%B1%E4%BA%AB%E5%8D%95%E8%BD%A6%E6%96%B0%E6%94%BF%E5%87%BA%E5%8F%B0 HTTP/1.1" 200 227
2017-09-16 15:59:34,201 - [root:63] - INFO - procotol:http, hostname:home.baidu.com, new_link:/home/index
2017-09-16 15:59:34,235 - [root:63] - INFO - procotol:http, hostname:home.baidu.com, new_link:/home/index
2017-09-16 15:59:34,255 - [root:63] - INFO - procotol:http, hostname:home.baidu.com, new_link:/home/index
2017-09-16 15:59:34,256 - [root:63] - INFO - procotol:http, hostname:home.baidu.com, new_link:/home/index/join_us
2017-09-16 15:59:34,258 - [root:45] - INFO - url https://www.baidu.com/s?wd=共享单车新政出台 is not match
2017-09-16 15:59:34,258 - [root:63] - INFO - procotol:http, hostname:home.baidu.com, new_link:/home/index
2017-09-16 15:59:34,259 - [root:63] - INFO - procotol:http, hostname:home.baidu.com, new_link:/home/index/contact_us
2017-09-16 15:59:34,259 - [root:63] - INFO - procotol:http, hostname:home.baidu.com, new_link:/home/index/join_us
2017-09-16 15:59:34,260 - [root:63] - INFO - procotol:http, hostname:home.baidu.com, new_link:/home/index
2017-09-16 15:59:34,260 - [root:63] - INFO - procotol:http, hostname:home.baidu.com, new_link:/home/index/contact_us
2017-09-16 15:59:34,260 - [root:63] - INFO - procotol:http, hostname:home.baidu.com, new_link:/home/index/join_us
2017-09-16 15:59:34,261 - [root:63] - INFO - procotol:http, hostname:home.baidu.com, new_link:/home/index
2017-09-16 15:59:34,261 - [root:63] - INFO - procotol:http, hostname:home.baidu.com, new_link:/home/index/contact_us
2017-09-16 15:59:34,261 - [root:63] - INFO - procotol:http, hostname:home.baidu.com, new_link:/home/index/join_us
2017-09-16 15:59:34,263 - [root:45] - INFO - url http://home.baidu.com/home/index/baidu_road is not match
2017-09-16 15:59:34,263 - [root:63] - INFO - procotol:http, hostname:home.baidu.com, new_link:/home/index/contact_us
2017-09-16 15:59:34,264 - [root:45] - INFO - url http://home.baidu.com/home/index/company_culture is not match
2017-09-16 15:59:34,332 - [requests.packages.urllib3.connectionpool:207] - DEBUG - Starting new HTTP connection (1): home.baidu.com
2017-09-16 15:59:34,362 - [requests.packages.urllib3.connectionpool:395] - DEBUG - http://home.baidu.com:80 "GET /home/index/join_us HTTP/1.1" 200 None
2017-09-16 15:59:34,388 - [root:63] - INFO - procotol:http, hostname:home.baidu.com, new_link:/home/index
2017-09-16 15:59:34,389 - [root:63] - INFO - procotol:http, hostname:home.baidu.com, new_link:/home/index
2017-09-16 15:59:34,389 - [root:63] - INFO - procotol:http, hostname:home.baidu.com, new_link:/home/index/join_us
2017-09-16 15:59:34,389 - [root:63] - INFO - procotol:http, hostname:home.baidu.com, new_link:/home/index/contact_us
2017-09-16 15:59:34,390 - [root:63] - INFO - procotol:http, hostname:home.baidu.com, new_link:/home/index
2017-09-16 15:59:34,390 - [root:63] - INFO - procotol:http, hostname:home.baidu.com, new_link:/home/index/join_us
2017-09-16 15:59:34,390 - [root:63] - INFO - procotol:http, hostname:home.baidu.com, new_link:/home/index/contact_us
2017-09-16 15:59:34,391 - [root:45] - INFO - url http://home.baidu.com/home/index/join_us is not match
2017-09-16 15:59:34,569 - [requests.packages.urllib3.connectionpool:207] - DEBUG - Starting new HTTP connection (1): home.baidu.com
2017-09-16 15:59:34,600 - [requests.packages.urllib3.connectionpool:395] - DEBUG - http://home.baidu.com:80 "GET /home/index/news_detail/id/17711 HTTP/1.1" 200 None
2017-09-16 15:59:34,638 - [root:63] - INFO - procotol:http, hostname:home.baidu.com, new_link:/home/index
2017-09-16 15:59:34,640 - [root:63] - INFO - procotol:http, hostname:home.baidu.com, new_link:/home/index
2017-09-16 15:59:34,641 - [requests.packages.urllib3.connectionpool:207] - DEBUG - Starting new HTTP connection (1): home.baidu.com
2017-09-16 15:59:34,641 - [root:63] - INFO - procotol:http, hostname:home.baidu.com, new_link:/home/index/join_us
2017-09-16 15:59:34,642 - [root:63] - INFO - procotol:http, hostname:home.baidu.com, new_link:/home/index/contact_us
2017-09-16 15:59:34,643 - [root:63] - INFO - procotol:http, hostname:home.baidu.com, new_link:/home/index
2017-09-16 15:59:34,643 - [root:63] - INFO - procotol:http, hostname:home.baidu.com, new_link:/home/index/join_us
2017-09-16 15:59:34,644 - [root:63] - INFO - procotol:http, hostname:home.baidu.com, new_link:/home/index/contact_us
2017-09-16 15:59:34,645 - [root:45] - INFO - url http://home.baidu.com/home/index/news_detail/id/17711 is not match
2017-09-16 15:59:34,730 - [requests.packages.urllib3.connectionpool:207] - DEBUG - Starting new HTTP connection (1): home.baidu.com
2017-09-16 15:59:34,759 - [requests.packages.urllib3.connectionpool:207] - DEBUG - Starting new HTTP connection (1): home.baidu.com
2017-09-16 15:59:34,789 - [requests.packages.urllib3.connectionpool:395] - DEBUG - http://home.baidu.com:80 "GET /home/index/news_detail/id/17714 HTTP/1.1" 200 None
2017-09-16 15:59:34,794 - [requests.packages.urllib3.connectionpool:395] - DEBUG - http://home.baidu.com:80 "GET /home/index/news_detail/id/17713 HTTP/1.1" 200 None
2017-09-16 15:59:34,839 - [root:63] - INFO - procotol:http, hostname:home.baidu.com, new_link:/home/index
2017-09-16 15:59:34,839 - [root:63] - INFO - procotol:http, hostname:home.baidu.com, new_link:/home/index
2017-09-16 15:59:34,840 - [root:63] - INFO - procotol:http, hostname:home.baidu.com, new_link:/home/index/join_us
2017-09-16 15:59:34,858 - [root:63] - INFO - procotol:http, hostname:home.baidu.com, new_link:/home/index/contact_us
2017-09-16 15:59:34,880 - [root:63] - INFO - procotol:http, hostname:home.baidu.com, new_link:/home/index
2017-09-16 15:59:34,881 - [root:63] - INFO - procotol:http, hostname:home.baidu.com, new_link:/home/index
2017-09-16 15:59:34,881 - [root:63] - INFO - procotol:http, hostname:home.baidu.com, new_link:/home/index
2017-09-16 15:59:34,882 - [root:63] - INFO - procotol:http, hostname:home.baidu.com, new_link:/home/index/join_us
2017-09-16 15:59:34,882 - [root:63] - INFO - procotol:http, hostname:home.baidu.com, new_link:/home/index/join_us
2017-09-16 15:59:34,883 - [root:63] - INFO - procotol:http, hostname:home.baidu.com, new_link:/home/index/contact_us
2017-09-16 15:59:34,883 - [root:63] - INFO - procotol:http, hostname:home.baidu.com, new_link:/home/index/contact_us
2017-09-16 15:59:34,884 - [root:45] - INFO - url http://home.baidu.com/home/index/news_detail/id/17714 is not match
2017-09-16 15:59:34,884 - [root:63] - INFO - procotol:http, hostname:home.baidu.com, new_link:/home/index
2017-09-16 15:59:34,885 - [root:63] - INFO - procotol:http, hostname:home.baidu.com, new_link:/home/index/join_us
2017-09-16 15:59:34,885 - [root:63] - INFO - procotol:http, hostname:home.baidu.com, new_link:/home/index/contact_us
2017-09-16 15:59:34,886 - [root:45] - INFO - url http://home.baidu.com/home/index/news_detail/id/17713 is not match
2017-09-16 15:59:35,274 - [requests.packages.urllib3.connectionpool:818] - DEBUG - Starting new HTTPS connection (1): www.baidu.com
2017-09-16 15:59:35,274 - [requests.packages.urllib3.connectionpool:818] - DEBUG - Starting new HTTPS connection (1): www.baidu.com
2017-09-16 15:59:35,275 - [requests.packages.urllib3.connectionpool:818] - DEBUG - Starting new HTTPS connection (1): www.baidu.com
2017-09-16 15:59:35,351 - [requests.packages.urllib3.connectionpool:395] - DEBUG - https://www.baidu.com:443 "GET /s?wd=%E6%9C%80%E4%B8%8D%E5%A5%BD%E5%AE%A2%E5%9B%BD%E5%AE%B6%E6%8E%92%E8%A1%8C HTTP/1.1" 200 227
2017-09-16 15:59:35,360 - [requests.packages.urllib3.connectionpool:395] - DEBUG - https://www.baidu.com:443 "GET /s?wd=%E6%9D%8E%E9%9B%A8%E6%A1%90%E5%86%8D%E7%88%86%E6%96%99 HTTP/1.1" 200 227
2017-09-16 15:59:35,365 - [requests.packages.urllib3.connectionpool:395] - DEBUG - https://www.baidu.com:443 "GET /s?wd=%E5%8D%81%E5%B2%81%E5%A5%B3%E7%AB%A5%E8%80%83%E4%B8%8A%E5%A4%A7%E4%B8%93 HTTP/1.1" 200 227
2017-09-16 15:59:35,377 - [root:45] - INFO - url https://www.baidu.com/s?wd=最不好客国家排行 is not match
2017-09-16 15:59:35,379 - [root:45] - INFO - url https://www.baidu.com/s?wd=李雨桐再爆料 is not match
2017-09-16 15:59:35,381 - [root:45] - INFO - url https://www.baidu.com/s?wd=十岁女童考上大专 is not match
2017-09-16 15:59:35,396 - [requests.packages.urllib3.connectionpool:818] - DEBUG - Starting new HTTPS connection (1): www.baidu.com
2017-09-16 15:59:35,454 - [requests.packages.urllib3.connectionpool:395] - DEBUG - https://www.baidu.com:443 "GET /s?wd=B%E7%AB%99%E8%AF%B7%E9%81%93%E5%A3%AB%E4%BD%9C%E6%B3%95 HTTP/1.1" 200 227
2017-09-16 15:59:35,462 - [root:45] - INFO - url https://www.baidu.com/s?wd=B站请道士作法 is not match
2017-09-16 15:59:35,653 - [requests.packages.urllib3.connectionpool:207] - DEBUG - Starting new HTTP connection (1): csr.baidu.com
2017-09-16 15:59:35,655 - [root:71] - ERROR - read timeout http://home.baidu.com/home/index/news_detail/id/17712
2017-09-16 15:59:35,656 - [root:115] - ERROR - crawl url http://home.baidu.com/home/index/news_detail/id/17712 failed, status code 2
2017-09-16 15:59:35,737 - [requests.packages.urllib3.connectionpool:395] - DEBUG - http://csr.baidu.com:80 "GET / HTTP/1.1" 200 None
2017-09-16 15:59:35,785 - [root:63] - INFO - procotol:http, hostname:csr.baidu.com, new_link:/
2017-09-16 15:59:35,785 - [root:63] - INFO - procotol:http, hostname:csr.baidu.com, new_link:javascript:;
2017-09-16 15:59:35,785 - [root:63] - INFO - procotol:http, hostname:csr.baidu.com, new_link:javascript:;
2017-09-16 15:59:35,786 - [root:63] - INFO - procotol:http, hostname:csr.baidu.com, new_link:/
2017-09-16 15:59:35,786 - [root:63] - INFO - procotol:http, hostname:csr.baidu.com, new_link:/about.html
2017-09-16 15:59:35,786 - [root:63] - INFO - procotol:http, hostname:csr.baidu.com, new_link:/chairman.html
2017-09-16 15:59:35,787 - [root:63] - INFO - procotol:http, hostname:csr.baidu.com, new_link:/chairman.html
2017-09-16 15:59:35,787 - [root:63] - INFO - procotol:http, hostname:csr.baidu.com, new_link:/community.html
2017-09-16 15:59:35,787 - [root:63] - INFO - procotol:http, hostname:csr.baidu.com, new_link:/partner.html
2017-09-16 15:59:35,788 - [root:63] - INFO - procotol:http, hostname:csr.baidu.com, new_link:/staff.html
2017-09-16 15:59:35,788 - [root:63] - INFO - procotol:http, hostname:csr.baidu.com, new_link:/product.html
2017-09-16 15:59:35,788 - [root:63] - INFO - procotol:http, hostname:csr.baidu.com, new_link:/product.html
2017-09-16 15:59:35,789 - [root:63] - INFO - procotol:http, hostname:csr.baidu.com, new_link:/departmend.html
2017-09-16 15:59:35,789 - [root:63] - INFO - procotol:http, hostname:csr.baidu.com, new_link:/tousu.html
2017-09-16 15:59:35,789 - [root:63] - INFO - procotol:http, hostname:csr.baidu.com, new_link:/download/report/list.html
2017-09-16 15:59:35,790 - [root:63] - INFO - procotol:http, hostname:csr.baidu.com, new_link:/download/report/list.html
2017-09-16 15:59:35,790 - [root:63] - INFO - procotol:http, hostname:csr.baidu.com, new_link:/Home/download/poiny.html
2017-09-16 15:59:35,790 - [root:63] - INFO - procotol:http, hostname:csr.baidu.com, new_link:/briefin/gout.html
2017-09-16 15:59:35,791 - [root:63] - INFO - procotol:http, hostname:csr.baidu.com, new_link:/contact.html
2017-09-16 15:59:35,791 - [root:63] - INFO - procotol:http, hostname:csr.baidu.com, new_link:/chairman.html
2017-09-16 15:59:35,791 - [root:63] - INFO - procotol:http, hostname:csr.baidu.com, new_link:/communication/user/450.html
2017-09-16 15:59:35,792 - [root:63] - INFO - procotol:http, hostname:csr.baidu.com, new_link:/communication/user/450.html
2017-09-16 15:59:35,792 - [root:63] - INFO - procotol:http, hostname:csr.baidu.com, new_link:/communication/user/450.html
2017-09-16 15:59:35,792 - [root:63] - INFO - procotol:http, hostname:csr.baidu.com, new_link:/communication/user/448.html
2017-09-16 15:59:35,793 - [root:63] - INFO - procotol:http, hostname:csr.baidu.com, new_link:/communication/user/448.html
2017-09-16 15:59:35,793 - [root:63] - INFO - procotol:http, hostname:csr.baidu.com, new_link:/communication/user/448.html
2017-09-16 15:59:35,793 - [root:63] - INFO - procotol:http, hostname:csr.baidu.com, new_link:/communication/user/446.html
2017-09-16 15:59:35,794 - [root:63] - INFO - procotol:http, hostname:csr.baidu.com, new_link:/communication/user/446.html
2017-09-16 15:59:35,794 - [root:63] - INFO - procotol:http, hostname:csr.baidu.com, new_link:/communication/user/446.html
2017-09-16 15:59:35,794 - [root:63] - INFO - procotol:http, hostname:csr.baidu.com, new_link:/communication/user/444.html
2017-09-16 15:59:35,795 - [root:63] - INFO - procotol:http, hostname:csr.baidu.com, new_link:/communication/user/444.html
2017-09-16 15:59:35,795 - [root:63] - INFO - procotol:http, hostname:csr.baidu.com, new_link:/communication/user/444.html
2017-09-16 15:59:35,795 - [root:63] - INFO - procotol:http, hostname:csr.baidu.com, new_link:/communication/user/442.html
2017-09-16 15:59:35,795 - [root:63] - INFO - procotol:http, hostname:csr.baidu.com, new_link:/communication/user/442.html
2017-09-16 15:59:35,796 - [root:63] - INFO - procotol:http, hostname:csr.baidu.com, new_link:/communication/user/442.html
2017-09-16 15:59:35,796 - [root:63] - INFO - procotol:http, hostname:csr.baidu.com, new_link:/communication/user/440.html
2017-09-16 15:59:35,796 - [root:63] - INFO - procotol:http, hostname:csr.baidu.com, new_link:/communication/user/440.html
2017-09-16 15:59:35,797 - [root:63] - INFO - procotol:http, hostname:csr.baidu.com, new_link:/communication/user/440.html
2017-09-16 15:59:35,797 - [root:63] - INFO - procotol:http, hostname:csr.baidu.com, new_link:/briefin/gout.html
2017-09-16 15:59:35,797 - [root:63] - INFO - procotol:http, hostname:csr.baidu.com, new_link:/Uploads/File/2017/07/11/u59644149aca0e.rar
2017-09-16 15:59:35,798 - [root:63] - INFO - procotol:http, hostname:csr.baidu.com, new_link:/Uploads/File/2017/05/04/u590acee72314c.rar
2017-09-16 15:59:35,798 - [root:63] - INFO - procotol:http, hostname:csr.baidu.com, new_link:/Uploads/File/2017/01/06/u586efd4b92d94.rar
2017-09-16 15:59:35,798 - [root:63] - INFO - procotol:http, hostname:csr.baidu.com, new_link:mailto:baiducsr@baidu.com
2017-09-16 15:59:35,799 - [root:45] - INFO - url http://csr.baidu.com/ is not match
2017-09-16 15:59:35,900 - [requests.packages.urllib3.connectionpool:818] - DEBUG - Starting new HTTPS connection (1): www.baidu.com
2017-09-16 15:59:35,900 - [requests.packages.urllib3.connectionpool:207] - DEBUG - Starting new HTTP connection (1): home.baidu.com
2017-09-16 15:59:35,941 - [requests.packages.urllib3.connectionpool:395] - DEBUG - http://home.baidu.com:80 "GET /home/index/special/id/34 HTTP/1.1" 200 None
2017-09-16 15:59:35,977 - [root:63] - INFO - procotol:http, hostname:home.baidu.com, new_link:/home/index
2017-09-16 15:59:35,978 - [root:63] - INFO - procotol:http, hostname:home.baidu.com, new_link:/home/index
2017-09-16 15:59:35,979 - [root:63] - INFO - procotol:http, hostname:home.baidu.com, new_link:/home/index/join_us
2017-09-16 15:59:35,979 - [root:63] - INFO - procotol:http, hostname:home.baidu.com, new_link:/home/index/contact_us
2017-09-16 15:59:35,980 - [root:63] - INFO - procotol:http, hostname:home.baidu.com, new_link:/home/index
2017-09-16 15:59:35,980 - [root:63] - INFO - procotol:http, hostname:home.baidu.com, new_link:/home/index/join_us
2017-09-16 15:59:35,980 - [root:63] - INFO - procotol:http, hostname:home.baidu.com, new_link:/home/index/contact_us
2017-09-16 15:59:35,981 - [root:45] - INFO - url http://home.baidu.com/home/index/special/id/34 is not match
2017-09-16 15:59:35,986 - [requests.packages.urllib3.connectionpool:395] - DEBUG - https://www.baidu.com:443 "GET /s?wd=%E7%8E%8B%E5%AE%9D%E5%BC%BA%E6%9D%91%E6%B0%91%E8%B0%88%E5%AE%8B%E5%96%86 HTTP/1.1" 200 227
2017-09-16 15:59:35,993 - [root:45] - INFO - url https://www.baidu.com/s?wd=王宝强村民谈宋喆 is not match
2017-09-16 15:59:36,393 - [requests.packages.urllib3.connectionpool:818] - DEBUG - Starting new HTTPS connection (1): www.baidu.com
2017-09-16 15:59:36,394 - [requests.packages.urllib3.connectionpool:207] - DEBUG - Starting new HTTP connection (1): create.baidu.com
2017-09-16 15:59:36,395 - [requests.packages.urllib3.connectionpool:818] - DEBUG - Starting new HTTPS connection (1): www.baidu.com
2017-09-16 15:59:36,414 - [requests.packages.urllib3.connectionpool:395] - DEBUG - http://create.baidu.com:80 "GET /index/ HTTP/1.1" 200 None
2017-09-16 15:59:36,419 - [root:45] - INFO - url http://create.baidu.com/index/ is not match
2017-09-16 15:59:36,445 - [requests.packages.urllib3.connectionpool:395] - DEBUG - https://www.baidu.com:443 "GET /s?wd=%E6%97%A5%E4%BC%81%E5%91%A8%E4%BC%91%E4%B8%89%E6%97%A5 HTTP/1.1" 200 227
2017-09-16 15:59:36,453 - [root:45] - INFO - url https://www.baidu.com/s?wd=日企周休三日 is not match
2017-09-16 15:59:36,456 - [requests.packages.urllib3.connectionpool:395] - DEBUG - https://www.baidu.com:443 "GET /s?wd=%E6%9D%8E%E6%99%A8%E6%B1%82%E5%A9%9A%E8%8C%83%E5%86%B0%E5%86%B0 HTTP/1.1" 200 227
2017-09-16 15:59:36,463 - [root:45] - INFO - url https://www.baidu.com/s?wd=李晨求婚范冰冰 is not match
2017-09-16 15:59:36,468 - [requests.packages.urllib3.connectionpool:818] - DEBUG - Starting new HTTPS connection (1): www.baidu.com
2017-09-16 15:59:36,572 - [requests.packages.urllib3.connectionpool:395] - DEBUG - https://www.baidu.com:443 "GET /s?wd=ios11%E6%AD%A3%E5%BC%8F%E7%89%88 HTTP/1.1" 200 227
2017-09-16 15:59:36,580 - [root:45] - INFO - url https://www.baidu.com/s?wd=ios11正式版 is not match
2017-09-16 15:59:36,663 - [requests.packages.urllib3.connectionpool:207] - DEBUG - Starting new HTTP connection (1): pro.baidu.com
2017-09-16 15:59:36,749 - [requests.packages.urllib3.connectionpool:395] - DEBUG - http://pro.baidu.com:80 "GET / HTTP/1.1" 200 None
2017-09-16 15:59:36,807 - [requests.packages.urllib3.connectionpool:818] - DEBUG - Starting new HTTPS connection (1): www.baidu.com
2017-09-16 15:59:37,045 - [root:63] - INFO - procotol:http, hostname:pro.baidu.com, new_link:javascript:void(0);
2017-09-16 15:59:37,049 - [requests.packages.urllib3.connectionpool:395] - DEBUG - https://www.baidu.com:443 "GET /s?wd=8%E5%A4%A9%E9%95%BF%E5%81%876%E5%9C%BA%E5%A9%9A%E7%A4%BC HTTP/1.1" 200 227
2017-09-16 15:59:37,055 - [root:63] - INFO - procotol:http, hostname:pro.baidu.com, new_link:&id=gg
2017-09-16 15:59:37,063 - [root:63] - INFO - procotol:http, hostname:pro.baidu.com, new_link:#up
2017-09-16 15:59:37,064 - [requests.packages.urllib3.connectionpool:818] - DEBUG - Starting new HTTPS connection (1): www.baidu.com
2017-09-16 15:59:37,066 - [root:45] - INFO - url https://www.baidu.com/s?wd=8天长假6场婚礼 is not match
2017-09-16 15:59:37,066 - [root:63] - INFO - procotol:http, hostname:pro.baidu.com, new_link:#down
2017-09-16 15:59:37,066 - [requests.packages.urllib3.connectionpool:818] - DEBUG - Starting new HTTPS connection (1): www.baidu.com
2017-09-16 15:59:37,089 - [root:45] - INFO - url http://pro.baidu.com/ is not match
2017-09-16 15:59:37,126 - [requests.packages.urllib3.connectionpool:395] - DEBUG - https://www.baidu.com:443 "GET /s?wd=%E5%9B%BD%E5%AE%B6%E8%81%8C%E4%B8%9A%E8%B5%84%E6%A0%BC%E7%9B%AE%E5%BD%95 HTTP/1.1" 200 227
2017-09-16 15:59:37,135 - [root:45] - INFO - url https://www.baidu.com/s?wd=国家职业资格目录 is not match
2017-09-16 15:59:37,135 - [requests.packages.urllib3.connectionpool:395] - DEBUG - https://www.baidu.com:443 "GET /s?wd=%E5%B0%8F%E5%AD%A6%E7%94%9F%E8%8E%B7%E5%9B%BD%E5%AE%B6%E4%B8%93%E5%88%A9 HTTP/1.1" 200 227
2017-09-16 15:59:37,142 - [root:45] - INFO - url https://www.baidu.com/s?wd=小学生获国家专利 is not match
2017-09-16 15:59:37,425 - [requests.packages.urllib3.connectionpool:818] - DEBUG - Starting new HTTPS connection (1): www.baidu.com
2017-09-16 15:59:37,464 - [requests.packages.urllib3.connectionpool:818] - DEBUG - Starting new HTTPS connection (1): www.baidu.com
2017-09-16 15:59:37,469 - [requests.packages.urllib3.connectionpool:207] - DEBUG - Starting new HTTP connection (1): home.baidu.com
2017-09-16 15:59:37,482 - [requests.packages.urllib3.connectionpool:395] - DEBUG - https://www.baidu.com:443 "GET /s?wd=%E6%96%B0%E5%8A%A0%E5%9D%A1%E9%A6%96%E4%BD%8D%E5%A5%B3%E6%80%BB%E7%BB%9F HTTP/1.1" 200 227
2017-09-16 15:59:37,490 - [root:45] - INFO - url https://www.baidu.com/s?wd=新加坡首位女总统 is not match
2017-09-16 15:59:37,500 - [requests.packages.urllib3.connectionpool:395] - DEBUG - http://home.baidu.com:80 "GET /home/index/show_banner_content/id/15/type/mobile HTTP/1.1" 200 None
2017-09-16 15:59:37,533 - [root:63] - INFO - procotol:http, hostname:home.baidu.com, new_link:/home/index
2017-09-16 15:59:37,533 - [root:63] - INFO - procotol:http, hostname:home.baidu.com, new_link:/home/index
2017-09-16 15:59:37,534 - [root:63] - INFO - procotol:http, hostname:home.baidu.com, new_link:/home/index/join_us
2017-09-16 15:59:37,535 - [root:63] - INFO - procotol:http, hostname:home.baidu.com, new_link:/home/index/contact_us
2017-09-16 15:59:37,535 - [root:63] - INFO - procotol:http, hostname:home.baidu.com, new_link:/home/index
2017-09-16 15:59:37,535 - [root:63] - INFO - procotol:http, hostname:home.baidu.com, new_link:/home/index/join_us
2017-09-16 15:59:37,536 - [root:63] - INFO - procotol:http, hostname:home.baidu.com, new_link:/home/index/contact_us
2017-09-16 15:59:37,537 - [root:45] - INFO - url http://home.baidu.com/home/index/show_banner_content/id/15/type/mobile is not match
2017-09-16 15:59:37,542 - [requests.packages.urllib3.connectionpool:395] - DEBUG - https://www.baidu.com:443 "GET /s?wd=%E7%BE%8E%E5%9B%BD%E5%86%9B%E4%BA%8B%E5%9F%BA%E5%9C%B0%E7%88%86%E7%82%B8 HTTP/1.1" 200 227
2017-09-16 15:59:37,550 - [root:45] - INFO - url https://www.baidu.com/s?wd=美国军事基地爆炸 is not match
2017-09-16 15:59:37,588 - [requests.packages.urllib3.connectionpool:207] - DEBUG - Starting new HTTP connection (1): weibo.com
2017-09-16 15:59:37,684 - [requests.packages.urllib3.connectionpool:395] - DEBUG - http://weibo.com:80 "GET /baiduguanfang?refer_flag=1001030101_&is_hot=1 HTTP/1.1" 302 None
2017-09-16 15:59:37,689 - [requests.packages.urllib3.connectionpool:818] - DEBUG - Starting new HTTPS connection (1): passport.weibo.com
2017-09-16 15:59:37,913 - [requests.packages.urllib3.connectionpool:395] - DEBUG - https://passport.weibo.com:443 "GET /visitor/visitor?entry=miniblog&a=enter&url=http%3A%2F%2Fweibo.com%2Fbaiduguanfang%3Frefer_flag%3D1001030101_%26is_hot%3D1&domain=.weibo.com&ua=php-sso_sdk_client-0.6.23&_rand=1505548776.0518 HTTP/1.1" 200 None
2017-09-16 15:59:37,925 - [root:45] - INFO - url http://weibo.com/baiduguanfang?refer_flag=1001030101_&is_hot=1 is not match
2017-09-16 15:59:38,074 - [requests.packages.urllib3.connectionpool:207] - DEBUG - Starting new HTTP connection (1): home.baidu.com
2017-09-16 15:59:38,097 - [requests.packages.urllib3.connectionpool:818] - DEBUG - Starting new HTTPS connection (1): twitter.com
2017-09-16 15:59:38,144 - [requests.packages.urllib3.connectionpool:818] - DEBUG - Starting new HTTPS connection (1): www.baidu.com
2017-09-16 15:59:38,151 - [requests.packages.urllib3.connectionpool:207] - DEBUG - Starting new HTTP connection (1): home.baidu.com
2017-09-16 15:59:38,155 - [requests.packages.urllib3.connectionpool:395] - DEBUG - http://home.baidu.com:80 "GET /home/index/news_detail/id/17710 HTTP/1.1" 200 None
2017-09-16 15:59:38,186 - [requests.packages.urllib3.connectionpool:395] - DEBUG - http://home.baidu.com:80 "GET /home/index/management_team HTTP/1.1" 200 None
2017-09-16 15:59:38,219 - [root:63] - INFO - procotol:http, hostname:home.baidu.com, new_link:/home/index
2017-09-16 15:59:38,221 - [root:63] - INFO - procotol:http, hostname:home.baidu.com, new_link:/home/index
2017-09-16 15:59:38,221 - [root:63] - INFO - procotol:http, hostname:home.baidu.com, new_link:/home/index/join_us
2017-09-16 15:59:38,222 - [root:63] - INFO - procotol:http, hostname:home.baidu.com, new_link:/home/index/contact_us
2017-09-16 15:59:38,222 - [root:63] - INFO - procotol:http, hostname:home.baidu.com, new_link:/home/index
2017-09-16 15:59:38,223 - [root:63] - INFO - procotol:http, hostname:home.baidu.com, new_link:/home/index/join_us
2017-09-16 15:59:38,223 - [root:63] - INFO - procotol:http, hostname:home.baidu.com, new_link:/home/index/contact_us
2017-09-16 15:59:38,224 - [root:45] - INFO - url http://home.baidu.com/home/index/news_detail/id/17710 is not match
2017-09-16 15:59:38,269 - [root:63] - INFO - procotol:http, hostname:home.baidu.com, new_link:/home/index
2017-09-16 15:59:38,270 - [root:63] - INFO - procotol:http, hostname:home.baidu.com, new_link:/home/index
2017-09-16 15:59:38,270 - [root:63] - INFO - procotol:http, hostname:home.baidu.com, new_link:/home/index/join_us
2017-09-16 15:59:38,271 - [requests.packages.urllib3.connectionpool:395] - DEBUG - https://www.baidu.com:443 "GET /s?wd=%E9%B9%BF%E6%99%97%E9%99%88%E8%B5%AB%E6%B8%B8%E6%88%8F%E7%9B%B4%E6%92%AD HTTP/1.1" 200 227
2017-09-16 15:59:38,271 - [root:63] - INFO - procotol:http, hostname:home.baidu.com, new_link:/home/index/contact_us
2017-09-16 15:59:38,279 - [root:45] - INFO - url https://www.baidu.com/s?wd=鹿晗陈赫游戏直播 is not match
2017-09-16 15:59:38,280 - [root:63] - INFO - procotol:http, hostname:home.baidu.com, new_link:/home/index
2017-09-16 15:59:38,281 - [root:63] - INFO - procotol:http, hostname:home.baidu.com, new_link:/home/index/join_us
2017-09-16 15:59:38,282 - [root:63] - INFO - procotol:http, hostname:home.baidu.com, new_link:/home/index/contact_us
2017-09-16 15:59:38,283 - [root:45] - INFO - url http://home.baidu.com/home/index/management_team is not match
2017-09-16 15:59:38,491 - [root:105] - ERROR - url //ir.baidu.com/phoenix.zhtml?c=188488&p=irol-irhome startswith //
2017-09-16 15:59:38,497 - [requests.packages.urllib3.connectionpool:818] - DEBUG - Starting new HTTPS connection (1): www.baidu.com
2017-09-16 15:59:38,543 - [requests.packages.urllib3.connectionpool:818] - DEBUG - Starting new HTTPS connection (1): www.baidu.com
2017-09-16 15:59:38,545 - [requests.packages.urllib3.connectionpool:395] - DEBUG - https://www.baidu.com:443 "GET /s?wd=%E6%AF%94%E7%89%B9%E5%B8%81%E4%B8%AD%E5%9B%BD%E5%B0%86%E5%85%B3%E5%81%9C HTTP/1.1" 200 227
2017-09-16 15:59:38,559 - [requests.packages.urllib3.connectionpool:818] - DEBUG - Starting new HTTPS connection (1): www.baidu.com
2017-09-16 15:59:38,562 - [root:45] - INFO - url https://www.baidu.com/s?wd=比特币中国将关停 is not match
2017-09-16 15:59:38,607 - [requests.packages.urllib3.connectionpool:395] - DEBUG - https://www.baidu.com:443 "GET /s?wd=%E4%BC%A0%E5%A5%87%E5%A4%A7%E7%86%8A%E7%8C%AB%E5%8E%BB%E4%B8%96 HTTP/1.1" 200 227
2017-09-16 15:59:38,616 - [root:45] - INFO - url https://www.baidu.com/s?wd=传奇大熊猫去世 is not match
2017-09-16 15:59:38,616 - [requests.packages.urllib3.connectionpool:395] - DEBUG - https://www.baidu.com:443 "GET /s?wd=%E8%97%8F%E7%8D%92%E7%BB%8F%E6%B5%8E%E5%B4%A9%E7%9B%98 HTTP/1.1" 200 227
2017-09-16 15:59:38,624 - [root:45] - INFO - url https://www.baidu.com/s?wd=藏獒经济崩盘 is not match
2017-09-16 15:59:38,935 - [requests.packages.urllib3.connectionpool:207] - DEBUG - Starting new HTTP connection (1): union.baidu.com
2017-09-16 15:59:38,960 - [requests.packages.urllib3.connectionpool:395] - DEBUG - http://union.baidu.com:80 "GET /customerLogin.html?fromu=http%3A%2F%2Funion.baidu.com%2F HTTP/1.1" 200 None
2017-09-16 15:59:39,005 - [root:63] - INFO - procotol:http, hostname:union.baidu.com, new_link:http:///www.ifeng.com/
2017-09-16 15:59:39,006 - [root:63] - INFO - procotol:http, hostname:union.baidu.com, new_link:/register.action
2017-09-16 15:59:39,008 - [root:45] - INFO - url http://union.baidu.com/customerLogin.html?fromu=http%3A%2F%2Funion.baidu.com%2F is not match
2017-09-16 15:59:39,104 - [root:77] - ERROR - Connection Error url https://twitter.com/Baidu_Inc
2017-09-16 15:59:39,105 - [root:115] - ERROR - crawl url https://twitter.com/Baidu_Inc failed, status code 4
2017-09-16 15:59:39,276 - [requests.packages.urllib3.connectionpool:818] - DEBUG - Starting new HTTPS connection (1): www.baidu.com
2017-09-16 15:59:39,294 - [requests.packages.urllib3.connectionpool:207] - DEBUG - Starting new HTTP connection (1): home.baidu.com
2017-09-16 15:59:39,295 - [requests.packages.urllib3.connectionpool:207] - DEBUG - Starting new HTTP connection (1): quanjing.baidu.com
2017-09-16 15:59:39,327 - [requests.packages.urllib3.connectionpool:395] - DEBUG - http://home.baidu.com:80 "GET /home/index/show_banner_content/id/38 HTTP/1.1" 200 None
2017-09-16 15:59:39,371 - [requests.packages.urllib3.connectionpool:395] - DEBUG - https://www.baidu.com:443 "GET /s?wd=%E9%AA%91%E5%8D%95%E8%BD%A6%E8%BA%AB%E4%BA%A1%E6%A1%88%E5%BC%80%E5%BA%AD HTTP/1.1" 200 227
2017-09-16 15:59:39,373 - [root:63] - INFO - procotol:http, hostname:home.baidu.com, new_link:/home/index
2017-09-16 15:59:39,380 - [root:63] - INFO - procotol:http, hostname:home.baidu.com, new_link:/home/index
2017-09-16 15:59:39,381 - [root:63] - INFO - procotol:http, hostname:home.baidu.com, new_link:/home/index/join_us
2017-09-16 15:59:39,382 - [root:63] - INFO - procotol:http, hostname:home.baidu.com, new_link:/home/index/contact_us
2017-09-16 15:59:39,386 - [root:45] - INFO - url https://www.baidu.com/s?wd=骑单车身亡案开庭 is not match
2017-09-16 15:59:39,386 - [root:63] - INFO - procotol:http, hostname:home.baidu.com, new_link:/home/index
2017-09-16 15:59:39,387 - [root:63] - INFO - procotol:http, hostname:home.baidu.com, new_link:/home/index/join_us
2017-09-16 15:59:39,387 - [root:63] - INFO - procotol:http, hostname:home.baidu.com, new_link:/home/index/contact_us
2017-09-16 15:59:39,389 - [root:45] - INFO - url http://home.baidu.com/home/index/show_banner_content/id/38 is not match
2017-09-16 15:59:39,569 - [requests.packages.urllib3.connectionpool:207] - DEBUG - Starting new HTTP connection (1): home.baidu.com
2017-09-16 15:59:39,626 - [requests.packages.urllib3.connectionpool:818] - DEBUG - Starting new HTTPS connection (1): www.baidu.com
2017-09-16 15:59:39,635 - [requests.packages.urllib3.connectionpool:207] - DEBUG - Starting new HTTP connection (1): home.baidu.com
2017-09-16 15:59:39,774 - [requests.packages.urllib3.connectionpool:395] - DEBUG - https://www.baidu.com:443 "GET /s?wd=%E6%94%BF%E5%BA%9C%E7%A6%81%E7%94%A8%E5%8D%A1%E5%B7%B4%E6%96%AF%E5%9F%BA HTTP/1.1" 200 227
2017-09-16 15:59:39,785 - [requests.packages.urllib3.connectionpool:395] - DEBUG - http://home.baidu.com:80 "GET /home/index/news_detail/id/17709 HTTP/1.1" 200 None
2017-09-16 15:59:39,796 - [root:45] - INFO - url https://www.baidu.com/s?wd=政府禁用卡巴斯基 is not match
2017-09-16 15:59:39,801 - [requests.packages.urllib3.connectionpool:395] - DEBUG - http://home.baidu.com:80 "GET /home/index/news_list HTTP/1.1" 200 None
2017-09-16 15:59:39,847 - [root:63] - INFO - procotol:http, hostname:home.baidu.com, new_link:/home/index
2017-09-16 15:59:39,848 - [root:63] - INFO - procotol:http, hostname:home.baidu.com, new_link:/home/index
2017-09-16 15:59:39,874 - [root:63] - INFO - procotol:http, hostname:home.baidu.com, new_link:/home/index/join_us
2017-09-16 15:59:39,918 - [root:63] - INFO - procotol:http, hostname:home.baidu.com, new_link:/home/index
2017-09-16 15:59:39,918 - [root:63] - INFO - procotol:http, hostname:home.baidu.com, new_link:/home/index/contact_us
2017-09-16 15:59:39,918 - [root:63] - INFO - procotol:http, hostname:home.baidu.com, new_link:/home/index
2017-09-16 15:59:39,919 - [root:63] - INFO - procotol:http, hostname:home.baidu.com, new_link:/home/index
2017-09-16 15:59:39,919 - [root:63] - INFO - procotol:http, hostname:home.baidu.com, new_link:/home/index/join_us
2017-09-16 15:59:39,920 - [root:63] - INFO - procotol:http, hostname:home.baidu.com, new_link:/home/index/join_us
2017-09-16 15:59:39,920 - [root:63] - INFO - procotol:http, hostname:home.baidu.com, new_link:/home/index/contact_us
2017-09-16 15:59:39,920 - [root:63] - INFO - procotol:http, hostname:home.baidu.com, new_link:/home/index/contact_us
2017-09-16 15:59:39,921 - [root:63] - INFO - procotol:http, hostname:home.baidu.com, new_link:/home/index
2017-09-16 15:59:39,922 - [root:45] - INFO - url http://home.baidu.com/home/index/news_detail/id/17709 is not match
2017-09-16 15:59:39,923 - [root:63] - INFO - procotol:http, hostname:home.baidu.com, new_link:/home/index/join_us
2017-09-16 15:59:39,924 - [root:63] - INFO - procotol:http, hostname:home.baidu.com, new_link:/home/index/contact_us
2017-09-16 15:59:39,924 - [root:63] - INFO - procotol:http, hostname:home.baidu.com, new_link:/home/index/news_detail/id/17714
2017-09-16 15:59:39,925 - [root:63] - INFO - procotol:http, hostname:home.baidu.com, new_link:/home/index/news_detail/id/17713
2017-09-16 15:59:39,925 - [root:63] - INFO - procotol:http, hostname:home.baidu.com, new_link:/home/index/news_detail/id/17712
2017-09-16 15:59:39,925 - [root:63] - INFO - procotol:http, hostname:home.baidu.com, new_link:/home/index/news_detail/id/17711
2017-09-16 15:59:39,926 - [root:63] - INFO - procotol:http, hostname:home.baidu.com, new_link:/home/index/news_detail/id/17710
2017-09-16 15:59:39,926 - [root:63] - INFO - procotol:http, hostname:home.baidu.com, new_link:/home/index/news_detail/id/17709
2017-09-16 15:59:39,926 - [root:63] - INFO - procotol:http, hostname:home.baidu.com, new_link:/home/index/news_detail/id/17708
2017-09-16 15:59:39,927 - [root:63] - INFO - procotol:http, hostname:home.baidu.com, new_link:/home/index/news_detail/id/17707
2017-09-16 15:59:39,927 - [root:63] - INFO - procotol:http, hostname:home.baidu.com, new_link:/home/index/news_detail/id/17706
2017-09-16 15:59:39,927 - [root:63] - INFO - procotol:http, hostname:home.baidu.com, new_link:/home/index/news_detail/id/17703
2017-09-16 15:59:39,928 - [root:63] - INFO - procotol:http, hostname:home.baidu.com, new_link:/home/index/news_detail/id/17704
2017-09-16 15:59:39,928 - [root:63] - INFO - procotol:http, hostname:home.baidu.com, new_link:/home/index/news_detail/id/17705
2017-09-16 15:59:39,928 - [root:63] - INFO - procotol:http, hostname:home.baidu.com, new_link:/home/index/news_detail/id/17702
2017-09-16 15:59:39,929 - [root:63] - INFO - procotol:http, hostname:home.baidu.com, new_link:/home/index/news_detail/id/17701
2017-09-16 15:59:39,929 - [root:63] - INFO - procotol:http, hostname:home.baidu.com, new_link:/home/index/news_detail/id/17700
2017-09-16 15:59:39,930 - [root:45] - INFO - url http://home.baidu.com/home/index/news_list is not match
2017-09-16 15:59:40,015 - [requests.packages.urllib3.connectionpool:818] - DEBUG - Starting new HTTPS connection (1): www.baidu.com
2017-09-16 15:59:40,072 - [requests.packages.urllib3.connectionpool:395] - DEBUG - https://www.baidu.com:443 "GET /s?wd=%E6%9E%97%E5%BF%83%E5%A6%82%E5%BE%8B%E5%B8%88%E5%8F%91%E5%A3%B0%E6%98%8E HTTP/1.1" 200 227
2017-09-16 15:59:40,080 - [root:45] - INFO - url https://www.baidu.com/s?wd=林心如律师发声明 is not match
2017-09-16 15:59:40,113 - [requests.packages.urllib3.connectionpool:818] - DEBUG - Starting new HTTPS connection (1): www.baidu.com
2017-09-16 15:59:40,172 - [requests.packages.urllib3.connectionpool:395] - DEBUG - https://www.baidu.com:443 "GET /s?wd=%E5%BC%A0%E4%B8%80%E5%B1%B1%E6%8B%8D%E6%88%8F%E9%81%AD%E8%87%AD%E9%AA%82 HTTP/1.1" 200 227
2017-09-16 15:59:40,180 - [root:45] - INFO - url https://www.baidu.com/s?wd=张一山拍戏遭臭骂 is not match
2017-09-16 15:59:40,396 - [requests.packages.urllib3.connectionpool:818] - DEBUG - Starting new HTTPS connection (1): www.baidu.com
2017-09-16 15:59:40,399 - [requests.packages.urllib3.connectionpool:818] - DEBUG - Starting new HTTPS connection (1): www.baidu.com
2017-09-16 15:59:40,461 - [requests.packages.urllib3.connectionpool:395] - DEBUG - https://www.baidu.com:443 "GET /s?wd=%E6%9E%97%E5%BF%97%E7%8E%B2%E5%8D%8A%E8%B9%B2%E9%A2%81%E5%A5%96 HTTP/1.1" 200 227
2017-09-16 15:59:40,468 - [requests.packages.urllib3.connectionpool:395] - DEBUG - https://www.baidu.com:443 "GET /s?wd=%E4%BA%AC%E4%B8%9C%E8%BF%9B%E5%86%9B%E6%88%BF%E5%9C%B0%E4%BA%A7 HTTP/1.1" 200 227
2017-09-16 15:59:40,472 - [requests.packages.urllib3.connectionpool:395] - DEBUG - http://quanjing.baidu.com:80 "GET /baidu HTTP/1.1" 301 0
2017-09-16 15:59:40,475 - [root:45] - INFO - url https://www.baidu.com/s?wd=林志玲半蹲颁奖 is not match
2017-09-16 15:59:40,483 - [root:45] - INFO - url https://www.baidu.com/s?wd=京东进军房地产 is not match
2017-09-16 15:59:40,814 - [requests.packages.urllib3.connectionpool:207] - DEBUG - Starting new HTTP connection (1): home.baidu.com
2017-09-16 15:59:40,843 - [requests.packages.urllib3.connectionpool:395] - DEBUG - http://home.baidu.com:80 "GET /home/index/special/id/40 HTTP/1.1" 200 None
2017-09-16 15:59:40,904 - [root:63] - INFO - procotol:http, hostname:home.baidu.com, new_link:/home/index
2017-09-16 15:59:40,905 - [root:63] - INFO - procotol:http, hostname:home.baidu.com, new_link:/home/index
2017-09-16 15:59:40,905 - [root:63] - INFO - procotol:http, hostname:home.baidu.com, new_link:/home/index/join_us
2017-09-16 15:59:40,905 - [root:63] - INFO - procotol:http, hostname:home.baidu.com, new_link:/home/index/contact_us
2017-09-16 15:59:40,906 - [root:63] - INFO - procotol:http, hostname:home.baidu.com, new_link:/home/index
2017-09-16 15:59:40,906 - [root:63] - INFO - procotol:http, hostname:home.baidu.com, new_link:/home/index/join_us
2017-09-16 15:59:40,906 - [root:63] - INFO - procotol:http, hostname:home.baidu.com, new_link:/home/index/contact_us
2017-09-16 15:59:40,907 - [root:45] - INFO - url http://home.baidu.com/home/index/special/id/40 is not match
2017-09-16 15:59:40,932 - [requests.packages.urllib3.connectionpool:207] - DEBUG - Starting new HTTP connection (1): home.baidu.com
2017-09-16 15:59:40,937 - [requests.packages.urllib3.connectionpool:818] - DEBUG - Starting new HTTPS connection (1): www.baidu.com
2017-09-16 15:59:40,993 - [requests.packages.urllib3.connectionpool:395] - DEBUG - https://www.baidu.com:443 "GET /s?wd=%E9%95%BF%E6%B1%9F%E5%8F%A3%E5%9E%83%E5%9C%BE%E5%80%BE%E5%80%92%E6%A1%88 HTTP/1.1" 200 227
2017-09-16 15:59:41,003 - [root:45] - INFO - url https://www.baidu.com/s?wd=长江口垃圾倾倒案 is not match
2017-09-16 15:59:41,003 - [requests.packages.urllib3.connectionpool:395] - DEBUG - http://home.baidu.com:80 "GET /home/index/special/id/29 HTTP/1.1" 200 None
2017-09-16 15:59:41,072 - [requests.packages.urllib3.connectionpool:395] - DEBUG - http://quanjing.baidu.com:80 "GET /baidu/ HTTP/1.1" 200 733
2017-09-16 15:59:41,073 - [root:63] - INFO - procotol:http, hostname:home.baidu.com, new_link:/home/index
2017-09-16 15:59:41,075 - [root:63] - INFO - procotol:http, hostname:home.baidu.com, new_link:/home/index
2017-09-16 15:59:41,076 - [root:63] - INFO - procotol:http, hostname:home.baidu.com, new_link:/home/index/join_us
2017-09-16 15:59:41,081 - [root:45] - INFO - url http://quanjing.baidu.com/baidu is not match
2017-09-16 15:59:41,082 - [root:63] - INFO - procotol:http, hostname:home.baidu.com, new_link:/home/index/contact_us
2017-09-16 15:59:41,082 - [root:63] - INFO - procotol:http, hostname:home.baidu.com, new_link:/home/index
2017-09-16 15:59:41,083 - [root:63] - INFO - procotol:http, hostname:home.baidu.com, new_link:/home/index/join_us
2017-09-16 15:59:41,083 - [root:63] - INFO - procotol:http, hostname:home.baidu.com, new_link:/home/index/contact_us
2017-09-16 15:59:41,084 - [root:45] - INFO - url http://home.baidu.com/home/index/special/id/29 is not match
2017-09-16 15:59:41,087 - [requests.packages.urllib3.connectionpool:207] - DEBUG - Starting new HTTP connection (1): home.baidu.com
2017-09-16 15:59:41,115 - [requests.packages.urllib3.connectionpool:395] - DEBUG - http://home.baidu.com:80 "GET /home/index HTTP/1.1" 200 None
2017-09-16 15:59:41,242 - [requests.packages.urllib3.connectionpool:818] - DEBUG - Starting new HTTPS connection (1): www.baidu.com
2017-09-16 15:59:41,247 - [root:63] - INFO - procotol:http, hostname:home.baidu.com, new_link:/home/index
2017-09-16 15:59:41,248 - [root:63] - INFO - procotol:http, hostname:home.baidu.com, new_link:/home/index
2017-09-16 15:59:41,248 - [root:63] - INFO - procotol:http, hostname:home.baidu.com, new_link:/home/index/join_us
2017-09-16 15:59:41,249 - [root:63] - INFO - procotol:http, hostname:home.baidu.com, new_link:/home/index/contact_us
2017-09-16 15:59:41,249 - [root:63] - INFO - procotol:http, hostname:home.baidu.com, new_link:/home/index
2017-09-16 15:59:41,250 - [root:63] - INFO - procotol:http, hostname:home.baidu.com, new_link:/home/index/join_us
2017-09-16 15:59:41,250 - [root:63] - INFO - procotol:http, hostname:home.baidu.com, new_link:/home/index/contact_us
2017-09-16 15:59:41,250 - [root:63] - INFO - procotol:http, hostname:home.baidu.com, new_link:/home/index/show_banner_content/id/48
2017-09-16 15:59:41,251 - [root:63] - INFO - procotol:http, hostname:home.baidu.com, new_link:/home/index/show_banner_content/id/15/type/mobile
2017-09-16 15:59:41,251 - [root:63] - INFO - procotol:http, hostname:home.baidu.com, new_link:/home/index/show_banner_content/id/38
2017-09-16 15:59:41,251 - [root:63] - INFO - procotol:http, hostname:home.baidu.com, new_link:/home/index/show_banner_content/id/47
2017-09-16 15:59:41,252 - [root:63] - INFO - procotol:http, hostname:home.baidu.com, new_link:/home/index/show_mobile_banner_content/id/64
2017-09-16 15:59:41,252 - [root:63] - INFO - procotol:http, hostname:home.baidu.com, new_link:/home/index/show_mobile_banner_content/id/62
2017-09-16 15:59:41,252 - [root:63] - INFO - procotol:http, hostname:home.baidu.com, new_link:/home/index/news_list
2017-09-16 15:59:41,253 - [root:63] - INFO - procotol:http, hostname:home.baidu.com, new_link:/home/index/news_detail/id/17714
2017-09-16 15:59:41,253 - [root:63] - INFO - procotol:http, hostname:home.baidu.com, new_link:/home/index/news_detail/id/17713
2017-09-16 15:59:41,253 - [root:63] - INFO - procotol:http, hostname:home.baidu.com, new_link:/home/index/news_detail/id/17712
2017-09-16 15:59:41,254 - [root:63] - INFO - procotol:http, hostname:home.baidu.com, new_link:/home/index/news_detail/id/17711
2017-09-16 15:59:41,254 - [root:63] - INFO - procotol:http, hostname:home.baidu.com, new_link:/home/index/news_detail/id/17710
2017-09-16 15:59:41,254 - [root:63] - INFO - procotol:http, hostname:home.baidu.com, new_link:/home/index/news_detail/id/17709
2017-09-16 15:59:41,255 - [root:63] - INFO - procotol:http, hostname:home.baidu.com, new_link:/home/index/news_list
2017-09-16 15:59:41,255 - [root:63] - INFO - procotol:http, hostname:home.baidu.com, new_link:/home/index/special/id/40
2017-09-16 15:59:41,255 - [root:63] - INFO - procotol:http, hostname:home.baidu.com, new_link:/home/index/special/id/29
2017-09-16 15:59:41,257 - [root:63] - INFO - procotol:http, hostname:home.baidu.com, new_link:/home/index/special/id/34
2017-09-16 15:59:41,257 - [root:63] - INFO - procotol:http, hostname:home.baidu.com, new_link:/home/index/join_us
2017-09-16 15:59:41,259 - [root:63] - INFO - procotol:http, hostname:home.baidu.com, new_link:/home/index/company_culture
2017-09-16 15:59:41,260 - [root:63] - INFO - procotol:http, hostname:home.baidu.com, new_link:/home/index/company
2017-09-16 15:59:41,260 - [root:63] - INFO - procotol:http, hostname:home.baidu.com, new_link:/home/index/baidu_road
2017-09-16 15:59:41,260 - [root:63] - INFO - procotol:http, hostname:home.baidu.com, new_link:/home/index/management_team
2017-09-16 15:59:41,261 - [root:45] - INFO - url http://home.baidu.com/home/index is not match
2017-09-16 15:59:41,304 - [requests.packages.urllib3.connectionpool:395] - DEBUG - https://www.baidu.com:443 "GET /s?wd=%E9%A9%AC%E4%BC%8A%E7%90%8D%E6%96%B0%E6%88%8F%E6%8E%A5%E9%95%BF%E5%8F%91 HTTP/1.1" 200 227
2017-09-16 15:59:41,325 - [root:45] - INFO - url https://www.baidu.com/s?wd=马伊琍新戏接长发 is not match
2017-09-16 15:59:41,484 - [requests.packages.urllib3.connectionpool:818] - DEBUG - Starting new HTTPS connection (1): www.baidu.com
2017-09-16 15:59:41,489 - [requests.packages.urllib3.connectionpool:207] - DEBUG - Starting new HTTP connection (1): e.baidu.com
2017-09-16 15:59:41,539 - [requests.packages.urllib3.connectionpool:395] - DEBUG - https://www.baidu.com:443 "GET /s?wd=%E9%99%88%E7%BE%BD%E5%87%A1%E5%A4%8D%E5%87%BA HTTP/1.1" 200 227
2017-09-16 15:59:41,548 - [root:45] - INFO - url https://www.baidu.com/s?wd=陈羽凡复出 is not match
2017-09-16 15:59:41,914 - [requests.packages.urllib3.connectionpool:207] - DEBUG - Starting new HTTP connection (1): ai.baidu.com
2017-09-16 15:59:41,942 - [requests.packages.urllib3.connectionpool:395] - DEBUG - http://e.baidu.com:80 "GET /?subsite=bj HTTP/1.1" 200 None
2017-09-16 15:59:42,011 - [requests.packages.urllib3.connectionpool:207] - DEBUG - Starting new HTTP connection (1): home.baidu.com
2017-09-16 15:59:42,057 - [root:63] - INFO - procotol:http, hostname:e.baidu.com, new_link:/localservice?subsite=bj
2017-09-16 15:59:42,058 - [root:63] - INFO - procotol:http, hostname:e.baidu.com, new_link:javascript:void(-2);
2017-09-16 15:59:42,058 - [root:63] - INFO - procotol:http, hostname:e.baidu.com, new_link:/help?subsite=bj
2017-09-16 15:59:42,059 - [root:63] - INFO - procotol:http, hostname:e.baidu.com, new_link:javascript:void(0);
2017-09-16 15:59:42,059 - [root:63] - INFO - procotol:http, hostname:e.baidu.com, new_link:/?subsite=bj
2017-09-16 15:59:42,059 - [root:63] - INFO - procotol:http, hostname:e.baidu.com, new_link:javascript:;
2017-09-16 15:59:42,060 - [root:63] - INFO - procotol:http, hostname:e.baidu.com, new_link:javascript:;
2017-09-16 15:59:42,060 - [root:63] - INFO - procotol:http, hostname:e.baidu.com, new_link:javascript:;
2017-09-16 15:59:42,060 - [root:63] - INFO - procotol:http, hostname:e.baidu.com, new_link:javascript:;
2017-09-16 15:59:42,061 - [root:63] - INFO - procotol:http, hostname:e.baidu.com, new_link:javascript:;
2017-09-16 15:59:42,061 - [root:63] - INFO - procotol:http, hostname:e.baidu.com, new_link:javascript:;
2017-09-16 15:59:42,061 - [root:63] - INFO - procotol:http, hostname:e.baidu.com, new_link:javascript:;
2017-09-16 15:59:42,062 - [root:63] - INFO - procotol:http, hostname:e.baidu.com, new_link:javascript:;
2017-09-16 15:59:42,062 - [root:63] - INFO - procotol:http, hostname:e.baidu.com, new_link:javascript:;
2017-09-16 15:59:42,062 - [root:63] - INFO - procotol:http, hostname:e.baidu.com, new_link:javascript:;
2017-09-16 15:59:42,063 - [root:63] - INFO - procotol:http, hostname:e.baidu.com, new_link:javascript:;
2017-09-16 15:59:42,063 - [root:63] - INFO - procotol:http, hostname:e.baidu.com, new_link:javascript:;
2017-09-16 15:59:42,063 - [root:63] - INFO - procotol:http, hostname:e.baidu.com, new_link:javascript:;
2017-09-16 15:59:42,064 - [root:63] - INFO - procotol:http, hostname:e.baidu.com, new_link:javascript:;
2017-09-16 15:59:42,064 - [root:63] - INFO - procotol:http, hostname:e.baidu.com, new_link:javascript:;
2017-09-16 15:59:42,064 - [root:63] - INFO - procotol:http, hostname:e.baidu.com, new_link:javascript:;
2017-09-16 15:59:42,065 - [root:63] - INFO - procotol:http, hostname:e.baidu.com, new_link:javascript:;
2017-09-16 15:59:42,065 - [root:63] - INFO - procotol:http, hostname:e.baidu.com, new_link:javascript:;
2017-09-16 15:59:42,065 - [root:63] - INFO - procotol:http, hostname:e.baidu.com, new_link:javascript:;
2017-09-16 15:59:42,066 - [root:63] - INFO - procotol:http, hostname:e.baidu.com, new_link:javascript:;
2017-09-16 15:59:42,066 - [root:63] - INFO - procotol:http, hostname:e.baidu.com, new_link:javascript:;
2017-09-16 15:59:42,066 - [root:63] - INFO - procotol:http, hostname:e.baidu.com, new_link:javascript:;
2017-09-16 15:59:42,067 - [root:63] - INFO - procotol:http, hostname:e.baidu.com, new_link:javascript:;
2017-09-16 15:59:42,067 - [root:63] - INFO - procotol:http, hostname:e.baidu.com, new_link:javascript:;
2017-09-16 15:59:42,067 - [root:63] - INFO - procotol:http, hostname:e.baidu.com, new_link:javascript:;
2017-09-16 15:59:42,067 - [root:63] - INFO - procotol:http, hostname:e.baidu.com, new_link:javascript:;
2017-09-16 15:59:42,068 - [root:63] - INFO - procotol:http, hostname:e.baidu.com, new_link:javascript:;
2017-09-16 15:59:42,068 - [root:63] - INFO - procotol:http, hostname:e.baidu.com, new_link:javascript:;
2017-09-16 15:59:42,068 - [root:63] - INFO - procotol:http, hostname:e.baidu.com, new_link:javascript:;
2017-09-16 15:59:42,069 - [root:63] - INFO - procotol:http, hostname:e.baidu.com, new_link:javascript:;
2017-09-16 15:59:42,069 - [root:63] - INFO - procotol:http, hostname:e.baidu.com, new_link:javascript:;
2017-09-16 15:59:42,069 - [root:63] - INFO - procotol:http, hostname:e.baidu.com, new_link:/?subsite=bj
2017-09-16 15:59:42,070 - [root:63] - INFO - procotol:http, hostname:e.baidu.com, new_link:/solutions-client?subsite=bj
2017-09-16 15:59:42,070 - [root:63] - INFO - procotol:http, hostname:e.baidu.com, new_link:/product?subsite=bj
2017-09-16 15:59:42,070 - [root:63] - INFO - procotol:http, hostname:e.baidu.com, new_link:/cases?subsite=bj
2017-09-16 15:59:42,071 - [root:63] - INFO - procotol:http, hostname:e.baidu.com, new_link:/news?subsite=bj
2017-09-16 15:59:42,071 - [root:63] - INFO - procotol:http, hostname:e.baidu.com, new_link:/feed?subsite=bj
2017-09-16 15:59:42,072 - [root:63] - INFO - procotol:http, hostname:e.baidu.com, new_link:javascript:;
2017-09-16 15:59:42,072 - [root:63] - INFO - procotol:http, hostname:e.baidu.com, new_link:javascript:;
2017-09-16 15:59:42,072 - [root:63] - INFO - procotol:http, hostname:e.baidu.com, new_link:javascript:;
2017-09-16 15:59:42,073 - [root:63] - INFO - procotol:http, hostname:e.baidu.com, new_link:javascript:;
2017-09-16 15:59:42,073 - [root:63] - INFO - procotol:http, hostname:e.baidu.com, new_link:/solutions-client?subsite=bj
2017-09-16 15:59:42,073 - [root:63] - INFO - procotol:http, hostname:e.baidu.com, new_link:/solutions-client?subsite=bj#zhanxian
2017-09-16 15:59:42,074 - [root:63] - INFO - procotol:http, hostname:e.baidu.com, new_link:/solutions-client?subsite=bj#dianji
2017-09-16 15:59:42,074 - [root:63] - INFO - procotol:http, hostname:e.baidu.com, new_link:/solutions-client?subsite=bj#fangwen
2017-09-16 15:59:42,074 - [root:63] - INFO - procotol:http, hostname:e.baidu.com, new_link:/solutions-client?subsite=bj#zixun
2017-09-16 15:59:42,075 - [root:63] - INFO - procotol:http, hostname:e.baidu.com, new_link:/solutions-client?subsite=bj#chengjiao
2017-09-16 15:59:42,075 - [root:63] - INFO - procotol:http, hostname:e.baidu.com, new_link:/solutions?subsite=bj
2017-09-16 15:59:42,075 - [root:63] - INFO - procotol:http, hostname:e.baidu.com, new_link:/solutions?subsite=bj#any
2017-09-16 15:59:42,075 - [root:63] - INFO - procotol:http, hostname:e.baidu.com, new_link:/solutions?subsite=bj#jzrq
2017-09-16 15:59:42,076 - [root:63] - INFO - procotol:http, hostname:e.baidu.com, new_link:/solutions?subsite=bj#dzzj
2017-09-16 15:59:42,076 - [root:63] - INFO - procotol:http, hostname:e.baidu.com, new_link:/solutions?subsite=bj#ywxq
2017-09-16 15:59:42,077 - [root:63] - INFO - procotol:http, hostname:e.baidu.com, new_link:/solutions-brand?subsite=bj
2017-09-16 15:59:42,077 - [root:63] - INFO - procotol:http, hostname:e.baidu.com, new_link:/solutions-brand?subsite=bj#zdn
2017-09-16 15:59:42,077 - [root:63] - INFO - procotol:http, hostname:e.baidu.com, new_link:/solutions-brand?subsite=bj#ljn
2017-09-16 15:59:42,077 - [root:63] - INFO - procotol:http, hostname:e.baidu.com, new_link:/solutions-brand?subsite=bj#xhn
2017-09-16 15:59:42,078 - [root:63] - INFO - procotol:http, hostname:e.baidu.com, new_link:/solutions-brand?subsite=bj#xrn
2017-09-16 15:59:42,078 - [root:63] - INFO - procotol:http, hostname:e.baidu.com, new_link:/feed?subsite=bj
2017-09-16 15:59:42,078 - [root:63] - INFO - procotol:http, hostname:e.baidu.com, new_link:/feed?subsite=bj#xxl1
2017-09-16 15:59:42,079 - [root:63] - INFO - procotol:http, hostname:e.baidu.com, new_link:/feed?subsite=bj#xxl2
2017-09-16 15:59:42,079 - [root:63] - INFO - procotol:http, hostname:e.baidu.com, new_link:/feed?subsite=bj#xxl3
2017-09-16 15:59:42,079 - [root:63] - INFO - procotol:http, hostname:e.baidu.com, new_link:/feed?subsite=bj#xxl4
2017-09-16 15:59:42,080 - [root:63] - INFO - procotol:http, hostname:e.baidu.com, new_link:/help?subsite=bj
2017-09-16 15:59:42,080 - [root:63] - INFO - procotol:http, hostname:e.baidu.com, new_link:javascript:;
2017-09-16 15:59:42,081 - [root:63] - INFO - procotol:http, hostname:e.baidu.com, new_link:/node/129?subsite=bj
2017-09-16 15:59:42,081 - [root:63] - INFO - procotol:http, hostname:e.baidu.com, new_link:/node/90?subsite=bj
2017-09-16 15:59:42,082 - [root:63] - INFO - procotol:http, hostname:e.baidu.com, new_link:javascript:;
2017-09-16 15:59:42,082 - [root:63] - INFO - procotol:http, hostname:e.baidu.com, new_link:javascript:;
2017-09-16 15:59:42,082 - [root:63] - INFO - procotol:http, hostname:e.baidu.com, new_link:javascript:;
2017-09-16 15:59:42,082 - [root:63] - INFO - procotol:http, hostname:e.baidu.com, new_link:javascript:;
2017-09-16 15:59:42,083 - [root:63] - INFO - procotol:http, hostname:e.baidu.com, new_link:javascript:;
2017-09-16 15:59:42,083 - [root:63] - INFO - procotol:http, hostname:e.baidu.com, new_link:/help
2017-09-16 15:59:42,083 - [root:63] - INFO - procotol:http, hostname:e.baidu.com, new_link:/product?subsite=bj
2017-09-16 15:59:42,084 - [root:63] - INFO - procotol:http, hostname:e.baidu.com, new_link:/product-brand?subsite=bj
2017-09-16 15:59:42,084 - [root:63] - INFO - procotol:http, hostname:e.baidu.com, new_link:/product-mobile?subsite=bj
2017-09-16 15:59:42,085 - [root:63] - INFO - procotol:http, hostname:e.baidu.com, new_link:/product-net?subsite=bj
2017-09-16 15:59:42,085 - [root:63] - INFO - procotol:http, hostname:e.baidu.com, new_link:/product-community?subsite=bj
2017-09-16 15:59:42,085 - [root:63] - INFO - procotol:http, hostname:e.baidu.com, new_link:/product-tools?subsite=bj
2017-09-16 15:59:42,086 - [root:63] - INFO - procotol:http, hostname:e.baidu.com, new_link:/solutions-client?subsite=bj
2017-09-16 15:59:42,086 - [root:63] - INFO - procotol:http, hostname:e.baidu.com, new_link:/solutions?subsite=bj
2017-09-16 15:59:42,087 - [root:63] - INFO - procotol:http, hostname:e.baidu.com, new_link:/solutions-brand?subsite=bj
2017-09-16 15:59:42,092 - [root:63] - INFO - procotol:http, hostname:e.baidu.com, new_link:/solutions-o2o?subsite=bj
2017-09-16 15:59:42,093 - [requests.packages.urllib3.connectionpool:207] - DEBUG - Starting new HTTP connection (1): home.baidu.com
2017-09-16 15:59:42,093 - [requests.packages.urllib3.connectionpool:818] - DEBUG - Starting new HTTPS connection (1): www.baidu.com
2017-09-16 15:59:42,093 - [root:63] - INFO - procotol:http, hostname:e.baidu.com, new_link:/cases?subsite=bj#dqcx
2017-09-16 15:59:42,094 - [root:63] - INFO - procotol:http, hostname:e.baidu.com, new_link:/cases?subsite=bj#hycx
2017-09-16 15:59:42,095 - [root:63] - INFO - procotol:http, hostname:e.baidu.com, new_link:/cases?subsite=bj#zmqy
2017-09-16 15:59:42,096 - [root:63] - INFO - procotol:http, hostname:e.baidu.com, new_link:/news?subsite=bj
2017-09-16 15:59:42,096 - [root:63] - INFO - procotol:http, hostname:e.baidu.com, new_link:/news?subsite=bj
2017-09-16 15:59:42,097 - [root:63] - INFO - procotol:http, hostname:e.baidu.com, new_link:/help?subsite=bj
2017-09-16 15:59:42,097 - [root:63] - INFO - procotol:http, hostname:e.baidu.com, new_link:/localservice?subsite=bj
2017-09-16 15:59:42,097 - [root:63] - INFO - procotol:http, hostname:e.baidu.com, new_link:mailto:ask@baidu.com
2017-09-16 15:59:42,098 - [root:63] - INFO - procotol:http, hostname:e.baidu.com, new_link:javascript:void(1);
2017-09-16 15:59:42,098 - [root:63] - INFO - procotol:http, hostname:e.baidu.com, new_link:javascript:void(2);
2017-09-16 15:59:42,098 - [root:63] - INFO - procotol:http, hostname:e.baidu.com, new_link:javascript:void(-1);
2017-09-16 15:59:42,099 - [root:63] - INFO - procotol:http, hostname:e.baidu.com, new_link:javascript:;
2017-09-16 15:59:42,099 - [root:63] - INFO - procotol:http, hostname:e.baidu.com, new_link:/help
2017-09-16 15:59:42,101 - [root:45] - INFO - url http://e.baidu.com/?subsite=bj is not match
2017-09-16 15:59:42,123 - [requests.packages.urllib3.connectionpool:395] - DEBUG - http://home.baidu.com:80 "GET /home/index/show_mobile_banner_content/id/64 HTTP/1.1" 200 None
2017-09-16 15:59:42,164 - [requests.packages.urllib3.connectionpool:395] - DEBUG - http://home.baidu.com:80 "GET /home/index/show_mobile_banner_content/id/62 HTTP/1.1" 200 None
2017-09-16 15:59:42,187 - [root:63] - INFO - procotol:http, hostname:home.baidu.com, new_link:/home/index
2017-09-16 15:59:42,188 - [root:63] - INFO - procotol:http, hostname:home.baidu.com, new_link:/home/index
2017-09-16 15:59:42,189 - [root:63] - INFO - procotol:http, hostname:home.baidu.com, new_link:/home/index/join_us
2017-09-16 15:59:42,189 - [root:63] - INFO - procotol:http, hostname:home.baidu.com, new_link:/home/index/contact_us
2017-09-16 15:59:42,218 - [requests.packages.urllib3.connectionpool:395] - DEBUG - https://www.baidu.com:443 "GET /s?wd=%E8%B5%9B%E7%90%B3%E5%A8%9C%E6%89%8B%E6%9C%AF HTTP/1.1" 200 227
2017-09-16 15:59:42,226 - [root:63] - INFO - procotol:http, hostname:home.baidu.com, new_link:/home/index
2017-09-16 15:59:42,234 - [root:63] - INFO - procotol:http, hostname:home.baidu.com, new_link:/home/index
2017-09-16 15:59:42,242 - [root:45] - INFO - url https://www.baidu.com/s?wd=赛琳娜手术 is not match
2017-09-16 15:59:42,243 - [root:63] - INFO - procotol:http, hostname:home.baidu.com, new_link:/home/index/join_us
2017-09-16 15:59:42,243 - [root:63] - INFO - procotol:http, hostname:home.baidu.com, new_link:/home/index
2017-09-16 15:59:42,244 - [root:63] - INFO - procotol:http, hostname:home.baidu.com, new_link:/home/index/contact_us
2017-09-16 15:59:42,244 - [root:63] - INFO - procotol:http, hostname:home.baidu.com, new_link:/home/index/join_us
2017-09-16 15:59:42,246 - [root:45] - INFO - url http://home.baidu.com/home/index/show_mobile_banner_content/id/64 is not match
2017-09-16 15:59:42,246 - [root:63] - INFO - procotol:http, hostname:home.baidu.com, new_link:/home/index/contact_us
2017-09-16 15:59:42,247 - [root:63] - INFO - procotol:http, hostname:home.baidu.com, new_link:/home/index
2017-09-16 15:59:42,247 - [root:63] - INFO - procotol:http, hostname:home.baidu.com, new_link:/home/index/join_us
2017-09-16 15:59:42,247 - [root:63] - INFO - procotol:http, hostname:home.baidu.com, new_link:/home/index/contact_us
2017-09-16 15:59:42,248 - [root:45] - INFO - url http://home.baidu.com/home/index/show_mobile_banner_content/id/62 is not match
2017-09-16 15:59:42,268 - [requests.packages.urllib3.connectionpool:207] - DEBUG - Starting new HTTP connection (1): home.baidu.com
2017-09-16 15:59:42,308 - [requests.packages.urllib3.connectionpool:395] - DEBUG - http://ai.baidu.com:80 "GET / HTTP/1.1" 200 None
2017-09-16 15:59:42,312 - [requests.packages.urllib3.connectionpool:395] - DEBUG - http://home.baidu.com:80 "GET /home/index/company HTTP/1.1" 200 None
2017-09-16 15:59:42,382 - [requests.packages.urllib3.connectionpool:818] - DEBUG - Starting new HTTPS connection (1): www.baidu.com
2017-09-16 15:59:42,399 - [root:63] - INFO - procotol:http, hostname:home.baidu.com, new_link:/home/index
2017-09-16 15:59:42,411 - [root:63] - INFO - procotol:http, hostname:home.baidu.com, new_link:/home/index
2017-09-16 15:59:42,449 - [root:63] - INFO - procotol:http, hostname:home.baidu.com, new_link:/home/index/join_us
2017-09-16 15:59:42,489 - [root:63] - INFO - procotol:http, hostname:home.baidu.com, new_link:/home/index/contact_us
2017-09-16 15:59:42,541 - [root:63] - INFO - procotol:http, hostname:home.baidu.com, new_link:/home/index
2017-09-16 15:59:42,552 - [root:63] - INFO - procotol:http, hostname:home.baidu.com, new_link:/home/index/join_us
2017-09-16 15:59:42,564 - [root:63] - INFO - procotol:http, hostname:ai.baidu.com, new_link:/
2017-09-16 15:59:42,567 - [root:63] - INFO - procotol:http, hostname:home.baidu.com, new_link:/home/index/contact_us
2017-09-16 15:59:42,567 - [requests.packages.urllib3.connectionpool:207] - DEBUG - Starting new HTTP connection (1): home.baidu.com
2017-09-16 15:59:42,568 - [root:63] - INFO - procotol:http, hostname:ai.baidu.com, new_link:/
2017-09-16 15:59:42,574 - [root:63] - INFO - procotol:http, hostname:ai.baidu.com, new_link:javascript:void(0);
2017-09-16 15:59:42,575 - [root:45] - INFO - url http://home.baidu.com/home/index/company is not match
2017-09-16 15:59:42,575 - [root:63] - INFO - procotol:http, hostname:ai.baidu.com, new_link:/tech/ocr
2017-09-16 15:59:42,576 - [root:63] - INFO - procotol:http, hostname:ai.baidu.com, new_link:/tech/ocr/general
2017-09-16 15:59:42,577 - [root:63] - INFO - procotol:http, hostname:ai.baidu.com, new_link:/tech/ocr/webimage
2017-09-16 15:59:42,577 - [root:63] - INFO - procotol:http, hostname:ai.baidu.com, new_link:/tech/ocr/cards
2017-09-16 15:59:42,577 - [root:63] - INFO - procotol:http, hostname:ai.baidu.com, new_link:/tech/ocr/table
2017-09-16 15:59:42,578 - [root:63] - INFO - procotol:http, hostname:ai.baidu.com, new_link:/tech/ocr/receipt
2017-09-16 15:59:42,578 - [root:63] - INFO - procotol:http, hostname:ai.baidu.com, new_link:/tech/face
2017-09-16 15:59:42,579 - [root:63] - INFO - procotol:http, hostname:ai.baidu.com, new_link:/tech/face/detect
2017-09-16 15:59:42,579 - [root:63] - INFO - procotol:http, hostname:ai.baidu.com, new_link:/tech/face/compare
2017-09-16 15:59:42,580 - [root:63] - INFO - procotol:http, hostname:ai.baidu.com, new_link:/tech/face/search
2017-09-16 15:59:42,580 - [root:63] - INFO - procotol:http, hostname:ai.baidu.com, new_link:/tech/imagecensoring
2017-09-16 15:59:42,580 - [root:63] - INFO - procotol:http, hostname:ai.baidu.com, new_link:/tech/imagecensoring/antiporn
2017-09-16 15:59:42,581 - [root:63] - INFO - procotol:http, hostname:ai.baidu.com, new_link:/tech/imagecensoring/antiterror
2017-09-16 15:59:42,581 - [root:63] - INFO - procotol:http, hostname:ai.baidu.com, new_link:/tech/imagerecognition
2017-09-16 15:59:42,582 - [root:63] - INFO - procotol:http, hostname:ai.baidu.com, new_link:/tech/imagesearch
2017-09-16 15:59:42,582 - [root:63] - INFO - procotol:http, hostname:ai.baidu.com, new_link:/tech/nlp
2017-09-16 15:59:42,582 - [root:63] - INFO - procotol:http, hostname:ai.baidu.com, new_link:/tech/nlp/lexical
2017-09-16 15:59:42,583 - [root:63] - INFO - procotol:http, hostname:ai.baidu.com, new_link:/tech/nlp/dependency_parsing
2017-09-16 15:59:42,583 - [root:63] - INFO - procotol:http, hostname:ai.baidu.com, new_link:/tech/nlp/word_embedding
2017-09-16 15:59:42,583 - [root:63] - INFO - procotol:http, hostname:ai.baidu.com, new_link:/tech/nlp/dnnlm_cn
2017-09-16 15:59:42,584 - [root:63] - INFO - procotol:http, hostname:ai.baidu.com, new_link:/tech/nlp/word_emb_sim
2017-09-16 15:59:42,584 - [root:63] - INFO - procotol:http, hostname:ai.baidu.com, new_link:/tech/nlp/simnet
2017-09-16 15:59:42,585 - [root:63] - INFO - procotol:http, hostname:ai.baidu.com, new_link:/tech/nlp/comment_tag
2017-09-16 15:59:42,585 - [root:63] - INFO - procotol:http, hostname:ai.baidu.com, new_link:/tech/nlp/sentiment_classify
2017-09-16 15:59:42,586 - [root:63] - INFO - procotol:http, hostname:ai.baidu.com, new_link:/tech/unit
2017-09-16 15:59:42,586 - [root:63] - INFO - procotol:http, hostname:ai.baidu.com, new_link:/tech/speech
2017-09-16 15:59:42,586 - [root:63] - INFO - procotol:http, hostname:ai.baidu.com, new_link:/tech/speech/asr
2017-09-16 15:59:42,587 - [root:63] - INFO - procotol:http, hostname:ai.baidu.com, new_link:/tech/speech/lsr
2017-09-16 15:59:42,588 - [root:63] - INFO - procotol:http, hostname:ai.baidu.com, new_link:/tech/speech/fsr
2017-09-16 15:59:42,588 - [root:63] - INFO - procotol:http, hostname:ai.baidu.com, new_link:/tech/speech/tts
2017-09-16 15:59:42,590 - [root:63] - INFO - procotol:http, hostname:ai.baidu.com, new_link:/tech/speech/wake
2017-09-16 15:59:42,591 - [root:63] - INFO - procotol:http, hostname:ai.baidu.com, new_link:/tech/video/vca
2017-09-16 15:59:42,591 - [root:63] - INFO - procotol:http, hostname:ai.baidu.com, new_link:/tech/video/vcs
2017-09-16 15:59:42,591 - [root:63] - INFO - procotol:http, hostname:ai.baidu.com, new_link:/tech/video/vcc
2017-09-16 15:59:42,592 - [root:63] - INFO - procotol:http, hostname:ai.baidu.com, new_link:/tech/video/vcr
2017-09-16 15:59:42,592 - [root:63] - INFO - procotol:http, hostname:ai.baidu.com, new_link:/tech/kg/schema
2017-09-16 15:59:42,593 - [root:63] - INFO - procotol:http, hostname:ai.baidu.com, new_link:/tech/kg/pie
2017-09-16 15:59:42,594 - [root:63] - INFO - procotol:http, hostname:ai.baidu.com, new_link:javascript:void(0);
2017-09-16 15:59:42,595 - [root:63] - INFO - procotol:http, hostname:ai.baidu.com, new_link:javascript:void(0);
2017-09-16 15:59:42,599 - [root:63] - INFO - procotol:http, hostname:ai.baidu.com, new_link:/solution/faceprint
2017-09-16 15:59:42,601 - [root:63] - INFO - procotol:http, hostname:ai.baidu.com, new_link:/solution/facesignIn
2017-09-16 15:59:42,603 - [root:63] - INFO - procotol:http, hostname:ai.baidu.com, new_link:/solution/faceidentify
2017-09-16 15:59:42,605 - [requests.packages.urllib3.connectionpool:395] - DEBUG - https://www.baidu.com:443 "GET /s?wd=%E6%B2%89%E8%BF%B7%E6%B8%B8%E6%88%8F%E7%BD%91%E5%90%A7%E5%90%83%E4%BD%8F HTTP/1.1" 200 227
2017-09-16 15:59:42,608 - [root:63] - INFO - procotol:http, hostname:ai.baidu.com, new_link:/solution/facegate
2017-09-16 15:59:42,610 - [requests.packages.urllib3.connectionpool:395] - DEBUG - http://home.baidu.com:80 "GET /home/index/contact_us HTTP/1.1" 200 None
2017-09-16 15:59:42,623 - [root:45] - INFO - url https://www.baidu.com/s?wd=沉迷游戏网吧吃住 is not match
2017-09-16 15:59:42,626 - [root:63] - INFO - procotol:http, hostname:ai.baidu.com, new_link:/solution/itma
2017-09-16 15:59:42,630 - [root:63] - INFO - procotol:http, hostname:ai.baidu.com, new_link:/solution/ecui
2017-09-16 15:59:42,631 - [root:63] - INFO - procotol:http, hostname:ai.baidu.com, new_link:/solution/roboticvision
2017-09-16 15:59:42,639 - [root:63] - INFO - procotol:http, hostname:ai.baidu.com, new_link:/solution/robot
2017-09-16 15:59:42,678 - [root:63] - INFO - procotol:http, hostname:ai.baidu.com, new_link:/solution/smarthome
2017-09-16 15:59:42,703 - [root:63] - INFO - procotol:http, hostname:ai.baidu.com, new_link:/solution/voiceassistant
2017-09-16 15:59:42,736 - [root:63] - INFO - procotol:http, hostname:ai.baidu.com, new_link:/solution/arads
2017-09-16 15:59:42,759 - [root:63] - INFO - procotol:http, hostname:ai.baidu.com, new_link:/support/news
2017-09-16 15:59:42,792 - [root:63] - INFO - procotol:http, hostname:ai.baidu.com, new_link:/sdk
2017-09-16 15:59:42,807 - [root:63] - INFO - procotol:http, hostname:ai.baidu.com, new_link:javascript:void(0);
2017-09-16 15:59:42,824 - [root:63] - INFO - procotol:http, hostname:ai.baidu.com, new_link:/docs
2017-09-16 15:59:42,826 - [root:63] - INFO - procotol:http, hostname:ai.baidu.com, new_link:/support/video
2017-09-16 15:59:42,832 - [root:63] - INFO - procotol:http, hostname:ai.baidu.com, new_link:/docs#/FAQ
2017-09-16 15:59:42,840 - [root:63] - INFO - procotol:http, hostname:ai.baidu.com, new_link:/partner
2017-09-16 15:59:42,841 - [root:63] - INFO - procotol:http, hostname:ai.baidu.com, new_link:/support/news?action=detail&id=193
2017-09-16 15:59:42,875 - [chardet.charsetprober:61] - DEBUG - SHIFT_JIS Japanese prober hit error at byte 494
2017-09-16 15:59:42,876 - [root:63] - INFO - procotol:http, hostname:ai.baidu.com, new_link:/support/news?action=detail&id=191
2017-09-16 15:59:42,884 - [root:63] - INFO - procotol:http, hostname:ai.baidu.com, new_link:/support/news?action=detail&id=194
2017-09-16 15:59:42,890 - [chardet.charsetprober:62] - DEBUG - EUC-JP Japanese prober hit error at byte 453
2017-09-16 15:59:42,891 - [root:63] - INFO - procotol:http, hostname:ai.baidu.com, new_link:/support/news?action=detail&id=195
2017-09-16 15:59:42,897 - [chardet.charsetprober:66] - DEBUG - GB2312 Chinese prober hit error at byte 498
2017-09-16 15:59:42,898 - [root:63] - INFO - procotol:http, hostname:ai.baidu.com, new_link:/tech/ocr
2017-09-16 15:59:42,902 - [root:63] - INFO - procotol:http, hostname:ai.baidu.com, new_link:/tech/face
2017-09-16 15:59:42,903 - [chardet.charsetprober:66] - DEBUG - EUC-KR Korean prober hit error at byte 453
2017-09-16 15:59:42,903 - [root:63] - INFO - procotol:http, hostname:ai.baidu.com, new_link:/tech/imagecensoring
2017-09-16 15:59:42,908 - [chardet.charsetprober:66] - DEBUG - CP949 Korean prober hit error at byte 453
2017-09-16 15:59:42,909 - [root:63] - INFO - procotol:http, hostname:ai.baidu.com, new_link:/tech/imagerecognition
2017-09-16 15:59:42,914 - [root:63] - INFO - procotol:http, hostname:ai.baidu.com, new_link:/tech/imagesearch
2017-09-16 15:59:42,914 - [chardet.charsetprober:66] - DEBUG - Big5 Chinese prober hit error at byte 454
2017-09-16 15:59:42,914 - [root:63] - INFO - procotol:http, hostname:ai.baidu.com, new_link:/tech/nlp
2017-09-16 15:59:42,919 - [chardet.charsetprober:66] - DEBUG - EUC-TW Taiwan prober hit error at byte 453
2017-09-16 15:59:42,920 - [root:63] - INFO - procotol:http, hostname:ai.baidu.com, new_link:/tech/unit
2017-09-16 15:59:42,928 - [root:63] - INFO - procotol:http, hostname:ai.baidu.com, new_link:/tech/speech/asr
2017-09-16 15:59:42,950 - [root:63] - INFO - procotol:http, hostname:ai.baidu.com, new_link:/tech/speech/tts
2017-09-16 15:59:42,950 - [root:63] - INFO - procotol:http, hostname:ai.baidu.com, new_link:/tech/speech/wake
2017-09-16 15:59:42,964 - [root:63] - INFO - procotol:http, hostname:ai.baidu.com, new_link:/tech/video/vca
2017-09-16 15:59:42,965 - [root:63] - INFO - procotol:http, hostname:ai.baidu.com, new_link:/tech/video/vcs
2017-09-16 15:59:42,975 - [root:63] - INFO - procotol:http, hostname:ai.baidu.com, new_link:/tech/video/vcc
2017-09-16 15:59:43,007 - [root:63] - INFO - procotol:http, hostname:ai.baidu.com, new_link:/tech/video/vcr
2017-09-16 15:59:43,034 - [root:63] - INFO - procotol:http, hostname:ai.baidu.com, new_link:/tech/kg/schema
2017-09-16 15:59:43,035 - [root:63] - INFO - procotol:http, hostname:ai.baidu.com, new_link:/tech/kg/pie
2017-09-16 15:59:43,047 - [root:63] - INFO - procotol:http, hostname:ai.baidu.com, new_link:/scenarios#partner-item-2
2017-09-16 15:59:43,048 - [root:63] - INFO - procotol:http, hostname:ai.baidu.com, new_link:/scenarios#partner-item-3
2017-09-16 15:59:43,049 - [root:63] - INFO - procotol:http, hostname:ai.baidu.com, new_link:/scenarios#partner-item-4
2017-09-16 15:59:43,066 - [root:63] - INFO - procotol:http, hostname:ai.baidu.com, new_link:/scenarios#partner-item-5
2017-09-16 15:59:43,087 - [root:63] - INFO - procotol:http, hostname:ai.baidu.com, new_link:/scenarios#partner-item-6
2017-09-16 15:59:43,147 - [root:63] - INFO - procotol:http, hostname:ai.baidu.com, new_link:/scenarios#partner-item-7
2017-09-16 15:59:43,155 - [chardet.charsetprober:100] - DEBUG - windows-1251 Russian confidence = 0.01
2017-09-16 15:59:43,159 - [root:63] - INFO - procotol:http, hostname:ai.baidu.com, new_link:/scenarios#partner-item-8
2017-09-16 15:59:43,160 - [chardet.charsetprober:100] - DEBUG - KOI8-R Russian confidence = 0.01
2017-09-16 15:59:43,160 - [root:63] - INFO - procotol:http, hostname:ai.baidu.com, new_link:/scenarios#partner-item-9
2017-09-16 15:59:43,160 - [chardet.charsetprober:100] - DEBUG - ISO-8859-5 Russian confidence = 0.0
2017-09-16 15:59:43,161 - [requests.packages.urllib3.connectionpool:818] - DEBUG - Starting new HTTPS connection (1): www.baidu.com
2017-09-16 15:59:43,161 - [root:63] - INFO - procotol:http, hostname:ai.baidu.com, new_link:/scenarios#partner-item-10
2017-09-16 15:59:43,161 - [chardet.charsetprober:100] - DEBUG - MacCyrillic Russian confidence = 0.00806036956326
2017-09-16 15:59:43,162 - [root:63] - INFO - procotol:http, hostname:ai.baidu.com, new_link:/scenarios#partner-item-11
2017-09-16 15:59:43,163 - [chardet.charsetprober:100] - DEBUG - IBM866 Russian confidence = 0.0663601747927
2017-09-16 15:59:43,163 - [root:63] - INFO - procotol:http, hostname:ai.baidu.com, new_link:/scenarios#partner-item-12
2017-09-16 15:59:43,163 - [chardet.charsetprober:100] - DEBUG - IBM855 Russian confidence = 0.0702150207922
2017-09-16 15:59:43,164 - [root:63] - INFO - procotol:http, hostname:ai.baidu.com, new_link:/scenarios#partner-item-13
2017-09-16 15:59:43,164 - [chardet.charsetprober:100] - DEBUG - ISO-8859-7 Greek confidence = 0.0
2017-09-16 15:59:43,165 - [root:63] - INFO - procotol:http, hostname:ai.baidu.com, new_link:/scenarios#partner-item-14
2017-09-16 15:59:43,165 - [chardet.charsetprober:100] - DEBUG - windows-1253 Greek confidence = 0.0
2017-09-16 15:59:43,165 - [root:63] - INFO - procotol:http, hostname:ai.baidu.com, new_link:/scenarios#partner-item-15
2017-09-16 15:59:43,166 - [chardet.charsetprober:100] - DEBUG - ISO-8859-5 Bulgairan confidence = 0.0
2017-09-16 15:59:43,166 - [root:63] - INFO - procotol:http, hostname:ai.baidu.com, new_link:/scenarios#partner-item-16
2017-09-16 15:59:43,166 - [chardet.charsetprober:100] - DEBUG - windows-1251 Bulgarian confidence = 0.0
2017-09-16 15:59:43,167 - [root:63] - INFO - procotol:http, hostname:ai.baidu.com, new_link:/scenarios#partner-item-17
2017-09-16 15:59:43,167 - [chardet.charsetprober:100] - DEBUG - TIS-620 Thai confidence = 0.0410542420181
2017-09-16 15:59:43,167 - [root:63] - INFO - procotol:http, hostname:ai.baidu.com, new_link:/scenarios#partner-item-18
2017-09-16 15:59:43,168 - [chardet.charsetprober:100] - DEBUG - ISO-8859-9 Turkish confidence = 0.463921191875
2017-09-16 15:59:43,168 - [root:63] - INFO - procotol:http, hostname:ai.baidu.com, new_link:/scenarios#partner-item-19
2017-09-16 15:59:43,168 - [chardet.charsetprober:100] - DEBUG - windows-1255 Hebrew confidence = 0.0
2017-09-16 15:59:43,169 - [root:63] - INFO - procotol:http, hostname:ai.baidu.com, new_link:/scenarios#partner-item-20
2017-09-16 15:59:43,169 - [chardet.charsetprober:100] - DEBUG - windows-1255 Hebrew confidence = 0.0
2017-09-16 15:59:43,169 - [root:63] - INFO - procotol:http, hostname:ai.baidu.com, new_link:/scenarios#partner-item-21
2017-09-16 15:59:43,170 - [chardet.charsetprober:100] - DEBUG - windows-1255 Hebrew confidence = 0.0
2017-09-16 15:59:43,170 - [root:63] - INFO - procotol:http, hostname:ai.baidu.com, new_link:/scenarios#partner-item-22
2017-09-16 15:59:43,170 - [chardet.charsetprober:100] - DEBUG - windows-1251 Russian confidence = 0.01
2017-09-16 15:59:43,171 - [root:63] - INFO - procotol:http, hostname:ai.baidu.com, new_link:/scenarios#partner-item-23
2017-09-16 15:59:43,172 - [chardet.charsetprober:100] - DEBUG - KOI8-R Russian confidence = 0.01
2017-09-16 15:59:43,172 - [root:63] - INFO - procotol:http, hostname:ai.baidu.com, new_link:/scenarios#partner-item-24
2017-09-16 15:59:43,172 - [chardet.charsetprober:100] - DEBUG - ISO-8859-5 Russian confidence = 0.0
2017-09-16 15:59:43,173 - [root:63] - INFO - procotol:http, hostname:ai.baidu.com, new_link:/scenarios#partner-item-25
2017-09-16 15:59:43,173 - [chardet.charsetprober:100] - DEBUG - MacCyrillic Russian confidence = 0.00806036956326
2017-09-16 15:59:43,173 - [root:63] - INFO - procotol:http, hostname:ai.baidu.com, new_link:/scenarios#partner-item-26
2017-09-16 15:59:43,174 - [chardet.charsetprober:100] - DEBUG - IBM866 Russian confidence = 0.0663601747927
2017-09-16 15:59:43,174 - [root:63] - INFO - procotol:http, hostname:ai.baidu.com, new_link:/solution/faceprint
2017-09-16 15:59:43,174 - [chardet.charsetprober:100] - DEBUG - IBM855 Russian confidence = 0.0702150207922
2017-09-16 15:59:43,175 - [root:63] - INFO - procotol:http, hostname:ai.baidu.com, new_link:/solution/facesignIn
2017-09-16 15:59:43,175 - [chardet.charsetprober:100] - DEBUG - ISO-8859-7 Greek confidence = 0.0
2017-09-16 15:59:43,175 - [root:63] - INFO - procotol:http, hostname:ai.baidu.com, new_link:/solution/faceidentify
2017-09-16 15:59:43,175 - [chardet.charsetprober:100] - DEBUG - windows-1253 Greek confidence = 0.0
2017-09-16 15:59:43,176 - [root:63] - INFO - procotol:http, hostname:ai.baidu.com, new_link:/solution/facegate
2017-09-16 15:59:43,176 - [chardet.charsetprober:100] - DEBUG - ISO-8859-5 Bulgairan confidence = 0.0
2017-09-16 15:59:43,177 - [root:63] - INFO - procotol:http, hostname:ai.baidu.com, new_link:/solution/itma
2017-09-16 15:59:43,178 - [chardet.charsetprober:100] - DEBUG - windows-1251 Bulgarian confidence = 0.0
2017-09-16 15:59:43,178 - [root:63] - INFO - procotol:http, hostname:ai.baidu.com, new_link:/solution/ecui
2017-09-16 15:59:43,178 - [chardet.charsetprober:100] - DEBUG - TIS-620 Thai confidence = 0.0410542420181
2017-09-16 15:59:43,179 - [root:63] - INFO - procotol:http, hostname:ai.baidu.com, new_link:/solution/roboticvision
2017-09-16 15:59:43,179 - [chardet.charsetprober:100] - DEBUG - ISO-8859-9 Turkish confidence = 0.463921191875
2017-09-16 15:59:43,179 - [root:63] - INFO - procotol:http, hostname:ai.baidu.com, new_link:/solution/robot
2017-09-16 15:59:43,180 - [chardet.charsetprober:100] - DEBUG - windows-1255 Hebrew confidence = 0.0
2017-09-16 15:59:43,180 - [root:63] - INFO - procotol:http, hostname:ai.baidu.com, new_link:/solution/smarthome
2017-09-16 15:59:43,180 - [chardet.charsetprober:100] - DEBUG - windows-1255 Hebrew confidence = 0.0
2017-09-16 15:59:43,181 - [root:63] - INFO - procotol:http, hostname:ai.baidu.com, new_link:/solution/voiceassistant
2017-09-16 15:59:43,181 - [chardet.charsetprober:100] - DEBUG - windows-1255 Hebrew confidence = 0.0
2017-09-16 15:59:43,181 - [root:63] - INFO - procotol:http, hostname:ai.baidu.com, new_link:/solution/arads
2017-09-16 15:59:43,184 - [root:63] - INFO - procotol:http, hostname:ai.baidu.com, new_link:/support/news?action=detail&id=161
2017-09-16 15:59:43,185 - [root:63] - INFO - procotol:http, hostname:ai.baidu.com, new_link:/support/news?action=detail&id=156
2017-09-16 15:59:43,185 - [root:63] - INFO - procotol:http, hostname:ai.baidu.com, new_link:/support/news?action=detail&id=152
2017-09-16 15:59:43,186 - [root:63] - INFO - procotol:http, hostname:ai.baidu.com, new_link:/support/news?action=detail&id=122
2017-09-16 15:59:43,188 - [root:63] - INFO - procotol:http, hostname:ai.baidu.com, new_link:/support/news?action=detail&id=130
2017-09-16 15:59:43,189 - [root:63] - INFO - procotol:http, hostname:ai.baidu.com, new_link:/support/news?action=detail&id=163
2017-09-16 15:59:43,189 - [root:63] - INFO - procotol:http, hostname:ai.baidu.com, new_link:/support/news?action=detail&id=164
2017-09-16 15:59:43,190 - [root:63] - INFO - procotol:http, hostname:ai.baidu.com, new_link:/support/news?action=detail&id=161
2017-09-16 15:59:43,192 - [bs4.dammit:381] - WARNING - Some characters could not be decoded, and were replaced with REPLACEMENT CHARACTER.
2017-09-16 15:59:43,192 - [root:63] - INFO - procotol:http, hostname:ai.baidu.com, new_link:/support/news?action=detail&id=160
2017-09-16 15:59:43,221 - [root:63] - INFO - procotol:http, hostname:ai.baidu.com, new_link:/support/news?action=detail&id=157
2017-09-16 15:59:43,224 - [root:63] - INFO - procotol:http, hostname:ai.baidu.com, new_link:/support/news?action=detail&id=153
2017-09-16 15:59:43,298 - [root:63] - INFO - procotol:http, hostname:home.baidu.com, new_link:/home/index
2017-09-16 15:59:43,303 - [root:63] - INFO - procotol:http, hostname:ai.baidu.com, new_link:/support/news?action=detail&id=150
2017-09-16 15:59:43,305 - [root:63] - INFO - procotol:http, hostname:home.baidu.com, new_link:/home/index
2017-09-16 15:59:43,309 - [requests.packages.urllib3.connectionpool:818] - DEBUG - Starting new HTTPS connection (1): www.baidu.com
2017-09-16 15:59:43,310 - [root:63] - INFO - procotol:http, hostname:ai.baidu.com, new_link:/support/news?action=detail&id=146
2017-09-16 15:59:43,310 - [requests.packages.urllib3.connectionpool:818] - DEBUG - Starting new HTTPS connection (1): www.baidu.com
2017-09-16 15:59:43,311 - [root:63] - INFO - procotol:http, hostname:home.baidu.com, new_link:/home/index/join_us
2017-09-16 15:59:43,311 - [requests.packages.urllib3.connectionpool:818] - DEBUG - Starting new HTTPS connection (1): www.facebook.com
2017-09-16 15:59:43,312 - [root:63] - INFO - procotol:http, hostname:ai.baidu.com, new_link:/support/news?action=detail&id=145
2017-09-16 15:59:43,313 - [root:63] - INFO - procotol:http, hostname:home.baidu.com, new_link:/home/index/contact_us
2017-09-16 15:59:43,314 - [root:63] - INFO - procotol:http, hostname:ai.baidu.com, new_link:/support/news?action=detail&id=143
2017-09-16 15:59:43,315 - [root:63] - INFO - procotol:http, hostname:home.baidu.com, new_link:/home/index
2017-09-16 15:59:43,316 - [root:63] - INFO - procotol:http, hostname:ai.baidu.com, new_link:/support/news?action=detail&id=135
2017-09-16 15:59:43,316 - [root:63] - INFO - procotol:http, hostname:home.baidu.com, new_link:/home/index/join_us
2017-09-16 15:59:43,317 - [root:63] - INFO - procotol:http, hostname:ai.baidu.com, new_link: http://ai.baidu.com/support/news?action=detail&id=167
2017-09-16 15:59:43,317 - [root:63] - INFO - procotol:http, hostname:home.baidu.com, new_link:/home/index/contact_us
2017-09-16 15:59:43,318 - [root:63] - INFO - procotol:http, hostname:ai.baidu.com, new_link:#footer-nav
2017-09-16 15:59:43,319 - [root:63] - INFO - procotol:http, hostname:home.baidu.com, new_link:�
2017-09-16 15:59:43,321 - [root:63] - INFO - procotol:http, hostname:home.baidu.com, new_link:�
2017-09-16 15:59:43,322 - [root:63] - INFO - procotol:http, hostname:home.baidu.com, new_link:�
2017-09-16 15:59:43,326 - [root:63] - INFO - procotol:http, hostname:home.baidu.com, new_link:�
2017-09-16 15:59:43,327 - [root:63] - INFO - procotol:http, hostname:home.baidu.com, new_link:�
2017-09-16 15:59:43,328 - [root:63] - INFO - procotol:http, hostname:home.baidu.com, new_link:�
2017-09-16 15:59:43,329 - [root:63] - INFO - procotol:http, hostname:home.baidu.com, new_link:�
2017-09-16 15:59:43,334 - [root:45] - INFO - url http://home.baidu.com/home/index/contact_us is not match
2017-09-16 15:59:43,336 - [root:45] - INFO - url http://ai.baidu.com/ is not match
2017-09-16 15:59:43,337 - [requests.packages.urllib3.connectionpool:395] - DEBUG - https://www.baidu.com:443 "GET /s?wd=%E6%8D%A1%E7%8E%89%E5%9D%A0%E4%B8%A2%E5%BC%83%E8%A2%AB%E7%B4%A2%E8%B5%94 HTTP/1.1" 200 227
2017-09-16 15:59:43,345 - [root:45] - INFO - url https://www.baidu.com/s?wd=捡玉坠丢弃被索赔 is not match
2017-09-16 15:59:43,370 - [requests.packages.urllib3.connectionpool:395] - DEBUG - https://www.baidu.com:443 "GET /s?wd=%E4%BC%A6%E6%95%A6%E5%9C%B0%E9%93%81%E5%8F%91%E7%94%9F%E7%88%86%E7%82%B8 HTTP/1.1" 200 227
2017-09-16 15:59:43,385 - [root:45] - INFO - url https://www.baidu.com/s?wd=伦敦地铁发生爆炸 is not match
2017-09-16 15:59:43,395 - [requests.packages.urllib3.connectionpool:395] - DEBUG - https://www.baidu.com:443 "GET /s?wd=%E4%B8%BE%E6%8A%A5%E5%85%AC%E5%8F%B8%E9%81%AD%E6%8A%A5%E5%A4%8D HTTP/1.1" 200 227
2017-09-16 15:59:43,403 - [root:45] - INFO - url https://www.baidu.com/s?wd=举报公司遭报复 is not match
2017-09-16 15:59:43,583 - [requests.packages.urllib3.connectionpool:818] - DEBUG - Starting new HTTPS connection (1): www.baidu.com
2017-09-16 15:59:43,639 - [requests.packages.urllib3.connectionpool:818] - DEBUG - Starting new HTTPS connection (1): www.baidu.com
2017-09-16 15:59:43,642 - [requests.packages.urllib3.connectionpool:395] - DEBUG - https://www.baidu.com:443 "GET /s?wd=%E5%91%A8%E6%98%9F%E9%A9%B0%E6%97%A7%E7%85%A7%E6%9B%9D%E5%85%89 HTTP/1.1" 200 227
2017-09-16 15:59:43,650 - [root:45] - INFO - url https://www.baidu.com/s?wd=周星驰旧照曝光 is not match
2017-09-16 15:59:43,694 - [requests.packages.urllib3.connectionpool:395] - DEBUG - https://www.baidu.com:443 "GET /s?wd=%E7%AB%A0%E9%BE%84%E4%B9%8B%E6%99%92%E7%BE%8E%E7%85%A7 HTTP/1.1" 200 227
2017-09-16 15:59:43,702 - [root:45] - INFO - url https://www.baidu.com/s?wd=章龄之晒美照 is not match
2017-09-16 15:59:44,324 - [root:77] - ERROR - Connection Error url https://www.facebook.com/BaiduIncorporated
2017-09-16 15:59:44,324 - [root:115] - ERROR - crawl url https://www.facebook.com/BaiduIncorporated failed, status code 4
2017-09-16 15:59:44,341 - [root:105] - ERROR - url //www.baidu.com/duty/ startswith //
2017-09-16 15:59:44,341 - [requests.packages.urllib3.connectionpool:207] - DEBUG - Starting new HTTP connection (1): home.baidu.com
2017-09-16 15:59:44,342 - [root:105] - ERROR - url //logo.baidu.com/ startswith //
2017-09-16 15:59:44,346 - [requests.packages.urllib3.connectionpool:818] - DEBUG - Starting new HTTPS connection (1): www.baidu.com
2017-09-16 15:59:44,354 - [requests.packages.urllib3.connectionpool:818] - DEBUG - Starting new HTTPS connection (1): www.baidu.com
2017-09-16 15:59:44,392 - [requests.packages.urllib3.connectionpool:207] - DEBUG - Starting new HTTP connection (1): home.baidu.com
2017-09-16 15:59:44,402 - [requests.packages.urllib3.connectionpool:395] - DEBUG - https://www.baidu.com:443 "GET /s?wd=%E8%8C%83%E5%86%B0%E5%86%B0%E6%9D%8E%E6%99%A8%E6%92%B8%E4%B8%B2 HTTP/1.1" 200 227
2017-09-16 15:59:44,408 - [requests.packages.urllib3.connectionpool:395] - DEBUG - http://home.baidu.com:80 "GET /home/index/show_banner_content/id/47 HTTP/1.1" 200 None
2017-09-16 15:59:44,410 - [requests.packages.urllib3.connectionpool:395] - DEBUG - https://www.baidu.com:443 "GET /s?wd=%E6%9E%97%E6%9B%B4%E6%96%B0%E5%9B%9E%E5%BA%94%E8%A2%AB%E9%AA%82 HTTP/1.1" 200 227
2017-09-16 15:59:44,422 - [requests.packages.urllib3.connectionpool:818] - DEBUG - Starting new HTTPS connection (1): www.baidu.com
2017-09-16 15:59:44,424 - [root:45] - INFO - url https://www.baidu.com/s?wd=范冰冰李晨撸串 is not match
2017-09-16 15:59:44,427 - [root:45] - INFO - url https://www.baidu.com/s?wd=林更新回应被骂 is not match
2017-09-16 15:59:44,458 - [root:63] - INFO - procotol:http, hostname:home.baidu.com, new_link:/home/index
2017-09-16 15:59:44,459 - [requests.packages.urllib3.connectionpool:395] - DEBUG - http://home.baidu.com:80 "GET /home/index/show_banner_content/id/48 HTTP/1.1" 200 None
2017-09-16 15:59:44,460 - [root:63] - INFO - procotol:http, hostname:home.baidu.com, new_link:/home/index
2017-09-16 15:59:44,494 - [root:63] - INFO - procotol:http, hostname:home.baidu.com, new_link:/home/index
2017-09-16 15:59:44,495 - [root:63] - INFO - procotol:http, hostname:home.baidu.com, new_link:/home/index/join_us
2017-09-16 15:59:44,495 - [root:63] - INFO - procotol:http, hostname:home.baidu.com, new_link:/home/index
2017-09-16 15:59:44,496 - [root:63] - INFO - procotol:http, hostname:home.baidu.com, new_link:/home/index/contact_us
2017-09-16 15:59:44,496 - [root:63] - INFO - procotol:http, hostname:home.baidu.com, new_link:/home/index/join_us
2017-09-16 15:59:44,497 - [root:63] - INFO - procotol:http, hostname:home.baidu.com, new_link:/home/index
2017-09-16 15:59:44,498 - [root:63] - INFO - procotol:http, hostname:home.baidu.com, new_link:/home/index/contact_us
2017-09-16 15:59:44,498 - [root:63] - INFO - procotol:http, hostname:home.baidu.com, new_link:/home/index/join_us
2017-09-16 15:59:44,498 - [root:63] - INFO - procotol:http, hostname:home.baidu.com, new_link:/home/index
2017-09-16 15:59:44,499 - [root:63] - INFO - procotol:http, hostname:home.baidu.com, new_link:/home/index/contact_us
2017-09-16 15:59:44,499 - [root:63] - INFO - procotol:http, hostname:home.baidu.com, new_link:/home/index/join_us
2017-09-16 15:59:44,500 - [root:45] - INFO - url http://home.baidu.com/home/index/show_banner_content/id/47 is not match
2017-09-16 15:59:44,501 - [root:63] - INFO - procotol:http, hostname:home.baidu.com, new_link:/home/index/contact_us
2017-09-16 15:59:44,502 - [root:45] - INFO - url http://home.baidu.com/home/index/show_banner_content/id/48 is not match
2017-09-16 15:59:44,521 - [requests.packages.urllib3.connectionpool:395] - DEBUG - https://www.baidu.com:443 "GET /s?wd=%E5%8F%8C%E5%8F%B0%E9%A3%8E%E7%BB%93%E5%AF%B9%E6%9D%A5%E8%A2%AD HTTP/1.1" 200 227
2017-09-16 15:59:44,529 - [root:45] - INFO - url https://www.baidu.com/s?wd=双台风结对来袭 is not match
2017-09-16 15:59:44,659 - [requests.packages.urllib3.connectionpool:818] - DEBUG - Starting new HTTPS connection (1): www.baidu.com
2017-09-16 15:59:44,709 - [requests.packages.urllib3.connectionpool:207] - DEBUG - Starting new HTTP connection (1): phx.corporate-ir.net
2017-09-16 15:59:44,710 - [requests.packages.urllib3.connectionpool:395] - DEBUG - https://www.baidu.com:443 "GET /s?wd=%E5%BE%AE%E4%BF%A1%E9%9A%90%E7%A7%81%E4%BF%9D%E6%8A%A4%E6%8C%87%E5%BC%95 HTTP/1.1" 200 227
2017-09-16 15:59:44,718 - [root:45] - INFO - url https://www.baidu.com/s?wd=微信隐私保护指引 is not match
2017-09-16 15:59:45,290 - [requests.packages.urllib3.connectionpool:395] - DEBUG - http://phx.corporate-ir.net:80 "GET /External.File?item=UGFyZW50SUQ9Mjk2NTA5fENoaWxkSUQ9LTF8VHlwZT0z&t=1&cb=635736391718504506 HTTP/1.1" 200 272835
2017-09-16 15:59:45,331 - [requests.packages.urllib3.connectionpool:207] - DEBUG - Starting new HTTP connection (1): ir.baidu.comphoenix.zhtml
2017-09-16 15:59:45,348 - [root:77] - ERROR - Connection Error url http://ir.baidu.comphoenix.zhtml?c=188488&p=irol-sec
2017-09-16 15:59:45,348 - [root:115] - ERROR - crawl url http://ir.baidu.comphoenix.zhtml?c=188488&p=irol-sec failed, status code 4
2017-09-16 15:59:45,437 - [requests.packages.urllib3.connectionpool:207] - DEBUG - Starting new HTTP connection (1): services.corporate-ir.net
2017-09-16 15:59:45,440 - [requests.packages.urllib3.connectionpool:207] - DEBUG - Starting new HTTP connection (1): ir.baidu.comphoenix.zhtml
2017-09-16 15:59:45,525 - [requests.packages.urllib3.connectionpool:207] - DEBUG - Starting new HTTP connection (1): services.corporate-ir.net
2017-09-16 15:59:45,531 - [requests.packages.urllib3.connectionpool:207] - DEBUG - Starting new HTTP connection (1): ir.baidu.comphoenix.zhtml
2017-09-16 15:59:45,536 - [requests.packages.urllib3.connectionpool:207] - DEBUG - Starting new HTTP connection (1): ir.baidu.comphoenix.zhtml
2017-09-16 15:59:45,725 - [requests.packages.urllib3.connectionpool:207] - DEBUG - Starting new HTTP connection (1): ir.baidu.comphoenix.zhtml
2017-09-16 15:59:45,785 - [root:77] - ERROR - Connection Error url http://ir.baidu.comphoenix.zhtml?c=188488&p=irol-milestones
2017-09-16 15:59:45,786 - [root:115] - ERROR - crawl url http://ir.baidu.comphoenix.zhtml?c=188488&p=irol-milestones failed, status code 4
2017-09-16 15:59:45,789 - [root:77] - ERROR - Connection Error url http://ir.baidu.comphoenix.zhtml?c=188488&p=irol-news
2017-09-16 15:59:45,789 - [root:115] - ERROR - crawl url http://ir.baidu.comphoenix.zhtml?c=188488&p=irol-news failed, status code 4
2017-09-16 15:59:45,792 - [root:77] - ERROR - Connection Error url http://ir.baidu.comphoenix.zhtml?c=188488&p=irol-ipp
2017-09-16 15:59:45,794 - [root:77] - ERROR - Connection Error url http://ir.baidu.comphoenix.zhtml?c=188488&p=irol-irhome
2017-09-16 15:59:45,794 - [root:115] - ERROR - crawl url http://ir.baidu.comphoenix.zhtml?c=188488&p=irol-ipp failed, status code 4
2017-09-16 15:59:45,795 - [root:115] - ERROR - crawl url http://ir.baidu.comphoenix.zhtml?c=188488&p=irol-irhome failed, status code 4
2017-09-16 15:59:45,881 - [chardet.charsetprober:61] - DEBUG - SHIFT_JIS Japanese prober hit error at byte 616
2017-09-16 15:59:45,899 - [chardet.charsetprober:62] - DEBUG - EUC-JP Japanese prober hit error at byte 611
2017-09-16 15:59:45,911 - [chardet.charsetprober:66] - DEBUG - GB2312 Chinese prober hit error at byte 616
2017-09-16 15:59:45,922 - [chardet.charsetprober:66] - DEBUG - EUC-KR Korean prober hit error at byte 611
2017-09-16 15:59:45,932 - [chardet.charsetprober:66] - DEBUG - CP949 Korean prober hit error at byte 616
2017-09-16 15:59:45,944 - [chardet.charsetprober:66] - DEBUG - Big5 Chinese prober hit error at byte 611
2017-09-16 15:59:45,948 - [chardet.charsetprober:66] - DEBUG - EUC-TW Taiwan prober hit error at byte 11
2017-09-16 15:59:46,226 - [chardet.charsetprober:119] - DEBUG - windows-1251 confidence = 0.0424859131615, below negative shortcut threshhold 0.05
2017-09-16 15:59:46,356 - [requests.packages.urllib3.connectionpool:207] - DEBUG - Starting new HTTP connection (1): phx.corporate-ir.net
2017-09-16 15:59:46,506 - [chardet.charsetprober:119] - DEBUG - KOI8-R confidence = 0.0403991239808, below negative shortcut threshhold 0.05
2017-09-16 15:59:46,635 - [requests.packages.urllib3.connectionpool:395] - DEBUG - http://services.corporate-ir.net:80 "GET /SEC/Document.Service?id=P3VybD1hSFIwY0RvdkwyRndhUzUwWlc1cmQybDZZWEprTG1OdmJTOWtiM2R1Ykc5aFpDNXdhSEEvWVdOMGFXOXVQVmhNVXlacGNHRm5aVDB4TVRjM01EazNPU1p6ZFdKemFXUTlOVGM9JnR5cGU9MSZmbj1CYWlkdV82S18yMDE3MDgyOC54bHM= HTTP/1.1" 200 6144
2017-09-16 15:59:46,694 - [chardet.charsetprober:61] - DEBUG - SHIFT_JIS Japanese prober hit error at byte 8
2017-09-16 15:59:46,700 - [chardet.charsetprober:62] - DEBUG - EUC-JP Japanese prober hit error at byte 6
2017-09-16 15:59:46,713 - [chardet.charsetprober:66] - DEBUG - GB2312 Chinese prober hit error at byte 6
2017-09-16 15:59:46,716 - [chardet.charsetprober:66] - DEBUG - EUC-KR Korean prober hit error at byte 6
2017-09-16 15:59:46,724 - [chardet.charsetprober:66] - DEBUG - CP949 Korean prober hit error at byte 8
2017-09-16 15:59:46,732 - [chardet.charsetprober:66] - DEBUG - Big5 Chinese prober hit error at byte 6
2017-09-16 15:59:46,732 - [chardet.charsetprober:66] - DEBUG - EUC-TW Taiwan prober hit error at byte 5
2017-09-16 15:59:46,823 - [chardet.charsetprober:100] - DEBUG - windows-1251 Russian confidence = 0.0
2017-09-16 15:59:46,833 - [requests.packages.urllib3.connectionpool:207] - DEBUG - Starting new HTTP connection (1): ir.baidu.comphoenix.zhtml
2017-09-16 15:59:46,838 - [requests.packages.urllib3.connectionpool:207] - DEBUG - Starting new HTTP connection (1): ir.baidu.comphoenix.zhtml
2017-09-16 15:59:46,846 - [chardet.charsetprober:100] - DEBUG - KOI8-R Russian confidence = 0.0280262655715
2017-09-16 15:59:46,847 - [requests.packages.urllib3.connectionpool:207] - DEBUG - Starting new HTTP connection (1): services.corporate-ir.net
2017-09-16 15:59:46,861 - [chardet.charsetprober:100] - DEBUG - ISO-8859-5 Russian confidence = 0.0
2017-09-16 15:59:46,861 - [requests.packages.urllib3.connectionpool:207] - DEBUG - Starting new HTTP connection (1): ir.baidu.comphoenix.zhtml
2017-09-16 15:59:46,866 - [requests.packages.urllib3.connectionpool:395] - DEBUG - http://services.corporate-ir.net:80 "GET /SEC/Document.Service?id=P3VybD1hSFIwY0RvdkwyRndhUzUwWlc1cmQybDZZWEprTG1OdmJTOWtiM2R1Ykc5aFpDNXdhSEEvWVdOMGFXOXVQVmhNVXlacGNHRm5aVDB4TVRjeE5UY3dOQ1p6ZFdKemFXUTlOVGM9JnR5cGU9MSZmbj1CYWlkdV82S18yMDE3MDcyOC54bHM= HTTP/1.1" 200 44032
2017-09-16 15:59:46,868 - [root:77] - ERROR - Connection Error url http://ir.baidu.comphoenix.zhtml?c=188488&p=privacy
2017-09-16 15:59:46,871 - [chardet.charsetprober:100] - DEBUG - MacCyrillic Russian confidence = 0.0
2017-09-16 15:59:46,882 - [chardet.charsetprober:119] - DEBUG - ISO-8859-5 confidence = 0.0445585339843, below negative shortcut threshhold 0.05
2017-09-16 15:59:46,883 - [root:77] - ERROR - Connection Error url http://ir.baidu.comphoenix.zhtml?c=188488&p=irol-contacts
2017-09-16 15:59:46,885 - [root:115] - ERROR - crawl url http://ir.baidu.comphoenix.zhtml?c=188488&p=privacy failed, status code 4
2017-09-16 15:59:46,922 - [requests.packages.urllib3.connectionpool:395] - DEBUG - http://phx.corporate-ir.net:80 "GET /External.File?item=UGFyZW50SUQ9MzEwOTA5fENoaWxkSUQ9LTF8VHlwZT0z&t=1&cb=635820253168723078 HTTP/1.1" 200 206911
2017-09-16 15:59:46,928 - [chardet.charsetprober:100] - DEBUG - IBM866 Russian confidence = 0.0
2017-09-16 15:59:46,931 - [root:115] - ERROR - crawl url http://ir.baidu.comphoenix.zhtml?c=188488&p=irol-contacts failed, status code 4
2017-09-16 15:59:46,932 - [root:77] - ERROR - Connection Error url http://ir.baidu.comphoenix.zhtml?c=188488&p=irol-homeprofile
2017-09-16 15:59:46,951 - [chardet.charsetprober:100] - DEBUG - IBM855 Russian confidence = 0.0650466159301
2017-09-16 15:59:46,991 - [chardet.charsetprober:100] - DEBUG - ISO-8859-7 Greek confidence = 0.0
2017-09-16 15:59:46,991 - [root:115] - ERROR - crawl url http://ir.baidu.comphoenix.zhtml?c=188488&p=irol-homeprofile failed, status code 4
2017-09-16 15:59:46,992 - [chardet.charsetprober:100] - DEBUG - windows-1253 Greek confidence = 0.0
2017-09-16 15:59:47,033 - [chardet.charsetprober:100] - DEBUG - ISO-8859-5 Bulgairan confidence = 0.0
2017-09-16 15:59:47,043 - [chardet.charsetprober:100] - DEBUG - windows-1251 Bulgarian confidence = 0.0
2017-09-16 15:59:47,060 - [chardet.charsetprober:100] - DEBUG - TIS-620 Thai confidence = 0.162648209394
2017-09-16 15:59:47,062 - [chardet.charsetprober:100] - DEBUG - ISO-8859-9 Turkish confidence = 0.0684578955987
2017-09-16 15:59:47,078 - [chardet.charsetprober:100] - DEBUG - windows-1255 Hebrew confidence = 0.0
2017-09-16 15:59:47,083 - [chardet.charsetprober:100] - DEBUG - windows-1255 Hebrew confidence = 0.0
2017-09-16 15:59:47,083 - [chardet.charsetprober:100] - DEBUG - windows-1255 Hebrew confidence = 0.0
2017-09-16 15:59:47,083 - [chardet.universaldetector:271] - DEBUG - no probers hit minimum threshold
2017-09-16 15:59:47,096 - [chardet.universaldetector:280] - DEBUG - utf-8  confidence = 0.01
2017-09-16 15:59:47,132 - [chardet.universaldetector:280] - DEBUG - SHIFT_JIS Japanese confidence = 0.01
2017-09-16 15:59:47,133 - [chardet.universaldetector:280] - DEBUG - EUC-JP Japanese confidence = 0.01
2017-09-16 15:59:47,140 - [chardet.universaldetector:280] - DEBUG - GB2312 Chinese confidence = 0.01
2017-09-16 15:59:47,141 - [chardet.universaldetector:280] - DEBUG - EUC-KR Korean confidence = 0.01
2017-09-16 15:59:47,149 - [chardet.universaldetector:280] - DEBUG - CP949 Korean confidence = 0.01
2017-09-16 15:59:47,151 - [chardet.universaldetector:280] - DEBUG - Big5 Chinese confidence = 0.01
2017-09-16 15:59:47,153 - [chardet.universaldetector:280] - DEBUG - EUC-TW Taiwan confidence = 0.01
2017-09-16 15:59:47,153 - [chardet.universaldetector:280] - DEBUG - windows-1251 Russian confidence = 0.0
2017-09-16 15:59:47,157 - [chardet.universaldetector:280] - DEBUG - KOI8-R Russian confidence = 0.0280262655715
2017-09-16 15:59:47,160 - [chardet.universaldetector:280] - DEBUG - ISO-8859-5 Russian confidence = 0.0
2017-09-16 15:59:47,165 - [chardet.universaldetector:280] - DEBUG - MacCyrillic Russian confidence = 0.0
2017-09-16 15:59:47,166 - [chardet.universaldetector:280] - DEBUG - IBM866 Russian confidence = 0.0
2017-09-16 15:59:47,166 - [chardet.universaldetector:280] - DEBUG - IBM855 Russian confidence = 0.0650466159301
2017-09-16 15:59:47,169 - [chardet.universaldetector:280] - DEBUG - ISO-8859-7 Greek confidence = 0.0
2017-09-16 15:59:47,176 - [chardet.universaldetector:280] - DEBUG - windows-1253 Greek confidence = 0.0
2017-09-16 15:59:47,184 - [chardet.universaldetector:280] - DEBUG - ISO-8859-5 Bulgairan confidence = 0.0
2017-09-16 15:59:47,185 - [chardet.universaldetector:280] - DEBUG - windows-1251 Bulgarian confidence = 0.0
2017-09-16 15:59:47,186 - [chardet.universaldetector:280] - DEBUG - TIS-620 Thai confidence = 0.162648209394
2017-09-16 15:59:47,187 - [chardet.universaldetector:280] - DEBUG - ISO-8859-9 Turkish confidence = 0.0684578955987
2017-09-16 15:59:47,192 - [chardet.universaldetector:280] - DEBUG - windows-1255 Hebrew confidence = 0.0
2017-09-16 15:59:47,192 - [chardet.universaldetector:280] - DEBUG - windows-1255 Hebrew confidence = 0.0
2017-09-16 15:59:47,192 - [chardet.universaldetector:280] - DEBUG - windows-1255 Hebrew confidence = 0.0
2017-09-16 15:59:47,194 - [chardet.charsetprober:61] - DEBUG - SHIFT_JIS Japanese prober hit error at byte 8
2017-09-16 15:59:47,195 - [chardet.universaldetector:285] - DEBUG - windows-1255 Hebrew confidence = 0.0
2017-09-16 15:59:47,211 - [chardet.charsetprober:62] - DEBUG - EUC-JP Japanese prober hit error at byte 6
2017-09-16 15:59:47,216 - [chardet.charsetprober:66] - DEBUG - GB2312 Chinese prober hit error at byte 6
2017-09-16 15:59:47,218 - [chardet.charsetprober:61] - DEBUG - SHIFT_JIS Japanese prober hit error at byte 8
2017-09-16 15:59:47,222 - [chardet.charsetprober:66] - DEBUG - EUC-KR Korean prober hit error at byte 6
2017-09-16 15:59:47,234 - [chardet.charsetprober:62] - DEBUG - EUC-JP Japanese prober hit error at byte 6
2017-09-16 15:59:47,235 - [chardet.charsetprober:66] - DEBUG - CP949 Korean prober hit error at byte 8
2017-09-16 15:59:47,242 - [chardet.charsetprober:66] - DEBUG - GB2312 Chinese prober hit error at byte 6
2017-09-16 15:59:47,250 - [chardet.charsetprober:66] - DEBUG - Big5 Chinese prober hit error at byte 6
2017-09-16 15:59:47,251 - [chardet.charsetprober:66] - DEBUG - EUC-KR Korean prober hit error at byte 6
2017-09-16 15:59:47,252 - [chardet.charsetprober:66] - DEBUG - EUC-TW Taiwan prober hit error at byte 5
2017-09-16 15:59:47,253 - [chardet.charsetprober:119] - DEBUG - MacCyrillic confidence = 0.0427548910293, below negative shortcut threshhold 0.05
2017-09-16 15:59:47,253 - [chardet.charsetprober:66] - DEBUG - CP949 Korean prober hit error at byte 8
2017-09-16 15:59:47,266 - [chardet.charsetprober:66] - DEBUG - Big5 Chinese prober hit error at byte 6
2017-09-16 15:59:47,322 - [chardet.charsetprober:66] - DEBUG - EUC-TW Taiwan prober hit error at byte 5
2017-09-16 15:59:47,408 - [chardet.charsetprober:61] - DEBUG - SHIFT_JIS Japanese prober hit error at byte 606
2017-09-16 15:59:47,441 - [chardet.charsetprober:62] - DEBUG - EUC-JP Japanese prober hit error at byte 595
2017-09-16 15:59:47,501 - [chardet.charsetprober:66] - DEBUG - GB2312 Chinese prober hit error at byte 606
2017-09-16 15:59:47,553 - [chardet.charsetprober:66] - DEBUG - EUC-KR Korean prober hit error at byte 595
2017-09-16 15:59:47,569 - [chardet.charsetprober:66] - DEBUG - CP949 Korean prober hit error at byte 606
2017-09-16 15:59:47,636 - [chardet.charsetprober:66] - DEBUG - Big5 Chinese prober hit error at byte 595
2017-09-16 15:59:47,654 - [chardet.charsetprober:66] - DEBUG - EUC-TW Taiwan prober hit error at byte 11
2017-09-16 15:59:47,655 - [chardet.charsetprober:100] - DEBUG - windows-1251 Russian confidence = 0.0
2017-09-16 15:59:47,702 - [chardet.charsetprober:100] - DEBUG - KOI8-R Russian confidence = 0.0280262655715
2017-09-16 15:59:47,712 - [chardet.charsetprober:100] - DEBUG - ISO-8859-5 Russian confidence = 0.0
2017-09-16 15:59:47,720 - [chardet.charsetprober:100] - DEBUG - MacCyrillic Russian confidence = 0.0
2017-09-16 15:59:47,733 - [chardet.charsetprober:100] - DEBUG - IBM866 Russian confidence = 0.0
2017-09-16 15:59:47,755 - [chardet.charsetprober:100] - DEBUG - IBM855 Russian confidence = 0.0650466159301
2017-09-16 15:59:47,804 - [chardet.charsetprober:100] - DEBUG - ISO-8859-7 Greek confidence = 0.0
2017-09-16 15:59:47,836 - [chardet.charsetprober:100] - DEBUG - windows-1253 Greek confidence = 0.0
2017-09-16 15:59:47,843 - [requests.packages.urllib3.connectionpool:395] - DEBUG - http://services.corporate-ir.net:80 "GET /SEC/Document.Service?id=P3VybD1hSFIwY0RvdkwyRndhUzUwWlc1cmQybDZZWEprTG1OdmJTOWtiM2R1Ykc5aFpDNXdhSEEvWVdOMGFXOXVQVkJFUmlacGNHRm5aVDB4TVRjM01EazNPU1p6ZFdKemFXUTlOVGM9JnR5cGU9MiZmbj1CYWlkdV82S18yMDE3MDgyOC5wZGY= HTTP/1.1" 200 53387
2017-09-16 15:59:47,843 - [chardet.charsetprober:100] - DEBUG - ISO-8859-5 Bulgairan confidence = 0.0
2017-09-16 15:59:47,849 - [chardet.charsetprober:100] - DEBUG - windows-1251 Russian confidence = 0.0195760505902
2017-09-16 15:59:47,850 - [chardet.charsetprober:100] - DEBUG - windows-1251 Bulgarian confidence = 0.0
2017-09-16 15:59:47,857 - [chardet.charsetprober:100] - DEBUG - KOI8-R Russian confidence = 0.0643732125298
2017-09-16 15:59:47,862 - [chardet.charsetprober:100] - DEBUG - TIS-620 Thai confidence = 0.162648209394
2017-09-16 15:59:47,864 - [chardet.charsetprober:100] - DEBUG - ISO-8859-5 Russian confidence = 0.0123959225928
2017-09-16 15:59:47,870 - [chardet.charsetprober:100] - DEBUG - MacCyrillic Russian confidence = 0.0398292827299
2017-09-16 15:59:47,871 - [chardet.charsetprober:100] - DEBUG - ISO-8859-9 Turkish confidence = 0.0684578955987
2017-09-16 15:59:47,875 - [chardet.charsetprober:100] - DEBUG - IBM866 Russian confidence = 0.0
2017-09-16 15:59:47,882 - [chardet.charsetprober:100] - DEBUG - windows-1255 Hebrew confidence = 0.0
2017-09-16 15:59:47,885 - [chardet.charsetprober:100] - DEBUG - IBM855 Russian confidence = 0.0480092544496
2017-09-16 15:59:47,885 - [chardet.charsetprober:100] - DEBUG - windows-1255 Hebrew confidence = 0.0
2017-09-16 15:59:47,893 - [chardet.charsetprober:100] - DEBUG - ISO-8859-7 Greek confidence = 0.114513193876
2017-09-16 15:59:47,894 - [chardet.charsetprober:100] - DEBUG - windows-1255 Hebrew confidence = 0.0
2017-09-16 15:59:47,897 - [chardet.charsetprober:100] - DEBUG - windows-1253 Greek confidence = 0.113424781496
2017-09-16 15:59:47,897 - [chardet.universaldetector:271] - DEBUG - no probers hit minimum threshold
2017-09-16 15:59:47,898 - [chardet.charsetprober:100] - DEBUG - ISO-8859-5 Bulgairan confidence = 0.00534105474455
2017-09-16 15:59:47,899 - [chardet.universaldetector:280] - DEBUG - utf-8  confidence = 0.01
2017-09-16 15:59:47,901 - [chardet.charsetprober:100] - DEBUG - windows-1251 Bulgarian confidence = 0.0162890564529
2017-09-16 15:59:47,902 - [chardet.universaldetector:280] - DEBUG - SHIFT_JIS Japanese confidence = 0.01
2017-09-16 15:59:47,902 - [chardet.charsetprober:100] - DEBUG - TIS-620 Thai confidence = 0.146341993448
2017-09-16 15:59:47,902 - [chardet.universaldetector:280] - DEBUG - EUC-JP Japanese confidence = 0.01
2017-09-16 15:59:47,904 - [chardet.universaldetector:280] - DEBUG - GB2312 Chinese confidence = 0.01
2017-09-16 15:59:47,904 - [chardet.universaldetector:280] - DEBUG - EUC-KR Korean confidence = 0.01
2017-09-16 15:59:47,905 - [chardet.charsetprober:100] - DEBUG - ISO-8859-9 Turkish confidence = 0.413112571904
2017-09-16 15:59:47,907 - [chardet.universaldetector:280] - DEBUG - CP949 Korean confidence = 0.01
2017-09-16 15:59:47,908 - [chardet.charsetprober:100] - DEBUG - windows-1255 Hebrew confidence = 0.0
2017-09-16 15:59:47,910 - [chardet.universaldetector:280] - DEBUG - Big5 Chinese confidence = 0.01
2017-09-16 15:59:47,912 - [chardet.charsetprober:100] - DEBUG - windows-1255 Hebrew confidence = 0.0616015193581
2017-09-16 15:59:47,913 - [chardet.universaldetector:280] - DEBUG - EUC-TW Taiwan confidence = 0.01
2017-09-16 15:59:47,914 - [chardet.charsetprober:100] - DEBUG - windows-1255 Hebrew confidence = 0.0572014108325
2017-09-16 15:59:47,917 - [chardet.universaldetector:280] - DEBUG - windows-1251 Russian confidence = 0.0
2017-09-16 15:59:47,918 - [chardet.charsetprober:100] - DEBUG - windows-1251 Russian confidence = 0.0195760505902
2017-09-16 15:59:47,920 - [chardet.charsetprober:100] - DEBUG - KOI8-R Russian confidence = 0.0643732125298
2017-09-16 15:59:47,920 - [chardet.charsetprober:100] - DEBUG - ISO-8859-5 Russian confidence = 0.0123959225928
2017-09-16 15:59:47,921 - [chardet.universaldetector:280] - DEBUG - KOI8-R Russian confidence = 0.0280262655715
2017-09-16 15:59:47,921 - [chardet.charsetprober:100] - DEBUG - MacCyrillic Russian confidence = 0.0398292827299
2017-09-16 15:59:47,922 - [chardet.universaldetector:280] - DEBUG - ISO-8859-5 Russian confidence = 0.0
2017-09-16 15:59:47,924 - [chardet.charsetprober:100] - DEBUG - IBM866 Russian confidence = 0.0
2017-09-16 15:59:47,924 - [chardet.universaldetector:280] - DEBUG - MacCyrillic Russian confidence = 0.0
2017-09-16 15:59:47,927 - [chardet.charsetprober:100] - DEBUG - IBM855 Russian confidence = 0.0480092544496
2017-09-16 15:59:47,928 - [chardet.universaldetector:280] - DEBUG - IBM866 Russian confidence = 0.0
2017-09-16 15:59:47,929 - [chardet.charsetprober:100] - DEBUG - ISO-8859-7 Greek confidence = 0.114513193876
2017-09-16 15:59:47,930 - [chardet.universaldetector:280] - DEBUG - IBM855 Russian confidence = 0.0650466159301
2017-09-16 15:59:47,930 - [chardet.charsetprober:100] - DEBUG - windows-1253 Greek confidence = 0.113424781496
2017-09-16 15:59:47,932 - [chardet.universaldetector:280] - DEBUG - ISO-8859-7 Greek confidence = 0.0
2017-09-16 15:59:47,934 - [chardet.charsetprober:100] - DEBUG - ISO-8859-5 Bulgairan confidence = 0.00534105474455
2017-09-16 15:59:47,935 - [chardet.universaldetector:280] - DEBUG - windows-1253 Greek confidence = 0.0
2017-09-16 15:59:47,936 - [chardet.charsetprober:100] - DEBUG - windows-1251 Bulgarian confidence = 0.0162890564529
2017-09-16 15:59:47,936 - [chardet.universaldetector:280] - DEBUG - ISO-8859-5 Bulgairan confidence = 0.0
2017-09-16 15:59:47,937 - [chardet.charsetprober:100] - DEBUG - TIS-620 Thai confidence = 0.146341993448
2017-09-16 15:59:47,938 - [chardet.charsetprober:100] - DEBUG - ISO-8859-9 Turkish confidence = 0.413112571904
2017-09-16 15:59:47,938 - [chardet.charsetprober:100] - DEBUG - windows-1255 Hebrew confidence = 0.0
2017-09-16 15:59:47,941 - [chardet.charsetprober:100] - DEBUG - windows-1255 Hebrew confidence = 0.0616015193581
2017-09-16 15:59:47,941 - [chardet.universaldetector:280] - DEBUG - windows-1251 Bulgarian confidence = 0.0
2017-09-16 15:59:47,941 - [chardet.charsetprober:100] - DEBUG - windows-1255 Hebrew confidence = 0.0572014108325
2017-09-16 15:59:47,941 - [chardet.universaldetector:280] - DEBUG - TIS-620 Thai confidence = 0.162648209394
2017-09-16 15:59:47,945 - [bs4.dammit:381] - WARNING - Some characters could not be decoded, and were replaced with REPLACEMENT CHARACTER.
2017-09-16 15:59:47,946 - [requests.packages.urllib3.connectionpool:207] - DEBUG - Starting new HTTP connection (1): ir.baidu.comphoenix.zhtml
2017-09-16 15:59:47,946 - [chardet.universaldetector:280] - DEBUG - ISO-8859-9 Turkish confidence = 0.0684578955987
2017-09-16 15:59:47,951 - [root:45] - INFO - url http://services.corporate-ir.net/SEC/Document.Service?id=P3VybD1hSFIwY0RvdkwyRndhUzUwWlc1cmQybDZZWEprTG1OdmJTOWtiM2R1Ykc5aFpDNXdhSEEvWVdOMGFXOXVQVmhNVXlacGNHRm5aVDB4TVRjeE5UY3dOQ1p6ZFdKemFXUTlOVGM9JnR5cGU9MSZmbj1CYWlkdV82S18yMDE3MDcyOC54bHM= is not match
2017-09-16 15:59:47,952 - [chardet.universaldetector:280] - DEBUG - windows-1255 Hebrew confidence = 0.0
2017-09-16 15:59:47,955 - [chardet.universaldetector:280] - DEBUG - windows-1255 Hebrew confidence = 0.0
2017-09-16 15:59:47,956 - [chardet.universaldetector:280] - DEBUG - windows-1255 Hebrew confidence = 0.0
2017-09-16 15:59:47,956 - [chardet.universaldetector:285] - DEBUG - windows-1255 Hebrew confidence = 0.0
2017-09-16 15:59:47,961 - [bs4.dammit:381] - WARNING - Some characters could not be decoded, and were replaced with REPLACEMENT CHARACTER.
2017-09-16 15:59:47,961 - [root:77] - ERROR - Connection Error url http://ir.baidu.comphoenix.zhtml?c=188488&p=irol-transactointservices
2017-09-16 15:59:47,962 - [root:45] - INFO - url http://services.corporate-ir.net/SEC/Document.Service?id=P3VybD1hSFIwY0RvdkwyRndhUzUwWlc1cmQybDZZWEprTG1OdmJTOWtiM2R1Ykc5aFpDNXdhSEEvWVdOMGFXOXVQVmhNVXlacGNHRm5aVDB4TVRjM01EazNPU1p6ZFdKemFXUTlOVGM9JnR5cGU9MSZmbj1CYWlkdV82S18yMDE3MDgyOC54bHM= is not match
2017-09-16 15:59:47,964 - [root:115] - ERROR - crawl url http://ir.baidu.comphoenix.zhtml?c=188488&p=irol-transactointservices failed, status code 4
2017-09-16 15:59:48,000 - [requests.packages.urllib3.connectionpool:207] - DEBUG - Starting new HTTP connection (1): ir.baidu.comphoenix.zhtml
2017-09-16 15:59:48,003 - [root:77] - ERROR - Connection Error url http://ir.baidu.comphoenix.zhtml?c=188488&p=irol-newsArticle&ID=2295394
2017-09-16 15:59:48,006 - [root:115] - ERROR - crawl url http://ir.baidu.comphoenix.zhtml?c=188488&p=irol-newsArticle&ID=2295394 failed, status code 4
2017-09-16 15:59:48,043 - [requests.packages.urllib3.connectionpool:207] - DEBUG - Starting new HTTP connection (1): ir.baidu.comphoenix.zhtml
2017-09-16 15:59:48,060 - [root:77] - ERROR - Connection Error url http://ir.baidu.comphoenix.zhtml?c=188488&p=irol-analysts
2017-09-16 15:59:48,060 - [root:115] - ERROR - crawl url http://ir.baidu.comphoenix.zhtml?c=188488&p=irol-analysts failed, status code 4
2017-09-16 15:59:48,160 - [chardet.charsetprober:119] - DEBUG - IBM866 confidence = 0.0424479413959, below negative shortcut threshhold 0.05
2017-09-16 15:59:48,306 - [chardet.charsetprober:61] - DEBUG - SHIFT_JIS Japanese prober hit error at byte 522
2017-09-16 15:59:48,322 - [chardet.charsetprober:62] - DEBUG - EUC-JP Japanese prober hit error at byte 513
2017-09-16 15:59:48,345 - [chardet.charsetprober:66] - DEBUG - GB2312 Chinese prober hit error at byte 520
2017-09-16 15:59:48,361 - [chardet.charsetprober:66] - DEBUG - EUC-KR Korean prober hit error at byte 513
2017-09-16 15:59:48,381 - [chardet.charsetprober:66] - DEBUG - CP949 Korean prober hit error at byte 519
2017-09-16 15:59:48,401 - [chardet.charsetprober:66] - DEBUG - Big5 Chinese prober hit error at byte 513
2017-09-16 15:59:48,416 - [chardet.charsetprober:66] - DEBUG - EUC-TW Taiwan prober hit error at byte 513
2017-09-16 15:59:48,427 - [chardet.charsetprober:119] - DEBUG - windows-1251 confidence = 0.042380307722, below negative shortcut threshhold 0.05
2017-09-16 15:59:48,703 - [chardet.charsetprober:119] - DEBUG - windows-1251 confidence = 0.0465673438815, below negative shortcut threshhold 0.05
2017-09-16 15:59:48,834 - [chardet.charsetprober:119] - DEBUG - KOI8-R confidence = 0.0375048433184, below negative shortcut threshhold 0.05
2017-09-16 15:59:48,960 - [chardet.charsetprober:119] - DEBUG - KOI8-R confidence = 0.0409084751024, below negative shortcut threshhold 0.05
2017-09-16 15:59:49,060 - [chardet.charsetprober:119] - DEBUG - IBM855 confidence = 0.0419619608196, below negative shortcut threshhold 0.05
2017-09-16 15:59:49,100 - [chardet.charsetprober:119] - DEBUG - ISO-8859-5 confidence = 0.044097214965, below negative shortcut threshhold 0.05
2017-09-16 15:59:49,101 - [requests.packages.urllib3.connectionpool:207] - DEBUG - Starting new HTTP connection (1): ir.baidu.comphoenix.zhtml
2017-09-16 15:59:49,102 - [requests.packages.urllib3.connectionpool:207] - DEBUG - Starting new HTTP connection (1): media.corporate-ir.net
2017-09-16 15:59:49,103 - [requests.packages.urllib3.connectionpool:207] - DEBUG - Starting new HTTP connection (1): services.corporate-ir.net
2017-09-16 15:59:49,181 - [requests.packages.urllib3.connectionpool:207] - DEBUG - Starting new HTTP connection (1): ir.baidu.comphoenix.zhtml
2017-09-16 15:59:49,181 - [requests.packages.urllib3.connectionpool:207] - DEBUG - Starting new HTTP connection (1): www.baidu.com
2017-09-16 15:59:49,270 - [root:77] - ERROR - Connection Error url http://ir.baidu.comphoenix.zhtml?c=188488&p=irol-searchservices
2017-09-16 15:59:49,285 - [root:115] - ERROR - crawl url http://ir.baidu.comphoenix.zhtml?c=188488&p=irol-searchservices failed, status code 4
2017-09-16 15:59:49,388 - [chardet.charsetprober:119] - DEBUG - MacCyrillic confidence = 0.0483682583991, below negative shortcut threshhold 0.05
2017-09-16 15:59:49,553 - [chardet.charsetprober:119] - DEBUG - ISO-8859-5 confidence = 0.0438598065133, below negative shortcut threshhold 0.05
2017-09-16 15:59:49,641 - [chardet.charsetprober:119] - DEBUG - IBM866 confidence = 0.040129984999, below negative shortcut threshhold 0.05
2017-09-16 15:59:49,750 - [chardet.charsetprober:119] - DEBUG - IBM855 confidence = 0.0415448488156, below negative shortcut threshhold 0.05
2017-09-16 15:59:49,756 - [root:77] - ERROR - Connection Error url http://ir.baidu.comphoenix.zhtml?c=188488&p=irol-alerts
2017-09-16 15:59:49,769 - [root:115] - ERROR - crawl url http://ir.baidu.comphoenix.zhtml?c=188488&p=irol-alerts failed, status code 4
2017-09-16 15:59:49,782 - [requests.packages.urllib3.connectionpool:395] - DEBUG - http://www.baidu.com:80 "GET / HTTP/1.1" 200 None
2017-09-16 15:59:49,843 - [root:45] - INFO - url http://www.baidu.com/ is not match
2017-09-16 15:59:50,038 - [requests.packages.urllib3.connectionpool:395] - DEBUG - http://media.corporate-ir.net:80 "GET /media_files/IROL/18/188488/2016/BIDU_--_Q3_2016_Earnings_Release.pdf HTTP/1.1" 302 None
2017-09-16 15:59:50,112 - [requests.packages.urllib3.connectionpool:207] - DEBUG - Starting new HTTP connection (1): 120.198.248.30
2017-09-16 15:59:50,284 - [requests.packages.urllib3.connectionpool:395] - DEBUG - http://120.198.248.30:80 "GET /cache/media.corporate-ir.net/media_files/IROL/18/188488/2016/BIDU_--_Q3_2016_Earnings_Release.pdf?ich_args2=26-16155905003338_bf615126ac2f971b721c6af4c258475e_10001002_9c896429d2c7f9d69f33518939a83798_42b6b725d94a86f09e86fbc3eb3d63be HTTP/1.1" 200 230530
2017-09-16 15:59:50,308 - [requests.packages.urllib3.connectionpool:207] - DEBUG - Starting new HTTP connection (1): phx.corporate-ir.net
2017-09-16 15:59:50,325 - [chardet.charsetprober:119] - DEBUG - MacCyrillic confidence = 0.0429838501648, below negative shortcut threshhold 0.05
2017-09-16 15:59:50,378 - [chardet.charsetprober:119] - DEBUG - ISO-8859-5 confidence = 0.0438121705824, below negative shortcut threshhold 0.05
2017-09-16 15:59:50,564 - [chardet.charsetprober:119] - DEBUG - windows-1251 confidence = 0.0450102027808, below negative shortcut threshhold 0.05
2017-09-16 15:59:50,649 - [chardet.charsetprober:119] - DEBUG - TIS-620 confidence = 0.0442510664513, below negative shortcut threshhold 0.05
2017-09-16 15:59:50,753 - [chardet.charsetprober:61] - DEBUG - SHIFT_JIS Japanese prober hit error at byte 610
2017-09-16 15:59:50,765 - [chardet.charsetprober:62] - DEBUG - EUC-JP Japanese prober hit error at byte 599
2017-09-16 15:59:50,806 - [chardet.charsetprober:66] - DEBUG - GB2312 Chinese prober hit error at byte 610
2017-09-16 15:59:50,808 - [requests.packages.urllib3.connectionpool:207] - DEBUG - Starting new HTTP connection (1): ir.baidu.comphoenix.zhtml
2017-09-16 15:59:50,829 - [chardet.charsetprober:66] - DEBUG - EUC-KR Korean prober hit error at byte 599
2017-09-16 15:59:50,839 - [chardet.charsetprober:66] - DEBUG - CP949 Korean prober hit error at byte 610
2017-09-16 15:59:50,856 - [chardet.charsetprober:66] - DEBUG - Big5 Chinese prober hit error at byte 599
2017-09-16 15:59:50,911 - [requests.packages.urllib3.connectionpool:395] - DEBUG - http://phx.corporate-ir.net:80 "GET /External.File?item=UGFyZW50SUQ9MzI1NDI4fENoaWxkSUQ9LTF8VHlwZT0z&t=1&cb=635920593224412832 HTTP/1.1" 200 336823
2017-09-16 15:59:50,912 - [root:71] - ERROR - read timeout http://services.corporate-ir.net/SEC/Document.Service?id=P3VybD1hSFIwY0RvdkwyRndhUzUwWlc1cmQybDZZWEprTG1OdmJTOWtiM2R1Ykc5aFpDNXdhSEEvWVdOMGFXOXVQVkpVUmlacGNHRm5aVDB4TVRjeE5UY3dOQ1p6ZFdKemFXUTlOVGM9JnR5cGU9MyZmbj1CYWlkdV82S18yMDE3MDcyOC5ydGY=
2017-09-16 15:59:50,927 - [chardet.charsetprober:66] - DEBUG - EUC-TW Taiwan prober hit error at byte 11
2017-09-16 15:59:50,928 - [root:115] - ERROR - crawl url http://services.corporate-ir.net/SEC/Document.Service?id=P3VybD1hSFIwY0RvdkwyRndhUzUwWlc1cmQybDZZWEprTG1OdmJTOWtiM2R1Ykc5aFpDNXdhSEEvWVdOMGFXOXVQVkpVUmlacGNHRm5aVDB4TVRjeE5UY3dOQ1p6ZFdKemFXUTlOVGM9JnR5cGU9MyZmbj1CYWlkdV82S18yMDE3MDcyOC5ydGY= failed, status code 2
2017-09-16 15:59:50,928 - [requests.packages.urllib3.connectionpool:207] - DEBUG - Starting new HTTP connection (1): ir.baidu.comphoenix.zhtml
2017-09-16 15:59:50,929 - [root:77] - ERROR - Connection Error url http://ir.baidu.comphoenix.zhtml?c=188488&p=irol-presentations
2017-09-16 15:59:50,951 - [chardet.charsetprober:119] - DEBUG - IBM866 confidence = 0.0408263641987, below negative shortcut threshhold 0.05
2017-09-16 15:59:51,022 - [root:115] - ERROR - crawl url http://ir.baidu.comphoenix.zhtml?c=188488&p=irol-presentations failed, status code 4
2017-09-16 15:59:51,025 - [root:77] - ERROR - Connection Error url http://ir.baidu.comphoenix.zhtml?c=188488&p=irol-searchengine
2017-09-16 15:59:51,071 - [root:115] - ERROR - crawl url http://ir.baidu.comphoenix.zhtml?c=188488&p=irol-searchengine failed, status code 4
2017-09-16 15:59:51,552 - [chardet.charsetprober:119] - DEBUG - windows-1255 confidence = 0.0454458248611, below negative shortcut threshhold 0.05
2017-09-16 15:59:51,699 - [chardet.charsetprober:119] - DEBUG - IBM855 confidence = 0.0413528676042, below negative shortcut threshhold 0.05
2017-09-16 15:59:51,785 - [chardet.charsetprober:119] - DEBUG - windows-1255 confidence = 0.0457362135184, below negative shortcut threshhold 0.05
2017-09-16 15:59:51,928 - [chardet.charsetprober:97] - DEBUG - windows-1251 not active
2017-09-16 15:59:51,941 - [chardet.charsetprober:97] - DEBUG - KOI8-R not active
2017-09-16 15:59:51,942 - [chardet.charsetprober:97] - DEBUG - ISO-8859-5 not active
2017-09-16 15:59:51,945 - [chardet.charsetprober:97] - DEBUG - MacCyrillic not active
2017-09-16 15:59:51,969 - [chardet.charsetprober:97] - DEBUG - IBM866 not active
2017-09-16 15:59:52,007 - [chardet.charsetprober:97] - DEBUG - IBM855 not active
2017-09-16 15:59:52,027 - [requests.packages.urllib3.connectionpool:207] - DEBUG - Starting new HTTP connection (1): ir.baidu.comphoenix.zhtml
2017-09-16 15:59:52,030 - [chardet.charsetprober:100] - DEBUG - ISO-8859-7 Greek confidence = 0.0803155706616
2017-09-16 15:59:52,034 - [chardet.charsetprober:100] - DEBUG - windows-1253 Greek confidence = 0.0814322705786
2017-09-16 15:59:52,036 - [chardet.charsetprober:97] - DEBUG - ISO-8859-5 not active
2017-09-16 15:59:52,039 - [chardet.charsetprober:97] - DEBUG - windows-1251 not active
2017-09-16 15:59:52,045 - [chardet.charsetprober:97] - DEBUG - TIS-620 not active
2017-09-16 15:59:52,046 - [chardet.charsetprober:100] - DEBUG - ISO-8859-9 Turkish confidence = 0.161084784036
2017-09-16 15:59:52,053 - [chardet.charsetprober:100] - DEBUG - windows-1255 Hebrew confidence = 0.0
2017-09-16 15:59:52,054 - [chardet.charsetprober:97] - DEBUG - windows-1255 not active
2017-09-16 15:59:52,057 - [chardet.charsetprober:97] - DEBUG - windows-1255 not active
2017-09-16 15:59:52,064 - [root:77] - ERROR - Connection Error url http://ir.baidu.comphoenix.zhtml?c=188488&p=irol-reportsannual
2017-09-16 15:59:52,067 - [chardet.universaldetector:271] - DEBUG - no probers hit minimum threshold
2017-09-16 15:59:52,069 - [root:115] - ERROR - crawl url http://ir.baidu.comphoenix.zhtml?c=188488&p=irol-reportsannual failed, status code 4
2017-09-16 15:59:52,070 - [chardet.universaldetector:280] - DEBUG - utf-8  confidence = 0.01
2017-09-16 15:59:52,090 - [chardet.charsetprober:119] - DEBUG - windows-1251 confidence = 0.0425398912048, below negative shortcut threshhold 0.05
2017-09-16 15:59:52,095 - [requests.packages.urllib3.connectionpool:207] - DEBUG - Starting new HTTP connection (1): media.corporate-ir.net
2017-09-16 15:59:52,116 - [chardet.universaldetector:280] - DEBUG - SHIFT_JIS Japanese confidence = 0.01
2017-09-16 15:59:52,121 - [requests.packages.urllib3.connectionpool:207] - DEBUG - Starting new HTTP connection (1): ir.baidu.comphoenix.zhtml
2017-09-16 15:59:52,244 - [chardet.universaldetector:280] - DEBUG - EUC-JP Japanese confidence = 0.01
2017-09-16 15:59:52,268 - [chardet.universaldetector:280] - DEBUG - GB2312 Chinese confidence = 0.01
2017-09-16 15:59:52,277 - [chardet.universaldetector:280] - DEBUG - EUC-KR Korean confidence = 0.01
2017-09-16 15:59:52,309 - [chardet.charsetprober:61] - DEBUG - SHIFT_JIS Japanese prober hit error at byte 631
2017-09-16 15:59:52,338 - [chardet.universaldetector:280] - DEBUG - CP949 Korean confidence = 0.01
2017-09-16 15:59:52,344 - [chardet.universaldetector:280] - DEBUG - Big5 Chinese confidence = 0.01
2017-09-16 15:59:52,352 - [chardet.charsetprober:62] - DEBUG - EUC-JP Japanese prober hit error at byte 626
2017-09-16 15:59:52,369 - [chardet.universaldetector:280] - DEBUG - EUC-TW Taiwan confidence = 0.01
2017-09-16 15:59:52,454 - [root:77] - ERROR - Connection Error url http://ir.baidu.comphoenix.zhtml?c=188488&p=irol-faq
2017-09-16 15:59:52,470 - [chardet.charsetprober:66] - DEBUG - GB2312 Chinese prober hit error at byte 631
2017-09-16 15:59:52,480 - [chardet.universaldetector:280] - DEBUG - windows-1251 Russian confidence = 0.0465673438815
2017-09-16 15:59:52,484 - [root:115] - ERROR - crawl url http://ir.baidu.comphoenix.zhtml?c=188488&p=irol-faq failed, status code 4
2017-09-16 15:59:52,486 - [chardet.universaldetector:280] - DEBUG - KOI8-R Russian confidence = 0.0375048433184
2017-09-16 15:59:52,503 - [chardet.charsetprober:66] - DEBUG - EUC-KR Korean prober hit error at byte 626
2017-09-16 15:59:52,531 - [chardet.universaldetector:280] - DEBUG - ISO-8859-5 Russian confidence = 0.044097214965
2017-09-16 15:59:52,538 - [chardet.universaldetector:280] - DEBUG - MacCyrillic Russian confidence = 0.0483682583991
2017-09-16 15:59:52,539 - [chardet.universaldetector:280] - DEBUG - IBM866 Russian confidence = 0.040129984999
2017-09-16 15:59:52,549 - [chardet.charsetprober:66] - DEBUG - CP949 Korean prober hit error at byte 631
2017-09-16 15:59:52,554 - [chardet.universaldetector:280] - DEBUG - IBM855 Russian confidence = 0.0415448488156
2017-09-16 15:59:52,565 - [chardet.charsetprober:66] - DEBUG - Big5 Chinese prober hit error at byte 626
2017-09-16 15:59:52,637 - [chardet.universaldetector:280] - DEBUG - ISO-8859-7 Greek confidence = 0.0803155706616
2017-09-16 15:59:52,637 - [chardet.charsetprober:66] - DEBUG - EUC-TW Taiwan prober hit error at byte 11
2017-09-16 15:59:52,637 - [chardet.universaldetector:280] - DEBUG - windows-1253 Greek confidence = 0.0814322705786
2017-09-16 15:59:52,641 - [chardet.universaldetector:280] - DEBUG - ISO-8859-5 Bulgairan confidence = 0.0438121705824
2017-09-16 15:59:52,664 - [chardet.universaldetector:280] - DEBUG - windows-1251 Bulgarian confidence = 0.0450102027808
2017-09-16 15:59:52,718 - [chardet.universaldetector:280] - DEBUG - TIS-620 Thai confidence = 0.0442510664513
2017-09-16 15:59:52,870 - [chardet.universaldetector:280] - DEBUG - ISO-8859-9 Turkish confidence = 0.161084784036
2017-09-16 15:59:52,876 - [requests.packages.urllib3.connectionpool:395] - DEBUG - http://media.corporate-ir.net:80 "GET /media_files/IROL/18/188488/2017/BIDU%20--%20Q2%202017%20Earnings%20Release.pdf HTTP/1.1" 200 335988
2017-09-16 15:59:52,883 - [chardet.universaldetector:280] - DEBUG - windows-1255 Hebrew confidence = 0.0
2017-09-16 15:59:52,906 - [chardet.universaldetector:280] - DEBUG - windows-1255 Hebrew confidence = 0.0454458248611
2017-09-16 15:59:52,933 - [chardet.universaldetector:280] - DEBUG - windows-1255 Hebrew confidence = 0.0457362135184
2017-09-16 15:59:52,939 - [chardet.universaldetector:285] - DEBUG - windows-1255 Hebrew confidence = 0.0457362135184
2017-09-16 15:59:52,942 - [chardet.charsetprober:119] - DEBUG - ISO-8859-5 confidence = 0.0436147782142, below negative shortcut threshhold 0.05
2017-09-16 15:59:53,040 - [chardet.charsetprober:61] - DEBUG - SHIFT_JIS Japanese prober hit error at byte 522
2017-09-16 15:59:53,088 - [chardet.charsetprober:62] - DEBUG - EUC-JP Japanese prober hit error at byte 513
2017-09-16 15:59:53,155 - [chardet.charsetprober:66] - DEBUG - GB2312 Chinese prober hit error at byte 520
2017-09-16 15:59:53,170 - [requests.packages.urllib3.connectionpool:207] - DEBUG - Starting new HTTP connection (1): ir.baidu.comphoenix.zhtml
2017-09-16 15:59:53,172 - [chardet.charsetprober:119] - DEBUG - KOI8-R confidence = 0.042084062045, below negative shortcut threshhold 0.05
2017-09-16 15:59:53,181 - [chardet.charsetprober:66] - DEBUG - EUC-KR Korean prober hit error at byte 513
2017-09-16 15:59:53,295 - [chardet.charsetprober:66] - DEBUG - CP949 Korean prober hit error at byte 519
2017-09-16 15:59:53,296 - [root:77] - ERROR - Connection Error url http://ir.baidu.comphoenix.zhtml?c=188488&p=irol-govhighlights
2017-09-16 15:59:53,334 - [root:115] - ERROR - crawl url http://ir.baidu.comphoenix.zhtml?c=188488&p=irol-govhighlights failed, status code 4
2017-09-16 15:59:53,344 - [chardet.charsetprober:66] - DEBUG - Big5 Chinese prober hit error at byte 513
2017-09-16 15:59:53,373 - [chardet.charsetprober:66] - DEBUG - EUC-TW Taiwan prober hit error at byte 513
2017-09-16 15:59:53,467 - [chardet.charsetprober:119] - DEBUG - windows-1251 confidence = 0.0465673438815, below negative shortcut threshhold 0.05
2017-09-16 15:59:53,594 - [requests.packages.urllib3.connectionpool:207] - DEBUG - Starting new HTTP connection (1): ir.baidu.comphoenix.zhtml
2017-09-16 15:59:53,622 - [root:77] - ERROR - Connection Error url http://ir.baidu.comphoenix.zhtml?c=188488&p=irol-newsArticle&ID=2294188
2017-09-16 15:59:53,626 - [root:115] - ERROR - crawl url http://ir.baidu.comphoenix.zhtml?c=188488&p=irol-newsArticle&ID=2294188 failed, status code 4
2017-09-16 15:59:53,689 - [chardet.charsetprober:119] - DEBUG - KOI8-R confidence = 0.0375048433184, below negative shortcut threshhold 0.05
2017-09-16 15:59:53,827 - [chardet.charsetprober:61] - DEBUG - SHIFT_JIS Japanese prober hit error at byte 376
2017-09-16 15:59:53,857 - [chardet.charsetprober:62] - DEBUG - EUC-JP Japanese prober hit error at byte 366
2017-09-16 15:59:53,924 - [chardet.charsetprober:66] - DEBUG - GB2312 Chinese prober hit error at byte 377
2017-09-16 15:59:53,933 - [chardet.charsetprober:66] - DEBUG - EUC-KR Korean prober hit error at byte 366
2017-09-16 15:59:53,947 - [chardet.charsetprober:119] - DEBUG - ISO-8859-5 confidence = 0.044097214965, below negative shortcut threshhold 0.05
2017-09-16 15:59:53,980 - [chardet.charsetprober:66] - DEBUG - CP949 Korean prober hit error at byte 366
2017-09-16 15:59:54,124 - [chardet.charsetprober:66] - DEBUG - Big5 Chinese prober hit error at byte 377
2017-09-16 15:59:54,202 - [chardet.charsetprober:119] - DEBUG - MacCyrillic confidence = 0.0483682583991, below negative shortcut threshhold 0.05
2017-09-16 15:59:54,213 - [chardet.charsetprober:66] - DEBUG - EUC-TW Taiwan prober hit error at byte 366
2017-09-16 15:59:54,240 - [chardet.charsetprober:119] - DEBUG - ISO-8859-5 confidence = 0.0434449042569, below negative shortcut threshhold 0.05
2017-09-16 15:59:54,537 - [chardet.charsetprober:119] - DEBUG - IBM866 confidence = 0.040129984999, below negative shortcut threshhold 0.05
2017-09-16 15:59:54,550 - [requests.packages.urllib3.connectionpool:207] - DEBUG - Starting new HTTP connection (1): media.corporate-ir.net
2017-09-16 15:59:54,687 - [chardet.charsetprober:119] - DEBUG - IBM855 confidence = 0.0415448488156, below negative shortcut threshhold 0.05
2017-09-16 15:59:54,742 - [requests.packages.urllib3.connectionpool:207] - DEBUG - Starting new HTTP connection (1): services.corporate-ir.net
2017-09-16 15:59:54,749 - [chardet.charsetprober:119] - DEBUG - windows-1251 confidence = 0.0415908987402, below negative shortcut threshhold 0.05
2017-09-16 15:59:54,953 - [requests.packages.urllib3.connectionpool:395] - DEBUG - http://media.corporate-ir.net:80 "GET /media_files/IROL/18/188488/reports/Q1%202016%20Earnings%20Release.pdf HTTP/1.1" 302 None
2017-09-16 15:59:54,954 - [chardet.charsetprober:119] - DEBUG - windows-1251 confidence = 0.0429862855923, below negative shortcut threshhold 0.05
2017-09-16 15:59:55,158 - [requests.packages.urllib3.connectionpool:207] - DEBUG - Starting new HTTP connection (1): 120.198.248.42
2017-09-16 15:59:55,240 - [chardet.charsetprober:119] - DEBUG - ISO-8859-5 confidence = 0.0424073041503, below negative shortcut threshhold 0.05
2017-09-16 15:59:55,741 - [requests.packages.urllib3.connectionpool:395] - DEBUG - http://services.corporate-ir.net:80 "GET /SEC/Document.Service?id=P3VybD1hSFIwY0RvdkwyRndhUzUwWlc1cmQybDZZWEprTG1OdmJTOWtiM2R1Ykc5aFpDNXdhSEEvWVdOMGFXOXVQVkJFUmlacGNHRm5aVDB4TVRjeE5UY3dOQ1p6ZFdKemFXUTlOVGM9JnR5cGU9MiZmbj1CYWlkdV82S18yMDE3MDcyOC5wZGY= HTTP/1.1" 200 104952
2017-09-16 15:59:55,797 - [requests.packages.urllib3.connectionpool:395] - DEBUG - http://120.198.248.42:80 "GET /cache/media.corporate-ir.net/media_files/IROL/18/188488/reports/Q1%202016%20Earnings%20Release.pdf?ich_args2=26-16155903004878_8e3a2f763fcf3df06f8d5cf5a63a3657_10001002_9c896429d2c7f9d69e38518939a83798_bde446761fd6d5f4db01cd2c2b1ce3da HTTP/1.1" 200 510348
2017-09-16 15:59:55,806 - [chardet.charsetprober:119] - DEBUG - ISO-8859-5 confidence = 0.0438121705824, below negative shortcut threshhold 0.05
2017-09-16 15:59:55,936 - [chardet.charsetprober:119] - DEBUG - MacCyrillic confidence = 0.0432562311023, below negative shortcut threshhold 0.05
2017-09-16 15:59:56,305 - [chardet.charsetprober:119] - DEBUG - windows-1251 confidence = 0.0450102027808, below negative shortcut threshhold 0.05
2017-09-16 15:59:56,506 - [chardet.charsetprober:119] - DEBUG - windows-1251 confidence = 0.0416790735073, below negative shortcut threshhold 0.05
2017-09-16 15:59:56,516 - [chardet.charsetprober:119] - DEBUG - TIS-620 confidence = 0.0442510664513, below negative shortcut threshhold 0.05
2017-09-16 15:59:56,625 - [chardet.charsetprober:61] - DEBUG - SHIFT_JIS Japanese prober hit error at byte 522
2017-09-16 15:59:56,757 - [chardet.charsetprober:119] - DEBUG - windows-1251 confidence = 0.0445704000957, below negative shortcut threshhold 0.05
2017-09-16 15:59:56,767 - [chardet.charsetprober:61] - DEBUG - SHIFT_JIS Japanese prober hit error at byte 622
2017-09-16 15:59:56,801 - [chardet.charsetprober:62] - DEBUG - EUC-JP Japanese prober hit error at byte 513
2017-09-16 15:59:56,879 - [chardet.charsetprober:119] - DEBUG - TIS-620 confidence = 0.0438240670153, below negative shortcut threshhold 0.05
2017-09-16 15:59:57,010 - [chardet.charsetprober:66] - DEBUG - GB2312 Chinese prober hit error at byte 524
2017-09-16 15:59:57,037 - [chardet.charsetprober:62] - DEBUG - EUC-JP Japanese prober hit error at byte 619
2017-09-16 15:59:57,066 - [chardet.charsetprober:66] - DEBUG - GB2312 Chinese prober hit error at byte 627
2017-09-16 15:59:57,070 - [chardet.charsetprober:66] - DEBUG - EUC-KR Korean prober hit error at byte 513
2017-09-16 15:59:57,111 - [chardet.charsetprober:66] - DEBUG - EUC-KR Korean prober hit error at byte 619
2017-09-16 15:59:57,141 - [chardet.charsetprober:66] - DEBUG - CP949 Korean prober hit error at byte 519
2017-09-16 15:59:57,188 - [chardet.charsetprober:66] - DEBUG - CP949 Korean prober hit error at byte 623
2017-09-16 15:59:57,194 - [chardet.charsetprober:66] - DEBUG - Big5 Chinese prober hit error at byte 513
2017-09-16 15:59:57,264 - [chardet.charsetprober:66] - DEBUG - Big5 Chinese prober hit error at byte 619
2017-09-16 15:59:57,267 - [chardet.charsetprober:119] - DEBUG - IBM866 confidence = 0.0409544318039, below negative shortcut threshhold 0.05
2017-09-16 15:59:57,310 - [chardet.charsetprober:66] - DEBUG - EUC-TW Taiwan prober hit error at byte 513
2017-09-16 15:59:57,320 - [chardet.charsetprober:66] - DEBUG - EUC-TW Taiwan prober hit error at byte 11
2017-09-16 15:59:57,820 - [chardet.charsetprober:119] - DEBUG - KOI8-R confidence = 0.0431381853724, below negative shortcut threshhold 0.05
2017-09-16 15:59:58,304 - [chardet.charsetprober:119] - DEBUG - TIS-620 confidence = 0.0441558403439, below negative shortcut threshhold 0.05
2017-09-16 15:59:58,441 - [chardet.charsetprober:119] - DEBUG - windows-1251 confidence = 0.0431599484208, below negative shortcut threshhold 0.05
2017-09-16 15:59:58,606 - [chardet.charsetprober:119] - DEBUG - windows-1255 confidence = 0.0454458248611, below negative shortcut threshhold 0.05
2017-09-16 15:59:58,880 - [chardet.charsetprober:119] - DEBUG - windows-1255 confidence = 0.0457362135184, below negative shortcut threshhold 0.05
2017-09-16 15:59:58,977 - [chardet.charsetprober:119] - DEBUG - IBM855 confidence = 0.0435928291549, below negative shortcut threshhold 0.05
2017-09-16 15:59:59,121 - [chardet.charsetprober:97] - DEBUG - windows-1251 not active
2017-09-16 15:59:59,135 - [chardet.charsetprober:97] - DEBUG - KOI8-R not active
2017-09-16 15:59:59,136 - [chardet.charsetprober:97] - DEBUG - ISO-8859-5 not active
2017-09-16 15:59:59,139 - [chardet.charsetprober:97] - DEBUG - MacCyrillic not active
2017-09-16 15:59:59,143 - [chardet.charsetprober:97] - DEBUG - IBM866 not active
2017-09-16 15:59:59,145 - [chardet.charsetprober:97] - DEBUG - IBM855 not active
2017-09-16 15:59:59,153 - [chardet.charsetprober:100] - DEBUG - ISO-8859-7 Greek confidence = 0.0803155706616
2017-09-16 15:59:59,156 - [chardet.charsetprober:100] - DEBUG - windows-1253 Greek confidence = 0.0814322705786
2017-09-16 15:59:59,240 - [chardet.charsetprober:97] - DEBUG - ISO-8859-5 not active
2017-09-16 15:59:59,250 - [chardet.charsetprober:97] - DEBUG - windows-1251 not active
2017-09-16 15:59:59,251 - [chardet.charsetprober:97] - DEBUG - TIS-620 not active
2017-09-16 15:59:59,260 - [chardet.charsetprober:100] - DEBUG - ISO-8859-9 Turkish confidence = 0.161084784036
2017-09-16 15:59:59,263 - [chardet.charsetprober:100] - DEBUG - windows-1255 Hebrew confidence = 0.0
2017-09-16 15:59:59,294 - [chardet.charsetprober:119] - DEBUG - KOI8-R confidence = 0.0397740413829, below negative shortcut threshhold 0.05
2017-09-16 15:59:59,345 - [chardet.charsetprober:97] - DEBUG - windows-1255 not active
2017-09-16 15:59:59,372 - [chardet.charsetprober:97] - DEBUG - windows-1255 not active
2017-09-16 15:59:59,558 - [chardet.universaldetector:271] - DEBUG - no probers hit minimum threshold
2017-09-16 15:59:59,575 - [chardet.universaldetector:280] - DEBUG - utf-8  confidence = 0.01
2017-09-16 15:59:59,582 - [chardet.universaldetector:280] - DEBUG - SHIFT_JIS Japanese confidence = 0.01
2017-09-16 15:59:59,594 - [chardet.charsetprober:119] - DEBUG - ISO-8859-5 confidence = 0.0414107597496, below negative shortcut threshhold 0.05
2017-09-16 15:59:59,609 - [chardet.universaldetector:280] - DEBUG - EUC-JP Japanese confidence = 0.01
2017-09-16 15:59:59,693 - [chardet.universaldetector:280] - DEBUG - GB2312 Chinese confidence = 0.01
2017-09-16 15:59:59,786 - [chardet.universaldetector:280] - DEBUG - EUC-KR Korean confidence = 0.01
2017-09-16 15:59:59,791 - [chardet.universaldetector:280] - DEBUG - CP949 Korean confidence = 0.01
2017-09-16 15:59:59,797 - [chardet.universaldetector:280] - DEBUG - Big5 Chinese confidence = 0.01
2017-09-16 15:59:59,800 - [chardet.universaldetector:280] - DEBUG - EUC-TW Taiwan confidence = 0.01
2017-09-16 15:59:59,813 - [chardet.universaldetector:280] - DEBUG - windows-1251 Russian confidence = 0.0465673438815
2017-09-16 15:59:59,815 - [chardet.universaldetector:280] - DEBUG - KOI8-R Russian confidence = 0.0375048433184
2017-09-16 15:59:59,816 - [chardet.universaldetector:280] - DEBUG - ISO-8859-5 Russian confidence = 0.044097214965
2017-09-16 15:59:59,993 - [chardet.universaldetector:280] - DEBUG - MacCyrillic Russian confidence = 0.0483682583991
2017-09-16 15:59:59,994 - [chardet.universaldetector:280] - DEBUG - IBM866 Russian confidence = 0.040129984999
2017-09-16 16:00:00,008 - [chardet.universaldetector:280] - DEBUG - IBM855 Russian confidence = 0.0415448488156
2017-09-16 16:00:00,009 - [chardet.universaldetector:280] - DEBUG - ISO-8859-7 Greek confidence = 0.0803155706616
2017-09-16 16:00:00,015 - [chardet.charsetprober:119] - DEBUG - MacCyrillic confidence = 0.0463662743291, below negative shortcut threshhold 0.05
2017-09-16 16:00:00,015 - [chardet.universaldetector:280] - DEBUG - windows-1253 Greek confidence = 0.0814322705786
2017-09-16 16:00:00,225 - [chardet.universaldetector:280] - DEBUG - ISO-8859-5 Bulgairan confidence = 0.0438121705824
2017-09-16 16:00:00,225 - [chardet.universaldetector:280] - DEBUG - windows-1251 Bulgarian confidence = 0.0450102027808
2017-09-16 16:00:00,228 - [chardet.universaldetector:280] - DEBUG - TIS-620 Thai confidence = 0.0442510664513
2017-09-16 16:00:00,250 - [chardet.universaldetector:280] - DEBUG - ISO-8859-9 Turkish confidence = 0.161084784036
2017-09-16 16:00:00,448 - [chardet.universaldetector:280] - DEBUG - windows-1255 Hebrew confidence = 0.0
2017-09-16 16:00:00,449 - [chardet.universaldetector:280] - DEBUG - windows-1255 Hebrew confidence = 0.0454458248611
2017-09-16 16:00:00,554 - [chardet.universaldetector:280] - DEBUG - windows-1255 Hebrew confidence = 0.0457362135184
2017-09-16 16:00:00,565 - [chardet.universaldetector:285] - DEBUG - windows-1255 Hebrew confidence = 0.0457362135184
2017-09-16 16:00:00,573 - [bs4.dammit:381] - WARNING - Some characters could not be decoded, and were replaced with REPLACEMENT CHARACTER.
2017-09-16 16:00:00,689 - [root:45] - INFO - url http://services.corporate-ir.net/SEC/Document.Service?id=P3VybD1hSFIwY0RvdkwyRndhUzUwWlc1cmQybDZZWEprTG1OdmJTOWtiM2R1Ykc5aFpDNXdhSEEvWVdOMGFXOXVQVkJFUmlacGNHRm5aVDB4TVRjM01EazNPU1p6ZFdKemFXUTlOVGM9JnR5cGU9MiZmbj1CYWlkdV82S18yMDE3MDgyOC5wZGY= is not match
2017-09-16 16:00:00,993 - [chardet.charsetprober:119] - DEBUG - IBM866 confidence = 0.0415325822648, below negative shortcut threshhold 0.05
2017-09-16 16:00:01,017 - [chardet.charsetprober:119] - DEBUG - ISO-8859-5 confidence = 0.04277273373, below negative shortcut threshhold 0.05
2017-09-16 16:00:01,038 - [chardet.charsetprober:119] - DEBUG - KOI8-R confidence = 0.0420688738034, below negative shortcut threshhold 0.05
2017-09-16 16:00:01,145 - [chardet.charsetprober:119] - DEBUG - windows-1251 confidence = 0.0434970706799, below negative shortcut threshhold 0.05
2017-09-16 16:00:01,903 - [chardet.charsetprober:119] - DEBUG - IBM855 confidence = 0.0416461571725, below negative shortcut threshhold 0.05
2017-09-16 16:00:02,001 - [requests.packages.urllib3.connectionpool:207] - DEBUG - Starting new HTTP connection (1): ir.baidu.comphoenix.zhtml
2017-09-16 16:00:02,176 - [root:77] - ERROR - Connection Error url http://ir.baidu.comphoenix.zhtml?c=188488&p=disclaimer
2017-09-16 16:00:02,209 - [chardet.charsetprober:119] - DEBUG - windows-1255 confidence = 0.0446896700269, below negative shortcut threshhold 0.05
2017-09-16 16:00:02,209 - [root:115] - ERROR - crawl url http://ir.baidu.comphoenix.zhtml?c=188488&p=disclaimer failed, status code 4
2017-09-16 16:00:02,288 - [chardet.charsetprober:119] - DEBUG - windows-1255 confidence = 0.0448934302033, below negative shortcut threshhold 0.05
2017-09-16 16:00:03,258 - [chardet.charsetprober:119] - DEBUG - windows-1255 confidence = 0.0451281622921, below negative shortcut threshhold 0.05
2017-09-16 16:00:03,322 - [chardet.charsetprober:119] - DEBUG - windows-1255 confidence = 0.0450489501693, below negative shortcut threshhold 0.05
2017-09-16 16:00:03,439 - [chardet.charsetprober:119] - DEBUG - MacCyrillic confidence = 0.0431213579273, below negative shortcut threshhold 0.05
2017-09-16 16:00:03,481 - [requests.packages.urllib3.connectionpool:207] - DEBUG - Starting new HTTP connection (1): ir.baidu.comphoenix.zhtml
2017-09-16 16:00:03,675 - [root:77] - ERROR - Connection Error url http://ir.baidu.comphoenix.zhtml?c=188488&p=irol-stockquote
2017-09-16 16:00:03,701 - [root:115] - ERROR - crawl url http://ir.baidu.comphoenix.zhtml?c=188488&p=irol-stockquote failed, status code 4
2017-09-16 16:00:04,074 - [chardet.charsetprober:97] - DEBUG - windows-1251 not active
2017-09-16 16:00:04,395 - [chardet.charsetprober:97] - DEBUG - windows-1251 not active
2017-09-16 16:00:04,452 - [chardet.charsetprober:119] - DEBUG - ISO-8859-5 confidence = 0.0410688856145, below negative shortcut threshhold 0.05
2017-09-16 16:00:04,509 - [chardet.charsetprober:97] - DEBUG - KOI8-R not active
2017-09-16 16:00:04,510 - [chardet.charsetprober:97] - DEBUG - KOI8-R not active
2017-09-16 16:00:04,607 - [chardet.charsetprober:97] - DEBUG - ISO-8859-5 not active
2017-09-16 16:00:04,557 - [chardet.charsetprober:97] - DEBUG - ISO-8859-5 not active
2017-09-16 16:00:04,696 - [chardet.charsetprober:97] - DEBUG - MacCyrillic not active
2017-09-16 16:00:04,716 - [chardet.charsetprober:97] - DEBUG - MacCyrillic not active
2017-09-16 16:00:04,722 - [chardet.charsetprober:97] - DEBUG - IBM866 not active
2017-09-16 16:00:04,728 - [chardet.charsetprober:97] - DEBUG - IBM866 not active
2017-09-16 16:00:04,739 - [chardet.charsetprober:97] - DEBUG - IBM855 not active
2017-09-16 16:00:04,742 - [chardet.charsetprober:97] - DEBUG - IBM855 not active
2017-09-16 16:00:04,745 - [chardet.charsetprober:100] - DEBUG - ISO-8859-7 Greek confidence = 0.0746105409804
2017-09-16 16:00:04,750 - [chardet.charsetprober:100] - DEBUG - ISO-8859-7 Greek confidence = 0.0738488347892
2017-09-16 16:00:04,750 - [chardet.charsetprober:100] - DEBUG - windows-1253 Greek confidence = 0.0752827667296
2017-09-16 16:00:04,802 - [chardet.charsetprober:97] - DEBUG - ISO-8859-5 not active
2017-09-16 16:00:04,810 - [chardet.charsetprober:100] - DEBUG - windows-1253 Greek confidence = 0.0754162563468
2017-09-16 16:00:04,831 - [chardet.charsetprober:97] - DEBUG - windows-1251 not active
2017-09-16 16:00:04,838 - [chardet.charsetprober:119] - DEBUG - ISO-8859-5 confidence = 0.0438746712097, below negative shortcut threshhold 0.05
2017-09-16 16:00:04,838 - [chardet.charsetprober:97] - DEBUG - TIS-620 not active
2017-09-16 16:00:04,943 - [chardet.charsetprober:97] - DEBUG - ISO-8859-5 not active
2017-09-16 16:00:04,944 - [chardet.charsetprober:100] - DEBUG - ISO-8859-9 Turkish confidence = 0.0818693950689
2017-09-16 16:00:04,948 - [chardet.charsetprober:97] - DEBUG - windows-1251 not active
2017-09-16 16:00:04,950 - [chardet.charsetprober:100] - DEBUG - windows-1255 Hebrew confidence = 0.0
2017-09-16 16:00:04,956 - [chardet.charsetprober:97] - DEBUG - TIS-620 not active
2017-09-16 16:00:04,956 - [requests.packages.urllib3.connectionpool:207] - DEBUG - Starting new HTTP connection (1): media.corporate-ir.net
2017-09-16 16:00:05,032 - [chardet.charsetprober:97] - DEBUG - windows-1255 not active
2017-09-16 16:00:05,059 - [chardet.charsetprober:100] - DEBUG - ISO-8859-9 Turkish confidence = 0.0736210395902
2017-09-16 16:00:05,063 - [chardet.charsetprober:97] - DEBUG - windows-1255 not active
2017-09-16 16:00:05,152 - [chardet.charsetprober:100] - DEBUG - windows-1255 Hebrew confidence = 0.0
2017-09-16 16:00:05,164 - [chardet.universaldetector:271] - DEBUG - no probers hit minimum threshold
2017-09-16 16:00:05,170 - [chardet.universaldetector:280] - DEBUG - utf-8  confidence = 0.01
2017-09-16 16:00:05,167 - [chardet.charsetprober:97] - DEBUG - windows-1255 not active
2017-09-16 16:00:05,174 - [chardet.universaldetector:280] - DEBUG - SHIFT_JIS Japanese confidence = 0.01
2017-09-16 16:00:05,175 - [chardet.charsetprober:97] - DEBUG - windows-1255 not active
2017-09-16 16:00:05,214 - [chardet.universaldetector:271] - DEBUG - no probers hit minimum threshold
2017-09-16 16:00:05,214 - [chardet.universaldetector:280] - DEBUG - EUC-JP Japanese confidence = 0.01
2017-09-16 16:00:05,262 - [chardet.universaldetector:280] - DEBUG - utf-8  confidence = 0.01
2017-09-16 16:00:05,272 - [chardet.universaldetector:280] - DEBUG - GB2312 Chinese confidence = 0.01
2017-09-16 16:00:05,318 - [chardet.charsetprober:119] - DEBUG - ISO-8859-5 confidence = 0.0417768266146, below negative shortcut threshhold 0.05
2017-09-16 16:00:05,321 - [chardet.universaldetector:280] - DEBUG - EUC-KR Korean confidence = 0.01
2017-09-16 16:00:05,273 - [chardet.universaldetector:280] - DEBUG - SHIFT_JIS Japanese confidence = 0.01
2017-09-16 16:00:05,355 - [chardet.charsetprober:119] - DEBUG - windows-1251 confidence = 0.0436747652807, below negative shortcut threshhold 0.05
2017-09-16 16:00:05,372 - [chardet.universaldetector:280] - DEBUG - CP949 Korean confidence = 0.01
2017-09-16 16:00:05,375 - [chardet.universaldetector:280] - DEBUG - EUC-JP Japanese confidence = 0.01
2017-09-16 16:00:05,451 - [chardet.universaldetector:280] - DEBUG - Big5 Chinese confidence = 0.01
2017-09-16 16:00:05,500 - [chardet.charsetprober:119] - DEBUG - KOI8-R confidence = 0.0424795723121, below negative shortcut threshhold 0.05
2017-09-16 16:00:05,554 - [chardet.universaldetector:280] - DEBUG - GB2312 Chinese confidence = 0.01
2017-09-16 16:00:05,559 - [chardet.universaldetector:280] - DEBUG - EUC-TW Taiwan confidence = 0.01
2017-09-16 16:00:05,623 - [chardet.universaldetector:280] - DEBUG - EUC-KR Korean confidence = 0.01
2017-09-16 16:00:05,624 - [chardet.universaldetector:280] - DEBUG - windows-1251 Russian confidence = 0.042380307722
2017-09-16 16:00:05,708 - [requests.packages.urllib3.connectionpool:395] - DEBUG - http://media.corporate-ir.net:80 "GET /media_files/IROL/18/188488/reports/BIDUQ22016EarningsRelease.pdf HTTP/1.1" 200 64806
2017-09-16 16:00:05,712 - [chardet.universaldetector:280] - DEBUG - KOI8-R Russian confidence = 0.0409084751024
2017-09-16 16:00:05,751 - [chardet.charsetprober:119] - DEBUG - TIS-620 confidence = 0.0456531613536, below negative shortcut threshhold 0.05
2017-09-16 16:00:05,751 - [chardet.universaldetector:280] - DEBUG - CP949 Korean confidence = 0.01
2017-09-16 16:00:05,776 - [chardet.universaldetector:280] - DEBUG - ISO-8859-5 Russian confidence = 0.0438598065133
2017-09-16 16:00:05,837 - [chardet.universaldetector:280] - DEBUG - Big5 Chinese confidence = 0.01
2017-09-16 16:00:05,847 - [chardet.universaldetector:280] - DEBUG - MacCyrillic Russian confidence = 0.0429838501648
2017-09-16 16:00:05,877 - [chardet.universaldetector:280] - DEBUG - EUC-TW Taiwan confidence = 0.01
2017-09-16 16:00:05,894 - [chardet.universaldetector:280] - DEBUG - IBM866 Russian confidence = 0.0408263641987
2017-09-16 16:00:05,894 - [chardet.universaldetector:280] - DEBUG - windows-1251 Russian confidence = 0.0424859131615
2017-09-16 16:00:05,917 - [chardet.universaldetector:280] - DEBUG - IBM855 Russian confidence = 0.0413528676042
2017-09-16 16:00:05,958 - [chardet.universaldetector:280] - DEBUG - KOI8-R Russian confidence = 0.0403991239808
2017-09-16 16:00:05,963 - [chardet.universaldetector:280] - DEBUG - ISO-8859-7 Greek confidence = 0.0738488347892
2017-09-16 16:00:05,964 - [chardet.universaldetector:280] - DEBUG - ISO-8859-5 Russian confidence = 0.0445585339843
2017-09-16 16:00:05,980 - [chardet.universaldetector:280] - DEBUG - MacCyrillic Russian confidence = 0.0427548910293
2017-09-16 16:00:05,981 - [chardet.universaldetector:280] - DEBUG - windows-1253 Greek confidence = 0.0752827667296
2017-09-16 16:00:05,992 - [chardet.universaldetector:280] - DEBUG - IBM866 Russian confidence = 0.0424479413959
2017-09-16 16:00:06,003 - [chardet.universaldetector:280] - DEBUG - ISO-8859-5 Bulgairan confidence = 0.0424073041503
2017-09-16 16:00:06,004 - [chardet.universaldetector:280] - DEBUG - IBM855 Russian confidence = 0.0419619608196
2017-09-16 16:00:06,030 - [chardet.charsetprober:61] - DEBUG - SHIFT_JIS Japanese prober hit error at byte 369
2017-09-16 16:00:06,030 - [chardet.universaldetector:280] - DEBUG - windows-1251 Bulgarian confidence = 0.0416790735073
2017-09-16 16:00:06,038 - [chardet.charsetprober:119] - DEBUG - IBM866 confidence = 0.0407778381266, below negative shortcut threshhold 0.05
2017-09-16 16:00:06,049 - [chardet.universaldetector:280] - DEBUG - ISO-8859-7 Greek confidence = 0.0746105409804
2017-09-16 16:00:06,049 - [chardet.universaldetector:280] - DEBUG - TIS-620 Thai confidence = 0.0441558403439
2017-09-16 16:00:06,116 - [chardet.charsetprober:62] - DEBUG - EUC-JP Japanese prober hit error at byte 355
2017-09-16 16:00:06,128 - [chardet.universaldetector:280] - DEBUG - windows-1253 Greek confidence = 0.0754162563468
2017-09-16 16:00:06,150 - [chardet.universaldetector:280] - DEBUG - ISO-8859-9 Turkish confidence = 0.0818693950689
2017-09-16 16:00:06,153 - [chardet.universaldetector:280] - DEBUG - ISO-8859-5 Bulgairan confidence = 0.0436147782142
2017-09-16 16:00:06,154 - [chardet.universaldetector:280] - DEBUG - windows-1251 Bulgarian confidence = 0.0415908987402
2017-09-16 16:00:06,153 - [chardet.universaldetector:280] - DEBUG - windows-1255 Hebrew confidence = 0.0
2017-09-16 16:00:06,186 - [chardet.charsetprober:66] - DEBUG - GB2312 Chinese prober hit error at byte 369
2017-09-16 16:00:06,216 - [chardet.charsetprober:66] - DEBUG - EUC-KR Korean prober hit error at byte 355
2017-09-16 16:00:06,245 - [chardet.universaldetector:280] - DEBUG - windows-1255 Hebrew confidence = 0.0446896700269
2017-09-16 16:00:06,257 - [chardet.universaldetector:280] - DEBUG - TIS-620 Thai confidence = 0.0438240670153
2017-09-16 16:00:06,274 - [chardet.universaldetector:280] - DEBUG - windows-1255 Hebrew confidence = 0.0451281622921
2017-09-16 16:00:06,362 - [chardet.charsetprober:119] - DEBUG - windows-1251 confidence = 0.0419066901105, below negative shortcut threshhold 0.05
2017-09-16 16:00:06,375 - [chardet.charsetprober:66] - DEBUG - CP949 Korean prober hit error at byte 355
2017-09-16 16:00:06,424 - [chardet.universaldetector:280] - DEBUG - ISO-8859-9 Turkish confidence = 0.0736210395902
2017-09-16 16:00:06,479 - [chardet.universaldetector:285] - DEBUG - windows-1255 Hebrew confidence = 0.0451281622921
2017-09-16 16:00:06,586 - [chardet.charsetprober:66] - DEBUG - Big5 Chinese prober hit error at byte 368
2017-09-16 16:00:06,606 - [chardet.universaldetector:280] - DEBUG - windows-1255 Hebrew confidence = 0.0
2017-09-16 16:00:06,704 - [chardet.charsetprober:66] - DEBUG - EUC-TW Taiwan prober hit error at byte 355
2017-09-16 16:00:06,709 - [chardet.universaldetector:280] - DEBUG - windows-1255 Hebrew confidence = 0.0448934302033
2017-09-16 16:00:06,722 - [chardet.universaldetector:280] - DEBUG - windows-1255 Hebrew confidence = 0.0450489501693
2017-09-16 16:00:06,791 - [chardet.universaldetector:285] - DEBUG - windows-1255 Hebrew confidence = 0.0450489501693
2017-09-16 16:00:06,807 - [chardet.charsetprober:61] - DEBUG - SHIFT_JIS Japanese prober hit error at byte 606
2017-09-16 16:00:07,030 - [chardet.charsetprober:62] - DEBUG - EUC-JP Japanese prober hit error at byte 595
2017-09-16 16:00:07,041 - [chardet.charsetprober:61] - DEBUG - SHIFT_JIS Japanese prober hit error at byte 616
2017-09-16 16:00:07,168 - [chardet.charsetprober:62] - DEBUG - EUC-JP Japanese prober hit error at byte 611
2017-09-16 16:00:07,176 - [chardet.charsetprober:119] - DEBUG - TIS-620 confidence = 0.0446866527792, below negative shortcut threshhold 0.05
2017-09-16 16:00:07,197 - [chardet.charsetprober:66] - DEBUG - GB2312 Chinese prober hit error at byte 616
2017-09-16 16:00:07,237 - [chardet.charsetprober:66] - DEBUG - GB2312 Chinese prober hit error at byte 606
2017-09-16 16:00:07,290 - [chardet.charsetprober:66] - DEBUG - EUC-KR Korean prober hit error at byte 611
2017-09-16 16:00:07,307 - [chardet.charsetprober:119] - DEBUG - windows-1251 confidence = 0.0432820577952, below negative shortcut threshhold 0.05
2017-09-16 16:00:07,363 - [chardet.charsetprober:66] - DEBUG - EUC-KR Korean prober hit error at byte 595
2017-09-16 16:00:07,379 - [chardet.charsetprober:66] - DEBUG - CP949 Korean prober hit error at byte 616
2017-09-16 16:00:07,456 - [chardet.charsetprober:66] - DEBUG - CP949 Korean prober hit error at byte 606
2017-09-16 16:00:07,478 - [chardet.charsetprober:66] - DEBUG - Big5 Chinese prober hit error at byte 611
2017-09-16 16:00:07,487 - [chardet.charsetprober:66] - DEBUG - Big5 Chinese prober hit error at byte 595
2017-09-16 16:00:07,500 - [chardet.charsetprober:66] - DEBUG - EUC-TW Taiwan prober hit error at byte 11
2017-09-16 16:00:07,512 - [chardet.charsetprober:66] - DEBUG - EUC-TW Taiwan prober hit error at byte 11
2017-09-16 16:00:07,683 - [chardet.charsetprober:119] - DEBUG - MacCyrillic confidence = 0.045064332442, below negative shortcut threshhold 0.05
2017-09-16 16:00:07,997 - [chardet.charsetprober:119] - DEBUG - windows-1255 confidence = 0.0483384693722, below negative shortcut threshhold 0.05
2017-09-16 16:00:08,094 - [chardet.charsetprober:119] - DEBUG - KOI8-R confidence = 0.0416067027771, below negative shortcut threshhold 0.05
2017-09-16 16:00:08,657 - [chardet.charsetprober:119] - DEBUG - ISO-8859-5 confidence = 0.0446419668278, below negative shortcut threshhold 0.05
2017-09-16 16:00:08,667 - [chardet.charsetprober:119] - DEBUG - IBM855 confidence = 0.0426394992682, below negative shortcut threshhold 0.05
2017-09-16 16:00:08,959 - [chardet.charsetprober:119] - DEBUG - windows-1255 confidence = 0.0482670683835, below negative shortcut threshhold 0.05
2017-09-16 16:00:09,303 - [chardet.charsetprober:97] - DEBUG - windows-1251 not active
2017-09-16 16:00:09,320 - [chardet.charsetprober:97] - DEBUG - KOI8-R not active
2017-09-16 16:00:09,383 - [chardet.charsetprober:97] - DEBUG - ISO-8859-5 not active
2017-09-16 16:00:09,422 - [chardet.charsetprober:97] - DEBUG - MacCyrillic not active
2017-09-16 16:00:09,428 - [chardet.charsetprober:119] - DEBUG - MacCyrillic confidence = 0.0431779791252, below negative shortcut threshhold 0.05
2017-09-16 16:00:09,486 - [chardet.charsetprober:119] - DEBUG - windows-1251 confidence = 0.042380307722, below negative shortcut threshhold 0.05
2017-09-16 16:00:09,532 - [chardet.charsetprober:97] - DEBUG - IBM866 not active
2017-09-16 16:00:09,681 - [chardet.charsetprober:119] - DEBUG - IBM866 confidence = 0.0413368148142, below negative shortcut threshhold 0.05
2017-09-16 16:00:09,893 - [chardet.charsetprober:97] - DEBUG - IBM855 not active
2017-09-16 16:00:09,911 - [chardet.charsetprober:100] - DEBUG - ISO-8859-7 Greek confidence = 0.0763566191497
2017-09-16 16:00:09,921 - [chardet.charsetprober:100] - DEBUG - windows-1253 Greek confidence = 0.0777440217903
2017-09-16 16:00:09,940 - [chardet.charsetprober:97] - DEBUG - ISO-8859-5 not active
2017-09-16 16:00:09,980 - [chardet.charsetprober:97] - DEBUG - windows-1251 not active
2017-09-16 16:00:10,044 - [chardet.charsetprober:97] - DEBUG - TIS-620 not active
2017-09-16 16:00:10,045 - [chardet.charsetprober:100] - DEBUG - ISO-8859-9 Turkish confidence = 0.14310959213
2017-09-16 16:00:10,053 - [chardet.charsetprober:100] - DEBUG - windows-1255 Hebrew confidence = 0.0
2017-09-16 16:00:10,054 - [chardet.charsetprober:97] - DEBUG - windows-1255 not active
2017-09-16 16:00:10,058 - [chardet.charsetprober:97] - DEBUG - windows-1255 not active
2017-09-16 16:00:10,092 - [chardet.universaldetector:271] - DEBUG - no probers hit minimum threshold
2017-09-16 16:00:10,123 - [chardet.universaldetector:280] - DEBUG - utf-8  confidence = 0.01
2017-09-16 16:00:10,123 - [chardet.universaldetector:280] - DEBUG - SHIFT_JIS Japanese confidence = 0.01
2017-09-16 16:00:10,124 - [chardet.universaldetector:280] - DEBUG - EUC-JP Japanese confidence = 0.01
2017-09-16 16:00:10,194 - [chardet.charsetprober:119] - DEBUG - IBM855 confidence = 0.0443967938174, below negative shortcut threshhold 0.05
2017-09-16 16:00:10,194 - [chardet.universaldetector:280] - DEBUG - GB2312 Chinese confidence = 0.01
2017-09-16 16:00:10,272 - [chardet.universaldetector:280] - DEBUG - EUC-KR Korean confidence = 0.01
2017-09-16 16:00:10,280 - [chardet.universaldetector:280] - DEBUG - CP949 Korean confidence = 0.01
2017-09-16 16:00:10,341 - [chardet.universaldetector:280] - DEBUG - Big5 Chinese confidence = 0.01
2017-09-16 16:00:10,372 - [chardet.universaldetector:280] - DEBUG - EUC-TW Taiwan confidence = 0.01
2017-09-16 16:00:10,375 - [chardet.universaldetector:280] - DEBUG - windows-1251 Russian confidence = 0.0431599484208
2017-09-16 16:00:10,385 - [chardet.universaldetector:280] - DEBUG - KOI8-R Russian confidence = 0.0397740413829
2017-09-16 16:00:10,387 - [chardet.universaldetector:280] - DEBUG - ISO-8859-5 Russian confidence = 0.0414107597496
2017-09-16 16:00:10,388 - [chardet.universaldetector:280] - DEBUG - MacCyrillic Russian confidence = 0.0463662743291
2017-09-16 16:00:10,455 - [chardet.universaldetector:280] - DEBUG - IBM866 Russian confidence = 0.0415325822648
2017-09-16 16:00:10,460 - [chardet.universaldetector:280] - DEBUG - IBM855 Russian confidence = 0.0416461571725
2017-09-16 16:00:10,461 - [chardet.universaldetector:280] - DEBUG - ISO-8859-7 Greek confidence = 0.0763566191497
2017-09-16 16:00:10,467 - [chardet.universaldetector:280] - DEBUG - windows-1253 Greek confidence = 0.0777440217903
2017-09-16 16:00:10,475 - [chardet.universaldetector:280] - DEBUG - ISO-8859-5 Bulgairan confidence = 0.0410688856145
2017-09-16 16:00:10,478 - [chardet.universaldetector:280] - DEBUG - windows-1251 Bulgarian confidence = 0.0436747652807
2017-09-16 16:00:10,485 - [chardet.universaldetector:280] - DEBUG - TIS-620 Thai confidence = 0.0456531613536
2017-09-16 16:00:10,486 - [chardet.universaldetector:280] - DEBUG - ISO-8859-9 Turkish confidence = 0.14310959213
2017-09-16 16:00:10,540 - [chardet.universaldetector:280] - DEBUG - windows-1255 Hebrew confidence = 0.0
2017-09-16 16:00:10,555 - [chardet.universaldetector:280] - DEBUG - windows-1255 Hebrew confidence = 0.0483384693722
2017-09-16 16:00:10,591 - [chardet.charsetprober:119] - DEBUG - windows-1251 confidence = 0.0424859131615, below negative shortcut threshhold 0.05
2017-09-16 16:00:10,611 - [chardet.universaldetector:280] - DEBUG - windows-1255 Hebrew confidence = 0.0482670683835
2017-09-16 16:00:10,664 - [chardet.universaldetector:285] - DEBUG - windows-1255 Hebrew confidence = 0.0482670683835
2017-09-16 16:00:10,720 - [chardet.charsetprober:61] - DEBUG - SHIFT_JIS Japanese prober hit error at byte 522
2017-09-16 16:00:10,801 - [chardet.charsetprober:62] - DEBUG - EUC-JP Japanese prober hit error at byte 513
2017-09-16 16:00:10,830 - [chardet.charsetprober:119] - DEBUG - ISO-8859-5 confidence = 0.0430291897445, below negative shortcut threshhold 0.05
2017-09-16 16:00:10,956 - [chardet.charsetprober:119] - DEBUG - IBM866 confidence = 0.0418458696933, below negative shortcut threshhold 0.05
2017-09-16 16:00:11,054 - [chardet.charsetprober:66] - DEBUG - GB2312 Chinese prober hit error at byte 524
2017-09-16 16:00:11,166 - [chardet.charsetprober:66] - DEBUG - EUC-KR Korean prober hit error at byte 513
2017-09-16 16:00:11,208 - [chardet.charsetprober:66] - DEBUG - CP949 Korean prober hit error at byte 519
2017-09-16 16:00:11,223 - [chardet.charsetprober:66] - DEBUG - Big5 Chinese prober hit error at byte 513
2017-09-16 16:00:11,286 - [chardet.charsetprober:66] - DEBUG - EUC-TW Taiwan prober hit error at byte 513
2017-09-16 16:00:11,489 - [chardet.charsetprober:119] - DEBUG - KOI8-R confidence = 0.0409084751024, below negative shortcut threshhold 0.05
2017-09-16 16:00:12,045 - [chardet.charsetprober:119] - DEBUG - ISO-8859-5 confidence = 0.040996305021, below negative shortcut threshhold 0.05
2017-09-16 16:00:12,128 - [chardet.charsetprober:119] - DEBUG - windows-1255 confidence = 0.0449967261566, below negative shortcut threshhold 0.05
2017-09-16 16:00:12,381 - [chardet.charsetprober:119] - DEBUG - windows-1251 confidence = 0.0431599484208, below negative shortcut threshhold 0.05
2017-09-16 16:00:12,496 - [chardet.charsetprober:119] - DEBUG - windows-1251 confidence = 0.0414811325742, below negative shortcut threshhold 0.05
2017-09-16 16:00:12,760 - [chardet.charsetprober:119] - DEBUG - TIS-620 confidence = 0.043302465965, below negative shortcut threshhold 0.05
2017-09-16 16:00:13,143 - [chardet.charsetprober:119] - DEBUG - windows-1255 confidence = 0.0428008244948, below negative shortcut threshhold 0.05
2017-09-16 16:00:13,600 - [chardet.charsetprober:119] - DEBUG - windows-1255 confidence = 0.0437860097133, below negative shortcut threshhold 0.05
2017-09-16 16:00:13,733 - [chardet.charsetprober:97] - DEBUG - windows-1251 not active
2017-09-16 16:00:13,751 - [chardet.charsetprober:97] - DEBUG - KOI8-R not active
2017-09-16 16:00:13,768 - [chardet.charsetprober:97] - DEBUG - ISO-8859-5 not active
2017-09-16 16:00:13,777 - [chardet.charsetprober:119] - DEBUG - ISO-8859-5 confidence = 0.0438598065133, below negative shortcut threshhold 0.05
2017-09-16 16:00:13,785 - [chardet.charsetprober:97] - DEBUG - MacCyrillic not active
2017-09-16 16:00:13,786 - [chardet.charsetprober:119] - DEBUG - windows-1255 confidence = 0.0445925639456, below negative shortcut threshhold 0.05
2017-09-16 16:00:13,792 - [chardet.charsetprober:119] - DEBUG - KOI8-R confidence = 0.0397740413829, below negative shortcut threshhold 0.05
2017-09-16 16:00:13,821 - [chardet.charsetprober:97] - DEBUG - IBM866 not active
2017-09-16 16:00:14,090 - [chardet.charsetprober:97] - DEBUG - IBM855 not active
2017-09-16 16:00:14,094 - [chardet.charsetprober:100] - DEBUG - ISO-8859-7 Greek confidence = 0.0693471809315
2017-09-16 16:00:14,133 - [chardet.charsetprober:100] - DEBUG - windows-1253 Greek confidence = 0.0703819480882
2017-09-16 16:00:14,152 - [chardet.charsetprober:97] - DEBUG - ISO-8859-5 not active
2017-09-16 16:00:14,177 - [chardet.charsetprober:97] - DEBUG - windows-1251 not active
2017-09-16 16:00:14,206 - [chardet.charsetprober:97] - DEBUG - TIS-620 not active
2017-09-16 16:00:14,315 - [chardet.charsetprober:100] - DEBUG - ISO-8859-9 Turkish confidence = 0.121072808535
2017-09-16 16:00:14,316 - [chardet.charsetprober:100] - DEBUG - windows-1255 Hebrew confidence = 0.0
2017-09-16 16:00:14,318 - [chardet.charsetprober:97] - DEBUG - windows-1255 not active
2017-09-16 16:00:14,331 - [chardet.charsetprober:97] - DEBUG - windows-1255 not active
2017-09-16 16:00:14,371 - [chardet.universaldetector:271] - DEBUG - no probers hit minimum threshold
2017-09-16 16:00:14,375 - [chardet.universaldetector:280] - DEBUG - utf-8  confidence = 0.01
2017-09-16 16:00:14,496 - [chardet.universaldetector:280] - DEBUG - SHIFT_JIS Japanese confidence = 0.01
2017-09-16 16:00:14,534 - [chardet.universaldetector:280] - DEBUG - EUC-JP Japanese confidence = 0.01
2017-09-16 16:00:14,535 - [chardet.universaldetector:280] - DEBUG - GB2312 Chinese confidence = 0.01
2017-09-16 16:00:14,540 - [chardet.universaldetector:280] - DEBUG - EUC-KR Korean confidence = 0.01
2017-09-16 16:00:14,560 - [chardet.universaldetector:280] - DEBUG - CP949 Korean confidence = 0.01
2017-09-16 16:00:14,605 - [chardet.universaldetector:280] - DEBUG - Big5 Chinese confidence = 0.01
2017-09-16 16:00:14,701 - [chardet.universaldetector:280] - DEBUG - EUC-TW Taiwan confidence = 0.01
2017-09-16 16:00:14,746 - [chardet.universaldetector:280] - DEBUG - windows-1251 Russian confidence = 0.0432820577952
2017-09-16 16:00:14,754 - [chardet.universaldetector:280] - DEBUG - KOI8-R Russian confidence = 0.0416067027771
2017-09-16 16:00:14,769 - [chardet.universaldetector:280] - DEBUG - ISO-8859-5 Russian confidence = 0.0446419668278
2017-09-16 16:00:14,771 - [chardet.universaldetector:280] - DEBUG - MacCyrillic Russian confidence = 0.0431779791252
2017-09-16 16:00:14,861 - [chardet.universaldetector:280] - DEBUG - IBM866 Russian confidence = 0.0413368148142
2017-09-16 16:00:14,862 - [chardet.charsetprober:97] - DEBUG - windows-1251 not active
2017-09-16 16:00:14,865 - [chardet.universaldetector:280] - DEBUG - IBM855 Russian confidence = 0.0443967938174
2017-09-16 16:00:14,941 - [chardet.universaldetector:280] - DEBUG - ISO-8859-7 Greek confidence = 0.0693471809315
2017-09-16 16:00:14,946 - [chardet.universaldetector:280] - DEBUG - windows-1253 Greek confidence = 0.0703819480882
2017-09-16 16:00:14,945 - [chardet.charsetprober:97] - DEBUG - KOI8-R not active
2017-09-16 16:00:14,961 - [chardet.universaldetector:280] - DEBUG - ISO-8859-5 Bulgairan confidence = 0.040996305021
2017-09-16 16:00:14,961 - [chardet.charsetprober:97] - DEBUG - ISO-8859-5 not active
2017-09-16 16:00:14,965 - [chardet.universaldetector:280] - DEBUG - windows-1251 Bulgarian confidence = 0.0414811325742
2017-09-16 16:00:14,976 - [chardet.charsetprober:97] - DEBUG - MacCyrillic not active
2017-09-16 16:00:14,978 - [chardet.universaldetector:280] - DEBUG - TIS-620 Thai confidence = 0.043302465965
2017-09-16 16:00:14,980 - [chardet.charsetprober:97] - DEBUG - IBM866 not active
2017-09-16 16:00:15,004 - [chardet.universaldetector:280] - DEBUG - ISO-8859-9 Turkish confidence = 0.121072808535
2017-09-16 16:00:15,021 - [chardet.charsetprober:119] - DEBUG - KOI8-R confidence = 0.0403991239808, below negative shortcut threshhold 0.05
2017-09-16 16:00:15,075 - [chardet.charsetprober:97] - DEBUG - IBM855 not active
2017-09-16 16:00:15,076 - [chardet.universaldetector:280] - DEBUG - windows-1255 Hebrew confidence = 0.0
2017-09-16 16:00:15,138 - [chardet.charsetprober:119] - DEBUG - MacCyrillic confidence = 0.0426751383276, below negative shortcut threshhold 0.05
2017-09-16 16:00:15,148 - [chardet.charsetprober:119] - DEBUG - ISO-8859-5 confidence = 0.0414107597496, below negative shortcut threshhold 0.05
2017-09-16 16:00:15,215 - [chardet.charsetprober:100] - DEBUG - ISO-8859-7 Greek confidence = 0.0725508755112
2017-09-16 16:00:15,376 - [chardet.universaldetector:280] - DEBUG - windows-1255 Hebrew confidence = 0.0428008244948
2017-09-16 16:00:15,546 - [chardet.charsetprober:100] - DEBUG - windows-1253 Greek confidence = 0.0737289194303
2017-09-16 16:00:15,582 - [chardet.universaldetector:280] - DEBUG - windows-1255 Hebrew confidence = 0.0437860097133
2017-09-16 16:00:15,615 - [chardet.charsetprober:97] - DEBUG - ISO-8859-5 not active
2017-09-16 16:00:15,630 - [chardet.universaldetector:285] - DEBUG - windows-1255 Hebrew confidence = 0.0437860097133
2017-09-16 16:00:15,670 - [chardet.charsetprober:97] - DEBUG - windows-1251 not active
2017-09-16 16:00:15,686 - [chardet.charsetprober:97] - DEBUG - TIS-620 not active
2017-09-16 16:00:15,693 - [chardet.charsetprober:61] - DEBUG - SHIFT_JIS Japanese prober hit error at byte 369
2017-09-16 16:00:15,698 - [chardet.charsetprober:100] - DEBUG - ISO-8859-9 Turkish confidence = 0.0836254855684
2017-09-16 16:00:15,703 - [chardet.charsetprober:100] - DEBUG - windows-1255 Hebrew confidence = 0.0
2017-09-16 16:00:15,703 - [chardet.charsetprober:97] - DEBUG - windows-1255 not active
2017-09-16 16:00:15,703 - [chardet.charsetprober:97] - DEBUG - windows-1255 not active
2017-09-16 16:00:15,779 - [chardet.universaldetector:271] - DEBUG - no probers hit minimum threshold
2017-09-16 16:00:15,813 - [chardet.charsetprober:62] - DEBUG - EUC-JP Japanese prober hit error at byte 355
2017-09-16 16:00:15,822 - [chardet.charsetprober:119] - DEBUG - IBM855 confidence = 0.0403848012558, below negative shortcut threshhold 0.05
2017-09-16 16:00:15,835 - [chardet.universaldetector:280] - DEBUG - utf-8  confidence = 0.01
2017-09-16 16:00:15,954 - [chardet.charsetprober:66] - DEBUG - GB2312 Chinese prober hit error at byte 369
2017-09-16 16:00:15,955 - [chardet.universaldetector:280] - DEBUG - SHIFT_JIS Japanese confidence = 0.01
2017-09-16 16:00:15,974 - [chardet.universaldetector:280] - DEBUG - EUC-JP Japanese confidence = 0.01
2017-09-16 16:00:15,978 - [chardet.universaldetector:280] - DEBUG - GB2312 Chinese confidence = 0.01
2017-09-16 16:00:15,984 - [chardet.charsetprober:66] - DEBUG - EUC-KR Korean prober hit error at byte 355
2017-09-16 16:00:15,996 - [chardet.universaldetector:280] - DEBUG - EUC-KR Korean confidence = 0.01
2017-09-16 16:00:16,007 - [chardet.charsetprober:66] - DEBUG - CP949 Korean prober hit error at byte 355
2017-09-16 16:00:16,013 - [chardet.universaldetector:280] - DEBUG - CP949 Korean confidence = 0.01
2017-09-16 16:00:16,026 - [chardet.universaldetector:280] - DEBUG - Big5 Chinese confidence = 0.01
2017-09-16 16:00:16,043 - [chardet.universaldetector:280] - DEBUG - EUC-TW Taiwan confidence = 0.01
2017-09-16 16:00:16,052 - [chardet.charsetprober:119] - DEBUG - MacCyrillic confidence = 0.0429838501648, below negative shortcut threshhold 0.05
2017-09-16 16:00:16,052 - [chardet.universaldetector:280] - DEBUG - windows-1251 Russian confidence = 0.0425398912048
2017-09-16 16:00:16,096 - [chardet.charsetprober:66] - DEBUG - Big5 Chinese prober hit error at byte 368
2017-09-16 16:00:16,113 - [chardet.universaldetector:280] - DEBUG - KOI8-R Russian confidence = 0.042084062045
2017-09-16 16:00:16,145 - [chardet.universaldetector:280] - DEBUG - ISO-8859-5 Russian confidence = 0.0434449042569
2017-09-16 16:00:16,147 - [chardet.charsetprober:66] - DEBUG - EUC-TW Taiwan prober hit error at byte 355
2017-09-16 16:00:16,162 - [chardet.universaldetector:280] - DEBUG - MacCyrillic Russian confidence = 0.0432562311023
2017-09-16 16:00:16,193 - [chardet.universaldetector:280] - DEBUG - IBM866 Russian confidence = 0.0409544318039
2017-09-16 16:00:16,200 - [chardet.universaldetector:280] - DEBUG - IBM855 Russian confidence = 0.0435928291549
2017-09-16 16:00:16,251 - [chardet.universaldetector:280] - DEBUG - ISO-8859-7 Greek confidence = 0.0725508755112
2017-09-16 16:00:16,276 - [chardet.universaldetector:280] - DEBUG - windows-1253 Greek confidence = 0.0737289194303
2017-09-16 16:00:16,280 - [chardet.universaldetector:280] - DEBUG - ISO-8859-5 Bulgairan confidence = 0.0417768266146
2017-09-16 16:00:16,289 - [chardet.universaldetector:280] - DEBUG - windows-1251 Bulgarian confidence = 0.0419066901105
2017-09-16 16:00:16,298 - [chardet.universaldetector:280] - DEBUG - TIS-620 Thai confidence = 0.0446866527792
2017-09-16 16:00:16,306 - [chardet.universaldetector:280] - DEBUG - ISO-8859-9 Turkish confidence = 0.0836254855684
2017-09-16 16:00:16,307 - [chardet.universaldetector:280] - DEBUG - windows-1255 Hebrew confidence = 0.0
2017-09-16 16:00:16,315 - [chardet.universaldetector:280] - DEBUG - windows-1255 Hebrew confidence = 0.0449967261566
2017-09-16 16:00:16,324 - [chardet.universaldetector:280] - DEBUG - windows-1255 Hebrew confidence = 0.0445925639456
2017-09-16 16:00:16,328 - [chardet.universaldetector:285] - DEBUG - windows-1255 Hebrew confidence = 0.0445925639456
2017-09-16 16:00:16,355 - [chardet.charsetprober:119] - DEBUG - MacCyrillic confidence = 0.0463662743291, below negative shortcut threshhold 0.05
2017-09-16 16:00:16,566 - [chardet.charsetprober:61] - DEBUG - SHIFT_JIS Japanese prober hit error at byte 610
2017-09-16 16:00:16,603 - [chardet.charsetprober:62] - DEBUG - EUC-JP Japanese prober hit error at byte 599
2017-09-16 16:00:16,619 - [chardet.charsetprober:66] - DEBUG - GB2312 Chinese prober hit error at byte 610
2017-09-16 16:00:16,665 - [chardet.charsetprober:66] - DEBUG - EUC-KR Korean prober hit error at byte 599
2017-09-16 16:00:16,737 - [chardet.charsetprober:66] - DEBUG - CP949 Korean prober hit error at byte 610
2017-09-16 16:00:16,827 - [chardet.charsetprober:66] - DEBUG - Big5 Chinese prober hit error at byte 599
2017-09-16 16:00:16,834 - [chardet.charsetprober:66] - DEBUG - EUC-TW Taiwan prober hit error at byte 11
2017-09-16 16:00:16,857 - [chardet.charsetprober:119] - DEBUG - ISO-8859-5 confidence = 0.0408097605283, below negative shortcut threshhold 0.05
2017-09-16 16:00:17,348 - [chardet.charsetprober:119] - DEBUG - windows-1251 confidence = 0.0432820577952, below negative shortcut threshhold 0.05
2017-09-16 16:00:17,694 - [chardet.charsetprober:119] - DEBUG - IBM866 confidence = 0.0408263641987, below negative shortcut threshhold 0.05
2017-09-16 16:00:18,034 - [chardet.charsetprober:119] - DEBUG - IBM866 confidence = 0.0415325822648, below negative shortcut threshhold 0.05
2017-09-16 16:00:18,474 - [chardet.charsetprober:119] - DEBUG - ISO-8859-5 confidence = 0.0445585339843, below negative shortcut threshhold 0.05
2017-09-16 16:00:18,475 - [chardet.charsetprober:119] - DEBUG - KOI8-R confidence = 0.0416067027771, below negative shortcut threshhold 0.05
2017-09-16 16:00:19,109 - [chardet.charsetprober:119] - DEBUG - ISO-8859-5 confidence = 0.0446419668278, below negative shortcut threshhold 0.05
2017-09-16 16:00:19,204 - [chardet.charsetprober:119] - DEBUG - IBM855 confidence = 0.0416461571725, below negative shortcut threshhold 0.05
2017-09-16 16:00:19,350 - [chardet.charsetprober:119] - DEBUG - windows-1251 confidence = 0.0425398912048, below negative shortcut threshhold 0.05
2017-09-16 16:00:19,691 - [chardet.charsetprober:119] - DEBUG - IBM866 confidence = 0.0409960651975, below negative shortcut threshhold 0.05
2017-09-16 16:00:19,835 - [chardet.charsetprober:119] - DEBUG - MacCyrillic confidence = 0.0431779791252, below negative shortcut threshhold 0.05
2017-09-16 16:00:20,156 - [chardet.charsetprober:119] - DEBUG - IBM855 confidence = 0.0413528676042, below negative shortcut threshhold 0.05
2017-09-16 16:00:20,366 - [chardet.charsetprober:119] - DEBUG - IBM866 confidence = 0.0413368148142, below negative shortcut threshhold 0.05
2017-09-16 16:00:20,450 - [chardet.charsetprober:119] - DEBUG - windows-1251 confidence = 0.0416196249751, below negative shortcut threshhold 0.05
2017-09-16 16:00:20,745 - [chardet.charsetprober:119] - DEBUG - IBM855 confidence = 0.0443967938174, below negative shortcut threshhold 0.05
2017-09-16 16:00:21,376 - [chardet.charsetprober:119] - DEBUG - KOI8-R confidence = 0.042084062045, below negative shortcut threshhold 0.05
2017-09-16 16:00:21,557 - [chardet.charsetprober:119] - DEBUG - MacCyrillic confidence = 0.0427548910293, below negative shortcut threshhold 0.05
2017-09-16 16:00:22,284 - [chardet.charsetprober:119] - DEBUG - ISO-8859-5 confidence = 0.040996305021, below negative shortcut threshhold 0.05
2017-09-16 16:00:22,403 - [chardet.charsetprober:119] - DEBUG - ISO-8859-5 confidence = 0.0410688856145, below negative shortcut threshhold 0.05
2017-09-16 16:00:22,888 - [chardet.charsetprober:119] - DEBUG - windows-1251 confidence = 0.0414811325742, below negative shortcut threshhold 0.05
2017-09-16 16:00:23,293 - [chardet.charsetprober:119] - DEBUG - TIS-620 confidence = 0.043302465965, below negative shortcut threshhold 0.05
2017-09-16 16:00:23,337 - [chardet.charsetprober:119] - DEBUG - TIS-620 confidence = 0.0445181910444, below negative shortcut threshhold 0.05
2017-09-16 16:00:23,604 - [chardet.charsetprober:119] - DEBUG - windows-1251 confidence = 0.0436747652807, below negative shortcut threshhold 0.05
2017-09-16 16:00:23,785 - [chardet.charsetprober:119] - DEBUG - IBM866 confidence = 0.0424479413959, below negative shortcut threshhold 0.05
2017-09-16 16:00:24,204 - [chardet.charsetprober:119] - DEBUG - TIS-620 confidence = 0.0456531613536, below negative shortcut threshhold 0.05
2017-09-16 16:00:24,267 - [chardet.charsetprober:119] - DEBUG - ISO-8859-5 confidence = 0.0434449042569, below negative shortcut threshhold 0.05
2017-09-16 16:00:24,894 - [chardet.charsetprober:119] - DEBUG - windows-1255 confidence = 0.0428008244948, below negative shortcut threshhold 0.05
2017-09-16 16:00:25,627 - [chardet.charsetprober:119] - DEBUG - IBM855 confidence = 0.0425364025293, below negative shortcut threshhold 0.05
2017-09-16 16:00:25,637 - [chardet.charsetprober:119] - DEBUG - ISO-8859-5 confidence = 0.0424073041503, below negative shortcut threshhold 0.05
2017-09-16 16:00:25,865 - [chardet.charsetprober:119] - DEBUG - windows-1255 confidence = 0.0437860097133, below negative shortcut threshhold 0.05
2017-09-16 16:00:26,011 - [chardet.charsetprober:97] - DEBUG - windows-1251 not active
2017-09-16 16:00:26,022 - [chardet.charsetprober:119] - DEBUG - MacCyrillic confidence = 0.0432562311023, below negative shortcut threshhold 0.05
2017-09-16 16:00:26,055 - [chardet.charsetprober:97] - DEBUG - KOI8-R not active
2017-09-16 16:00:26,118 - [chardet.charsetprober:97] - DEBUG - ISO-8859-5 not active
2017-09-16 16:00:26,138 - [chardet.charsetprober:97] - DEBUG - MacCyrillic not active
2017-09-16 16:00:26,148 - [chardet.charsetprober:97] - DEBUG - IBM866 not active
2017-09-16 16:00:26,207 - [chardet.charsetprober:119] - DEBUG - IBM855 confidence = 0.0419619608196, below negative shortcut threshhold 0.05
2017-09-16 16:00:26,207 - [chardet.charsetprober:97] - DEBUG - IBM855 not active
2017-09-16 16:00:26,297 - [chardet.charsetprober:100] - DEBUG - ISO-8859-7 Greek confidence = 0.0693471809315
2017-09-16 16:00:26,302 - [chardet.charsetprober:100] - DEBUG - windows-1253 Greek confidence = 0.0703819480882
2017-09-16 16:00:26,374 - [chardet.charsetprober:97] - DEBUG - ISO-8859-5 not active
2017-09-16 16:00:26,506 - [chardet.charsetprober:97] - DEBUG - windows-1251 not active
2017-09-16 16:00:26,507 - [chardet.charsetprober:97] - DEBUG - TIS-620 not active
2017-09-16 16:00:26,516 - [chardet.charsetprober:100] - DEBUG - ISO-8859-9 Turkish confidence = 0.121072808535
2017-09-16 16:00:26,520 - [chardet.charsetprober:100] - DEBUG - windows-1255 Hebrew confidence = 0.0
2017-09-16 16:00:26,525 - [chardet.charsetprober:97] - DEBUG - windows-1255 not active
2017-09-16 16:00:26,531 - [chardet.charsetprober:97] - DEBUG - windows-1255 not active
2017-09-16 16:00:26,607 - [chardet.universaldetector:271] - DEBUG - no probers hit minimum threshold
2017-09-16 16:00:26,607 - [chardet.universaldetector:280] - DEBUG - utf-8  confidence = 0.01
2017-09-16 16:00:26,612 - [chardet.universaldetector:280] - DEBUG - SHIFT_JIS Japanese confidence = 0.01
2017-09-16 16:00:26,613 - [chardet.universaldetector:280] - DEBUG - EUC-JP Japanese confidence = 0.01
2017-09-16 16:00:26,614 - [chardet.universaldetector:280] - DEBUG - GB2312 Chinese confidence = 0.01
2017-09-16 16:00:26,621 - [chardet.universaldetector:280] - DEBUG - EUC-KR Korean confidence = 0.01
2017-09-16 16:00:26,622 - [chardet.universaldetector:280] - DEBUG - CP949 Korean confidence = 0.01
2017-09-16 16:00:26,626 - [chardet.universaldetector:280] - DEBUG - Big5 Chinese confidence = 0.01
2017-09-16 16:00:26,648 - [chardet.universaldetector:280] - DEBUG - EUC-TW Taiwan confidence = 0.01
2017-09-16 16:00:26,687 - [chardet.universaldetector:280] - DEBUG - windows-1251 Russian confidence = 0.0432820577952
2017-09-16 16:00:26,688 - [chardet.universaldetector:280] - DEBUG - KOI8-R Russian confidence = 0.0416067027771
2017-09-16 16:00:26,690 - [chardet.universaldetector:280] - DEBUG - ISO-8859-5 Russian confidence = 0.0446419668278
2017-09-16 16:00:26,693 - [chardet.charsetprober:119] - DEBUG - ISO-8859-5 confidence = 0.042985146289, below negative shortcut threshhold 0.05
2017-09-16 16:00:26,696 - [chardet.universaldetector:280] - DEBUG - MacCyrillic Russian confidence = 0.0431779791252
2017-09-16 16:00:26,788 - [chardet.universaldetector:280] - DEBUG - IBM866 Russian confidence = 0.0413368148142
2017-09-16 16:00:26,794 - [chardet.universaldetector:280] - DEBUG - IBM855 Russian confidence = 0.0443967938174
2017-09-16 16:00:26,794 - [chardet.universaldetector:280] - DEBUG - ISO-8859-7 Greek confidence = 0.0693471809315
2017-09-16 16:00:26,794 - [chardet.universaldetector:280] - DEBUG - windows-1253 Greek confidence = 0.0703819480882
2017-09-16 16:00:26,795 - [chardet.universaldetector:280] - DEBUG - ISO-8859-5 Bulgairan confidence = 0.040996305021
2017-09-16 16:00:26,807 - [chardet.universaldetector:280] - DEBUG - windows-1251 Bulgarian confidence = 0.0414811325742
2017-09-16 16:00:26,808 - [chardet.universaldetector:280] - DEBUG - TIS-620 Thai confidence = 0.043302465965
2017-09-16 16:00:26,814 - [chardet.universaldetector:280] - DEBUG - ISO-8859-9 Turkish confidence = 0.121072808535
2017-09-16 16:00:26,819 - [chardet.universaldetector:280] - DEBUG - windows-1255 Hebrew confidence = 0.0
2017-09-16 16:00:26,820 - [chardet.universaldetector:280] - DEBUG - windows-1255 Hebrew confidence = 0.0428008244948
2017-09-16 16:00:26,919 - [chardet.universaldetector:280] - DEBUG - windows-1255 Hebrew confidence = 0.0437860097133
2017-09-16 16:00:26,955 - [chardet.universaldetector:285] - DEBUG - windows-1255 Hebrew confidence = 0.0437860097133
2017-09-16 16:00:27,006 - [bs4.dammit:381] - WARNING - Some characters could not be decoded, and were replaced with REPLACEMENT CHARACTER.
2017-09-16 16:00:27,025 - [root:45] - INFO - url http://media.corporate-ir.net/media_files/IROL/18/188488/reports/BIDUQ22016EarningsRelease.pdf is not match
2017-09-16 16:00:27,037 - [chardet.charsetprober:119] - DEBUG - windows-1255 confidence = 0.0483384693722, below negative shortcut threshhold 0.05
2017-09-16 16:00:27,450 - [chardet.charsetprober:119] - DEBUG - windows-1251 confidence = 0.0416790735073, below negative shortcut threshhold 0.05
2017-09-16 16:00:27,654 - [chardet.charsetprober:119] - DEBUG - windows-1255 confidence = 0.0482670683835, below negative shortcut threshhold 0.05
2017-09-16 16:00:27,686 - [chardet.charsetprober:119] - DEBUG - IBM866 confidence = 0.0409544318039, below negative shortcut threshhold 0.05
2017-09-16 16:00:28,018 - [chardet.charsetprober:97] - DEBUG - windows-1251 not active
2017-09-16 16:00:28,018 - [chardet.charsetprober:97] - DEBUG - KOI8-R not active
2017-09-16 16:00:28,039 - [chardet.charsetprober:97] - DEBUG - ISO-8859-5 not active
2017-09-16 16:00:28,047 - [chardet.charsetprober:97] - DEBUG - MacCyrillic not active
2017-09-16 16:00:28,061 - [chardet.charsetprober:97] - DEBUG - IBM866 not active
2017-09-16 16:00:28,062 - [chardet.charsetprober:97] - DEBUG - IBM855 not active
2017-09-16 16:00:28,065 - [chardet.charsetprober:100] - DEBUG - ISO-8859-7 Greek confidence = 0.0763566191497
2017-09-16 16:00:28,067 - [chardet.charsetprober:100] - DEBUG - windows-1253 Greek confidence = 0.0777440217903
2017-09-16 16:00:28,092 - [chardet.charsetprober:97] - DEBUG - ISO-8859-5 not active
2017-09-16 16:00:28,096 - [chardet.charsetprober:97] - DEBUG - windows-1251 not active
2017-09-16 16:00:28,100 - [chardet.charsetprober:97] - DEBUG - TIS-620 not active
2017-09-16 16:00:28,107 - [chardet.charsetprober:100] - DEBUG - ISO-8859-9 Turkish confidence = 0.14310959213
2017-09-16 16:00:28,109 - [requests.packages.urllib3.connectionpool:207] - DEBUG - Starting new HTTP connection (1): ir.baidu.comphoenix.zhtml
2017-09-16 16:00:28,112 - [chardet.charsetprober:100] - DEBUG - windows-1255 Hebrew confidence = 0.0
2017-09-16 16:00:28,125 - [root:77] - ERROR - Connection Error url http://ir.baidu.comphoenix.zhtml?c=188488&p=irol-newsArticle&ID=2289721
2017-09-16 16:00:28,130 - [chardet.charsetprober:97] - DEBUG - windows-1255 not active
2017-09-16 16:00:28,134 - [root:115] - ERROR - crawl url http://ir.baidu.comphoenix.zhtml?c=188488&p=irol-newsArticle&ID=2289721 failed, status code 4
2017-09-16 16:00:28,134 - [chardet.charsetprober:97] - DEBUG - windows-1255 not active
2017-09-16 16:00:28,141 - [chardet.universaldetector:271] - DEBUG - no probers hit minimum threshold
2017-09-16 16:00:28,141 - [chardet.universaldetector:280] - DEBUG - utf-8  confidence = 0.01
2017-09-16 16:00:28,142 - [chardet.universaldetector:280] - DEBUG - SHIFT_JIS Japanese confidence = 0.01
2017-09-16 16:00:28,142 - [chardet.universaldetector:280] - DEBUG - EUC-JP Japanese confidence = 0.01
2017-09-16 16:00:28,143 - [chardet.universaldetector:280] - DEBUG - GB2312 Chinese confidence = 0.01
2017-09-16 16:00:28,143 - [chardet.universaldetector:280] - DEBUG - EUC-KR Korean confidence = 0.01
2017-09-16 16:00:28,144 - [chardet.universaldetector:280] - DEBUG - CP949 Korean confidence = 0.01
2017-09-16 16:00:28,145 - [chardet.universaldetector:280] - DEBUG - Big5 Chinese confidence = 0.01
2017-09-16 16:00:28,145 - [chardet.universaldetector:280] - DEBUG - EUC-TW Taiwan confidence = 0.01
2017-09-16 16:00:28,152 - [chardet.universaldetector:280] - DEBUG - windows-1251 Russian confidence = 0.0431599484208
2017-09-16 16:00:28,152 - [chardet.universaldetector:280] - DEBUG - KOI8-R Russian confidence = 0.0397740413829
2017-09-16 16:00:28,153 - [chardet.universaldetector:280] - DEBUG - ISO-8859-5 Russian confidence = 0.0414107597496
2017-09-16 16:00:28,163 - [chardet.universaldetector:280] - DEBUG - MacCyrillic Russian confidence = 0.0463662743291
2017-09-16 16:00:28,169 - [chardet.universaldetector:280] - DEBUG - IBM866 Russian confidence = 0.0415325822648
2017-09-16 16:00:28,174 - [chardet.universaldetector:280] - DEBUG - IBM855 Russian confidence = 0.0416461571725
2017-09-16 16:00:28,185 - [chardet.universaldetector:280] - DEBUG - ISO-8859-7 Greek confidence = 0.0763566191497
2017-09-16 16:00:28,193 - [chardet.universaldetector:280] - DEBUG - windows-1253 Greek confidence = 0.0777440217903
2017-09-16 16:00:28,196 - [chardet.universaldetector:280] - DEBUG - ISO-8859-5 Bulgairan confidence = 0.0410688856145
2017-09-16 16:00:28,197 - [chardet.universaldetector:280] - DEBUG - windows-1251 Bulgarian confidence = 0.0436747652807
2017-09-16 16:00:28,203 - [chardet.universaldetector:280] - DEBUG - TIS-620 Thai confidence = 0.0456531613536
2017-09-16 16:00:28,222 - [chardet.universaldetector:280] - DEBUG - ISO-8859-9 Turkish confidence = 0.14310959213
2017-09-16 16:00:28,239 - [chardet.universaldetector:280] - DEBUG - windows-1255 Hebrew confidence = 0.0
2017-09-16 16:00:28,243 - [chardet.universaldetector:280] - DEBUG - windows-1255 Hebrew confidence = 0.0483384693722
2017-09-16 16:00:28,245 - [chardet.universaldetector:280] - DEBUG - windows-1255 Hebrew confidence = 0.0482670683835
2017-09-16 16:00:28,252 - [chardet.universaldetector:285] - DEBUG - windows-1255 Hebrew confidence = 0.0482670683835
2017-09-16 16:00:28,276 - [bs4.dammit:381] - WARNING - Some characters could not be decoded, and were replaced with REPLACEMENT CHARACTER.
2017-09-16 16:00:28,290 - [root:45] - INFO - url http://services.corporate-ir.net/SEC/Document.Service?id=P3VybD1hSFIwY0RvdkwyRndhUzUwWlc1cmQybDZZWEprTG1OdmJTOWtiM2R1Ykc5aFpDNXdhSEEvWVdOMGFXOXVQVkJFUmlacGNHRm5aVDB4TVRjeE5UY3dOQ1p6ZFdKemFXUTlOVGM9JnR5cGU9MiZmbj1CYWlkdV82S18yMDE3MDcyOC5wZGY= is not match
2017-09-16 16:00:29,225 - [requests.packages.urllib3.connectionpool:207] - DEBUG - Starting new HTTP connection (1): ir.baidu.comphoenix.zhtml
2017-09-16 16:00:29,266 - [chardet.charsetprober:119] - DEBUG - TIS-620 confidence = 0.0441558403439, below negative shortcut threshhold 0.05
2017-09-16 16:00:29,286 - [chardet.charsetprober:119] - DEBUG - IBM855 confidence = 0.0435928291549, below negative shortcut threshhold 0.05
2017-09-16 16:00:29,319 - [root:77] - ERROR - Connection Error url http://ir.baidu.comphoenix.zhtml?c=188488&p=irol-iqiyi
2017-09-16 16:00:29,435 - [root:115] - ERROR - crawl url http://ir.baidu.comphoenix.zhtml?c=188488&p=irol-iqiyi failed, status code 4
2017-09-16 16:00:29,478 - [requests.packages.urllib3.connectionpool:207] - DEBUG - Starting new HTTP connection (1): phx.corporate-ir.net
2017-09-16 16:00:30,004 - [chardet.charsetprober:119] - DEBUG - windows-1251 confidence = 0.0438991503422, below negative shortcut threshhold 0.05
2017-09-16 16:00:30,141 - [requests.packages.urllib3.connectionpool:395] - DEBUG - http://phx.corporate-ir.net:80 "GET /External.File?item=UGFyZW50SUQ9MjgzNDY0fENoaWxkSUQ9LTF8VHlwZT0z&t=1 HTTP/1.1" 200 225677
2017-09-16 16:00:30,540 - [chardet.charsetprober:61] - DEBUG - SHIFT_JIS Japanese prober hit error at byte 612
2017-09-16 16:00:30,553 - [requests.packages.urllib3.connectionpool:207] - DEBUG - Starting new HTTP connection (1): ir.baidu.comphoenix.zhtml
2017-09-16 16:00:30,616 - [chardet.charsetprober:62] - DEBUG - EUC-JP Japanese prober hit error at byte 601
2017-09-16 16:00:30,790 - [root:77] - ERROR - Connection Error url http://ir.baidu.comphoenix.zhtml?c=188488&p=irol-calendar
2017-09-16 16:00:30,791 - [root:115] - ERROR - crawl url http://ir.baidu.comphoenix.zhtml?c=188488&p=irol-calendar failed, status code 4
2017-09-16 16:00:30,832 - [chardet.charsetprober:66] - DEBUG - GB2312 Chinese prober hit error at byte 612
2017-09-16 16:00:30,856 - [chardet.charsetprober:66] - DEBUG - EUC-KR Korean prober hit error at byte 601
2017-09-16 16:00:30,889 - [chardet.charsetprober:66] - DEBUG - CP949 Korean prober hit error at byte 612
2017-09-16 16:00:30,925 - [chardet.charsetprober:66] - DEBUG - Big5 Chinese prober hit error at byte 601
2017-09-16 16:00:30,937 - [chardet.charsetprober:66] - DEBUG - EUC-TW Taiwan prober hit error at byte 11
2017-09-16 16:00:31,081 - [chardet.charsetprober:119] - DEBUG - windows-1255 confidence = 0.0430036487045, below negative shortcut threshhold 0.05
2017-09-16 16:00:31,824 - [requests.packages.urllib3.connectionpool:207] - DEBUG - Starting new HTTP connection (1): services.corporate-ir.net
2017-09-16 16:00:32,204 - [chardet.charsetprober:119] - DEBUG - windows-1255 confidence = 0.0446896700269, below negative shortcut threshhold 0.05
2017-09-16 16:00:32,572 - [requests.packages.urllib3.connectionpool:395] - DEBUG - http://services.corporate-ir.net:80 "GET /SEC/Document.Service?id=P3VybD1hSFIwY0RvdkwyRndhUzUwWlc1cmQybDZZWEprTG1OdmJTOWtiM2R1Ykc5aFpDNXdhSEEvWVdOMGFXOXVQVkpVUmlacGNHRm5aVDB4TVRjM01EazNPU1p6ZFdKemFXUTlOVGM9JnR5cGU9MyZmbj1CYWlkdV82S18yMDE3MDgyOC5ydGY= HTTP/1.1" 200 8163
2017-09-16 16:00:32,784 - [root:45] - INFO - url http://services.corporate-ir.net/SEC/Document.Service?id=P3VybD1hSFIwY0RvdkwyRndhUzUwWlc1cmQybDZZWEprTG1OdmJTOWtiM2R1Ykc5aFpDNXdhSEEvWVdOMGFXOXVQVkpVUmlacGNHRm5aVDB4TVRjM01EazNPU1p6ZFdKemFXUTlOVGM9JnR5cGU9MyZmbj1CYWlkdV82S18yMDE3MDgyOC5ydGY= is not match
2017-09-16 16:00:32,879 - [chardet.charsetprober:119] - DEBUG - windows-1251 confidence = 0.043401850016, below negative shortcut threshhold 0.05
2017-09-16 16:00:33,108 - [chardet.charsetprober:119] - DEBUG - ISO-8859-5 confidence = 0.0436147782142, below negative shortcut threshhold 0.05
2017-09-16 16:00:33,219 - [chardet.charsetprober:119] - DEBUG - TIS-620 confidence = 0.0452449338911, below negative shortcut threshhold 0.05
2017-09-16 16:00:33,613 - [chardet.charsetprober:119] - DEBUG - KOI8-R confidence = 0.0400964962261, below negative shortcut threshhold 0.05
2017-09-16 16:00:33,812 - [chardet.charsetprober:119] - DEBUG - ISO-8859-5 confidence = 0.0417768266146, below negative shortcut threshhold 0.05
2017-09-16 16:00:33,822 - [chardet.charsetprober:119] - DEBUG - windows-1255 confidence = 0.0431316357543, below negative shortcut threshhold 0.05
2017-09-16 16:00:34,048 - [requests.packages.urllib3.connectionpool:207] - DEBUG - Starting new HTTP connection (1): media.corporate-ir.net
2017-09-16 16:00:34,163 - [chardet.charsetprober:119] - DEBUG - windows-1255 confidence = 0.0451281622921, below negative shortcut threshhold 0.05
2017-09-16 16:00:34,984 - [requests.packages.urllib3.connectionpool:395] - DEBUG - http://media.corporate-ir.net:80 "GET /media_files/IROL/18/188488/2017/BIDU%20--%20Q4%20and%20FY%202016%20Earnings%20Release.pdf HTTP/1.1" 200 327629
2017-09-16 16:00:35,842 - [chardet.charsetprober:97] - DEBUG - windows-1251 not active
2017-09-16 16:00:35,857 - [chardet.charsetprober:97] - DEBUG - KOI8-R not active
2017-09-16 16:00:35,865 - [chardet.charsetprober:61] - DEBUG - SHIFT_JIS Japanese prober hit error at byte 616
2017-09-16 16:00:35,900 - [chardet.charsetprober:97] - DEBUG - ISO-8859-5 not active
2017-09-16 16:00:35,938 - [chardet.charsetprober:97] - DEBUG - MacCyrillic not active
2017-09-16 16:00:35,939 - [chardet.charsetprober:97] - DEBUG - IBM866 not active
2017-09-16 16:00:35,940 - [chardet.charsetprober:97] - DEBUG - IBM855 not active
2017-09-16 16:00:35,941 - [chardet.charsetprober:100] - DEBUG - ISO-8859-7 Greek confidence = 0.0738488347892
2017-09-16 16:00:35,941 - [chardet.charsetprober:100] - DEBUG - windows-1253 Greek confidence = 0.0752827667296
2017-09-16 16:00:35,956 - [chardet.charsetprober:97] - DEBUG - ISO-8859-5 not active
2017-09-16 16:00:35,957 - [chardet.charsetprober:97] - DEBUG - windows-1251 not active
2017-09-16 16:00:35,957 - [chardet.charsetprober:97] - DEBUG - TIS-620 not active
2017-09-16 16:00:35,958 - [chardet.charsetprober:100] - DEBUG - ISO-8859-9 Turkish confidence = 0.0818693950689
2017-09-16 16:00:35,958 - [chardet.charsetprober:100] - DEBUG - windows-1255 Hebrew confidence = 0.0
2017-09-16 16:00:35,961 - [chardet.charsetprober:97] - DEBUG - windows-1255 not active
2017-09-16 16:00:35,962 - [chardet.charsetprober:97] - DEBUG - windows-1255 not active
2017-09-16 16:00:35,965 - [chardet.charsetprober:62] - DEBUG - EUC-JP Japanese prober hit error at byte 613
2017-09-16 16:00:35,966 - [chardet.universaldetector:271] - DEBUG - no probers hit minimum threshold
2017-09-16 16:00:35,988 - [chardet.universaldetector:280] - DEBUG - utf-8  confidence = 0.01
2017-09-16 16:00:35,988 - [chardet.universaldetector:280] - DEBUG - SHIFT_JIS Japanese confidence = 0.01
2017-09-16 16:00:35,989 - [chardet.universaldetector:280] - DEBUG - EUC-JP Japanese confidence = 0.01
2017-09-16 16:00:35,993 - [chardet.universaldetector:280] - DEBUG - GB2312 Chinese confidence = 0.01
2017-09-16 16:00:35,996 - [chardet.universaldetector:280] - DEBUG - EUC-KR Korean confidence = 0.01
2017-09-16 16:00:35,999 - [chardet.universaldetector:280] - DEBUG - CP949 Korean confidence = 0.01
2017-09-16 16:00:36,006 - [chardet.universaldetector:280] - DEBUG - Big5 Chinese confidence = 0.01
2017-09-16 16:00:36,014 - [chardet.charsetprober:66] - DEBUG - GB2312 Chinese prober hit error at byte 621
2017-09-16 16:00:36,017 - [chardet.universaldetector:280] - DEBUG - EUC-TW Taiwan confidence = 0.01
2017-09-16 16:00:36,037 - [chardet.universaldetector:280] - DEBUG - windows-1251 Russian confidence = 0.042380307722
2017-09-16 16:00:36,038 - [chardet.universaldetector:280] - DEBUG - KOI8-R Russian confidence = 0.0409084751024
2017-09-16 16:00:36,042 - [chardet.charsetprober:66] - DEBUG - EUC-KR Korean prober hit error at byte 613
2017-09-16 16:00:36,070 - [chardet.universaldetector:280] - DEBUG - ISO-8859-5 Russian confidence = 0.0438598065133
2017-09-16 16:00:36,104 - [chardet.universaldetector:280] - DEBUG - MacCyrillic Russian confidence = 0.0429838501648
2017-09-16 16:00:36,125 - [chardet.universaldetector:280] - DEBUG - IBM866 Russian confidence = 0.0408263641987
2017-09-16 16:00:36,126 - [chardet.universaldetector:280] - DEBUG - IBM855 Russian confidence = 0.0413528676042
2017-09-16 16:00:36,127 - [chardet.universaldetector:280] - DEBUG - ISO-8859-7 Greek confidence = 0.0738488347892
2017-09-16 16:00:36,137 - [chardet.charsetprober:66] - DEBUG - CP949 Korean prober hit error at byte 617
2017-09-16 16:00:36,148 - [chardet.universaldetector:280] - DEBUG - windows-1253 Greek confidence = 0.0752827667296
2017-09-16 16:00:36,169 - [chardet.universaldetector:280] - DEBUG - ISO-8859-5 Bulgairan confidence = 0.0424073041503
2017-09-16 16:00:36,169 - [chardet.universaldetector:280] - DEBUG - windows-1251 Bulgarian confidence = 0.0416790735073
2017-09-16 16:00:36,170 - [chardet.charsetprober:97] - DEBUG - windows-1251 not active
2017-09-16 16:00:36,191 - [chardet.charsetprober:66] - DEBUG - Big5 Chinese prober hit error at byte 613
2017-09-16 16:00:36,212 - [chardet.universaldetector:280] - DEBUG - TIS-620 Thai confidence = 0.0441558403439
2017-09-16 16:00:36,233 - [chardet.charsetprober:97] - DEBUG - KOI8-R not active
2017-09-16 16:00:36,260 - [chardet.charsetprober:66] - DEBUG - EUC-TW Taiwan prober hit error at byte 11
2017-09-16 16:00:36,267 - [chardet.universaldetector:280] - DEBUG - ISO-8859-9 Turkish confidence = 0.0818693950689
2017-09-16 16:00:36,268 - [chardet.charsetprober:97] - DEBUG - ISO-8859-5 not active
2017-09-16 16:00:36,354 - [chardet.universaldetector:280] - DEBUG - windows-1255 Hebrew confidence = 0.0
2017-09-16 16:00:36,356 - [chardet.charsetprober:97] - DEBUG - MacCyrillic not active
2017-09-16 16:00:36,359 - [chardet.universaldetector:280] - DEBUG - windows-1255 Hebrew confidence = 0.0446896700269
2017-09-16 16:00:36,382 - [chardet.universaldetector:280] - DEBUG - windows-1255 Hebrew confidence = 0.0451281622921
2017-09-16 16:00:36,386 - [chardet.charsetprober:97] - DEBUG - IBM866 not active
2017-09-16 16:00:36,395 - [chardet.universaldetector:285] - DEBUG - windows-1255 Hebrew confidence = 0.0451281622921
2017-09-16 16:00:36,396 - [chardet.charsetprober:97] - DEBUG - IBM855 not active
2017-09-16 16:00:36,454 - [bs4.dammit:381] - WARNING - Some characters could not be decoded, and were replaced with REPLACEMENT CHARACTER.
2017-09-16 16:00:36,457 - [chardet.charsetprober:100] - DEBUG - ISO-8859-7 Greek confidence = 0.0739318960183
2017-09-16 16:00:36,458 - [chardet.charsetprober:100] - DEBUG - windows-1253 Greek confidence = 0.0753302407217
2017-09-16 16:00:36,461 - [chardet.charsetprober:97] - DEBUG - ISO-8859-5 not active
2017-09-16 16:00:36,483 - [chardet.charsetprober:97] - DEBUG - windows-1251 not active
2017-09-16 16:00:36,484 - [chardet.charsetprober:97] - DEBUG - TIS-620 not active
2017-09-16 16:00:36,491 - [chardet.charsetprober:100] - DEBUG - ISO-8859-9 Turkish confidence = 0.0746304803681
2017-09-16 16:00:36,513 - [root:45] - INFO - url http://phx.corporate-ir.net/External.File?item=UGFyZW50SUQ9MzEwOTA5fENoaWxkSUQ9LTF8VHlwZT0z&t=1&cb=635820253168723078 is not match
2017-09-16 16:00:36,514 - [chardet.charsetprober:100] - DEBUG - windows-1255 Hebrew confidence = 0.0
2017-09-16 16:00:36,526 - [chardet.charsetprober:97] - DEBUG - windows-1255 not active
2017-09-16 16:00:36,528 - [chardet.charsetprober:97] - DEBUG - windows-1255 not active
2017-09-16 16:00:36,534 - [chardet.universaldetector:271] - DEBUG - no probers hit minimum threshold
2017-09-16 16:00:36,536 - [chardet.universaldetector:280] - DEBUG - utf-8  confidence = 0.01
2017-09-16 16:00:36,541 - [chardet.universaldetector:280] - DEBUG - SHIFT_JIS Japanese confidence = 0.01
2017-09-16 16:00:36,542 - [chardet.universaldetector:280] - DEBUG - EUC-JP Japanese confidence = 0.01
2017-09-16 16:00:36,557 - [chardet.universaldetector:280] - DEBUG - GB2312 Chinese confidence = 0.01
2017-09-16 16:00:36,558 - [chardet.universaldetector:280] - DEBUG - EUC-KR Korean confidence = 0.01
2017-09-16 16:00:36,558 - [chardet.universaldetector:280] - DEBUG - CP949 Korean confidence = 0.01
2017-09-16 16:00:36,559 - [chardet.universaldetector:280] - DEBUG - Big5 Chinese confidence = 0.01
2017-09-16 16:00:36,562 - [chardet.universaldetector:280] - DEBUG - EUC-TW Taiwan confidence = 0.01
2017-09-16 16:00:36,568 - [chardet.universaldetector:280] - DEBUG - windows-1251 Russian confidence = 0.0429862855923
2017-09-16 16:00:36,570 - [chardet.universaldetector:280] - DEBUG - KOI8-R Russian confidence = 0.0431381853724
2017-09-16 16:00:36,581 - [chardet.universaldetector:280] - DEBUG - ISO-8859-5 Russian confidence = 0.04277273373
2017-09-16 16:00:36,583 - [chardet.universaldetector:280] - DEBUG - MacCyrillic Russian confidence = 0.0431213579273
2017-09-16 16:00:36,586 - [chardet.universaldetector:280] - DEBUG - IBM866 Russian confidence = 0.0407778381266
2017-09-16 16:00:36,598 - [chardet.universaldetector:280] - DEBUG - IBM855 Russian confidence = 0.0426394992682
2017-09-16 16:00:36,603 - [chardet.universaldetector:280] - DEBUG - ISO-8859-7 Greek confidence = 0.0739318960183
2017-09-16 16:00:36,616 - [chardet.universaldetector:280] - DEBUG - windows-1253 Greek confidence = 0.0753302407217
2017-09-16 16:00:36,617 - [chardet.universaldetector:280] - DEBUG - ISO-8859-5 Bulgairan confidence = 0.0408097605283
2017-09-16 16:00:36,619 - [chardet.universaldetector:280] - DEBUG - windows-1251 Bulgarian confidence = 0.0416196249751
2017-09-16 16:00:36,620 - [chardet.universaldetector:280] - DEBUG - TIS-620 Thai confidence = 0.0445181910444
2017-09-16 16:00:36,633 - [chardet.universaldetector:280] - DEBUG - ISO-8859-9 Turkish confidence = 0.0746304803681
2017-09-16 16:00:36,633 - [chardet.universaldetector:280] - DEBUG - windows-1255 Hebrew confidence = 0.0
2017-09-16 16:00:36,644 - [chardet.universaldetector:280] - DEBUG - windows-1255 Hebrew confidence = 0.0430036487045
2017-09-16 16:00:36,657 - [chardet.universaldetector:280] - DEBUG - windows-1255 Hebrew confidence = 0.0431316357543
2017-09-16 16:00:36,663 - [chardet.universaldetector:285] - DEBUG - windows-1255 Hebrew confidence = 0.0431316357543
2017-09-16 16:00:36,807 - [chardet.charsetprober:61] - DEBUG - SHIFT_JIS Japanese prober hit error at byte 631
2017-09-16 16:00:36,891 - [chardet.charsetprober:119] - DEBUG - ISO-8859-5 confidence = 0.041710487795, below negative shortcut threshhold 0.05
2017-09-16 16:00:36,896 - [chardet.charsetprober:62] - DEBUG - EUC-JP Japanese prober hit error at byte 626
2017-09-16 16:00:37,012 - [chardet.charsetprober:119] - DEBUG - windows-1251 confidence = 0.0419066901105, below negative shortcut threshhold 0.05
2017-09-16 16:00:37,083 - [chardet.charsetprober:66] - DEBUG - GB2312 Chinese prober hit error at byte 631
2017-09-16 16:00:37,178 - [chardet.charsetprober:66] - DEBUG - EUC-KR Korean prober hit error at byte 626
2017-09-16 16:00:37,203 - [chardet.charsetprober:119] - DEBUG - windows-1251 confidence = 0.0415908987402, below negative shortcut threshhold 0.05
2017-09-16 16:00:37,215 - [chardet.charsetprober:66] - DEBUG - CP949 Korean prober hit error at byte 631
2017-09-16 16:00:37,436 - [chardet.charsetprober:66] - DEBUG - Big5 Chinese prober hit error at byte 626
2017-09-16 16:00:37,462 - [chardet.charsetprober:66] - DEBUG - EUC-TW Taiwan prober hit error at byte 11
2017-09-16 16:00:37,589 - [requests.packages.urllib3.connectionpool:207] - DEBUG - Starting new HTTP connection (1): ir.baidu.comphoenix.zhtml
2017-09-16 16:00:37,626 - [root:77] - ERROR - Connection Error url http://ir.baidu.comphoenix.zhtml?c=188488&p=irol-govmanage
2017-09-16 16:00:37,826 - [root:115] - ERROR - crawl url http://ir.baidu.comphoenix.zhtml?c=188488&p=irol-govmanage failed, status code 4
2017-09-16 16:00:38,913 - [chardet.charsetprober:119] - DEBUG - MacCyrillic confidence = 0.0427761532886, below negative shortcut threshhold 0.05
2017-09-16 16:00:38,956 - [requests.packages.urllib3.connectionpool:207] - DEBUG - Starting new HTTP connection (1): ir.baidu.comphoenix.zhtml
2017-09-16 16:00:38,976 - [root:77] - ERROR - Connection Error url http://ir.baidu.comphoenix.zhtml?c=188488&p=irol-govboard
2017-09-16 16:00:39,002 - [root:115] - ERROR - crawl url http://ir.baidu.comphoenix.zhtml?c=188488&p=irol-govboard failed, status code 4
2017-09-16 16:00:39,051 - [chardet.charsetprober:119] - DEBUG - TIS-620 confidence = 0.0446866527792, below negative shortcut threshhold 0.05
2017-09-16 16:00:39,631 - [chardet.charsetprober:119] - DEBUG - TIS-620 confidence = 0.0438240670153, below negative shortcut threshhold 0.05
2017-09-16 16:00:40,031 - [requests.packages.urllib3.connectionpool:207] - DEBUG - Starting new HTTP connection (1): media.corporate-ir.net
2017-09-16 16:00:40,136 - [chardet.charsetprober:119] - DEBUG - windows-1251 confidence = 0.0422783284962, below negative shortcut threshhold 0.05
2017-09-16 16:00:40,326 - [requests.packages.urllib3.connectionpool:395] - DEBUG - http://media.corporate-ir.net:80 "GET /media_files/IROL/18/188488/BIDUQ12017EarningsRelease.pdf HTTP/1.1" 302 None
2017-09-16 16:00:40,414 - [requests.packages.urllib3.connectionpool:207] - DEBUG - Starting new HTTP connection (1): 120.198.248.32
2017-09-16 16:00:41,070 - [requests.packages.urllib3.connectionpool:395] - DEBUG - http://120.198.248.32:80 "GET /cache/media.corporate-ir.net/media_files/IROL/18/188488/BIDUQ12017EarningsRelease.pdf?ich_args2=29-16160005061135_71a7cf610194d85e0f1cee2cd0280227_10001002_9c896429d2c7f9d99433518939a83798_9d882dfb147acadc8822e7eac649eee8 HTTP/1.1" 200 176821
2017-09-16 16:00:41,325 - [chardet.charsetprober:61] - DEBUG - SHIFT_JIS Japanese prober hit error at byte 450
2017-09-16 16:00:41,352 - [chardet.charsetprober:62] - DEBUG - EUC-JP Japanese prober hit error at byte 439
2017-09-16 16:00:41,394 - [chardet.charsetprober:66] - DEBUG - GB2312 Chinese prober hit error at byte 450
2017-09-16 16:00:41,493 - [chardet.charsetprober:66] - DEBUG - EUC-KR Korean prober hit error at byte 439
2017-09-16 16:00:41,522 - [chardet.charsetprober:119] - DEBUG - IBM866 confidence = 0.0426692845969, below negative shortcut threshhold 0.05
2017-09-16 16:00:41,665 - [chardet.charsetprober:66] - DEBUG - CP949 Korean prober hit error at byte 450
2017-09-16 16:00:41,688 - [chardet.charsetprober:119] - DEBUG - windows-1251 confidence = 0.0429862855923, below negative shortcut threshhold 0.05
2017-09-16 16:00:41,780 - [chardet.charsetprober:66] - DEBUG - Big5 Chinese prober hit error at byte 439
2017-09-16 16:00:41,833 - [chardet.charsetprober:66] - DEBUG - EUC-TW Taiwan prober hit error at byte 439
2017-09-16 16:00:42,301 - [chardet.charsetprober:119] - DEBUG - windows-1255 confidence = 0.0456933766294, below negative shortcut threshhold 0.05
2017-09-16 16:00:43,358 - [chardet.charsetprober:119] - DEBUG - ISO-8859-5 confidence = 0.0430683983489, below negative shortcut threshhold 0.05
2017-09-16 16:00:44,782 - [chardet.charsetprober:119] - DEBUG - IBM855 confidence = 0.0387753568949, below negative shortcut threshhold 0.05
2017-09-16 16:00:45,054 - [chardet.charsetprober:119] - DEBUG - KOI8-R confidence = 0.0426406037085, below negative shortcut threshhold 0.05
2017-09-16 16:00:45,387 - [chardet.charsetprober:119] - DEBUG - windows-1251 confidence = 0.0439795634381, below negative shortcut threshhold 0.05
2017-09-16 16:00:46,001 - [chardet.charsetprober:119] - DEBUG - windows-1255 confidence = 0.0449967261566, below negative shortcut threshhold 0.05
2017-09-16 16:00:46,318 - [chardet.charsetprober:119] - DEBUG - KOI8-R confidence = 0.0431381853724, below negative shortcut threshhold 0.05
2017-09-16 16:00:47,179 - [chardet.charsetprober:119] - DEBUG - windows-1255 confidence = 0.0464099875711, below negative shortcut threshhold 0.05
2017-09-16 16:00:47,234 - [chardet.charsetprober:119] - DEBUG - windows-1255 confidence = 0.0448934302033, below negative shortcut threshhold 0.05
2017-09-16 16:00:47,238 - [chardet.charsetprober:119] - DEBUG - KOI8-R confidence = 0.0436913306361, below negative shortcut threshhold 0.05
2017-09-16 16:00:47,277 - [chardet.charsetprober:119] - DEBUG - ISO-8859-5 confidence = 0.0438316144057, below negative shortcut threshhold 0.05
2017-09-16 16:00:48,265 - [chardet.charsetprober:97] - DEBUG - windows-1251 not active
2017-09-16 16:00:48,297 - [chardet.charsetprober:97] - DEBUG - KOI8-R not active
2017-09-16 16:00:48,334 - [chardet.charsetprober:97] - DEBUG - ISO-8859-5 not active
2017-09-16 16:00:48,334 - [chardet.charsetprober:97] - DEBUG - MacCyrillic not active
2017-09-16 16:00:48,337 - [chardet.charsetprober:97] - DEBUG - IBM866 not active
2017-09-16 16:00:48,338 - [chardet.charsetprober:97] - DEBUG - IBM855 not active
2017-09-16 16:00:48,339 - [chardet.charsetprober:100] - DEBUG - ISO-8859-7 Greek confidence = 0.0755787367154
2017-09-16 16:00:48,367 - [chardet.charsetprober:100] - DEBUG - windows-1253 Greek confidence = 0.0766625424982
2017-09-16 16:00:48,400 - [chardet.charsetprober:97] - DEBUG - ISO-8859-5 not active
2017-09-16 16:00:48,438 - [chardet.charsetprober:97] - DEBUG - windows-1251 not active
2017-09-16 16:00:48,440 - [chardet.charsetprober:97] - DEBUG - TIS-620 not active
2017-09-16 16:00:48,444 - [chardet.charsetprober:100] - DEBUG - ISO-8859-9 Turkish confidence = 0.0836797373346
2017-09-16 16:00:48,460 - [chardet.charsetprober:100] - DEBUG - windows-1255 Hebrew confidence = 0.0
2017-09-16 16:00:48,481 - [chardet.charsetprober:97] - DEBUG - windows-1255 not active
2017-09-16 16:00:48,490 - [chardet.charsetprober:97] - DEBUG - windows-1255 not active
2017-09-16 16:00:48,496 - [chardet.universaldetector:271] - DEBUG - no probers hit minimum threshold
2017-09-16 16:00:48,501 - [chardet.universaldetector:280] - DEBUG - utf-8  confidence = 0.01
2017-09-16 16:00:48,505 - [chardet.universaldetector:280] - DEBUG - SHIFT_JIS Japanese confidence = 0.01
2017-09-16 16:00:48,510 - [chardet.universaldetector:280] - DEBUG - EUC-JP Japanese confidence = 0.01
2017-09-16 16:00:48,512 - [chardet.universaldetector:280] - DEBUG - GB2312 Chinese confidence = 0.01
2017-09-16 16:00:48,512 - [chardet.universaldetector:280] - DEBUG - EUC-KR Korean confidence = 0.01
2017-09-16 16:00:48,514 - [chardet.universaldetector:280] - DEBUG - CP949 Korean confidence = 0.01
2017-09-16 16:00:48,516 - [chardet.universaldetector:280] - DEBUG - Big5 Chinese confidence = 0.01
2017-09-16 16:00:48,517 - [chardet.universaldetector:280] - DEBUG - EUC-TW Taiwan confidence = 0.01
2017-09-16 16:00:48,518 - [chardet.universaldetector:280] - DEBUG - windows-1251 Russian confidence = 0.0445704000957
2017-09-16 16:00:48,561 - [chardet.universaldetector:280] - DEBUG - KOI8-R Russian confidence = 0.0420688738034
2017-09-16 16:00:48,561 - [chardet.universaldetector:280] - DEBUG - ISO-8859-5 Russian confidence = 0.0438746712097
2017-09-16 16:00:48,590 - [chardet.charsetprober:119] - DEBUG - windows-1255 confidence = 0.0445925639456, below negative shortcut threshhold 0.05
2017-09-16 16:00:48,619 - [chardet.universaldetector:280] - DEBUG - MacCyrillic Russian confidence = 0.045064332442
2017-09-16 16:00:48,702 - [chardet.universaldetector:280] - DEBUG - IBM866 Russian confidence = 0.0418458696933
2017-09-16 16:00:48,716 - [chardet.universaldetector:280] - DEBUG - IBM855 Russian confidence = 0.0403848012558
2017-09-16 16:00:48,735 - [chardet.universaldetector:280] - DEBUG - ISO-8859-7 Greek confidence = 0.0755787367154
2017-09-16 16:00:48,739 - [chardet.universaldetector:280] - DEBUG - windows-1253 Greek confidence = 0.0766625424982
2017-09-16 16:00:48,742 - [chardet.universaldetector:280] - DEBUG - ISO-8859-5 Bulgairan confidence = 0.042985146289
2017-09-16 16:00:48,742 - [chardet.universaldetector:280] - DEBUG - windows-1251 Bulgarian confidence = 0.0438991503422
2017-09-16 16:00:48,743 - [chardet.universaldetector:280] - DEBUG - TIS-620 Thai confidence = 0.0452449338911
2017-09-16 16:00:48,781 - [chardet.universaldetector:280] - DEBUG - ISO-8859-9 Turkish confidence = 0.0836797373346
2017-09-16 16:00:48,796 - [chardet.universaldetector:280] - DEBUG - windows-1255 Hebrew confidence = 0.0
2017-09-16 16:00:48,797 - [chardet.universaldetector:280] - DEBUG - windows-1255 Hebrew confidence = 0.0456933766294
2017-09-16 16:00:48,827 - [chardet.universaldetector:280] - DEBUG - windows-1255 Hebrew confidence = 0.0464099875711
2017-09-16 16:00:48,842 - [chardet.universaldetector:285] - DEBUG - windows-1255 Hebrew confidence = 0.0464099875711
2017-09-16 16:00:48,971 - [chardet.charsetprober:61] - DEBUG - SHIFT_JIS Japanese prober hit error at byte 376
2017-09-16 16:00:48,994 - [chardet.charsetprober:62] - DEBUG - EUC-JP Japanese prober hit error at byte 366
2017-09-16 16:00:49,026 - [chardet.charsetprober:66] - DEBUG - GB2312 Chinese prober hit error at byte 377
2017-09-16 16:00:49,041 - [chardet.charsetprober:66] - DEBUG - EUC-KR Korean prober hit error at byte 366
2017-09-16 16:00:49,134 - [chardet.charsetprober:66] - DEBUG - CP949 Korean prober hit error at byte 366
2017-09-16 16:00:49,283 - [chardet.charsetprober:66] - DEBUG - Big5 Chinese prober hit error at byte 377
2017-09-16 16:00:49,465 - [chardet.charsetprober:66] - DEBUG - EUC-TW Taiwan prober hit error at byte 366
2017-09-16 16:00:49,569 - [chardet.charsetprober:97] - DEBUG - windows-1251 not active
2017-09-16 16:00:49,590 - [chardet.charsetprober:119] - DEBUG - windows-1251 confidence = 0.0418822348235, below negative shortcut threshhold 0.05
2017-09-16 16:00:49,599 - [chardet.charsetprober:97] - DEBUG - KOI8-R not active
2017-09-16 16:00:49,761 - [chardet.charsetprober:97] - DEBUG - ISO-8859-5 not active
2017-09-16 16:00:49,815 - [chardet.charsetprober:119] - DEBUG - ISO-8859-5 confidence = 0.04277273373, below negative shortcut threshhold 0.05
2017-09-16 16:00:49,824 - [chardet.charsetprober:119] - DEBUG - ISO-8859-5 confidence = 0.0447408023174, below negative shortcut threshhold 0.05
2017-09-16 16:00:49,827 - [chardet.charsetprober:97] - DEBUG - MacCyrillic not active
2017-09-16 16:00:49,932 - [chardet.charsetprober:97] - DEBUG - IBM866 not active
2017-09-16 16:00:49,942 - [chardet.charsetprober:97] - DEBUG - IBM855 not active
2017-09-16 16:00:49,975 - [chardet.charsetprober:100] - DEBUG - ISO-8859-7 Greek confidence = 0.0725508755112
2017-09-16 16:00:50,097 - [chardet.charsetprober:100] - DEBUG - windows-1253 Greek confidence = 0.0737289194303
2017-09-16 16:00:50,097 - [chardet.charsetprober:97] - DEBUG - ISO-8859-5 not active
2017-09-16 16:00:50,097 - [chardet.charsetprober:97] - DEBUG - windows-1251 not active
2017-09-16 16:00:50,245 - [chardet.charsetprober:97] - DEBUG - TIS-620 not active
2017-09-16 16:00:50,246 - [chardet.charsetprober:100] - DEBUG - ISO-8859-9 Turkish confidence = 0.0836254855684
2017-09-16 16:00:50,247 - [chardet.charsetprober:100] - DEBUG - windows-1255 Hebrew confidence = 0.0
2017-09-16 16:00:50,247 - [chardet.charsetprober:97] - DEBUG - windows-1255 not active
2017-09-16 16:00:50,248 - [chardet.charsetprober:97] - DEBUG - windows-1255 not active
2017-09-16 16:00:50,248 - [chardet.universaldetector:271] - DEBUG - no probers hit minimum threshold
2017-09-16 16:00:50,248 - [chardet.universaldetector:280] - DEBUG - utf-8  confidence = 0.01
2017-09-16 16:00:50,249 - [chardet.universaldetector:280] - DEBUG - SHIFT_JIS Japanese confidence = 0.01
2017-09-16 16:00:50,270 - [chardet.universaldetector:280] - DEBUG - EUC-JP Japanese confidence = 0.01
2017-09-16 16:00:50,271 - [chardet.universaldetector:280] - DEBUG - GB2312 Chinese confidence = 0.01
2017-09-16 16:00:50,271 - [chardet.universaldetector:280] - DEBUG - EUC-KR Korean confidence = 0.01
2017-09-16 16:00:50,272 - [chardet.universaldetector:280] - DEBUG - CP949 Korean confidence = 0.01
2017-09-16 16:00:50,272 - [chardet.universaldetector:280] - DEBUG - Big5 Chinese confidence = 0.01
2017-09-16 16:00:50,273 - [chardet.universaldetector:280] - DEBUG - EUC-TW Taiwan confidence = 0.01
2017-09-16 16:00:50,274 - [chardet.universaldetector:280] - DEBUG - windows-1251 Russian confidence = 0.0425398912048
2017-09-16 16:00:50,287 - [chardet.universaldetector:280] - DEBUG - KOI8-R Russian confidence = 0.042084062045
2017-09-16 16:00:50,287 - [chardet.universaldetector:280] - DEBUG - ISO-8859-5 Russian confidence = 0.0434449042569
2017-09-16 16:00:50,288 - [chardet.universaldetector:280] - DEBUG - MacCyrillic Russian confidence = 0.0432562311023
2017-09-16 16:00:50,289 - [chardet.universaldetector:280] - DEBUG - IBM866 Russian confidence = 0.0409544318039
2017-09-16 16:00:50,298 - [chardet.universaldetector:280] - DEBUG - IBM855 Russian confidence = 0.0435928291549
2017-09-16 16:00:50,302 - [chardet.universaldetector:280] - DEBUG - ISO-8859-7 Greek confidence = 0.0725508755112
2017-09-16 16:00:50,310 - [chardet.universaldetector:280] - DEBUG - windows-1253 Greek confidence = 0.0737289194303
2017-09-16 16:00:50,311 - [chardet.universaldetector:280] - DEBUG - ISO-8859-5 Bulgairan confidence = 0.0417768266146
2017-09-16 16:00:50,314 - [chardet.universaldetector:280] - DEBUG - windows-1251 Bulgarian confidence = 0.0419066901105
2017-09-16 16:00:50,314 - [chardet.universaldetector:280] - DEBUG - TIS-620 Thai confidence = 0.0446866527792
2017-09-16 16:00:50,315 - [chardet.universaldetector:280] - DEBUG - ISO-8859-9 Turkish confidence = 0.0836254855684
2017-09-16 16:00:50,333 - [chardet.universaldetector:280] - DEBUG - windows-1255 Hebrew confidence = 0.0
2017-09-16 16:00:50,334 - [chardet.universaldetector:280] - DEBUG - windows-1255 Hebrew confidence = 0.0449967261566
2017-09-16 16:00:50,343 - [chardet.universaldetector:280] - DEBUG - windows-1255 Hebrew confidence = 0.0445925639456
2017-09-16 16:00:50,350 - [chardet.universaldetector:285] - DEBUG - windows-1255 Hebrew confidence = 0.0445925639456
2017-09-16 16:00:50,438 - [bs4.dammit:381] - WARNING - Some characters could not be decoded, and were replaced with REPLACEMENT CHARACTER.
2017-09-16 16:00:50,464 - [root:45] - INFO - url http://media.corporate-ir.net/media_files/IROL/18/188488/2016/BIDU_--_Q3_2016_Earnings_Release.pdf is not match
2017-09-16 16:00:51,128 - [chardet.charsetprober:119] - DEBUG - MacCyrillic confidence = 0.0430723253899, below negative shortcut threshhold 0.05
2017-09-16 16:00:51,526 - [requests.packages.urllib3.connectionpool:207] - DEBUG - Starting new HTTP connection (1): www.baidu.combaozhang.html
2017-09-16 16:00:51,636 - [chardet.charsetprober:119] - DEBUG - windows-1255 confidence = 0.0450489501693, below negative shortcut threshhold 0.05
2017-09-16 16:00:51,764 - [root:77] - ERROR - Connection Error url http://www.baidu.combaozhang.html
2017-09-16 16:00:51,765 - [root:115] - ERROR - crawl url http://www.baidu.combaozhang.html failed, status code 4
2017-09-16 16:00:52,343 - [chardet.charsetprober:97] - DEBUG - windows-1251 not active
2017-09-16 16:00:52,357 - [chardet.charsetprober:97] - DEBUG - KOI8-R not active
2017-09-16 16:00:52,364 - [chardet.charsetprober:97] - DEBUG - ISO-8859-5 not active
2017-09-16 16:00:52,381 - [chardet.charsetprober:119] - DEBUG - ISO-8859-5 confidence = 0.0417573871725, below negative shortcut threshhold 0.05
2017-09-16 16:00:52,427 - [chardet.charsetprober:97] - DEBUG - MacCyrillic not active
2017-09-16 16:00:52,438 - [chardet.charsetprober:119] - DEBUG - MacCyrillic confidence = 0.0444440022306, below negative shortcut threshhold 0.05
2017-09-16 16:00:52,495 - [chardet.charsetprober:97] - DEBUG - IBM866 not active
2017-09-16 16:00:52,561 - [chardet.charsetprober:97] - DEBUG - IBM855 not active
2017-09-16 16:00:52,586 - [chardet.charsetprober:100] - DEBUG - ISO-8859-7 Greek confidence = 0.0746105409804
2017-09-16 16:00:52,587 - [chardet.charsetprober:100] - DEBUG - windows-1253 Greek confidence = 0.0754162563468
2017-09-16 16:00:52,637 - [chardet.charsetprober:97] - DEBUG - ISO-8859-5 not active
2017-09-16 16:00:52,638 - [chardet.charsetprober:97] - DEBUG - windows-1251 not active
2017-09-16 16:00:52,653 - [chardet.charsetprober:97] - DEBUG - TIS-620 not active
2017-09-16 16:00:52,654 - [chardet.charsetprober:100] - DEBUG - ISO-8859-9 Turkish confidence = 0.0736210395902
2017-09-16 16:00:52,654 - [chardet.charsetprober:100] - DEBUG - windows-1255 Hebrew confidence = 0.0
2017-09-16 16:00:52,680 - [chardet.charsetprober:97] - DEBUG - windows-1255 not active
2017-09-16 16:00:52,688 - [chardet.charsetprober:97] - DEBUG - windows-1255 not active
2017-09-16 16:00:52,703 - [chardet.universaldetector:271] - DEBUG - no probers hit minimum threshold
2017-09-16 16:00:52,705 - [chardet.universaldetector:280] - DEBUG - utf-8  confidence = 0.01
2017-09-16 16:00:52,705 - [chardet.universaldetector:280] - DEBUG - SHIFT_JIS Japanese confidence = 0.01
2017-09-16 16:00:52,706 - [chardet.universaldetector:280] - DEBUG - EUC-JP Japanese confidence = 0.01
2017-09-16 16:00:52,727 - [chardet.universaldetector:280] - DEBUG - GB2312 Chinese confidence = 0.01
2017-09-16 16:00:52,738 - [chardet.universaldetector:280] - DEBUG - EUC-KR Korean confidence = 0.01
2017-09-16 16:00:52,739 - [chardet.universaldetector:280] - DEBUG - CP949 Korean confidence = 0.01
2017-09-16 16:00:52,741 - [chardet.universaldetector:280] - DEBUG - Big5 Chinese confidence = 0.01
2017-09-16 16:00:52,741 - [chardet.universaldetector:280] - DEBUG - EUC-TW Taiwan confidence = 0.01
2017-09-16 16:00:52,754 - [chardet.universaldetector:280] - DEBUG - windows-1251 Russian confidence = 0.0424859131615
2017-09-16 16:00:52,755 - [chardet.universaldetector:280] - DEBUG - KOI8-R Russian confidence = 0.0403991239808
2017-09-16 16:00:52,755 - [chardet.universaldetector:280] - DEBUG - ISO-8859-5 Russian confidence = 0.0445585339843
2017-09-16 16:00:52,765 - [chardet.universaldetector:280] - DEBUG - MacCyrillic Russian confidence = 0.0427548910293
2017-09-16 16:00:52,768 - [chardet.universaldetector:280] - DEBUG - IBM866 Russian confidence = 0.0424479413959
2017-09-16 16:00:52,769 - [chardet.universaldetector:280] - DEBUG - IBM855 Russian confidence = 0.0419619608196
2017-09-16 16:00:52,770 - [chardet.universaldetector:280] - DEBUG - ISO-8859-7 Greek confidence = 0.0746105409804
2017-09-16 16:00:52,770 - [chardet.universaldetector:280] - DEBUG - windows-1253 Greek confidence = 0.0754162563468
2017-09-16 16:00:52,771 - [chardet.universaldetector:280] - DEBUG - ISO-8859-5 Bulgairan confidence = 0.0436147782142
2017-09-16 16:00:52,783 - [chardet.universaldetector:280] - DEBUG - windows-1251 Bulgarian confidence = 0.0415908987402
2017-09-16 16:00:52,783 - [chardet.universaldetector:280] - DEBUG - TIS-620 Thai confidence = 0.0438240670153
2017-09-16 16:00:52,796 - [chardet.universaldetector:280] - DEBUG - ISO-8859-9 Turkish confidence = 0.0736210395902
2017-09-16 16:00:52,801 - [chardet.universaldetector:280] - DEBUG - windows-1255 Hebrew confidence = 0.0
2017-09-16 16:00:52,807 - [chardet.universaldetector:280] - DEBUG - windows-1255 Hebrew confidence = 0.0448934302033
2017-09-16 16:00:52,816 - [chardet.universaldetector:280] - DEBUG - windows-1255 Hebrew confidence = 0.0450489501693
2017-09-16 16:00:52,826 - [chardet.universaldetector:285] - DEBUG - windows-1255 Hebrew confidence = 0.0450489501693
2017-09-16 16:00:52,879 - [bs4.dammit:381] - WARNING - Some characters could not be decoded, and were replaced with REPLACEMENT CHARACTER.
2017-09-16 16:00:52,893 - [root:45] - INFO - url http://phx.corporate-ir.net/External.File?item=UGFyZW50SUQ9Mjk2NTA5fENoaWxkSUQ9LTF8VHlwZT0z&t=1&cb=635736391718504506 is not match
2017-09-16 16:00:52,995 - [requests.packages.urllib3.connectionpool:207] - DEBUG - Starting new HTTP connection (1): www.baidu.comindex.html
2017-09-16 16:00:53,212 - [root:77] - ERROR - Connection Error url http://www.baidu.comindex.html
2017-09-16 16:00:53,217 - [root:115] - ERROR - crawl url http://www.baidu.comindex.html failed, status code 4
2017-09-16 16:00:53,489 - [chardet.charsetprober:119] - DEBUG - windows-1251 confidence = 0.0445704000957, below negative shortcut threshhold 0.05
2017-09-16 16:00:53,647 - [chardet.charsetprober:119] - DEBUG - MacCyrillic confidence = 0.0431213579273, below negative shortcut threshhold 0.05
2017-09-16 16:00:53,656 - [chardet.charsetprober:119] - DEBUG - IBM866 confidence = 0.0410006759005, below negative shortcut threshhold 0.05
2017-09-16 16:00:53,861 - [chardet.charsetprober:119] - DEBUG - IBM866 confidence = 0.0405895257041, below negative shortcut threshhold 0.05
2017-09-16 16:00:54,106 - [requests.packages.urllib3.connectionpool:207] - DEBUG - Starting new HTTP connection (1): www.baidu.comright.html
2017-09-16 16:00:54,249 - [chardet.charsetprober:119] - DEBUG - windows-1251 confidence = 0.0432155068465, below negative shortcut threshhold 0.05
2017-09-16 16:00:54,298 - [requests.packages.urllib3.connectionpool:207] - DEBUG - Starting new HTTP connection (1): www.baidu.com
2017-09-16 16:00:54,511 - [root:77] - ERROR - Connection Error url http://www.baidu.comright.html
2017-09-16 16:00:54,512 - [requests.packages.urllib3.connectionpool:395] - DEBUG - http://www.baidu.com:80 "GET / HTTP/1.1" 200 None
2017-09-16 16:00:54,536 - [root:115] - ERROR - crawl url http://www.baidu.comright.html failed, status code 4
2017-09-16 16:00:54,737 - [root:45] - INFO - url http://www.baidu.com is not match
2017-09-16 16:00:54,875 - [chardet.charsetprober:119] - DEBUG - IBM855 confidence = 0.0402058823787, below negative shortcut threshhold 0.05
2017-09-16 16:00:55,007 - [chardet.charsetprober:119] - DEBUG - TIS-620 confidence = 0.0425893166014, below negative shortcut threshhold 0.05
2017-09-16 16:00:55,461 - [chardet.charsetprober:119] - DEBUG - TIS-620 confidence = 0.0451844961195, below negative shortcut threshhold 0.05
2017-09-16 16:00:55,631 - [requests.packages.urllib3.connectionpool:207] - DEBUG - Starting new HTTP connection (1): www.baidu.comcopyright.html
2017-09-16 16:00:55,784 - [requests.packages.urllib3.connectionpool:207] - DEBUG - Starting new HTTP connection (1): home.baidu.com
2017-09-16 16:00:55,938 - [chardet.charsetprober:119] - DEBUG - IBM855 confidence = 0.0410372265508, below negative shortcut threshhold 0.05
2017-09-16 16:00:55,989 - [chardet.charsetprober:119] - DEBUG - IBM866 confidence = 0.0407778381266, below negative shortcut threshhold 0.05
2017-09-16 16:00:56,535 - [chardet.charsetprober:119] - DEBUG - KOI8-R confidence = 0.0420688738034, below negative shortcut threshhold 0.05
2017-09-16 16:00:56,794 - [root:77] - ERROR - Connection Error url http://www.baidu.comcopyright.html
2017-09-16 16:00:56,799 - [root:115] - ERROR - crawl url http://www.baidu.comcopyright.html failed, status code 4
2017-09-16 16:00:56,823 - [requests.packages.urllib3.connectionpool:395] - DEBUG - http://home.baidu.com:80 "GET / HTTP/1.1" 200 None
2017-09-16 16:00:57,095 - [root:63] - INFO - procotol:http, hostname:home.baidu.com, new_link:/home/index
2017-09-16 16:00:57,254 - [root:63] - INFO - procotol:http, hostname:home.baidu.com, new_link:/home/index
2017-09-16 16:00:57,308 - [root:63] - INFO - procotol:http, hostname:home.baidu.com, new_link:/home/index/join_us
2017-09-16 16:00:57,316 - [root:63] - INFO - procotol:http, hostname:home.baidu.com, new_link:/home/index/contact_us
2017-09-16 16:00:57,323 - [root:63] - INFO - procotol:http, hostname:home.baidu.com, new_link:/home/index
2017-09-16 16:00:57,328 - [root:63] - INFO - procotol:http, hostname:home.baidu.com, new_link:/home/index/join_us
2017-09-16 16:00:57,337 - [root:63] - INFO - procotol:http, hostname:home.baidu.com, new_link:/home/index/contact_us
2017-09-16 16:00:57,344 - [root:63] - INFO - procotol:http, hostname:home.baidu.com, new_link:/home/index/show_banner_content/id/48
2017-09-16 16:00:57,349 - [root:63] - INFO - procotol:http, hostname:home.baidu.com, new_link:/home/index/show_banner_content/id/15/type/mobile
2017-09-16 16:00:57,360 - [root:63] - INFO - procotol:http, hostname:home.baidu.com, new_link:/home/index/show_banner_content/id/38
2017-09-16 16:00:57,361 - [root:63] - INFO - procotol:http, hostname:home.baidu.com, new_link:/home/index/show_banner_content/id/47
2017-09-16 16:00:57,365 - [root:63] - INFO - procotol:http, hostname:home.baidu.com, new_link:/home/index/show_mobile_banner_content/id/64
2017-09-16 16:00:57,368 - [root:63] - INFO - procotol:http, hostname:home.baidu.com, new_link:/home/index/show_mobile_banner_content/id/62
2017-09-16 16:00:57,376 - [root:63] - INFO - procotol:http, hostname:home.baidu.com, new_link:/home/index/news_list
2017-09-16 16:00:57,377 - [root:63] - INFO - procotol:http, hostname:home.baidu.com, new_link:/home/index/news_detail/id/17714
2017-09-16 16:00:57,386 - [root:63] - INFO - procotol:http, hostname:home.baidu.com, new_link:/home/index/news_detail/id/17713
2017-09-16 16:00:57,396 - [root:63] - INFO - procotol:http, hostname:home.baidu.com, new_link:/home/index/news_detail/id/17712
2017-09-16 16:00:57,400 - [root:63] - INFO - procotol:http, hostname:home.baidu.com, new_link:/home/index/news_detail/id/17711
2017-09-16 16:00:57,401 - [root:63] - INFO - procotol:http, hostname:home.baidu.com, new_link:/home/index/news_detail/id/17710
2017-09-16 16:00:57,402 - [root:63] - INFO - procotol:http, hostname:home.baidu.com, new_link:/home/index/news_detail/id/17709
2017-09-16 16:00:57,403 - [root:63] - INFO - procotol:http, hostname:home.baidu.com, new_link:/home/index/news_list
2017-09-16 16:00:57,416 - [root:63] - INFO - procotol:http, hostname:home.baidu.com, new_link:/home/index/special/id/40
2017-09-16 16:00:57,428 - [root:63] - INFO - procotol:http, hostname:home.baidu.com, new_link:/home/index/special/id/29
2017-09-16 16:00:57,435 - [root:63] - INFO - procotol:http, hostname:home.baidu.com, new_link:/home/index/special/id/34
2017-09-16 16:00:57,444 - [root:63] - INFO - procotol:http, hostname:home.baidu.com, new_link:/home/index/join_us
2017-09-16 16:00:57,448 - [root:63] - INFO - procotol:http, hostname:home.baidu.com, new_link:/home/index/company_culture
2017-09-16 16:00:57,450 - [root:63] - INFO - procotol:http, hostname:home.baidu.com, new_link:/home/index/company
2017-09-16 16:00:57,456 - [root:63] - INFO - procotol:http, hostname:home.baidu.com, new_link:/home/index/baidu_road
2017-09-16 16:00:57,467 - [root:63] - INFO - procotol:http, hostname:home.baidu.com, new_link:/home/index/management_team
2017-09-16 16:00:57,494 - [root:45] - INFO - url http://home.baidu.com/ is not match
2017-09-16 16:00:57,855 - [requests.packages.urllib3.connectionpool:207] - DEBUG - Starting new HTTP connection (1): www.baidu.comyinsiquan.html
2017-09-16 16:00:58,544 - [chardet.charsetprober:119] - DEBUG - IBM855 confidence = 0.0426394992682, below negative shortcut threshhold 0.05
2017-09-16 16:00:58,896 - [requests.packages.urllib3.connectionpool:818] - DEBUG - Starting new HTTPS connection (1): www.baidu.com
2017-09-16 16:00:59,007 - [root:77] - ERROR - Connection Error url http://www.baidu.comyinsiquan.html
2017-09-16 16:00:59,040 - [root:115] - ERROR - crawl url http://www.baidu.comyinsiquan.html failed, status code 4
2017-09-16 16:00:59,161 - [requests.packages.urllib3.connectionpool:395] - DEBUG - https://www.baidu.com:443 "GET /s?wd=%E6%9C%80%E4%B8%8D%E5%A5%BD%E5%AE%A2%E5%9B%BD%E5%AE%B6%E6%8E%92%E8%A1%8C HTTP/1.1" 200 227
2017-09-16 16:00:59,748 - [root:45] - INFO - url https://www.baidu.com/s?wd=%E6%9C%80%E4%B8%8D%E5%A5%BD%E5%AE%A2%E5%9B%BD%E5%AE%B6%E6%8E%92%E8%A1%8C is not match
2017-09-16 16:01:01,737 - [mini_spider.py:70] - INFO - Starting mini spider
2017-09-16 16:01:01,756 - [connectionpool.py:207] - DEBUG - Starting new HTTP connection (1): www.baidu.com
2017-09-16 16:01:01,775 - [connectionpool.py:395] - DEBUG - http://www.baidu.com:80 "GET / HTTP/1.1" 200 None
2017-09-16 16:01:01,792 - [webpage_crawler.py:105] - ERROR - url //www.baidu.com/more/ startswith //
2017-09-16 16:01:01,794 - [webpage_saver.py:45] - INFO - url http://www.baidu.com
 is not match
2017-09-16 16:01:01,802 - [connectionpool.py:207] - DEBUG - Starting new HTTP connection (1): map.baidu.com
2017-09-16 16:01:01,806 - [connectionpool.py:207] - DEBUG - Starting new HTTP connection (1): home.baidu.com
2017-09-16 16:01:01,813 - [connectionpool.py:207] - DEBUG - Starting new HTTP connection (1): www.hao123.com
2017-09-16 16:01:01,814 - [connectionpool.py:207] - DEBUG - Starting new HTTP connection (1): news.baidu.com
2017-09-16 16:01:01,815 - [connectionpool.py:207] - DEBUG - Starting new HTTP connection (1): ir.baidu.com
2017-09-16 16:01:01,816 - [connectionpool.py:207] - DEBUG - Starting new HTTP connection (1): tieba.baidu.com
2017-09-16 16:01:01,817 - [connectionpool.py:207] - DEBUG - Starting new HTTP connection (1): jianyi.baidu.com
2017-09-16 16:01:02,201 - [connectionpool.py:395] - DEBUG - http://jianyi.baidu.com:80 "GET / HTTP/1.1" 302 0
2017-09-16 16:01:02,202 - [connectionpool.py:395] - DEBUG - http://home.baidu.com:80 "GET / HTTP/1.1" 200 None
2017-09-16 16:01:02,210 - [connectionpool.py:207] - DEBUG - Starting new HTTP connection (1): help.baidu.com
2017-09-16 16:01:02,224 - [connectionpool.py:395] - DEBUG - http://news.baidu.com:80 "GET / HTTP/1.1" 200 None
2017-09-16 16:01:02,273 - [connectionpool.py:395] - DEBUG - http://map.baidu.com:80 "GET / HTTP/1.1" 200 None
2017-09-16 16:01:02,274 - [connectionpool.py:395] - DEBUG - http://tieba.baidu.com:80 "GET / HTTP/1.1" 302 0
2017-09-16 16:01:02,286 - [connectionpool.py:395] - DEBUG - http://www.hao123.com:80 "GET / HTTP/1.1" 200 None
2017-09-16 16:01:02,304 - [connectionpool.py:395] - DEBUG - http://help.baidu.com:80 "GET / HTTP/1.1" 200 None
2017-09-16 16:01:02,318 - [connectionpool.py:818] - DEBUG - Starting new HTTPS connection (1): tieba.baidu.com
2017-09-16 16:01:02,427 - [webpage_saver.py:45] - INFO - url http://map.baidu.com is not match
2017-09-16 16:01:02,657 - [connectionpool.py:395] - DEBUG - http://ir.baidu.com:80 "GET / HTTP/1.1" 302 749
2017-09-16 16:01:02,665 - [webpage_parser.py:63] - INFO - procotol:http, hostname:home.baidu.com, new_link:/home/index
2017-09-16 16:01:02,752 - [webpage_parser.py:63] - INFO - procotol:http, hostname:news.baidu.com, new_link:/
2017-09-16 16:01:02,753 - [webpage_parser.py:63] - INFO - procotol:http, hostname:home.baidu.com, new_link:/home/index
2017-09-16 16:01:02,756 - [webpage_parser.py:63] - INFO - procotol:http, hostname:jianyi.baidu.com, new_link:/index
2017-09-16 16:01:02,757 - [webpage_parser.py:63] - INFO - procotol:http, hostname:news.baidu.com, new_link:/guonei
2017-09-16 16:01:02,757 - [webpage_parser.py:63] - INFO - procotol:http, hostname:home.baidu.com, new_link:/home/index/join_us
2017-09-16 16:01:02,758 - [webpage_parser.py:63] - INFO - procotol:http, hostname:jianyi.baidu.com, new_link:/index
2017-09-16 16:01:02,758 - [webpage_parser.py:63] - INFO - procotol:http, hostname:news.baidu.com, new_link:/guoji
2017-09-16 16:01:02,759 - [webpage_parser.py:63] - INFO - procotol:http, hostname:home.baidu.com, new_link:/home/index/contact_us
2017-09-16 16:01:02,760 - [webpage_parser.py:63] - INFO - procotol:http, hostname:jianyi.baidu.com, new_link:/question?prod_id=1
2017-09-16 16:01:02,761 - [webpage_parser.py:63] - INFO - procotol:http, hostname:news.baidu.com, new_link:/mil
2017-09-16 16:01:02,763 - [webpage_parser.py:63] - INFO - procotol:http, hostname:home.baidu.com, new_link:/home/index
2017-09-16 16:01:02,765 - [webpage_parser.py:63] - INFO - procotol:http, hostname:jianyi.baidu.com, new_link:/question?prod_id=1
2017-09-16 16:01:02,766 - [webpage_parser.py:63] - INFO - procotol:http, hostname:news.baidu.com, new_link:/society
2017-09-16 16:01:02,767 - [webpage_parser.py:63] - INFO - procotol:http, hostname:home.baidu.com, new_link:/home/index/join_us
2017-09-16 16:01:02,770 - [webpage_parser.py:63] - INFO - procotol:http, hostname:jianyi.baidu.com, new_link:/question?prod_id=3
2017-09-16 16:01:02,771 - [webpage_parser.py:63] - INFO - procotol:http, hostname:home.baidu.com, new_link:/home/index/contact_us
2017-09-16 16:01:02,772 - [webpage_parser.py:63] - INFO - procotol:http, hostname:jianyi.baidu.com, new_link:/question?prod_id=3
2017-09-16 16:01:02,772 - [webpage_parser.py:63] - INFO - procotol:http, hostname:news.baidu.com, new_link:/finance
2017-09-16 16:01:02,773 - [webpage_parser.py:63] - INFO - procotol:http, hostname:home.baidu.com, new_link:/home/index/show_banner_content/id/48
2017-09-16 16:01:02,773 - [webpage_parser.py:63] - INFO - procotol:http, hostname:jianyi.baidu.com, new_link:/question?prod_id=4
2017-09-16 16:01:02,774 - [webpage_parser.py:63] - INFO - procotol:http, hostname:news.baidu.com, new_link:/ent
2017-09-16 16:01:02,775 - [webpage_parser.py:63] - INFO - procotol:http, hostname:home.baidu.com, new_link:/home/index/show_banner_content/id/15/type/mobile
2017-09-16 16:01:02,775 - [webpage_parser.py:63] - INFO - procotol:http, hostname:jianyi.baidu.com, new_link:/question?prod_id=4
2017-09-16 16:01:02,775 - [webpage_parser.py:63] - INFO - procotol:http, hostname:news.baidu.com, new_link:/sports
2017-09-16 16:01:02,776 - [webpage_parser.py:63] - INFO - procotol:http, hostname:home.baidu.com, new_link:/home/index/show_banner_content/id/38
2017-09-16 16:01:02,776 - [webpage_parser.py:63] - INFO - procotol:http, hostname:jianyi.baidu.com, new_link:/question?prod_id=9
2017-09-16 16:01:02,777 - [webpage_parser.py:63] - INFO - procotol:http, hostname:news.baidu.com, new_link:/internet
2017-09-16 16:01:02,777 - [webpage_parser.py:63] - INFO - procotol:http, hostname:home.baidu.com, new_link:/home/index/show_banner_content/id/47
2017-09-16 16:01:02,778 - [webpage_parser.py:63] - INFO - procotol:http, hostname:jianyi.baidu.com, new_link:/question?prod_id=9
2017-09-16 16:01:02,778 - [webpage_parser.py:63] - INFO - procotol:http, hostname:news.baidu.com, new_link:/tech
2017-09-16 16:01:02,779 - [webpage_parser.py:63] - INFO - procotol:http, hostname:home.baidu.com, new_link:/home/index/show_mobile_banner_content/id/64
2017-09-16 16:01:02,779 - [webpage_parser.py:63] - INFO - procotol:http, hostname:jianyi.baidu.com, new_link:/question?prod_id=28
2017-09-16 16:01:02,779 - [webpage_parser.py:63] - INFO - procotol:http, hostname:news.baidu.com, new_link:/game
2017-09-16 16:01:02,780 - [webpage_parser.py:63] - INFO - procotol:http, hostname:home.baidu.com, new_link:/home/index/show_mobile_banner_content/id/62
2017-09-16 16:01:02,781 - [webpage_parser.py:63] - INFO - procotol:http, hostname:jianyi.baidu.com, new_link:/question?prod_id=28
2017-09-16 16:01:02,782 - [webpage_parser.py:63] - INFO - procotol:http, hostname:news.baidu.com, new_link:/fashion
2017-09-16 16:01:02,872 - [webpage_parser.py:63] - INFO - procotol:http, hostname:home.baidu.com, new_link:/home/index/news_list
2017-09-16 16:01:02,903 - [connectionpool.py:395] - DEBUG - http://ir.baidu.com:80 "GET /phoenix.zhtml?c=188488&p=irol-irhome HTTP/1.1" 200 4209
2017-09-16 16:01:02,911 - [webpage_parser.py:63] - INFO - procotol:http, hostname:jianyi.baidu.com, new_link:/question?prod_id=10
2017-09-16 16:01:02,987 - [webpage_parser.py:63] - INFO - procotol:http, hostname:news.baidu.com, new_link:/lady
2017-09-16 16:01:02,990 - [webpage_parser.py:63] - INFO - procotol:http, hostname:www.hao123.com, new_link:javascript:;
2017-09-16 16:01:02,991 - [webpage_parser.py:63] - INFO - procotol:http, hostname:home.baidu.com, new_link:/home/index/news_detail/id/17714
2017-09-16 16:01:02,993 - [connectionpool.py:207] - DEBUG - Starting new HTTP connection (1): v.baidu.com
2017-09-16 16:01:02,994 - [webpage_parser.py:63] - INFO - procotol:http, hostname:news.baidu.com, new_link:/auto
2017-09-16 16:01:02,995 - [webpage_parser.py:63] - INFO - procotol:http, hostname:jianyi.baidu.com, new_link:/question?prod_id=10
2017-09-16 16:01:03,004 - [webpage_parser.py:63] - INFO - procotol:http, hostname:www.hao123.com, new_link:/api/ajax?skintype=0&toggle=1
2017-09-16 16:01:03,004 - [webpage_parser.py:63] - INFO - procotol:http, hostname:home.baidu.com, new_link:/home/index/news_detail/id/17713
2017-09-16 16:01:03,009 - [webpage_parser.py:63] - INFO - procotol:http, hostname:news.baidu.com, new_link:/house
2017-09-16 16:01:03,032 - [webpage_parser.py:63] - INFO - procotol:http, hostname:jianyi.baidu.com, new_link:/question?prod_id=29
2017-09-16 16:01:03,041 - [webpage_parser.py:63] - INFO - procotol:http, hostname:www.hao123.com, new_link:/api/ajax?menu=tv_kp
2017-09-16 16:01:03,041 - [webpage_parser.py:63] - INFO - procotol:http, hostname:home.baidu.com, new_link:/home/index/news_detail/id/17712
2017-09-16 16:01:03,043 - [webpage_parser.py:63] - INFO - procotol:http, hostname:ir.baidu.com, new_link:phoenix.zhtml?c=188488&p=irol-irhome
2017-09-16 16:01:03,043 - [webpage_parser.py:63] - INFO - procotol:http, hostname:news.baidu.com, new_link:/
2017-09-16 16:01:03,044 - [webpage_parser.py:63] - INFO - procotol:http, hostname:jianyi.baidu.com, new_link:/question?prod_id=29
2017-09-16 16:01:03,045 - [webpage_parser.py:63] - INFO - procotol:http, hostname:www.hao123.com, new_link:/api/ajax?menu=movie_kp
2017-09-16 16:01:03,045 - [webpage_parser.py:63] - INFO - procotol:http, hostname:home.baidu.com, new_link:/home/index/news_detail/id/17711
2017-09-16 16:01:03,046 - [webpage_parser.py:63] - INFO - procotol:http, hostname:ir.baidu.com, new_link:phoenix.zhtml?c=188488&p=irol-homeprofile
2017-09-16 16:01:03,047 - [webpage_parser.py:63] - INFO - procotol:http, hostname:news.baidu.com, new_link:/guonei
2017-09-16 16:01:03,047 - [webpage_parser.py:63] - INFO - procotol:http, hostname:jianyi.baidu.com, new_link:/question?prod_id=25
2017-09-16 16:01:03,048 - [webpage_parser.py:63] - INFO - procotol:http, hostname:www.hao123.com, new_link:/api/ajax?menu=news_kp
2017-09-16 16:01:03,048 - [webpage_parser.py:63] - INFO - procotol:http, hostname:home.baidu.com, new_link:/home/index/news_detail/id/17710
2017-09-16 16:01:03,049 - [webpage_parser.py:63] - INFO - procotol:http, hostname:ir.baidu.com, new_link:phoenix.zhtml?c=188488&p=irol-milestones
2017-09-16 16:01:03,050 - [webpage_parser.py:63] - INFO - procotol:http, hostname:news.baidu.com, new_link:/guoji
2017-09-16 16:01:03,050 - [webpage_parser.py:63] - INFO - procotol:http, hostname:jianyi.baidu.com, new_link:/question?prod_id=25
2017-09-16 16:01:03,050 - [webpage_parser.py:63] - INFO - procotol:http, hostname:www.hao123.com, new_link:/api/ajax?menu=bagua_kp
2017-09-16 16:01:03,052 - [webpage_parser.py:63] - INFO - procotol:http, hostname:home.baidu.com, new_link:/home/index/news_detail/id/17709
2017-09-16 16:01:03,053 - [webpage_parser.py:63] - INFO - procotol:http, hostname:ir.baidu.com, new_link:phoenix.zhtml?c=188488&p=irol-govmanage
2017-09-16 16:01:03,053 - [webpage_parser.py:63] - INFO - procotol:http, hostname:news.baidu.com, new_link:/mil
2017-09-16 16:01:03,054 - [webpage_parser.py:63] - INFO - procotol:http, hostname:jianyi.baidu.com, new_link:/question?prod_id=12
2017-09-16 16:01:03,054 - [webpage_parser.py:63] - INFO - procotol:http, hostname:www.hao123.com, new_link:/api/ajax?menu=military_kp
2017-09-16 16:01:03,055 - [webpage_parser.py:63] - INFO - procotol:http, hostname:home.baidu.com, new_link:/home/index/news_list
2017-09-16 16:01:03,055 - [webpage_parser.py:63] - INFO - procotol:http, hostname:ir.baidu.com, new_link:phoenix.zhtml?c=188488&p=irol-govboard
2017-09-16 16:01:03,056 - [webpage_parser.py:63] - INFO - procotol:http, hostname:news.baidu.com, new_link:/society
2017-09-16 16:01:03,056 - [webpage_parser.py:63] - INFO - procotol:http, hostname:jianyi.baidu.com, new_link:/question?prod_id=12
2017-09-16 16:01:03,056 - [webpage_parser.py:63] - INFO - procotol:http, hostname:www.hao123.com, new_link:/api/ajax?menu=game_kp
2017-09-16 16:01:03,057 - [webpage_parser.py:63] - INFO - procotol:http, hostname:home.baidu.com, new_link:/home/index/special/id/40
2017-09-16 16:01:03,057 - [webpage_parser.py:63] - INFO - procotol:http, hostname:ir.baidu.com, new_link:phoenix.zhtml?c=188488&p=irol-news
2017-09-16 16:01:03,058 - [webpage_parser.py:63] - INFO - procotol:http, hostname:news.baidu.com, new_link:/finance
2017-09-16 16:01:03,058 - [webpage_parser.py:63] - INFO - procotol:http, hostname:jianyi.baidu.com, new_link:/question?prod_id=6
2017-09-16 16:01:03,059 - [webpage_parser.py:63] - INFO - procotol:http, hostname:www.hao123.com, new_link:/api/ajax?menu=xyx_kp
2017-09-16 16:01:03,059 - [webpage_parser.py:63] - INFO - procotol:http, hostname:home.baidu.com, new_link:/home/index/special/id/29
2017-09-16 16:01:03,060 - [webpage_parser.py:63] - INFO - procotol:http, hostname:ir.baidu.com, new_link:phoenix.zhtml?c=188488&p=irol-reportsannual
2017-09-16 16:01:03,060 - [webpage_parser.py:63] - INFO - procotol:http, hostname:news.baidu.com, new_link:/ent
2017-09-16 16:01:03,061 - [webpage_parser.py:63] - INFO - procotol:http, hostname:jianyi.baidu.com, new_link:/question?prod_id=6
2017-09-16 16:01:03,061 - [webpage_parser.py:63] - INFO - procotol:http, hostname:www.hao123.com, new_link:/api/ajax?menu=tejia_kp
2017-09-16 16:01:03,061 - [webpage_parser.py:63] - INFO - procotol:http, hostname:home.baidu.com, new_link:/home/index/special/id/34
2017-09-16 16:01:03,062 - [webpage_parser.py:63] - INFO - procotol:http, hostname:ir.baidu.com, new_link:phoenix.zhtml?c=188488&p=irol-presentations
2017-09-16 16:01:03,063 - [webpage_parser.py:63] - INFO - procotol:http, hostname:news.baidu.com, new_link:/sports
2017-09-16 16:01:03,063 - [webpage_parser.py:63] - INFO - procotol:http, hostname:jianyi.baidu.com, new_link:/question?prod_id=2
2017-09-16 16:01:03,063 - [webpage_parser.py:63] - INFO - procotol:http, hostname:www.hao123.com, new_link:/api/ajax?menu=travel_kp
2017-09-16 16:01:03,064 - [webpage_parser.py:63] - INFO - procotol:http, hostname:home.baidu.com, new_link:/home/index/join_us
2017-09-16 16:01:03,065 - [webpage_parser.py:63] - INFO - procotol:http, hostname:ir.baidu.com, new_link:phoenix.zhtml?c=188488&p=irol-stockquote
2017-09-16 16:01:03,065 - [webpage_parser.py:63] - INFO - procotol:http, hostname:news.baidu.com, new_link:/internet
2017-09-16 16:01:03,066 - [webpage_parser.py:63] - INFO - procotol:http, hostname:jianyi.baidu.com, new_link:/question?prod_id=2
2017-09-16 16:01:03,066 - [webpage_parser.py:63] - INFO - procotol:http, hostname:www.hao123.com, new_link:/api/ajax?menu=auto_kp
2017-09-16 16:01:03,069 - [webpage_parser.py:63] - INFO - procotol:http, hostname:home.baidu.com, new_link:/home/index/company_culture
2017-09-16 16:01:03,070 - [webpage_parser.py:63] - INFO - procotol:http, hostname:ir.baidu.com, new_link:phoenix.zhtml?c=188488&p=irol-sec
2017-09-16 16:01:03,070 - [webpage_parser.py:63] - INFO - procotol:http, hostname:news.baidu.com, new_link:/tech
2017-09-16 16:01:03,071 - [webpage_parser.py:63] - INFO - procotol:http, hostname:jianyi.baidu.com, new_link:#1
2017-09-16 16:01:03,072 - [webpage_parser.py:63] - INFO - procotol:http, hostname:www.hao123.com, new_link:/api/gettop/?t0=1
2017-09-16 16:01:03,073 - [webpage_parser.py:63] - INFO - procotol:http, hostname:home.baidu.com, new_link:/home/index/company
2017-09-16 16:01:03,073 - [webpage_parser.py:63] - INFO - procotol:http, hostname:ir.baidu.com, new_link:phoenix.zhtml?c=188488&p=irol-analysts
2017-09-16 16:01:03,074 - [webpage_parser.py:63] - INFO - procotol:http, hostname:news.baidu.com, new_link:/game
2017-09-16 16:01:03,074 - [webpage_parser.py:63] - INFO - procotol:http, hostname:jianyi.baidu.com, new_link:#2
2017-09-16 16:01:03,074 - [webpage_parser.py:63] - INFO - procotol:http, hostname:www.hao123.com, new_link:/api/gettop/?t0=2
2017-09-16 16:01:03,075 - [webpage_parser.py:63] - INFO - procotol:http, hostname:home.baidu.com, new_link:/home/index/baidu_road
2017-09-16 16:01:03,075 - [webpage_parser.py:63] - INFO - procotol:http, hostname:ir.baidu.com, new_link:phoenix.zhtml?c=188488&p=irol-calendar
2017-09-16 16:01:03,075 - [webpage_parser.py:63] - INFO - procotol:http, hostname:news.baidu.com, new_link:/fashion
2017-09-16 16:01:03,076 - [webpage_parser.py:63] - INFO - procotol:http, hostname:jianyi.baidu.com, new_link:#3
2017-09-16 16:01:03,076 - [webpage_parser.py:63] - INFO - procotol:http, hostname:www.hao123.com, new_link:/api/gettop/?t0=3
2017-09-16 16:01:03,077 - [webpage_parser.py:63] - INFO - procotol:http, hostname:home.baidu.com, new_link:/home/index/management_team
2017-09-16 16:01:03,077 - [webpage_parser.py:63] - INFO - procotol:http, hostname:ir.baidu.com, new_link:phoenix.zhtml?c=188488&p=irol-faq
2017-09-16 16:01:03,077 - [webpage_parser.py:63] - INFO - procotol:http, hostname:news.baidu.com, new_link:/lady
2017-09-16 16:01:03,078 - [webpage_parser.py:63] - INFO - procotol:http, hostname:jianyi.baidu.com, new_link:#4
2017-09-16 16:01:03,078 - [webpage_parser.py:63] - INFO - procotol:http, hostname:www.hao123.com, new_link:/api/gettop/?t0=4
2017-09-16 16:01:03,082 - [webpage_parser.py:63] - INFO - procotol:http, hostname:ir.baidu.com, new_link:phoenix.zhtml?c=188488&p=irol-govhighlights
2017-09-16 16:01:03,084 - [webpage_saver.py:45] - INFO - url http://home.baidu.com is not match
2017-09-16 16:01:03,085 - [webpage_parser.py:63] - INFO - procotol:http, hostname:news.baidu.com, new_link:/auto
2017-09-16 16:01:03,085 - [webpage_parser.py:63] - INFO - procotol:http, hostname:jianyi.baidu.com, new_link:#5
2017-09-16 16:01:03,087 - [webpage_parser.py:63] - INFO - procotol:http, hostname:www.hao123.com, new_link:javascript:void(0);
2017-09-16 16:01:03,088 - [webpage_parser.py:63] - INFO - procotol:http, hostname:ir.baidu.com, new_link:phoenix.zhtml?c=188488&p=irol-searchservices
2017-09-16 16:01:03,091 - [webpage_parser.py:63] - INFO - procotol:http, hostname:news.baidu.com, new_link:/house
2017-09-16 16:01:03,091 - [webpage_parser.py:63] - INFO - procotol:http, hostname:jianyi.baidu.com, new_link:#6
2017-09-16 16:01:03,092 - [webpage_parser.py:63] - INFO - procotol:http, hostname:www.hao123.com, new_link:javascript:void(0);
2017-09-16 16:01:03,093 - [webpage_parser.py:63] - INFO - procotol:http, hostname:ir.baidu.com, new_link:phoenix.zhtml?c=188488&p=irol-transactointservices
2017-09-16 16:01:03,096 - [webpage_parser.py:63] - INFO - procotol:http, hostname:news.baidu.com, new_link:javascript:;
2017-09-16 16:01:03,096 - [webpage_parser.py:63] - INFO - procotol:http, hostname:jianyi.baidu.com, new_link:#7
2017-09-16 16:01:03,097 - [webpage_parser.py:63] - INFO - procotol:http, hostname:www.hao123.com, new_link:javascript:void(0);
2017-09-16 16:01:03,097 - [webpage_parser.py:63] - INFO - procotol:http, hostname:ir.baidu.com, new_link:phoenix.zhtml?c=188488&p=irol-iqiyi
2017-09-16 16:01:03,098 - [webpage_parser.py:63] - INFO - procotol:http, hostname:news.baidu.com, new_link:javascript:;
2017-09-16 16:01:03,098 - [webpage_parser.py:63] - INFO - procotol:http, hostname:jianyi.baidu.com, new_link:/question?prod_id=1
2017-09-16 16:01:03,102 - [webpage_parser.py:63] - INFO - procotol:http, hostname:ir.baidu.com, new_link:phoenix.zhtml?c=188488&p=irol-contacts
2017-09-16 16:01:03,107 - [webpage_parser.py:63] - INFO - procotol:http, hostname:news.baidu.com, new_link:javascript:;
2017-09-16 16:01:03,108 - [webpage_parser.py:63] - INFO - procotol:http, hostname:jianyi.baidu.com, new_link:/question?prod_id=1
2017-09-16 16:01:03,109 - [webpage_parser.py:63] - INFO - procotol:http, hostname:ir.baidu.com, new_link:phoenix.zhtml?c=188488&p=irol-ipp
2017-09-16 16:01:03,111 - [webpage_parser.py:63] - INFO - procotol:http, hostname:news.baidu.com, new_link:javascript:;
2017-09-16 16:01:03,111 - [webpage_parser.py:63] - INFO - procotol:http, hostname:jianyi.baidu.com, new_link:/question?prod_id=2
2017-09-16 16:01:03,112 - [webpage_parser.py:63] - INFO - procotol:http, hostname:ir.baidu.com, new_link:phoenix.zhtml?c=188488&p=irol-searchengine
2017-09-16 16:01:03,114 - [webpage_parser.py:63] - INFO - procotol:http, hostname:news.baidu.com, new_link:javascript:;
2017-09-16 16:01:03,114 - [webpage_parser.py:63] - INFO - procotol:http, hostname:jianyi.baidu.com, new_link:/question?prod_id=2
2017-09-16 16:01:03,116 - [webpage_parser.py:63] - INFO - procotol:http, hostname:ir.baidu.com, new_link:phoenix.zhtml?c=188488&p=irol-alerts
2017-09-16 16:01:03,118 - [webpage_parser.py:63] - INFO - procotol:http, hostname:news.baidu.com, new_link:javascript:;
2017-09-16 16:01:03,120 - [webpage_parser.py:63] - INFO - procotol:http, hostname:jianyi.baidu.com, new_link:/question?prod_id=7
2017-09-16 16:01:03,126 - [webpage_parser.py:63] - INFO - procotol:http, hostname:ir.baidu.com, new_link:phoenix.zhtml?c=188488&p=irol-homeprofile
2017-09-16 16:01:03,129 - [webpage_parser.py:63] - INFO - procotol:http, hostname:news.baidu.com, new_link:javascript:void(0);
2017-09-16 16:01:03,137 - [webpage_parser.py:63] - INFO - procotol:http, hostname:news.baidu.com, new_link:javascript:void(0);
2017-09-16 16:01:03,138 - [webpage_parser.py:63] - INFO - procotol:http, hostname:jianyi.baidu.com, new_link:/question?prod_id=7
2017-09-16 16:01:03,139 - [webpage_parser.py:63] - INFO - procotol:http, hostname:ir.baidu.com, new_link:phoenix.zhtml?c=188488&p=irol-news
2017-09-16 16:01:03,140 - [webpage_parser.py:63] - INFO - procotol:http, hostname:news.baidu.com, new_link:javascript:void(0)
2017-09-16 16:01:03,143 - [webpage_saver.py:45] - INFO - url http://www.hao123.com is not match
2017-09-16 16:01:03,146 - [webpage_parser.py:63] - INFO - procotol:http, hostname:jianyi.baidu.com, new_link:/question?prod_id=18
2017-09-16 16:01:03,147 - [webpage_parser.py:63] - INFO - procotol:http, hostname:ir.baidu.com, new_link:phoenix.zhtml?c=188488&p=irol-newsArticle&ID=2295394
2017-09-16 16:01:03,148 - [webpage_parser.py:63] - INFO - procotol:http, hostname:news.baidu.com, new_link:javascript:void(0)
2017-09-16 16:01:03,152 - [webpage_parser.py:63] - INFO - procotol:http, hostname:jianyi.baidu.com, new_link:/question?prod_id=18
2017-09-16 16:01:03,154 - [webpage_parser.py:63] - INFO - procotol:http, hostname:ir.baidu.com, new_link:phoenix.zhtml?c=188488&p=irol-newsArticle&ID=2294188
2017-09-16 16:01:03,154 - [webpage_parser.py:63] - INFO - procotol:http, hostname:news.baidu.com, new_link:javascript:void(0)
2017-09-16 16:01:03,156 - [webpage_parser.py:63] - INFO - procotol:http, hostname:jianyi.baidu.com, new_link:/question?prod_id=4
2017-09-16 16:01:03,156 - [webpage_parser.py:63] - INFO - procotol:http, hostname:ir.baidu.com, new_link:phoenix.zhtml?c=188488&p=irol-newsArticle&ID=2289721
2017-09-16 16:01:03,158 - [webpage_parser.py:63] - INFO - procotol:http, hostname:news.baidu.com, new_link:javascript:void(0)
2017-09-16 16:01:03,160 - [webpage_parser.py:63] - INFO - procotol:http, hostname:jianyi.baidu.com, new_link:/question?prod_id=4
2017-09-16 16:01:03,161 - [webpage_parser.py:63] - INFO - procotol:http, hostname:ir.baidu.com, new_link:phoenix.zhtml?c=188488&p=irol-reportsannual
2017-09-16 16:01:03,162 - [webpage_parser.py:63] - INFO - procotol:http, hostname:news.baidu.com, new_link:javascript:void(0)
2017-09-16 16:01:03,162 - [webpage_parser.py:63] - INFO - procotol:http, hostname:jianyi.baidu.com, new_link:/question?prod_id=5
2017-09-16 16:01:03,163 - [webpage_parser.py:63] - INFO - procotol:http, hostname:ir.baidu.com, new_link:phoenix.zhtml?c=188488&p=irol-calendar
2017-09-16 16:01:03,163 - [webpage_parser.py:63] - INFO - procotol:http, hostname:news.baidu.com, new_link:javascript:void(0)
2017-09-16 16:01:03,164 - [webpage_parser.py:63] - INFO - procotol:http, hostname:jianyi.baidu.com, new_link:/question?prod_id=5
2017-09-16 16:01:03,164 - [webpage_parser.py:63] - INFO - procotol:http, hostname:ir.baidu.com, new_link:phoenix.zhtml?c=188488&p=irol-sec
2017-09-16 16:01:03,164 - [webpage_parser.py:63] - INFO - procotol:http, hostname:news.baidu.com, new_link:javascript:void(0)
2017-09-16 16:01:03,165 - [webpage_parser.py:63] - INFO - procotol:http, hostname:jianyi.baidu.com, new_link:/question?prod_id=6
2017-09-16 16:01:03,167 - [webpage_parser.py:63] - INFO - procotol:http, hostname:ir.baidu.com, new_link:phoenix.zhtml?c=188488&p=irol-stockquote
2017-09-16 16:01:03,169 - [webpage_parser.py:63] - INFO - procotol:http, hostname:news.baidu.com, new_link:javascript:void(0)
2017-09-16 16:01:03,170 - [webpage_parser.py:63] - INFO - procotol:http, hostname:jianyi.baidu.com, new_link:/question?prod_id=6
2017-09-16 16:01:03,171 - [webpage_parser.py:63] - INFO - procotol:http, hostname:news.baidu.com, new_link:/n?cmd=1&class=reci
2017-09-16 16:01:03,171 - [webpage_parser.py:63] - INFO - procotol:http, hostname:ir.baidu.com, new_link:phoenix.zhtml?c=188488&p=irol-faq
2017-09-16 16:01:03,173 - [webpage_parser.py:63] - INFO - procotol:http, hostname:jianyi.baidu.com, new_link:/question?prod_id=159
2017-09-16 16:01:03,176 - [webpage_parser.py:63] - INFO - procotol:http, hostname:news.baidu.com, new_link:javascript:void(0)
2017-09-16 16:01:03,176 - [webpage_parser.py:63] - INFO - procotol:http, hostname:ir.baidu.com, new_link:phoenix.zhtml?c=188488&p=irol-alerts
2017-09-16 16:01:03,177 - [webpage_parser.py:63] - INFO - procotol:http, hostname:jianyi.baidu.com, new_link:/question?prod_id=159
2017-09-16 16:01:03,177 - [webpage_parser.py:63] - INFO - procotol:http, hostname:news.baidu.com, new_link:javascript:void(0)
2017-09-16 16:01:03,178 - [webpage_parser.py:63] - INFO - procotol:http, hostname:ir.baidu.com, new_link:phoenix.zhtml?c=188488&p=irol-govhighlights
2017-09-16 16:01:03,178 - [connectionpool.py:395] - DEBUG - https://tieba.baidu.com:443 "GET /index.html HTTP/1.1" 200 None
2017-09-16 16:01:03,179 - [webpage_parser.py:63] - INFO - procotol:http, hostname:jianyi.baidu.com, new_link:/question?prod_id=58
2017-09-16 16:01:03,180 - [webpage_parser.py:63] - INFO - procotol:http, hostname:news.baidu.com, new_link:javascript:void(0)
2017-09-16 16:01:03,181 - [webpage_parser.py:63] - INFO - procotol:http, hostname:ir.baidu.com, new_link:phoenix.zhtml?c=188488&p=irol-analysts
2017-09-16 16:01:03,184 - [webpage_parser.py:63] - INFO - procotol:http, hostname:jianyi.baidu.com, new_link:/question?prod_id=58
2017-09-16 16:01:03,185 - [webpage_parser.py:63] - INFO - procotol:http, hostname:news.baidu.com, new_link:/n?cmd=6&loc=0&name=%B8%DB%B0%C4%CC%A8&locname=%B8%DB%B0%C4%CC%A8
2017-09-16 16:01:03,185 - [webpage_parser.py:63] - INFO - procotol:http, hostname:ir.baidu.com, new_link:phoenix.zhtml?c=188488&p=irol-contacts
2017-09-16 16:01:03,186 - [webpage_parser.py:63] - INFO - procotol:http, hostname:jianyi.baidu.com, new_link:/question?prod_id=171
2017-09-16 16:01:03,186 - [webpage_parser.py:63] - INFO - procotol:http, hostname:news.baidu.com, new_link:javascript:;
2017-09-16 16:01:03,186 - [webpage_parser.py:63] - INFO - procotol:http, hostname:ir.baidu.com, new_link:phoenix.zhtml?c=188488&p=disclaimer
2017-09-16 16:01:03,187 - [webpage_parser.py:63] - INFO - procotol:http, hostname:jianyi.baidu.com, new_link:/question?prod_id=171
2017-09-16 16:01:03,187 - [webpage_parser.py:63] - INFO - procotol:http, hostname:news.baidu.com, new_link:javascript:;
2017-09-16 16:01:03,188 - [webpage_parser.py:63] - INFO - procotol:http, hostname:ir.baidu.com, new_link:phoenix.zhtml?c=188488&p=privacy
2017-09-16 16:01:03,188 - [webpage_parser.py:63] - INFO - procotol:http, hostname:jianyi.baidu.com, new_link:/question?prod_id=69
2017-09-16 16:01:03,189 - [webpage_parser.py:63] - INFO - procotol:http, hostname:news.baidu.com, new_link:javascript:;
2017-09-16 16:01:03,189 - [webpage_parser.py:63] - INFO - procotol:http, hostname:jianyi.baidu.com, new_link:/question?prod_id=69
2017-09-16 16:01:03,190 - [webpage_parser.py:63] - INFO - procotol:http, hostname:news.baidu.com, new_link:javascript:;
2017-09-16 16:01:03,191 - [webpage_parser.py:63] - INFO - procotol:http, hostname:jianyi.baidu.com, new_link:/question?prod_id=8
2017-09-16 16:01:03,193 - [webpage_parser.py:63] - INFO - procotol:http, hostname:jianyi.baidu.com, new_link:/question?prod_id=8
2017-09-16 16:01:03,193 - [webpage_parser.py:63] - INFO - procotol:http, hostname:jianyi.baidu.com, new_link:/question?prod_id=92
2017-09-16 16:01:03,194 - [webpage_parser.py:63] - INFO - procotol:http, hostname:jianyi.baidu.com, new_link:/question?prod_id=92
2017-09-16 16:01:03,194 - [webpage_parser.py:63] - INFO - procotol:http, hostname:jianyi.baidu.com, new_link:/question?prod_id=24
2017-09-16 16:01:03,195 - [webpage_parser.py:63] - INFO - procotol:http, hostname:jianyi.baidu.com, new_link:/question?prod_id=24
2017-09-16 16:01:03,195 - [webpage_parser.py:63] - INFO - procotol:http, hostname:jianyi.baidu.com, new_link:/question?prod_id=113
2017-09-16 16:01:03,196 - [webpage_parser.py:63] - INFO - procotol:http, hostname:jianyi.baidu.com, new_link:/question?prod_id=113
2017-09-16 16:01:03,196 - [webpage_parser.py:63] - INFO - procotol:http, hostname:jianyi.baidu.com, new_link:/question?prod_id=16
2017-09-16 16:01:03,196 - [webpage_parser.py:63] - INFO - procotol:http, hostname:jianyi.baidu.com, new_link:/question?prod_id=16
2017-09-16 16:01:03,197 - [webpage_parser.py:63] - INFO - procotol:http, hostname:jianyi.baidu.com, new_link:/question?prod_id=12
2017-09-16 16:01:03,197 - [webpage_parser.py:63] - INFO - procotol:http, hostname:jianyi.baidu.com, new_link:/question?prod_id=12
2017-09-16 16:01:03,198 - [webpage_parser.py:63] - INFO - procotol:http, hostname:jianyi.baidu.com, new_link:/question?prod_id=10
2017-09-16 16:01:03,198 - [webpage_parser.py:63] - INFO - procotol:http, hostname:jianyi.baidu.com, new_link:/question?prod_id=10
2017-09-16 16:01:03,199 - [webpage_parser.py:63] - INFO - procotol:http, hostname:jianyi.baidu.com, new_link:/question?prod_id=3
2017-09-16 16:01:03,199 - [webpage_parser.py:63] - INFO - procotol:http, hostname:jianyi.baidu.com, new_link:/question?prod_id=3
2017-09-16 16:01:03,200 - [webpage_parser.py:63] - INFO - procotol:http, hostname:jianyi.baidu.com, new_link:/question?prod_id=9
2017-09-16 16:01:03,200 - [webpage_parser.py:63] - INFO - procotol:http, hostname:jianyi.baidu.com, new_link:/question?prod_id=9
2017-09-16 16:01:03,200 - [webpage_parser.py:63] - INFO - procotol:http, hostname:jianyi.baidu.com, new_link:/question?prod_id=17
2017-09-16 16:01:03,201 - [webpage_parser.py:63] - INFO - procotol:http, hostname:jianyi.baidu.com, new_link:/question?prod_id=17
2017-09-16 16:01:03,201 - [webpage_parser.py:63] - INFO - procotol:http, hostname:jianyi.baidu.com, new_link:/question?prod_id=31
2017-09-16 16:01:03,202 - [webpage_parser.py:63] - INFO - procotol:http, hostname:jianyi.baidu.com, new_link:/question?prod_id=31
2017-09-16 16:01:03,202 - [webpage_parser.py:63] - INFO - procotol:http, hostname:jianyi.baidu.com, new_link:/question?prod_id=13
2017-09-16 16:01:03,202 - [webpage_parser.py:63] - INFO - procotol:http, hostname:jianyi.baidu.com, new_link:/question?prod_id=13
2017-09-16 16:01:03,203 - [webpage_parser.py:63] - INFO - procotol:http, hostname:jianyi.baidu.com, new_link:/question?prod_id=117
2017-09-16 16:01:03,203 - [webpage_parser.py:63] - INFO - procotol:http, hostname:jianyi.baidu.com, new_link:/question?prod_id=117
2017-09-16 16:01:03,205 - [webpage_parser.py:63] - INFO - procotol:http, hostname:jianyi.baidu.com, new_link:/question?prod_id=27
2017-09-16 16:01:03,206 - [webpage_parser.py:63] - INFO - procotol:http, hostname:jianyi.baidu.com, new_link:/question?prod_id=27
2017-09-16 16:01:03,207 - [webpage_parser.py:63] - INFO - procotol:http, hostname:jianyi.baidu.com, new_link:/question?prod_id=147
2017-09-16 16:01:03,207 - [webpage_parser.py:63] - INFO - procotol:http, hostname:jianyi.baidu.com, new_link:/question?prod_id=147
2017-09-16 16:01:03,208 - [webpage_parser.py:63] - INFO - procotol:http, hostname:jianyi.baidu.com, new_link:/question?prod_id=25
2017-09-16 16:01:03,208 - [webpage_parser.py:63] - INFO - procotol:http, hostname:jianyi.baidu.com, new_link:/question?prod_id=25
2017-09-16 16:01:03,209 - [webpage_parser.py:63] - INFO - procotol:http, hostname:jianyi.baidu.com, new_link:/question?prod_id=29
2017-09-16 16:01:03,209 - [webpage_parser.py:63] - INFO - procotol:http, hostname:jianyi.baidu.com, new_link:/question?prod_id=29
2017-09-16 16:01:03,210 - [webpage_parser.py:63] - INFO - procotol:http, hostname:jianyi.baidu.com, new_link:/question?prod_id=176
2017-09-16 16:01:03,210 - [webpage_parser.py:63] - INFO - procotol:http, hostname:jianyi.baidu.com, new_link:/question?prod_id=176
2017-09-16 16:01:03,210 - [webpage_saver.py:45] - INFO - url http://ir.baidu.com is not match
2017-09-16 16:01:03,211 - [webpage_parser.py:63] - INFO - procotol:http, hostname:jianyi.baidu.com, new_link:/question?prod_id=131
2017-09-16 16:01:03,212 - [webpage_parser.py:63] - INFO - procotol:http, hostname:jianyi.baidu.com, new_link:/question?prod_id=131
2017-09-16 16:01:03,215 - [webpage_parser.py:63] - INFO - procotol:http, hostname:jianyi.baidu.com, new_link:/question?prod_id=95
2017-09-16 16:01:03,216 - [webpage_parser.py:63] - INFO - procotol:http, hostname:jianyi.baidu.com, new_link:/question?prod_id=95
2017-09-16 16:01:03,216 - [webpage_saver.py:45] - INFO - url http://news.baidu.com is not match
2017-09-16 16:01:03,217 - [webpage_parser.py:63] - INFO - procotol:http, hostname:jianyi.baidu.com, new_link:/question?prod_id=60
2017-09-16 16:01:03,218 - [webpage_parser.py:63] - INFO - procotol:http, hostname:jianyi.baidu.com, new_link:/question?prod_id=60
2017-09-16 16:01:03,218 - [webpage_parser.py:63] - INFO - procotol:http, hostname:jianyi.baidu.com, new_link:/question?prod_id=64
2017-09-16 16:01:03,219 - [webpage_parser.py:63] - INFO - procotol:http, hostname:jianyi.baidu.com, new_link:/question?prod_id=64
2017-09-16 16:01:03,220 - [webpage_parser.py:63] - INFO - procotol:http, hostname:jianyi.baidu.com, new_link:/question?prod_id=62
2017-09-16 16:01:03,221 - [webpage_parser.py:63] - INFO - procotol:http, hostname:jianyi.baidu.com, new_link:/question?prod_id=62
2017-09-16 16:01:03,221 - [webpage_parser.py:63] - INFO - procotol:http, hostname:jianyi.baidu.com, new_link:/question?prod_id=98
2017-09-16 16:01:03,221 - [webpage_parser.py:63] - INFO - procotol:http, hostname:jianyi.baidu.com, new_link:/question?prod_id=98
2017-09-16 16:01:03,222 - [webpage_parser.py:63] - INFO - procotol:http, hostname:jianyi.baidu.com, new_link:/question?prod_id=99
2017-09-16 16:01:03,222 - [webpage_parser.py:63] - INFO - procotol:http, hostname:jianyi.baidu.com, new_link:/question?prod_id=99
2017-09-16 16:01:03,222 - [webpage_parser.py:63] - INFO - procotol:http, hostname:jianyi.baidu.com, new_link:/question?prod_id=100
2017-09-16 16:01:03,223 - [webpage_parser.py:63] - INFO - procotol:http, hostname:jianyi.baidu.com, new_link:/question?prod_id=100
2017-09-16 16:01:03,223 - [webpage_parser.py:63] - INFO - procotol:http, hostname:jianyi.baidu.com, new_link:/question?prod_id=66
2017-09-16 16:01:03,224 - [webpage_parser.py:63] - INFO - procotol:http, hostname:jianyi.baidu.com, new_link:/question?prod_id=66
2017-09-16 16:01:03,225 - [webpage_parser.py:63] - INFO - procotol:http, hostname:jianyi.baidu.com, new_link:/question?prod_id=102
2017-09-16 16:01:03,225 - [webpage_parser.py:63] - INFO - procotol:http, hostname:jianyi.baidu.com, new_link:/question?prod_id=102
2017-09-16 16:01:03,226 - [webpage_parser.py:63] - INFO - procotol:http, hostname:jianyi.baidu.com, new_link:/question?prod_id=120
2017-09-16 16:01:03,226 - [webpage_parser.py:63] - INFO - procotol:http, hostname:jianyi.baidu.com, new_link:/question?prod_id=120
2017-09-16 16:01:03,227 - [webpage_parser.py:63] - INFO - procotol:http, hostname:jianyi.baidu.com, new_link:/question?prod_id=59
2017-09-16 16:01:03,227 - [webpage_parser.py:63] - INFO - procotol:http, hostname:jianyi.baidu.com, new_link:/question?prod_id=59
2017-09-16 16:01:03,227 - [webpage_parser.py:63] - INFO - procotol:http, hostname:jianyi.baidu.com, new_link:/question?prod_id=40
2017-09-16 16:01:03,227 - [webpage_parser.py:63] - INFO - procotol:http, hostname:jianyi.baidu.com, new_link:/question?prod_id=40
2017-09-16 16:01:03,228 - [webpage_parser.py:63] - INFO - procotol:http, hostname:jianyi.baidu.com, new_link:/question?prod_id=103
2017-09-16 16:01:03,228 - [webpage_parser.py:63] - INFO - procotol:http, hostname:jianyi.baidu.com, new_link:/question?prod_id=103
2017-09-16 16:01:03,228 - [webpage_parser.py:63] - INFO - procotol:http, hostname:jianyi.baidu.com, new_link:/question?prod_id=41
2017-09-16 16:01:03,229 - [webpage_parser.py:63] - INFO - procotol:http, hostname:jianyi.baidu.com, new_link:/question?prod_id=41
2017-09-16 16:01:03,229 - [webpage_parser.py:63] - INFO - procotol:http, hostname:jianyi.baidu.com, new_link:/question?prod_id=150
2017-09-16 16:01:03,229 - [webpage_parser.py:63] - INFO - procotol:http, hostname:jianyi.baidu.com, new_link:/question?prod_id=150
2017-09-16 16:01:03,230 - [webpage_parser.py:63] - INFO - procotol:http, hostname:jianyi.baidu.com, new_link:/question?prod_id=167
2017-09-16 16:01:03,230 - [webpage_parser.py:63] - INFO - procotol:http, hostname:jianyi.baidu.com, new_link:/question?prod_id=167
2017-09-16 16:01:03,231 - [webpage_parser.py:63] - INFO - procotol:http, hostname:jianyi.baidu.com, new_link:/question?prod_id=200
2017-09-16 16:01:03,231 - [webpage_parser.py:63] - INFO - procotol:http, hostname:jianyi.baidu.com, new_link:/question?prod_id=200
2017-09-16 16:01:03,231 - [webpage_parser.py:63] - INFO - procotol:http, hostname:jianyi.baidu.com, new_link:/question?prod_id=28
2017-09-16 16:01:03,232 - [webpage_parser.py:63] - INFO - procotol:http, hostname:jianyi.baidu.com, new_link:/question?prod_id=28
2017-09-16 16:01:03,232 - [webpage_parser.py:63] - INFO - procotol:http, hostname:jianyi.baidu.com, new_link:/question?prod_id=26
2017-09-16 16:01:03,232 - [webpage_parser.py:63] - INFO - procotol:http, hostname:jianyi.baidu.com, new_link:/question?prod_id=26
2017-09-16 16:01:03,233 - [webpage_parser.py:63] - INFO - procotol:http, hostname:jianyi.baidu.com, new_link:/question?prod_id=15
2017-09-16 16:01:03,233 - [webpage_parser.py:63] - INFO - procotol:http, hostname:jianyi.baidu.com, new_link:/question?prod_id=15
2017-09-16 16:01:03,233 - [webpage_parser.py:63] - INFO - procotol:http, hostname:jianyi.baidu.com, new_link:/question?prod_id=23
2017-09-16 16:01:03,234 - [webpage_parser.py:63] - INFO - procotol:http, hostname:jianyi.baidu.com, new_link:/question?prod_id=23
2017-09-16 16:01:03,234 - [webpage_parser.py:63] - INFO - procotol:http, hostname:jianyi.baidu.com, new_link:/question?prod_id=61
2017-09-16 16:01:03,234 - [webpage_parser.py:63] - INFO - procotol:http, hostname:jianyi.baidu.com, new_link:/question?prod_id=61
2017-09-16 16:01:03,235 - [webpage_parser.py:63] - INFO - procotol:http, hostname:jianyi.baidu.com, new_link:/question?prod_id=170
2017-09-16 16:01:03,235 - [webpage_parser.py:63] - INFO - procotol:http, hostname:jianyi.baidu.com, new_link:/question?prod_id=170
2017-09-16 16:01:03,235 - [webpage_parser.py:63] - INFO - procotol:http, hostname:jianyi.baidu.com, new_link:/zhifu
2017-09-16 16:01:03,238 - [webpage_saver.py:45] - INFO - url http://jianyi.baidu.com/ is not match
2017-09-16 16:01:03,458 - [connectionpool.py:207] - DEBUG - Starting new HTTP connection (1): www.baidu.com
2017-09-16 16:01:03,601 - [webpage_parser.py:63] - INFO - procotol:http, hostname:tieba.baidu.com, new_link:/
2017-09-16 16:01:03,603 - [webpage_parser.py:63] - INFO - procotol:http, hostname:tieba.baidu.com, new_link:/f/index/forumpark?pcn=娱乐明星&pci=0&ct=1&rn=20&pn=1
2017-09-16 16:01:03,604 - [webpage_parser.py:63] - INFO - procotol:http, hostname:tieba.baidu.com, new_link:/f/index/forumpark?cn=港台东南亚明星&ci=0&pcn=娱乐明星&pci=0&ct=1&rn=20&pn=1
2017-09-16 16:01:03,604 - [webpage_parser.py:63] - INFO - procotol:http, hostname:tieba.baidu.com, new_link:/f/index/forumpark?cn=内地明星&ci=0&pcn=娱乐明星&pci=0&ct=1&rn=20&pn=1
2017-09-16 16:01:03,604 - [webpage_parser.py:63] - INFO - procotol:http, hostname:tieba.baidu.com, new_link:/f/index/forumpark?cn=韩国明星&ci=0&pcn=娱乐明星&pci=0&ct=1&rn=20&pn=1
2017-09-16 16:01:03,605 - [webpage_parser.py:63] - INFO - procotol:http, hostname:tieba.baidu.com, new_link:/f/index/forumpark?cn=日本明星&ci=0&pcn=娱乐明星&pci=0&ct=1&rn=20&pn=1
2017-09-16 16:01:03,605 - [webpage_parser.py:63] - INFO - procotol:http, hostname:tieba.baidu.com, new_link:/f/index/forumpark?cn=时尚人物&ci=0&pcn=娱乐明星&pci=0&ct=1&rn=20&pn=1
2017-09-16 16:01:03,606 - [webpage_parser.py:63] - INFO - procotol:http, hostname:tieba.baidu.com, new_link:/f/index/forumpark?cn=欧美明星&ci=0&pcn=娱乐明星&pci=0&ct=1&rn=20&pn=1
2017-09-16 16:01:03,606 - [webpage_parser.py:63] - INFO - procotol:http, hostname:tieba.baidu.com, new_link:/f/index/forumpark?cn=主持人&ci=0&pcn=娱乐明星&pci=0&ct=1&rn=20&pn=1
2017-09-16 16:01:03,606 - [webpage_parser.py:63] - INFO - procotol:http, hostname:tieba.baidu.com, new_link:/f/index/forumpark?cn=其他娱乐明星&ci=0&pcn=娱乐明星&pci=0&ct=1&rn=20&pn=1
2017-09-16 16:01:03,607 - [webpage_parser.py:63] - INFO - procotol:http, hostname:tieba.baidu.com, new_link:/f/index/forumpark?pcn=电视节目&pci=0&ct=1&rn=20&pn=1
2017-09-16 16:01:03,607 - [webpage_parser.py:63] - INFO - procotol:http, hostname:tieba.baidu.com, new_link:/f/index/forumpark?cn=内地综艺&ci=0&pcn=电视节目&pci=0&ct=1&rn=20&pn=1
2017-09-16 16:01:03,608 - [webpage_parser.py:63] - INFO - procotol:http, hostname:tieba.baidu.com, new_link:/f/index/forumpark?cn=台湾综艺&ci=0&pcn=电视节目&pci=0&ct=1&rn=20&pn=1
2017-09-16 16:01:03,608 - [webpage_parser.py:63] - INFO - procotol:http, hostname:tieba.baidu.com, new_link:/f/index/forumpark?cn=韩国综艺&ci=0&pcn=电视节目&pci=0&ct=1&rn=20&pn=1
2017-09-16 16:01:03,609 - [webpage_parser.py:63] - INFO - procotol:http, hostname:tieba.baidu.com, new_link:/f/index/forumpark?cn=时尚·生活服务&ci=0&pcn=电视节目&pci=0&ct=1&rn=20&pn=1
2017-09-16 16:01:03,609 - [webpage_parser.py:63] - INFO - procotol:http, hostname:tieba.baidu.com, new_link:/f/index/forumpark?cn=体育运动·健身&ci=0&pcn=电视节目&pci=0&ct=1&rn=20&pn=1
2017-09-16 16:01:03,610 - [webpage_parser.py:63] - INFO - procotol:http, hostname:tieba.baidu.com, new_link:/f/index/forumpark?cn=财经·职场&ci=0&pcn=电视节目&pci=0&ct=1&rn=20&pn=1
2017-09-16 16:01:03,610 - [webpage_parser.py:63] - INFO - procotol:http, hostname:tieba.baidu.com, new_link:/f/index/forumpark?cn=新闻资讯&ci=0&pcn=电视节目&pci=0&ct=1&rn=20&pn=1
2017-09-16 16:01:03,611 - [webpage_parser.py:63] - INFO - procotol:http, hostname:tieba.baidu.com, new_link:/f/index/forumpark?cn=电视台及频道&ci=0&pcn=电视节目&pci=0&ct=1&rn=20&pn=1
2017-09-16 16:01:03,612 - [webpage_parser.py:63] - INFO - procotol:http, hostname:tieba.baidu.com, new_link:/f/index/forumpark?pcn=电视剧&pci=0&ct=1&rn=20&pn=1
2017-09-16 16:01:03,613 - [webpage_parser.py:63] - INFO - procotol:http, hostname:tieba.baidu.com, new_link:/f/index/forumpark?cn=韩国电视剧&ci=0&pcn=电视剧&pci=0&ct=1&rn=20&pn=1
2017-09-16 16:01:03,614 - [webpage_parser.py:63] - INFO - procotol:http, hostname:tieba.baidu.com, new_link:/f/index/forumpark?cn=香港电视剧&ci=0&pcn=电视剧&pci=0&ct=1&rn=20&pn=1
2017-09-16 16:01:03,615 - [webpage_parser.py:63] - INFO - procotol:http, hostname:tieba.baidu.com, new_link:/f/index/forumpark?cn=美剧&ci=0&pcn=电视剧&pci=0&ct=1&rn=20&pn=1
2017-09-16 16:01:03,615 - [webpage_parser.py:63] - INFO - procotol:http, hostname:tieba.baidu.com, new_link:/f/index/forumpark?cn=日本电视剧&ci=0&pcn=电视剧&pci=0&ct=1&rn=20&pn=1
2017-09-16 16:01:03,616 - [webpage_parser.py:63] - INFO - procotol:http, hostname:tieba.baidu.com, new_link:/f/index/forumpark?cn=内地电视剧&ci=0&pcn=电视剧&pci=0&ct=1&rn=20&pn=1
2017-09-16 16:01:03,616 - [webpage_parser.py:63] - INFO - procotol:http, hostname:tieba.baidu.com, new_link:/f/index/forumpark?cn=台湾电视剧&ci=0&pcn=电视剧&pci=0&ct=1&rn=20&pn=1
2017-09-16 16:01:03,617 - [webpage_parser.py:63] - INFO - procotol:http, hostname:tieba.baidu.com, new_link:/f/index/forumpark?cn=东南亚电视剧&ci=0&pcn=电视剧&pci=0&ct=1&rn=20&pn=1
2017-09-16 16:01:03,618 - [webpage_parser.py:63] - INFO - procotol:http, hostname:tieba.baidu.com, new_link:/f/index/forumpark?cn=其他地区电视剧&ci=0&pcn=电视剧&pci=0&ct=1&rn=20&pn=1
2017-09-16 16:01:03,618 - [webpage_parser.py:63] - INFO - procotol:http, hostname:tieba.baidu.com, new_link:/f/index/forumpark?pcn=电影&pci=0&ct=1&rn=20&pn=1
2017-09-16 16:01:03,618 - [webpage_parser.py:63] - INFO - procotol:http, hostname:tieba.baidu.com, new_link:/f/index/forumpark?cn=香港电影&ci=0&pcn=电影&pci=0&ct=1&rn=20&pn=1
2017-09-16 16:01:03,619 - [webpage_parser.py:63] - INFO - procotol:http, hostname:tieba.baidu.com, new_link:/f/index/forumpark?cn=欧美电影&ci=0&pcn=电影&pci=0&ct=1&rn=20&pn=1
2017-09-16 16:01:03,620 - [webpage_parser.py:63] - INFO - procotol:http, hostname:tieba.baidu.com, new_link:/f/index/forumpark?cn=内地电影&ci=0&pcn=电影&pci=0&ct=1&rn=20&pn=1
2017-09-16 16:01:03,620 - [webpage_parser.py:63] - INFO - procotol:http, hostname:tieba.baidu.com, new_link:/f/index/forumpark?cn=韩国电影&ci=0&pcn=电影&pci=0&ct=1&rn=20&pn=1
2017-09-16 16:01:03,620 - [webpage_parser.py:63] - INFO - procotol:http, hostname:tieba.baidu.com, new_link:/f/index/forumpark?cn=日本电影&ci=0&pcn=电影&pci=0&ct=1&rn=20&pn=1
2017-09-16 16:01:03,621 - [webpage_parser.py:63] - INFO - procotol:http, hostname:tieba.baidu.com, new_link:/f/index/forumpark?cn=台湾电影&ci=0&pcn=电影&pci=0&ct=1&rn=20&pn=1
2017-09-16 16:01:03,621 - [webpage_parser.py:63] - INFO - procotol:http, hostname:tieba.baidu.com, new_link:/f/index/forumpark?cn=电影话题&ci=0&pcn=电影&pci=0&ct=1&rn=20&pn=1
2017-09-16 16:01:03,621 - [webpage_parser.py:63] - INFO - procotol:http, hostname:tieba.baidu.com, new_link:/f/index/forumpark?cn=东南亚电影&ci=0&pcn=电影&pci=0&ct=1&rn=20&pn=1
2017-09-16 16:01:03,622 - [webpage_parser.py:63] - INFO - procotol:http, hostname:tieba.baidu.com, new_link:/f/index/forumpark?pcn=体育迷&pci=275&ct=0&rn=20&pn=1
2017-09-16 16:01:03,622 - [webpage_parser.py:63] - INFO - procotol:http, hostname:tieba.baidu.com, new_link:/f/index/forumpark?cn=足球&ci=276&pcn=体育迷&pci=275&ct=0&rn=20&pn=1
2017-09-16 16:01:03,622 - [webpage_parser.py:63] - INFO - procotol:http, hostname:tieba.baidu.com, new_link:/f/index/forumpark?cn=篮球&ci=277&pcn=体育迷&pci=275&ct=0&rn=20&pn=1
2017-09-16 16:01:03,623 - [webpage_parser.py:63] - INFO - procotol:http, hostname:tieba.baidu.com, new_link:/f/index/forumpark?cn=NBA&ci=278&pcn=体育迷&pci=275&ct=0&rn=20&pn=1
2017-09-16 16:01:03,623 - [webpage_parser.py:63] - INFO - procotol:http, hostname:tieba.baidu.com, new_link:/f/index/forumpark?cn=CBA&ci=279&pcn=体育迷&pci=275&ct=0&rn=20&pn=1
2017-09-16 16:01:03,624 - [webpage_parser.py:63] - INFO - procotol:http, hostname:tieba.baidu.com, new_link:/f/index/forumpark?cn=乒乓球&ci=280&pcn=体育迷&pci=275&ct=0&rn=20&pn=1
2017-09-16 16:01:03,624 - [webpage_parser.py:63] - INFO - procotol:http, hostname:tieba.baidu.com, new_link:/f/index/forumpark?cn=网球&ci=281&pcn=体育迷&pci=275&ct=0&rn=20&pn=1
2017-09-16 16:01:03,624 - [webpage_parser.py:63] - INFO - procotol:http, hostname:tieba.baidu.com, new_link:/f/index/forumpark?cn=舞蹈&ci=283&pcn=体育迷&pci=275&ct=0&rn=20&pn=1
2017-09-16 16:01:03,625 - [webpage_parser.py:63] - INFO - procotol:http, hostname:tieba.baidu.com, new_link:/f/index/forumpark?cn=健身&ci=284&pcn=体育迷&pci=275&ct=0&rn=20&pn=1
2017-09-16 16:01:03,625 - [webpage_parser.py:63] - INFO - procotol:http, hostname:tieba.baidu.com, new_link:/f/index/forumpark?pcn=小说&pci=161&ct=0&rn=20&pn=1
2017-09-16 16:01:03,626 - [webpage_parser.py:63] - INFO - procotol:http, hostname:tieba.baidu.com, new_link:/f/index/forumpark?cn=奇幻&ci=403&pcn=小说&pci=161&ct=0&rn=20&pn=1
2017-09-16 16:01:03,626 - [webpage_parser.py:63] - INFO - procotol:http, hostname:tieba.baidu.com, new_link:/f/index/forumpark?cn=言情&ci=177&pcn=小说&pci=161&ct=0&rn=20&pn=1
2017-09-16 16:01:03,627 - [webpage_parser.py:63] - INFO - procotol:http, hostname:tieba.baidu.com, new_link:/f/index/forumpark?cn=灵异&ci=404&pcn=小说&pci=161&ct=0&rn=20&pn=1
2017-09-16 16:01:03,627 - [webpage_parser.py:63] - INFO - procotol:http, hostname:tieba.baidu.com, new_link:/f/index/forumpark?cn=穿越&ci=162&pcn=小说&pci=161&ct=0&rn=20&pn=1
2017-09-16 16:01:03,628 - [webpage_parser.py:63] - INFO - procotol:http, hostname:tieba.baidu.com, new_link:/f/index/forumpark?cn=连载&ci=169&pcn=小说&pci=161&ct=0&rn=20&pn=1
2017-09-16 16:01:03,629 - [webpage_parser.py:63] - INFO - procotol:http, hostname:tieba.baidu.com, new_link:/f/index/forumpark?cn=修真&ci=412&pcn=小说&pci=161&ct=0&rn=20&pn=1
2017-09-16 16:01:03,629 - [webpage_parser.py:63] - INFO - procotol:http, hostname:tieba.baidu.com, new_link:/f/index/forumpark?cn=历史&ci=121&pcn=小说&pci=161&ct=0&rn=20&pn=1
2017-09-16 16:01:03,631 - [webpage_parser.py:63] - INFO - procotol:http, hostname:tieba.baidu.com, new_link:/f/index/forumpark?cn=架空文&ci=409&pcn=小说&pci=161&ct=0&rn=20&pn=1
2017-09-16 16:01:03,632 - [webpage_parser.py:63] - INFO - procotol:http, hostname:tieba.baidu.com, new_link:/f/index/forumpark?pcn=生活家&pci=214&ct=0&rn=20&pn=1
2017-09-16 16:01:03,632 - [webpage_parser.py:63] - INFO - procotol:http, hostname:tieba.baidu.com, new_link:/f/index/forumpark?cn=小而美&ci=244&pcn=生活家&pci=214&ct=0&rn=20&pn=1
2017-09-16 16:01:03,633 - [webpage_parser.py:63] - INFO - procotol:http, hostname:tieba.baidu.com, new_link:/f/index/forumpark?cn=DIY&ci=72&pcn=生活家&pci=214&ct=0&rn=20&pn=1
2017-09-16 16:01:03,633 - [webpage_parser.py:63] - INFO - procotol:http, hostname:tieba.baidu.com, new_link:/f/index/forumpark?cn=美食&ci=380&pcn=生活家&pci=214&ct=0&rn=20&pn=1
2017-09-16 16:01:03,634 - [webpage_parser.py:63] - INFO - procotol:http, hostname:tieba.baidu.com, new_link:/f/index/forumpark?cn=摄影&ci=82&pcn=生活家&pci=214&ct=0&rn=20&pn=1
2017-09-16 16:01:03,634 - [webpage_parser.py:63] - INFO - procotol:http, hostname:tieba.baidu.com, new_link:/f/index/forumpark?cn=旅行&ci=92&pcn=生活家&pci=214&ct=0&rn=20&pn=1
2017-09-16 16:01:03,635 - [webpage_parser.py:63] - INFO - procotol:http, hostname:tieba.baidu.com, new_link:/f/index/forumpark?cn=变美&ci=520&pcn=生活家&pci=214&ct=0&rn=20&pn=1
2017-09-16 16:01:03,636 - [webpage_parser.py:63] - INFO - procotol:http, hostname:tieba.baidu.com, new_link:/f/index/forumpark?cn=留学移民&ci=521&pcn=生活家&pci=214&ct=0&rn=20&pn=1
2017-09-16 16:01:03,636 - [webpage_parser.py:63] - INFO - procotol:http, hostname:tieba.baidu.com, new_link:/f/index/forumpark?cn=文玩&ci=522&pcn=生活家&pci=214&ct=0&rn=20&pn=1
2017-09-16 16:01:03,637 - [webpage_parser.py:63] - INFO - procotol:http, hostname:tieba.baidu.com, new_link:/f/index/forumpark?pcn=闲·趣&pci=429&ct=0&rn=20&pn=1
2017-09-16 16:01:03,637 - [webpage_parser.py:63] - INFO - procotol:http, hostname:tieba.baidu.com, new_link:/f/index/forumpark?cn=萌宠&ci=4&pcn=闲·趣&pci=429&ct=0&rn=20&pn=1
2017-09-16 16:01:03,637 - [webpage_parser.py:63] - INFO - procotol:http, hostname:tieba.baidu.com, new_link:/f/index/forumpark?cn=萝莉&ci=6&pcn=闲·趣&pci=429&ct=0&rn=20&pn=1
2017-09-16 16:01:03,638 - [webpage_parser.py:63] - INFO - procotol:http, hostname:tieba.baidu.com, new_link:/f/index/forumpark?cn=重口味&ci=257&pcn=闲·趣&pci=429&ct=0&rn=20&pn=1
2017-09-16 16:01:03,638 - [webpage_parser.py:63] - INFO - procotol:http, hostname:tieba.baidu.com, new_link:/f/index/forumpark?cn=吐槽&ci=152&pcn=闲·趣&pci=429&ct=0&rn=20&pn=1
2017-09-16 16:01:03,638 - [webpage_parser.py:63] - INFO - procotol:http, hostname:tieba.baidu.com, new_link:/f/index/forumpark?cn=恐怖&ci=255&pcn=闲·趣&pci=429&ct=0&rn=20&pn=1
2017-09-16 16:01:03,639 - [webpage_parser.py:63] - INFO - procotol:http, hostname:tieba.baidu.com, new_link:/f/index/forumpark?cn=星座&ci=263&pcn=闲·趣&pci=429&ct=0&rn=20&pn=1
2017-09-16 16:01:03,639 - [webpage_parser.py:63] - INFO - procotol:http, hostname:tieba.baidu.com, new_link:/f/index/forumpark?cn=爆料&ci=42&pcn=闲·趣&pci=429&ct=0&rn=20&pn=1
2017-09-16 16:01:03,639 - [webpage_parser.py:63] - INFO - procotol:http, hostname:tieba.baidu.com, new_link:/f/index/forumpark?cn=喵星人&ci=5&pcn=闲·趣&pci=429&ct=0&rn=20&pn=1
2017-09-16 16:01:03,640 - [webpage_parser.py:63] - INFO - procotol:http, hostname:tieba.baidu.com, new_link:/f/index/forumpark?pcn=游戏&pci=0&ct=1&rn=20&pn=1
2017-09-16 16:01:03,640 - [webpage_parser.py:63] - INFO - procotol:http, hostname:tieba.baidu.com, new_link:/f/index/forumpark?cn=客户端网游&ci=0&pcn=游戏&pci=0&ct=1&rn=20&pn=1
2017-09-16 16:01:03,640 - [webpage_parser.py:63] - INFO - procotol:http, hostname:tieba.baidu.com, new_link:/f/index/forumpark?cn=桌游&ci=0&pcn=游戏&pci=0&ct=1&rn=20&pn=1
2017-09-16 16:01:03,641 - [webpage_parser.py:63] - INFO - procotol:http, hostname:tieba.baidu.com, new_link:/f/index/forumpark?cn=游戏角色&ci=0&pcn=游戏&pci=0&ct=1&rn=20&pn=1
2017-09-16 16:01:03,641 - [webpage_parser.py:63] - INFO - procotol:http, hostname:tieba.baidu.com, new_link:/f/index/forumpark?cn=网页版网游&ci=0&pcn=游戏&pci=0&ct=1&rn=20&pn=1
2017-09-16 16:01:03,642 - [webpage_parser.py:63] - INFO - procotol:http, hostname:tieba.baidu.com, new_link:/f/index/forumpark?cn=手机游戏&ci=0&pcn=游戏&pci=0&ct=1&rn=20&pn=1
2017-09-16 16:01:03,642 - [webpage_parser.py:63] - INFO - procotol:http, hostname:tieba.baidu.com, new_link:/f/index/forumpark?cn=小游戏&ci=0&pcn=游戏&pci=0&ct=1&rn=20&pn=1
2017-09-16 16:01:03,643 - [webpage_parser.py:63] - INFO - procotol:http, hostname:tieba.baidu.com, new_link:/f/index/forumpark?cn=单机游戏&ci=0&pcn=游戏&pci=0&ct=1&rn=20&pn=1
2017-09-16 16:01:03,643 - [webpage_parser.py:63] - INFO - procotol:http, hostname:tieba.baidu.com, new_link:/f/index/forumpark?cn=掌机游戏&ci=0&pcn=游戏&pci=0&ct=1&rn=20&pn=1
2017-09-16 16:01:03,643 - [webpage_parser.py:63] - INFO - procotol:http, hostname:tieba.baidu.com, new_link:/f/index/forumpark?pcn=动漫宅&pci=206&ct=0&rn=20&pn=1
2017-09-16 16:01:03,644 - [webpage_parser.py:63] - INFO - procotol:http, hostname:tieba.baidu.com, new_link:/f/index/forumpark?cn=日本动漫&ci=312&pcn=动漫宅&pci=206&ct=0&rn=20&pn=1
2017-09-16 16:01:03,645 - [webpage_parser.py:63] - INFO - procotol:http, hostname:tieba.baidu.com, new_link:/f/index/forumpark?cn=国产动漫&ci=313&pcn=动漫宅&pci=206&ct=0&rn=20&pn=1
2017-09-16 16:01:03,646 - [webpage_parser.py:63] - INFO - procotol:http, hostname:tieba.baidu.com, new_link:/f/index/forumpark?cn=欧美动漫&ci=314&pcn=动漫宅&pci=206&ct=0&rn=20&pn=1
2017-09-16 16:01:03,647 - [webpage_parser.py:63] - INFO - procotol:http, hostname:tieba.baidu.com, new_link:/f/index/forumpark?cn=搞笑漫画&ci=319&pcn=动漫宅&pci=206&ct=0&rn=20&pn=1
2017-09-16 16:01:03,648 - [webpage_parser.py:63] - INFO - procotol:http, hostname:tieba.baidu.com, new_link:/f/index/forumpark?cn=热血动漫&ci=323&pcn=动漫宅&pci=206&ct=0&rn=20&pn=1
2017-09-16 16:01:03,648 - [webpage_parser.py:63] - INFO - procotol:http, hostname:tieba.baidu.com, new_link:/f/index/forumpark?cn=推理&ci=83&pcn=动漫宅&pci=206&ct=0&rn=20&pn=1
2017-09-16 16:01:03,648 - [webpage_parser.py:63] - INFO - procotol:http, hostname:tieba.baidu.com, new_link:/f/index/forumpark?cn=声优&ci=210&pcn=动漫宅&pci=206&ct=0&rn=20&pn=1
2017-09-16 16:01:03,649 - [webpage_parser.py:63] - INFO - procotol:http, hostname:tieba.baidu.com, new_link:/f/index/forumpark?cn=COS&ci=212&pcn=动漫宅&pci=206&ct=0&rn=20&pn=1
2017-09-16 16:01:03,649 - [webpage_parser.py:63] - INFO - procotol:http, hostname:tieba.baidu.com, new_link:/f/index/forumpark?pcn=高等院校&pci=0&ct=1&rn=20&pn=1
2017-09-16 16:01:03,650 - [webpage_parser.py:63] - INFO - procotol:http, hostname:tieba.baidu.com, new_link:/f/index/forumpark?cn=北京院校&ci=0&pcn=高等院校&pci=0&ct=1&rn=20&pn=1
2017-09-16 16:01:03,650 - [webpage_parser.py:63] - INFO - procotol:http, hostname:tieba.baidu.com, new_link:/f/index/forumpark?cn=山东院校&ci=0&pcn=高等院校&pci=0&ct=1&rn=20&pn=1
2017-09-16 16:01:03,650 - [webpage_parser.py:63] - INFO - procotol:http, hostname:tieba.baidu.com, new_link:/f/index/forumpark?cn=江苏院校&ci=0&pcn=高等院校&pci=0&ct=1&rn=20&pn=1
2017-09-16 16:01:03,651 - [webpage_parser.py:63] - INFO - procotol:http, hostname:tieba.baidu.com, new_link:/f/index/forumpark?cn=四川院校&ci=0&pcn=高等院校&pci=0&ct=1&rn=20&pn=1
2017-09-16 16:01:03,653 - [webpage_parser.py:63] - INFO - procotol:http, hostname:tieba.baidu.com, new_link:/f/index/forumpark?cn=湖北院校&ci=0&pcn=高等院校&pci=0&ct=1&rn=20&pn=1
2017-09-16 16:01:03,654 - [webpage_parser.py:63] - INFO - procotol:http, hostname:tieba.baidu.com, new_link:/f/index/forumpark?cn=河北院校&ci=0&pcn=高等院校&pci=0&ct=1&rn=20&pn=1
2017-09-16 16:01:03,655 - [webpage_parser.py:63] - INFO - procotol:http, hostname:tieba.baidu.com, new_link:/f/index/forumpark?cn=安徽院校&ci=0&pcn=高等院校&pci=0&ct=1&rn=20&pn=1
2017-09-16 16:01:03,655 - [webpage_parser.py:63] - INFO - procotol:http, hostname:tieba.baidu.com, new_link:/f/index/forumpark?cn=陕西院校&ci=0&pcn=高等院校&pci=0&ct=1&rn=20&pn=1
2017-09-16 16:01:03,656 - [webpage_parser.py:63] - INFO - procotol:http, hostname:tieba.baidu.com, new_link:/f/index/forumpark?pcn=地区&pci=0&ct=1&rn=20&pn=1
2017-09-16 16:01:03,656 - [webpage_parser.py:63] - INFO - procotol:http, hostname:tieba.baidu.com, new_link:/f/index/forumpark?cn=山东&ci=0&pcn=地区&pci=0&ct=1&rn=20&pn=1
2017-09-16 16:01:03,657 - [webpage_parser.py:63] - INFO - procotol:http, hostname:tieba.baidu.com, new_link:/f/index/forumpark?cn=河北&ci=0&pcn=地区&pci=0&ct=1&rn=20&pn=1
2017-09-16 16:01:03,658 - [webpage_parser.py:63] - INFO - procotol:http, hostname:tieba.baidu.com, new_link:/f/index/forumpark?cn=河南&ci=0&pcn=地区&pci=0&ct=1&rn=20&pn=1
2017-09-16 16:01:03,659 - [webpage_parser.py:63] - INFO - procotol:http, hostname:tieba.baidu.com, new_link:/f/index/forumpark?cn=山西&ci=0&pcn=地区&pci=0&ct=1&rn=20&pn=1
2017-09-16 16:01:03,659 - [webpage_parser.py:63] - INFO - procotol:http, hostname:tieba.baidu.com, new_link:/f/index/forumpark?cn=江苏&ci=0&pcn=地区&pci=0&ct=1&rn=20&pn=1
2017-09-16 16:01:03,660 - [webpage_parser.py:63] - INFO - procotol:http, hostname:tieba.baidu.com, new_link:/f/index/forumpark?cn=辽宁&ci=0&pcn=地区&pci=0&ct=1&rn=20&pn=1
2017-09-16 16:01:03,660 - [webpage_parser.py:63] - INFO - procotol:http, hostname:tieba.baidu.com, new_link:/f/index/forumpark?cn=四川&ci=0&pcn=地区&pci=0&ct=1&rn=20&pn=1
2017-09-16 16:01:03,661 - [webpage_parser.py:63] - INFO - procotol:http, hostname:tieba.baidu.com, new_link:/f/index/forumpark?cn=广东&ci=0&pcn=地区&pci=0&ct=1&rn=20&pn=1
2017-09-16 16:01:03,662 - [webpage_parser.py:63] - INFO - procotol:http, hostname:tieba.baidu.com, new_link:/f/index/forumpark?pcn=人文自然&pci=0&ct=1&rn=20&pn=1
2017-09-16 16:01:03,663 - [webpage_parser.py:63] - INFO - procotol:http, hostname:tieba.baidu.com, new_link:/f/index/forumpark?cn=艺术&ci=0&pcn=人文自然&pci=0&ct=1&rn=20&pn=1
2017-09-16 16:01:03,663 - [webpage_parser.py:63] - INFO - procotol:http, hostname:tieba.baidu.com, new_link:/f/index/forumpark?cn=军事&ci=0&pcn=人文自然&pci=0&ct=1&rn=20&pn=1
2017-09-16 16:01:03,665 - [webpage_parser.py:63] - INFO - procotol:http, hostname:tieba.baidu.com, new_link:/f/index/forumpark?cn=历史&ci=0&pcn=人文自然&pci=0&ct=1&rn=20&pn=1
2017-09-16 16:01:03,665 - [webpage_parser.py:63] - INFO - procotol:http, hostname:tieba.baidu.com, new_link:/f/index/forumpark?cn=自然&ci=0&pcn=人文自然&pci=0&ct=1&rn=20&pn=1
2017-09-16 16:01:03,666 - [webpage_parser.py:63] - INFO - procotol:http, hostname:tieba.baidu.com, new_link:/f/index/forumpark?cn=鉴赏收藏&ci=0&pcn=人文自然&pci=0&ct=1&rn=20&pn=1
2017-09-16 16:01:03,667 - [webpage_parser.py:63] - INFO - procotol:http, hostname:tieba.baidu.com, new_link:/f/index/forumpark?cn=民族文化&ci=0&pcn=人文自然&pci=0&ct=1&rn=20&pn=1
2017-09-16 16:01:03,667 - [webpage_parser.py:63] - INFO - procotol:http, hostname:tieba.baidu.com, new_link:/f/index/forumpark?cn=语言文化&ci=0&pcn=人文自然&pci=0&ct=1&rn=20&pn=1
2017-09-16 16:01:03,667 - [webpage_parser.py:63] - INFO - procotol:http, hostname:tieba.baidu.com, new_link:/f/index/forumclass
2017-09-16 16:01:03,668 - [webpage_parser.py:63] - INFO - procotol:http, hostname:tieba.baidu.com, new_link:/f?kw=%E7%94%BB%E6%B1%9F%E6%B9%96%E4%B9%8B%E6%8D%A2%E4%B8%96%E9%97%A8%E7%94%9F
2017-09-16 16:01:03,668 - [webpage_parser.py:63] - INFO - procotol:http, hostname:tieba.baidu.com, new_link:/f?kw=%E7%94%BB%E6%B1%9F%E6%B9%96%E4%B9%8B%E6%8D%A2%E4%B8%96%E9%97%A8%E7%94%9F
2017-09-16 16:01:03,669 - [webpage_parser.py:63] - INFO - procotol:http, hostname:tieba.baidu.com, new_link:/f?kw=%E7%A5%9E%E9%AC%BC%E4%BC%A0%E5%A5%87%E6%89%8B%E6%B8%B8
2017-09-16 16:01:03,669 - [webpage_parser.py:63] - INFO - procotol:http, hostname:tieba.baidu.com, new_link:/f?kw=%E7%A5%9E%E9%AC%BC%E4%BC%A0%E5%A5%87%E6%89%8B%E6%B8%B8
2017-09-16 16:01:03,670 - [webpage_parser.py:63] - INFO - procotol:http, hostname:tieba.baidu.com, new_link:/f?kw=%E5%8F%9B%E9%80%86%E7%9A%84%E5%8B%92%E9%B2%81%E4%BB%80
2017-09-16 16:01:03,670 - [webpage_parser.py:63] - INFO - procotol:http, hostname:tieba.baidu.com, new_link:/f?kw=%E5%8F%8D%E5%8F%9B%E7%9A%84%E9%B2%81%E8%B7%AF%E4%BF%AE
2017-09-16 16:01:03,671 - [webpage_parser.py:63] - INFO - procotol:http, hostname:tieba.baidu.com, new_link:/f?kw=%E6%9E%A2%E6%9C%A8%E6%9C%B1%E9%9B%80
2017-09-16 16:01:03,671 - [webpage_parser.py:63] - INFO - procotol:http, hostname:tieba.baidu.com, new_link:/f?kw=%E9%B2%81%E9%B2%81%E4%BF%AE
2017-09-16 16:01:03,671 - [webpage_parser.py:63] - INFO - procotol:http, hostname:tieba.baidu.com, new_link:/f?kw=c.c.
2017-09-16 16:01:03,672 - [webpage_parser.py:63] - INFO - procotol:http, hostname:tieba.baidu.com, new_link:/f?kw=%E5%8D%A1%E8%8E%B2.%E4%BC%91%E5%A6%B2%E8%8F%B2%E5%B0%94%E7%89%B9
2017-09-16 16:01:03,672 - [webpage_parser.py:63] - INFO - procotol:http, hostname:tieba.baidu.com, new_link:/f?kw=%E5%A4%8D%E6%B4%BB%E7%9A%84%E9%B2%81%E9%B2%81%E4%BF%AE
2017-09-16 16:01:03,672 - [webpage_parser.py:63] - INFO - procotol:http, hostname:tieba.baidu.com, new_link:/f?kw=%E9%B2%81%E8%B7%AF%E4%BF%AE
2017-09-16 16:01:03,673 - [webpage_parser.py:63] - INFO - procotol:http, hostname:tieba.baidu.com, new_link:/f?kw=lc%E7%8E%8B%E9%81%93
2017-09-16 16:01:03,673 - [webpage_parser.py:63] - INFO - procotol:http, hostname:tieba.baidu.com, new_link:/f?kw=%E6%9C%B1%E4%BF%AE
2017-09-16 16:01:03,673 - [webpage_parser.py:63] - INFO - procotol:http, hostname:tieba.baidu.com, new_link:/f?kw=%E5%B0%A4%E8%8F%B2%E7%B1%B3%E5%A8%85.li.%E5%B8%83%E9%87%8C%E5%A1%94%E5%B0%BC%E4%BA%9A
2017-09-16 16:01:03,674 - [webpage_parser.py:63] - INFO - procotol:http, hostname:tieba.baidu.com, new_link:/f?kw=%E4%BA%A1%E5%9B%BD%E7%9A%84%E9%98%BF%E5%9F%BA%E7%89%B9
2017-09-16 16:01:03,675 - [webpage_parser.py:63] - INFO - procotol:http, hostname:tieba.baidu.com, new_link:/f?kw=%E7%BA%A2%E8%B1%86%E7%88%B1%E9%98%BF%E7%BF%81
2017-09-16 16:01:03,675 - [webpage_parser.py:63] - INFO - procotol:http, hostname:tieba.baidu.com, new_link:/p/5315589173
2017-09-16 16:01:03,675 - [webpage_parser.py:63] - INFO - procotol:http, hostname:tieba.baidu.com, new_link:/home/main?un=%E6%99%93%E9%9B%BE%E6%84%81%E5%BD%BB&fr=index
2017-09-16 16:01:03,676 - [webpage_parser.py:63] - INFO - procotol:http, hostname:tieba.baidu.com, new_link:/f?kw=%E6%89%8B%E6%B8%B8%E5%85%88%E9%94%8B 
2017-09-16 16:01:03,676 - [webpage_parser.py:63] - INFO - procotol:http, hostname:tieba.baidu.com, new_link:/p/5320320013
2017-09-16 16:01:03,677 - [webpage_parser.py:63] - INFO - procotol:http, hostname:tieba.baidu.com, new_link:/home/main?un=%E8%B4%B4%E5%90%A7%E6%89%8B%E6%B8%B8%E5%85%88%E9%94%8B&fr=index
2017-09-16 16:01:03,677 - [webpage_parser.py:63] - INFO - procotol:http, hostname:tieba.baidu.com, new_link:/f?kw=%E7%88%B1%E7%8C%AB%E7%94%9F%E6%B4%BB 
2017-09-16 16:01:03,678 - [webpage_parser.py:63] - INFO - procotol:http, hostname:tieba.baidu.com, new_link:/p/5311315976
2017-09-16 16:01:03,679 - [webpage_parser.py:63] - INFO - procotol:http, hostname:tieba.baidu.com, new_link:/home/main?un=%E7%8C%AB%E7%8C%AB%E5%B0%8F%E6%96%8C&fr=index
2017-09-16 16:01:03,680 - [webpage_parser.py:63] - INFO - procotol:http, hostname:tieba.baidu.com, new_link:/f?kw=%E5%8E%86%E5%8F%B2 
2017-09-16 16:01:03,681 - [webpage_parser.py:63] - INFO - procotol:http, hostname:tieba.baidu.com, new_link:/p/5114639643
2017-09-16 16:01:03,682 - [webpage_parser.py:63] - INFO - procotol:http, hostname:tieba.baidu.com, new_link:/home/main?un=%E5%85%A8%E8%A8%80&fr=index
2017-09-16 16:01:03,682 - [webpage_parser.py:63] - INFO - procotol:http, hostname:tieba.baidu.com, new_link:/f?kw=me0407 
2017-09-16 16:01:03,682 - [webpage_parser.py:63] - INFO - procotol:http, hostname:tieba.baidu.com, new_link:/p/5139671853
2017-09-16 16:01:03,683 - [webpage_parser.py:63] - INFO - procotol:http, hostname:tieba.baidu.com, new_link:/home/main?un=%E5%A3%B6%E5%A4%A9%E8%8A%B1%E8%AF%AD&fr=index
2017-09-16 16:01:03,683 - [webpage_parser.py:63] - INFO - procotol:http, hostname:tieba.baidu.com, new_link:/f?kw=%E7%BD%91%E6%81%8B 
2017-09-16 16:01:03,684 - [webpage_parser.py:63] - INFO - procotol:http, hostname:tieba.baidu.com, new_link:/p/5316578828
2017-09-16 16:01:03,684 - [webpage_parser.py:63] - INFO - procotol:http, hostname:tieba.baidu.com, new_link:/home/main?un=%E5%B1%A0%E5%A4%ABLIL&fr=index
2017-09-16 16:01:03,684 - [webpage_parser.py:63] - INFO - procotol:http, hostname:tieba.baidu.com, new_link:/f?kw=%E5%8F%A4%E8%A3%85%E7%94%B5%E8%A7%86%E5%89%A7 
2017-09-16 16:01:03,685 - [webpage_parser.py:63] - INFO - procotol:http, hostname:tieba.baidu.com, new_link:/p/5153235021
2017-09-16 16:01:03,686 - [webpage_parser.py:63] - INFO - procotol:http, hostname:tieba.baidu.com, new_link:/home/main?un=%E6%B8%A9%E5%AA%97%E5%A6%83&fr=index
2017-09-16 16:01:03,687 - [webpage_parser.py:63] - INFO - procotol:http, hostname:tieba.baidu.com, new_link:/f?kw=%E5%A4%9A%E6%B5%86%E6%A4%8D%E7%89%A9
2017-09-16 16:01:03,688 - [webpage_parser.py:63] - INFO - procotol:http, hostname:tieba.baidu.com, new_link:/p/5171608419
2017-09-16 16:01:03,688 - [webpage_parser.py:63] - INFO - procotol:http, hostname:tieba.baidu.com, new_link:/home/main?un=%E9%A6%99%E8%95%89%E4%BD%A0%E4%B8%AA%E5%8D%9C%E5%A8%9C%E5%91%90&fr=index
2017-09-16 16:01:03,689 - [webpage_parser.py:63] - INFO - procotol:http, hostname:tieba.baidu.com, new_link:/f?kw=%E7%BE%8E%E9%A3%9F
2017-09-16 16:01:03,689 - [webpage_parser.py:63] - INFO - procotol:http, hostname:tieba.baidu.com, new_link:/p/5135007772
2017-09-16 16:01:03,689 - [webpage_parser.py:63] - INFO - procotol:http, hostname:tieba.baidu.com, new_link:/home/main?un=%E7%8C%AB%E7%88%B7%E7%BE%8E%E9%A3%9F%E9%9B%86&fr=index
2017-09-16 16:01:03,690 - [webpage_parser.py:63] - INFO - procotol:http, hostname:tieba.baidu.com, new_link:/f?kw=%E7%BA%A2%E8%B1%86%E7%88%B1%E9%98%BF%E7%BF%81
2017-09-16 16:01:03,690 - [webpage_parser.py:63] - INFO - procotol:http, hostname:tieba.baidu.com, new_link:/p/5286539583
2017-09-16 16:01:03,690 - [webpage_parser.py:63] - INFO - procotol:http, hostname:tieba.baidu.com, new_link:/home/main?un=%E5%A4%95%E9%98%B3%E7%95%99%E5%A2%A8%E9%A6%99&fr=index
2017-09-16 16:01:03,691 - [webpage_parser.py:63] - INFO - procotol:http, hostname:tieba.baidu.com, new_link:/f?kw=%E9%95%BF%E7%9B%B8%E6%80%9D 
2017-09-16 16:01:03,691 - [webpage_parser.py:63] - INFO - procotol:http, hostname:tieba.baidu.com, new_link:/p/5161104407
2017-09-16 16:01:03,691 - [webpage_parser.py:63] - INFO - procotol:http, hostname:tieba.baidu.com, new_link:/home/main?un=%E4%BC%BC%E6%B0%B4%E5%B9%B4%E5%8D%8E%E5%80%BE%E5%A4%A9%E4%B8%8B&fr=index
2017-09-16 16:01:03,692 - [webpage_parser.py:63] - INFO - procotol:http, hostname:tieba.baidu.com, new_link:/f?kw=%E5%A8%B1%E4%B9%90%E5%9C%88
2017-09-16 16:01:03,693 - [webpage_parser.py:63] - INFO - procotol:http, hostname:tieba.baidu.com, new_link:/p/5295629957
2017-09-16 16:01:03,693 - [webpage_parser.py:63] - INFO - procotol:http, hostname:tieba.baidu.com, new_link:/home/main?un=%E4%B8%A8%E5%91%A8%E6%85%A7%E6%95%8F%E4%B8%A8&fr=index
2017-09-16 16:01:03,694 - [webpage_parser.py:63] - INFO - procotol:http, hostname:tieba.baidu.com, new_link:/f?kw=%E6%B8%B8%E6%88%8F%E7%9B%B4%E6%92%AD 
2017-09-16 16:01:03,695 - [webpage_parser.py:63] - INFO - procotol:http, hostname:tieba.baidu.com, new_link:/p/5310630583
2017-09-16 16:01:03,695 - [webpage_parser.py:63] - INFO - procotol:http, hostname:tieba.baidu.com, new_link:/home/main?un=%E4%B9%85%E5%88%A5%E6%95%85%E4%BA%BA&fr=index
2017-09-16 16:01:03,696 - [webpage_parser.py:63] - INFO - procotol:http, hostname:tieba.baidu.com, new_link:/f?kw=%E5%90%89%E4%BB%96
2017-09-16 16:01:03,697 - [webpage_parser.py:63] - INFO - procotol:http, hostname:tieba.baidu.com, new_link:/p/5288183027
2017-09-16 16:01:03,698 - [webpage_parser.py:63] - INFO - procotol:http, hostname:tieba.baidu.com, new_link:/home/main?un=%E7%BB%93%E4%BB%96%E5%B1%8B&fr=index
2017-09-16 16:01:03,698 - [webpage_parser.py:63] - INFO - procotol:http, hostname:tieba.baidu.com, new_link:/f?kw=%E9%A9%AC%E7%94%B2%E7%BA%BF 
2017-09-16 16:01:03,699 - [webpage_parser.py:63] - INFO - procotol:http, hostname:tieba.baidu.com, new_link:/p/5145993701
2017-09-16 16:01:03,699 - [webpage_parser.py:63] - INFO - procotol:http, hostname:tieba.baidu.com, new_link:/home/main?un=%E8%8B%8F%E6%B2%90%E6%9F%93%E7%BA%A2%E8%94%BB&fr=index
2017-09-16 16:01:03,700 - [webpage_parser.py:63] - INFO - procotol:http, hostname:tieba.baidu.com, new_link:/f?kw=%E8%83%8C%E9%94%85 
2017-09-16 16:01:03,700 - [webpage_parser.py:63] - INFO - procotol:http, hostname:tieba.baidu.com, new_link:/p/5280831737
2017-09-16 16:01:03,700 - [webpage_parser.py:63] - INFO - procotol:http, hostname:tieba.baidu.com, new_link:/home/main?un=%E7%83%AD%E6%83%85%E7%9A%84%E9%9A%8F%E4%BE%BF%E4%BD%A0%E6%93%8D&fr=index
2017-09-16 16:01:03,701 - [webpage_parser.py:63] - INFO - procotol:http, hostname:tieba.baidu.com, new_link:/f?kw=%E5%B0%8F%E8%90%9D%E8%8E%89
2017-09-16 16:01:03,701 - [webpage_parser.py:63] - INFO - procotol:http, hostname:tieba.baidu.com, new_link:/p/5289960175
2017-09-16 16:01:03,702 - [webpage_parser.py:63] - INFO - procotol:http, hostname:tieba.baidu.com, new_link:/home/main?un=%E5%BA%9A%E5%93%9F&fr=index
2017-09-16 16:01:03,702 - [webpage_parser.py:63] - INFO - procotol:http, hostname:tieba.baidu.com, new_link:/f?kw=%E6%B8%B8%E6%88%8F%E7%9B%B4%E6%92%AD 
2017-09-16 16:01:03,703 - [webpage_parser.py:63] - INFO - procotol:http, hostname:tieba.baidu.com, new_link:/p/5301072178
2017-09-16 16:01:03,704 - [webpage_parser.py:63] - INFO - procotol:http, hostname:tieba.baidu.com, new_link:/home/main?un=%E4%B9%85%E5%88%A5%E6%95%85%E4%BA%BA&fr=index
2017-09-16 16:01:03,704 - [webpage_parser.py:63] - INFO - procotol:http, hostname:tieba.baidu.com, new_link:/hottopic/browse/topicList?res_type=1
2017-09-16 16:01:03,704 - [webpage_parser.py:63] - INFO - procotol:http, hostname:tieba.baidu.com, new_link:/home/main?un=悲伤的羔羊
2017-09-16 16:01:03,705 - [webpage_parser.py:63] - INFO - procotol:http, hostname:tieba.baidu.com, new_link:/home/main?un=悲伤的羔羊
2017-09-16 16:01:03,705 - [webpage_parser.py:63] - INFO - procotol:http, hostname:tieba.baidu.com, new_link:/f?kw=t豆娱乐城
2017-09-16 16:01:03,706 - [webpage_parser.py:63] - INFO - procotol:http, hostname:tieba.baidu.com, new_link:/home/main?un=无事找清凉
2017-09-16 16:01:03,706 - [webpage_parser.py:63] - INFO - procotol:http, hostname:tieba.baidu.com, new_link:/home/main?un=无事找清凉
2017-09-16 16:01:03,707 - [webpage_parser.py:63] - INFO - procotol:http, hostname:tieba.baidu.com, new_link:/f?kw=天涯明月刀OL
2017-09-16 16:01:03,708 - [webpage_parser.py:63] - INFO - procotol:http, hostname:tieba.baidu.com, new_link:/home/main?un=倩Q1228228888
2017-09-16 16:01:03,710 - [webpage_parser.py:63] - INFO - procotol:http, hostname:tieba.baidu.com, new_link:/home/main?un=倩Q1228228888
2017-09-16 16:01:03,711 - [webpage_parser.py:63] - INFO - procotol:http, hostname:tieba.baidu.com, new_link:/f?kw=亏猫
2017-09-16 16:01:03,711 - [webpage_parser.py:63] - INFO - procotol:http, hostname:tieba.baidu.com, new_link:/home/main?un=大风吹奶罩杯
2017-09-16 16:01:03,712 - [webpage_parser.py:63] - INFO - procotol:http, hostname:tieba.baidu.com, new_link:/home/main?un=大风吹奶罩杯
2017-09-16 16:01:03,713 - [webpage_parser.py:63] - INFO - procotol:http, hostname:tieba.baidu.com, new_link:/f?kw=网络游戏
2017-09-16 16:01:03,714 - [webpage_parser.py:63] - INFO - procotol:http, hostname:tieba.baidu.com, new_link:/home/main?un=神風苏逸
2017-09-16 16:01:03,714 - [webpage_parser.py:63] - INFO - procotol:http, hostname:tieba.baidu.com, new_link:/home/main?un=神風苏逸
2017-09-16 16:01:03,715 - [webpage_parser.py:63] - INFO - procotol:http, hostname:tieba.baidu.com, new_link:/p/5024282186
2017-09-16 16:01:03,715 - [webpage_parser.py:63] - INFO - procotol:http, hostname:tieba.baidu.com, new_link:/home/main?un=蔡丶十一
2017-09-16 16:01:03,716 - [webpage_parser.py:63] - INFO - procotol:http, hostname:tieba.baidu.com, new_link:/home/main?un=蔡丶十一
2017-09-16 16:01:03,717 - [webpage_parser.py:63] - INFO - procotol:http, hostname:tieba.baidu.com, new_link:/p/5319276352
2017-09-16 16:01:03,722 - [webpage_parser.py:63] - INFO - procotol:http, hostname:tieba.baidu.com, new_link:/home/main?un=贴吧熊
2017-09-16 16:01:03,722 - [webpage_parser.py:63] - INFO - procotol:http, hostname:tieba.baidu.com, new_link:/home/main?un=贴吧熊
2017-09-16 16:01:03,723 - [webpage_parser.py:63] - INFO - procotol:http, hostname:tieba.baidu.com, new_link:/p/5252510171
2017-09-16 16:01:03,724 - [webpage_parser.py:63] - INFO - procotol:http, hostname:tieba.baidu.com, new_link:/home/main?un=贴吧会员
2017-09-16 16:01:03,724 - [webpage_parser.py:63] - INFO - procotol:http, hostname:tieba.baidu.com, new_link:/home/main?un=贴吧会员
2017-09-16 16:01:03,725 - [webpage_parser.py:63] - INFO - procotol:http, hostname:tieba.baidu.com, new_link:/p/5324050670
2017-09-16 16:01:03,725 - [webpage_parser.py:63] - INFO - procotol:http, hostname:tieba.baidu.com, new_link:/home/main?un=吴哲晗应援会
2017-09-16 16:01:03,725 - [webpage_parser.py:63] - INFO - procotol:http, hostname:tieba.baidu.com, new_link:/home/main?un=吴哲晗应援会
2017-09-16 16:01:03,726 - [webpage_parser.py:63] - INFO - procotol:http, hostname:tieba.baidu.com, new_link:/p/3292673938
2017-09-16 16:01:03,726 - [webpage_parser.py:63] - INFO - procotol:http, hostname:tieba.baidu.com, new_link:/home/main?un=cloudsayu
2017-09-16 16:01:03,727 - [webpage_parser.py:63] - INFO - procotol:http, hostname:tieba.baidu.com, new_link:/home/main?un=cloudsayu
2017-09-16 16:01:03,727 - [webpage_parser.py:63] - INFO - procotol:http, hostname:tieba.baidu.com, new_link:/p/4748236204
2017-09-16 16:01:03,728 - [webpage_parser.py:63] - INFO - procotol:http, hostname:tieba.baidu.com, new_link:/home/main?un=帝都T渣的擦肩
2017-09-16 16:01:03,728 - [webpage_parser.py:63] - INFO - procotol:http, hostname:tieba.baidu.com, new_link:/home/main?un=帝都T渣的擦肩
2017-09-16 16:01:03,729 - [webpage_parser.py:63] - INFO - procotol:http, hostname:tieba.baidu.com, new_link:/p/3249877592
2017-09-16 16:01:03,729 - [webpage_parser.py:63] - INFO - procotol:http, hostname:tieba.baidu.com, new_link:/home/main?un=lacus84714
2017-09-16 16:01:03,731 - [webpage_parser.py:63] - INFO - procotol:http, hostname:tieba.baidu.com, new_link:/home/main?un=lacus84714
2017-09-16 16:01:03,734 - [webpage_parser.py:63] - INFO - procotol:http, hostname:tieba.baidu.com, new_link:/p/4421655018
2017-09-16 16:01:03,736 - [webpage_parser.py:63] - INFO - procotol:http, hostname:tieba.baidu.com, new_link:Mailto:tiebayule@baidu.com
2017-09-16 16:01:03,738 - [webpage_parser.py:63] - INFO - procotol:http, hostname:tieba.baidu.com, new_link:/f?kw=%E6%B2%AA%E6%B1%9F%E7%BD%91%E6%A0%A1&fr=index
2017-09-16 16:01:03,740 - [webpage_parser.py:63] - INFO - procotol:http, hostname:tieba.baidu.com, new_link:/f?kw=%E6%B2%AA%E6%B1%9F%E7%BD%91%E6%A0%A1&fr=index
2017-09-16 16:01:03,740 - [webpage_parser.py:63] - INFO - procotol:http, hostname:tieba.baidu.com, new_link:/f?kw=%E7%BA%A2%E7%89%9B%E5%AE%98%E6%96%B9&fr=index
2017-09-16 16:01:03,741 - [webpage_parser.py:63] - INFO - procotol:http, hostname:tieba.baidu.com, new_link:/f?kw=%E7%BA%A2%E7%89%9B%E5%AE%98%E6%96%B9&fr=index
2017-09-16 16:01:03,741 - [webpage_parser.py:63] - INFO - procotol:http, hostname:tieba.baidu.com, new_link:/f?kw=%E8%B1%86%E8%94%93%E7%90%86%E8%B4%A2&fr=index
2017-09-16 16:01:03,741 - [webpage_parser.py:63] - INFO - procotol:http, hostname:tieba.baidu.com, new_link:/f?kw=%E8%B1%86%E8%94%93%E7%90%86%E8%B4%A2&fr=index
2017-09-16 16:01:03,742 - [webpage_parser.py:63] - INFO - procotol:http, hostname:tieba.baidu.com, new_link:/f?kw=%E8%89%BA%E7%A6%8F%E5%A0%82&fr=index
2017-09-16 16:01:03,743 - [webpage_parser.py:63] - INFO - procotol:http, hostname:tieba.baidu.com, new_link:/f?kw=%E8%89%BA%E7%A6%8F%E5%A0%82&fr=index
2017-09-16 16:01:03,743 - [webpage_parser.py:63] - INFO - procotol:http, hostname:tieba.baidu.com, new_link:/f?kw=%E9%87%91%E7%AB%8B&fr=index
2017-09-16 16:01:03,743 - [webpage_parser.py:63] - INFO - procotol:http, hostname:tieba.baidu.com, new_link:/f?kw=%E9%87%91%E7%AB%8B&fr=index
2017-09-16 16:01:03,759 - [webpage_saver.py:45] - INFO - url http://tieba.baidu.com is not match
2017-09-16 16:01:04,095 - [connectionpool.py:207] - DEBUG - Starting new HTTP connection (1): www.baidu.com
2017-09-16 16:01:04,154 - [connectionpool.py:818] - DEBUG - Starting new HTTPS connection (1): www.baidu.com
2017-09-16 16:01:04,227 - [connectionpool.py:818] - DEBUG - Starting new HTTPS connection (1): www.baidu.com
2017-09-16 16:01:04,227 - [connectionpool.py:207] - DEBUG - Starting new HTTP connection (1): home.baidu.com
2017-09-16 16:01:04,233 - [connectionpool.py:395] - DEBUG - http://www.baidu.com:80 "GET /duty/ HTTP/1.1" 200 2451
2017-09-16 16:01:04,255 - [connectionpool.py:395] - DEBUG - http://www.baidu.com:80 "GET /bdorz/login.gif?login&tpl=mn&u=http%3A%2F%2Fwww.baidu.com%2f%3fbdorz_come%3d1 HTTP/1.1" 302 161
2017-09-16 16:01:04,262 - [webpage_parser.py:63] - INFO - procotol:http, hostname:www.baidu.com, new_link:copyright.html
2017-09-16 16:01:04,280 - [connectionpool.py:395] - DEBUG - http://home.baidu.com:80 "GET /home/index/baidu_road HTTP/1.1" 200 None
2017-09-16 16:01:04,283 - [connectionpool.py:818] - DEBUG - Starting new HTTPS connection (1): www.baidu.com
2017-09-16 16:01:04,287 - [webpage_parser.py:63] - INFO - procotol:http, hostname:www.baidu.com, new_link:right.html
2017-09-16 16:01:04,291 - [webpage_parser.py:63] - INFO - procotol:http, hostname:www.baidu.com, new_link:yinsiquan.html
2017-09-16 16:01:04,297 - [webpage_parser.py:63] - INFO - procotol:http, hostname:www.baidu.com, new_link:baozhang.html
2017-09-16 16:01:04,297 - [connectionpool.py:818] - DEBUG - Starting new HTTPS connection (1): passport.baidu.com
2017-09-16 16:01:04,300 - [webpage_parser.py:63] - INFO - procotol:http, hostname:www.baidu.com, new_link:index.html
2017-09-16 16:01:04,316 - [connectionpool.py:395] - DEBUG - https://www.baidu.com:443 "GET /s?wd=%E5%8D%9A%E5%A3%AB%E5%9B%9E%E5%9B%BD%E7%9C%8B%E7%89%99%E6%83%8A%E5%8F%B9 HTTP/1.1" 200 227
2017-09-16 16:01:04,389 - [webpage_saver.py:45] - INFO - url http://www.baidu.com/duty/ is not match
2017-09-16 16:01:04,396 - [connectionpool.py:395] - DEBUG - https://www.baidu.com:443 "GET /s?wd=%E5%85%AD%E5%9F%8E%E5%9C%B0%E6%A0%87%E9%9B%86%E4%BD%93%E6%92%9E%E8%A1%AB HTTP/1.1" 200 227
2017-09-16 16:01:04,425 - [webpage_saver.py:45] - INFO - url https://www.baidu.com/s?wd=六城地标集体撞衫 is not match
2017-09-16 16:01:04,427 - [webpage_saver.py:45] - INFO - url https://www.baidu.com/s?wd=博士回国看牙惊叹 is not match
2017-09-16 16:01:04,451 - [connectionpool.py:395] - DEBUG - https://www.baidu.com:443 "GET /s?wd=%E5%85%B1%E4%BA%AB%E5%8D%95%E8%BD%A6%E6%96%B0%E6%94%BF%E5%87%BA%E5%8F%B0 HTTP/1.1" 200 227
2017-09-16 16:01:04,470 - [webpage_saver.py:45] - INFO - url https://www.baidu.com/s?wd=共享单车新政出台 is not match
2017-09-16 16:01:04,489 - [connectionpool.py:395] - DEBUG - https://passport.baidu.com:443 "GET /v2/?login&tpl=mn&u=http%3A%2F%2Fwww.baidu.com%2f%3fbdorz_come%3d1 HTTP/1.1" 200 None
2017-09-16 16:01:04,519 - [webpage_saver.py:45] - INFO - url http://www.baidu.com/bdorz/login.gif?login&tpl=mn&u=http%3A%2F%2Fwww.baidu.com%2f%3fbdorz_come%3d1 is not match
2017-09-16 16:01:04,526 - [webpage_parser.py:63] - INFO - procotol:http, hostname:home.baidu.com, new_link:/home/index
2017-09-16 16:01:04,526 - [webpage_parser.py:63] - INFO - procotol:http, hostname:home.baidu.com, new_link:/home/index
2017-09-16 16:01:04,527 - [webpage_parser.py:63] - INFO - procotol:http, hostname:home.baidu.com, new_link:/home/index/join_us
2017-09-16 16:01:04,527 - [webpage_parser.py:63] - INFO - procotol:http, hostname:home.baidu.com, new_link:/home/index/contact_us
2017-09-16 16:01:04,528 - [webpage_parser.py:63] - INFO - procotol:http, hostname:home.baidu.com, new_link:/home/index
2017-09-16 16:01:04,528 - [webpage_parser.py:63] - INFO - procotol:http, hostname:home.baidu.com, new_link:/home/index/join_us
2017-09-16 16:01:04,529 - [webpage_parser.py:63] - INFO - procotol:http, hostname:home.baidu.com, new_link:/home/index/contact_us
2017-09-16 16:01:04,530 - [webpage_saver.py:45] - INFO - url http://home.baidu.com/home/index/baidu_road is not match
2017-09-16 16:01:04,585 - [connectionpool.py:395] - DEBUG - http://v.baidu.com:80 "GET / HTTP/1.1" 200 None
2017-09-16 16:01:04,808 - [connectionpool.py:207] - DEBUG - Starting new HTTP connection (1): home.baidu.com
2017-09-16 16:01:04,849 - [connectionpool.py:395] - DEBUG - http://home.baidu.com:80 "GET /home/index/company_culture HTTP/1.1" 200 None
2017-09-16 16:01:04,931 - [webpage_parser.py:63] - INFO - procotol:http, hostname:home.baidu.com, new_link:/home/index
2017-09-16 16:01:05,001 - [webpage_parser.py:63] - INFO - procotol:http, hostname:home.baidu.com, new_link:/home/index
2017-09-16 16:01:05,041 - [webpage_parser.py:63] - INFO - procotol:http, hostname:home.baidu.com, new_link:/home/index/join_us
2017-09-16 16:01:05,055 - [webpage_parser.py:63] - INFO - procotol:http, hostname:home.baidu.com, new_link:/home/index/contact_us
2017-09-16 16:01:05,093 - [webpage_parser.py:63] - INFO - procotol:http, hostname:home.baidu.com, new_link:/home/index
2017-09-16 16:01:05,128 - [webpage_parser.py:63] - INFO - procotol:http, hostname:home.baidu.com, new_link:/home/index/join_us
2017-09-16 16:01:05,163 - [webpage_parser.py:63] - INFO - procotol:http, hostname:home.baidu.com, new_link:/home/index/contact_us
2017-09-16 16:01:05,176 - [webpage_saver.py:45] - INFO - url http://home.baidu.com/home/index/company_culture is not match
2017-09-16 16:01:05,567 - [connectionpool.py:207] - DEBUG - Starting new HTTP connection (1): home.baidu.com
2017-09-16 16:01:05,568 - [connectionpool.py:207] - DEBUG - Starting new HTTP connection (1): home.baidu.com
2017-09-16 16:01:05,599 - [connectionpool.py:207] - DEBUG - Starting new HTTP connection (1): home.baidu.com
2017-09-16 16:01:05,600 - [connectionpool.py:207] - DEBUG - Starting new HTTP connection (1): home.baidu.com
2017-09-16 16:01:05,602 - [connectionpool.py:818] - DEBUG - Starting new HTTPS connection (1): www.baidu.com
2017-09-16 16:01:05,602 - [connectionpool.py:207] - DEBUG - Starting new HTTP connection (1): home.baidu.com
2017-09-16 16:01:05,654 - [connectionpool.py:395] - DEBUG - http://home.baidu.com:80 "GET /home/index/news_detail/id/17711 HTTP/1.1" 200 None
2017-09-16 16:01:05,693 - [webpage_parser.py:63] - INFO - procotol:http, hostname:v.baidu.com, new_link:javascript:void(0)
2017-09-16 16:01:05,694 - [connectionpool.py:395] - DEBUG - http://home.baidu.com:80 "GET /home/index/join_us HTTP/1.1" 200 None
2017-09-16 16:01:05,696 - [webpage_parser.py:63] - INFO - procotol:http, hostname:v.baidu.com, new_link:javascript:;
2017-09-16 16:01:05,720 - [connectionpool.py:395] - DEBUG - http://home.baidu.com:80 "GET /home/index/news_detail/id/17713 HTTP/1.1" 200 None
2017-09-16 16:01:05,749 - [webpage_parser.py:63] - INFO - procotol:http, hostname:home.baidu.com, new_link:/home/index
2017-09-16 16:01:05,750 - [connectionpool.py:395] - DEBUG - http://home.baidu.com:80 "GET /home/index/news_detail/id/17714 HTTP/1.1" 200 None
2017-09-16 16:01:05,751 - [webpage_parser.py:63] - INFO - procotol:http, hostname:home.baidu.com, new_link:/home/index
2017-09-16 16:01:05,777 - [connectionpool.py:395] - DEBUG - http://home.baidu.com:80 "GET /home/index/news_detail/id/17712 HTTP/1.1" 200 None
2017-09-16 16:01:05,806 - [webpage_parser.py:63] - INFO - procotol:http, hostname:home.baidu.com, new_link:/home/index/join_us
2017-09-16 16:01:05,816 - [webpage_parser.py:63] - INFO - procotol:http, hostname:home.baidu.com, new_link:/home/index
2017-09-16 16:01:05,825 - [webpage_parser.py:63] - INFO - procotol:http, hostname:home.baidu.com, new_link:/home/index/contact_us
2017-09-16 16:01:05,826 - [connectionpool.py:395] - DEBUG - https://www.baidu.com:443 "GET /s?wd=%E5%8D%81%E5%B2%81%E5%A5%B3%E7%AB%A5%E8%80%83%E4%B8%8A%E5%A4%A7%E4%B8%93 HTTP/1.1" 200 227
2017-09-16 16:01:05,897 - [webpage_parser.py:63] - INFO - procotol:http, hostname:home.baidu.com, new_link:/home/index
2017-09-16 16:01:05,862 - [webpage_parser.py:63] - INFO - procotol:http, hostname:home.baidu.com, new_link:/home/index
2017-09-16 16:01:05,898 - [webpage_parser.py:63] - INFO - procotol:http, hostname:home.baidu.com, new_link:/home/index
2017-09-16 16:01:05,899 - [webpage_parser.py:63] - INFO - procotol:http, hostname:home.baidu.com, new_link:/home/index
2017-09-16 16:01:05,940 - [webpage_parser.py:63] - INFO - procotol:http, hostname:home.baidu.com, new_link:/home/index
2017-09-16 16:01:05,943 - [webpage_saver.py:45] - INFO - url https://www.baidu.com/s?wd=十岁女童考上大专 is not match
2017-09-16 16:01:05,944 - [webpage_parser.py:63] - INFO - procotol:http, hostname:home.baidu.com, new_link:/home/index
2017-09-16 16:01:05,944 - [webpage_parser.py:63] - INFO - procotol:http, hostname:home.baidu.com, new_link:/home/index
2017-09-16 16:01:05,945 - [webpage_parser.py:63] - INFO - procotol:http, hostname:home.baidu.com, new_link:/home/index/join_us
2017-09-16 16:01:05,946 - [webpage_parser.py:63] - INFO - procotol:http, hostname:home.baidu.com, new_link:/home/index
2017-09-16 16:01:05,946 - [webpage_parser.py:63] - INFO - procotol:http, hostname:home.baidu.com, new_link:/home/index/join_us
2017-09-16 16:01:05,949 - [webpage_parser.py:63] - INFO - procotol:http, hostname:home.baidu.com, new_link:/home/index/join_us
2017-09-16 16:01:05,949 - [webpage_parser.py:63] - INFO - procotol:http, hostname:home.baidu.com, new_link:/home/index/join_us
2017-09-16 16:01:05,950 - [webpage_parser.py:63] - INFO - procotol:http, hostname:home.baidu.com, new_link:/home/index/contact_us
2017-09-16 16:01:05,950 - [webpage_parser.py:63] - INFO - procotol:http, hostname:home.baidu.com, new_link:/home/index/join_us
2017-09-16 16:01:05,951 - [webpage_parser.py:63] - INFO - procotol:http, hostname:home.baidu.com, new_link:/home/index/contact_us
2017-09-16 16:01:05,951 - [webpage_parser.py:63] - INFO - procotol:http, hostname:home.baidu.com, new_link:/home/index/contact_us
2017-09-16 16:01:05,952 - [webpage_parser.py:63] - INFO - procotol:http, hostname:home.baidu.com, new_link:/home/index/contact_us
2017-09-16 16:01:05,953 - [webpage_parser.py:63] - INFO - procotol:http, hostname:home.baidu.com, new_link:/home/index/contact_us
2017-09-16 16:01:05,953 - [webpage_parser.py:63] - INFO - procotol:http, hostname:home.baidu.com, new_link:/home/index
2017-09-16 16:01:05,954 - [webpage_parser.py:63] - INFO - procotol:http, hostname:home.baidu.com, new_link:/home/index
2017-09-16 16:01:05,954 - [webpage_parser.py:63] - INFO - procotol:http, hostname:home.baidu.com, new_link:/home/index
2017-09-16 16:01:05,954 - [webpage_parser.py:63] - INFO - procotol:http, hostname:home.baidu.com, new_link:/home/index
2017-09-16 16:01:05,955 - [webpage_parser.py:63] - INFO - procotol:http, hostname:home.baidu.com, new_link:/home/index/join_us
2017-09-16 16:01:05,955 - [webpage_parser.py:63] - INFO - procotol:http, hostname:home.baidu.com, new_link:/home/index/join_us
2017-09-16 16:01:05,956 - [webpage_parser.py:63] - INFO - procotol:http, hostname:home.baidu.com, new_link:/home/index/join_us
2017-09-16 16:01:05,956 - [webpage_parser.py:63] - INFO - procotol:http, hostname:home.baidu.com, new_link:/home/index/join_us
2017-09-16 16:01:05,956 - [webpage_saver.py:45] - INFO - url http://home.baidu.com/home/index/join_us is not match
2017-09-16 16:01:05,957 - [webpage_parser.py:63] - INFO - procotol:http, hostname:home.baidu.com, new_link:/home/index/contact_us
2017-09-16 16:01:05,957 - [webpage_parser.py:63] - INFO - procotol:http, hostname:home.baidu.com, new_link:/home/index/contact_us
2017-09-16 16:01:05,958 - [webpage_parser.py:63] - INFO - procotol:http, hostname:home.baidu.com, new_link:/home/index/contact_us
2017-09-16 16:01:05,959 - [webpage_parser.py:63] - INFO - procotol:http, hostname:home.baidu.com, new_link:/home/index/contact_us
2017-09-16 16:01:05,967 - [webpage_saver.py:45] - INFO - url http://home.baidu.com/home/index/news_detail/id/17711 is not match
2017-09-16 16:01:05,969 - [webpage_saver.py:45] - INFO - url http://home.baidu.com/home/index/news_detail/id/17714 is not match
2017-09-16 16:01:05,970 - [webpage_saver.py:45] - INFO - url http://home.baidu.com/home/index/news_detail/id/17712 is not match
2017-09-16 16:01:05,970 - [webpage_saver.py:45] - INFO - url http://home.baidu.com/home/index/news_detail/id/17713 is not match
2017-09-16 16:01:05,977 - [webpage_saver.py:45] - INFO - url http://v.baidu.com is not match
2017-09-16 16:01:06,225 - [connectionpool.py:818] - DEBUG - Starting new HTTPS connection (1): www.baidu.com
2017-09-16 16:01:06,277 - [connectionpool.py:395] - DEBUG - https://www.baidu.com:443 "GET /s?wd=%E6%9C%80%E4%B8%8D%E5%A5%BD%E5%AE%A2%E5%9B%BD%E5%AE%B6%E6%8E%92%E8%A1%8C HTTP/1.1" 200 227
2017-09-16 16:01:06,284 - [webpage_saver.py:45] - INFO - url https://www.baidu.com/s?wd=最不好客国家排行 is not match
2017-09-16 16:01:06,954 - [connectionpool.py:818] - DEBUG - Starting new HTTPS connection (1): www.baidu.com
2017-09-16 16:01:06,966 - [connectionpool.py:818] - DEBUG - Starting new HTTPS connection (1): www.baidu.com
2017-09-16 16:01:06,993 - [connectionpool.py:207] - DEBUG - Starting new HTTP connection (1): csr.baidu.com
2017-09-16 16:01:06,998 - [connectionpool.py:207] - DEBUG - Starting new HTTP connection (1): home.baidu.com
2017-09-16 16:01:06,999 - [connectionpool.py:818] - DEBUG - Starting new HTTPS connection (1): www.baidu.com
2017-09-16 16:01:06,999 - [connectionpool.py:207] - DEBUG - Starting new HTTP connection (1): create.baidu.com
2017-09-16 16:01:06,999 - [connectionpool.py:818] - DEBUG - Starting new HTTPS connection (1): www.baidu.com
2017-09-16 16:01:07,014 - [connectionpool.py:395] - DEBUG - https://www.baidu.com:443 "GET /s?wd=%E6%9D%8E%E9%9B%A8%E6%A1%90%E5%86%8D%E7%88%86%E6%96%99 HTTP/1.1" 200 227
2017-09-16 16:01:07,026 - [webpage_saver.py:45] - INFO - url https://www.baidu.com/s?wd=李雨桐再爆料 is not match
2017-09-16 16:01:07,031 - [connectionpool.py:395] - DEBUG - http://home.baidu.com:80 "GET /home/index/special/id/34 HTTP/1.1" 200 None
2017-09-16 16:01:07,061 - [connectionpool.py:395] - DEBUG - https://www.baidu.com:443 "GET /s?wd=B%E7%AB%99%E8%AF%B7%E9%81%93%E5%A3%AB%E4%BD%9C%E6%B3%95 HTTP/1.1" 200 227
2017-09-16 16:01:07,071 - [connectionpool.py:395] - DEBUG - http://csr.baidu.com:80 "GET / HTTP/1.1" 200 None
2017-09-16 16:01:07,072 - [webpage_parser.py:63] - INFO - procotol:http, hostname:home.baidu.com, new_link:/home/index
2017-09-16 16:01:07,080 - [webpage_saver.py:45] - INFO - url https://www.baidu.com/s?wd=B站请道士作法 is not match
2017-09-16 16:01:07,082 - [webpage_parser.py:63] - INFO - procotol:http, hostname:home.baidu.com, new_link:/home/index
2017-09-16 16:01:07,083 - [webpage_parser.py:63] - INFO - procotol:http, hostname:home.baidu.com, new_link:/home/index/join_us
2017-09-16 16:01:07,120 - [webpage_parser.py:63] - INFO - procotol:http, hostname:csr.baidu.com, new_link:/
2017-09-16 16:01:07,120 - [webpage_parser.py:63] - INFO - procotol:http, hostname:home.baidu.com, new_link:/home/index/contact_us
2017-09-16 16:01:07,122 - [connectionpool.py:395] - DEBUG - https://www.baidu.com:443 "GET /s?wd=%E7%8E%8B%E5%AE%9D%E5%BC%BA%E6%9D%91%E6%B0%91%E8%B0%88%E5%AE%8B%E5%96%86 HTTP/1.1" 200 227
2017-09-16 16:01:07,122 - [webpage_parser.py:63] - INFO - procotol:http, hostname:csr.baidu.com, new_link:javascript:;
2017-09-16 16:01:07,122 - [webpage_parser.py:63] - INFO - procotol:http, hostname:home.baidu.com, new_link:/home/index
2017-09-16 16:01:07,126 - [webpage_parser.py:63] - INFO - procotol:http, hostname:home.baidu.com, new_link:/home/index/join_us
2017-09-16 16:01:07,130 - [webpage_saver.py:45] - INFO - url https://www.baidu.com/s?wd=王宝强村民谈宋喆 is not match
2017-09-16 16:01:07,131 - [webpage_parser.py:63] - INFO - procotol:http, hostname:csr.baidu.com, new_link:javascript:;
2017-09-16 16:01:07,131 - [webpage_parser.py:63] - INFO - procotol:http, hostname:home.baidu.com, new_link:/home/index/contact_us
2017-09-16 16:01:07,132 - [connectionpool.py:395] - DEBUG - https://www.baidu.com:443 "GET /s?wd=%E6%97%A5%E4%BC%81%E5%91%A8%E4%BC%91%E4%B8%89%E6%97%A5 HTTP/1.1" 200 227
2017-09-16 16:01:07,132 - [webpage_parser.py:63] - INFO - procotol:http, hostname:csr.baidu.com, new_link:/
2017-09-16 16:01:07,134 - [webpage_saver.py:45] - INFO - url http://home.baidu.com/home/index/special/id/34 is not match
2017-09-16 16:01:07,141 - [webpage_saver.py:45] - INFO - url https://www.baidu.com/s?wd=日企周休三日 is not match
2017-09-16 16:01:07,141 - [webpage_parser.py:63] - INFO - procotol:http, hostname:csr.baidu.com, new_link:/about.html
2017-09-16 16:01:07,142 - [webpage_parser.py:63] - INFO - procotol:http, hostname:csr.baidu.com, new_link:/chairman.html
2017-09-16 16:01:07,143 - [webpage_parser.py:63] - INFO - procotol:http, hostname:csr.baidu.com, new_link:/chairman.html
2017-09-16 16:01:07,143 - [webpage_parser.py:63] - INFO - procotol:http, hostname:csr.baidu.com, new_link:/community.html
2017-09-16 16:01:07,143 - [webpage_parser.py:63] - INFO - procotol:http, hostname:csr.baidu.com, new_link:/partner.html
2017-09-16 16:01:07,144 - [webpage_parser.py:63] - INFO - procotol:http, hostname:csr.baidu.com, new_link:/staff.html
2017-09-16 16:01:07,144 - [webpage_parser.py:63] - INFO - procotol:http, hostname:csr.baidu.com, new_link:/product.html
2017-09-16 16:01:07,144 - [webpage_parser.py:63] - INFO - procotol:http, hostname:csr.baidu.com, new_link:/product.html
2017-09-16 16:01:07,145 - [webpage_parser.py:63] - INFO - procotol:http, hostname:csr.baidu.com, new_link:/departmend.html
2017-09-16 16:01:07,145 - [webpage_parser.py:63] - INFO - procotol:http, hostname:csr.baidu.com, new_link:/tousu.html
2017-09-16 16:01:07,146 - [webpage_parser.py:63] - INFO - procotol:http, hostname:csr.baidu.com, new_link:/download/report/list.html
2017-09-16 16:01:07,146 - [webpage_parser.py:63] - INFO - procotol:http, hostname:csr.baidu.com, new_link:/download/report/list.html
2017-09-16 16:01:07,146 - [webpage_parser.py:63] - INFO - procotol:http, hostname:csr.baidu.com, new_link:/Home/download/poiny.html
2017-09-16 16:01:07,146 - [webpage_parser.py:63] - INFO - procotol:http, hostname:csr.baidu.com, new_link:/briefin/gout.html
2017-09-16 16:01:07,147 - [webpage_parser.py:63] - INFO - procotol:http, hostname:csr.baidu.com, new_link:/contact.html
2017-09-16 16:01:07,147 - [webpage_parser.py:63] - INFO - procotol:http, hostname:csr.baidu.com, new_link:/chairman.html
2017-09-16 16:01:07,147 - [webpage_parser.py:63] - INFO - procotol:http, hostname:csr.baidu.com, new_link:/communication/user/450.html
2017-09-16 16:01:07,148 - [webpage_parser.py:63] - INFO - procotol:http, hostname:csr.baidu.com, new_link:/communication/user/450.html
2017-09-16 16:01:07,148 - [webpage_parser.py:63] - INFO - procotol:http, hostname:csr.baidu.com, new_link:/communication/user/450.html
2017-09-16 16:01:07,148 - [webpage_parser.py:63] - INFO - procotol:http, hostname:csr.baidu.com, new_link:/communication/user/448.html
2017-09-16 16:01:07,149 - [webpage_parser.py:63] - INFO - procotol:http, hostname:csr.baidu.com, new_link:/communication/user/448.html
2017-09-16 16:01:07,149 - [webpage_parser.py:63] - INFO - procotol:http, hostname:csr.baidu.com, new_link:/communication/user/448.html
2017-09-16 16:01:07,149 - [webpage_parser.py:63] - INFO - procotol:http, hostname:csr.baidu.com, new_link:/communication/user/446.html
2017-09-16 16:01:07,150 - [webpage_parser.py:63] - INFO - procotol:http, hostname:csr.baidu.com, new_link:/communication/user/446.html
2017-09-16 16:01:07,150 - [webpage_parser.py:63] - INFO - procotol:http, hostname:csr.baidu.com, new_link:/communication/user/446.html
2017-09-16 16:01:07,150 - [webpage_parser.py:63] - INFO - procotol:http, hostname:csr.baidu.com, new_link:/communication/user/444.html
2017-09-16 16:01:07,150 - [webpage_parser.py:63] - INFO - procotol:http, hostname:csr.baidu.com, new_link:/communication/user/444.html
2017-09-16 16:01:07,151 - [webpage_parser.py:63] - INFO - procotol:http, hostname:csr.baidu.com, new_link:/communication/user/444.html
2017-09-16 16:01:07,151 - [webpage_parser.py:63] - INFO - procotol:http, hostname:csr.baidu.com, new_link:/communication/user/442.html
2017-09-16 16:01:07,151 - [webpage_parser.py:63] - INFO - procotol:http, hostname:csr.baidu.com, new_link:/communication/user/442.html
2017-09-16 16:01:07,152 - [webpage_parser.py:63] - INFO - procotol:http, hostname:csr.baidu.com, new_link:/communication/user/442.html
2017-09-16 16:01:07,152 - [webpage_parser.py:63] - INFO - procotol:http, hostname:csr.baidu.com, new_link:/communication/user/440.html
2017-09-16 16:01:07,153 - [webpage_parser.py:63] - INFO - procotol:http, hostname:csr.baidu.com, new_link:/communication/user/440.html
2017-09-16 16:01:07,153 - [webpage_parser.py:63] - INFO - procotol:http, hostname:csr.baidu.com, new_link:/communication/user/440.html
2017-09-16 16:01:07,153 - [webpage_parser.py:63] - INFO - procotol:http, hostname:csr.baidu.com, new_link:/briefin/gout.html
2017-09-16 16:01:07,154 - [webpage_parser.py:63] - INFO - procotol:http, hostname:csr.baidu.com, new_link:/Uploads/File/2017/07/11/u59644149aca0e.rar
2017-09-16 16:01:07,154 - [webpage_parser.py:63] - INFO - procotol:http, hostname:csr.baidu.com, new_link:/Uploads/File/2017/05/04/u590acee72314c.rar
2017-09-16 16:01:07,154 - [webpage_parser.py:63] - INFO - procotol:http, hostname:csr.baidu.com, new_link:/Uploads/File/2017/01/06/u586efd4b92d94.rar
2017-09-16 16:01:07,155 - [webpage_parser.py:63] - INFO - procotol:http, hostname:csr.baidu.com, new_link:mailto:baiducsr@baidu.com
2017-09-16 16:01:07,156 - [webpage_saver.py:45] - INFO - url http://csr.baidu.com/ is not match
2017-09-16 16:01:07,289 - [connectionpool.py:818] - DEBUG - Starting new HTTPS connection (1): www.baidu.com
2017-09-16 16:01:07,352 - [connectionpool.py:395] - DEBUG - https://www.baidu.com:443 "GET /s?wd=%E6%9D%8E%E6%99%A8%E6%B1%82%E5%A9%9A%E8%8C%83%E5%86%B0%E5%86%B0 HTTP/1.1" 200 227
2017-09-16 16:01:07,360 - [webpage_saver.py:45] - INFO - url https://www.baidu.com/s?wd=李晨求婚范冰冰 is not match
2017-09-16 16:01:08,012 - [webpage_crawler.py:77] - ERROR - Connection Error url http://create.baidu.com/index/
2017-09-16 16:01:08,012 - [webpage_crawler.py:115] - ERROR - crawl url http://create.baidu.com/index/ failed, status code 4
2017-09-16 16:01:08,036 - [connectionpool.py:818] - DEBUG - Starting new HTTPS connection (1): www.baidu.com
2017-09-16 16:01:08,090 - [connectionpool.py:207] - DEBUG - Starting new HTTP connection (1): pro.baidu.com
2017-09-16 16:01:08,092 - [connectionpool.py:395] - DEBUG - https://www.baidu.com:443 "GET /s?wd=ios11%E6%AD%A3%E5%BC%8F%E7%89%88 HTTP/1.1" 200 227
2017-09-16 16:01:08,099 - [webpage_saver.py:45] - INFO - url https://www.baidu.com/s?wd=ios11正式版 is not match
2017-09-16 16:01:08,139 - [connectionpool.py:818] - DEBUG - Starting new HTTPS connection (1): www.baidu.com
2017-09-16 16:01:08,153 - [connectionpool.py:818] - DEBUG - Starting new HTTPS connection (1): www.baidu.com
2017-09-16 16:01:08,153 - [connectionpool.py:818] - DEBUG - Starting new HTTPS connection (1): www.baidu.com
2017-09-16 16:01:08,166 - [connectionpool.py:818] - DEBUG - Starting new HTTPS connection (1): www.baidu.com
2017-09-16 16:01:08,182 - [connectionpool.py:395] - DEBUG - http://pro.baidu.com:80 "GET / HTTP/1.1" 200 None
2017-09-16 16:01:08,206 - [connectionpool.py:395] - DEBUG - https://www.baidu.com:443 "GET /s?wd=8%E5%A4%A9%E9%95%BF%E5%81%876%E5%9C%BA%E5%A9%9A%E7%A4%BC HTTP/1.1" 200 227
2017-09-16 16:01:08,213 - [webpage_saver.py:45] - INFO - url https://www.baidu.com/s?wd=8天长假6场婚礼 is not match
2017-09-16 16:01:08,227 - [connectionpool.py:395] - DEBUG - https://www.baidu.com:443 "GET /s?wd=%E6%96%B0%E5%8A%A0%E5%9D%A1%E9%A6%96%E4%BD%8D%E5%A5%B3%E6%80%BB%E7%BB%9F HTTP/1.1" 200 227
2017-09-16 16:01:08,242 - [connectionpool.py:395] - DEBUG - https://www.baidu.com:443 "GET /s?wd=%E5%B0%8F%E5%AD%A6%E7%94%9F%E8%8E%B7%E5%9B%BD%E5%AE%B6%E4%B8%93%E5%88%A9 HTTP/1.1" 200 227
2017-09-16 16:01:08,246 - [connectionpool.py:395] - DEBUG - https://www.baidu.com:443 "GET /s?wd=%E5%9B%BD%E5%AE%B6%E8%81%8C%E4%B8%9A%E8%B5%84%E6%A0%BC%E7%9B%AE%E5%BD%95 HTTP/1.1" 200 227
2017-09-16 16:01:08,258 - [webpage_saver.py:45] - INFO - url https://www.baidu.com/s?wd=新加坡首位女总统 is not match
2017-09-16 16:01:08,267 - [webpage_saver.py:45] - INFO - url https://www.baidu.com/s?wd=国家职业资格目录 is not match
2017-09-16 16:01:08,270 - [webpage_saver.py:45] - INFO - url https://www.baidu.com/s?wd=小学生获国家专利 is not match
2017-09-16 16:01:08,493 - [connectionpool.py:818] - DEBUG - Starting new HTTPS connection (1): www.baidu.com
2017-09-16 16:01:08,505 - [webpage_parser.py:63] - INFO - procotol:http, hostname:pro.baidu.com, new_link:javascript:void(0);
2017-09-16 16:01:08,512 - [webpage_parser.py:63] - INFO - procotol:http, hostname:pro.baidu.com, new_link:&id=gg
2017-09-16 16:01:08,514 - [webpage_parser.py:63] - INFO - procotol:http, hostname:pro.baidu.com, new_link:#up
2017-09-16 16:01:08,514 - [webpage_parser.py:63] - INFO - procotol:http, hostname:pro.baidu.com, new_link:#down
2017-09-16 16:01:08,530 - [webpage_saver.py:45] - INFO - url http://pro.baidu.com/ is not match
2017-09-16 16:01:08,562 - [connectionpool.py:395] - DEBUG - https://www.baidu.com:443 "GET /s?wd=%E7%BE%8E%E5%9B%BD%E5%86%9B%E4%BA%8B%E5%9F%BA%E5%9C%B0%E7%88%86%E7%82%B8 HTTP/1.1" 200 227
2017-09-16 16:01:08,569 - [webpage_saver.py:45] - INFO - url https://www.baidu.com/s?wd=美国军事基地爆炸 is not match
2017-09-16 16:01:09,020 - [connectionpool.py:207] - DEBUG - Starting new HTTP connection (1): home.baidu.com
2017-09-16 16:01:09,050 - [connectionpool.py:395] - DEBUG - http://home.baidu.com:80 "GET /home/index/show_banner_content/id/15/type/mobile HTTP/1.1" 200 None
2017-09-16 16:01:09,084 - [webpage_parser.py:63] - INFO - procotol:http, hostname:home.baidu.com, new_link:/home/index
2017-09-16 16:01:09,085 - [webpage_parser.py:63] - INFO - procotol:http, hostname:home.baidu.com, new_link:/home/index
2017-09-16 16:01:09,085 - [webpage_parser.py:63] - INFO - procotol:http, hostname:home.baidu.com, new_link:/home/index/join_us
2017-09-16 16:01:09,086 - [webpage_parser.py:63] - INFO - procotol:http, hostname:home.baidu.com, new_link:/home/index/contact_us
2017-09-16 16:01:09,086 - [webpage_parser.py:63] - INFO - procotol:http, hostname:home.baidu.com, new_link:/home/index
2017-09-16 16:01:09,086 - [webpage_parser.py:63] - INFO - procotol:http, hostname:home.baidu.com, new_link:/home/index/join_us
2017-09-16 16:01:09,087 - [webpage_parser.py:63] - INFO - procotol:http, hostname:home.baidu.com, new_link:/home/index/contact_us
2017-09-16 16:01:09,088 - [webpage_saver.py:45] - INFO - url http://home.baidu.com/home/index/show_banner_content/id/15/type/mobile is not match
2017-09-16 16:01:09,107 - [connectionpool.py:207] - DEBUG - Starting new HTTP connection (1): weibo.com
2017-09-16 16:01:09,221 - [connectionpool.py:207] - DEBUG - Starting new HTTP connection (1): home.baidu.com
2017-09-16 16:01:09,281 - [connectionpool.py:818] - DEBUG - Starting new HTTPS connection (1): www.baidu.com
2017-09-16 16:01:09,282 - [connectionpool.py:818] - DEBUG - Starting new HTTPS connection (1): twitter.com
2017-09-16 16:01:09,282 - [connectionpool.py:207] - DEBUG - Starting new HTTP connection (1): home.baidu.com
2017-09-16 16:01:09,536 - [webpage_crawler.py:105] - ERROR - url //ir.baidu.com/phoenix.zhtml?c=188488&p=irol-irhome startswith //
2017-09-16 16:01:09,544 - [connectionpool.py:395] - DEBUG - http://home.baidu.com:80 "GET /home/index/news_detail/id/17710 HTTP/1.1" 200 None
2017-09-16 16:01:09,545 - [connectionpool.py:818] - DEBUG - Starting new HTTPS connection (1): www.baidu.com
2017-09-16 16:01:09,547 - [connectionpool.py:395] - DEBUG - http://home.baidu.com:80 "GET /home/index/management_team HTTP/1.1" 200 None
2017-09-16 16:01:09,599 - [webpage_parser.py:63] - INFO - procotol:http, hostname:home.baidu.com, new_link:/home/index
2017-09-16 16:01:09,602 - [webpage_parser.py:63] - INFO - procotol:http, hostname:home.baidu.com, new_link:/home/index
2017-09-16 16:01:09,603 - [webpage_parser.py:63] - INFO - procotol:http, hostname:home.baidu.com, new_link:/home/index/join_us
2017-09-16 16:01:09,605 - [connectionpool.py:818] - DEBUG - Starting new HTTPS connection (1): www.baidu.com
2017-09-16 16:01:09,605 - [webpage_parser.py:63] - INFO - procotol:http, hostname:home.baidu.com, new_link:/home/index/contact_us
2017-09-16 16:01:09,606 - [connectionpool.py:395] - DEBUG - http://weibo.com:80 "GET /baiduguanfang?refer_flag=1001030101_&is_hot=1 HTTP/1.1" 302 None
2017-09-16 16:01:09,608 - [webpage_parser.py:63] - INFO - procotol:http, hostname:home.baidu.com, new_link:/home/index
2017-09-16 16:01:09,611 - [webpage_parser.py:63] - INFO - procotol:http, hostname:home.baidu.com, new_link:/home/index/join_us
2017-09-16 16:01:09,634 - [webpage_parser.py:63] - INFO - procotol:http, hostname:home.baidu.com, new_link:/home/index/contact_us
2017-09-16 16:01:09,634 - [connectionpool.py:395] - DEBUG - https://www.baidu.com:443 "GET /s?wd=%E9%B9%BF%E6%99%97%E9%99%88%E8%B5%AB%E6%B8%B8%E6%88%8F%E7%9B%B4%E6%92%AD HTTP/1.1" 200 227
2017-09-16 16:01:09,659 - [webpage_parser.py:63] - INFO - procotol:http, hostname:home.baidu.com, new_link:/home/index
2017-09-16 16:01:09,662 - [webpage_saver.py:45] - INFO - url http://home.baidu.com/home/index/management_team is not match
2017-09-16 16:01:09,669 - [webpage_parser.py:63] - INFO - procotol:http, hostname:home.baidu.com, new_link:/home/index
2017-09-16 16:01:09,672 - [webpage_saver.py:45] - INFO - url https://www.baidu.com/s?wd=鹿晗陈赫游戏直播 is not match
2017-09-16 16:01:09,672 - [connectionpool.py:818] - DEBUG - Starting new HTTPS connection (1): passport.weibo.com
2017-09-16 16:01:09,673 - [webpage_parser.py:63] - INFO - procotol:http, hostname:home.baidu.com, new_link:/home/index/join_us
2017-09-16 16:01:09,674 - [webpage_parser.py:63] - INFO - procotol:http, hostname:home.baidu.com, new_link:/home/index/contact_us
2017-09-16 16:01:09,675 - [webpage_parser.py:63] - INFO - procotol:http, hostname:home.baidu.com, new_link:/home/index
2017-09-16 16:01:09,675 - [webpage_parser.py:63] - INFO - procotol:http, hostname:home.baidu.com, new_link:/home/index/join_us
2017-09-16 16:01:09,675 - [webpage_parser.py:63] - INFO - procotol:http, hostname:home.baidu.com, new_link:/home/index/contact_us
2017-09-16 16:01:09,676 - [webpage_saver.py:45] - INFO - url http://home.baidu.com/home/index/news_detail/id/17710 is not match
2017-09-16 16:01:09,695 - [connectionpool.py:395] - DEBUG - https://www.baidu.com:443 "GET /s?wd=%E6%AF%94%E7%89%B9%E5%B8%81%E4%B8%AD%E5%9B%BD%E5%B0%86%E5%85%B3%E5%81%9C HTTP/1.1" 200 227
2017-09-16 16:01:09,702 - [webpage_saver.py:45] - INFO - url https://www.baidu.com/s?wd=比特币中国将关停 is not match
2017-09-16 16:01:09,712 - [connectionpool.py:395] - DEBUG - https://www.baidu.com:443 "GET /s?wd=%E4%BC%A0%E5%A5%87%E5%A4%A7%E7%86%8A%E7%8C%AB%E5%8E%BB%E4%B8%96 HTTP/1.1" 200 227
2017-09-16 16:01:09,720 - [webpage_saver.py:45] - INFO - url https://www.baidu.com/s?wd=传奇大熊猫去世 is not match
2017-09-16 16:01:10,096 - [connectionpool.py:818] - DEBUG - Starting new HTTPS connection (1): www.baidu.com
2017-09-16 16:01:10,144 - [connectionpool.py:395] - DEBUG - https://www.baidu.com:443 "GET /s?wd=%E8%97%8F%E7%8D%92%E7%BB%8F%E6%B5%8E%E5%B4%A9%E7%9B%98 HTTP/1.1" 200 227
2017-09-16 16:01:10,151 - [webpage_saver.py:45] - INFO - url https://www.baidu.com/s?wd=藏獒经济崩盘 is not match
2017-09-16 16:01:10,346 - [connectionpool.py:395] - DEBUG - https://passport.weibo.com:443 "GET /visitor/visitor?entry=miniblog&a=enter&url=http%3A%2F%2Fweibo.com%2Fbaiduguanfang%3Frefer_flag%3D1001030101_%26is_hot%3D1&domain=.weibo.com&ua=php-sso_sdk_client-0.6.23&_rand=1505548867.989 HTTP/1.1" 200 None
2017-09-16 16:01:10,357 - [webpage_saver.py:45] - INFO - url http://weibo.com/baiduguanfang?refer_flag=1001030101_&is_hot=1 is not match
2017-09-16 16:01:10,519 - [webpage_crawler.py:77] - ERROR - Connection Error url https://twitter.com/Baidu_Inc
2017-09-16 16:01:10,519 - [webpage_crawler.py:115] - ERROR - crawl url https://twitter.com/Baidu_Inc failed, status code 4
2017-09-16 16:01:10,677 - [connectionpool.py:207] - DEBUG - Starting new HTTP connection (1): union.baidu.com
2017-09-16 16:01:10,681 - [connectionpool.py:207] - DEBUG - Starting new HTTP connection (1): quanjing.baidu.com
2017-09-16 16:01:10,684 - [connectionpool.py:818] - DEBUG - Starting new HTTPS connection (1): www.baidu.com
2017-09-16 16:01:10,694 - [connectionpool.py:395] - DEBUG - http://union.baidu.com:80 "GET /customerLogin.html?fromu=http%3A%2F%2Funion.baidu.com%2F HTTP/1.1" 200 None
2017-09-16 16:01:10,715 - [connectionpool.py:395] - DEBUG - http://quanjing.baidu.com:80 "GET /baidu HTTP/1.1" 301 0
2017-09-16 16:01:10,754 - [webpage_parser.py:63] - INFO - procotol:http, hostname:union.baidu.com, new_link:http:///www.ifeng.com/
2017-09-16 16:01:10,757 - [connectionpool.py:207] - DEBUG - Starting new HTTP connection (1): home.baidu.com
2017-09-16 16:01:10,759 - [webpage_parser.py:63] - INFO - procotol:http, hostname:union.baidu.com, new_link:/register.action
2017-09-16 16:01:10,766 - [connectionpool.py:207] - DEBUG - Starting new HTTP connection (1): home.baidu.com
2017-09-16 16:01:10,768 - [webpage_saver.py:45] - INFO - url http://union.baidu.com/customerLogin.html?fromu=http%3A%2F%2Funion.baidu.com%2F is not match
2017-09-16 16:01:10,788 - [connectionpool.py:395] - DEBUG - https://www.baidu.com:443 "GET /s?wd=%E9%AA%91%E5%8D%95%E8%BD%A6%E8%BA%AB%E4%BA%A1%E6%A1%88%E5%BC%80%E5%BA%AD HTTP/1.1" 200 227
2017-09-16 16:01:10,797 - [webpage_saver.py:45] - INFO - url https://www.baidu.com/s?wd=骑单车身亡案开庭 is not match
2017-09-16 16:01:10,801 - [connectionpool.py:395] - DEBUG - http://home.baidu.com:80 "GET /home/index/news_detail/id/17709 HTTP/1.1" 200 None
2017-09-16 16:01:10,842 - [webpage_parser.py:63] - INFO - procotol:http, hostname:home.baidu.com, new_link:/home/index
2017-09-16 16:01:10,843 - [webpage_parser.py:63] - INFO - procotol:http, hostname:home.baidu.com, new_link:/home/index
2017-09-16 16:01:10,843 - [webpage_parser.py:63] - INFO - procotol:http, hostname:home.baidu.com, new_link:/home/index/join_us
2017-09-16 16:01:10,843 - [webpage_parser.py:63] - INFO - procotol:http, hostname:home.baidu.com, new_link:/home/index/contact_us
2017-09-16 16:01:10,844 - [webpage_parser.py:63] - INFO - procotol:http, hostname:home.baidu.com, new_link:/home/index
2017-09-16 16:01:10,844 - [webpage_parser.py:63] - INFO - procotol:http, hostname:home.baidu.com, new_link:/home/index/join_us
2017-09-16 16:01:10,844 - [webpage_parser.py:63] - INFO - procotol:http, hostname:home.baidu.com, new_link:/home/index/contact_us
2017-09-16 16:01:10,846 - [webpage_saver.py:45] - INFO - url http://home.baidu.com/home/index/news_detail/id/17709 is not match
2017-09-16 16:01:10,931 - [connectionpool.py:395] - DEBUG - http://quanjing.baidu.com:80 "GET /baidu/ HTTP/1.1" 200 733
2017-09-16 16:01:10,937 - [webpage_saver.py:45] - INFO - url http://quanjing.baidu.com/baidu is not match
2017-09-16 16:01:11,163 - [connectionpool.py:818] - DEBUG - Starting new HTTPS connection (1): www.baidu.com
2017-09-16 16:01:11,226 - [connectionpool.py:395] - DEBUG - https://www.baidu.com:443 "GET /s?wd=%E6%94%BF%E5%BA%9C%E7%A6%81%E7%94%A8%E5%8D%A1%E5%B7%B4%E6%96%AF%E5%9F%BA HTTP/1.1" 200 227
2017-09-16 16:01:11,235 - [webpage_saver.py:45] - INFO - url https://www.baidu.com/s?wd=政府禁用卡巴斯基 is not match
2017-09-16 16:01:11,363 - [connectionpool.py:207] - DEBUG - Starting new HTTP connection (1): home.baidu.com
2017-09-16 16:01:11,440 - [connectionpool.py:395] - DEBUG - http://home.baidu.com:80 "GET /home/index/news_list HTTP/1.1" 200 None
2017-09-16 16:01:11,519 - [webpage_parser.py:63] - INFO - procotol:http, hostname:home.baidu.com, new_link:/home/index
2017-09-16 16:01:11,519 - [webpage_parser.py:63] - INFO - procotol:http, hostname:home.baidu.com, new_link:/home/index
2017-09-16 16:01:11,520 - [webpage_parser.py:63] - INFO - procotol:http, hostname:home.baidu.com, new_link:/home/index/join_us
2017-09-16 16:01:11,520 - [webpage_parser.py:63] - INFO - procotol:http, hostname:home.baidu.com, new_link:/home/index/contact_us
2017-09-16 16:01:11,521 - [webpage_parser.py:63] - INFO - procotol:http, hostname:home.baidu.com, new_link:/home/index
2017-09-16 16:01:11,521 - [webpage_parser.py:63] - INFO - procotol:http, hostname:home.baidu.com, new_link:/home/index/join_us
2017-09-16 16:01:11,521 - [webpage_parser.py:63] - INFO - procotol:http, hostname:home.baidu.com, new_link:/home/index/contact_us
2017-09-16 16:01:11,522 - [webpage_parser.py:63] - INFO - procotol:http, hostname:home.baidu.com, new_link:/home/index/news_detail/id/17714
2017-09-16 16:01:11,522 - [webpage_parser.py:63] - INFO - procotol:http, hostname:home.baidu.com, new_link:/home/index/news_detail/id/17713
2017-09-16 16:01:11,522 - [webpage_parser.py:63] - INFO - procotol:http, hostname:home.baidu.com, new_link:/home/index/news_detail/id/17712
2017-09-16 16:01:11,523 - [webpage_parser.py:63] - INFO - procotol:http, hostname:home.baidu.com, new_link:/home/index/news_detail/id/17711
2017-09-16 16:01:11,527 - [webpage_parser.py:63] - INFO - procotol:http, hostname:home.baidu.com, new_link:/home/index/news_detail/id/17710
2017-09-16 16:01:11,527 - [webpage_parser.py:63] - INFO - procotol:http, hostname:home.baidu.com, new_link:/home/index/news_detail/id/17709
2017-09-16 16:01:11,528 - [connectionpool.py:818] - DEBUG - Starting new HTTPS connection (1): www.baidu.com
2017-09-16 16:01:11,528 - [webpage_parser.py:63] - INFO - procotol:http, hostname:home.baidu.com, new_link:/home/index/news_detail/id/17708
2017-09-16 16:01:11,529 - [webpage_parser.py:63] - INFO - procotol:http, hostname:home.baidu.com, new_link:/home/index/news_detail/id/17707
2017-09-16 16:01:11,529 - [webpage_parser.py:63] - INFO - procotol:http, hostname:home.baidu.com, new_link:/home/index/news_detail/id/17706
2017-09-16 16:01:11,530 - [webpage_parser.py:63] - INFO - procotol:http, hostname:home.baidu.com, new_link:/home/index/news_detail/id/17703
2017-09-16 16:01:11,530 - [webpage_parser.py:63] - INFO - procotol:http, hostname:home.baidu.com, new_link:/home/index/news_detail/id/17704
2017-09-16 16:01:11,531 - [webpage_parser.py:63] - INFO - procotol:http, hostname:home.baidu.com, new_link:/home/index/news_detail/id/17705
2017-09-16 16:01:11,531 - [webpage_parser.py:63] - INFO - procotol:http, hostname:home.baidu.com, new_link:/home/index/news_detail/id/17702
2017-09-16 16:01:11,531 - [webpage_parser.py:63] - INFO - procotol:http, hostname:home.baidu.com, new_link:/home/index/news_detail/id/17701
2017-09-16 16:01:11,532 - [webpage_parser.py:63] - INFO - procotol:http, hostname:home.baidu.com, new_link:/home/index/news_detail/id/17700
2017-09-16 16:01:11,533 - [webpage_saver.py:45] - INFO - url http://home.baidu.com/home/index/news_list is not match
2017-09-16 16:01:11,585 - [connectionpool.py:395] - DEBUG - https://www.baidu.com:443 "GET /s?wd=%E6%9E%97%E5%BF%83%E5%A6%82%E5%BE%8B%E5%B8%88%E5%8F%91%E5%A3%B0%E6%98%8E HTTP/1.1" 200 227
2017-09-16 16:01:11,602 - [webpage_saver.py:45] - INFO - url https://www.baidu.com/s?wd=林心如律师发声明 is not match
2017-09-16 16:01:11,770 - [webpage_crawler.py:77] - ERROR - Connection Error url http://home.baidu.com/home/index/show_banner_content/id/38
2017-09-16 16:01:11,771 - [webpage_crawler.py:115] - ERROR - crawl url http://home.baidu.com/home/index/show_banner_content/id/38 failed, status code 4
2017-09-16 16:01:11,775 - [connectionpool.py:818] - DEBUG - Starting new HTTPS connection (1): www.baidu.com
2017-09-16 16:01:11,811 - [connectionpool.py:818] - DEBUG - Starting new HTTPS connection (1): www.baidu.com
2017-09-16 16:01:11,833 - [connectionpool.py:395] - DEBUG - https://www.baidu.com:443 "GET /s?wd=%E5%BC%A0%E4%B8%80%E5%B1%B1%E6%8B%8D%E6%88%8F%E9%81%AD%E8%87%AD%E9%AA%82 HTTP/1.1" 200 227
2017-09-16 16:01:11,846 - [webpage_saver.py:45] - INFO - url https://www.baidu.com/s?wd=张一山拍戏遭臭骂 is not match
2017-09-16 16:01:11,853 - [connectionpool.py:818] - DEBUG - Starting new HTTPS connection (1): www.baidu.com
2017-09-16 16:01:11,878 - [connectionpool.py:395] - DEBUG - https://www.baidu.com:443 "GET /s?wd=%E4%BA%AC%E4%B8%9C%E8%BF%9B%E5%86%9B%E6%88%BF%E5%9C%B0%E4%BA%A7 HTTP/1.1" 200 227
2017-09-16 16:01:11,887 - [webpage_saver.py:45] - INFO - url https://www.baidu.com/s?wd=京东进军房地产 is not match
2017-09-16 16:01:11,915 - [connectionpool.py:395] - DEBUG - https://www.baidu.com:443 "GET /s?wd=%E6%9E%97%E5%BF%97%E7%8E%B2%E5%8D%8A%E8%B9%B2%E9%A2%81%E5%A5%96 HTTP/1.1" 200 227
2017-09-16 16:01:11,924 - [webpage_saver.py:45] - INFO - url https://www.baidu.com/s?wd=林志玲半蹲颁奖 is not match
2017-09-16 16:01:11,947 - [connectionpool.py:207] - DEBUG - Starting new HTTP connection (1): home.baidu.com
2017-09-16 16:01:12,241 - [connectionpool.py:207] - DEBUG - Starting new HTTP connection (1): home.baidu.com
2017-09-16 16:01:12,272 - [connectionpool.py:395] - DEBUG - http://home.baidu.com:80 "GET /home/index/special/id/29 HTTP/1.1" 200 None
2017-09-16 16:01:12,313 - [webpage_parser.py:63] - INFO - procotol:http, hostname:home.baidu.com, new_link:/home/index
2017-09-16 16:01:12,314 - [webpage_parser.py:63] - INFO - procotol:http, hostname:home.baidu.com, new_link:/home/index
2017-09-16 16:01:12,314 - [webpage_parser.py:63] - INFO - procotol:http, hostname:home.baidu.com, new_link:/home/index/join_us
2017-09-16 16:01:12,315 - [webpage_parser.py:63] - INFO - procotol:http, hostname:home.baidu.com, new_link:/home/index/contact_us
2017-09-16 16:01:12,315 - [webpage_parser.py:63] - INFO - procotol:http, hostname:home.baidu.com, new_link:/home/index
2017-09-16 16:01:12,315 - [webpage_parser.py:63] - INFO - procotol:http, hostname:home.baidu.com, new_link:/home/index/join_us
2017-09-16 16:01:12,316 - [webpage_parser.py:63] - INFO - procotol:http, hostname:home.baidu.com, new_link:/home/index/contact_us
2017-09-16 16:01:12,317 - [webpage_saver.py:45] - INFO - url http://home.baidu.com/home/index/special/id/29 is not match
2017-09-16 16:01:12,541 - [connectionpool.py:818] - DEBUG - Starting new HTTPS connection (1): www.baidu.com
2017-09-16 16:01:12,592 - [connectionpool.py:395] - DEBUG - https://www.baidu.com:443 "GET /s?wd=%E9%95%BF%E6%B1%9F%E5%8F%A3%E5%9E%83%E5%9C%BE%E5%80%BE%E5%80%92%E6%A1%88 HTTP/1.1" 200 227
2017-09-16 16:01:12,600 - [webpage_saver.py:45] - INFO - url https://www.baidu.com/s?wd=长江口垃圾倾倒案 is not match
2017-09-16 16:01:12,611 - [connectionpool.py:207] - DEBUG - Starting new HTTP connection (1): home.baidu.com
2017-09-16 16:01:12,672 - [connectionpool.py:395] - DEBUG - http://home.baidu.com:80 "GET /home/index HTTP/1.1" 200 None
2017-09-16 16:01:12,818 - [connectionpool.py:818] - DEBUG - Starting new HTTPS connection (1): www.baidu.com
2017-09-16 16:01:12,836 - [webpage_parser.py:63] - INFO - procotol:http, hostname:home.baidu.com, new_link:/home/index
2017-09-16 16:01:12,837 - [webpage_parser.py:63] - INFO - procotol:http, hostname:home.baidu.com, new_link:/home/index
2017-09-16 16:01:12,837 - [webpage_parser.py:63] - INFO - procotol:http, hostname:home.baidu.com, new_link:/home/index/join_us
2017-09-16 16:01:12,838 - [webpage_parser.py:63] - INFO - procotol:http, hostname:home.baidu.com, new_link:/home/index/contact_us
2017-09-16 16:01:12,839 - [webpage_parser.py:63] - INFO - procotol:http, hostname:home.baidu.com, new_link:/home/index
2017-09-16 16:01:12,839 - [webpage_parser.py:63] - INFO - procotol:http, hostname:home.baidu.com, new_link:/home/index/join_us
2017-09-16 16:01:12,840 - [webpage_parser.py:63] - INFO - procotol:http, hostname:home.baidu.com, new_link:/home/index/contact_us
2017-09-16 16:01:12,840 - [webpage_parser.py:63] - INFO - procotol:http, hostname:home.baidu.com, new_link:/home/index/show_banner_content/id/48
2017-09-16 16:01:12,841 - [webpage_parser.py:63] - INFO - procotol:http, hostname:home.baidu.com, new_link:/home/index/show_banner_content/id/15/type/mobile
2017-09-16 16:01:12,841 - [webpage_parser.py:63] - INFO - procotol:http, hostname:home.baidu.com, new_link:/home/index/show_banner_content/id/38
2017-09-16 16:01:12,842 - [webpage_parser.py:63] - INFO - procotol:http, hostname:home.baidu.com, new_link:/home/index/show_banner_content/id/47
2017-09-16 16:01:12,842 - [webpage_parser.py:63] - INFO - procotol:http, hostname:home.baidu.com, new_link:/home/index/show_mobile_banner_content/id/64
2017-09-16 16:01:12,843 - [webpage_parser.py:63] - INFO - procotol:http, hostname:home.baidu.com, new_link:/home/index/show_mobile_banner_content/id/62
2017-09-16 16:01:12,843 - [webpage_parser.py:63] - INFO - procotol:http, hostname:home.baidu.com, new_link:/home/index/news_list
2017-09-16 16:01:12,843 - [webpage_parser.py:63] - INFO - procotol:http, hostname:home.baidu.com, new_link:/home/index/news_detail/id/17714
2017-09-16 16:01:12,844 - [webpage_parser.py:63] - INFO - procotol:http, hostname:home.baidu.com, new_link:/home/index/news_detail/id/17713
2017-09-16 16:01:12,844 - [webpage_parser.py:63] - INFO - procotol:http, hostname:home.baidu.com, new_link:/home/index/news_detail/id/17712
2017-09-16 16:01:12,846 - [webpage_parser.py:63] - INFO - procotol:http, hostname:home.baidu.com, new_link:/home/index/news_detail/id/17711
2017-09-16 16:01:12,846 - [webpage_parser.py:63] - INFO - procotol:http, hostname:home.baidu.com, new_link:/home/index/news_detail/id/17710
2017-09-16 16:01:12,846 - [webpage_parser.py:63] - INFO - procotol:http, hostname:home.baidu.com, new_link:/home/index/news_detail/id/17709
2017-09-16 16:01:12,847 - [webpage_parser.py:63] - INFO - procotol:http, hostname:home.baidu.com, new_link:/home/index/news_list
2017-09-16 16:01:12,847 - [webpage_parser.py:63] - INFO - procotol:http, hostname:home.baidu.com, new_link:/home/index/special/id/40
2017-09-16 16:01:12,848 - [webpage_parser.py:63] - INFO - procotol:http, hostname:home.baidu.com, new_link:/home/index/special/id/29
2017-09-16 16:01:12,849 - [webpage_parser.py:63] - INFO - procotol:http, hostname:home.baidu.com, new_link:/home/index/special/id/34
2017-09-16 16:01:12,849 - [webpage_parser.py:63] - INFO - procotol:http, hostname:home.baidu.com, new_link:/home/index/join_us
2017-09-16 16:01:12,852 - [connectionpool.py:818] - DEBUG - Starting new HTTPS connection (1): www.baidu.com
2017-09-16 16:01:12,854 - [webpage_parser.py:63] - INFO - procotol:http, hostname:home.baidu.com, new_link:/home/index/company_culture
2017-09-16 16:01:12,855 - [webpage_parser.py:63] - INFO - procotol:http, hostname:home.baidu.com, new_link:/home/index/company
2017-09-16 16:01:12,856 - [webpage_parser.py:63] - INFO - procotol:http, hostname:home.baidu.com, new_link:/home/index/baidu_road
2017-09-16 16:01:12,857 - [webpage_parser.py:63] - INFO - procotol:http, hostname:home.baidu.com, new_link:/home/index/management_team
2017-09-16 16:01:12,858 - [webpage_saver.py:45] - INFO - url http://home.baidu.com/home/index is not match
2017-09-16 16:01:12,889 - [connectionpool.py:395] - DEBUG - https://www.baidu.com:443 "GET /s?wd=%E9%A9%AC%E4%BC%8A%E7%90%8D%E6%96%B0%E6%88%8F%E6%8E%A5%E9%95%BF%E5%8F%91 HTTP/1.1" 200 227
2017-09-16 16:01:12,899 - [connectionpool.py:207] - DEBUG - Starting new HTTP connection (1): e.baidu.com
2017-09-16 16:01:12,902 - [webpage_saver.py:45] - INFO - url https://www.baidu.com/s?wd=马伊琍新戏接长发 is not match
2017-09-16 16:01:12,917 - [connectionpool.py:395] - DEBUG - https://www.baidu.com:443 "GET /s?wd=%E9%99%88%E7%BE%BD%E5%87%A1%E5%A4%8D%E5%87%BA HTTP/1.1" 200 227
2017-09-16 16:01:12,926 - [webpage_saver.py:45] - INFO - url https://www.baidu.com/s?wd=陈羽凡复出 is not match
2017-09-16 16:01:12,929 - [connectionpool.py:207] - DEBUG - Starting new HTTP connection (1): ai.baidu.com
2017-09-16 16:01:12,943 - [connectionpool.py:395] - DEBUG - http://e.baidu.com:80 "GET /?subsite=bj HTTP/1.1" 200 None
2017-09-16 16:01:12,989 - [connectionpool.py:395] - DEBUG - http://ai.baidu.com:80 "GET / HTTP/1.1" 200 None
2017-09-16 16:01:13,007 - [webpage_crawler.py:71] - ERROR - read timeout http://home.baidu.com/home/index/special/id/40
2017-09-16 16:01:13,010 - [webpage_crawler.py:115] - ERROR - crawl url http://home.baidu.com/home/index/special/id/40 failed, status code 2
2017-09-16 16:01:13,114 - [webpage_parser.py:63] - INFO - procotol:http, hostname:e.baidu.com, new_link:/localservice?subsite=bj
2017-09-16 16:01:13,115 - [webpage_parser.py:63] - INFO - procotol:http, hostname:e.baidu.com, new_link:javascript:void(-2);
2017-09-16 16:01:13,116 - [webpage_parser.py:63] - INFO - procotol:http, hostname:e.baidu.com, new_link:/help?subsite=bj
2017-09-16 16:01:13,116 - [webpage_parser.py:63] - INFO - procotol:http, hostname:e.baidu.com, new_link:javascript:void(0);
2017-09-16 16:01:13,116 - [webpage_parser.py:63] - INFO - procotol:http, hostname:e.baidu.com, new_link:/?subsite=bj
2017-09-16 16:01:13,117 - [webpage_parser.py:63] - INFO - procotol:http, hostname:e.baidu.com, new_link:javascript:;
2017-09-16 16:01:13,271 - [webpage_parser.py:63] - INFO - procotol:http, hostname:ai.baidu.com, new_link:/
2017-09-16 16:01:13,271 - [webpage_parser.py:63] - INFO - procotol:http, hostname:e.baidu.com, new_link:javascript:;
2017-09-16 16:01:13,272 - [webpage_parser.py:63] - INFO - procotol:http, hostname:ai.baidu.com, new_link:/
2017-09-16 16:01:13,272 - [webpage_parser.py:63] - INFO - procotol:http, hostname:e.baidu.com, new_link:javascript:;
2017-09-16 16:01:13,272 - [webpage_parser.py:63] - INFO - procotol:http, hostname:ai.baidu.com, new_link:javascript:void(0);
2017-09-16 16:01:13,273 - [webpage_parser.py:63] - INFO - procotol:http, hostname:e.baidu.com, new_link:javascript:;
2017-09-16 16:01:13,273 - [webpage_parser.py:63] - INFO - procotol:http, hostname:ai.baidu.com, new_link:/tech/ocr
2017-09-16 16:01:13,274 - [webpage_parser.py:63] - INFO - procotol:http, hostname:e.baidu.com, new_link:javascript:;
2017-09-16 16:01:13,274 - [webpage_parser.py:63] - INFO - procotol:http, hostname:ai.baidu.com, new_link:/tech/ocr/general
2017-09-16 16:01:13,274 - [webpage_parser.py:63] - INFO - procotol:http, hostname:e.baidu.com, new_link:javascript:;
2017-09-16 16:01:13,275 - [webpage_parser.py:63] - INFO - procotol:http, hostname:ai.baidu.com, new_link:/tech/ocr/webimage
2017-09-16 16:01:13,275 - [webpage_parser.py:63] - INFO - procotol:http, hostname:e.baidu.com, new_link:javascript:;
2017-09-16 16:01:13,275 - [webpage_parser.py:63] - INFO - procotol:http, hostname:ai.baidu.com, new_link:/tech/ocr/cards
2017-09-16 16:01:13,276 - [webpage_parser.py:63] - INFO - procotol:http, hostname:e.baidu.com, new_link:javascript:;
2017-09-16 16:01:13,276 - [webpage_parser.py:63] - INFO - procotol:http, hostname:ai.baidu.com, new_link:/tech/ocr/table
2017-09-16 16:01:13,276 - [webpage_parser.py:63] - INFO - procotol:http, hostname:e.baidu.com, new_link:javascript:;
2017-09-16 16:01:13,277 - [webpage_parser.py:63] - INFO - procotol:http, hostname:ai.baidu.com, new_link:/tech/ocr/receipt
2017-09-16 16:01:13,277 - [webpage_parser.py:63] - INFO - procotol:http, hostname:e.baidu.com, new_link:javascript:;
2017-09-16 16:01:13,278 - [webpage_parser.py:63] - INFO - procotol:http, hostname:ai.baidu.com, new_link:/tech/face
2017-09-16 16:01:13,278 - [webpage_parser.py:63] - INFO - procotol:http, hostname:e.baidu.com, new_link:javascript:;
2017-09-16 16:01:13,278 - [webpage_parser.py:63] - INFO - procotol:http, hostname:ai.baidu.com, new_link:/tech/face/detect
2017-09-16 16:01:13,279 - [webpage_parser.py:63] - INFO - procotol:http, hostname:e.baidu.com, new_link:javascript:;
2017-09-16 16:01:13,279 - [webpage_parser.py:63] - INFO - procotol:http, hostname:ai.baidu.com, new_link:/tech/face/compare
2017-09-16 16:01:13,280 - [webpage_parser.py:63] - INFO - procotol:http, hostname:e.baidu.com, new_link:javascript:;
2017-09-16 16:01:13,280 - [webpage_parser.py:63] - INFO - procotol:http, hostname:ai.baidu.com, new_link:/tech/face/search
2017-09-16 16:01:13,280 - [webpage_parser.py:63] - INFO - procotol:http, hostname:e.baidu.com, new_link:javascript:;
2017-09-16 16:01:13,281 - [webpage_parser.py:63] - INFO - procotol:http, hostname:ai.baidu.com, new_link:/tech/imagecensoring
2017-09-16 16:01:13,281 - [webpage_parser.py:63] - INFO - procotol:http, hostname:e.baidu.com, new_link:javascript:;
2017-09-16 16:01:13,281 - [webpage_parser.py:63] - INFO - procotol:http, hostname:ai.baidu.com, new_link:/tech/imagecensoring/antiporn
2017-09-16 16:01:13,282 - [webpage_parser.py:63] - INFO - procotol:http, hostname:e.baidu.com, new_link:javascript:;
2017-09-16 16:01:13,282 - [webpage_parser.py:63] - INFO - procotol:http, hostname:ai.baidu.com, new_link:/tech/imagecensoring/antiterror
2017-09-16 16:01:13,282 - [webpage_parser.py:63] - INFO - procotol:http, hostname:e.baidu.com, new_link:javascript:;
2017-09-16 16:01:13,283 - [webpage_parser.py:63] - INFO - procotol:http, hostname:ai.baidu.com, new_link:/tech/imagerecognition
2017-09-16 16:01:13,283 - [webpage_parser.py:63] - INFO - procotol:http, hostname:e.baidu.com, new_link:javascript:;
2017-09-16 16:01:13,283 - [webpage_parser.py:63] - INFO - procotol:http, hostname:ai.baidu.com, new_link:/tech/imagesearch
2017-09-16 16:01:13,284 - [webpage_parser.py:63] - INFO - procotol:http, hostname:e.baidu.com, new_link:javascript:;
2017-09-16 16:01:13,284 - [webpage_parser.py:63] - INFO - procotol:http, hostname:ai.baidu.com, new_link:/tech/nlp
2017-09-16 16:01:13,284 - [webpage_parser.py:63] - INFO - procotol:http, hostname:e.baidu.com, new_link:javascript:;
2017-09-16 16:01:13,285 - [webpage_parser.py:63] - INFO - procotol:http, hostname:ai.baidu.com, new_link:/tech/nlp/lexical
2017-09-16 16:01:13,285 - [webpage_parser.py:63] - INFO - procotol:http, hostname:e.baidu.com, new_link:javascript:;
2017-09-16 16:01:13,285 - [webpage_parser.py:63] - INFO - procotol:http, hostname:ai.baidu.com, new_link:/tech/nlp/dependency_parsing
2017-09-16 16:01:13,286 - [webpage_parser.py:63] - INFO - procotol:http, hostname:e.baidu.com, new_link:javascript:;
2017-09-16 16:01:13,286 - [webpage_parser.py:63] - INFO - procotol:http, hostname:ai.baidu.com, new_link:/tech/nlp/word_embedding
2017-09-16 16:01:13,287 - [webpage_parser.py:63] - INFO - procotol:http, hostname:e.baidu.com, new_link:javascript:;
2017-09-16 16:01:13,287 - [webpage_parser.py:63] - INFO - procotol:http, hostname:ai.baidu.com, new_link:/tech/nlp/dnnlm_cn
2017-09-16 16:01:13,287 - [webpage_parser.py:63] - INFO - procotol:http, hostname:e.baidu.com, new_link:javascript:;
2017-09-16 16:01:13,288 - [webpage_parser.py:63] - INFO - procotol:http, hostname:ai.baidu.com, new_link:/tech/nlp/word_emb_sim
2017-09-16 16:01:13,288 - [webpage_parser.py:63] - INFO - procotol:http, hostname:e.baidu.com, new_link:javascript:;
2017-09-16 16:01:13,288 - [webpage_parser.py:63] - INFO - procotol:http, hostname:ai.baidu.com, new_link:/tech/nlp/simnet
2017-09-16 16:01:13,289 - [webpage_parser.py:63] - INFO - procotol:http, hostname:e.baidu.com, new_link:javascript:;
2017-09-16 16:01:13,289 - [webpage_parser.py:63] - INFO - procotol:http, hostname:ai.baidu.com, new_link:/tech/nlp/comment_tag
2017-09-16 16:01:13,289 - [webpage_parser.py:63] - INFO - procotol:http, hostname:e.baidu.com, new_link:javascript:;
2017-09-16 16:01:13,290 - [webpage_parser.py:63] - INFO - procotol:http, hostname:ai.baidu.com, new_link:/tech/nlp/sentiment_classify
2017-09-16 16:01:13,290 - [webpage_parser.py:63] - INFO - procotol:http, hostname:e.baidu.com, new_link:javascript:;
2017-09-16 16:01:13,291 - [webpage_parser.py:63] - INFO - procotol:http, hostname:ai.baidu.com, new_link:/tech/unit
2017-09-16 16:01:13,291 - [webpage_parser.py:63] - INFO - procotol:http, hostname:e.baidu.com, new_link:javascript:;
2017-09-16 16:01:13,291 - [webpage_parser.py:63] - INFO - procotol:http, hostname:ai.baidu.com, new_link:/tech/speech
2017-09-16 16:01:13,292 - [webpage_parser.py:63] - INFO - procotol:http, hostname:e.baidu.com, new_link:javascript:;
2017-09-16 16:01:13,292 - [webpage_parser.py:63] - INFO - procotol:http, hostname:ai.baidu.com, new_link:/tech/speech/asr
2017-09-16 16:01:13,292 - [webpage_parser.py:63] - INFO - procotol:http, hostname:e.baidu.com, new_link:javascript:;
2017-09-16 16:01:13,293 - [webpage_parser.py:63] - INFO - procotol:http, hostname:ai.baidu.com, new_link:/tech/speech/lsr
2017-09-16 16:01:13,293 - [webpage_parser.py:63] - INFO - procotol:http, hostname:e.baidu.com, new_link:/?subsite=bj
2017-09-16 16:01:13,293 - [webpage_parser.py:63] - INFO - procotol:http, hostname:ai.baidu.com, new_link:/tech/speech/fsr
2017-09-16 16:01:13,294 - [webpage_parser.py:63] - INFO - procotol:http, hostname:e.baidu.com, new_link:/solutions-client?subsite=bj
2017-09-16 16:01:13,294 - [webpage_parser.py:63] - INFO - procotol:http, hostname:ai.baidu.com, new_link:/tech/speech/tts
2017-09-16 16:01:13,295 - [webpage_parser.py:63] - INFO - procotol:http, hostname:e.baidu.com, new_link:/product?subsite=bj
2017-09-16 16:01:13,295 - [webpage_parser.py:63] - INFO - procotol:http, hostname:ai.baidu.com, new_link:/tech/speech/wake
2017-09-16 16:01:13,295 - [webpage_parser.py:63] - INFO - procotol:http, hostname:e.baidu.com, new_link:/cases?subsite=bj
2017-09-16 16:01:13,296 - [webpage_parser.py:63] - INFO - procotol:http, hostname:ai.baidu.com, new_link:/tech/video/vca
2017-09-16 16:01:13,296 - [webpage_parser.py:63] - INFO - procotol:http, hostname:e.baidu.com, new_link:/news?subsite=bj
2017-09-16 16:01:13,296 - [webpage_parser.py:63] - INFO - procotol:http, hostname:ai.baidu.com, new_link:/tech/video/vcs
2017-09-16 16:01:13,297 - [webpage_parser.py:63] - INFO - procotol:http, hostname:e.baidu.com, new_link:/feed?subsite=bj
2017-09-16 16:01:13,297 - [webpage_parser.py:63] - INFO - procotol:http, hostname:ai.baidu.com, new_link:/tech/video/vcc
2017-09-16 16:01:13,298 - [webpage_parser.py:63] - INFO - procotol:http, hostname:e.baidu.com, new_link:javascript:;
2017-09-16 16:01:13,298 - [webpage_parser.py:63] - INFO - procotol:http, hostname:ai.baidu.com, new_link:/tech/video/vcr
2017-09-16 16:01:13,298 - [webpage_parser.py:63] - INFO - procotol:http, hostname:e.baidu.com, new_link:javascript:;
2017-09-16 16:01:13,299 - [webpage_parser.py:63] - INFO - procotol:http, hostname:ai.baidu.com, new_link:/tech/kg/schema
2017-09-16 16:01:13,299 - [webpage_parser.py:63] - INFO - procotol:http, hostname:e.baidu.com, new_link:javascript:;
2017-09-16 16:01:13,299 - [webpage_parser.py:63] - INFO - procotol:http, hostname:ai.baidu.com, new_link:/tech/kg/pie
2017-09-16 16:01:13,300 - [webpage_parser.py:63] - INFO - procotol:http, hostname:e.baidu.com, new_link:javascript:;
2017-09-16 16:01:13,301 - [webpage_parser.py:63] - INFO - procotol:http, hostname:ai.baidu.com, new_link:javascript:void(0);
2017-09-16 16:01:13,301 - [webpage_parser.py:63] - INFO - procotol:http, hostname:e.baidu.com, new_link:/solutions-client?subsite=bj
2017-09-16 16:01:13,302 - [webpage_parser.py:63] - INFO - procotol:http, hostname:ai.baidu.com, new_link:javascript:void(0);
2017-09-16 16:01:13,303 - [webpage_parser.py:63] - INFO - procotol:http, hostname:e.baidu.com, new_link:/solutions-client?subsite=bj#zhanxian
2017-09-16 16:01:13,303 - [webpage_parser.py:63] - INFO - procotol:http, hostname:ai.baidu.com, new_link:/solution/faceprint
2017-09-16 16:01:13,303 - [webpage_parser.py:63] - INFO - procotol:http, hostname:e.baidu.com, new_link:/solutions-client?subsite=bj#dianji
2017-09-16 16:01:13,304 - [webpage_parser.py:63] - INFO - procotol:http, hostname:ai.baidu.com, new_link:/solution/facesignIn
2017-09-16 16:01:13,304 - [webpage_parser.py:63] - INFO - procotol:http, hostname:e.baidu.com, new_link:/solutions-client?subsite=bj#fangwen
2017-09-16 16:01:13,304 - [webpage_parser.py:63] - INFO - procotol:http, hostname:ai.baidu.com, new_link:/solution/faceidentify
2017-09-16 16:01:13,305 - [webpage_parser.py:63] - INFO - procotol:http, hostname:e.baidu.com, new_link:/solutions-client?subsite=bj#zixun
2017-09-16 16:01:13,305 - [webpage_parser.py:63] - INFO - procotol:http, hostname:ai.baidu.com, new_link:/solution/facegate
2017-09-16 16:01:13,305 - [webpage_parser.py:63] - INFO - procotol:http, hostname:e.baidu.com, new_link:/solutions-client?subsite=bj#chengjiao
2017-09-16 16:01:13,306 - [webpage_parser.py:63] - INFO - procotol:http, hostname:ai.baidu.com, new_link:/solution/itma
2017-09-16 16:01:13,306 - [webpage_parser.py:63] - INFO - procotol:http, hostname:e.baidu.com, new_link:/solutions?subsite=bj
2017-09-16 16:01:13,307 - [webpage_parser.py:63] - INFO - procotol:http, hostname:ai.baidu.com, new_link:/solution/ecui
2017-09-16 16:01:13,307 - [webpage_parser.py:63] - INFO - procotol:http, hostname:e.baidu.com, new_link:/solutions?subsite=bj#any
2017-09-16 16:01:13,307 - [webpage_parser.py:63] - INFO - procotol:http, hostname:ai.baidu.com, new_link:/solution/roboticvision
2017-09-16 16:01:13,308 - [webpage_parser.py:63] - INFO - procotol:http, hostname:e.baidu.com, new_link:/solutions?subsite=bj#jzrq
2017-09-16 16:01:13,308 - [webpage_parser.py:63] - INFO - procotol:http, hostname:ai.baidu.com, new_link:/solution/robot
2017-09-16 16:01:13,309 - [webpage_parser.py:63] - INFO - procotol:http, hostname:e.baidu.com, new_link:/solutions?subsite=bj#dzzj
2017-09-16 16:01:13,309 - [webpage_parser.py:63] - INFO - procotol:http, hostname:ai.baidu.com, new_link:/solution/smarthome
2017-09-16 16:01:13,309 - [webpage_parser.py:63] - INFO - procotol:http, hostname:e.baidu.com, new_link:/solutions?subsite=bj#ywxq
2017-09-16 16:01:13,310 - [webpage_parser.py:63] - INFO - procotol:http, hostname:ai.baidu.com, new_link:/solution/voiceassistant
2017-09-16 16:01:13,310 - [webpage_parser.py:63] - INFO - procotol:http, hostname:e.baidu.com, new_link:/solutions-brand?subsite=bj
2017-09-16 16:01:13,310 - [webpage_parser.py:63] - INFO - procotol:http, hostname:ai.baidu.com, new_link:/solution/arads
2017-09-16 16:01:13,311 - [webpage_parser.py:63] - INFO - procotol:http, hostname:e.baidu.com, new_link:/solutions-brand?subsite=bj#zdn
2017-09-16 16:01:13,311 - [webpage_parser.py:63] - INFO - procotol:http, hostname:ai.baidu.com, new_link:/support/news
2017-09-16 16:01:13,312 - [webpage_parser.py:63] - INFO - procotol:http, hostname:e.baidu.com, new_link:/solutions-brand?subsite=bj#ljn
2017-09-16 16:01:13,312 - [webpage_parser.py:63] - INFO - procotol:http, hostname:ai.baidu.com, new_link:/sdk
2017-09-16 16:01:13,313 - [webpage_parser.py:63] - INFO - procotol:http, hostname:e.baidu.com, new_link:/solutions-brand?subsite=bj#xhn
2017-09-16 16:01:13,313 - [webpage_parser.py:63] - INFO - procotol:http, hostname:ai.baidu.com, new_link:javascript:void(0);
2017-09-16 16:01:13,314 - [webpage_parser.py:63] - INFO - procotol:http, hostname:e.baidu.com, new_link:/solutions-brand?subsite=bj#xrn
2017-09-16 16:01:13,314 - [webpage_parser.py:63] - INFO - procotol:http, hostname:ai.baidu.com, new_link:/docs
2017-09-16 16:01:13,314 - [webpage_parser.py:63] - INFO - procotol:http, hostname:e.baidu.com, new_link:/feed?subsite=bj
2017-09-16 16:01:13,315 - [webpage_parser.py:63] - INFO - procotol:http, hostname:ai.baidu.com, new_link:/support/video
2017-09-16 16:01:13,315 - [webpage_parser.py:63] - INFO - procotol:http, hostname:e.baidu.com, new_link:/feed?subsite=bj#xxl1
2017-09-16 16:01:13,315 - [webpage_parser.py:63] - INFO - procotol:http, hostname:ai.baidu.com, new_link:/docs#/FAQ
2017-09-16 16:01:13,316 - [webpage_parser.py:63] - INFO - procotol:http, hostname:e.baidu.com, new_link:/feed?subsite=bj#xxl2
2017-09-16 16:01:13,316 - [webpage_parser.py:63] - INFO - procotol:http, hostname:ai.baidu.com, new_link:/partner
2017-09-16 16:01:13,317 - [webpage_parser.py:63] - INFO - procotol:http, hostname:e.baidu.com, new_link:/feed?subsite=bj#xxl3
2017-09-16 16:01:13,317 - [webpage_parser.py:63] - INFO - procotol:http, hostname:ai.baidu.com, new_link:/support/news?action=detail&id=193
2017-09-16 16:01:13,318 - [webpage_parser.py:63] - INFO - procotol:http, hostname:e.baidu.com, new_link:/feed?subsite=bj#xxl4
2017-09-16 16:01:13,318 - [webpage_parser.py:63] - INFO - procotol:http, hostname:ai.baidu.com, new_link:/support/news?action=detail&id=191
2017-09-16 16:01:13,319 - [webpage_parser.py:63] - INFO - procotol:http, hostname:e.baidu.com, new_link:/help?subsite=bj
2017-09-16 16:01:13,320 - [webpage_parser.py:63] - INFO - procotol:http, hostname:ai.baidu.com, new_link:/support/news?action=detail&id=194
2017-09-16 16:01:13,320 - [webpage_parser.py:63] - INFO - procotol:http, hostname:e.baidu.com, new_link:javascript:;
2017-09-16 16:01:13,324 - [webpage_parser.py:63] - INFO - procotol:http, hostname:ai.baidu.com, new_link:/support/news?action=detail&id=195
2017-09-16 16:01:13,326 - [webpage_parser.py:63] - INFO - procotol:http, hostname:e.baidu.com, new_link:/node/129?subsite=bj
2017-09-16 16:01:13,327 - [webpage_parser.py:63] - INFO - procotol:http, hostname:ai.baidu.com, new_link:/tech/ocr
2017-09-16 16:01:13,328 - [connectionpool.py:207] - DEBUG - Starting new HTTP connection (1): home.baidu.com
2017-09-16 16:01:13,333 - [webpage_parser.py:63] - INFO - procotol:http, hostname:ai.baidu.com, new_link:/tech/face
2017-09-16 16:01:13,334 - [webpage_parser.py:63] - INFO - procotol:http, hostname:e.baidu.com, new_link:/node/90?subsite=bj
2017-09-16 16:01:13,336 - [webpage_parser.py:63] - INFO - procotol:http, hostname:ai.baidu.com, new_link:/tech/imagecensoring
2017-09-16 16:01:13,340 - [webpage_parser.py:63] - INFO - procotol:http, hostname:e.baidu.com, new_link:javascript:;
2017-09-16 16:01:13,343 - [webpage_parser.py:63] - INFO - procotol:http, hostname:ai.baidu.com, new_link:/tech/imagerecognition
2017-09-16 16:01:13,344 - [webpage_parser.py:63] - INFO - procotol:http, hostname:e.baidu.com, new_link:javascript:;
2017-09-16 16:01:13,346 - [webpage_parser.py:63] - INFO - procotol:http, hostname:ai.baidu.com, new_link:/tech/imagesearch
2017-09-16 16:01:13,347 - [webpage_parser.py:63] - INFO - procotol:http, hostname:e.baidu.com, new_link:javascript:;
2017-09-16 16:01:13,348 - [webpage_parser.py:63] - INFO - procotol:http, hostname:ai.baidu.com, new_link:/tech/nlp
2017-09-16 16:01:13,350 - [webpage_parser.py:63] - INFO - procotol:http, hostname:e.baidu.com, new_link:javascript:;
2017-09-16 16:01:13,350 - [webpage_parser.py:63] - INFO - procotol:http, hostname:ai.baidu.com, new_link:/tech/unit
2017-09-16 16:01:13,351 - [webpage_parser.py:63] - INFO - procotol:http, hostname:e.baidu.com, new_link:javascript:;
2017-09-16 16:01:13,352 - [webpage_parser.py:63] - INFO - procotol:http, hostname:ai.baidu.com, new_link:/tech/speech/asr
2017-09-16 16:01:13,353 - [webpage_parser.py:63] - INFO - procotol:http, hostname:e.baidu.com, new_link:/help
2017-09-16 16:01:13,354 - [webpage_parser.py:63] - INFO - procotol:http, hostname:ai.baidu.com, new_link:/tech/speech/tts
2017-09-16 16:01:13,355 - [webpage_parser.py:63] - INFO - procotol:http, hostname:e.baidu.com, new_link:/product?subsite=bj
2017-09-16 16:01:13,356 - [webpage_parser.py:63] - INFO - procotol:http, hostname:ai.baidu.com, new_link:/tech/speech/wake
2017-09-16 16:01:13,357 - [webpage_parser.py:63] - INFO - procotol:http, hostname:e.baidu.com, new_link:/product-brand?subsite=bj
2017-09-16 16:01:13,358 - [webpage_parser.py:63] - INFO - procotol:http, hostname:ai.baidu.com, new_link:/tech/video/vca
2017-09-16 16:01:13,358 - [webpage_parser.py:63] - INFO - procotol:http, hostname:e.baidu.com, new_link:/product-mobile?subsite=bj
2017-09-16 16:01:13,359 - [webpage_parser.py:63] - INFO - procotol:http, hostname:ai.baidu.com, new_link:/tech/video/vcs
2017-09-16 16:01:13,360 - [webpage_parser.py:63] - INFO - procotol:http, hostname:e.baidu.com, new_link:/product-net?subsite=bj
2017-09-16 16:01:13,360 - [webpage_parser.py:63] - INFO - procotol:http, hostname:ai.baidu.com, new_link:/tech/video/vcc
2017-09-16 16:01:13,361 - [webpage_parser.py:63] - INFO - procotol:http, hostname:e.baidu.com, new_link:/product-community?subsite=bj
2017-09-16 16:01:13,361 - [webpage_parser.py:63] - INFO - procotol:http, hostname:ai.baidu.com, new_link:/tech/video/vcr
2017-09-16 16:01:13,362 - [webpage_parser.py:63] - INFO - procotol:http, hostname:e.baidu.com, new_link:/product-tools?subsite=bj
2017-09-16 16:01:13,362 - [webpage_parser.py:63] - INFO - procotol:http, hostname:ai.baidu.com, new_link:/tech/kg/schema
2017-09-16 16:01:13,363 - [webpage_parser.py:63] - INFO - procotol:http, hostname:e.baidu.com, new_link:/solutions-client?subsite=bj
2017-09-16 16:01:13,363 - [webpage_parser.py:63] - INFO - procotol:http, hostname:ai.baidu.com, new_link:/tech/kg/pie
2017-09-16 16:01:13,364 - [webpage_parser.py:63] - INFO - procotol:http, hostname:e.baidu.com, new_link:/solutions?subsite=bj
2017-09-16 16:01:13,365 - [webpage_parser.py:63] - INFO - procotol:http, hostname:ai.baidu.com, new_link:/scenarios#partner-item-2
2017-09-16 16:01:13,366 - [webpage_parser.py:63] - INFO - procotol:http, hostname:e.baidu.com, new_link:/solutions-brand?subsite=bj
2017-09-16 16:01:13,367 - [webpage_parser.py:63] - INFO - procotol:http, hostname:ai.baidu.com, new_link:/scenarios#partner-item-3
2017-09-16 16:01:13,367 - [webpage_parser.py:63] - INFO - procotol:http, hostname:e.baidu.com, new_link:/solutions-o2o?subsite=bj
2017-09-16 16:01:13,368 - [webpage_parser.py:63] - INFO - procotol:http, hostname:ai.baidu.com, new_link:/scenarios#partner-item-4
2017-09-16 16:01:13,368 - [webpage_parser.py:63] - INFO - procotol:http, hostname:e.baidu.com, new_link:/cases?subsite=bj#dqcx
2017-09-16 16:01:13,369 - [webpage_parser.py:63] - INFO - procotol:http, hostname:ai.baidu.com, new_link:/scenarios#partner-item-5
2017-09-16 16:01:13,369 - [webpage_parser.py:63] - INFO - procotol:http, hostname:e.baidu.com, new_link:/cases?subsite=bj#hycx
2017-09-16 16:01:13,370 - [webpage_parser.py:63] - INFO - procotol:http, hostname:ai.baidu.com, new_link:/scenarios#partner-item-6
2017-09-16 16:01:13,370 - [webpage_parser.py:63] - INFO - procotol:http, hostname:e.baidu.com, new_link:/cases?subsite=bj#zmqy
2017-09-16 16:01:13,371 - [webpage_parser.py:63] - INFO - procotol:http, hostname:ai.baidu.com, new_link:/scenarios#partner-item-7
2017-09-16 16:01:13,371 - [webpage_parser.py:63] - INFO - procotol:http, hostname:e.baidu.com, new_link:/news?subsite=bj
2017-09-16 16:01:13,371 - [webpage_parser.py:63] - INFO - procotol:http, hostname:ai.baidu.com, new_link:/scenarios#partner-item-8
2017-09-16 16:01:13,372 - [webpage_parser.py:63] - INFO - procotol:http, hostname:e.baidu.com, new_link:/news?subsite=bj
2017-09-16 16:01:13,372 - [webpage_parser.py:63] - INFO - procotol:http, hostname:ai.baidu.com, new_link:/scenarios#partner-item-9
2017-09-16 16:01:13,373 - [webpage_parser.py:63] - INFO - procotol:http, hostname:e.baidu.com, new_link:/help?subsite=bj
2017-09-16 16:01:13,373 - [webpage_parser.py:63] - INFO - procotol:http, hostname:ai.baidu.com, new_link:/scenarios#partner-item-10
2017-09-16 16:01:13,373 - [webpage_parser.py:63] - INFO - procotol:http, hostname:e.baidu.com, new_link:/localservice?subsite=bj
2017-09-16 16:01:13,374 - [webpage_parser.py:63] - INFO - procotol:http, hostname:ai.baidu.com, new_link:/scenarios#partner-item-11
2017-09-16 16:01:13,374 - [webpage_parser.py:63] - INFO - procotol:http, hostname:e.baidu.com, new_link:mailto:ask@baidu.com
2017-09-16 16:01:13,374 - [webpage_parser.py:63] - INFO - procotol:http, hostname:ai.baidu.com, new_link:/scenarios#partner-item-12
2017-09-16 16:01:13,375 - [webpage_parser.py:63] - INFO - procotol:http, hostname:e.baidu.com, new_link:javascript:void(1);
2017-09-16 16:01:13,375 - [webpage_parser.py:63] - INFO - procotol:http, hostname:ai.baidu.com, new_link:/scenarios#partner-item-13
2017-09-16 16:01:13,376 - [webpage_parser.py:63] - INFO - procotol:http, hostname:e.baidu.com, new_link:javascript:void(2);
2017-09-16 16:01:13,376 - [webpage_parser.py:63] - INFO - procotol:http, hostname:ai.baidu.com, new_link:/scenarios#partner-item-14
2017-09-16 16:01:13,376 - [webpage_parser.py:63] - INFO - procotol:http, hostname:e.baidu.com, new_link:javascript:void(-1);
2017-09-16 16:01:13,377 - [webpage_parser.py:63] - INFO - procotol:http, hostname:ai.baidu.com, new_link:/scenarios#partner-item-15
2017-09-16 16:01:13,377 - [webpage_parser.py:63] - INFO - procotol:http, hostname:e.baidu.com, new_link:javascript:;
2017-09-16 16:01:13,378 - [webpage_parser.py:63] - INFO - procotol:http, hostname:ai.baidu.com, new_link:/scenarios#partner-item-16
2017-09-16 16:01:13,378 - [webpage_parser.py:63] - INFO - procotol:http, hostname:e.baidu.com, new_link:/help
2017-09-16 16:01:13,379 - [webpage_parser.py:63] - INFO - procotol:http, hostname:ai.baidu.com, new_link:/scenarios#partner-item-17
2017-09-16 16:01:13,381 - [webpage_parser.py:63] - INFO - procotol:http, hostname:ai.baidu.com, new_link:/scenarios#partner-item-18
2017-09-16 16:01:13,382 - [webpage_saver.py:45] - INFO - url http://e.baidu.com/?subsite=bj is not match
2017-09-16 16:01:13,383 - [webpage_parser.py:63] - INFO - procotol:http, hostname:ai.baidu.com, new_link:/scenarios#partner-item-19
2017-09-16 16:01:13,384 - [webpage_parser.py:63] - INFO - procotol:http, hostname:ai.baidu.com, new_link:/scenarios#partner-item-20
2017-09-16 16:01:13,384 - [webpage_parser.py:63] - INFO - procotol:http, hostname:ai.baidu.com, new_link:/scenarios#partner-item-21
2017-09-16 16:01:13,385 - [webpage_parser.py:63] - INFO - procotol:http, hostname:ai.baidu.com, new_link:/scenarios#partner-item-22
2017-09-16 16:01:13,385 - [webpage_parser.py:63] - INFO - procotol:http, hostname:ai.baidu.com, new_link:/scenarios#partner-item-23
2017-09-16 16:01:13,385 - [webpage_parser.py:63] - INFO - procotol:http, hostname:ai.baidu.com, new_link:/scenarios#partner-item-24
2017-09-16 16:01:13,385 - [webpage_parser.py:63] - INFO - procotol:http, hostname:ai.baidu.com, new_link:/scenarios#partner-item-25
2017-09-16 16:01:13,386 - [webpage_parser.py:63] - INFO - procotol:http, hostname:ai.baidu.com, new_link:/scenarios#partner-item-26
2017-09-16 16:01:13,386 - [webpage_parser.py:63] - INFO - procotol:http, hostname:ai.baidu.com, new_link:/solution/faceprint
2017-09-16 16:01:13,387 - [webpage_parser.py:63] - INFO - procotol:http, hostname:ai.baidu.com, new_link:/solution/facesignIn
2017-09-16 16:01:13,387 - [webpage_parser.py:63] - INFO - procotol:http, hostname:ai.baidu.com, new_link:/solution/faceidentify
2017-09-16 16:01:13,387 - [webpage_parser.py:63] - INFO - procotol:http, hostname:ai.baidu.com, new_link:/solution/facegate
2017-09-16 16:01:13,388 - [webpage_parser.py:63] - INFO - procotol:http, hostname:ai.baidu.com, new_link:/solution/itma
2017-09-16 16:01:13,388 - [webpage_parser.py:63] - INFO - procotol:http, hostname:ai.baidu.com, new_link:/solution/ecui
2017-09-16 16:01:13,388 - [webpage_parser.py:63] - INFO - procotol:http, hostname:ai.baidu.com, new_link:/solution/roboticvision
2017-09-16 16:01:13,389 - [webpage_parser.py:63] - INFO - procotol:http, hostname:ai.baidu.com, new_link:/solution/robot
2017-09-16 16:01:13,390 - [webpage_parser.py:63] - INFO - procotol:http, hostname:ai.baidu.com, new_link:/solution/smarthome
2017-09-16 16:01:13,391 - [webpage_parser.py:63] - INFO - procotol:http, hostname:ai.baidu.com, new_link:/solution/voiceassistant
2017-09-16 16:01:13,391 - [webpage_parser.py:63] - INFO - procotol:http, hostname:ai.baidu.com, new_link:/solution/arads
2017-09-16 16:01:13,391 - [webpage_parser.py:63] - INFO - procotol:http, hostname:ai.baidu.com, new_link:/support/news?action=detail&id=161
2017-09-16 16:01:13,392 - [webpage_parser.py:63] - INFO - procotol:http, hostname:ai.baidu.com, new_link:/support/news?action=detail&id=156
2017-09-16 16:01:13,392 - [webpage_parser.py:63] - INFO - procotol:http, hostname:ai.baidu.com, new_link:/support/news?action=detail&id=152
2017-09-16 16:01:13,392 - [webpage_parser.py:63] - INFO - procotol:http, hostname:ai.baidu.com, new_link:/support/news?action=detail&id=122
2017-09-16 16:01:13,392 - [webpage_parser.py:63] - INFO - procotol:http, hostname:ai.baidu.com, new_link:/support/news?action=detail&id=130
2017-09-16 16:01:13,393 - [webpage_parser.py:63] - INFO - procotol:http, hostname:ai.baidu.com, new_link:/support/news?action=detail&id=163
2017-09-16 16:01:13,393 - [webpage_parser.py:63] - INFO - procotol:http, hostname:ai.baidu.com, new_link:/support/news?action=detail&id=164
2017-09-16 16:01:13,394 - [webpage_parser.py:63] - INFO - procotol:http, hostname:ai.baidu.com, new_link:/support/news?action=detail&id=161
2017-09-16 16:01:13,394 - [webpage_parser.py:63] - INFO - procotol:http, hostname:ai.baidu.com, new_link:/support/news?action=detail&id=160
2017-09-16 16:01:13,395 - [webpage_parser.py:63] - INFO - procotol:http, hostname:ai.baidu.com, new_link:/support/news?action=detail&id=157
2017-09-16 16:01:13,395 - [webpage_parser.py:63] - INFO - procotol:http, hostname:ai.baidu.com, new_link:/support/news?action=detail&id=153
2017-09-16 16:01:13,395 - [webpage_parser.py:63] - INFO - procotol:http, hostname:ai.baidu.com, new_link:/support/news?action=detail&id=150
2017-09-16 16:01:13,396 - [webpage_parser.py:63] - INFO - procotol:http, hostname:ai.baidu.com, new_link:/support/news?action=detail&id=146
2017-09-16 16:01:13,396 - [webpage_parser.py:63] - INFO - procotol:http, hostname:ai.baidu.com, new_link:/support/news?action=detail&id=145
2017-09-16 16:01:13,396 - [webpage_parser.py:63] - INFO - procotol:http, hostname:ai.baidu.com, new_link:/support/news?action=detail&id=143
2017-09-16 16:01:13,397 - [webpage_parser.py:63] - INFO - procotol:http, hostname:ai.baidu.com, new_link:/support/news?action=detail&id=135
2017-09-16 16:01:13,397 - [webpage_parser.py:63] - INFO - procotol:http, hostname:ai.baidu.com, new_link: http://ai.baidu.com/support/news?action=detail&id=167
2017-09-16 16:01:13,398 - [webpage_parser.py:63] - INFO - procotol:http, hostname:ai.baidu.com, new_link:#footer-nav
2017-09-16 16:01:13,404 - [connectionpool.py:395] - DEBUG - http://home.baidu.com:80 "GET /home/index/show_mobile_banner_content/id/64 HTTP/1.1" 200 None
2017-09-16 16:01:13,409 - [webpage_saver.py:45] - INFO - url http://ai.baidu.com/ is not match
2017-09-16 16:01:13,442 - [webpage_parser.py:63] - INFO - procotol:http, hostname:home.baidu.com, new_link:/home/index
2017-09-16 16:01:13,442 - [webpage_parser.py:63] - INFO - procotol:http, hostname:home.baidu.com, new_link:/home/index
2017-09-16 16:01:13,443 - [webpage_parser.py:63] - INFO - procotol:http, hostname:home.baidu.com, new_link:/home/index/join_us
2017-09-16 16:01:13,443 - [webpage_parser.py:63] - INFO - procotol:http, hostname:home.baidu.com, new_link:/home/index/contact_us
2017-09-16 16:01:13,443 - [webpage_parser.py:63] - INFO - procotol:http, hostname:home.baidu.com, new_link:/home/index
2017-09-16 16:01:13,444 - [webpage_parser.py:63] - INFO - procotol:http, hostname:home.baidu.com, new_link:/home/index/join_us
2017-09-16 16:01:13,444 - [webpage_parser.py:63] - INFO - procotol:http, hostname:home.baidu.com, new_link:/home/index/contact_us
2017-09-16 16:01:13,445 - [webpage_saver.py:45] - INFO - url http://home.baidu.com/home/index/show_mobile_banner_content/id/64 is not match
2017-09-16 16:01:13,608 - [connectionpool.py:818] - DEBUG - Starting new HTTPS connection (1): www.baidu.com
2017-09-16 16:01:13,664 - [connectionpool.py:395] - DEBUG - https://www.baidu.com:443 "GET /s?wd=%E8%B5%9B%E7%90%B3%E5%A8%9C%E6%89%8B%E6%9C%AF HTTP/1.1" 200 227
2017-09-16 16:01:13,674 - [webpage_saver.py:45] - INFO - url https://www.baidu.com/s?wd=赛琳娜手术 is not match
2017-09-16 16:01:13,866 - [connectionpool.py:207] - DEBUG - Starting new HTTP connection (1): home.baidu.com
2017-09-16 16:01:13,896 - [connectionpool.py:395] - DEBUG - http://home.baidu.com:80 "GET /home/index/show_mobile_banner_content/id/62 HTTP/1.1" 200 None
2017-09-16 16:01:13,935 - [webpage_parser.py:63] - INFO - procotol:http, hostname:home.baidu.com, new_link:/home/index
2017-09-16 16:01:13,938 - [webpage_parser.py:63] - INFO - procotol:http, hostname:home.baidu.com, new_link:/home/index
2017-09-16 16:01:13,940 - [webpage_parser.py:63] - INFO - procotol:http, hostname:home.baidu.com, new_link:/home/index/join_us
2017-09-16 16:01:13,940 - [webpage_parser.py:63] - INFO - procotol:http, hostname:home.baidu.com, new_link:/home/index/contact_us
2017-09-16 16:01:13,941 - [webpage_parser.py:63] - INFO - procotol:http, hostname:home.baidu.com, new_link:/home/index
2017-09-16 16:01:13,941 - [connectionpool.py:207] - DEBUG - Starting new HTTP connection (1): home.baidu.com
2017-09-16 16:01:13,942 - [webpage_parser.py:63] - INFO - procotol:http, hostname:home.baidu.com, new_link:/home/index/join_us
2017-09-16 16:01:13,942 - [connectionpool.py:818] - DEBUG - Starting new HTTPS connection (1): www.baidu.com
2017-09-16 16:01:13,943 - [webpage_parser.py:63] - INFO - procotol:http, hostname:home.baidu.com, new_link:/home/index/contact_us
2017-09-16 16:01:13,945 - [webpage_saver.py:45] - INFO - url http://home.baidu.com/home/index/show_mobile_banner_content/id/62 is not match
2017-09-16 16:01:13,982 - [connectionpool.py:395] - DEBUG - http://home.baidu.com:80 "GET /home/index/company HTTP/1.1" 200 None
2017-09-16 16:01:14,019 - [connectionpool.py:395] - DEBUG - https://www.baidu.com:443 "GET /s?wd=%E6%B2%89%E8%BF%B7%E6%B8%B8%E6%88%8F%E7%BD%91%E5%90%A7%E5%90%83%E4%BD%8F HTTP/1.1" 200 227
2017-09-16 16:01:14,037 - [webpage_parser.py:63] - INFO - procotol:http, hostname:home.baidu.com, new_link:/home/index
2017-09-16 16:01:14,046 - [webpage_parser.py:63] - INFO - procotol:http, hostname:home.baidu.com, new_link:/home/index
2017-09-16 16:01:14,047 - [webpage_parser.py:63] - INFO - procotol:http, hostname:home.baidu.com, new_link:/home/index/join_us
2017-09-16 16:01:14,049 - [webpage_saver.py:45] - INFO - url https://www.baidu.com/s?wd=沉迷游戏网吧吃住 is not match
2017-09-16 16:01:14,049 - [connectionpool.py:207] - DEBUG - Starting new HTTP connection (1): home.baidu.com
2017-09-16 16:01:14,050 - [webpage_parser.py:63] - INFO - procotol:http, hostname:home.baidu.com, new_link:/home/index/contact_us
2017-09-16 16:01:14,051 - [webpage_parser.py:63] - INFO - procotol:http, hostname:home.baidu.com, new_link:/home/index
2017-09-16 16:01:14,051 - [webpage_parser.py:63] - INFO - procotol:http, hostname:home.baidu.com, new_link:/home/index/join_us
2017-09-16 16:01:14,052 - [webpage_parser.py:63] - INFO - procotol:http, hostname:home.baidu.com, new_link:/home/index/contact_us
2017-09-16 16:01:14,053 - [webpage_saver.py:45] - INFO - url http://home.baidu.com/home/index/company is not match
2017-09-16 16:01:14,085 - [connectionpool.py:395] - DEBUG - http://home.baidu.com:80 "GET /home/index/contact_us HTTP/1.1" 200 None
2017-09-16 16:01:14,315 - [sjisprober.py:61] - DEBUG - SHIFT_JIS Japanese prober hit error at byte 494
2017-09-16 16:01:14,324 - [eucjpprober.py:62] - DEBUG - EUC-JP Japanese prober hit error at byte 453
2017-09-16 16:01:14,330 - [mbcharsetprober.py:66] - DEBUG - GB2312 Chinese prober hit error at byte 498
2017-09-16 16:01:14,335 - [mbcharsetprober.py:66] - DEBUG - EUC-KR Korean prober hit error at byte 453
2017-09-16 16:01:14,340 - [mbcharsetprober.py:66] - DEBUG - CP949 Korean prober hit error at byte 453
2017-09-16 16:01:14,344 - [mbcharsetprober.py:66] - DEBUG - Big5 Chinese prober hit error at byte 454
2017-09-16 16:01:14,348 - [mbcharsetprober.py:66] - DEBUG - EUC-TW Taiwan prober hit error at byte 453
2017-09-16 16:01:14,423 - [connectionpool.py:818] - DEBUG - Starting new HTTPS connection (1): www.baidu.com
2017-09-16 16:01:14,499 - [connectionpool.py:818] - DEBUG - Starting new HTTPS connection (1): www.baidu.com
2017-09-16 16:01:14,499 - [connectionpool.py:818] - DEBUG - Starting new HTTPS connection (1): www.baidu.com
2017-09-16 16:01:14,598 - [charsetgroupprober.py:100] - DEBUG - windows-1251 Russian confidence = 0.01
2017-09-16 16:01:14,599 - [charsetgroupprober.py:100] - DEBUG - KOI8-R Russian confidence = 0.01
2017-09-16 16:01:14,600 - [charsetgroupprober.py:100] - DEBUG - ISO-8859-5 Russian confidence = 0.0
2017-09-16 16:01:14,602 - [charsetgroupprober.py:100] - DEBUG - MacCyrillic Russian confidence = 0.00806036956326
2017-09-16 16:01:14,602 - [charsetgroupprober.py:100] - DEBUG - IBM866 Russian confidence = 0.0663601747927
2017-09-16 16:01:14,602 - [charsetgroupprober.py:100] - DEBUG - IBM855 Russian confidence = 0.0702150207922
2017-09-16 16:01:14,603 - [charsetgroupprober.py:100] - DEBUG - ISO-8859-7 Greek confidence = 0.0
2017-09-16 16:01:14,603 - [charsetgroupprober.py:100] - DEBUG - windows-1253 Greek confidence = 0.0
2017-09-16 16:01:14,603 - [charsetgroupprober.py:100] - DEBUG - ISO-8859-5 Bulgairan confidence = 0.0
2017-09-16 16:01:14,603 - [charsetgroupprober.py:100] - DEBUG - windows-1251 Bulgarian confidence = 0.0
2017-09-16 16:01:14,603 - [charsetgroupprober.py:100] - DEBUG - TIS-620 Thai confidence = 0.0410542420181
2017-09-16 16:01:14,604 - [charsetgroupprober.py:100] - DEBUG - ISO-8859-9 Turkish confidence = 0.463921191875
2017-09-16 16:01:14,604 - [charsetgroupprober.py:100] - DEBUG - windows-1255 Hebrew confidence = 0.0
2017-09-16 16:01:14,604 - [charsetgroupprober.py:100] - DEBUG - windows-1255 Hebrew confidence = 0.0
2017-09-16 16:01:14,604 - [charsetgroupprober.py:100] - DEBUG - windows-1255 Hebrew confidence = 0.0
2017-09-16 16:01:14,605 - [charsetgroupprober.py:100] - DEBUG - windows-1251 Russian confidence = 0.01
2017-09-16 16:01:14,605 - [charsetgroupprober.py:100] - DEBUG - KOI8-R Russian confidence = 0.01
2017-09-16 16:01:14,605 - [charsetgroupprober.py:100] - DEBUG - ISO-8859-5 Russian confidence = 0.0
2017-09-16 16:01:14,606 - [charsetgroupprober.py:100] - DEBUG - MacCyrillic Russian confidence = 0.00806036956326
2017-09-16 16:01:14,606 - [charsetgroupprober.py:100] - DEBUG - IBM866 Russian confidence = 0.0663601747927
2017-09-16 16:01:14,606 - [charsetgroupprober.py:100] - DEBUG - IBM855 Russian confidence = 0.0702150207922
2017-09-16 16:01:14,607 - [charsetgroupprober.py:100] - DEBUG - ISO-8859-7 Greek confidence = 0.0
2017-09-16 16:01:14,607 - [charsetgroupprober.py:100] - DEBUG - windows-1253 Greek confidence = 0.0
2017-09-16 16:01:14,607 - [charsetgroupprober.py:100] - DEBUG - ISO-8859-5 Bulgairan confidence = 0.0
2017-09-16 16:01:14,607 - [charsetgroupprober.py:100] - DEBUG - windows-1251 Bulgarian confidence = 0.0
2017-09-16 16:01:14,607 - [charsetgroupprober.py:100] - DEBUG - TIS-620 Thai confidence = 0.0410542420181
2017-09-16 16:01:14,608 - [charsetgroupprober.py:100] - DEBUG - ISO-8859-9 Turkish confidence = 0.463921191875
2017-09-16 16:01:14,608 - [charsetgroupprober.py:100] - DEBUG - windows-1255 Hebrew confidence = 0.0
2017-09-16 16:01:14,609 - [charsetgroupprober.py:100] - DEBUG - windows-1255 Hebrew confidence = 0.0
2017-09-16 16:01:14,609 - [charsetgroupprober.py:100] - DEBUG - windows-1255 Hebrew confidence = 0.0
2017-09-16 16:01:14,610 - [connectionpool.py:395] - DEBUG - https://www.baidu.com:443 "GET /s?wd=%E6%8D%A1%E7%8E%89%E5%9D%A0%E4%B8%A2%E5%BC%83%E8%A2%AB%E7%B4%A2%E8%B5%94 HTTP/1.1" 200 227
2017-09-16 16:01:14,620 - [webpage_saver.py:45] - INFO - url https://www.baidu.com/s?wd=捡玉坠丢弃被索赔 is not match
2017-09-16 16:01:14,622 - [dammit.py:381] - WARNING - Some characters could not be decoded, and were replaced with REPLACEMENT CHARACTER.
2017-09-16 16:01:14,712 - [webpage_parser.py:63] - INFO - procotol:http, hostname:home.baidu.com, new_link:/home/index
2017-09-16 16:01:14,712 - [webpage_parser.py:63] - INFO - procotol:http, hostname:home.baidu.com, new_link:/home/index
2017-09-16 16:01:14,713 - [webpage_parser.py:63] - INFO - procotol:http, hostname:home.baidu.com, new_link:/home/index/join_us
2017-09-16 16:01:14,714 - [connectionpool.py:395] - DEBUG - https://www.baidu.com:443 "GET /s?wd=%E4%BC%A6%E6%95%A6%E5%9C%B0%E9%93%81%E5%8F%91%E7%94%9F%E7%88%86%E7%82%B8 HTTP/1.1" 200 227
2017-09-16 16:01:14,714 - [webpage_parser.py:63] - INFO - procotol:http, hostname:home.baidu.com, new_link:/home/index/contact_us
2017-09-16 16:01:14,715 - [connectionpool.py:818] - DEBUG - Starting new HTTPS connection (1): www.facebook.com
2017-09-16 16:01:14,723 - [webpage_saver.py:45] - INFO - url https://www.baidu.com/s?wd=伦敦地铁发生爆炸 is not match
2017-09-16 16:01:14,724 - [connectionpool.py:395] - DEBUG - https://www.baidu.com:443 "GET /s?wd=%E4%B8%BE%E6%8A%A5%E5%85%AC%E5%8F%B8%E9%81%AD%E6%8A%A5%E5%A4%8D HTTP/1.1" 200 227
2017-09-16 16:01:14,725 - [webpage_parser.py:63] - INFO - procotol:http, hostname:home.baidu.com, new_link:/home/index
2017-09-16 16:01:14,734 - [webpage_saver.py:45] - INFO - url https://www.baidu.com/s?wd=举报公司遭报复 is not match
2017-09-16 16:01:14,734 - [webpage_parser.py:63] - INFO - procotol:http, hostname:home.baidu.com, new_link:/home/index/join_us
2017-09-16 16:01:14,735 - [webpage_parser.py:63] - INFO - procotol:http, hostname:home.baidu.com, new_link:/home/index/contact_us
2017-09-16 16:01:14,736 - [webpage_parser.py:63] - INFO - procotol:http, hostname:home.baidu.com, new_link:�
2017-09-16 16:01:14,737 - [webpage_parser.py:63] - INFO - procotol:http, hostname:home.baidu.com, new_link:�
2017-09-16 16:01:14,737 - [webpage_parser.py:63] - INFO - procotol:http, hostname:home.baidu.com, new_link:�
2017-09-16 16:01:14,737 - [webpage_parser.py:63] - INFO - procotol:http, hostname:home.baidu.com, new_link:�
2017-09-16 16:01:14,738 - [webpage_parser.py:63] - INFO - procotol:http, hostname:home.baidu.com, new_link:�
2017-09-16 16:01:14,739 - [webpage_parser.py:63] - INFO - procotol:http, hostname:home.baidu.com, new_link:�
2017-09-16 16:01:14,739 - [webpage_parser.py:63] - INFO - procotol:http, hostname:home.baidu.com, new_link:�
2017-09-16 16:01:14,741 - [webpage_saver.py:45] - INFO - url http://home.baidu.com/home/index/contact_us is not match
2017-09-16 16:01:14,953 - [connectionpool.py:818] - DEBUG - Starting new HTTPS connection (1): www.baidu.com
2017-09-16 16:01:15,013 - [connectionpool.py:395] - DEBUG - https://www.baidu.com:443 "GET /s?wd=%E5%91%A8%E6%98%9F%E9%A9%B0%E6%97%A7%E7%85%A7%E6%9B%9D%E5%85%89 HTTP/1.1" 200 227
2017-09-16 16:01:15,027 - [webpage_saver.py:45] - INFO - url https://www.baidu.com/s?wd=周星驰旧照曝光 is not match
2017-09-16 16:01:15,061 - [connectionpool.py:818] - DEBUG - Starting new HTTPS connection (1): www.baidu.com
2017-09-16 16:01:15,062 - [connectionpool.py:207] - DEBUG - Starting new HTTP connection (1): home.baidu.com
2017-09-16 16:01:15,094 - [connectionpool.py:395] - DEBUG - http://home.baidu.com:80 "GET /home/index/show_banner_content/id/47 HTTP/1.1" 200 None
2017-09-16 16:01:15,131 - [webpage_parser.py:63] - INFO - procotol:http, hostname:home.baidu.com, new_link:/home/index
2017-09-16 16:01:15,131 - [webpage_parser.py:63] - INFO - procotol:http, hostname:home.baidu.com, new_link:/home/index
2017-09-16 16:01:15,132 - [webpage_parser.py:63] - INFO - procotol:http, hostname:home.baidu.com, new_link:/home/index/join_us
2017-09-16 16:01:15,133 - [webpage_parser.py:63] - INFO - procotol:http, hostname:home.baidu.com, new_link:/home/index/contact_us
2017-09-16 16:01:15,133 - [webpage_parser.py:63] - INFO - procotol:http, hostname:home.baidu.com, new_link:/home/index
2017-09-16 16:01:15,133 - [webpage_parser.py:63] - INFO - procotol:http, hostname:home.baidu.com, new_link:/home/index/join_us
2017-09-16 16:01:15,134 - [webpage_parser.py:63] - INFO - procotol:http, hostname:home.baidu.com, new_link:/home/index/contact_us
2017-09-16 16:01:15,135 - [webpage_saver.py:45] - INFO - url http://home.baidu.com/home/index/show_banner_content/id/47 is not match
2017-09-16 16:01:15,144 - [connectionpool.py:395] - DEBUG - https://www.baidu.com:443 "GET /s?wd=%E7%AB%A0%E9%BE%84%E4%B9%8B%E6%99%92%E7%BE%8E%E7%85%A7 HTTP/1.1" 200 227
2017-09-16 16:01:15,152 - [webpage_saver.py:45] - INFO - url https://www.baidu.com/s?wd=章龄之晒美照 is not match
2017-09-16 16:01:15,621 - [webpage_crawler.py:105] - ERROR - url //www.baidu.com/duty/ startswith //
2017-09-16 16:01:15,622 - [webpage_crawler.py:105] - ERROR - url //logo.baidu.com/ startswith //
2017-09-16 16:01:15,625 - [connectionpool.py:818] - DEBUG - Starting new HTTPS connection (1): www.baidu.com
2017-09-16 16:01:15,684 - [connectionpool.py:395] - DEBUG - https://www.baidu.com:443 "GET /s?wd=%E8%8C%83%E5%86%B0%E5%86%B0%E6%9D%8E%E6%99%A8%E6%92%B8%E4%B8%B2 HTTP/1.1" 200 227
2017-09-16 16:01:15,691 - [webpage_saver.py:45] - INFO - url https://www.baidu.com/s?wd=范冰冰李晨撸串 is not match
2017-09-16 16:01:15,733 - [connectionpool.py:818] - DEBUG - Starting new HTTPS connection (1): www.baidu.com
2017-09-16 16:01:15,734 - [webpage_crawler.py:77] - ERROR - Connection Error url https://www.facebook.com/BaiduIncorporated
2017-09-16 16:01:15,734 - [webpage_crawler.py:115] - ERROR - crawl url https://www.facebook.com/BaiduIncorporated failed, status code 4
2017-09-16 16:01:15,738 - [connectionpool.py:207] - DEBUG - Starting new HTTP connection (1): home.baidu.com
2017-09-16 16:01:15,749 - [connectionpool.py:818] - DEBUG - Starting new HTTPS connection (1): www.baidu.com
2017-09-16 16:01:15,793 - [connectionpool.py:395] - DEBUG - https://www.baidu.com:443 "GET /s?wd=%E6%9E%97%E6%9B%B4%E6%96%B0%E5%9B%9E%E5%BA%94%E8%A2%AB%E9%AA%82 HTTP/1.1" 200 227
2017-09-16 16:01:15,801 - [webpage_saver.py:45] - INFO - url https://www.baidu.com/s?wd=林更新回应被骂 is not match
2017-09-16 16:01:15,802 - [connectionpool.py:395] - DEBUG - http://home.baidu.com:80 "GET /home/index/show_banner_content/id/48 HTTP/1.1" 200 None
2017-09-16 16:01:15,803 - [connectionpool.py:395] - DEBUG - https://www.baidu.com:443 "GET /s?wd=%E5%8F%8C%E5%8F%B0%E9%A3%8E%E7%BB%93%E5%AF%B9%E6%9D%A5%E8%A2%AD HTTP/1.1" 200 227
2017-09-16 16:01:15,814 - [webpage_saver.py:45] - INFO - url https://www.baidu.com/s?wd=双台风结对来袭 is not match
2017-09-16 16:01:15,863 - [webpage_parser.py:63] - INFO - procotol:http, hostname:home.baidu.com, new_link:/home/index
2017-09-16 16:01:15,864 - [webpage_parser.py:63] - INFO - procotol:http, hostname:home.baidu.com, new_link:/home/index
2017-09-16 16:01:15,865 - [webpage_parser.py:63] - INFO - procotol:http, hostname:home.baidu.com, new_link:/home/index/join_us
2017-09-16 16:01:15,865 - [webpage_parser.py:63] - INFO - procotol:http, hostname:home.baidu.com, new_link:/home/index/contact_us
2017-09-16 16:01:15,866 - [webpage_parser.py:63] - INFO - procotol:http, hostname:home.baidu.com, new_link:/home/index
2017-09-16 16:01:15,867 - [webpage_parser.py:63] - INFO - procotol:http, hostname:home.baidu.com, new_link:/home/index/join_us
2017-09-16 16:01:15,868 - [webpage_parser.py:63] - INFO - procotol:http, hostname:home.baidu.com, new_link:/home/index/contact_us
2017-09-16 16:01:15,871 - [webpage_saver.py:45] - INFO - url http://home.baidu.com/home/index/show_banner_content/id/48 is not match
2017-09-16 16:01:16,032 - [connectionpool.py:818] - DEBUG - Starting new HTTPS connection (1): www.baidu.com
2017-09-16 16:01:16,143 - [connectionpool.py:207] - DEBUG - Starting new HTTP connection (1): v.hao123.baidu.com
2017-09-16 16:01:16,145 - [connectionpool.py:395] - DEBUG - https://www.baidu.com:443 "GET /s?wd=%E5%BE%AE%E4%BF%A1%E9%9A%90%E7%A7%81%E4%BF%9D%E6%8A%A4%E6%8C%87%E5%BC%95 HTTP/1.1" 200 227
2017-09-16 16:01:16,155 - [webpage_saver.py:45] - INFO - url https://www.baidu.com/s?wd=微信隐私保护指引 is not match
2017-09-16 16:01:16,160 - [connectionpool.py:818] - DEBUG - Starting new HTTPS connection (1): www.baidu.com
2017-09-16 16:01:16,186 - [connectionpool.py:395] - DEBUG - http://v.hao123.baidu.com:80 "GET /dianying_index/order-hot_pn-1_channel-movie HTTP/1.1" 200 None
2017-09-16 16:01:16,253 - [webpage_parser.py:63] - INFO - procotol:http, hostname:v.hao123.baidu.com, new_link:javascript:;
2017-09-16 16:01:16,254 - [connectionpool.py:395] - DEBUG - https://www.baidu.com:443 "GET /s?word=17%E6%B8%B8%E6%88%8F%E5%A4%A7%E5%85%A8&tn=50000016_hao_pg&ie=utf-8 HTTP/1.1" 200 227
2017-09-16 16:01:16,255 - [webpage_parser.py:63] - INFO - procotol:http, hostname:v.hao123.baidu.com, new_link:javascript:void(0);
2017-09-16 16:01:16,259 - [webpage_parser.py:63] - INFO - procotol:http, hostname:v.hao123.baidu.com, new_link:javascript:void(0);
2017-09-16 16:01:16,268 - [webpage_saver.py:45] - INFO - url https://www.baidu.com/s?word=17%E6%B8%B8%E6%88%8F%E5%A4%A7%E5%85%A8&tn=50000016_hao_pg&ie=utf-8 is not match
2017-09-16 16:01:16,270 - [webpage_saver.py:45] - INFO - url http://v.hao123.baidu.com/dianying_index/order-hot_pn-1_channel-movie is not match
2017-09-16 16:01:16,700 - [connectionpool.py:207] - DEBUG - Starting new HTTP connection (1): v.baidu.com
2017-09-16 16:01:16,744 - [connectionpool.py:207] - DEBUG - Starting new HTTP connection (1): www.12306.cn
2017-09-16 16:01:16,809 - [connectionpool.py:207] - DEBUG - Starting new HTTP connection (1): app.hao123.com
2017-09-16 16:01:16,824 - [connectionpool.py:207] - DEBUG - Starting new HTTP connection (1): www.78.cn
2017-09-16 16:01:16,872 - [connectionpool.py:395] - DEBUG - http://v.baidu.com:80 "GET / HTTP/1.1" 200 None
2017-09-16 16:01:16,881 - [connectionpool.py:207] - DEBUG - Starting new HTTP connection (1): tejia.hao123.com
2017-09-16 16:01:17,405 - [connectionpool.py:395] - DEBUG - http://www.12306.cn:80 "GET / HTTP/1.1" 200 1480
2017-09-16 16:01:17,412 - [connectionpool.py:207] - DEBUG - Starting new HTTP connection (1): hot.ynet.com
2017-09-16 16:01:17,420 - [connectionpool.py:818] - DEBUG - Starting new HTTPS connection (1): www.baidu.com
2017-09-16 16:01:17,428 - [connectionpool.py:207] - DEBUG - Starting new HTTP connection (1): www.baidu.com
2017-09-16 16:01:17,700 - [webpage_parser.py:63] - INFO - procotol:http, hostname:v.baidu.com, new_link:javascript:void(0)
2017-09-16 16:01:17,702 - [webpage_saver.py:45] - INFO - url http://www.12306.cn/ is not match
2017-09-16 16:01:17,702 - [webpage_parser.py:63] - INFO - procotol:http, hostname:v.baidu.com, new_link:javascript:;
2017-09-16 16:01:17,727 - [webpage_saver.py:45] - INFO - url http://v.baidu.com/ is not match
2017-09-16 16:01:17,770 - [connectionpool.py:395] - DEBUG - http://app.hao123.com:80 "GET /app HTTP/1.1" 200 None
2017-09-16 16:01:17,800 - [webpage_saver.py:45] - INFO - url http://app.hao123.com/app is not match
2017-09-16 16:01:18,056 - [connectionpool.py:395] - DEBUG - http://www.78.cn:80 "GET /?sid=1504 HTTP/1.1" 200 None
2017-09-16 16:01:18,132 - [sjisprober.py:61] - DEBUG - SHIFT_JIS Japanese prober hit error at byte 718
2017-09-16 16:01:18,703 - [eucjpprober.py:62] - DEBUG - EUC-JP Japanese prober hit error at byte 41151
2017-09-16 16:01:18,715 - [connectionpool.py:207] - DEBUG - Starting new HTTP connection (1): www.hao123.com
2017-09-16 16:01:18,735 - [connectionpool.py:207] - DEBUG - Starting new HTTP connection (1): www.hao123.com
2017-09-16 16:01:18,776 - [connectionpool.py:395] - DEBUG - http://hot.ynet.com:80 "GET /2017/09/16/481672t1593.html HTTP/1.1" 200 None
2017-09-16 16:01:18,779 - [connectionpool.py:395] - DEBUG - http://tejia.hao123.com:80 "GET /?tn=mz HTTP/1.1" 200 None
2017-09-16 16:01:18,804 - [connectionpool.py:395] - DEBUG - http://www.baidu.com:80 "GET /s?word=%E7%AA%83%E8%B4%BC%E5%85%A5%E5%AE%A4%E6%B7%A1%E5%AE%9A%E6%B4%97%E6%BE%A1&tn=50000028_hao_pg&ie=utf-8' HTTP/1.1" 200 None
2017-09-16 16:01:18,860 - [connectionpool.py:207] - DEBUG - Starting new HTTP connection (1): www.xinhuanet.com
2017-09-16 16:01:18,875 - [connectionpool.py:395] - DEBUG - http://www.hao123.com:80 "GET /top HTTP/1.1" 200 None
2017-09-16 16:01:18,878 - [connectionpool.py:395] - DEBUG - http://www.hao123.com:80 "GET /yule HTTP/1.1" 200 None
2017-09-16 16:01:18,928 - [webpage_parser.py:63] - INFO - procotol:http, hostname:hot.ynet.com, new_link:mailto:jubao@ynet.com
2017-09-16 16:01:18,937 - [connectionpool.py:395] - DEBUG - https://www.baidu.com:443 "GET /s?word=%E8%B4%A2%E5%AF%8C&tn=50000017_hao_p&ie=utf-8 HTTP/1.1" 200 227
2017-09-16 16:01:18,953 - [webpage_saver.py:45] - INFO - url https://www.baidu.com/s?word=%E8%B4%A2%E5%AF%8C&tn=50000017_hao_p&ie=utf-8 is not match
2017-09-16 16:01:19,116 - [webpage_parser.py:63] - INFO - procotol:http, hostname:www.hao123.com, new_link:javascript:void(0)
2017-09-16 16:01:19,154 - [webpage_parser.py:63] - INFO - procotol:http, hostname:www.hao123.com, new_link:javascript:;
2017-09-16 16:01:19,174 - [webpage_parser.py:63] - INFO - procotol:http, hostname:www.hao123.com, new_link:javascript:;
2017-09-16 16:01:19,326 - [webpage_parser.py:63] - INFO - procotol:http, hostname:tejia.hao123.com, new_link:javascript:void(0)
2017-09-16 16:01:19,333 - [webpage_parser.py:63] - INFO - procotol:http, hostname:www.hao123.com, new_link:javascript:;
2017-09-16 16:01:19,335 - [webpage_parser.py:63] - INFO - procotol:http, hostname:tejia.hao123.com, new_link:javascript:;
2017-09-16 16:01:19,349 - [webpage_parser.py:63] - INFO - procotol:http, hostname:www.hao123.com, new_link:javascript:;
2017-09-16 16:01:19,357 - [webpage_parser.py:63] - INFO - procotol:http, hostname:tejia.hao123.com, new_link:javascript:;
2017-09-16 16:01:19,391 - [webpage_parser.py:63] - INFO - procotol:http, hostname:www.hao123.com, new_link:javascript:;
2017-09-16 16:01:19,428 - [connectionpool.py:395] - DEBUG - http://www.xinhuanet.com:80 "GET / HTTP/1.1" 200 53038
2017-09-16 16:01:19,441 - [webpage_parser.py:63] - INFO - procotol:http, hostname:tejia.hao123.com, new_link:javascript:;
2017-09-16 16:01:19,452 - [webpage_parser.py:63] - INFO - procotol:http, hostname:www.hao123.com, new_link:javascript:;
2017-09-16 16:01:19,546 - [webpage_parser.py:63] - INFO - procotol:http, hostname:www.baidu.com, new_link:/
2017-09-16 16:01:19,553 - [webpage_parser.py:63] - INFO - procotol:http, hostname:tejia.hao123.com, new_link:javascript:;
2017-09-16 16:01:19,593 - [webpage_parser.py:63] - INFO - procotol:http, hostname:www.hao123.com, new_link:javascript:;
2017-09-16 16:01:19,613 - [webpage_parser.py:63] - INFO - procotol:http, hostname:www.baidu.com, new_link:javascript:;
2017-09-16 16:01:19,619 - [webpage_parser.py:63] - INFO - procotol:http, hostname:tejia.hao123.com, new_link:javascript:;
2017-09-16 16:01:19,628 - [webpage_parser.py:63] - INFO - procotol:http, hostname:www.hao123.com, new_link:javascript:;
2017-09-16 16:01:19,642 - [webpage_parser.py:63] - INFO - procotol:http, hostname:tejia.hao123.com, new_link:javascript:;
2017-09-16 16:01:19,662 - [webpage_parser.py:63] - INFO - procotol:http, hostname:www.baidu.com, new_link:javascript:;
2017-09-16 16:01:19,665 - [webpage_parser.py:63] - INFO - procotol:http, hostname:www.hao123.com, new_link:javascript:;
2017-09-16 16:01:19,667 - [webpage_parser.py:63] - INFO - procotol:http, hostname:tejia.hao123.com, new_link:javascript:;
2017-09-16 16:01:19,676 - [webpage_parser.py:63] - INFO - procotol:http, hostname:www.hao123.com, new_link:javascript:void(0)
2017-09-16 16:01:19,682 - [webpage_parser.py:63] - INFO - procotol:http, hostname:www.baidu.com, new_link:javascript:;
2017-09-16 16:01:19,709 - [webpage_parser.py:63] - INFO - procotol:http, hostname:www.hao123.com, new_link:javascript:;
2017-09-16 16:01:19,711 - [webpage_parser.py:63] - INFO - procotol:http, hostname:tejia.hao123.com, new_link:javascript:;
2017-09-16 16:01:19,717 - [webpage_parser.py:63] - INFO - procotol:http, hostname:www.hao123.com, new_link:javascript:;
2017-09-16 16:01:19,718 - [webpage_parser.py:63] - INFO - procotol:http, hostname:www.baidu.com, new_link:/
2017-09-16 16:01:19,720 - [webpage_parser.py:63] - INFO - procotol:http, hostname:tejia.hao123.com, new_link:javascript:;
2017-09-16 16:01:19,721 - [webpage_parser.py:63] - INFO - procotol:http, hostname:www.hao123.com, new_link:javascript:;
2017-09-16 16:01:19,738 - [webpage_parser.py:63] - INFO - procotol:http, hostname:www.baidu.com, new_link:javascript:;
2017-09-16 16:01:19,739 - [webpage_parser.py:63] - INFO - procotol:http, hostname:tejia.hao123.com, new_link:javascript:;
2017-09-16 16:01:19,740 - [webpage_parser.py:63] - INFO - procotol:http, hostname:www.hao123.com, new_link:javascript:;
2017-09-16 16:01:19,742 - [webpage_parser.py:63] - INFO - procotol:http, hostname:www.baidu.com, new_link:/s?tn=50000028_hao_pg&usm=2&wd=%E5%BC%A0%E4%B8%80%E5%B1%B1%E6%8B%8D%E6%88%8F%E9%81%AD%E8%87%AD%E9%AA%82&ie=utf-8&rsv_cq=%E7%AA%83%E8%B4%BC%E5%85%A5%E5%AE%A4%E6%B7%A1%E5%AE%9A%E6%B4%97%E6%BE%A1&rsv_dl=0_right_toplist_20811
2017-09-16 16:01:19,742 - [webpage_parser.py:63] - INFO - procotol:http, hostname:tejia.hao123.com, new_link:javascript:;
2017-09-16 16:01:19,744 - [webpage_parser.py:63] - INFO - procotol:http, hostname:www.hao123.com, new_link:javascript:;
2017-09-16 16:01:19,745 - [webpage_parser.py:63] - INFO - procotol:http, hostname:www.baidu.com, new_link:/s?tn=50000028_hao_pg&usm=2&wd=%E6%9D%8E%E6%99%A8%E6%B1%82%E5%A9%9A%E8%8C%83%E5%86%B0%E5%86%B0&ie=utf-8&rsv_cq=%E7%AA%83%E8%B4%BC%E5%85%A5%E5%AE%A4%E6%B7%A1%E5%AE%9A%E6%B4%97%E6%BE%A1&rsv_dl=0_right_toplist_20811
2017-09-16 16:01:19,746 - [webpage_parser.py:63] - INFO - procotol:http, hostname:tejia.hao123.com, new_link:javascript:;
2017-09-16 16:01:19,751 - [webpage_parser.py:63] - INFO - procotol:http, hostname:www.baidu.com, new_link:/s?tn=50000028_hao_pg&usm=2&wd=%E5%91%A8%E6%98%9F%E9%A9%B0%E6%97%A7%E7%85%A7%E6%9B%9D%E5%85%89&ie=utf-8&rsv_cq=%E7%AA%83%E8%B4%BC%E5%85%A5%E5%AE%A4%E6%B7%A1%E5%AE%9A%E6%B4%97%E6%BE%A1&rsv_dl=0_right_toplist_20811
2017-09-16 16:01:19,752 - [webpage_parser.py:63] - INFO - procotol:http, hostname:tejia.hao123.com, new_link:javascript:;
2017-09-16 16:01:19,753 - [webpage_parser.py:63] - INFO - procotol:http, hostname:www.baidu.com, new_link:/s?tn=50000028_hao_pg&usm=2&wd=B%E7%AB%99%E8%AF%B7%E9%81%93%E5%A3%AB%E4%BD%9C%E6%B3%95&ie=utf-8&rsv_cq=%E7%AA%83%E8%B4%BC%E5%85%A5%E5%AE%A4%E6%B7%A1%E5%AE%9A%E6%B4%97%E6%BE%A1&rsv_dl=0_right_toplist_20811
2017-09-16 16:01:19,758 - [webpage_parser.py:63] - INFO - procotol:http, hostname:tejia.hao123.com, new_link:javascript:;
2017-09-16 16:01:19,771 - [webpage_parser.py:63] - INFO - procotol:http, hostname:www.baidu.com, new_link:/s?tn=50000028_hao_pg&usm=2&wd=%E6%9E%97%E5%BF%83%E5%A6%82%E5%BE%8B%E5%B8%88%E5%8F%91%E5%A3%B0%E6%98%8E&ie=utf-8&rsv_cq=%E7%AA%83%E8%B4%BC%E5%85%A5%E5%AE%A4%E6%B7%A1%E5%AE%9A%E6%B4%97%E6%BE%A1&rsv_dl=0_right_toplist_20811
2017-09-16 16:01:19,773 - [webpage_parser.py:63] - INFO - procotol:http, hostname:tejia.hao123.com, new_link:javascript:;
2017-09-16 16:01:19,774 - [webpage_parser.py:63] - INFO - procotol:http, hostname:www.baidu.com, new_link:/s?tn=50000028_hao_pg&usm=2&wd=%E5%BE%AE%E4%BF%A1%E9%9A%90%E7%A7%81%E4%BF%9D%E6%8A%A4%E6%8C%87%E5%BC%95&ie=utf-8&rsv_cq=%E7%AA%83%E8%B4%BC%E5%85%A5%E5%AE%A4%E6%B7%A1%E5%AE%9A%E6%B4%97%E6%BE%A1&rsv_dl=0_right_toplist_20811
2017-09-16 16:01:19,774 - [webpage_parser.py:63] - INFO - procotol:http, hostname:tejia.hao123.com, new_link:javascript:;
2017-09-16 16:01:19,783 - [webpage_parser.py:63] - INFO - procotol:http, hostname:www.baidu.com, new_link:/s?tn=50000028_hao_pg&usm=2&wd=%E9%99%88%E7%BE%BD%E5%87%A1%E5%A4%8D%E5%87%BA&ie=utf-8&rsv_cq=%E7%AA%83%E8%B4%BC%E5%85%A5%E5%AE%A4%E6%B7%A1%E5%AE%9A%E6%B4%97%E6%BE%A1&rsv_dl=0_right_toplist_20811
2017-09-16 16:01:19,795 - [webpage_parser.py:63] - INFO - procotol:http, hostname:tejia.hao123.com, new_link:javascript:;
2017-09-16 16:01:19,796 - [webpage_parser.py:63] - INFO - procotol:http, hostname:www.baidu.com, new_link:/s?tn=50000028_hao_pg&usm=2&wd=%E7%8E%8B%E5%AE%9D%E5%BC%BA%E6%9D%91%E6%B0%91%E8%B0%88%E5%AE%8B%E5%96%86&ie=utf-8&rsv_cq=%E7%AA%83%E8%B4%BC%E5%85%A5%E5%AE%A4%E6%B7%A1%E5%AE%9A%E6%B4%97%E6%BE%A1&rsv_dl=0_right_toplist_20811
2017-09-16 16:01:19,797 - [webpage_parser.py:63] - INFO - procotol:http, hostname:tejia.hao123.com, new_link:javascript:;
2017-09-16 16:01:19,798 - [webpage_parser.py:63] - INFO - procotol:http, hostname:www.baidu.com, new_link:/s?tn=50000028_hao_pg&usm=2&wd=%E4%BC%A6%E6%95%A6%E5%9C%B0%E9%93%81%E5%8F%91%E7%94%9F%E7%88%86%E7%82%B8&ie=utf-8&rsv_cq=%E7%AA%83%E8%B4%BC%E5%85%A5%E5%AE%A4%E6%B7%A1%E5%AE%9A%E6%B4%97%E6%BE%A1&rsv_dl=0_right_toplist_20811
2017-09-16 16:01:19,799 - [webpage_parser.py:63] - INFO - procotol:http, hostname:tejia.hao123.com, new_link:javascript:;
2017-09-16 16:01:19,800 - [webpage_parser.py:63] - INFO - procotol:http, hostname:www.baidu.com, new_link:/s?tn=50000028_hao_pg&usm=2&wd=%E8%B5%9B%E7%90%B3%E5%A8%9C%E6%89%8B%E6%9C%AF&ie=utf-8&rsv_cq=%E7%AA%83%E8%B4%BC%E5%85%A5%E5%AE%A4%E6%B7%A1%E5%AE%9A%E6%B4%97%E6%BE%A1&rsv_dl=0_right_toplist_20811
2017-09-16 16:01:19,801 - [webpage_parser.py:63] - INFO - procotol:http, hostname:tejia.hao123.com, new_link:javascript:;
2017-09-16 16:01:19,802 - [webpage_parser.py:63] - INFO - procotol:http, hostname:www.baidu.com, new_link:/s?tn=50000028_hao_pg&usm=2&wd=%E5%9B%BD%E5%AE%B6%E8%81%8C%E4%B8%9A%E8%B5%84%E6%A0%BC%E7%9B%AE%E5%BD%95&ie=utf-8&rsv_cq=%E7%AA%83%E8%B4%BC%E5%85%A5%E5%AE%A4%E6%B7%A1%E5%AE%9A%E6%B4%97%E6%BE%A1&rsv_dl=0_right_toplist_20811
2017-09-16 16:01:19,803 - [webpage_parser.py:63] - INFO - procotol:http, hostname:tejia.hao123.com, new_link:javascript:;
2017-09-16 16:01:19,805 - [webpage_parser.py:63] - INFO - procotol:http, hostname:www.baidu.com, new_link:/s?tn=50000028_hao_pg&usm=2&wd=%E6%9E%97%E5%BF%97%E7%8E%B2%E5%8D%8A%E8%B9%B2%E9%A2%81%E5%A5%96&ie=utf-8&rsv_cq=%E7%AA%83%E8%B4%BC%E5%85%A5%E5%AE%A4%E6%B7%A1%E5%AE%9A%E6%B4%97%E6%BE%A1&rsv_dl=0_right_toplist_20811
2017-09-16 16:01:19,806 - [webpage_parser.py:63] - INFO - procotol:http, hostname:tejia.hao123.com, new_link:javascript:;
2017-09-16 16:01:19,807 - [webpage_parser.py:63] - INFO - procotol:http, hostname:www.baidu.com, new_link:/s?tn=50000028_hao_pg&usm=2&wd=%E6%9D%8E%E9%9B%A8%E6%A1%90%E5%86%8D%E7%88%86%E6%96%99&ie=utf-8&rsv_cq=%E7%AA%83%E8%B4%BC%E5%85%A5%E5%AE%A4%E6%B7%A1%E5%AE%9A%E6%B4%97%E6%BE%A1&rsv_dl=0_right_toplist_20811
2017-09-16 16:01:19,809 - [webpage_parser.py:63] - INFO - procotol:http, hostname:tejia.hao123.com, new_link:javascript:;
2017-09-16 16:01:19,814 - [webpage_parser.py:63] - INFO - procotol:http, hostname:www.baidu.com, new_link:/s?tn=50000028_hao_pg&usm=2&wd=%E8%8C%83%E5%86%B0%E5%86%B0%E6%9D%8E%E6%99%A8%E6%92%B8%E4%B8%B2&ie=utf-8&rsv_cq=%E7%AA%83%E8%B4%BC%E5%85%A5%E5%AE%A4%E6%B7%A1%E5%AE%9A%E6%B4%97%E6%BE%A1&rsv_dl=0_right_toplist_20811
2017-09-16 16:01:19,816 - [webpage_parser.py:63] - INFO - procotol:http, hostname:tejia.hao123.com, new_link:javascript:;
2017-09-16 16:01:19,818 - [webpage_parser.py:63] - INFO - procotol:http, hostname:www.baidu.com, new_link:/s?tn=50000028_hao_pg&usm=2&wd=%E6%97%A5%E4%BC%81%E5%91%A8%E4%BC%91%E4%B8%89%E6%97%A5&ie=utf-8&rsv_cq=%E7%AA%83%E8%B4%BC%E5%85%A5%E5%AE%A4%E6%B7%A1%E5%AE%9A%E6%B4%97%E6%BE%A1&rsv_dl=0_right_toplist_20811
2017-09-16 16:01:19,818 - [webpage_saver.py:45] - INFO - url http://www.hao123.com/top is not match
2017-09-16 16:01:19,819 - [webpage_saver.py:45] - INFO - url http://www.hao123.com/yule is not match
2017-09-16 16:01:19,821 - [webpage_parser.py:63] - INFO - procotol:http, hostname:tejia.hao123.com, new_link:javascript:;
2017-09-16 16:01:19,824 - [webpage_parser.py:63] - INFO - procotol:http, hostname:www.baidu.com, new_link:/s?tn=50000028_hao_pg&usm=2&wd=%E5%B0%8F%E5%AD%A6%E7%94%9F%E8%8E%B7%E5%9B%BD%E5%AE%B6%E4%B8%93%E5%88%A9&ie=utf-8&rsv_cq=%E7%AA%83%E8%B4%BC%E5%85%A5%E5%AE%A4%E6%B7%A1%E5%AE%9A%E6%B4%97%E6%BE%A1&rsv_dl=0_right_toplist_20811
2017-09-16 16:01:19,841 - [webpage_parser.py:63] - INFO - procotol:http, hostname:tejia.hao123.com, new_link:javascript:;
2017-09-16 16:01:19,850 - [webpage_parser.py:63] - INFO - procotol:http, hostname:www.baidu.com, new_link:/s?tn=50000028_hao_pg&usm=2&wd=%E6%B2%89%E8%BF%B7%E6%B8%B8%E6%88%8F%E7%BD%91%E5%90%A7%E5%90%83%E4%BD%8F&ie=utf-8&rsv_cq=%E7%AA%83%E8%B4%BC%E5%85%A5%E5%AE%A4%E6%B7%A1%E5%AE%9A%E6%B4%97%E6%BE%A1&rsv_dl=0_right_toplist_20811
2017-09-16 16:01:19,961 - [webpage_parser.py:63] - INFO - procotol:http, hostname:www.baidu.com, new_link:/s?tn=50000028_hao_pg&usm=2&wd=8%E5%A4%A9%E9%95%BF%E5%81%876%E5%9C%BA%E5%A9%9A%E7%A4%BC&ie=utf-8&rsv_cq=%E7%AA%83%E8%B4%BC%E5%85%A5%E5%AE%A4%E6%B7%A1%E5%AE%9A%E6%B4%97%E6%BE%A1&rsv_dl=0_right_toplist_20811
2017-09-16 16:01:19,968 - [webpage_parser.py:63] - INFO - procotol:http, hostname:www.baidu.com, new_link:/s?tn=50000028_hao_pg&usm=2&wd=%E9%A9%AC%E4%BC%8A%E7%90%8D%E6%96%B0%E6%88%8F%E6%8E%A5%E9%95%BF%E5%8F%91&ie=utf-8&rsv_cq=%E7%AA%83%E8%B4%BC%E5%85%A5%E5%AE%A4%E6%B7%A1%E5%AE%9A%E6%B4%97%E6%BE%A1&rsv_dl=0_right_toplist_20811
2017-09-16 16:01:20,013 - [webpage_parser.py:63] - INFO - procotol:http, hostname:www.baidu.com, new_link:/s?tn=50000028_hao_pg&usm=2&wd=%E9%AA%91%E5%8D%95%E8%BD%A6%E8%BA%AB%E4%BA%A1%E6%A1%88%E5%BC%80%E5%BA%AD&ie=utf-8&rsv_cq=%E7%AA%83%E8%B4%BC%E5%85%A5%E5%AE%A4%E6%B7%A1%E5%AE%9A%E6%B4%97%E6%BE%A1&rsv_dl=0_right_toplist_20811
2017-09-16 16:01:20,015 - [webpage_parser.py:63] - INFO - procotol:http, hostname:www.baidu.com, new_link:/s?tn=50000028_hao_pg&usm=2&wd=ios11%E6%AD%A3%E5%BC%8F%E7%89%88&ie=utf-8&rsv_cq=%E7%AA%83%E8%B4%BC%E5%85%A5%E5%AE%A4%E6%B7%A1%E5%AE%9A%E6%B4%97%E6%BE%A1&rsv_dl=0_right_toplist_20811
2017-09-16 16:01:20,020 - [webpage_parser.py:63] - INFO - procotol:http, hostname:www.baidu.com, new_link:/s?tn=50000028_hao_pg&usm=2&wd=%E6%9E%97%E6%9B%B4%E6%96%B0%E5%9B%9E%E5%BA%94%E8%A2%AB%E9%AA%82&ie=utf-8&rsv_cq=%E7%AA%83%E8%B4%BC%E5%85%A5%E5%AE%A4%E6%B7%A1%E5%AE%9A%E6%B4%97%E6%BE%A1&rsv_dl=0_right_toplist_20811
2017-09-16 16:01:20,044 - [webpage_parser.py:63] - INFO - procotol:http, hostname:www.baidu.com, new_link:/s?tn=50000028_hao_pg&usm=2&wd=%E8%97%8F%E7%8D%92%E7%BB%8F%E6%B5%8E%E5%B4%A9%E7%9B%98&ie=utf-8&rsv_cq=%E7%AA%83%E8%B4%BC%E5%85%A5%E5%AE%A4%E6%B7%A1%E5%AE%9A%E6%B4%97%E6%BE%A1&rsv_dl=0_right_toplist_20811
2017-09-16 16:01:20,052 - [webpage_parser.py:63] - INFO - procotol:http, hostname:www.baidu.com, new_link:/s?tn=50000028_hao_pg&usm=2&wd=%E6%96%B0%E5%8A%A0%E5%9D%A1%E9%A6%96%E4%BD%8D%E5%A5%B3%E6%80%BB%E7%BB%9F&ie=utf-8&rsv_cq=%E7%AA%83%E8%B4%BC%E5%85%A5%E5%AE%A4%E6%B7%A1%E5%AE%9A%E6%B4%97%E6%BE%A1&rsv_dl=0_right_toplist_20811
2017-09-16 16:01:20,064 - [webpage_parser.py:63] - INFO - procotol:http, hostname:www.baidu.com, new_link:/s?tn=50000028_hao_pg&usm=2&wd=%E9%95%BF%E6%B1%9F%E5%8F%A3%E5%9E%83%E5%9C%BE%E5%80%BE%E5%80%92%E6%A1%88&ie=utf-8&rsv_cq=%E7%AA%83%E8%B4%BC%E5%85%A5%E5%AE%A4%E6%B7%A1%E5%AE%9A%E6%B4%97%E6%BE%A1&rsv_dl=0_right_toplist_20811
2017-09-16 16:01:20,074 - [connectionpool.py:818] - DEBUG - Starting new HTTPS connection (1): www.baidu.com
2017-09-16 16:01:20,074 - [webpage_parser.py:63] - INFO - procotol:http, hostname:www.baidu.com, new_link:/s?tn=50000028_hao_pg&usm=2&wd=%E5%8D%81%E5%B2%81%E5%A5%B3%E7%AB%A5%E8%80%83%E4%B8%8A%E5%A4%A7%E4%B8%93&ie=utf-8&rsv_cq=%E7%AA%83%E8%B4%BC%E5%85%A5%E5%AE%A4%E6%B7%A1%E5%AE%9A%E6%B4%97%E6%BE%A1&rsv_dl=0_right_toplist_20811
2017-09-16 16:01:20,145 - [webpage_parser.py:63] - INFO - procotol:http, hostname:www.baidu.com, new_link:/s?tn=50000028_hao_pg&usm=2&wd=%E5%8F%8C%E5%8F%B0%E9%A3%8E%E7%BB%93%E5%AF%B9%E6%9D%A5%E8%A2%AD&ie=utf-8&rsv_cq=%E7%AA%83%E8%B4%BC%E5%85%A5%E5%AE%A4%E6%B7%A1%E5%AE%9A%E6%B4%97%E6%BE%A1&rsv_dl=0_right_toplist_20811
2017-09-16 16:01:20,183 - [webpage_parser.py:63] - INFO - procotol:http, hostname:www.baidu.com, new_link:/s?tn=50000028_hao_pg&usm=2&wd=%E4%BA%AC%E4%B8%9C%E8%BF%9B%E5%86%9B%E6%88%BF%E5%9C%B0%E4%BA%A7&ie=utf-8&rsv_cq=%E7%AA%83%E8%B4%BC%E5%85%A5%E5%AE%A4%E6%B7%A1%E5%AE%9A%E6%B4%97%E6%BE%A1&rsv_dl=0_right_toplist_20811
2017-09-16 16:01:20,184 - [webpage_parser.py:63] - INFO - procotol:http, hostname:www.baidu.com, new_link:/s?tn=50000028_hao_pg&usm=2&wd=%E6%AF%94%E7%89%B9%E5%B8%81%E4%B8%AD%E5%9B%BD%E5%B0%86%E5%85%B3%E5%81%9C&ie=utf-8&rsv_cq=%E7%AA%83%E8%B4%BC%E5%85%A5%E5%AE%A4%E6%B7%A1%E5%AE%9A%E6%B4%97%E6%BE%A1&rsv_dl=0_right_toplist_20811
2017-09-16 16:01:20,223 - [webpage_parser.py:63] - INFO - procotol:http, hostname:www.baidu.com, new_link:/s?tn=50000028_hao_pg&usm=2&wd=%E4%BC%A0%E5%A5%87%E5%A4%A7%E7%86%8A%E7%8C%AB%E5%8E%BB%E4%B8%96&ie=utf-8&rsv_cq=%E7%AA%83%E8%B4%BC%E5%85%A5%E5%AE%A4%E6%B7%A1%E5%AE%9A%E6%B4%97%E6%BE%A1&rsv_dl=0_right_toplist_20811
2017-09-16 16:01:20,237 - [connectionpool.py:818] - DEBUG - Starting new HTTPS connection (1): www.baidu.com
2017-09-16 16:01:20,239 - [webpage_parser.py:63] - INFO - procotol:http, hostname:www.baidu.com, new_link:/s?wd=%E5%A6%88%E5%A6%88%E5%85%A5%E5%AE%A4%E7%AA%83%E8%B4%BC%E6%80%80%E5%AD%95&rsf=9&rsp=0&f=1&oq=%E7%AA%83%E8%B4%BC%E5%85%A5%E5%AE%A4%E6%B7%A1%E5%AE%9A%E6%B4%97%E6%BE%A1&tn=50000028_hao_pg&ie=utf-8&usm=2&rsv_pq=d124a1020000f949&rsv_t=5486kmAFhi9lM8%2FOROZMIC4e9FMxnOiyLimHrv62xWE%2BItPerS9UqaBNXtQ1x9Se9jGj8YEz&rqlang=cn&rs_src=0&rsv_pq=d124a1020000f949&rsv_t=5486kmAFhi9lM8%2FOROZMIC4e9FMxnOiyLimHrv62xWE%2BItPerS9UqaBNXtQ1x9Se9jGj8YEz
2017-09-16 16:01:20,480 - [webpage_parser.py:63] - INFO - procotol:http, hostname:www.xinhuanet.com, new_link:javascript:
2017-09-16 16:01:20,481 - [webpage_parser.py:63] - INFO - procotol:http, hostname:www.xinhuanet.com, new_link:javascript:
2017-09-16 16:01:20,483 - [webpage_parser.py:63] - INFO - procotol:http, hostname:www.xinhuanet.com, new_link:javascript:
2017-09-16 16:01:20,483 - [webpage_parser.py:63] - INFO - procotol:http, hostname:www.baidu.com, new_link:/s?wd=%E8%80%81%E4%BA%BA%E5%8B%87%E6%96%97%E7%AA%83%E8%B4%BC&rsf=9&rsp=1&f=1&oq=%E7%AA%83%E8%B4%BC%E5%85%A5%E5%AE%A4%E6%B7%A1%E5%AE%9A%E6%B4%97%E6%BE%A1&tn=50000028_hao_pg&ie=utf-8&usm=2&rsv_pq=d124a1020000f949&rsv_t=5486kmAFhi9lM8%2FOROZMIC4e9FMxnOiyLimHrv62xWE%2BItPerS9UqaBNXtQ1x9Se9jGj8YEz&rqlang=cn&rs_src=0&rsv_pq=d124a1020000f949&rsv_t=5486kmAFhi9lM8%2FOROZMIC4e9FMxnOiyLimHrv62xWE%2BItPerS9UqaBNXtQ1x9Se9jGj8YEz
2017-09-16 16:01:20,558 - [webpage_parser.py:63] - INFO - procotol:http, hostname:www.baidu.com, new_link:/s?wd=%E5%8D%8E%E4%BA%BA%E5%BC%80%E6%9E%AA%E5%88%B6%E4%BC%8F%E7%AA%83%E8%B4%BC&rsf=9&rsp=2&f=1&oq=%E7%AA%83%E8%B4%BC%E5%85%A5%E5%AE%A4%E6%B7%A1%E5%AE%9A%E6%B4%97%E6%BE%A1&tn=50000028_hao_pg&ie=utf-8&usm=2&rsv_pq=d124a1020000f949&rsv_t=5486kmAFhi9lM8%2FOROZMIC4e9FMxnOiyLimHrv62xWE%2BItPerS9UqaBNXtQ1x9Se9jGj8YEz&rqlang=cn&rs_src=0&rsv_pq=d124a1020000f949&rsv_t=5486kmAFhi9lM8%2FOROZMIC4e9FMxnOiyLimHrv62xWE%2BItPerS9UqaBNXtQ1x9Se9jGj8YEz
2017-09-16 16:01:20,548 - [connectionpool.py:395] - DEBUG - https://www.baidu.com:443 "GET /s?word=%E4%B8%80%E5%88%80%E7%88%86%E6%A9%99%E8%A3%85&tn=50000016_hao_pg&ie=utf-8 HTTP/1.1" 200 227
2017-09-16 16:01:20,564 - [webpage_parser.py:63] - INFO - procotol:http, hostname:www.baidu.com, new_link:/s?wd=%E7%AA%83%E8%B4%BC%E8%97%8F%E5%BA%8A%E4%B8%8B%E9%9C%B2%E5%8F%8C%E8%85%BF&rsf=9&rsp=3&f=1&oq=%E7%AA%83%E8%B4%BC%E5%85%A5%E5%AE%A4%E6%B7%A1%E5%AE%9A%E6%B4%97%E6%BE%A1&tn=50000028_hao_pg&ie=utf-8&usm=2&rsv_pq=d124a1020000f949&rsv_t=5486kmAFhi9lM8%2FOROZMIC4e9FMxnOiyLimHrv62xWE%2BItPerS9UqaBNXtQ1x9Se9jGj8YEz&rqlang=cn&rs_src=0&rsv_pq=d124a1020000f949&rsv_t=5486kmAFhi9lM8%2FOROZMIC4e9FMxnOiyLimHrv62xWE%2BItPerS9UqaBNXtQ1x9Se9jGj8YEz
2017-09-16 16:01:20,584 - [webpage_parser.py:63] - INFO - procotol:http, hostname:www.baidu.com, new_link:/s?wd=%E6%9D%80%E6%89%8B%E4%B8%8E%E7%AA%83%E8%B4%BC&rsf=9&rsp=4&f=1&oq=%E7%AA%83%E8%B4%BC%E5%85%A5%E5%AE%A4%E6%B7%A1%E5%AE%9A%E6%B4%97%E6%BE%A1&tn=50000028_hao_pg&ie=utf-8&usm=2&rsv_pq=d124a1020000f949&rsv_t=5486kmAFhi9lM8%2FOROZMIC4e9FMxnOiyLimHrv62xWE%2BItPerS9UqaBNXtQ1x9Se9jGj8YEz&rqlang=cn&rs_src=0&rsv_pq=d124a1020000f949&rsv_t=5486kmAFhi9lM8%2FOROZMIC4e9FMxnOiyLimHrv62xWE%2BItPerS9UqaBNXtQ1x9Se9jGj8YEz
2017-09-16 16:01:20,595 - [webpage_parser.py:63] - INFO - procotol:http, hostname:www.baidu.com, new_link:/s?wd=%E8%BA%AB%E4%BB%BD%E7%AA%83%E8%B4%BC&rsf=9&rsp=5&f=1&oq=%E7%AA%83%E8%B4%BC%E5%85%A5%E5%AE%A4%E6%B7%A1%E5%AE%9A%E6%B4%97%E6%BE%A1&tn=50000028_hao_pg&ie=utf-8&usm=2&rsv_pq=d124a1020000f949&rsv_t=5486kmAFhi9lM8%2FOROZMIC4e9FMxnOiyLimHrv62xWE%2BItPerS9UqaBNXtQ1x9Se9jGj8YEz&rqlang=cn&rs_src=0&rsv_pq=d124a1020000f949&rsv_t=5486kmAFhi9lM8%2FOROZMIC4e9FMxnOiyLimHrv62xWE%2BItPerS9UqaBNXtQ1x9Se9jGj8YEz
2017-09-16 16:01:20,598 - [webpage_saver.py:45] - INFO - url https://www.baidu.com/s?word=%E4%B8%80%E5%88%80%E7%88%86%E6%A9%99%E8%A3%85&tn=50000016_hao_pg&ie=utf-8 is not match
2017-09-16 16:01:20,612 - [webpage_parser.py:63] - INFO - procotol:http, hostname:www.baidu.com, new_link:/s?wd=%E5%B7%B4%E6%A0%BC%E8%BE%BE%E7%AA%83%E8%B4%BC&rsf=9&rsp=6&f=1&oq=%E7%AA%83%E8%B4%BC%E5%85%A5%E5%AE%A4%E6%B7%A1%E5%AE%9A%E6%B4%97%E6%BE%A1&tn=50000028_hao_pg&ie=utf-8&usm=2&rsv_pq=d124a1020000f949&rsv_t=5486kmAFhi9lM8%2FOROZMIC4e9FMxnOiyLimHrv62xWE%2BItPerS9UqaBNXtQ1x9Se9jGj8YEz&rqlang=cn&rs_src=0&rsv_pq=d124a1020000f949&rsv_t=5486kmAFhi9lM8%2FOROZMIC4e9FMxnOiyLimHrv62xWE%2BItPerS9UqaBNXtQ1x9Se9jGj8YEz
2017-09-16 16:01:20,628 - [webpage_parser.py:63] - INFO - procotol:http, hostname:www.baidu.com, new_link:/s?wd=%E6%9C%80%E5%BC%BA%E7%AA%83%E8%B4%BC&rsf=9&rsp=7&f=1&oq=%E7%AA%83%E8%B4%BC%E5%85%A5%E5%AE%A4%E6%B7%A1%E5%AE%9A%E6%B4%97%E6%BE%A1&tn=50000028_hao_pg&ie=utf-8&usm=2&rsv_pq=d124a1020000f949&rsv_t=5486kmAFhi9lM8%2FOROZMIC4e9FMxnOiyLimHrv62xWE%2BItPerS9UqaBNXtQ1x9Se9jGj8YEz&rqlang=cn&rs_src=0&rsv_pq=d124a1020000f949&rsv_t=5486kmAFhi9lM8%2FOROZMIC4e9FMxnOiyLimHrv62xWE%2BItPerS9UqaBNXtQ1x9Se9jGj8YEz
2017-09-16 16:01:20,629 - [connectionpool.py:395] - DEBUG - https://www.baidu.com:443 "GET /s?word=%E7%90%86%E8%B4%A2%E6%8E%92%E8%A1%8C%E6%A6%9C&tn=50000019_hao_pg&ie=utf-8 HTTP/1.1" 200 227
2017-09-16 16:01:20,632 - [webpage_parser.py:63] - INFO - procotol:http, hostname:www.baidu.com, new_link:/s?wd=%E9%87%8F%E5%AD%90%E7%AA%83%E8%B4%BC&rsf=9&rsp=8&f=1&oq=%E7%AA%83%E8%B4%BC%E5%85%A5%E5%AE%A4%E6%B7%A1%E5%AE%9A%E6%B4%97%E6%BE%A1&tn=50000028_hao_pg&ie=utf-8&usm=2&rsv_pq=d124a1020000f949&rsv_t=5486kmAFhi9lM8%2FOROZMIC4e9FMxnOiyLimHrv62xWE%2BItPerS9UqaBNXtQ1x9Se9jGj8YEz&rqlang=cn&rs_src=0&rsv_pq=d124a1020000f949&rsv_t=5486kmAFhi9lM8%2FOROZMIC4e9FMxnOiyLimHrv62xWE%2BItPerS9UqaBNXtQ1x9Se9jGj8YEz
2017-09-16 16:01:20,654 - [webpage_parser.py:63] - INFO - procotol:http, hostname:www.baidu.com, new_link:/s?wd=%E7%AA%83%E8%B4%BC%E5%85%A5%E5%AE%A4%E6%B7%A1%E5%AE%9A%E6%B4%97%E6%BE%A1&pn=10&oq=%E7%AA%83%E8%B4%BC%E5%85%A5%E5%AE%A4%E6%B7%A1%E5%AE%9A%E6%B4%97%E6%BE%A1&tn=50000028_hao_pg&ie=utf-8&usm=2&rsv_pq=d124a1020000f949&rsv_t=5486kmAFhi9lM8%2FOROZMIC4e9FMxnOiyLimHrv62xWE%2BItPerS9UqaBNXtQ1x9Se9jGj8YEz
2017-09-16 16:01:20,658 - [webpage_saver.py:45] - INFO - url https://www.baidu.com/s?word=%E7%90%86%E8%B4%A2%E6%8E%92%E8%A1%8C%E6%A6%9C&tn=50000019_hao_pg&ie=utf-8 is not match
2017-09-16 16:01:20,658 - [webpage_parser.py:63] - INFO - procotol:http, hostname:www.baidu.com, new_link:/s?wd=%E7%AA%83%E8%B4%BC%E5%85%A5%E5%AE%A4%E6%B7%A1%E5%AE%9A%E6%B4%97%E6%BE%A1&pn=20&oq=%E7%AA%83%E8%B4%BC%E5%85%A5%E5%AE%A4%E6%B7%A1%E5%AE%9A%E6%B4%97%E6%BE%A1&tn=50000028_hao_pg&ie=utf-8&usm=2&rsv_pq=d124a1020000f949&rsv_t=5486kmAFhi9lM8%2FOROZMIC4e9FMxnOiyLimHrv62xWE%2BItPerS9UqaBNXtQ1x9Se9jGj8YEz
2017-09-16 16:01:20,693 - [webpage_parser.py:63] - INFO - procotol:http, hostname:www.baidu.com, new_link:/s?wd=%E7%AA%83%E8%B4%BC%E5%85%A5%E5%AE%A4%E6%B7%A1%E5%AE%9A%E6%B4%97%E6%BE%A1&pn=30&oq=%E7%AA%83%E8%B4%BC%E5%85%A5%E5%AE%A4%E6%B7%A1%E5%AE%9A%E6%B4%97%E6%BE%A1&tn=50000028_hao_pg&ie=utf-8&usm=2&rsv_pq=d124a1020000f949&rsv_t=5486kmAFhi9lM8%2FOROZMIC4e9FMxnOiyLimHrv62xWE%2BItPerS9UqaBNXtQ1x9Se9jGj8YEz
2017-09-16 16:01:20,697 - [webpage_parser.py:63] - INFO - procotol:http, hostname:www.baidu.com, new_link:/s?wd=%E7%AA%83%E8%B4%BC%E5%85%A5%E5%AE%A4%E6%B7%A1%E5%AE%9A%E6%B4%97%E6%BE%A1&pn=40&oq=%E7%AA%83%E8%B4%BC%E5%85%A5%E5%AE%A4%E6%B7%A1%E5%AE%9A%E6%B4%97%E6%BE%A1&tn=50000028_hao_pg&ie=utf-8&usm=2&rsv_pq=d124a1020000f949&rsv_t=5486kmAFhi9lM8%2FOROZMIC4e9FMxnOiyLimHrv62xWE%2BItPerS9UqaBNXtQ1x9Se9jGj8YEz
2017-09-16 16:01:20,700 - [webpage_parser.py:63] - INFO - procotol:http, hostname:www.baidu.com, new_link:/s?wd=%E7%AA%83%E8%B4%BC%E5%85%A5%E5%AE%A4%E6%B7%A1%E5%AE%9A%E6%B4%97%E6%BE%A1&pn=50&oq=%E7%AA%83%E8%B4%BC%E5%85%A5%E5%AE%A4%E6%B7%A1%E5%AE%9A%E6%B4%97%E6%BE%A1&tn=50000028_hao_pg&ie=utf-8&usm=2&rsv_pq=d124a1020000f949&rsv_t=5486kmAFhi9lM8%2FOROZMIC4e9FMxnOiyLimHrv62xWE%2BItPerS9UqaBNXtQ1x9Se9jGj8YEz
2017-09-16 16:01:20,702 - [webpage_parser.py:63] - INFO - procotol:http, hostname:www.baidu.com, new_link:/s?wd=%E7%AA%83%E8%B4%BC%E5%85%A5%E5%AE%A4%E6%B7%A1%E5%AE%9A%E6%B4%97%E6%BE%A1&pn=60&oq=%E7%AA%83%E8%B4%BC%E5%85%A5%E5%AE%A4%E6%B7%A1%E5%AE%9A%E6%B4%97%E6%BE%A1&tn=50000028_hao_pg&ie=utf-8&usm=2&rsv_pq=d124a1020000f949&rsv_t=5486kmAFhi9lM8%2FOROZMIC4e9FMxnOiyLimHrv62xWE%2BItPerS9UqaBNXtQ1x9Se9jGj8YEz
2017-09-16 16:01:20,705 - [webpage_parser.py:63] - INFO - procotol:http, hostname:www.baidu.com, new_link:/s?wd=%E7%AA%83%E8%B4%BC%E5%85%A5%E5%AE%A4%E6%B7%A1%E5%AE%9A%E6%B4%97%E6%BE%A1&pn=70&oq=%E7%AA%83%E8%B4%BC%E5%85%A5%E5%AE%A4%E6%B7%A1%E5%AE%9A%E6%B4%97%E6%BE%A1&tn=50000028_hao_pg&ie=utf-8&usm=2&rsv_pq=d124a1020000f949&rsv_t=5486kmAFhi9lM8%2FOROZMIC4e9FMxnOiyLimHrv62xWE%2BItPerS9UqaBNXtQ1x9Se9jGj8YEz
2017-09-16 16:01:20,726 - [webpage_parser.py:63] - INFO - procotol:http, hostname:www.baidu.com, new_link:/s?wd=%E7%AA%83%E8%B4%BC%E5%85%A5%E5%AE%A4%E6%B7%A1%E5%AE%9A%E6%B4%97%E6%BE%A1&pn=80&oq=%E7%AA%83%E8%B4%BC%E5%85%A5%E5%AE%A4%E6%B7%A1%E5%AE%9A%E6%B4%97%E6%BE%A1&tn=50000028_hao_pg&ie=utf-8&usm=2&rsv_pq=d124a1020000f949&rsv_t=5486kmAFhi9lM8%2FOROZMIC4e9FMxnOiyLimHrv62xWE%2BItPerS9UqaBNXtQ1x9Se9jGj8YEz
2017-09-16 16:01:20,733 - [webpage_parser.py:63] - INFO - procotol:http, hostname:www.baidu.com, new_link:/s?wd=%E7%AA%83%E8%B4%BC%E5%85%A5%E5%AE%A4%E6%B7%A1%E5%AE%9A%E6%B4%97%E6%BE%A1&pn=90&oq=%E7%AA%83%E8%B4%BC%E5%85%A5%E5%AE%A4%E6%B7%A1%E5%AE%9A%E6%B4%97%E6%BE%A1&tn=50000028_hao_pg&ie=utf-8&usm=2&rsv_pq=d124a1020000f949&rsv_t=5486kmAFhi9lM8%2FOROZMIC4e9FMxnOiyLimHrv62xWE%2BItPerS9UqaBNXtQ1x9Se9jGj8YEz
2017-09-16 16:01:20,746 - [webpage_parser.py:63] - INFO - procotol:http, hostname:www.baidu.com, new_link:/s?wd=%E7%AA%83%E8%B4%BC%E5%85%A5%E5%AE%A4%E6%B7%A1%E5%AE%9A%E6%B4%97%E6%BE%A1&pn=10&oq=%E7%AA%83%E8%B4%BC%E5%85%A5%E5%AE%A4%E6%B7%A1%E5%AE%9A%E6%B4%97%E6%BE%A1&tn=50000028_hao_pg&ie=utf-8&usm=2&rsv_pq=d124a1020000f949&rsv_t=5486kmAFhi9lM8%2FOROZMIC4e9FMxnOiyLimHrv62xWE%2BItPerS9UqaBNXtQ1x9Se9jGj8YEz&rsv_page=1
2017-09-16 16:01:20,761 - [webpage_parser.py:63] - INFO - procotol:http, hostname:www.baidu.com, new_link:javascript:;
2017-09-16 16:01:20,912 - [connectionpool.py:207] - DEBUG - Starting new HTTP connection (1): life.hao123.com
2017-09-16 16:01:20,927 - [connectionpool.py:207] - DEBUG - Starting new HTTP connection (1): tuijian.hao123.com
2017-09-16 16:01:21,346 - [connectionpool.py:395] - DEBUG - http://life.hao123.com:80 "GET /menu HTTP/1.1" 200 None
2017-09-16 16:01:21,399 - [connectionpool.py:395] - DEBUG - http://tuijian.hao123.com:80 "GET /?type=rec HTTP/1.1" 200 None
2017-09-16 16:01:21,715 - [webpage_parser.py:63] - INFO - procotol:http, hostname:life.hao123.com, new_link:javascript:void(0)
2017-09-16 16:01:21,737 - [webpage_parser.py:63] - INFO - procotol:http, hostname:life.hao123.com, new_link:javascript:;
2017-09-16 16:01:21,776 - [webpage_parser.py:63] - INFO - procotol:http, hostname:life.hao123.com, new_link:javascript:;
2017-09-16 16:01:21,796 - [connectionpool.py:818] - DEBUG - Starting new HTTPS connection (1): www.6.cn
2017-09-16 16:01:21,796 - [webpage_parser.py:63] - INFO - procotol:http, hostname:life.hao123.com, new_link:javascript:;
2017-09-16 16:01:21,804 - [webpage_parser.py:63] - INFO - procotol:http, hostname:life.hao123.com, new_link:javascript:;
2017-09-16 16:01:21,823 - [connectionpool.py:818] - DEBUG - Starting new HTTPS connection (1): www.qunar.com
2017-09-16 16:01:21,827 - [webpage_parser.py:63] - INFO - procotol:http, hostname:life.hao123.com, new_link:javascript:;
2017-09-16 16:01:22,055 - [webpage_saver.py:45] - INFO - url http://tejia.hao123.com/?tn=mz is not match
2017-09-16 16:01:22,476 - [webpage_parser.py:63] - INFO - procotol:http, hostname:tuijian.hao123.com, new_link:javascript:void(0)
2017-09-16 16:01:22,478 - [webpage_parser.py:63] - INFO - procotol:http, hostname:tuijian.hao123.com, new_link:javascript:;
2017-09-16 16:01:22,558 - [webpage_parser.py:63] - INFO - procotol:http, hostname:tuijian.hao123.com, new_link:javascript:;
2017-09-16 16:01:22,620 - [webpage_parser.py:63] - INFO - procotol:http, hostname:tuijian.hao123.com, new_link:javascript:;
2017-09-16 16:01:22,620 - [connectionpool.py:395] - DEBUG - https://www.6.cn:443 "GET / HTTP/1.1" 200 35910
2017-09-16 16:01:22,625 - [webpage_parser.py:63] - INFO - procotol:http, hostname:tuijian.hao123.com, new_link:javascript:;
2017-09-16 16:01:22,902 - [connectionpool.py:395] - DEBUG - https://www.qunar.com:443 "GET /?ex_track=auto_58c11276 HTTP/1.1" 200 None
2017-09-16 16:01:23,330 - [mbcharsetprober.py:66] - DEBUG - GB2312 Chinese prober hit error at byte 250183
2017-09-16 16:01:23,390 - [mbcharsetprober.py:66] - DEBUG - EUC-KR Korean prober hit error at byte 697
2017-09-16 16:01:23,391 - [connectionpool.py:207] - DEBUG - Starting new HTTP connection (1): caipiao.hao123.com
2017-09-16 16:01:23,494 - [mbcharsetprober.py:66] - DEBUG - CP949 Korean prober hit error at byte 697
2017-09-16 16:01:23,844 - [webpage_saver.py:45] - INFO - url http://www.baidu.com/s?word=%E7%AA%83%E8%B4%BC%E5%85%A5%E5%AE%A4%E6%B7%A1%E5%AE%9A%E6%B4%97%E6%BE%A1&tn=50000028_hao_pg&ie=utf-8' is not match
2017-09-16 16:01:23,890 - [connectionpool.py:395] - DEBUG - http://caipiao.hao123.com:80 "GET / HTTP/1.1" 200 None
2017-09-16 16:01:24,287 - [webpage_saver.py:45] - INFO - url http://life.hao123.com/menu is not match
2017-09-16 16:01:24,371 - [webpage_parser.py:63] - INFO - procotol:http, hostname:caipiao.hao123.com, new_link:javascript:void(0)
2017-09-16 16:01:24,467 - [webpage_parser.py:63] - INFO - procotol:http, hostname:caipiao.hao123.com, new_link:javascript:;
2017-09-16 16:01:24,488 - [webpage_saver.py:45] - INFO - url http://tuijian.hao123.com/?type=rec is not match
2017-09-16 16:01:24,489 - [webpage_parser.py:63] - INFO - procotol:http, hostname:caipiao.hao123.com, new_link:javascript:void(0);
2017-09-16 16:01:24,500 - [webpage_parser.py:63] - INFO - procotol:http, hostname:caipiao.hao123.com, new_link:javascript:;
2017-09-16 16:01:24,506 - [webpage_parser.py:63] - INFO - procotol:http, hostname:caipiao.hao123.com, new_link:javascript:;
2017-09-16 16:01:24,521 - [webpage_parser.py:63] - INFO - procotol:http, hostname:caipiao.hao123.com, new_link:javascript:;
2017-09-16 16:01:24,612 - [webpage_parser.py:63] - INFO - procotol:https, hostname:www.6.cn, new_link:javascript:void(0);
2017-09-16 16:01:24,654 - [webpage_parser.py:63] - INFO - procotol:https, hostname:www.6.cn, new_link:javascript:void(0);
2017-09-16 16:01:24,743 - [webpage_parser.py:63] - INFO - procotol:https, hostname:www.6.cn, new_link:javascript:void(0);
2017-09-16 16:01:24,899 - [webpage_parser.py:63] - INFO - procotol:https, hostname:www.qunar.com, new_link:javascript:void(0)
2017-09-16 16:01:24,907 - [webpage_parser.py:63] - INFO - procotol:https, hostname:www.6.cn, new_link:/eventnew/miniGameList.php
2017-09-16 16:01:24,913 - [webpage_parser.py:63] - INFO - procotol:https, hostname:www.qunar.com, new_link:javascript:;
2017-09-16 16:01:24,930 - [webpage_parser.py:63] - INFO - procotol:https, hostname:www.qunar.com, new_link:javascript:;
2017-09-16 16:01:24,950 - [webpage_parser.py:63] - INFO - procotol:https, hostname:www.6.cn, new_link:/roomChouJiang.php
2017-09-16 16:01:24,965 - [webpage_parser.py:63] - INFO - procotol:https, hostname:www.qunar.com, new_link:javascript:;
2017-09-16 16:01:24,965 - [connectionpool.py:818] - DEBUG - Starting new HTTPS connection (1): www.baidu.com
2017-09-16 16:01:25,001 - [webpage_parser.py:63] - INFO - procotol:https, hostname:www.6.cn, new_link:javascript:;
2017-09-16 16:01:25,022 - [webpage_parser.py:63] - INFO - procotol:https, hostname:www.qunar.com, new_link:javascript:;
2017-09-16 16:01:25,024 - [mbcharsetprober.py:66] - DEBUG - Big5 Chinese prober hit error at byte 41151
2017-09-16 16:01:25,025 - [webpage_parser.py:63] - INFO - procotol:https, hostname:www.6.cn, new_link:{link}
2017-09-16 16:01:25,026 - [webpage_parser.py:63] - INFO - procotol:https, hostname:www.qunar.com, new_link:javascript:;
2017-09-16 16:01:25,038 - [webpage_parser.py:63] - INFO - procotol:https, hostname:www.6.cn, new_link:{link}
2017-09-16 16:01:25,039 - [webpage_saver.py:45] - INFO - url http://caipiao.hao123.com/ is not match
2017-09-16 16:01:25,039 - [webpage_parser.py:63] - INFO - procotol:https, hostname:www.qunar.com, new_link:javascript:;
2017-09-16 16:01:25,042 - [webpage_parser.py:63] - INFO - procotol:https, hostname:www.6.cn, new_link:{link}
2017-09-16 16:01:25,044 - [mbcharsetprober.py:66] - DEBUG - EUC-TW Taiwan prober hit error at byte 690
2017-09-16 16:01:25,051 - [webpage_parser.py:63] - INFO - procotol:https, hostname:www.qunar.com, new_link:javascript:;
2017-09-16 16:01:25,052 - [webpage_parser.py:63] - INFO - procotol:https, hostname:www.6.cn, new_link:{href}
2017-09-16 16:01:25,104 - [webpage_parser.py:63] - INFO - procotol:https, hostname:www.qunar.com, new_link:javascript:;
2017-09-16 16:01:25,104 - [webpage_parser.py:63] - INFO - procotol:https, hostname:www.6.cn, new_link:{href}
2017-09-16 16:01:25,109 - [webpage_parser.py:63] - INFO - procotol:https, hostname:www.qunar.com, new_link:javascript:void(0);
2017-09-16 16:01:25,115 - [webpage_parser.py:63] - INFO - procotol:https, hostname:www.qunar.com, new_link:javascript:void(0);
2017-09-16 16:01:25,116 - [webpage_parser.py:63] - INFO - procotol:https, hostname:www.6.cn, new_link:{href}
2017-09-16 16:01:25,119 - [webpage_parser.py:63] - INFO - procotol:https, hostname:www.qunar.com, new_link:javascript:void(0);
2017-09-16 16:01:25,127 - [webpage_parser.py:63] - INFO - procotol:https, hostname:www.6.cn, new_link:{href}
2017-09-16 16:01:25,128 - [webpage_parser.py:63] - INFO - procotol:https, hostname:www.qunar.com, new_link:javascript:void(0);
2017-09-16 16:01:25,132 - [webpage_parser.py:63] - INFO - procotol:https, hostname:www.6.cn, new_link:javascript:;
2017-09-16 16:01:25,142 - [webpage_parser.py:63] - INFO - procotol:https, hostname:www.qunar.com, new_link:javascript:;
2017-09-16 16:01:25,144 - [webpage_parser.py:63] - INFO - procotol:https, hostname:www.6.cn, new_link:javascript:;
2017-09-16 16:01:25,149 - [webpage_parser.py:63] - INFO - procotol:https, hostname:www.qunar.com, new_link:javascript:;
2017-09-16 16:01:25,152 - [webpage_parser.py:63] - INFO - procotol:https, hostname:www.6.cn, new_link:{darenLink}
2017-09-16 16:01:25,154 - [webpage_parser.py:63] - INFO - procotol:https, hostname:www.qunar.com, new_link:javascript:;
2017-09-16 16:01:25,156 - [connectionpool.py:395] - DEBUG - https://www.baidu.com:443 "GET /s?word=%E9%98%B3%E6%BE%84%E5%A4%A7%E9%97%B8%E8%9F%B9&tn=50000020_hao_pg&ie=utf-8 HTTP/1.1" 200 227
2017-09-16 16:01:25,159 - [webpage_parser.py:63] - INFO - procotol:https, hostname:www.6.cn, new_link:{link}
2017-09-16 16:01:25,160 - [webpage_parser.py:63] - INFO - procotol:https, hostname:www.qunar.com, new_link:javascript:;
2017-09-16 16:01:25,172 - [webpage_parser.py:63] - INFO - procotol:https, hostname:www.6.cn, new_link:{link}
2017-09-16 16:01:25,178 - [webpage_saver.py:45] - INFO - url https://www.baidu.com/s?word=%E9%98%B3%E6%BE%84%E5%A4%A7%E9%97%B8%E8%9F%B9&tn=50000020_hao_pg&ie=utf-8 is not match
2017-09-16 16:01:25,182 - [webpage_parser.py:63] - INFO - procotol:https, hostname:www.qunar.com, new_link:javascript:;
2017-09-16 16:01:25,183 - [webpage_saver.py:45] - INFO - url http://www.xinhuanet.com/ is not match
2017-09-16 16:01:25,185 - [webpage_parser.py:63] - INFO - procotol:https, hostname:www.6.cn, new_link:{link}
2017-09-16 16:01:25,185 - [webpage_parser.py:63] - INFO - procotol:https, hostname:www.qunar.com, new_link:javascript:;
2017-09-16 16:01:25,192 - [webpage_parser.py:63] - INFO - procotol:https, hostname:www.6.cn, new_link:{link}
2017-09-16 16:01:25,197 - [sbcharsetprober.py:119] - DEBUG - windows-1251 confidence = 0.0138355477626, below negative shortcut threshhold 0.05
2017-09-16 16:01:25,198 - [webpage_parser.py:63] - INFO - procotol:https, hostname:www.qunar.com, new_link:javascript:;
2017-09-16 16:01:25,198 - [webpage_parser.py:63] - INFO - procotol:https, hostname:www.6.cn, new_link:{link}
2017-09-16 16:01:25,233 - [webpage_parser.py:63] - INFO - procotol:https, hostname:www.qunar.com, new_link:javascript:;
2017-09-16 16:01:25,233 - [webpage_parser.py:63] - INFO - procotol:https, hostname:www.6.cn, new_link:/eventnew/miniGameList.php
2017-09-16 16:01:25,236 - [webpage_parser.py:63] - INFO - procotol:https, hostname:www.qunar.com, new_link:javascript:;
2017-09-16 16:01:25,249 - [webpage_parser.py:63] - INFO - procotol:https, hostname:www.6.cn, new_link:/roomChouJiang.php
2017-09-16 16:01:25,250 - [webpage_parser.py:63] - INFO - procotol:https, hostname:www.qunar.com, new_link:javascript:;
2017-09-16 16:01:25,253 - [webpage_parser.py:63] - INFO - procotol:https, hostname:www.6.cn, new_link:{url}
2017-09-16 16:01:25,254 - [webpage_parser.py:63] - INFO - procotol:https, hostname:www.qunar.com, new_link:javascript:;
2017-09-16 16:01:25,262 - [webpage_parser.py:63] - INFO - procotol:https, hostname:www.6.cn, new_link:{url}
2017-09-16 16:01:25,266 - [webpage_parser.py:63] - INFO - procotol:https, hostname:www.qunar.com, new_link:javascript:;
2017-09-16 16:01:25,273 - [webpage_parser.py:63] - INFO - procotol:https, hostname:www.6.cn, new_link:851433
2017-09-16 16:01:25,342 - [webpage_parser.py:63] - INFO - procotol:https, hostname:www.6.cn, new_link:852302
2017-09-16 16:01:25,351 - [webpage_parser.py:63] - INFO - procotol:https, hostname:www.6.cn, new_link:851028
2017-09-16 16:01:25,354 - [webpage_parser.py:63] - INFO - procotol:https, hostname:www.6.cn, new_link:781771
2017-09-16 16:01:25,357 - [connectionpool.py:207] - DEBUG - Starting new HTTP connection (1): www.hao123.com
2017-09-16 16:01:25,359 - [webpage_parser.py:63] - INFO - procotol:https, hostname:www.6.cn, new_link:201739
2017-09-16 16:01:25,364 - [webpage_parser.py:63] - INFO - procotol:https, hostname:www.6.cn, new_link:850239
2017-09-16 16:01:25,370 - [webpage_parser.py:63] - INFO - procotol:https, hostname:www.6.cn, new_link:/flashgame/gameProxy.php?id=113
2017-09-16 16:01:25,370 - [webpage_parser.py:63] - INFO - procotol:https, hostname:www.6.cn, new_link:/flashgame/gameProxy.php?id=112
2017-09-16 16:01:25,385 - [webpage_parser.py:63] - INFO - procotol:https, hostname:www.6.cn, new_link:/flashgame/gameProxy.php?id=110
2017-09-16 16:01:25,392 - [webpage_parser.py:63] - INFO - procotol:https, hostname:www.6.cn, new_link:/flashgame/gameProxy.php?id=108
2017-09-16 16:01:25,394 - [webpage_parser.py:63] - INFO - procotol:https, hostname:www.6.cn, new_link:/flashgame/gameProxy.php?id=106
2017-09-16 16:01:25,401 - [webpage_parser.py:63] - INFO - procotol:https, hostname:www.6.cn, new_link:6290
2017-09-16 16:01:25,404 - [webpage_parser.py:63] - INFO - procotol:https, hostname:www.6.cn, new_link:833233
2017-09-16 16:01:25,406 - [webpage_parser.py:63] - INFO - procotol:https, hostname:www.6.cn, new_link:58052
2017-09-16 16:01:25,409 - [webpage_parser.py:63] - INFO - procotol:https, hostname:www.6.cn, new_link:747347
2017-09-16 16:01:25,416 - [webpage_parser.py:63] - INFO - procotol:https, hostname:www.6.cn, new_link:8897
2017-09-16 16:01:25,418 - [webpage_parser.py:63] - INFO - procotol:https, hostname:www.6.cn, new_link:758356
2017-09-16 16:01:25,430 - [webpage_parser.py:63] - INFO - procotol:https, hostname:www.6.cn, new_link:591999
2017-09-16 16:01:25,434 - [webpage_parser.py:63] - INFO - procotol:https, hostname:www.6.cn, new_link:844339
2017-09-16 16:01:25,434 - [webpage_parser.py:63] - INFO - procotol:https, hostname:www.6.cn, new_link:8058
2017-09-16 16:01:25,436 - [connectionpool.py:395] - DEBUG - http://www.hao123.com:80 "GET /feedback HTTP/1.1" 200 None
2017-09-16 16:01:25,436 - [webpage_parser.py:63] - INFO - procotol:https, hostname:www.6.cn, new_link:5559999
2017-09-16 16:01:25,442 - [webpage_parser.py:63] - INFO - procotol:https, hostname:www.6.cn, new_link:555552
2017-09-16 16:01:25,445 - [sbcharsetprober.py:119] - DEBUG - ISO-8859-5 confidence = 0.0457645635824, below negative shortcut threshhold 0.05
2017-09-16 16:01:25,448 - [webpage_parser.py:63] - INFO - procotol:https, hostname:www.6.cn, new_link:810189
2017-09-16 16:01:25,491 - [webpage_parser.py:63] - INFO - procotol:https, hostname:www.6.cn, new_link:65200
2017-09-16 16:01:25,495 - [webpage_parser.py:63] - INFO - procotol:https, hostname:www.6.cn, new_link:111151
2017-09-16 16:01:25,499 - [webpage_parser.py:63] - INFO - procotol:https, hostname:www.6.cn, new_link:886693
2017-09-16 16:01:25,503 - [connectionpool.py:207] - DEBUG - Starting new HTTP connection (1): www.qq.com
2017-09-16 16:01:25,504 - [webpage_parser.py:63] - INFO - procotol:https, hostname:www.6.cn, new_link:761288
2017-09-16 16:01:25,513 - [webpage_parser.py:63] - INFO - procotol:https, hostname:www.6.cn, new_link:805850
2017-09-16 16:01:25,549 - [webpage_parser.py:63] - INFO - procotol:https, hostname:www.6.cn, new_link:9289288
2017-09-16 16:01:25,563 - [webpage_parser.py:63] - INFO - procotol:https, hostname:www.6.cn, new_link:824375
2017-09-16 16:01:25,566 - [webpage_parser.py:63] - INFO - procotol:https, hostname:www.6.cn, new_link:8919
2017-09-16 16:01:25,571 - [webpage_parser.py:63] - INFO - procotol:https, hostname:www.6.cn, new_link:782048
2017-09-16 16:01:25,579 - [webpage_parser.py:63] - INFO - procotol:http, hostname:www.hao123.com, new_link:javascript:void(0)
2017-09-16 16:01:25,580 - [webpage_parser.py:63] - INFO - procotol:https, hostname:www.6.cn, new_link:765776
2017-09-16 16:01:25,582 - [webpage_parser.py:63] - INFO - procotol:http, hostname:www.hao123.com, new_link:javascript:;
2017-09-16 16:01:25,586 - [webpage_parser.py:63] - INFO - procotol:https, hostname:www.6.cn, new_link:9998
2017-09-16 16:01:25,589 - [webpage_parser.py:63] - INFO - procotol:https, hostname:www.6.cn, new_link:201908
2017-09-16 16:01:25,596 - [webpage_parser.py:63] - INFO - procotol:http, hostname:www.hao123.com, new_link:javascript:;
2017-09-16 16:01:25,604 - [webpage_parser.py:63] - INFO - procotol:https, hostname:www.6.cn, new_link:723963
2017-09-16 16:01:25,644 - [webpage_parser.py:63] - INFO - procotol:https, hostname:www.6.cn, new_link:837340
2017-09-16 16:01:25,648 - [connectionpool.py:395] - DEBUG - http://www.qq.com:80 "GET / HTTP/1.1" 200 None
2017-09-16 16:01:25,648 - [webpage_parser.py:63] - INFO - procotol:https, hostname:www.6.cn, new_link:883943
2017-09-16 16:01:25,652 - [webpage_parser.py:63] - INFO - procotol:https, hostname:www.6.cn, new_link:839498
2017-09-16 16:01:25,676 - [webpage_parser.py:63] - INFO - procotol:https, hostname:www.6.cn, new_link:831499
2017-09-16 16:01:25,677 - [webpage_parser.py:63] - INFO - procotol:https, hostname:www.6.cn, new_link:828956
2017-09-16 16:01:25,680 - [webpage_parser.py:63] - INFO - procotol:https, hostname:www.6.cn, new_link:6867
2017-09-16 16:01:25,712 - [webpage_parser.py:63] - INFO - procotol:https, hostname:www.6.cn, new_link:737284
2017-09-16 16:01:25,717 - [webpage_parser.py:63] - INFO - procotol:https, hostname:www.6.cn, new_link:841676
2017-09-16 16:01:25,720 - [webpage_parser.py:63] - INFO - procotol:https, hostname:www.6.cn, new_link:783531
2017-09-16 16:01:25,722 - [webpage_parser.py:63] - INFO - procotol:https, hostname:www.6.cn, new_link:782365
2017-09-16 16:01:25,732 - [webpage_parser.py:63] - INFO - procotol:https, hostname:www.6.cn, new_link:831364
2017-09-16 16:01:25,738 - [webpage_parser.py:63] - INFO - procotol:https, hostname:www.6.cn, new_link:javascript:;
2017-09-16 16:01:25,756 - [webpage_parser.py:63] - INFO - procotol:https, hostname:www.6.cn, new_link:javascript:;
2017-09-16 16:01:25,758 - [webpage_parser.py:63] - INFO - procotol:https, hostname:www.6.cn, new_link:javascript:;
2017-09-16 16:01:25,759 - [webpage_parser.py:63] - INFO - procotol:https, hostname:www.6.cn, new_link:javascript:;
2017-09-16 16:01:25,767 - [webpage_saver.py:45] - INFO - url http://www.hao123.com/feedback is not match
2017-09-16 16:01:25,815 - [sjisprober.py:61] - DEBUG - SHIFT_JIS Japanese prober hit error at byte 1202
2017-09-16 16:01:26,101 - [sbcharsetprober.py:119] - DEBUG - ISO-8859-7 confidence = 0.00849692429963, below negative shortcut threshhold 0.05
2017-09-16 16:01:26,337 - [connectionpool.py:207] - DEBUG - Starting new HTTP connection (1): weibo.com
2017-09-16 16:01:26,361 - [connectionpool.py:207] - DEBUG - Starting new HTTP connection (1): life.hao123.com
2017-09-16 16:01:26,404 - [connectionpool.py:818] - DEBUG - Starting new HTTPS connection (1): app.tanwan.com
2017-09-16 16:01:26,460 - [connectionpool.py:395] - DEBUG - http://life.hao123.com:80 "GET /health HTTP/1.1" 200 None
2017-09-16 16:01:26,475 - [eucjpprober.py:62] - DEBUG - EUC-JP Japanese prober hit error at byte 31496
2017-09-16 16:01:26,485 - [connectionpool.py:395] - DEBUG - http://weibo.com:80 "GET / HTTP/1.1" 302 None
2017-09-16 16:01:26,520 - [sbcharsetprober.py:119] - DEBUG - windows-1253 confidence = 0.00910545349273, below negative shortcut threshhold 0.05
2017-09-16 16:01:26,679 - [connectionpool.py:818] - DEBUG - Starting new HTTPS connection (1): passport.weibo.com
2017-09-16 16:01:27,002 - [connectionpool.py:818] - DEBUG - Starting new HTTPS connection (1): www.baidu.com
2017-09-16 16:01:27,122 - [webpage_parser.py:63] - INFO - procotol:http, hostname:life.hao123.com, new_link:javascript:void(0)
2017-09-16 16:01:27,151 - [webpage_parser.py:63] - INFO - procotol:http, hostname:life.hao123.com, new_link:javascript:;
2017-09-16 16:01:27,195 - [sbcharsetprober.py:119] - DEBUG - ISO-8859-5 confidence = 0.0491383182647, below negative shortcut threshhold 0.05
2017-09-16 16:01:27,223 - [webpage_parser.py:63] - INFO - procotol:http, hostname:life.hao123.com, new_link:javascript:;
2017-09-16 16:01:27,224 - [connectionpool.py:395] - DEBUG - https://app.tanwan.com:443 "GET /htmlcode/13074.html HTTP/1.1" 200 2829
2017-09-16 16:01:27,376 - [webpage_parser.py:63] - INFO - procotol:http, hostname:life.hao123.com, new_link:javascript:;
2017-09-16 16:01:27,418 - [webpage_parser.py:63] - INFO - procotol:https, hostname:app.tanwan.com, new_link:javascript:;
2017-09-16 16:01:27,423 - [webpage_parser.py:63] - INFO - procotol:https, hostname:app.tanwan.com, new_link:javascript:;
2017-09-16 16:01:27,437 - [connectionpool.py:395] - DEBUG - https://www.baidu.com:443 "GET /s?word=%E8%82%BF%E7%98%A4%E5%8C%BB%E9%99%A2&tn=50000018_hao_pg&ie=utf-8 HTTP/1.1" 200 227
2017-09-16 16:01:27,482 - [connectionpool.py:395] - DEBUG - https://passport.weibo.com:443 "GET /visitor/visitor?entry=miniblog&a=enter&url=http%3A%2F%2Fweibo.com%2F&domain=.weibo.com&ua=php-sso_sdk_client-0.6.23&_rand=1505548884.8654 HTTP/1.1" 200 None
2017-09-16 16:01:27,553 - [webpage_saver.py:45] - INFO - url https://www.baidu.com/s?word=%E8%82%BF%E7%98%A4%E5%8C%BB%E9%99%A2&tn=50000018_hao_pg&ie=utf-8 is not match
2017-09-16 16:01:27,559 - [webpage_saver.py:45] - INFO - url http://weibo.com/ is not match
2017-09-16 16:01:27,626 - [webpage_saver.py:45] - INFO - url https://www.qunar.com/?ex_track=auto_58c11276 is not match
2017-09-16 16:01:27,644 - [sbcharsetprober.py:119] - DEBUG - windows-1251 confidence = 0.0131353785719, below negative shortcut threshhold 0.05
2017-09-16 16:01:27,838 - [webpage_saver.py:45] - INFO - url https://www.6.cn/ is not match
2017-09-16 16:01:27,860 - [webpage_saver.py:45] - INFO - url http://life.hao123.com/health is not match
2017-09-16 16:01:28,587 - [connectionpool.py:207] - DEBUG - Starting new HTTP connection (1): v.qq.com
2017-09-16 16:01:28,884 - [connectionpool.py:207] - DEBUG - Starting new HTTP connection (1): e.baidu.com
2017-09-16 16:01:28,899 - [connectionpool.py:207] - DEBUG - Starting new HTTP connection (1): www.sohu.com
2017-09-16 16:01:28,912 - [connectionpool.py:207] - DEBUG - Starting new HTTP connection (1): e.cn.miaozhen.com
2017-09-16 16:01:28,921 - [connectionpool.py:207] - DEBUG - Starting new HTTP connection (1): www.4399.com
2017-09-16 16:01:29,011 - [connectionpool.py:207] - DEBUG - Starting new HTTP connection (1): www.hao123.com
2017-09-16 16:01:29,197 - [connectionpool.py:395] - DEBUG - http://e.baidu.com:80 "GET / HTTP/1.1" 200 None
2017-09-16 16:01:29,209 - [connectionpool.py:395] - DEBUG - http://www.sohu.com:80 "GET /?pvid=49d7a584a99565f7 HTTP/1.1" 200 None
2017-09-16 16:01:29,234 - [connectionpool.py:395] - DEBUG - http://v.qq.com:80 "GET / HTTP/1.1" 302 22
2017-09-16 16:01:29,331 - [webpage_parser.py:63] - INFO - procotol:http, hostname:e.baidu.com, new_link:/localservice
2017-09-16 16:01:29,341 - [webpage_parser.py:63] - INFO - procotol:http, hostname:e.baidu.com, new_link:javascript:void(-2);
2017-09-16 16:01:29,346 - [webpage_parser.py:63] - INFO - procotol:http, hostname:e.baidu.com, new_link:/help
2017-09-16 16:01:29,351 - [webpage_parser.py:63] - INFO - procotol:http, hostname:e.baidu.com, new_link:javascript:void(0);
2017-09-16 16:01:29,359 - [webpage_parser.py:63] - INFO - procotol:http, hostname:e.baidu.com, new_link:/
2017-09-16 16:01:29,360 - [connectionpool.py:818] - DEBUG - Starting new HTTPS connection (1): v.qq.com
2017-09-16 16:01:29,361 - [webpage_parser.py:63] - INFO - procotol:http, hostname:e.baidu.com, new_link:javascript:;
2017-09-16 16:01:29,367 - [webpage_parser.py:63] - INFO - procotol:http, hostname:e.baidu.com, new_link:javascript:;
2017-09-16 16:01:29,369 - [webpage_parser.py:63] - INFO - procotol:http, hostname:e.baidu.com, new_link:javascript:;
2017-09-16 16:01:29,370 - [webpage_parser.py:63] - INFO - procotol:http, hostname:e.baidu.com, new_link:javascript:;
2017-09-16 16:01:29,375 - [webpage_parser.py:63] - INFO - procotol:http, hostname:e.baidu.com, new_link:javascript:;
2017-09-16 16:01:29,407 - [webpage_parser.py:63] - INFO - procotol:http, hostname:e.baidu.com, new_link:javascript:;
2017-09-16 16:01:29,409 - [webpage_parser.py:63] - INFO - procotol:http, hostname:e.baidu.com, new_link:javascript:;
2017-09-16 16:01:29,413 - [webpage_parser.py:63] - INFO - procotol:http, hostname:e.baidu.com, new_link:javascript:;
2017-09-16 16:01:29,422 - [webpage_parser.py:63] - INFO - procotol:http, hostname:e.baidu.com, new_link:javascript:;
2017-09-16 16:01:29,424 - [webpage_parser.py:63] - INFO - procotol:http, hostname:e.baidu.com, new_link:javascript:;
2017-09-16 16:01:29,426 - [webpage_parser.py:63] - INFO - procotol:http, hostname:e.baidu.com, new_link:javascript:;
2017-09-16 16:01:29,429 - [webpage_parser.py:63] - INFO - procotol:http, hostname:e.baidu.com, new_link:javascript:;
2017-09-16 16:01:29,430 - [webpage_parser.py:63] - INFO - procotol:http, hostname:e.baidu.com, new_link:javascript:;
2017-09-16 16:01:29,431 - [webpage_parser.py:63] - INFO - procotol:http, hostname:e.baidu.com, new_link:javascript:;
2017-09-16 16:01:29,438 - [webpage_parser.py:63] - INFO - procotol:http, hostname:e.baidu.com, new_link:javascript:;
2017-09-16 16:01:29,444 - [webpage_parser.py:63] - INFO - procotol:http, hostname:e.baidu.com, new_link:javascript:;
2017-09-16 16:01:29,447 - [sbcharsetprober.py:119] - DEBUG - windows-1255 confidence = 0.00847281218047, below negative shortcut threshhold 0.05
2017-09-16 16:01:29,460 - [webpage_parser.py:63] - INFO - procotol:http, hostname:e.baidu.com, new_link:javascript:;
2017-09-16 16:01:29,515 - [webpage_parser.py:63] - INFO - procotol:http, hostname:e.baidu.com, new_link:javascript:;
2017-09-16 16:01:29,516 - [webpage_parser.py:63] - INFO - procotol:http, hostname:e.baidu.com, new_link:javascript:;
2017-09-16 16:01:29,516 - [webpage_parser.py:63] - INFO - procotol:http, hostname:e.baidu.com, new_link:javascript:;
2017-09-16 16:01:29,533 - [webpage_parser.py:63] - INFO - procotol:http, hostname:e.baidu.com, new_link:javascript:;
2017-09-16 16:01:29,546 - [webpage_parser.py:63] - INFO - procotol:http, hostname:e.baidu.com, new_link:javascript:;
2017-09-16 16:01:29,553 - [webpage_parser.py:63] - INFO - procotol:http, hostname:e.baidu.com, new_link:javascript:;
2017-09-16 16:01:29,555 - [webpage_parser.py:63] - INFO - procotol:http, hostname:e.baidu.com, new_link:javascript:;
2017-09-16 16:01:29,558 - [webpage_parser.py:63] - INFO - procotol:http, hostname:e.baidu.com, new_link:javascript:;
2017-09-16 16:01:29,560 - [webpage_parser.py:63] - INFO - procotol:http, hostname:e.baidu.com, new_link:javascript:;
2017-09-16 16:01:29,578 - [webpage_parser.py:63] - INFO - procotol:http, hostname:e.baidu.com, new_link:javascript:;
2017-09-16 16:01:29,621 - [connectionpool.py:395] - DEBUG - http://e.cn.miaozhen.com:80 "GET /r/k=2058249&p=78igw&dx=__IPDX__&rt=2&ns=__IP__&ni=__IESID__&v=__LOC__&xa=__ADPLATFORM__&tr=__REQUESTID__&ro=sm&vo=3487f9a48&vr=2&o=https%3A%2F%2Fwww.xin.com%2F%3Fchannel%3Da90b199c46286d190734e2211253f513 HTTP/1.1" 302 0
2017-09-16 16:01:29,623 - [webpage_parser.py:63] - INFO - procotol:http, hostname:e.baidu.com, new_link:javascript:;
2017-09-16 16:01:29,643 - [connectionpool.py:395] - DEBUG - http://www.4399.com:80 "GET / HTTP/1.1" 200 None
2017-09-16 16:01:29,642 - [webpage_parser.py:63] - INFO - procotol:http, hostname:e.baidu.com, new_link:javascript:;
2017-09-16 16:01:29,650 - [webpage_parser.py:63] - INFO - procotol:http, hostname:e.baidu.com, new_link:javascript:;
2017-09-16 16:01:29,653 - [webpage_parser.py:63] - INFO - procotol:http, hostname:e.baidu.com, new_link:javascript:;
2017-09-16 16:01:29,660 - [webpage_parser.py:63] - INFO - procotol:http, hostname:e.baidu.com, new_link:/
2017-09-16 16:01:29,670 - [connectionpool.py:818] - DEBUG - Starting new HTTPS connection (1): www.xin.com
2017-09-16 16:01:29,690 - [webpage_parser.py:63] - INFO - procotol:http, hostname:e.baidu.com, new_link:/solutions-client
2017-09-16 16:01:29,691 - [webpage_parser.py:63] - INFO - procotol:http, hostname:e.baidu.com, new_link:/product
2017-09-16 16:01:29,694 - [webpage_parser.py:63] - INFO - procotol:http, hostname:e.baidu.com, new_link:/cases
2017-09-16 16:01:29,695 - [webpage_parser.py:63] - INFO - procotol:http, hostname:e.baidu.com, new_link:/news
2017-09-16 16:01:29,696 - [webpage_parser.py:63] - INFO - procotol:http, hostname:e.baidu.com, new_link:/feed
2017-09-16 16:01:29,697 - [webpage_parser.py:63] - INFO - procotol:http, hostname:e.baidu.com, new_link:javascript:;
2017-09-16 16:01:29,697 - [webpage_parser.py:63] - INFO - procotol:http, hostname:e.baidu.com, new_link:javascript:;
2017-09-16 16:01:29,698 - [webpage_parser.py:63] - INFO - procotol:http, hostname:e.baidu.com, new_link:javascript:;
2017-09-16 16:01:29,699 - [webpage_parser.py:63] - INFO - procotol:http, hostname:e.baidu.com, new_link:javascript:;
2017-09-16 16:01:29,700 - [webpage_parser.py:63] - INFO - procotol:http, hostname:e.baidu.com, new_link:/solutions-client
2017-09-16 16:01:29,702 - [webpage_parser.py:63] - INFO - procotol:http, hostname:e.baidu.com, new_link:/solutions-client#zhanxian
2017-09-16 16:01:29,706 - [webpage_parser.py:63] - INFO - procotol:http, hostname:e.baidu.com, new_link:/solutions-client#dianji
2017-09-16 16:01:29,706 - [webpage_parser.py:63] - INFO - procotol:http, hostname:e.baidu.com, new_link:/solutions-client#fangwen
2017-09-16 16:01:29,710 - [webpage_parser.py:63] - INFO - procotol:http, hostname:e.baidu.com, new_link:/solutions-client#zixun
2017-09-16 16:01:29,710 - [webpage_parser.py:63] - INFO - procotol:http, hostname:e.baidu.com, new_link:/solutions-client#chengjiao
2017-09-16 16:01:29,711 - [webpage_parser.py:63] - INFO - procotol:http, hostname:e.baidu.com, new_link:/solutions
2017-09-16 16:01:29,716 - [webpage_parser.py:63] - INFO - procotol:http, hostname:e.baidu.com, new_link:/solutions#any
2017-09-16 16:01:29,720 - [webpage_parser.py:63] - INFO - procotol:http, hostname:e.baidu.com, new_link:/solutions#jzrq
2017-09-16 16:01:29,736 - [webpage_parser.py:63] - INFO - procotol:http, hostname:e.baidu.com, new_link:/solutions#dzzj
2017-09-16 16:01:29,736 - [webpage_parser.py:63] - INFO - procotol:http, hostname:e.baidu.com, new_link:/solutions#ywxq
2017-09-16 16:01:29,739 - [sjisprober.py:61] - DEBUG - CP932 Japanese prober hit error at byte 514
2017-09-16 16:01:29,740 - [webpage_parser.py:63] - INFO - procotol:http, hostname:e.baidu.com, new_link:/solutions-brand
2017-09-16 16:01:29,751 - [webpage_parser.py:63] - INFO - procotol:http, hostname:e.baidu.com, new_link:/solutions-brand#zdn
2017-09-16 16:01:29,779 - [webpage_parser.py:63] - INFO - procotol:http, hostname:e.baidu.com, new_link:/solutions-brand#ljn
2017-09-16 16:01:29,779 - [webpage_parser.py:63] - INFO - procotol:http, hostname:e.baidu.com, new_link:/solutions-brand#xhn
2017-09-16 16:01:29,779 - [webpage_parser.py:63] - INFO - procotol:http, hostname:e.baidu.com, new_link:/solutions-brand#xrn
2017-09-16 16:01:29,780 - [webpage_parser.py:63] - INFO - procotol:http, hostname:e.baidu.com, new_link:/feed
2017-09-16 16:01:29,780 - [webpage_parser.py:63] - INFO - procotol:http, hostname:e.baidu.com, new_link:/feed#xxl1
2017-09-16 16:01:29,781 - [webpage_parser.py:63] - INFO - procotol:http, hostname:e.baidu.com, new_link:/feed#xxl2
2017-09-16 16:01:29,781 - [webpage_parser.py:63] - INFO - procotol:http, hostname:e.baidu.com, new_link:/feed#xxl3
2017-09-16 16:01:29,781 - [webpage_parser.py:63] - INFO - procotol:http, hostname:e.baidu.com, new_link:/feed#xxl4
2017-09-16 16:01:29,782 - [webpage_parser.py:63] - INFO - procotol:http, hostname:e.baidu.com, new_link:/help
2017-09-16 16:01:29,782 - [webpage_parser.py:63] - INFO - procotol:http, hostname:e.baidu.com, new_link:javascript:;
2017-09-16 16:01:29,782 - [webpage_parser.py:63] - INFO - procotol:http, hostname:e.baidu.com, new_link:/node/314
2017-09-16 16:01:29,783 - [webpage_parser.py:63] - INFO - procotol:http, hostname:e.baidu.com, new_link:/node/296
2017-09-16 16:01:29,783 - [webpage_parser.py:63] - INFO - procotol:http, hostname:e.baidu.com, new_link:/node/283
2017-09-16 16:01:29,783 - [webpage_parser.py:63] - INFO - procotol:http, hostname:e.baidu.com, new_link:/node/279
2017-09-16 16:01:29,784 - [webpage_parser.py:63] - INFO - procotol:http, hostname:e.baidu.com, new_link:/node/129
2017-09-16 16:01:29,784 - [webpage_parser.py:63] - INFO - procotol:http, hostname:e.baidu.com, new_link:javascript:;
2017-09-16 16:01:29,784 - [webpage_parser.py:63] - INFO - procotol:http, hostname:e.baidu.com, new_link:javascript:;
2017-09-16 16:01:29,795 - [webpage_parser.py:63] - INFO - procotol:http, hostname:e.baidu.com, new_link:javascript:;
2017-09-16 16:01:29,796 - [webpage_parser.py:63] - INFO - procotol:http, hostname:e.baidu.com, new_link:javascript:;
2017-09-16 16:01:29,796 - [webpage_parser.py:63] - INFO - procotol:http, hostname:e.baidu.com, new_link:javascript:;
2017-09-16 16:01:29,837 - [connectionpool.py:395] - DEBUG - http://www.hao123.com:80 "GET /haoda HTTP/1.1" 200 None
2017-09-16 16:01:29,839 - [webpage_parser.py:63] - INFO - procotol:http, hostname:e.baidu.com, new_link:/help
2017-09-16 16:01:29,892 - [webpage_parser.py:63] - INFO - procotol:http, hostname:e.baidu.com, new_link:/product
2017-09-16 16:01:29,911 - [webpage_parser.py:63] - INFO - procotol:http, hostname:e.baidu.com, new_link:/product-brand
2017-09-16 16:01:29,933 - [connectionpool.py:395] - DEBUG - https://v.qq.com:443 "GET / HTTP/1.1" 200 None
2017-09-16 16:01:29,999 - [webpage_parser.py:63] - INFO - procotol:http, hostname:e.baidu.com, new_link:/product-mobile
2017-09-16 16:01:30,056 - [webpage_parser.py:63] - INFO - procotol:http, hostname:e.baidu.com, new_link:/product-net
2017-09-16 16:01:30,089 - [webpage_parser.py:63] - INFO - procotol:http, hostname:e.baidu.com, new_link:/product-community
2017-09-16 16:01:30,108 - [webpage_parser.py:63] - INFO - procotol:http, hostname:e.baidu.com, new_link:/product-tools
2017-09-16 16:01:30,120 - [webpage_parser.py:63] - INFO - procotol:http, hostname:e.baidu.com, new_link:/solutions-client
2017-09-16 16:01:30,219 - [webpage_parser.py:63] - INFO - procotol:http, hostname:www.hao123.com, new_link:javascript:void(0);
2017-09-16 16:01:30,252 - [webpage_parser.py:63] - INFO - procotol:http, hostname:e.baidu.com, new_link:/solutions
2017-09-16 16:01:30,275 - [webpage_parser.py:63] - INFO - procotol:http, hostname:www.hao123.com, new_link:javascript:void(0)
2017-09-16 16:01:30,297 - [webpage_parser.py:63] - INFO - procotol:http, hostname:e.baidu.com, new_link:/solutions-brand
2017-09-16 16:01:30,315 - [webpage_parser.py:63] - INFO - procotol:http, hostname:www.hao123.com, new_link:javascript:;
2017-09-16 16:01:30,339 - [sbcharsetprober.py:119] - DEBUG - windows-1255 confidence = 0.013729093811, below negative shortcut threshhold 0.05
2017-09-16 16:01:30,342 - [webpage_parser.py:63] - INFO - procotol:http, hostname:www.hao123.com, new_link:#medal
2017-09-16 16:01:30,503 - [webpage_parser.py:63] - INFO - procotol:http, hostname:e.baidu.com, new_link:/solutions-o2o
2017-09-16 16:01:30,586 - [webpage_parser.py:63] - INFO - procotol:http, hostname:www.hao123.com, new_link:#rule
2017-09-16 16:01:30,694 - [webpage_parser.py:63] - INFO - procotol:http, hostname:e.baidu.com, new_link:/cases#dqcx
2017-09-16 16:01:30,746 - [webpage_parser.py:63] - INFO - procotol:http, hostname:www.hao123.com, new_link:#prize
2017-09-16 16:01:30,946 - [webpage_parser.py:63] - INFO - procotol:http, hostname:e.baidu.com, new_link:/cases#hycx
2017-09-16 16:01:30,982 - [webpage_parser.py:63] - INFO - procotol:http, hostname:www.hao123.com, new_link:javascript:;
2017-09-16 16:01:31,063 - [webpage_parser.py:63] - INFO - procotol:http, hostname:www.sohu.com, new_link:/
2017-09-16 16:01:31,162 - [webpage_parser.py:63] - INFO - procotol:http, hostname:e.baidu.com, new_link:/cases#zmqy
2017-09-16 16:01:31,181 - [webpage_parser.py:63] - INFO - procotol:http, hostname:www.sohu.com, new_link:javascript:void(0)
2017-09-16 16:01:31,204 - [connectionpool.py:395] - DEBUG - https://www.xin.com:443 "GET /?channel=a90b199c46286d190734e2211253f513&mz_ca=2058249&mz_sp=78igw HTTP/1.1" 302 None
2017-09-16 16:01:31,416 - [webpage_parser.py:63] - INFO - procotol:http, hostname:e.baidu.com, new_link:/news
2017-09-16 16:01:31,570 - [webpage_saver.py:45] - INFO - url http://www.hao123.com/haoda is not match
2017-09-16 16:01:31,564 - [webpage_parser.py:63] - INFO - procotol:http, hostname:www.sohu.com, new_link:javascript:void(0)
2017-09-16 16:01:31,634 - [webpage_parser.py:63] - INFO - procotol:http, hostname:e.baidu.com, new_link:/news
2017-09-16 16:01:31,834 - [webpage_parser.py:63] - INFO - procotol:http, hostname:e.baidu.com, new_link:/help
2017-09-16 16:01:31,855 - [webpage_parser.py:63] - INFO - procotol:http, hostname:www.sohu.com, new_link: http://db.auto.sohu.com/home/
2017-09-16 16:01:31,855 - [webpage_parser.py:63] - INFO - procotol:http, hostname:e.baidu.com, new_link:/localservice
2017-09-16 16:01:32,016 - [webpage_parser.py:63] - INFO - procotol:http, hostname:e.baidu.com, new_link:mailto:ask@baidu.com
2017-09-16 16:01:32,018 - [charsetgroupprober.py:97] - DEBUG - windows-1251 not active
2017-09-16 16:01:32,039 - [webpage_parser.py:63] - INFO - procotol:http, hostname:e.baidu.com, new_link:javascript:void(1);
2017-09-16 16:01:32,039 - [connectionpool.py:395] - DEBUG - https://www.xin.com:443 "GET /beijing/?channel=a90b199c46286d190734e2211253f513&mz_ca=2058249&mz_sp=78igw HTTP/1.1" 200 None
2017-09-16 16:01:32,046 - [webpage_parser.py:63] - INFO - procotol:http, hostname:www.sohu.com, new_link: http://2sc.sohu.com
2017-09-16 16:01:32,046 - [charsetgroupprober.py:100] - DEBUG - KOI8-R Russian confidence = 0.131570199065
2017-09-16 16:01:32,047 - [webpage_parser.py:63] - INFO - procotol:http, hostname:e.baidu.com, new_link:javascript:void(2);
2017-09-16 16:01:32,067 - [webpage_parser.py:63] - INFO - procotol:http, hostname:www.sohu.com, new_link: http://fashion.sohu.com/1045
2017-09-16 16:01:32,264 - [charsetgroupprober.py:97] - DEBUG - ISO-8859-5 not active
2017-09-16 16:01:32,264 - [charsetgroupprober.py:100] - DEBUG - MacCyrillic Russian confidence = 0.0670526023104
2017-09-16 16:01:32,265 - [charsetgroupprober.py:100] - DEBUG - IBM866 Russian confidence = 0.0627366089662
2017-09-16 16:01:32,265 - [charsetgroupprober.py:100] - DEBUG - IBM855 Russian confidence = 0.0797896202921
2017-09-16 16:01:32,265 - [charsetgroupprober.py:97] - DEBUG - ISO-8859-7 not active
2017-09-16 16:01:32,276 - [webpage_parser.py:63] - INFO - procotol:http, hostname:e.baidu.com, new_link:javascript:void(-1);
2017-09-16 16:01:32,280 - [webpage_parser.py:63] - INFO - procotol:http, hostname:www.sohu.com, new_link: http://learning.sohu.com/
2017-09-16 16:01:32,280 - [charsetgroupprober.py:97] - DEBUG - windows-1253 not active
2017-09-16 16:01:32,295 - [charsetgroupprober.py:97] - DEBUG - ISO-8859-5 not active
2017-09-16 16:01:32,292 - [webpage_parser.py:63] - INFO - procotol:http, hostname:www.sohu.com, new_link: http://travel.sohu.com/1446
2017-09-16 16:01:32,284 - [webpage_parser.py:63] - INFO - procotol:http, hostname:e.baidu.com, new_link:javascript:;
2017-09-16 16:01:32,417 - [charsetgroupprober.py:97] - DEBUG - windows-1251 not active
2017-09-16 16:01:32,418 - [webpage_parser.py:63] - INFO - procotol:http, hostname:www.sohu.com, new_link: http://travel.sohu.com/1448
2017-09-16 16:01:32,420 - [webpage_parser.py:63] - INFO - procotol:http, hostname:e.baidu.com, new_link:/help
2017-09-16 16:01:32,420 - [charsetgroupprober.py:100] - DEBUG - TIS-620 Thai confidence = 0.106827894407
2017-09-16 16:01:32,559 - [webpage_parser.py:63] - INFO - procotol:http, hostname:www.sohu.com, new_link: http://chihe.sohu.com/
2017-09-16 16:01:32,560 - [charsetgroupprober.py:100] - DEBUG - ISO-8859-9 Turkish confidence = 0.485496855202
2017-09-16 16:01:32,562 - [webpage_parser.py:63] - INFO - procotol:http, hostname:www.sohu.com, new_link: http://chihe.sohu.com/1441
2017-09-16 16:01:32,586 - [charsetgroupprober.py:100] - DEBUG - windows-1255 Hebrew confidence = 0.0
2017-09-16 16:01:32,624 - [webpage_parser.py:63] - INFO - procotol:http, hostname:www.sohu.com, new_link: http://chihe.sohu.com/1443
2017-09-16 16:01:32,702 - [charsetgroupprober.py:97] - DEBUG - windows-1255 not active
2017-09-16 16:01:32,704 - [webpage_parser.py:63] - INFO - procotol:http, hostname:www.sohu.com, new_link: http://chihe.sohu.com/1445
2017-09-16 16:01:32,706 - [charsetgroupprober.py:97] - DEBUG - windows-1255 not active
2017-09-16 16:01:32,722 - [sbcharsetprober.py:119] - DEBUG - windows-1251 confidence = 0.00294493727924, below negative shortcut threshhold 0.05
2017-09-16 16:01:32,723 - [webpage_parser.py:63] - INFO - procotol:http, hostname:www.sohu.com, new_link: http://health.sohu.com
2017-09-16 16:01:32,811 - [webpage_parser.py:63] - INFO - procotol:http, hostname:www.sohu.com, new_link: http://www.sohu.com/tag/69615 
2017-09-16 16:01:32,928 - [charsetgroupprober.py:97] - DEBUG - windows-1251 not active
2017-09-16 16:01:32,932 - [webpage_saver.py:45] - INFO - url http://e.baidu.com/ is not match
2017-09-16 16:01:32,939 - [webpage_parser.py:63] - INFO - procotol:http, hostname:www.sohu.com, new_link: http://baobao.sohu.com/
2017-09-16 16:01:32,940 - [charsetgroupprober.py:100] - DEBUG - KOI8-R Russian confidence = 0.131570199065
2017-09-16 16:01:32,940 - [connectionpool.py:818] - DEBUG - Starting new HTTPS connection (1): www.baidu.com
2017-09-16 16:01:32,982 - [eucjpprober.py:62] - DEBUG - EUC-JP Japanese prober hit error at byte 79469
2017-09-16 16:01:32,983 - [webpage_parser.py:63] - INFO - procotol:http, hostname:www.sohu.com, new_link: http://baobao.sohu.com/1477
2017-09-16 16:01:33,012 - [charsetgroupprober.py:97] - DEBUG - ISO-8859-5 not active
2017-09-16 16:01:33,034 - [webpage_parser.py:63] - INFO - procotol:http, hostname:www.sohu.com, new_link: http://baobao.sohu.com/1475
2017-09-16 16:01:33,041 - [charsetgroupprober.py:100] - DEBUG - MacCyrillic Russian confidence = 0.0670526023104
2017-09-16 16:01:33,045 - [webpage_parser.py:63] - INFO - procotol:http, hostname:www.sohu.com, new_link: http://history.sohu.com/1338
2017-09-16 16:01:33,060 - [charsetgroupprober.py:100] - DEBUG - IBM866 Russian confidence = 0.0627366089662
2017-09-16 16:01:33,077 - [webpage_parser.py:63] - INFO - procotol:http, hostname:www.sohu.com, new_link: http://history.sohu.com/1423
2017-09-16 16:01:33,078 - [charsetgroupprober.py:100] - DEBUG - IBM855 Russian confidence = 0.0797896202921
2017-09-16 16:01:33,091 - [webpage_parser.py:63] - INFO - procotol:http, hostname:www.sohu.com, new_link: http://cul.sohu.com/
2017-09-16 16:01:33,096 - [charsetgroupprober.py:97] - DEBUG - ISO-8859-7 not active
2017-09-16 16:01:33,114 - [webpage_parser.py:63] - INFO - procotol:http, hostname:www.sohu.com, new_link: http://cul.sohu.com/1401
2017-09-16 16:01:33,114 - [charsetgroupprober.py:97] - DEBUG - windows-1253 not active
2017-09-16 16:01:33,118 - [webpage_parser.py:63] - INFO - procotol:http, hostname:www.sohu.com, new_link: http://cul.sohu.com/1351
2017-09-16 16:01:33,118 - [charsetgroupprober.py:97] - DEBUG - ISO-8859-5 not active
2017-09-16 16:01:33,119 - [webpage_parser.py:63] - INFO - procotol:http, hostname:www.sohu.com, new_link: http://mil.sohu.com/1468
2017-09-16 16:01:33,120 - [charsetgroupprober.py:97] - DEBUG - windows-1251 not active
2017-09-16 16:01:33,120 - [webpage_parser.py:63] - INFO - procotol:http, hostname:www.sohu.com, new_link: http://mil.sohu.com/1469
2017-09-16 16:01:33,120 - [charsetgroupprober.py:100] - DEBUG - TIS-620 Thai confidence = 0.106827894407
2017-09-16 16:01:33,121 - [webpage_parser.py:63] - INFO - procotol:http, hostname:www.sohu.com, new_link: http://mil.sohu.com/1470
2017-09-16 16:01:33,121 - [charsetgroupprober.py:100] - DEBUG - ISO-8859-9 Turkish confidence = 0.485496855202
2017-09-16 16:01:33,122 - [webpage_parser.py:63] - INFO - procotol:http, hostname:www.sohu.com, new_link: http://society.sohu.com/
2017-09-16 16:01:33,122 - [charsetgroupprober.py:100] - DEBUG - windows-1255 Hebrew confidence = 0.0
2017-09-16 16:01:33,123 - [webpage_parser.py:63] - INFO - procotol:http, hostname:www.sohu.com, new_link: http://society.sohu.com/1452
2017-09-16 16:01:33,124 - [charsetgroupprober.py:97] - DEBUG - windows-1255 not active
2017-09-16 16:01:33,125 - [webpage_parser.py:63] - INFO - procotol:http, hostname:www.sohu.com, new_link: http://society.sohu.com/1455
2017-09-16 16:01:33,126 - [webpage_parser.py:63] - INFO - procotol:http, hostname:www.sohu.com, new_link: http://astro.sohu.com/
2017-09-16 16:01:33,135 - [charsetgroupprober.py:97] - DEBUG - windows-1255 not active
2017-09-16 16:01:33,136 - [webpage_parser.py:63] - INFO - procotol:http, hostname:www.sohu.com, new_link: http://astro.sohu.com/1417
2017-09-16 16:01:33,138 - [webpage_parser.py:63] - INFO - procotol:http, hostname:www.sohu.com, new_link: http://pets.sohu.com/
2017-09-16 16:01:33,139 - [webpage_parser.py:63] - INFO - procotol:http, hostname:www.sohu.com, new_link: http://acg.sohu.com/
2017-09-16 16:01:33,140 - [webpage_parser.py:63] - INFO - procotol:http, hostname:www.sohu.com, new_link: http://game.sohu.com/
2017-09-16 16:01:33,152 - [webpage_parser.py:63] - INFO - procotol:http, hostname:www.sohu.com, new_link:mailto:kf@vip.sohu.com
2017-09-16 16:01:33,314 - [webpage_parser.py:63] - INFO - procotol:http, hostname:www.sohu.com, new_link:mailto:jubao@contact.sohu.com
2017-09-16 16:01:33,390 - [connectionpool.py:395] - DEBUG - https://www.baidu.com:443 "GET /s?word=%E8%93%9D%E6%9C%88%E4%BC%A0%E5%A5%87&tn=50000016_hao_pg&ie=utf-8 HTTP/1.1" 200 227
2017-09-16 16:01:33,613 - [webpage_saver.py:45] - INFO - url https://www.baidu.com/s?word=%E8%93%9D%E6%9C%88%E4%BC%A0%E5%A5%87&tn=50000016_hao_pg&ie=utf-8 is not match
2017-09-16 16:01:34,306 - [webpage_parser.py:63] - INFO - procotol:http, hostname:e.cn.miaozhen.com, new_link:/beijing/
2017-09-16 16:01:34,454 - [webpage_parser.py:63] - INFO - procotol:http, hostname:www.78.cn, new_link:/web/yibuqiangyi/
2017-09-16 16:01:34,525 - [sbcharsetprober.py:119] - DEBUG - ISO-8859-7 confidence = 0.00780986311088, below negative shortcut threshhold 0.05
2017-09-16 16:01:34,530 - [webpage_parser.py:63] - INFO - procotol:http, hostname:e.cn.miaozhen.com, new_link:/beijing/s/
2017-09-16 16:01:34,564 - [webpage_parser.py:63] - INFO - procotol:http, hostname:www.78.cn, new_link:/web/ysmycypin/
2017-09-16 16:01:34,578 - [webpage_parser.py:63] - INFO - procotol:http, hostname:e.cn.miaozhen.com, new_link:/sale/index/201/
2017-09-16 16:01:34,585 - [webpage_parser.py:63] - INFO - procotol:http, hostname:www.78.cn, new_link:/web/jiumentidu/
2017-09-16 16:01:34,589 - [connectionpool.py:207] - DEBUG - Starting new HTTP connection (1): news.ifeng.com
2017-09-16 16:01:34,603 - [webpage_parser.py:63] - INFO - procotol:http, hostname:e.cn.miaozhen.com, new_link:/beijing/h/
2017-09-16 16:01:34,604 - [webpage_parser.py:63] - INFO - procotol:http, hostname:www.78.cn, new_link:/web/chadangjia/
2017-09-16 16:01:34,617 - [sbcharsetprober.py:119] - DEBUG - windows-1253 confidence = 0.00840753083737, below negative shortcut threshhold 0.05
2017-09-16 16:01:34,766 - [webpage_parser.py:63] - INFO - procotol:http, hostname:e.cn.miaozhen.com, new_link:/beijing/n/
2017-09-16 16:01:34,767 - [webpage_parser.py:63] - INFO - procotol:http, hostname:www.78.cn, new_link:/web/benteng/
2017-09-16 16:01:34,768 - [connectionpool.py:207] - DEBUG - Starting new HTTP connection (1): www.ifeng.com
2017-09-16 16:01:35,013 - [webpage_parser.py:63] - INFO - procotol:http, hostname:e.cn.miaozhen.com, new_link:/activity/201/
2017-09-16 16:01:35,176 - [webpage_parser.py:63] - INFO - procotol:http, hostname:www.78.cn, new_link:/web/fumeige/
2017-09-16 16:01:35,187 - [webpage_parser.py:63] - INFO - procotol:http, hostname:e.cn.miaozhen.com, new_link:/service/201/
2017-09-16 16:01:35,307 - [webpage_parser.py:63] - INFO - procotol:http, hostname:www.78.cn, new_link:/
2017-09-16 16:01:35,384 - [sbcharsetprober.py:119] - DEBUG - windows-1251 confidence = 0.0111225208858, below negative shortcut threshhold 0.05
2017-09-16 16:01:35,403 - [connectionpool.py:395] - DEBUG - http://news.ifeng.com:80 "GET /a/20170915/52015009_0.shtml?_zbs_hao123_news HTTP/1.1" 200 42095
2017-09-16 16:01:35,563 - [webpage_parser.py:63] - INFO - procotol:http, hostname:e.cn.miaozhen.com, new_link:/app/
2017-09-16 16:01:35,570 - [connectionpool.py:395] - DEBUG - http://www.ifeng.com:80 "GET / HTTP/1.1" 200 None
2017-09-16 16:01:35,603 - [webpage_parser.py:63] - INFO - procotol:http, hostname:www.78.cn, new_link:/fzxm/
2017-09-16 16:01:35,745 - [webpage_parser.py:63] - INFO - procotol:http, hostname:e.cn.miaozhen.com, new_link:javascript:void(0);
2017-09-16 16:01:35,747 - [webpage_parser.py:63] - INFO - procotol:http, hostname:www.78.cn, new_link:/nvzhuang/
2017-09-16 16:01:35,849 - [webpage_parser.py:63] - INFO - procotol:http, hostname:e.cn.miaozhen.com, new_link:/sale/c2b_car/201
2017-09-16 16:01:35,850 - [webpage_parser.py:63] - INFO - procotol:http, hostname:www.78.cn, new_link:/tongzhuangtongxie/
2017-09-16 16:01:36,162 - [webpage_parser.py:63] - INFO - procotol:http, hostname:e.cn.miaozhen.com, new_link:javascript:void(0);
2017-09-16 16:01:36,313 - [webpage_parser.py:63] - INFO - procotol:http, hostname:www.78.cn, new_link:/pinpai/
2017-09-16 16:01:36,572 - [webpage_parser.py:63] - INFO - procotol:http, hostname:e.cn.miaozhen.com, new_link:/beijing/dazhong/
2017-09-16 16:01:36,672 - [webpage_parser.py:63] - INFO - procotol:http, hostname:www.78.cn, new_link:/zhekou/
2017-09-16 16:01:36,678 - [webpage_parser.py:63] - INFO - procotol:http, hostname:e.cn.miaozhen.com, new_link:/beijing/baoma/
2017-09-16 16:01:36,679 - [webpage_parser.py:63] - INFO - procotol:http, hostname:e.cn.miaozhen.com, new_link:/beijing/benchi/
2017-09-16 16:01:36,680 - [webpage_parser.py:63] - INFO - procotol:http, hostname:e.cn.miaozhen.com, new_link:/beijing/aodi/
2017-09-16 16:01:36,682 - [webpage_parser.py:63] - INFO - procotol:http, hostname:www.78.cn, new_link:/peishi/
2017-09-16 16:01:36,781 - [webpage_parser.py:63] - INFO - procotol:http, hostname:www.78.cn, new_link:/fuzhuangqita/
2017-09-16 16:01:36,784 - [webpage_parser.py:63] - INFO - procotol:http, hostname:www.78.cn, new_link:/cyyl/
2017-09-16 16:01:36,790 - [webpage_parser.py:63] - INFO - procotol:http, hostname:e.cn.miaozhen.com, new_link:/beijing/fengtian/
2017-09-16 16:01:36,914 - [webpage_parser.py:63] - INFO - procotol:http, hostname:www.78.cn, new_link:/zhongshikuaican/
2017-09-16 16:01:37,153 - [webpage_parser.py:63] - INFO - procotol:http, hostname:e.cn.miaozhen.com, new_link:/beijing/bieke/
2017-09-16 16:01:37,156 - [webpage_parser.py:63] - INFO - procotol:http, hostname:www.78.cn, new_link:/xishikuaican/
2017-09-16 16:01:37,156 - [webpage_parser.py:63] - INFO - procotol:http, hostname:e.cn.miaozhen.com, new_link:/beijing/bentian/
2017-09-16 16:01:37,185 - [webpage_parser.py:63] - INFO - procotol:http, hostname:www.78.cn, new_link:/huoguoshaokao/
2017-09-16 16:01:37,202 - [webpage_parser.py:63] - INFO - procotol:http, hostname:e.cn.miaozhen.com, new_link:/beijing/fute/
2017-09-16 16:01:37,246 - [webpage_parser.py:63] - INFO - procotol:http, hostname:www.78.cn, new_link:/xiaochi/
2017-09-16 16:01:37,258 - [webpage_parser.py:63] - INFO - procotol:http, hostname:e.cn.miaozhen.com, new_link:/beijing/richan/
2017-09-16 16:01:37,260 - [webpage_parser.py:63] - INFO - procotol:http, hostname:www.78.cn, new_link:/bingqilin/
2017-09-16 16:01:37,263 - [webpage_parser.py:63] - INFO - procotol:http, hostname:e.cn.miaozhen.com, new_link:/beijing/luhu/
2017-09-16 16:01:37,268 - [webpage_parser.py:63] - INFO - procotol:http, hostname:www.78.cn, new_link:/huoguo/
2017-09-16 16:01:37,272 - [webpage_parser.py:63] - INFO - procotol:http, hostname:e.cn.miaozhen.com, new_link:/beijing/xiandai/
2017-09-16 16:01:37,283 - [webpage_parser.py:63] - INFO - procotol:http, hostname:e.cn.miaozhen.com, new_link:/beijing/woerwo/
2017-09-16 16:01:37,288 - [webpage_parser.py:63] - INFO - procotol:http, hostname:www.78.cn, new_link:/shaokao/
2017-09-16 16:01:37,385 - [webpage_parser.py:63] - INFO - procotol:http, hostname:e.cn.miaozhen.com, new_link:/beijing/h/
2017-09-16 16:01:37,446 - [webpage_parser.py:63] - INFO - procotol:http, hostname:www.78.cn, new_link:/tianpin/
2017-09-16 16:01:37,509 - [webpage_parser.py:63] - INFO - procotol:http, hostname:news.ifeng.com, new_link:javascript:void(0);
2017-09-16 16:01:37,509 - [webpage_parser.py:63] - INFO - procotol:http, hostname:e.cn.miaozhen.com, new_link:/beijing/h/
2017-09-16 16:01:37,576 - [webpage_parser.py:63] - INFO - procotol:http, hostname:www.78.cn, new_link:/malatangcanyin/
2017-09-16 16:01:37,583 - [webpage_parser.py:63] - INFO - procotol:http, hostname:news.ifeng.com, new_link:javascript:void(0);
2017-09-16 16:01:37,594 - [webpage_parser.py:63] - INFO - procotol:http, hostname:e.cn.miaozhen.com, new_link:/beijing/sn_p0-5/
2017-09-16 16:01:37,599 - [webpage_parser.py:63] - INFO - procotol:http, hostname:www.78.cn, new_link:/suannaijm/
2017-09-16 16:01:37,622 - [webpage_parser.py:63] - INFO - procotol:http, hostname:news.ifeng.com, new_link:javascript:void(0);
2017-09-16 16:01:37,632 - [webpage_parser.py:63] - INFO - procotol:http, hostname:e.cn.miaozhen.com, new_link:/beijing/sn_p5-10/
2017-09-16 16:01:37,811 - [webpage_parser.py:63] - INFO - procotol:http, hostname:www.78.cn, new_link:/niupaibei/
2017-09-16 16:01:38,133 - [webpage_parser.py:63] - INFO - procotol:http, hostname:news.ifeng.com, new_link:javascript:void(0);
2017-09-16 16:01:38,195 - [webpage_parser.py:63] - INFO - procotol:http, hostname:e.cn.miaozhen.com, new_link:/beijing/sn_p10-15/
2017-09-16 16:01:38,228 - [webpage_parser.py:63] - INFO - procotol:http, hostname:v.qq.com, new_link:javascript:void(0);
2017-09-16 16:01:38,238 - [sbcharsetprober.py:119] - DEBUG - windows-1251 confidence = 0.00690517490393, below negative shortcut threshhold 0.05
2017-09-16 16:01:38,238 - [webpage_parser.py:63] - INFO - procotol:http, hostname:www.78.cn, new_link:/rouxiebao/
2017-09-16 16:01:38,239 - [webpage_parser.py:63] - INFO - procotol:http, hostname:news.ifeng.com, new_link:javascript:void(0);
2017-09-16 16:01:38,244 - [webpage_parser.py:63] - INFO - procotol:http, hostname:e.cn.miaozhen.com, new_link:/beijing/sn_p15-20/
2017-09-16 16:01:38,248 - [webpage_parser.py:63] - INFO - procotol:http, hostname:v.qq.com, new_link:javascript:void(0);
2017-09-16 16:01:38,430 - [webpage_parser.py:63] - INFO - procotol:http, hostname:www.78.cn, new_link:/mixian/
2017-09-16 16:01:38,460 - [webpage_parser.py:63] - INFO - procotol:http, hostname:news.ifeng.com, new_link:javascript:void(0);
2017-09-16 16:01:38,569 - [webpage_parser.py:63] - INFO - procotol:http, hostname:e.cn.miaozhen.com, new_link:/beijing/sn_p20-30/
2017-09-16 16:01:38,572 - [webpage_parser.py:63] - INFO - procotol:http, hostname:v.qq.com, new_link:javascript:;
2017-09-16 16:01:38,583 - [webpage_parser.py:63] - INFO - procotol:http, hostname:news.ifeng.com, new_link:javascript:void(0);
2017-09-16 16:01:38,599 - [webpage_parser.py:63] - INFO - procotol:http, hostname:www.78.cn, new_link:/tiebanshao/
2017-09-16 16:01:38,746 - [webpage_parser.py:63] - INFO - procotol:http, hostname:e.cn.miaozhen.com, new_link:/beijing/sn_p30-50/
2017-09-16 16:01:38,910 - [webpage_parser.py:63] - INFO - procotol:http, hostname:v.qq.com, new_link:javascript:;
2017-09-16 16:01:38,955 - [webpage_parser.py:63] - INFO - procotol:http, hostname:news.ifeng.com, new_link:javascript:void(0);
2017-09-16 16:01:38,956 - [webpage_parser.py:63] - INFO - procotol:http, hostname:www.78.cn, new_link:/jiaozi/
2017-09-16 16:01:38,990 - [webpage_parser.py:63] - INFO - procotol:http, hostname:www.ifeng.com, new_link:javascript:;
2017-09-16 16:01:39,014 - [webpage_parser.py:63] - INFO - procotol:http, hostname:v.qq.com, new_link:javascript:;
2017-09-16 16:01:39,016 - [webpage_parser.py:63] - INFO - procotol:http, hostname:e.cn.miaozhen.com, new_link:/beijing/sn_p50-/
2017-09-16 16:01:39,027 - [webpage_parser.py:63] - INFO - procotol:http, hostname:news.ifeng.com, new_link:javascript:void(0);
2017-09-16 16:01:39,027 - [webpage_parser.py:63] - INFO - procotol:http, hostname:www.ifeng.com, new_link:javascript:;
2017-09-16 16:01:39,070 - [webpage_parser.py:63] - INFO - procotol:http, hostname:v.qq.com, new_link:javascript:;
2017-09-16 16:01:39,071 - [webpage_parser.py:63] - INFO - procotol:http, hostname:www.78.cn, new_link:/hanbao/
2017-09-16 16:01:39,075 - [webpage_parser.py:63] - INFO - procotol:http, hostname:e.cn.miaozhen.com, new_link:/beijing/sn_l6/
2017-09-16 16:01:39,080 - [webpage_parser.py:63] - INFO - procotol:http, hostname:www.ifeng.com, new_link:javascript:;
2017-09-16 16:01:39,085 - [webpage_parser.py:63] - INFO - procotol:http, hostname:v.qq.com, new_link:javascript:;
2017-09-16 16:01:39,085 - [webpage_parser.py:63] - INFO - procotol:http, hostname:www.78.cn, new_link:/baozaifan/
2017-09-16 16:01:39,096 - [webpage_parser.py:63] - INFO - procotol:http, hostname:e.cn.miaozhen.com, new_link:/beijing/sn_l14/
2017-09-16 16:01:39,111 - [webpage_parser.py:63] - INFO - procotol:http, hostname:v.qq.com, new_link:javascript:;
2017-09-16 16:01:39,115 - [webpage_parser.py:63] - INFO - procotol:http, hostname:www.ifeng.com, new_link:                                                                           http://v.ifeng.com/program/special/sdzhjt/index.shtml#_www_dt2
2017-09-16 16:01:39,118 - [webpage_parser.py:63] - INFO - procotol:http, hostname:www.78.cn, new_link:/maocai/
2017-09-16 16:01:39,125 - [webpage_parser.py:63] - INFO - procotol:http, hostname:e.cn.miaozhen.com, new_link:/beijing/sn_l12/
2017-09-16 16:01:39,126 - [webpage_saver.py:45] - INFO - url http://www.sohu.com?pvid=49d7a584a99565f7 is not match
2017-09-16 16:01:39,129 - [webpage_parser.py:63] - INFO - procotol:http, hostname:v.qq.com, new_link:javascript:;
2017-09-16 16:01:39,134 - [webpage_parser.py:63] - INFO - procotol:http, hostname:www.ifeng.com, new_link:                                                                           http://v.ifeng.com/program/special/sdzhjt/index.shtml#_www_dt2
2017-09-16 16:01:39,136 - [webpage_parser.py:63] - INFO - procotol:http, hostname:www.78.cn, new_link:/haixian/
2017-09-16 16:01:39,138 - [webpage_parser.py:63] - INFO - procotol:http, hostname:e.cn.miaozhen.com, new_link:/beijing/sn_l7/
2017-09-16 16:01:39,138 - [sbcharsetprober.py:119] - DEBUG - ISO-8859-5 confidence = 0.0471177594378, below negative shortcut threshhold 0.05
2017-09-16 16:01:39,162 - [webpage_parser.py:63] - INFO - procotol:http, hostname:v.qq.com, new_link:javascript:void(0);
2017-09-16 16:01:39,163 - [webpage_parser.py:63] - INFO - procotol:http, hostname:www.78.cn, new_link:/boboyu/
2017-09-16 16:01:39,163 - [webpage_parser.py:63] - INFO - procotol:http, hostname:www.ifeng.com, new_link:                                                                           http://v.ifeng.com/program/special/sdzhjt/index.shtml#_www_dt2
2017-09-16 16:01:39,163 - [webpage_parser.py:63] - INFO - procotol:http, hostname:e.cn.miaozhen.com, new_link:/beijing/sn_l9/
2017-09-16 16:01:39,164 - [webpage_parser.py:63] - INFO - procotol:http, hostname:v.qq.com, new_link:javascript:void(0);
2017-09-16 16:01:39,181 - [webpage_parser.py:63] - INFO - procotol:http, hostname:www.78.cn, new_link:/luwei/
2017-09-16 16:01:39,187 - [webpage_parser.py:63] - INFO - procotol:http, hostname:www.ifeng.com, new_link:                                                                                                              http://news.ifeng.com/dacankao/huoquhediwei/1.shtml#_www_dt2
2017-09-16 16:01:39,197 - [webpage_parser.py:63] - INFO - procotol:http, hostname:e.cn.miaozhen.com, new_link:/beijing/sn_l4/
2017-09-16 16:01:39,197 - [webpage_parser.py:63] - INFO - procotol:http, hostname:www.78.cn, new_link:/xinxianchayin/
2017-09-16 16:01:39,206 - [webpage_parser.py:63] - INFO - procotol:http, hostname:v.qq.com, new_link:javascript:void(0);
2017-09-16 16:01:39,210 - [webpage_parser.py:63] - INFO - procotol:http, hostname:www.ifeng.com, new_link:                                                                                                              http://news.ifeng.com/dacankao/huoquhediwei/1.shtml#_www_dt2
2017-09-16 16:01:39,211 - [webpage_parser.py:63] - INFO - procotol:http, hostname:e.cn.miaozhen.com, new_link:javascript:void(0);
2017-09-16 16:01:39,212 - [webpage_parser.py:63] - INFO - procotol:http, hostname:www.78.cn, new_link:/wugu/
2017-09-16 16:01:39,216 - [webpage_parser.py:63] - INFO - procotol:http, hostname:v.qq.com, new_link:javascript:void(0);
2017-09-16 16:01:39,220 - [webpage_parser.py:63] - INFO - procotol:http, hostname:www.ifeng.com, new_link:                                                                                                             http://news.ifeng.com/dacankao/huoquhediwei/1.shtml#_www_dt2
2017-09-16 16:01:39,223 - [webpage_parser.py:63] - INFO - procotol:http, hostname:e.cn.miaozhen.com, new_link:/beijing/aodi/
2017-09-16 16:01:39,223 - [webpage_parser.py:63] - INFO - procotol:http, hostname:v.qq.com, new_link:javascript:;
2017-09-16 16:01:39,222 - [webpage_parser.py:63] - INFO - procotol:http, hostname:www.78.cn, new_link:/mianguan/
2017-09-16 16:01:39,228 - [webpage_parser.py:63] - INFO - procotol:http, hostname:www.ifeng.com, new_link:
http://sd.ifeng.com/a/20170916/5999418_0.shtml
2017-09-16 16:01:39,229 - [webpage_parser.py:63] - INFO - procotol:http, hostname:e.cn.miaozhen.com, new_link:/beijing/asidunmading/
2017-09-16 16:01:39,239 - [webpage_parser.py:63] - INFO - procotol:http, hostname:www.78.cn, new_link:/zhajixiaochi/
2017-09-16 16:01:39,239 - [webpage_parser.py:63] - INFO - procotol:http, hostname:v.qq.com, new_link:javascript: void 0;
2017-09-16 16:01:39,248 - [webpage_parser.py:63] - INFO - procotol:http, hostname:www.ifeng.com, new_link:
http://sn.ifeng.com/a/20170915/5997810_0.shtml
2017-09-16 16:01:39,249 - [webpage_parser.py:63] - INFO - procotol:http, hostname:e.cn.miaozhen.com, new_link:/beijing/anchi/
2017-09-16 16:01:39,251 - [webpage_parser.py:63] - INFO - procotol:http, hostname:www.78.cn, new_link:/pisajiameng/
2017-09-16 16:01:39,253 - [webpage_parser.py:63] - INFO - procotol:http, hostname:v.qq.com, new_link:javascript: void 0;
2017-09-16 16:01:39,261 - [webpage_parser.py:63] - INFO - procotol:http, hostname:www.ifeng.com, new_link:    
2017-09-16 16:01:39,278 - [webpage_parser.py:63] - INFO - procotol:http, hostname:www.78.cn, new_link:/canyiqita/
2017-09-16 16:01:39,280 - [webpage_parser.py:63] - INFO - procotol:http, hostname:e.cn.miaozhen.com, new_link:/beijing/alpina/
2017-09-16 16:01:39,281 - [webpage_parser.py:63] - INFO - procotol:http, hostname:v.qq.com, new_link:javascript: void 0;
2017-09-16 16:01:39,287 - [webpage_parser.py:63] - INFO - procotol:http, hostname:www.ifeng.com, new_link:       
2017-09-16 16:01:39,310 - [webpage_parser.py:63] - INFO - procotol:http, hostname:e.cn.miaozhen.com, new_link:/beijing/acschnitzer/
2017-09-16 16:01:39,310 - [webpage_parser.py:63] - INFO - procotol:http, hostname:www.78.cn, new_link:/mrhz/
2017-09-16 16:01:39,311 - [webpage_parser.py:63] - INFO - procotol:http, hostname:v.qq.com, new_link:javascript: void 0;
2017-09-16 16:01:39,313 - [webpage_parser.py:63] - INFO - procotol:http, hostname:www.ifeng.com, new_link:
http://hlj.ifeng.com/a/20170916/5999524_0.shtml
2017-09-16 16:01:39,314 - [webpage_parser.py:63] - INFO - procotol:http, hostname:e.cn.miaozhen.com, new_link:/beijing/aerfaluomiou/
2017-09-16 16:01:39,316 - [webpage_parser.py:63] - INFO - procotol:http, hostname:www.78.cn, new_link:/meirong/
2017-09-16 16:01:39,317 - [webpage_parser.py:63] - INFO - procotol:http, hostname:v.qq.com, new_link:javascript: void 0;
2017-09-16 16:01:39,318 - [webpage_saver.py:45] - INFO - url http://news.ifeng.com/a/20170915/52015009_0.shtml?_zbs_hao123_news is not match
2017-09-16 16:01:39,318 - [webpage_parser.py:63] - INFO - procotol:http, hostname:www.ifeng.com, new_link:
http://hlj.ifeng.com/a/20170916/5999541_0.shtml
2017-09-16 16:01:39,320 - [webpage_parser.py:63] - INFO - procotol:http, hostname:e.cn.miaozhen.com, new_link:/beijing/ankai/
2017-09-16 16:01:39,322 - [webpage_parser.py:63] - INFO - procotol:http, hostname:www.78.cn, new_link:/yangsheng/
2017-09-16 16:01:39,323 - [webpage_parser.py:63] - INFO - procotol:http, hostname:v.qq.com, new_link:javascript: void 0;
2017-09-16 16:01:39,326 - [webpage_parser.py:63] - INFO - procotol:http, hostname:www.78.cn, new_link:/yanjingdian/
2017-09-16 16:01:39,326 - [webpage_parser.py:63] - INFO - procotol:http, hostname:e.cn.miaozhen.com, new_link:/beijing/bieke/
2017-09-16 16:01:39,327 - [webpage_parser.py:63] - INFO - procotol:http, hostname:www.ifeng.com, new_link:
http://hlj.ifeng.com/a/20170916/5999612_0.shtml
2017-09-16 16:01:39,328 - [webpage_parser.py:63] - INFO - procotol:http, hostname:v.qq.com, new_link:javascript: void 0;
2017-09-16 16:01:39,330 - [webpage_parser.py:63] - INFO - procotol:http, hostname:www.78.cn, new_link:/huazhuangpin/
2017-09-16 16:01:39,332 - [webpage_parser.py:63] - INFO - procotol:http, hostname:e.cn.miaozhen.com, new_link:/beijing/bentian/
2017-09-16 16:01:39,335 - [webpage_parser.py:63] - INFO - procotol:http, hostname:www.ifeng.com, new_link:
http://hlj.ifeng.com/a/20170916/5999556_0.shtml
2017-09-16 16:01:39,337 - [webpage_parser.py:63] - INFO - procotol:http, hostname:v.qq.com, new_link:javascript: void 0;
2017-09-16 16:01:39,338 - [webpage_parser.py:63] - INFO - procotol:http, hostname:www.78.cn, new_link:/hufu/
2017-09-16 16:01:39,339 - [webpage_parser.py:63] - INFO - procotol:http, hostname:e.cn.miaozhen.com, new_link:/beijing/benchi/
2017-09-16 16:01:39,339 - [webpage_parser.py:63] - INFO - procotol:http, hostname:www.ifeng.com, new_link:
http://hlj.ifeng.com/a/20170916/5999645_0.shtml
2017-09-16 16:01:39,340 - [webpage_parser.py:63] - INFO - procotol:http, hostname:v.qq.com, new_link:javascript: void 0;
2017-09-16 16:01:39,358 - [webpage_parser.py:63] - INFO - procotol:http, hostname:www.78.cn, new_link:/laonianyongpin/
2017-09-16 16:01:39,359 - [webpage_parser.py:63] - INFO - procotol:http, hostname:e.cn.miaozhen.com, new_link:/beijing/baoma/
2017-09-16 16:01:39,360 - [webpage_parser.py:63] - INFO - procotol:http, hostname:www.ifeng.com, new_link:
http://hlj.ifeng.com/a/20170916/5999653_0.shtml
2017-09-16 16:01:39,364 - [webpage_parser.py:63] - INFO - procotol:http, hostname:v.qq.com, new_link:javascript: void 0;
2017-09-16 16:01:39,367 - [webpage_parser.py:63] - INFO - procotol:http, hostname:www.78.cn, new_link:/splp/
2017-09-16 16:01:39,368 - [webpage_parser.py:63] - INFO - procotol:http, hostname:www.ifeng.com, new_link:


http://hlj.ifeng.com/a/20170916/5999460_0.shtml
2017-09-16 16:01:39,369 - [webpage_parser.py:63] - INFO - procotol:http, hostname:v.qq.com, new_link:javascript: void 0;
2017-09-16 16:01:39,375 - [webpage_parser.py:63] - INFO - procotol:http, hostname:www.78.cn, new_link:/ertongleyuan/
2017-09-16 16:01:39,376 - [webpage_parser.py:63] - INFO - procotol:http, hostname:e.cn.miaozhen.com, new_link:/beijing/biaozhi/
2017-09-16 16:01:39,376 - [webpage_parser.py:63] - INFO - procotol:http, hostname:www.ifeng.com, new_link:
http://hlj.ifeng.com/a/20170915/5999183_0.shtml
2017-09-16 16:01:39,378 - [webpage_parser.py:63] - INFO - procotol:http, hostname:www.78.cn, new_link:/ertongwanju/
2017-09-16 16:01:39,378 - [webpage_parser.py:63] - INFO - procotol:http, hostname:v.qq.com, new_link:javascript: void 0;
2017-09-16 16:01:39,378 - [webpage_parser.py:63] - INFO - procotol:http, hostname:e.cn.miaozhen.com, new_link:/beijing/biyadi/
2017-09-16 16:01:39,382 - [webpage_parser.py:63] - INFO - procotol:http, hostname:www.ifeng.com, new_link:
http://hlj.ifeng.com/a/20170914/5995659_0.shtml
2017-09-16 16:01:39,384 - [webpage_parser.py:63] - INFO - procotol:http, hostname:www.78.cn, new_link:/jjjc/
2017-09-16 16:01:39,384 - [webpage_parser.py:63] - INFO - procotol:http, hostname:v.qq.com, new_link:javascript: void 0;
2017-09-16 16:01:39,386 - [webpage_parser.py:63] - INFO - procotol:http, hostname:e.cn.miaozhen.com, new_link:/beijing/baoshijie/
2017-09-16 16:01:39,390 - [webpage_parser.py:63] - INFO - procotol:http, hostname:www.ifeng.com, new_link:


http://hlj.ifeng.com/a/20170915/5997052_0.shtml
2017-09-16 16:01:39,394 - [webpage_parser.py:63] - INFO - procotol:http, hostname:www.78.cn, new_link:/chufangweiyu/
2017-09-16 16:01:39,394 - [webpage_parser.py:63] - INFO - procotol:http, hostname:v.qq.com, new_link:javascript: void 0;
2017-09-16 16:01:39,394 - [webpage_parser.py:63] - INFO - procotol:http, hostname:e.cn.miaozhen.com, new_link:/beijing/benteng/
2017-09-16 16:01:39,395 - [webpage_parser.py:63] - INFO - procotol:http, hostname:www.ifeng.com, new_link:
http://hlj.ifeng.com/a/20170916/5999576_0.shtml
2017-09-16 16:01:39,398 - [webpage_parser.py:63] - INFO - procotol:http, hostname:www.78.cn, new_link:/jiajujiancai/
2017-09-16 16:01:39,399 - [webpage_parser.py:63] - INFO - procotol:http, hostname:v.qq.com, new_link:javascript: void 0;
2017-09-16 16:01:39,402 - [webpage_parser.py:63] - INFO - procotol:http, hostname:e.cn.miaozhen.com, new_link:/beijing/baojun/
2017-09-16 16:01:39,405 - [webpage_parser.py:63] - INFO - procotol:http, hostname:www.78.cn, new_link:/jiajuyongpin/
2017-09-16 16:01:39,405 - [webpage_parser.py:63] - INFO - procotol:http, hostname:www.ifeng.com, new_link:
http://hlj.ifeng.com/a/20170916/5999627_0.shtml
2017-09-16 16:01:39,416 - [webpage_parser.py:63] - INFO - procotol:http, hostname:e.cn.miaozhen.com, new_link:/beijing/beijingqiche/
2017-09-16 16:01:39,417 - [webpage_parser.py:63] - INFO - procotol:http, hostname:v.qq.com, new_link:javascript: void 0;
2017-09-16 16:01:39,420 - [webpage_parser.py:63] - INFO - procotol:http, hostname:www.78.cn, new_link:/bolihua/
2017-09-16 16:01:39,426 - [webpage_parser.py:63] - INFO - procotol:http, hostname:www.ifeng.com, new_link:
http://hlj.ifeng.com/a/20170916/5999571_0.shtml
2017-09-16 16:01:39,426 - [webpage_parser.py:63] - INFO - procotol:http, hostname:e.cn.miaozhen.com, new_link:/beijing/beiqishenbao/
2017-09-16 16:01:39,427 - [webpage_parser.py:63] - INFO - procotol:http, hostname:v.qq.com, new_link:javascript:void(0);
2017-09-16 16:01:39,427 - [webpage_parser.py:63] - INFO - procotol:http, hostname:www.78.cn, new_link:/qiangyi/
2017-09-16 16:01:39,432 - [webpage_parser.py:63] - INFO - procotol:http, hostname:www.ifeng.com, new_link:
http://hlj.ifeng.com/a/20170916/5999675_0.shtml
2017-09-16 16:01:39,432 - [webpage_parser.py:63] - INFO - procotol:http, hostname:e.cn.miaozhen.com, new_link:/beijing/beiqihuansu/
2017-09-16 16:01:39,433 - [webpage_parser.py:63] - INFO - procotol:http, hostname:v.qq.com, new_link:javascript:void(0);
2017-09-16 16:01:39,435 - [webpage_parser.py:63] - INFO - procotol:http, hostname:www.78.cn, new_link:/jiashi/
2017-09-16 16:01:39,457 - [webpage_parser.py:63] - INFO - procotol:http, hostname:www.ifeng.com, new_link:

http://hlj.ifeng.com/a/20170916/5999638_0.shtml
2017-09-16 16:01:39,458 - [webpage_parser.py:63] - INFO - procotol:http, hostname:e.cn.miaozhen.com, new_link:/beijing/beiqizhizao/
2017-09-16 16:01:39,459 - [webpage_parser.py:63] - INFO - procotol:http, hostname:v.qq.com, new_link:javascript:;
2017-09-16 16:01:39,463 - [webpage_parser.py:63] - INFO - procotol:http, hostname:www.78.cn, new_link:/xiaojiadian/
2017-09-16 16:01:39,466 - [webpage_parser.py:63] - INFO - procotol:http, hostname:www.ifeng.com, new_link:
http://hlj.ifeng.com/a/20170916/5999632_0.shtml
2017-09-16 16:01:39,466 - [webpage_parser.py:63] - INFO - procotol:http, hostname:e.cn.miaozhen.com, new_link:/beijing/binli/
2017-09-16 16:01:39,470 - [webpage_parser.py:63] - INFO - procotol:http, hostname:v.qq.com, new_link:javascript:;
2017-09-16 16:01:39,471 - [webpage_parser.py:63] - INFO - procotol:http, hostname:www.78.cn, new_link:/quanwuzz/
2017-09-16 16:01:39,475 - [webpage_parser.py:63] - INFO - procotol:http, hostname:www.ifeng.com, new_link:
http://sc.ifeng.com/a/20170916/5999270_0.shtml

2017-09-16 16:01:39,476 - [webpage_parser.py:63] - INFO - procotol:http, hostname:e.cn.miaozhen.com, new_link:/beijing/beiqiweiwang/
2017-09-16 16:01:39,478 - [webpage_parser.py:63] - INFO - procotol:http, hostname:v.qq.com, new_link:javascript:;
2017-09-16 16:01:39,484 - [webpage_parser.py:63] - INFO - procotol:http, hostname:www.78.cn, new_link:/fangshui/
2017-09-16 16:01:39,485 - [webpage_parser.py:63] - INFO - procotol:http, hostname:www.ifeng.com, new_link: http://hebei.ifeng.com/a/20170831/5956640_0.shtml
2017-09-16 16:01:39,486 - [webpage_parser.py:63] - INFO - procotol:http, hostname:e.cn.miaozhen.com, new_link:/beijing/baowo/
2017-09-16 16:01:39,487 - [webpage_parser.py:63] - INFO - procotol:http, hostname:v.qq.com, new_link:javascript:;
2017-09-16 16:01:39,499 - [webpage_parser.py:63] - INFO - procotol:http, hostname:www.78.cn, new_link:/jiajuqita/
2017-09-16 16:01:39,501 - [webpage_parser.py:63] - INFO - procotol:http, hostname:www.ifeng.com, new_link:javascript:;
2017-09-16 16:01:39,544 - [webpage_parser.py:63] - INFO - procotol:http, hostname:e.cn.miaozhen.com, new_link:/beijing/babosi/
2017-09-16 16:01:39,548 - [webpage_parser.py:63] - INFO - procotol:http, hostname:www.78.cn, new_link:/hbfw/
2017-09-16 16:01:39,549 - [webpage_parser.py:63] - INFO - procotol:http, hostname:v.qq.com, new_link:javascript:;
2017-09-16 16:01:39,552 - [webpage_parser.py:63] - INFO - procotol:http, hostname:www.ifeng.com, new_link:javascript:;
2017-09-16 16:01:39,565 - [webpage_parser.py:63] - INFO - procotol:http, hostname:e.cn.miaozhen.com, new_link:/beijing/beiqixinnenyuan/
2017-09-16 16:01:39,569 - [webpage_parser.py:63] - INFO - procotol:http, hostname:v.qq.com, new_link:javascript:;
2017-09-16 16:01:39,571 - [webpage_parser.py:63] - INFO - procotol:http, hostname:www.78.cn, new_link:/kongqihuanbao/
2017-09-16 16:01:39,574 - [webpage_parser.py:63] - INFO - procotol:http, hostname:www.ifeng.com, new_link: http://ent.ifeng.com/a/20170916/42985387_0.shtml 
2017-09-16 16:01:39,575 - [webpage_parser.py:63] - INFO - procotol:http, hostname:e.cn.miaozhen.com, new_link:/beijing/bisuqiche/
2017-09-16 16:01:39,577 - [webpage_parser.py:63] - INFO - procotol:http, hostname:v.qq.com, new_link:javascript:;
2017-09-16 16:01:39,578 - [webpage_parser.py:63] - INFO - procotol:http, hostname:www.78.cn, new_link:/qicheyongpin/
2017-09-16 16:01:39,580 - [webpage_parser.py:63] - INFO - procotol:http, hostname:www.ifeng.com, new_link: http://ent.ifeng.com/a/20170916/42985387_0.shtml 
2017-09-16 16:01:39,581 - [webpage_parser.py:63] - INFO - procotol:http, hostname:e.cn.miaozhen.com, new_link:/beijing/baolong/
2017-09-16 16:01:39,587 - [webpage_parser.py:63] - INFO - procotol:http, hostname:v.qq.com, new_link:javascript:;
2017-09-16 16:01:39,588 - [webpage_parser.py:63] - INFO - procotol:http, hostname:www.78.cn, new_link:/qichemeirong/
2017-09-16 16:01:39,589 - [webpage_parser.py:63] - INFO - procotol:http, hostname:www.ifeng.com, new_link: http://fashion.ifeng.com
2017-09-16 16:01:39,591 - [webpage_parser.py:63] - INFO - procotol:http, hostname:e.cn.miaozhen.com, new_link:/beijing/bujiadi/
2017-09-16 16:01:39,619 - [sbcharsetprober.py:119] - DEBUG - ISO-8859-7 confidence = 0.00631881651132, below negative shortcut threshhold 0.05
2017-09-16 16:01:39,624 - [sbcharsetprober.py:119] - DEBUG - windows-1255 confidence = 0.00768282814382, below negative shortcut threshhold 0.05
2017-09-16 16:01:39,628 - [webpage_parser.py:63] - INFO - procotol:http, hostname:v.qq.com, new_link:javascript:void(0);
2017-09-16 16:01:39,628 - [webpage_parser.py:63] - INFO - procotol:http, hostname:www.ifeng.com, new_link: http://fashion.ifeng.com 
2017-09-16 16:01:39,629 - [webpage_parser.py:63] - INFO - procotol:http, hostname:www.78.cn, new_link:/huanbao/
2017-09-16 16:01:39,629 - [webpage_parser.py:63] - INFO - procotol:http, hostname:e.cn.miaozhen.com, new_link:/beijing/changan/
2017-09-16 16:01:39,689 - [webpage_parser.py:63] - INFO - procotol:http, hostname:v.qq.com, new_link:javascript:void(0);
2017-09-16 16:01:39,690 - [webpage_parser.py:63] - INFO - procotol:http, hostname:www.ifeng.com, new_link:javascript:;
2017-09-16 16:01:39,695 - [webpage_parser.py:63] - INFO - procotol:http, hostname:www.78.cn, new_link:/jinghua/
2017-09-16 16:01:39,695 - [webpage_parser.py:63] - INFO - procotol:http, hostname:e.cn.miaozhen.com, new_link:/beijing/changcheng/
2017-09-16 16:01:39,699 - [webpage_parser.py:63] - INFO - procotol:http, hostname:v.qq.com, new_link:javascript:void(0);
2017-09-16 16:01:39,700 - [webpage_parser.py:63] - INFO - procotol:http, hostname:www.ifeng.com, new_link:javascript:;
2017-09-16 16:01:39,706 - [sbcharsetprober.py:119] - DEBUG - windows-1253 confidence = 0.00677736214387, below negative shortcut threshhold 0.05
2017-09-16 16:01:39,720 - [webpage_parser.py:63] - INFO - procotol:http, hostname:www.78.cn, new_link:/jienengdianqi/
2017-09-16 16:01:39,727 - [sbcharsetprober.py:119] - DEBUG - windows-1255 confidence = 0.0109551438347, below negative shortcut threshhold 0.05
2017-09-16 16:01:39,727 - [webpage_parser.py:63] - INFO - procotol:http, hostname:e.cn.miaozhen.com, new_link:/beijing/changanoushang/
2017-09-16 16:01:39,728 - [webpage_parser.py:63] - INFO - procotol:http, hostname:v.qq.com, new_link:javascript:void(0);
2017-09-16 16:01:39,728 - [webpage_parser.py:63] - INFO - procotol:http, hostname:www.ifeng.com, new_link:
http://v.ifeng.com/video_8604430.shtml#_v_www4
2017-09-16 16:01:39,757 - [webpage_parser.py:63] - INFO - procotol:http, hostname:www.78.cn, new_link:/zuodianqingxi/
2017-09-16 16:01:39,783 - [webpage_parser.py:63] - INFO - procotol:http, hostname:e.cn.miaozhen.com, new_link:/beijing/changhe/
2017-09-16 16:01:39,815 - [webpage_parser.py:63] - INFO - procotol:http, hostname:v.qq.com, new_link:javascript:void(0);
2017-09-16 16:01:39,827 - [sbcharsetprober.py:119] - DEBUG - ISO-8859-5 confidence = 0.0498098401696, below negative shortcut threshhold 0.05
2017-09-16 16:01:39,828 - [webpage_parser.py:63] - INFO - procotol:http, hostname:www.ifeng.com, new_link:
http://v.ifeng.com/video_8592615.shtml
2017-09-16 16:01:39,829 - [webpage_parser.py:63] - INFO - procotol:http, hostname:www.78.cn, new_link:/jiadianqingxi/
2017-09-16 16:01:39,869 - [webpage_parser.py:63] - INFO - procotol:http, hostname:e.cn.miaozhen.com, new_link:/beijing/chenggong/
2017-09-16 16:01:39,973 - [webpage_parser.py:63] - INFO - procotol:http, hostname:v.qq.com, new_link:javascript:void(0);
2017-09-16 16:01:40,013 - [webpage_parser.py:63] - INFO - procotol:http, hostname:www.78.cn, new_link:/jienengqita/
2017-09-16 16:01:40,205 - [webpage_parser.py:63] - INFO - procotol:http, hostname:www.ifeng.com, new_link:javascript:void(0)
2017-09-16 16:01:40,212 - [webpage_parser.py:63] - INFO - procotol:http, hostname:e.cn.miaozhen.com, new_link:/beijing/dazhong/
2017-09-16 16:01:40,236 - [webpage_parser.py:63] - INFO - procotol:http, hostname:v.qq.com, new_link:javascript:void(0);
2017-09-16 16:01:40,237 - [webpage_parser.py:63] - INFO - procotol:http, hostname:www.78.cn, new_link:/wlfw/
2017-09-16 16:01:40,264 - [webpage_parser.py:63] - INFO - procotol:http, hostname:www.ifeng.com, new_link:javascript:void(0)
2017-09-16 16:01:40,271 - [webpage_parser.py:63] - INFO - procotol:http, hostname:e.cn.miaozhen.com, new_link:/beijing/dongfengfengxing/
2017-09-16 16:01:40,272 - [connectionpool.py:818] - DEBUG - Starting new HTTPS connection (1): jingcai.hao123.com
2017-09-16 16:01:40,273 - [sbcharsetprober.py:119] - DEBUG - windows-1251 confidence = 0.0142989903976, below negative shortcut threshhold 0.05
2017-09-16 16:01:40,274 - [webpage_parser.py:63] - INFO - procotol:http, hostname:www.78.cn, new_link:/jiaoyuj/
2017-09-16 16:01:40,278 - [webpage_parser.py:63] - INFO - procotol:http, hostname:v.qq.com, new_link:javascript:void(0);
2017-09-16 16:01:40,279 - [webpage_parser.py:63] - INFO - procotol:http, hostname:www.ifeng.com, new_link:
http://finance.ifeng.com/gold/
2017-09-16 16:01:40,288 - [charsetgroupprober.py:97] - DEBUG - utf-8 not active
2017-09-16 16:01:40,288 - [webpage_parser.py:63] - INFO - procotol:http, hostname:e.cn.miaozhen.com, new_link:/beijing/dongnan/
2017-09-16 16:01:40,324 - [webpage_parser.py:63] - INFO - procotol:http, hostname:www.78.cn, new_link:/jiaoyufenxiao/
2017-09-16 16:01:40,335 - [webpage_parser.py:63] - INFO - procotol:http, hostname:v.qq.com, new_link:javascript:void(0);
2017-09-16 16:01:40,362 - [charsetgroupprober.py:97] - DEBUG - SHIFT_JIS not active
2017-09-16 16:01:40,363 - [webpage_parser.py:63] - INFO - procotol:http, hostname:www.ifeng.com, new_link:


http://finance.ifeng.com/stock/special/lhhflsdyq/

2017-09-16 16:01:40,364 - [connectionpool.py:207] - DEBUG - Starting new HTTP connection (1): tejia.hao123.com
2017-09-16 16:01:40,364 - [webpage_parser.py:63] - INFO - procotol:http, hostname:e.cn.miaozhen.com, new_link:/beijing/dongfengfengshen/
2017-09-16 16:01:40,372 - [webpage_parser.py:63] - INFO - procotol:http, hostname:www.78.cn, new_link:/peixun/
2017-09-16 16:01:40,373 - [webpage_parser.py:63] - INFO - procotol:http, hostname:v.qq.com, new_link:javascript:void(0);
2017-09-16 16:01:40,393 - [charsetgroupprober.py:97] - DEBUG - EUC-JP not active
2017-09-16 16:01:40,393 - [webpage_parser.py:63] - INFO - procotol:http, hostname:www.ifeng.com, new_link:
http://finance.ifeng.com/a/20170912/15667822_0.shtml

2017-09-16 16:01:40,397 - [webpage_parser.py:63] - INFO - procotol:http, hostname:e.cn.miaozhen.com, new_link:/beijing/daoqi/
2017-09-16 16:01:40,404 - [webpage_parser.py:63] - INFO - procotol:http, hostname:www.78.cn, new_link:/qt/
2017-09-16 16:01:40,412 - [webpage_parser.py:63] - INFO - procotol:http, hostname:v.qq.com, new_link:javascript:void(0);
2017-09-16 16:01:40,413 - [charsetgroupprober.py:100] - DEBUG - GB2312 Chinese confidence = 0.99
2017-09-16 16:01:40,414 - [webpage_parser.py:63] - INFO - procotol:http, hostname:www.ifeng.com, new_link:
http://finance.ifeng.com/stock/special/ggzsycbz/
2017-09-16 16:01:40,418 - [webpage_parser.py:63] - INFO - procotol:http, hostname:e.cn.miaozhen.com, new_link:/beijing/dongfeng/
2017-09-16 16:01:40,421 - [webpage_parser.py:63] - INFO - procotol:http, hostname:www.78.cn, new_link:/ganxi/
2017-09-16 16:01:40,426 - [webpage_parser.py:63] - INFO - procotol:http, hostname:v.qq.com, new_link:javascript:void(0);
2017-09-16 16:01:40,428 - [charsetgroupprober.py:100] - DEBUG - EUC-KR Korean confidence = 0.01
2017-09-16 16:01:40,433 - [webpage_parser.py:63] - INFO - procotol:http, hostname:www.ifeng.com, new_link:
http://finance.ifeng.com/a/20170914/15672526_0.shtml

2017-09-16 16:01:40,434 - [webpage_parser.py:63] - INFO - procotol:http, hostname:e.cn.miaozhen.com, new_link:/beijing/ds/
2017-09-16 16:01:40,437 - [webpage_parser.py:63] - INFO - procotol:http, hostname:www.78.cn, new_link:/4Dyiingyuan/
2017-09-16 16:01:40,454 - [webpage_parser.py:63] - INFO - procotol:http, hostname:v.qq.com, new_link:javascript:void(0);
2017-09-16 16:01:40,454 - [charsetgroupprober.py:100] - DEBUG - CP949 Korean confidence = 0.01
2017-09-16 16:01:40,456 - [webpage_parser.py:63] - INFO - procotol:http, hostname:www.ifeng.com, new_link:
http://finance.ifeng.com/a/20170915/15675061_0.shtml
2017-09-16 16:01:40,459 - [webpage_parser.py:63] - INFO - procotol:http, hostname:www.78.cn, new_link:/shuma/
2017-09-16 16:01:40,463 - [webpage_parser.py:63] - INFO - procotol:http, hostname:e.cn.miaozhen.com, new_link:/beijing/dongfengfengguang/
2017-09-16 16:01:40,464 - [charsetgroupprober.py:100] - DEBUG - Big5 Chinese confidence = 0.01
2017-09-16 16:01:40,467 - [webpage_parser.py:63] - INFO - procotol:http, hostname:v.qq.com, new_link:javascript:void(0);
2017-09-16 16:01:40,469 - [webpage_parser.py:63] - INFO - procotol:http, hostname:www.ifeng.com, new_link:
http://finance.ifeng.com/stock/special/qtg/


2017-09-16 16:01:40,470 - [webpage_parser.py:63] - INFO - procotol:http, hostname:www.78.cn, new_link:/jiazheng/
2017-09-16 16:01:40,474 - [webpage_parser.py:63] - INFO - procotol:http, hostname:e.cn.miaozhen.com, new_link:/beijing/dongfengxiaokang/
2017-09-16 16:01:40,476 - [webpage_parser.py:63] - INFO - procotol:http, hostname:v.qq.com, new_link:javascript:void(0);
2017-09-16 16:01:40,476 - [charsetgroupprober.py:100] - DEBUG - EUC-TW Taiwan confidence = 0.01
2017-09-16 16:01:40,488 - [webpage_parser.py:63] - INFO - procotol:http, hostname:www.ifeng.com, new_link:javascript:void(0)
2017-09-16 16:01:40,488 - [webpage_parser.py:63] - INFO - procotol:http, hostname:www.78.cn, new_link:/chaoshi/
2017-09-16 16:01:40,496 - [webpage_parser.py:63] - INFO - procotol:http, hostname:e.cn.miaozhen.com, new_link:/beijing/dongfengfengdu/
2017-09-16 16:01:40,504 - [connectionpool.py:395] - DEBUG - https://jingcai.hao123.com:443 "GET /?sub_tag=127 HTTP/1.1" 200 None
2017-09-16 16:01:40,504 - [charsetgroupprober.py:97] - DEBUG - windows-1251 not active
2017-09-16 16:01:40,497 - [webpage_parser.py:63] - INFO - procotol:http, hostname:v.qq.com, new_link:javascript:void(0);
2017-09-16 16:01:40,512 - [webpage_parser.py:63] - INFO - procotol:http, hostname:www.ifeng.com, new_link:javascript:void(0)
2017-09-16 16:01:40,513 - [webpage_parser.py:63] - INFO - procotol:http, hostname:www.78.cn, new_link:/zhuanli/
2017-09-16 16:01:40,513 - [webpage_parser.py:63] - INFO - procotol:http, hostname:e.cn.miaozhen.com, new_link:/beijing/dayu/
2017-09-16 16:01:40,533 - [charsetgroupprober.py:100] - DEBUG - KOI8-R Russian confidence = 0.142531941817
2017-09-16 16:01:40,557 - [webpage_parser.py:63] - INFO - procotol:http, hostname:v.qq.com, new_link:javascript:void(0);
2017-09-16 16:01:40,570 - [webpage_parser.py:63] - INFO - procotol:http, hostname:www.ifeng.com, new_link: http://ent.ifeng.com/a/20170916/42985381_0.shtml 
2017-09-16 16:01:40,570 - [webpage_parser.py:63] - INFO - procotol:http, hostname:www.78.cn, new_link:/chuangye/
2017-09-16 16:01:40,571 - [charsetgroupprober.py:100] - DEBUG - ISO-8859-5 Russian confidence = 0.0552054699526
2017-09-16 16:01:40,571 - [webpage_parser.py:63] - INFO - procotol:http, hostname:e.cn.miaozhen.com, new_link:/beijing/dadi/
2017-09-16 16:01:40,579 - [webpage_parser.py:63] - INFO - procotol:http, hostname:v.qq.com, new_link:javascript:void(0);
2017-09-16 16:01:40,583 - [webpage_parser.py:63] - INFO - procotol:http, hostname:www.ifeng.com, new_link: http://ent.ifeng.com/a/20170916/42985381_0.shtml 
2017-09-16 16:01:40,584 - [webpage_parser.py:63] - INFO - procotol:http, hostname:www.78.cn, new_link:/jixie/
2017-09-16 16:01:40,584 - [charsetgroupprober.py:100] - DEBUG - MacCyrillic Russian confidence = 0.0239931485354
2017-09-16 16:01:40,585 - [webpage_parser.py:63] - INFO - procotol:http, hostname:e.cn.miaozhen.com, new_link:/beijing/fengtian/
2017-09-16 16:01:40,586 - [webpage_parser.py:63] - INFO - procotol:http, hostname:v.qq.com, new_link:javascript:;
2017-09-16 16:01:40,592 - [webpage_parser.py:63] - INFO - procotol:http, hostname:www.ifeng.com, new_link:	
http://share.iclient.ifeng.com/vampire/shareNews?&fromType=vampire&aid=28839847
2017-09-16 16:01:40,593 - [charsetgroupprober.py:100] - DEBUG - IBM866 Russian confidence = 0.0196919757511
2017-09-16 16:01:40,598 - [webpage_parser.py:63] - INFO - procotol:http, hostname:e.cn.miaozhen.com, new_link:/beijing/fute/
2017-09-16 16:01:40,599 - [webpage_parser.py:63] - INFO - procotol:http, hostname:v.qq.com, new_link:javascript: void 0;
2017-09-16 16:01:40,601 - [webpage_parser.py:63] - INFO - procotol:http, hostname:www.ifeng.com, new_link:
http://finance.ifeng.com/a/20170915/15675009_0.shtml


2017-09-16 16:01:40,605 - [webpage_parser.py:63] - INFO - procotol:http, hostname:www.78.cn, new_link:/daili/
2017-09-16 16:01:40,633 - [charsetgroupprober.py:100] - DEBUG - IBM855 Russian confidence = 0.0714749133059
2017-09-16 16:01:40,632 - [connectionpool.py:395] - DEBUG - http://tejia.hao123.com:80 "GET /?tn=mxlm HTTP/1.1" 200 None
2017-09-16 16:01:40,692 - [webpage_parser.py:63] - INFO - procotol:http, hostname:e.cn.miaozhen.com, new_link:/beijing/feiyate/
2017-09-16 16:01:40,723 - [webpage_parser.py:63] - INFO - procotol:http, hostname:v.qq.com, new_link:javascript: void 0;
2017-09-16 16:01:40,738 - [webpage_parser.py:63] - INFO - procotol:https, hostname:jingcai.hao123.com, new_link:javascript:void(0)
2017-09-16 16:01:40,739 - [webpage_parser.py:63] - INFO - procotol:http, hostname:www.ifeng.com, new_link:
http://finance.ifeng.com/stock/special/fsz/
2017-09-16 16:01:40,739 - [webpage_parser.py:63] - INFO - procotol:http, hostname:www.78.cn, new_link:/xinqite/
2017-09-16 16:01:40,740 - [charsetgroupprober.py:97] - DEBUG - ISO-8859-7 not active
2017-09-16 16:01:40,788 - [webpage_parser.py:63] - INFO - procotol:http, hostname:e.cn.miaozhen.com, new_link:/beijing/futian/
2017-09-16 16:01:40,789 - [webpage_parser.py:63] - INFO - procotol:http, hostname:v.qq.com, new_link:javascript: void 0;
2017-09-16 16:01:40,789 - [webpage_parser.py:63] - INFO - procotol:https, hostname:jingcai.hao123.com, new_link:javascript:void(0)
2017-09-16 16:01:40,790 - [webpage_parser.py:63] - INFO - procotol:http, hostname:www.ifeng.com, new_link:
http://finance.ifeng.com/stock/special/ggzsycbz/
2017-09-16 16:01:40,805 - [webpage_parser.py:63] - INFO - procotol:http, hostname:www.78.cn, new_link:/vrtiyan/
2017-09-16 16:01:40,814 - [sbcharsetprober.py:119] - DEBUG - windows-1255 confidence = 0.00659566727794, below negative shortcut threshhold 0.05
2017-09-16 16:01:40,814 - [charsetgroupprober.py:97] - DEBUG - windows-1253 not active
2017-09-16 16:01:40,815 - [webpage_parser.py:63] - INFO - procotol:http, hostname:e.cn.miaozhen.com, new_link:/beijing/falali/
2017-09-16 16:01:40,816 - [webpage_parser.py:63] - INFO - procotol:http, hostname:v.qq.com, new_link:javascript: void 0;
2017-09-16 16:01:40,816 - [webpage_parser.py:63] - INFO - procotol:https, hostname:jingcai.hao123.com, new_link:javascript:void(0)
2017-09-16 16:01:40,817 - [webpage_parser.py:63] - INFO - procotol:http, hostname:www.ifeng.com, new_link:
http://finance.ifeng.com/stock/special/qtg/



2017-09-16 16:01:40,817 - [webpage_parser.py:63] - INFO - procotol:http, hostname:www.78.cn, new_link:/shenghuoqita/
2017-09-16 16:01:40,835 - [charsetgroupprober.py:100] - DEBUG - ISO-8859-5 Bulgairan confidence = 0.0604574670271
2017-09-16 16:01:40,843 - [webpage_parser.py:63] - INFO - procotol:http, hostname:e.cn.miaozhen.com, new_link:/beijing/fudi/
2017-09-16 16:01:40,844 - [webpage_parser.py:63] - INFO - procotol:http, hostname:v.qq.com, new_link:javascript: void 0;
2017-09-16 16:01:40,848 - [webpage_parser.py:63] - INFO - procotol:https, hostname:jingcai.hao123.com, new_link:javascript:void(0)
2017-09-16 16:01:40,854 - [webpage_parser.py:63] - INFO - procotol:http, hostname:www.ifeng.com, new_link:
http://culture.ifeng.com/


2017-09-16 16:01:40,864 - [webpage_parser.py:63] - INFO - procotol:http, hostname:www.78.cn, new_link:/web/ningmenggongfang2/
2017-09-16 16:01:40,868 - [charsetgroupprober.py:97] - DEBUG - windows-1251 not active
2017-09-16 16:01:41,017 - [sbcharsetprober.py:119] - DEBUG - windows-1255 confidence = 0.0112859195645, below negative shortcut threshhold 0.05
2017-09-16 16:01:41,018 - [webpage_parser.py:63] - INFO - procotol:http, hostname:v.qq.com, new_link:javascript: void 0;
2017-09-16 16:01:41,036 - [webpage_parser.py:63] - INFO - procotol:http, hostname:tejia.hao123.com, new_link:javascript:void(0)
2017-09-16 16:01:41,036 - [webpage_parser.py:63] - INFO - procotol:http, hostname:e.cn.miaozhen.com, new_link:/beijing/futianchengyongche/
2017-09-16 16:01:41,037 - [webpage_parser.py:63] - INFO - procotol:https, hostname:jingcai.hao123.com, new_link:javascript:void(0)
2017-09-16 16:01:41,038 - [webpage_parser.py:63] - INFO - procotol:http, hostname:www.ifeng.com, new_link:
http://culture.ifeng.com/a/20170908/51914407_0.shtml

2017-09-16 16:01:41,038 - [webpage_parser.py:63] - INFO - procotol:http, hostname:www.78.cn, new_link:/web/yibuqiangyi/
2017-09-16 16:01:41,039 - [charsetgroupprober.py:100] - DEBUG - TIS-620 Thai confidence = 0.0993817495439
2017-09-16 16:01:41,065 - [webpage_parser.py:63] - INFO - procotol:http, hostname:v.qq.com, new_link:javascript: void 0;
2017-09-16 16:01:41,085 - [webpage_parser.py:63] - INFO - procotol:http, hostname:tejia.hao123.com, new_link:javascript:;
2017-09-16 16:01:41,090 - [webpage_parser.py:63] - INFO - procotol:http, hostname:e.cn.miaozhen.com, new_link:/beijing/fuqiqiteng/
2017-09-16 16:01:41,162 - [webpage_parser.py:63] - INFO - procotol:https, hostname:jingcai.hao123.com, new_link:javascript:void(0)
2017-09-16 16:01:41,249 - [webpage_parser.py:63] - INFO - procotol:http, hostname:www.ifeng.com, new_link:
http://culture.ifeng.com/a/20170914/51995920_0.shtml

2017-09-16 16:01:41,278 - [webpage_parser.py:63] - INFO - procotol:http, hostname:www.78.cn, new_link:/web/aimuken/
2017-09-16 16:01:41,335 - [charsetgroupprober.py:100] - DEBUG - ISO-8859-9 Turkish confidence = 0.438039973325
2017-09-16 16:01:41,347 - [webpage_parser.py:63] - INFO - procotol:http, hostname:tejia.hao123.com, new_link:javascript:;
2017-09-16 16:01:41,350 - [webpage_parser.py:63] - INFO - procotol:http, hostname:v.qq.com, new_link:javascript: void 0;
2017-09-16 16:01:41,354 - [charsetgroupprober.py:97] - DEBUG - utf-8 not active
2017-09-16 16:01:41,355 - [webpage_parser.py:63] - INFO - procotol:http, hostname:e.cn.miaozhen.com, new_link:/beijing/faradayfuture/
2017-09-16 16:01:41,355 - [webpage_parser.py:63] - INFO - procotol:https, hostname:jingcai.hao123.com, new_link:javascript:void(0)
2017-09-16 16:01:41,356 - [webpage_parser.py:63] - INFO - procotol:http, hostname:www.ifeng.com, new_link:
http://culture.ifeng.com/a/20170915/52007361_0.shtml

2017-09-16 16:01:41,356 - [webpage_parser.py:63] - INFO - procotol:http, hostname:www.78.cn, new_link:/web/maozanboboyu/
2017-09-16 16:01:41,356 - [webpage_parser.py:63] - INFO - procotol:http, hostname:tejia.hao123.com, new_link:javascript:;
2017-09-16 16:01:41,357 - [webpage_parser.py:63] - INFO - procotol:http, hostname:v.qq.com, new_link:javascript: void 0;
2017-09-16 16:01:41,357 - [charsetgroupprober.py:100] - DEBUG - windows-1255 Hebrew confidence = 0.0
2017-09-16 16:01:41,357 - [charsetgroupprober.py:97] - DEBUG - CP932 not active
2017-09-16 16:01:41,358 - [webpage_parser.py:63] - INFO - procotol:http, hostname:e.cn.miaozhen.com, new_link:/beijing/guangqichuanqi/
2017-09-16 16:01:41,358 - [webpage_parser.py:63] - INFO - procotol:https, hostname:jingcai.hao123.com, new_link:javascript:void(0)
2017-09-16 16:01:41,358 - [webpage_parser.py:63] - INFO - procotol:http, hostname:www.ifeng.com, new_link:
http://culture.ifeng.com/a/20170915/52008253_0.shtml

2017-09-16 16:01:41,359 - [webpage_parser.py:63] - INFO - procotol:http, hostname:www.78.cn, new_link:/web/bapindao/
2017-09-16 16:01:41,360 - [webpage_parser.py:63] - INFO - procotol:http, hostname:tejia.hao123.com, new_link:javascript:;
2017-09-16 16:01:41,360 - [webpage_parser.py:63] - INFO - procotol:http, hostname:v.qq.com, new_link:javascript: void 0;
2017-09-16 16:01:41,360 - [charsetgroupprober.py:97] - DEBUG - windows-1255 not active
2017-09-16 16:01:41,361 - [charsetgroupprober.py:97] - DEBUG - EUC-JP not active
2017-09-16 16:01:41,361 - [webpage_parser.py:63] - INFO - procotol:http, hostname:e.cn.miaozhen.com, new_link:/beijing/guangqijiao/
2017-09-16 16:01:41,361 - [webpage_parser.py:63] - INFO - procotol:https, hostname:jingcai.hao123.com, new_link:/info
2017-09-16 16:01:41,362 - [webpage_parser.py:63] - INFO - procotol:http, hostname:www.ifeng.com, new_link:
http://culture.ifeng.com/a/20170915/52007471_0.shtml

2017-09-16 16:01:41,362 - [webpage_parser.py:63] - INFO - procotol:http, hostname:www.78.cn, new_link:/web/shiqsdsgbf/
2017-09-16 16:01:41,363 - [webpage_parser.py:63] - INFO - procotol:http, hostname:tejia.hao123.com, new_link:javascript:;
2017-09-16 16:01:41,363 - [webpage_parser.py:63] - INFO - procotol:http, hostname:v.qq.com, new_link:javascript: void 0;
2017-09-16 16:01:41,363 - [charsetgroupprober.py:97] - DEBUG - windows-1255 not active
2017-09-16 16:01:41,363 - [charsetgroupprober.py:100] - DEBUG - GB2312 Chinese confidence = 0.99
2017-09-16 16:01:41,364 - [webpage_parser.py:63] - INFO - procotol:http, hostname:e.cn.miaozhen.com, new_link:/beijing/gmc/
2017-09-16 16:01:41,364 - [webpage_parser.py:63] - INFO - procotol:https, hostname:jingcai.hao123.com, new_link:javascript:void(0)
2017-09-16 16:01:41,365 - [webpage_parser.py:63] - INFO - procotol:http, hostname:www.ifeng.com, new_link:
http://culture.ifeng.com/a/20170910/51941795_0.shtml

2017-09-16 16:01:41,365 - [webpage_parser.py:63] - INFO - procotol:http, hostname:www.78.cn, new_link:/web/yanmoshiguang/
2017-09-16 16:01:41,366 - [webpage_parser.py:63] - INFO - procotol:http, hostname:tejia.hao123.com, new_link:javascript:;
2017-09-16 16:01:41,367 - [webpage_parser.py:63] - INFO - procotol:http, hostname:v.qq.com, new_link:javascript: void 0;
2017-09-16 16:01:41,367 - [charsetgroupprober.py:97] - DEBUG - utf-8 not active
2017-09-16 16:01:41,367 - [charsetgroupprober.py:100] - DEBUG - EUC-KR Korean confidence = 0.01
2017-09-16 16:01:41,368 - [webpage_parser.py:63] - INFO - procotol:http, hostname:e.cn.miaozhen.com, new_link:/beijing/guanzhi/
2017-09-16 16:01:41,369 - [webpage_saver.py:45] - INFO - url https://jingcai.hao123.com/?sub_tag=127 is not match
2017-09-16 16:01:41,369 - [webpage_parser.py:63] - INFO - procotol:http, hostname:www.ifeng.com, new_link:javascript:void(0)
2017-09-16 16:01:41,370 - [webpage_parser.py:63] - INFO - procotol:http, hostname:www.78.cn, new_link:/web/jrhbysbcai/
2017-09-16 16:01:41,370 - [webpage_parser.py:63] - INFO - procotol:http, hostname:tejia.hao123.com, new_link:javascript:;
2017-09-16 16:01:41,371 - [webpage_parser.py:63] - INFO - procotol:http, hostname:v.qq.com, new_link:javascript: void 0;
2017-09-16 16:01:41,371 - [charsetgroupprober.py:97] - DEBUG - SHIFT_JIS not active
2017-09-16 16:01:41,371 - [charsetgroupprober.py:100] - DEBUG - CP949 Korean confidence = 0.01
2017-09-16 16:01:41,371 - [webpage_parser.py:63] - INFO - procotol:http, hostname:e.cn.miaozhen.com, new_link:/beijing/guanggang/
2017-09-16 16:01:41,372 - [webpage_parser.py:63] - INFO - procotol:http, hostname:www.ifeng.com, new_link:javascript:void(0)
2017-09-16 16:01:41,372 - [webpage_parser.py:63] - INFO - procotol:http, hostname:www.78.cn, new_link:/fzxm/
2017-09-16 16:01:41,374 - [webpage_parser.py:63] - INFO - procotol:http, hostname:tejia.hao123.com, new_link:javascript:;
2017-09-16 16:01:41,375 - [webpage_parser.py:63] - INFO - procotol:http, hostname:v.qq.com, new_link:javascript: void 0;
2017-09-16 16:01:41,375 - [charsetgroupprober.py:97] - DEBUG - EUC-JP not active
2017-09-16 16:01:41,375 - [charsetgroupprober.py:100] - DEBUG - Big5 Chinese confidence = 0.01
2017-09-16 16:01:41,376 - [webpage_parser.py:63] - INFO - procotol:http, hostname:e.cn.miaozhen.com, new_link:/beijing/hafu/
2017-09-16 16:01:41,380 - [webpage_parser.py:63] - INFO - procotol:http, hostname:www.ifeng.com, new_link:
http://fashion.ifeng.com/a/20170916/40280114_0.shtml

2017-09-16 16:01:41,380 - [webpage_parser.py:63] - INFO - procotol:http, hostname:www.78.cn, new_link:/nvzhuang/
2017-09-16 16:01:41,381 - [webpage_parser.py:63] - INFO - procotol:http, hostname:tejia.hao123.com, new_link:javascript:;
2017-09-16 16:01:41,381 - [webpage_parser.py:63] - INFO - procotol:http, hostname:v.qq.com, new_link:javascript: void 0;
2017-09-16 16:01:41,381 - [charsetgroupprober.py:100] - DEBUG - GB2312 Chinese confidence = 0.99
2017-09-16 16:01:41,382 - [charsetgroupprober.py:100] - DEBUG - EUC-TW Taiwan confidence = 0.01
2017-09-16 16:01:41,382 - [webpage_parser.py:63] - INFO - procotol:http, hostname:e.cn.miaozhen.com, new_link:/beijing/haima/
2017-09-16 16:01:41,383 - [webpage_parser.py:63] - INFO - procotol:http, hostname:www.ifeng.com, new_link:
http://travel.ifeng.com/a/20170915/44684774_0.shtml

2017-09-16 16:01:41,384 - [webpage_parser.py:63] - INFO - procotol:http, hostname:www.78.cn, new_link:/pinpai/
2017-09-16 16:01:41,384 - [webpage_parser.py:63] - INFO - procotol:http, hostname:tejia.hao123.com, new_link:javascript:;
2017-09-16 16:01:41,384 - [webpage_parser.py:63] - INFO - procotol:http, hostname:v.qq.com, new_link:javascript: void 0;
2017-09-16 16:01:41,385 - [charsetgroupprober.py:100] - DEBUG - EUC-KR Korean confidence = 0.01
2017-09-16 16:01:41,385 - [charsetgroupprober.py:97] - DEBUG - windows-1251 not active
2017-09-16 16:01:41,385 - [webpage_parser.py:63] - INFO - procotol:http, hostname:e.cn.miaozhen.com, new_link:/beijing/huatai/
2017-09-16 16:01:41,386 - [webpage_parser.py:63] - INFO - procotol:http, hostname:www.ifeng.com, new_link:
http://travel.ifeng.com/a/20170916/44686507_0.shtml

2017-09-16 16:01:41,386 - [webpage_parser.py:63] - INFO - procotol:http, hostname:www.78.cn, new_link:/zhekou/
2017-09-16 16:01:41,387 - [webpage_parser.py:63] - INFO - procotol:http, hostname:tejia.hao123.com, new_link:javascript:;
2017-09-16 16:01:41,387 - [webpage_parser.py:63] - INFO - procotol:http, hostname:v.qq.com, new_link:javascript:;
2017-09-16 16:01:41,387 - [charsetgroupprober.py:100] - DEBUG - CP949 Korean confidence = 0.01
2017-09-16 16:01:41,387 - [charsetgroupprober.py:100] - DEBUG - KOI8-R Russian confidence = 0.163437119781
2017-09-16 16:01:41,388 - [webpage_parser.py:63] - INFO - procotol:http, hostname:e.cn.miaozhen.com, new_link:/beijing/huanghai/
2017-09-16 16:01:41,388 - [webpage_parser.py:63] - INFO - procotol:http, hostname:www.ifeng.com, new_link:
http://travel.ifeng.com/a/20170916/44686512_0.shtml

2017-09-16 16:01:41,388 - [webpage_parser.py:63] - INFO - procotol:http, hostname:www.78.cn, new_link:/tongxie/
2017-09-16 16:01:41,389 - [webpage_parser.py:63] - INFO - procotol:http, hostname:tejia.hao123.com, new_link:javascript:;
2017-09-16 16:01:41,389 - [webpage_parser.py:63] - INFO - procotol:http, hostname:v.qq.com, new_link:javascript:;
2017-09-16 16:01:41,390 - [charsetgroupprober.py:100] - DEBUG - Big5 Chinese confidence = 0.01
2017-09-16 16:01:41,390 - [charsetgroupprober.py:97] - DEBUG - ISO-8859-5 not active
2017-09-16 16:01:41,390 - [webpage_parser.py:63] - INFO - procotol:http, hostname:e.cn.miaozhen.com, new_link:/beijing/hanma/
2017-09-16 16:01:41,391 - [webpage_parser.py:63] - INFO - procotol:http, hostname:www.ifeng.com, new_link:
http://travel.ifeng.com/a/20170915/44684514_0.shtml

2017-09-16 16:01:41,391 - [webpage_parser.py:63] - INFO - procotol:http, hostname:www.78.cn, new_link:/nanzhuang/
2017-09-16 16:01:41,391 - [webpage_parser.py:63] - INFO - procotol:http, hostname:tejia.hao123.com, new_link:javascript:;
2017-09-16 16:01:41,396 - [charsetgroupprober.py:100] - DEBUG - EUC-TW Taiwan confidence = 0.01
2017-09-16 16:01:41,397 - [charsetgroupprober.py:100] - DEBUG - MacCyrillic Russian confidence = 0.0676601269826
2017-09-16 16:01:41,398 - [webpage_parser.py:63] - INFO - procotol:http, hostname:e.cn.miaozhen.com, new_link:/beijing/hongqi/
2017-09-16 16:01:41,401 - [webpage_parser.py:63] - INFO - procotol:http, hostname:www.ifeng.com, new_link:
http://travel.ifeng.com/a/20170915/44684512_0.shtml

2017-09-16 16:01:41,401 - [webpage_parser.py:63] - INFO - procotol:http, hostname:www.78.cn, new_link:/tongzhuangtongxie/
2017-09-16 16:01:41,402 - [webpage_parser.py:63] - INFO - procotol:http, hostname:tejia.hao123.com, new_link:javascript:;
2017-09-16 16:01:41,404 - [dammit.py:381] - WARNING - Some characters could not be decoded, and were replaced with REPLACEMENT CHARACTER.
2017-09-16 16:01:41,405 - [charsetgroupprober.py:100] - DEBUG - IBM866 Russian confidence = 0.033743917071
2017-09-16 16:01:41,406 - [webpage_parser.py:63] - INFO - procotol:http, hostname:www.78.cn, new_link:/waizi/
2017-09-16 16:01:41,406 - [webpage_parser.py:63] - INFO - procotol:http, hostname:e.cn.miaozhen.com, new_link:/beijing/hafei/
2017-09-16 16:01:41,407 - [webpage_parser.py:63] - INFO - procotol:http, hostname:www.ifeng.com, new_link:
http://travel.ifeng.com/a/20170915/44684513_0.shtml

2017-09-16 16:01:41,410 - [webpage_parser.py:63] - INFO - procotol:http, hostname:tejia.hao123.com, new_link:javascript:;
2017-09-16 16:01:41,410 - [charsetgroupprober.py:100] - DEBUG - IBM855 Russian confidence = 0.0685623700326
2017-09-16 16:01:41,411 - [webpage_parser.py:63] - INFO - procotol:http, hostname:www.78.cn, new_link:/peishi/
2017-09-16 16:01:41,450 - [webpage_parser.py:63] - INFO - procotol:http, hostname:e.cn.miaozhen.com, new_link:/beijing/huizhong/
2017-09-16 16:01:41,451 - [webpage_parser.py:63] - INFO - procotol:http, hostname:www.ifeng.com, new_link:
http://travel.ifeng.com/a/20170915/44685005_0.shtml

2017-09-16 16:01:41,456 - [webpage_parser.py:63] - INFO - procotol:http, hostname:tejia.hao123.com, new_link:javascript:;
2017-09-16 16:01:41,504 - [charsetgroupprober.py:97] - DEBUG - ISO-8859-7 not active
2017-09-16 16:01:41,509 - [webpage_parser.py:63] - INFO - procotol:http, hostname:www.78.cn, new_link:/cyyl/
2017-09-16 16:01:41,542 - [webpage_parser.py:63] - INFO - procotol:http, hostname:e.cn.miaozhen.com, new_link:/beijing/hanteng/
2017-09-16 16:01:41,561 - [webpage_parser.py:63] - INFO - procotol:http, hostname:www.ifeng.com, new_link:
http://fashion.ifeng.com/a/20170916/40280096_0.shtml

2017-09-16 16:01:41,565 - [webpage_parser.py:63] - INFO - procotol:http, hostname:tejia.hao123.com, new_link:javascript:;
2017-09-16 16:01:41,698 - [webpage_parser.py:63] - INFO - procotol:http, hostname:www.78.cn, new_link:/xinxianchayin/
2017-09-16 16:01:41,795 - [charsetgroupprober.py:97] - DEBUG - windows-1253 not active
2017-09-16 16:01:41,890 - [webpage_parser.py:63] - INFO - procotol:http, hostname:e.cn.miaozhen.com, new_link:/beijing/huapu/
2017-09-16 16:01:41,957 - [webpage_parser.py:63] - INFO - procotol:http, hostname:www.qq.com, new_link:javascript:void(0)
2017-09-16 16:01:41,958 - [webpage_parser.py:63] - INFO - procotol:http, hostname:www.ifeng.com, new_link:
http://tech.ifeng.com/

2017-09-16 16:01:41,958 - [webpage_parser.py:63] - INFO - procotol:http, hostname:tejia.hao123.com, new_link:javascript:;
2017-09-16 16:01:41,959 - [webpage_parser.py:63] - INFO - procotol:http, hostname:www.78.cn, new_link:/niupaibei/
2017-09-16 16:01:41,959 - [charsetgroupprober.py:97] - DEBUG - ISO-8859-5 not active
2017-09-16 16:01:41,960 - [webpage_parser.py:63] - INFO - procotol:http, hostname:e.cn.miaozhen.com, new_link:/beijing/huasong/
2017-09-16 16:01:41,961 - [webpage_parser.py:63] - INFO - procotol:http, hostname:www.qq.com, new_link:javascript:void(0);
2017-09-16 16:01:41,961 - [webpage_parser.py:63] - INFO - procotol:http, hostname:www.ifeng.com, new_link:
http://tech.ifeng.com/a/20170915/44684654_0.shtml



2017-09-16 16:01:41,962 - [webpage_parser.py:63] - INFO - procotol:http, hostname:www.78.cn, new_link:/zhongshikuaican/
2017-09-16 16:01:41,963 - [webpage_parser.py:63] - INFO - procotol:http, hostname:tejia.hao123.com, new_link:javascript:;
2017-09-16 16:01:41,963 - [charsetgroupprober.py:97] - DEBUG - windows-1251 not active
2017-09-16 16:01:41,968 - [webpage_parser.py:63] - INFO - procotol:http, hostname:www.qq.com, new_link:javascript:void(0);
2017-09-16 16:01:41,969 - [webpage_parser.py:63] - INFO - procotol:http, hostname:e.cn.miaozhen.com, new_link:/beijing/huataixinnenyuan/
2017-09-16 16:01:41,969 - [webpage_parser.py:63] - INFO - procotol:http, hostname:www.78.cn, new_link:/xishikuaican/
2017-09-16 16:01:41,978 - [webpage_parser.py:63] - INFO - procotol:http, hostname:www.ifeng.com, new_link:
http://tech.ifeng.com/a/20170916/44686194_0.shtml

2017-09-16 16:01:41,979 - [webpage_parser.py:63] - INFO - procotol:http, hostname:tejia.hao123.com, new_link:javascript:;
2017-09-16 16:01:41,979 - [charsetgroupprober.py:100] - DEBUG - TIS-620 Thai confidence = 0.0998820596316
2017-09-16 16:01:41,983 - [webpage_parser.py:63] - INFO - procotol:http, hostname:www.qq.com, new_link:javascript:void(0)
2017-09-16 16:01:41,984 - [webpage_parser.py:63] - INFO - procotol:http, hostname:e.cn.miaozhen.com, new_link:/beijing/heibao/
2017-09-16 16:01:41,984 - [webpage_parser.py:63] - INFO - procotol:http, hostname:www.ifeng.com, new_link:
http://tech.ifeng.com/a/20170916/44686185_0.shtml

2017-09-16 16:01:41,985 - [webpage_parser.py:63] - INFO - procotol:http, hostname:www.78.cn, new_link:/tianpin/
2017-09-16 16:01:41,985 - [webpage_parser.py:63] - INFO - procotol:http, hostname:tejia.hao123.com, new_link:javascript:;
2017-09-16 16:01:41,986 - [charsetgroupprober.py:100] - DEBUG - ISO-8859-9 Turkish confidence = 0.479379681527
2017-09-16 16:01:41,986 - [webpage_parser.py:63] - INFO - procotol:http, hostname:www.qq.com, new_link:javascript:void(0);
2017-09-16 16:01:41,987 - [webpage_parser.py:63] - INFO - procotol:http, hostname:e.cn.miaozhen.com, new_link:/beijing/huaxiang/
2017-09-16 16:01:41,988 - [webpage_parser.py:63] - INFO - procotol:http, hostname:www.ifeng.com, new_link:
http://tech.ifeng.com/a/20170916/44686206_0.shtml


2017-09-16 16:01:42,006 - [webpage_parser.py:63] - INFO - procotol:http, hostname:www.78.cn, new_link:/huoguoshaokao/
2017-09-16 16:01:42,008 - [webpage_parser.py:63] - INFO - procotol:http, hostname:tejia.hao123.com, new_link:javascript:;
2017-09-16 16:01:42,013 - [charsetgroupprober.py:100] - DEBUG - windows-1255 Hebrew confidence = 0.0
2017-09-16 16:01:42,028 - [charsetgroupprober.py:97] - DEBUG - windows-1255 not active
2017-09-16 16:01:42,014 - [webpage_parser.py:63] - INFO - procotol:http, hostname:e.cn.miaozhen.com, new_link:/beijing/huabei/
2017-09-16 16:01:42,025 - [webpage_parser.py:63] - INFO - procotol:http, hostname:www.ifeng.com, new_link:
http://tech.ifeng.com/a/20170916/44686246_0.shtml

2017-09-16 16:01:42,026 - [webpage_parser.py:63] - INFO - procotol:http, hostname:www.78.cn, new_link:/boboyu/
2017-09-16 16:01:42,028 - [webpage_parser.py:63] - INFO - procotol:http, hostname:tejia.hao123.com, new_link:javascript:;
2017-09-16 16:01:42,040 - [webpage_parser.py:63] - INFO - procotol:http, hostname:tejia.hao123.com, new_link:javascript:;
2017-09-16 16:01:42,029 - [charsetgroupprober.py:97] - DEBUG - windows-1255 not active
2017-09-16 16:01:42,030 - [webpage_parser.py:63] - INFO - procotol:http, hostname:e.cn.miaozhen.com, new_link:/beijing/huayang/
2017-09-16 16:01:42,040 - [webpage_parser.py:63] - INFO - procotol:http, hostname:www.78.cn, new_link:/xiaochi/
2017-09-16 16:01:42,013 - [webpage_parser.py:63] - INFO - procotol:http, hostname:www.qq.com, new_link:javascript:void(0);
2017-09-16 16:01:42,041 - [charsetgroupprober.py:97] - DEBUG - utf-8 not active
2017-09-16 16:01:42,042 - [webpage_parser.py:63] - INFO - procotol:http, hostname:e.cn.miaozhen.com, new_link:/beijing/hengtian/
2017-09-16 16:01:42,043 - [webpage_parser.py:63] - INFO - procotol:http, hostname:www.ifeng.com, new_link:
http://itech.ifeng.com/44686327/news.shtml

2017-09-16 16:01:42,044 - [webpage_parser.py:63] - INFO - procotol:http, hostname:www.78.cn, new_link:/mianguan/
2017-09-16 16:01:42,045 - [webpage_parser.py:63] - INFO - procotol:http, hostname:www.qq.com, new_link:javascript:void(0);
2017-09-16 16:01:42,046 - [charsetgroupprober.py:97] - DEBUG - CP932 not active
2017-09-16 16:01:42,047 - [webpage_parser.py:63] - INFO - procotol:http, hostname:tejia.hao123.com, new_link:javascript:;
2017-09-16 16:01:42,047 - [webpage_parser.py:63] - INFO - procotol:http, hostname:e.cn.miaozhen.com, new_link:/beijing/hangtian/
2017-09-16 16:01:42,048 - [webpage_parser.py:63] - INFO - procotol:http, hostname:www.78.cn, new_link:/huoguo/
2017-09-16 16:01:42,050 - [webpage_parser.py:63] - INFO - procotol:http, hostname:www.qq.com, new_link:javascript:void(0);
2017-09-16 16:01:42,049 - [charsetgroupprober.py:97] - DEBUG - EUC-JP not active
2017-09-16 16:01:42,049 - [webpage_parser.py:63] - INFO - procotol:http, hostname:www.ifeng.com, new_link:
http://tech.ifeng.com/a/20170915/44684844_0.shtml



2017-09-16 16:01:42,050 - [charsetgroupprober.py:100] - DEBUG - GB2312 Chinese confidence = 0.99
2017-09-16 16:01:42,051 - [webpage_parser.py:63] - INFO - procotol:http, hostname:e.cn.miaozhen.com, new_link:/beijing/haige/
2017-09-16 16:01:42,052 - [webpage_parser.py:63] - INFO - procotol:http, hostname:www.78.cn, new_link:/mrhz/
2017-09-16 16:01:42,053 - [webpage_parser.py:63] - INFO - procotol:http, hostname:www.qq.com, new_link:javascript:void(0);
2017-09-16 16:01:42,054 - [webpage_parser.py:63] - INFO - procotol:http, hostname:tejia.hao123.com, new_link:javascript:;
2017-09-16 16:01:42,055 - [webpage_parser.py:63] - INFO - procotol:http, hostname:www.ifeng.com, new_link:
http://tech.ifeng.com/a/20170915/44685163_0.shtml



2017-09-16 16:01:42,055 - [charsetgroupprober.py:100] - DEBUG - EUC-KR Korean confidence = 0.01
2017-09-16 16:01:42,057 - [webpage_parser.py:63] - INFO - procotol:http, hostname:e.cn.miaozhen.com, new_link:/beijing/huakai/
2017-09-16 16:01:42,058 - [webpage_parser.py:63] - INFO - procotol:http, hostname:www.78.cn, new_link:/hufu/
2017-09-16 16:01:42,058 - [webpage_parser.py:63] - INFO - procotol:http, hostname:www.78.cn, new_link:/meirong/
2017-09-16 16:01:42,058 - [webpage_parser.py:63] - INFO - procotol:http, hostname:www.78.cn, new_link:/ertongleyuan/
2017-09-16 16:01:42,059 - [webpage_parser.py:63] - INFO - procotol:http, hostname:www.78.cn, new_link:/shipin/
2017-09-16 16:01:42,059 - [charsetgroupprober.py:100] - DEBUG - CP949 Korean confidence = 0.01
2017-09-16 16:01:42,060 - [webpage_parser.py:63] - INFO - procotol:http, hostname:e.cn.miaozhen.com, new_link:/beijing/jeep/
2017-09-16 16:01:42,061 - [webpage_parser.py:63] - INFO - procotol:http, hostname:www.qq.com, new_link:javascript:void(0);
2017-09-16 16:01:42,062 - [webpage_parser.py:63] - INFO - procotol:http, hostname:www.ifeng.com, new_link:
http://tech.ifeng.com/a/20170915/44684765_0.shtml



2017-09-16 16:01:42,063 - [webpage_parser.py:63] - INFO - procotol:http, hostname:www.78.cn, new_link:/yangsheng/
2017-09-16 16:01:42,063 - [charsetgroupprober.py:100] - DEBUG - Big5 Chinese confidence = 0.01
2017-09-16 16:01:42,064 - [webpage_parser.py:63] - INFO - procotol:http, hostname:e.cn.miaozhen.com, new_link:/beijing/jiliqiche/
2017-09-16 16:01:42,065 - [webpage_parser.py:63] - INFO - procotol:http, hostname:www.qq.com, new_link:javascript:void(0);
2017-09-16 16:01:42,066 - [webpage_parser.py:63] - INFO - procotol:http, hostname:www.qq.com, new_link:javascript:void(0);
2017-09-16 16:01:42,067 - [charsetgroupprober.py:100] - DEBUG - EUC-TW Taiwan confidence = 0.01
2017-09-16 16:01:42,067 - [webpage_parser.py:63] - INFO - procotol:http, hostname:www.78.cn, new_link:/huazhuangpin/
2017-09-16 16:01:42,068 - [webpage_parser.py:63] - INFO - procotol:http, hostname:e.cn.miaozhen.com, new_link:/beijing/jianghuai/
2017-09-16 16:01:42,068 - [webpage_parser.py:63] - INFO - procotol:http, hostname:www.ifeng.com, new_link:
http://tech.ifeng.com/a/20170915/44684651_0.shtml



2017-09-16 16:01:42,069 - [webpage_parser.py:63] - INFO - procotol:http, hostname:www.qq.com, new_link:javascript:void(0);
2017-09-16 16:01:42,095 - [webpage_parser.py:63] - INFO - procotol:http, hostname:www.78.cn, new_link:/jjjc/
2017-09-16 16:01:42,096 - [webpage_parser.py:63] - INFO - procotol:http, hostname:e.cn.miaozhen.com, new_link:/beijing/jiebao/
2017-09-16 16:01:42,098 - [webpage_parser.py:63] - INFO - procotol:http, hostname:www.ifeng.com, new_link:
http://tech.ifeng.com/a/20170916/44686367_0.shtml



2017-09-16 16:01:42,100 - [webpage_parser.py:63] - INFO - procotol:http, hostname:www.qq.com, new_link:javascript:void(0);
2017-09-16 16:01:42,101 - [webpage_parser.py:63] - INFO - procotol:http, hostname:www.78.cn, new_link:/kongqihuanbao/
2017-09-16 16:01:42,114 - [webpage_parser.py:63] - INFO - procotol:http, hostname:e.cn.miaozhen.com, new_link:/beijing/jinbei/
2017-09-16 16:01:42,116 - [webpage_parser.py:63] - INFO - procotol:http, hostname:www.qq.com, new_link:javascript:void(0);
2017-09-16 16:01:42,120 - [webpage_parser.py:63] - INFO - procotol:http, hostname:www.ifeng.com, new_link:
http://tech.ifeng.com/product/

2017-09-16 16:01:42,125 - [webpage_parser.py:63] - INFO - procotol:http, hostname:www.78.cn, new_link:/jiajujiancai/
2017-09-16 16:01:42,140 - [webpage_parser.py:63] - INFO - procotol:http, hostname:e.cn.miaozhen.com, new_link:/beijing/jiangling/
2017-09-16 16:01:42,141 - [webpage_parser.py:63] - INFO - procotol:http, hostname:www.qq.com, new_link:javascript:void(0);
2017-09-16 16:01:42,155 - [webpage_parser.py:63] - INFO - procotol:http, hostname:www.ifeng.com, new_link:
http://tech.ifeng.com/a/20170913/44681483_0.shtml#p=1

2017-09-16 16:01:42,164 - [webpage_parser.py:63] - INFO - procotol:http, hostname:www.78.cn, new_link:/qiangyi/
2017-09-16 16:01:42,175 - [webpage_parser.py:63] - INFO - procotol:http, hostname:e.cn.miaozhen.com, new_link:/beijing/jinlong/
2017-09-16 16:01:42,176 - [webpage_parser.py:63] - INFO - procotol:http, hostname:www.qq.com, new_link:javascript:void(0);
2017-09-16 16:01:42,179 - [webpage_parser.py:63] - INFO - procotol:http, hostname:www.ifeng.com, new_link:
http://tech.ifeng.com/a/20170913/44681483_0.shtml#p=1




2017-09-16 16:01:42,179 - [webpage_parser.py:63] - INFO - procotol:http, hostname:www.78.cn, new_link:/chufangweiyu/
2017-09-16 16:01:42,194 - [webpage_parser.py:63] - INFO - procotol:http, hostname:e.cn.miaozhen.com, new_link:/beijing/jiulong/
2017-09-16 16:01:42,195 - [webpage_parser.py:63] - INFO - procotol:http, hostname:www.qq.com, new_link:javascript:void(0);
2017-09-16 16:01:42,198 - [webpage_parser.py:63] - INFO - procotol:http, hostname:www.ifeng.com, new_link:

http://tech.ifeng.com/a/20170916/44686218_0.shtml



2017-09-16 16:01:42,199 - [webpage_parser.py:63] - INFO - procotol:http, hostname:www.78.cn, new_link:/jiajuyongpin/
2017-09-16 16:01:42,206 - [webpage_parser.py:63] - INFO - procotol:http, hostname:e.cn.miaozhen.com, new_link:/beijing/jianglingjituanxinnenyuan/
2017-09-16 16:01:42,322 - [webpage_saver.py:45] - INFO - url http://tejia.hao123.com/?tn=mxlm is not match
2017-09-16 16:01:42,323 - [webpage_parser.py:63] - INFO - procotol:http, hostname:www.qq.com, new_link:javascript:void(0);
2017-09-16 16:01:42,370 - [webpage_parser.py:63] - INFO - procotol:http, hostname:www.ifeng.com, new_link:
http://tech.ifeng.com/a/20170916/44686279_0.shtml


2017-09-16 16:01:42,370 - [webpage_parser.py:63] - INFO - procotol:http, hostname:www.78.cn, new_link:/qiche/
2017-09-16 16:01:42,550 - [webpage_parser.py:63] - INFO - procotol:http, hostname:e.cn.miaozhen.com, new_link:/beijing/jianglingjituanqingqi/
2017-09-16 16:01:42,552 - [webpage_parser.py:63] - INFO - procotol:http, hostname:www.qq.com, new_link:javascript:void(0);
2017-09-16 16:01:42,561 - [webpage_parser.py:63] - INFO - procotol:http, hostname:www.ifeng.com, new_link:
http://tech.ifeng.com/a/20170914/44683077_0.shtml


2017-09-16 16:01:42,586 - [connectionpool.py:207] - DEBUG - Starting new HTTP connection (1): mini.eastday.com
2017-09-16 16:01:42,769 - [webpage_parser.py:63] - INFO - procotol:http, hostname:www.78.cn, new_link:/jiashi/
2017-09-16 16:01:42,770 - [webpage_parser.py:63] - INFO - procotol:http, hostname:e.cn.miaozhen.com, new_link:/beijing/jinchengqiche/
2017-09-16 16:01:42,771 - [webpage_parser.py:63] - INFO - procotol:http, hostname:www.qq.com, new_link:javascript:void(0);
2017-09-16 16:01:42,779 - [webpage_parser.py:63] - INFO - procotol:http, hostname:www.4399.com, new_link:javascript:addBookmark2();
2017-09-16 16:01:42,781 - [webpage_parser.py:63] - INFO - procotol:http, hostname:www.ifeng.com, new_link:
http://tech.ifeng.com/a/20170915/44684580_0.shtml


2017-09-16 16:01:42,786 - [webpage_parser.py:63] - INFO - procotol:http, hostname:www.78.cn, new_link:/huanbao/
2017-09-16 16:01:42,786 - [webpage_parser.py:63] - INFO - procotol:http, hostname:e.cn.miaozhen.com, new_link:/beijing/jiangnan/
2017-09-16 16:01:42,788 - [webpage_parser.py:63] - INFO - procotol:http, hostname:www.qq.com, new_link:javascript:void(0);
2017-09-16 16:01:42,789 - [webpage_parser.py:63] - INFO - procotol:http, hostname:www.4399.com, new_link:javascript:addBookmark2();
2017-09-16 16:01:42,791 - [webpage_saver.py:45] - INFO - url http://v.qq.com/ is not match
2017-09-16 16:01:42,791 - [webpage_parser.py:63] - INFO - procotol:http, hostname:www.ifeng.com, new_link:
http://tech.ifeng.com/a/20170915/44684557_0.shtml


2017-09-16 16:01:42,792 - [webpage_parser.py:63] - INFO - procotol:http, hostname:www.78.cn, new_link:/wlfw/
2017-09-16 16:01:42,792 - [webpage_parser.py:63] - INFO - procotol:http, hostname:e.cn.miaozhen.com, new_link:/beijing/jinlv/
2017-09-16 16:01:42,793 - [webpage_parser.py:63] - INFO - procotol:http, hostname:www.qq.com, new_link:javascript:void(0);
2017-09-16 16:01:42,793 - [webpage_parser.py:63] - INFO - procotol:http, hostname:www.4399.com, new_link:/flash/12439.htm
2017-09-16 16:01:42,794 - [webpage_parser.py:63] - INFO - procotol:http, hostname:www.ifeng.com, new_link:
http://tech.ifeng.com/a/20170915/44684668_0.shtml


2017-09-16 16:01:42,795 - [webpage_parser.py:63] - INFO - procotol:http, hostname:www.78.cn, new_link:/ertongwanju/
2017-09-16 16:01:42,795 - [webpage_parser.py:63] - INFO - procotol:http, hostname:e.cn.miaozhen.com, new_link:/beijing/kaidilake/
2017-09-16 16:01:42,796 - [webpage_parser.py:63] - INFO - procotol:http, hostname:www.qq.com, new_link:javascript:void(0);
2017-09-16 16:01:42,796 - [webpage_parser.py:63] - INFO - procotol:http, hostname:www.4399.com, new_link:/flash/168735.htm
2017-09-16 16:01:42,797 - [webpage_parser.py:63] - INFO - procotol:http, hostname:www.ifeng.com, new_link:
http://itech.ifeng.com/44686288/news.shtml



2017-09-16 16:01:42,797 - [webpage_parser.py:63] - INFO - procotol:http, hostname:www.78.cn, new_link:/zaojiao/
2017-09-16 16:01:42,797 - [webpage_parser.py:63] - INFO - procotol:http, hostname:e.cn.miaozhen.com, new_link:/beijing/kelaisile/
2017-09-16 16:01:42,798 - [webpage_parser.py:63] - INFO - procotol:http, hostname:www.qq.com, new_link:javascript:void(0);
2017-09-16 16:01:42,798 - [webpage_parser.py:63] - INFO - procotol:http, hostname:www.4399.com, new_link:/flash/159974.htm
2017-09-16 16:01:42,799 - [webpage_parser.py:63] - INFO - procotol:http, hostname:www.ifeng.com, new_link:
http://tech.ifeng.com/a/20170916/44686357_0.shtml


2017-09-16 16:01:42,799 - [webpage_parser.py:63] - INFO - procotol:http, hostname:www.78.cn, new_link:/peixun/
2017-09-16 16:01:42,800 - [webpage_parser.py:63] - INFO - procotol:http, hostname:e.cn.miaozhen.com, new_link:/beijing/kaiyi/
2017-09-16 16:01:42,800 - [webpage_parser.py:63] - INFO - procotol:http, hostname:www.qq.com, new_link:javascript:void(0);
2017-09-16 16:01:42,801 - [webpage_parser.py:63] - INFO - procotol:http, hostname:www.4399.com, new_link:/flash/179736.htm
2017-09-16 16:01:42,801 - [webpage_parser.py:63] - INFO - procotol:http, hostname:www.ifeng.com, new_link:
http://tech.ifeng.com/a/20170916/44686354_0.shtml


2017-09-16 16:01:42,801 - [webpage_parser.py:63] - INFO - procotol:http, hostname:www.78.cn, new_link:/jiaoyufenxiao/
2017-09-16 16:01:42,802 - [webpage_parser.py:63] - INFO - procotol:http, hostname:e.cn.miaozhen.com, new_link:/beijing/kairui/
2017-09-16 16:01:42,802 - [webpage_parser.py:63] - INFO - procotol:http, hostname:www.qq.com, new_link:javascript:void(0);
2017-09-16 16:01:42,802 - [webpage_parser.py:63] - INFO - procotol:http, hostname:www.4399.com, new_link:/flash/152420.htm
2017-09-16 16:01:42,803 - [webpage_parser.py:63] - INFO - procotol:http, hostname:www.ifeng.com, new_link:
http://tech.ifeng.com/a/20170916/44686242_0.shtml

2017-09-16 16:01:42,803 - [webpage_parser.py:63] - INFO - procotol:http, hostname:www.78.cn, new_link:/jiaoyuj/
2017-09-16 16:01:42,803 - [webpage_parser.py:63] - INFO - procotol:http, hostname:e.cn.miaozhen.com, new_link:/beijing/kawei/
2017-09-16 16:01:42,804 - [webpage_parser.py:63] - INFO - procotol:http, hostname:www.qq.com, new_link:javascript:void(0);
2017-09-16 16:01:42,804 - [webpage_parser.py:63] - INFO - procotol:http, hostname:www.4399.com, new_link:/special/19.htm
2017-09-16 16:01:42,805 - [webpage_parser.py:63] - INFO - procotol:http, hostname:www.ifeng.com, new_link:
http://tech.ifeng.com/a/20170916/44686232_0.shtml


2017-09-16 16:01:42,805 - [webpage_parser.py:63] - INFO - procotol:http, hostname:www.78.cn, new_link:/chuangye/
2017-09-16 16:01:42,805 - [webpage_parser.py:63] - INFO - procotol:http, hostname:e.cn.miaozhen.com, new_link:/beijing/kasheng/
2017-09-16 16:01:42,806 - [webpage_parser.py:63] - INFO - procotol:http, hostname:www.qq.com, new_link:javascript:void(0);
2017-09-16 16:01:42,806 - [webpage_parser.py:63] - INFO - procotol:http, hostname:www.4399.com, new_link:/flash_fl/2_1.htm
2017-09-16 16:01:42,807 - [webpage_parser.py:63] - INFO - procotol:http, hostname:www.ifeng.com, new_link:


http://tech.ifeng.com/a/20170916/44686218_0.shtml


2017-09-16 16:01:42,807 - [connectionpool.py:395] - DEBUG - http://mini.eastday.com:80 "GET /a/njump.html?id=n170916025437953&qid=hao123tj HTTP/1.1" 200 None
2017-09-16 16:01:42,808 - [webpage_parser.py:63] - INFO - procotol:http, hostname:www.78.cn, new_link:/qt/
2017-09-16 16:01:42,808 - [webpage_parser.py:63] - INFO - procotol:http, hostname:e.cn.miaozhen.com, new_link:/beijing/kenisaike/
2017-09-16 16:01:42,808 - [webpage_parser.py:63] - INFO - procotol:http, hostname:www.qq.com, new_link:javascript:void(0);
2017-09-16 16:01:42,809 - [webpage_parser.py:63] - INFO - procotol:http, hostname:www.4399.com, new_link:/flash_fl/3_1.htm
2017-09-16 16:01:42,813 - [webpage_parser.py:63] - INFO - procotol:http, hostname:www.ifeng.com, new_link:javascript:void(0)
2017-09-16 16:01:42,815 - [webpage_parser.py:63] - INFO - procotol:http, hostname:www.78.cn, new_link:/zhuanli/
2017-09-16 16:01:42,819 - [webpage_saver.py:45] - INFO - url http://mini.eastday.com/a/njump.html?id=n170916025437953&qid=hao123tj is not match
2017-09-16 16:01:42,820 - [webpage_parser.py:63] - INFO - procotol:http, hostname:e.cn.miaozhen.com, new_link:/beijing/kaersen/
2017-09-16 16:01:42,820 - [webpage_parser.py:63] - INFO - procotol:http, hostname:www.qq.com, new_link:javascript:void(0);
2017-09-16 16:01:42,821 - [webpage_parser.py:63] - INFO - procotol:http, hostname:www.4399.com, new_link:/flash_fl/5_1.htm
2017-09-16 16:01:42,825 - [webpage_parser.py:63] - INFO - procotol:http, hostname:www.78.cn, new_link:/chaoshi/
2017-09-16 16:01:42,828 - [webpage_parser.py:63] - INFO - procotol:http, hostname:e.cn.miaozhen.com, new_link:/beijing/kaibaihe/
2017-09-16 16:01:42,829 - [webpage_parser.py:63] - INFO - procotol:http, hostname:www.qq.com, new_link:javascript:void(0);
2017-09-16 16:01:42,829 - [webpage_parser.py:63] - INFO - procotol:http, hostname:www.78.cn, new_link:/ganxi/
2017-09-16 16:01:42,830 - [webpage_parser.py:63] - INFO - procotol:http, hostname:www.4399.com, new_link:/flash_fl/4_1.htm
2017-09-16 16:01:42,830 - [webpage_parser.py:63] - INFO - procotol:http, hostname:e.cn.miaozhen.com, new_link:/beijing/ktm/
2017-09-16 16:01:42,830 - [webpage_parser.py:63] - INFO - procotol:http, hostname:www.78.cn, new_link:/jiazheng/
2017-09-16 16:01:42,831 - [webpage_parser.py:63] - INFO - procotol:http, hostname:www.qq.com, new_link:javascript:void(0);
2017-09-16 16:01:42,831 - [webpage_parser.py:63] - INFO - procotol:http, hostname:www.4399.com, new_link:/flash_fl/6_1.htm
2017-09-16 16:01:42,835 - [webpage_parser.py:63] - INFO - procotol:http, hostname:e.cn.miaozhen.com, new_link:/beijing/kaimaqiche/
2017-09-16 16:01:42,837 - [webpage_parser.py:63] - INFO - procotol:http, hostname:www.78.cn, new_link:/shuma/
2017-09-16 16:01:42,839 - [webpage_parser.py:63] - INFO - procotol:http, hostname:www.qq.com, new_link:javascript:void(0);
2017-09-16 16:01:42,840 - [webpage_parser.py:63] - INFO - procotol:http, hostname:www.4399.com, new_link:/flash_fl/7_1.htm
2017-09-16 16:01:42,840 - [webpage_parser.py:63] - INFO - procotol:http, hostname:e.cn.miaozhen.com, new_link:/beijing/kangdiquanqiuying/
2017-09-16 16:01:42,841 - [webpage_parser.py:63] - INFO - procotol:http, hostname:www.78.cn, new_link:/xinqite/
2017-09-16 16:01:42,842 - [webpage_parser.py:63] - INFO - procotol:http, hostname:www.qq.com, new_link:javascript:void(0);
2017-09-16 16:01:42,842 - [webpage_parser.py:63] - INFO - procotol:http, hostname:www.4399.com, new_link:/flash_fl/8_1.htm
2017-09-16 16:01:42,842 - [webpage_parser.py:63] - INFO - procotol:http, hostname:e.cn.miaozhen.com, new_link:/beijing/luhu/
2017-09-16 16:01:42,843 - [webpage_parser.py:63] - INFO - procotol:http, hostname:www.78.cn, new_link:/daili/
2017-09-16 16:01:42,844 - [webpage_parser.py:63] - INFO - procotol:http, hostname:www.4399.com, new_link:/flash_fl/12_1.htm
2017-09-16 16:01:42,844 - [webpage_parser.py:63] - INFO - procotol:http, hostname:e.cn.miaozhen.com, new_link:/beijing/lingmu/
2017-09-16 16:01:42,844 - [webpage_parser.py:63] - INFO - procotol:http, hostname:www.qq.com, new_link:javascript:void(0);
2017-09-16 16:01:42,845 - [webpage_parser.py:63] - INFO - procotol:http, hostname:www.78.cn, new_link:/jixie/
2017-09-16 16:01:42,845 - [webpage_parser.py:63] - INFO - procotol:http, hostname:www.4399.com, new_link:/special/195.htm
2017-09-16 16:01:42,845 - [webpage_parser.py:63] - INFO - procotol:http, hostname:e.cn.miaozhen.com, new_link:/beijing/leikesasi/
2017-09-16 16:01:42,849 - [webpage_parser.py:63] - INFO - procotol:http, hostname:www.qq.com, new_link:javascript:void(0);
2017-09-16 16:01:42,849 - [webpage_parser.py:63] - INFO - procotol:http, hostname:www.78.cn, new_link:/web/xicherenjia/
2017-09-16 16:01:42,850 - [webpage_parser.py:63] - INFO - procotol:http, hostname:www.4399.com, new_link:/flash_fl/16_1.htm
2017-09-16 16:01:42,850 - [webpage_parser.py:63] - INFO - procotol:http, hostname:e.cn.miaozhen.com, new_link:/beijing/liebaoqiche/
2017-09-16 16:01:42,853 - [webpage_parser.py:63] - INFO - procotol:http, hostname:www.qq.com, new_link:javascript:void(0);
2017-09-16 16:01:42,853 - [webpage_parser.py:63] - INFO - procotol:http, hostname:www.78.cn, new_link:/web/saiweixiyi/
2017-09-16 16:01:42,853 - [webpage_parser.py:63] - INFO - procotol:http, hostname:www.4399.com, new_link:/flash_fl/13_1.htm
2017-09-16 16:01:42,854 - [webpage_parser.py:63] - INFO - procotol:http, hostname:e.cn.miaozhen.com, new_link:/beijing/leinuo/
2017-09-16 16:01:42,854 - [webpage_parser.py:63] - INFO - procotol:http, hostname:www.qq.com, new_link:javascript:void(0);
2017-09-16 16:01:42,856 - [webpage_parser.py:63] - INFO - procotol:http, hostname:www.78.cn, new_link:/web/hanfugong/
2017-09-16 16:01:42,857 - [webpage_parser.py:63] - INFO - procotol:http, hostname:www.4399.com, new_link:/special/90.htm
2017-09-16 16:01:42,858 - [webpage_parser.py:63] - INFO - procotol:http, hostname:e.cn.miaozhen.com, new_link:/beijing/lufeng/
2017-09-16 16:01:42,858 - [webpage_parser.py:63] - INFO - procotol:http, hostname:www.qq.com, new_link:javascript:void(0);
2017-09-16 16:01:42,858 - [webpage_parser.py:63] - INFO - procotol:http, hostname:www.78.cn, new_link:/web/lusanguo/
2017-09-16 16:01:42,860 - [webpage_parser.py:63] - INFO - procotol:http, hostname:www.4399.com, new_link:/special/1.htm
2017-09-16 16:01:42,862 - [webpage_parser.py:63] - INFO - procotol:http, hostname:e.cn.miaozhen.com, new_link:/beijing/linian/
2017-09-16 16:01:42,862 - [webpage_parser.py:63] - INFO - procotol:http, hostname:www.qq.com, new_link:javascript:void(0)
2017-09-16 16:01:42,864 - [webpage_parser.py:63] - INFO - procotol:http, hostname:www.78.cn, new_link:/web/kewenshicailiq/
2017-09-16 16:01:42,866 - [webpage_parser.py:63] - INFO - procotol:http, hostname:e.cn.miaozhen.com, new_link:/beijing/lifan/
2017-09-16 16:01:42,866 - [webpage_parser.py:63] - INFO - procotol:http, hostname:www.4399.com, new_link:/special/19.htm
2017-09-16 16:01:42,867 - [webpage_parser.py:63] - INFO - procotol:http, hostname:www.qq.com, new_link:javascript:void(0)
2017-09-16 16:01:42,867 - [webpage_parser.py:63] - INFO - procotol:http, hostname:www.78.cn, new_link:/web/fengkuangkaochi/
2017-09-16 16:01:42,868 - [webpage_parser.py:63] - INFO - procotol:http, hostname:e.cn.miaozhen.com, new_link:/beijing/linken/
2017-09-16 16:01:42,869 - [webpage_parser.py:63] - INFO - procotol:http, hostname:www.4399.com, new_link:/flash/
2017-09-16 16:01:42,874 - [webpage_parser.py:63] - INFO - procotol:http, hostname:www.qq.com, new_link:javascript:;
2017-09-16 16:01:42,874 - [webpage_parser.py:63] - INFO - procotol:http, hostname:e.cn.miaozhen.com, new_link:/beijing/lianhua/
2017-09-16 16:01:42,875 - [webpage_parser.py:63] - INFO - procotol:http, hostname:www.4399.com, new_link:/special/1.htm
2017-09-16 16:01:42,875 - [webpage_parser.py:63] - INFO - procotol:http, hostname:www.78.cn, new_link:/web/meishiji/
2017-09-16 16:01:42,882 - [webpage_parser.py:63] - INFO - procotol:http, hostname:www.qq.com, new_link:javascript:void(0);
2017-09-16 16:01:42,882 - [webpage_parser.py:63] - INFO - procotol:http, hostname:www.78.cn, new_link:/web/waguankuaican2/
2017-09-16 16:01:42,883 - [webpage_parser.py:63] - INFO - procotol:http, hostname:e.cn.miaozhen.com, new_link:/beijing/laosilaisi/
2017-09-16 16:01:42,887 - [webpage_parser.py:63] - INFO - procotol:http, hostname:www.qq.com, new_link:javascript:void(0)
2017-09-16 16:01:42,888 - [webpage_parser.py:63] - INFO - procotol:http, hostname:www.4399.com, new_link:/special/148.htm
2017-09-16 16:01:42,888 - [webpage_parser.py:63] - INFO - procotol:http, hostname:www.78.cn, new_link:/web/chejueshi/
2017-09-16 16:01:42,889 - [webpage_parser.py:63] - INFO - procotol:http, hostname:e.cn.miaozhen.com, new_link:/beijing/lanbojini/
2017-09-16 16:01:42,890 - [webpage_parser.py:63] - INFO - procotol:http, hostname:www.qq.com, new_link:javascript:void(0)
2017-09-16 16:01:42,892 - [webpage_parser.py:63] - INFO - procotol:http, hostname:www.4399.com, new_link:/special/219.htm
2017-09-16 16:01:42,894 - [webpage_parser.py:63] - INFO - procotol:http, hostname:www.78.cn, new_link:/web/yanmoshiguang/
2017-09-16 16:01:42,895 - [webpage_parser.py:63] - INFO - procotol:http, hostname:e.cn.miaozhen.com, new_link:/beijing/lutesi/
2017-09-16 16:01:42,908 - [webpage_parser.py:63] - INFO - procotol:http, hostname:www.qq.com, new_link:javascript:void(0)
2017-09-16 16:01:42,908 - [webpage_parser.py:63] - INFO - procotol:http, hostname:www.4399.com, new_link:/special/122.htm
2017-09-16 16:01:42,909 - [webpage_parser.py:63] - INFO - procotol:http, hostname:www.78.cn, new_link:/web/saiweixiyi/
2017-09-16 16:01:42,910 - [webpage_parser.py:63] - INFO - procotol:http, hostname:e.cn.miaozhen.com, new_link:/beijing/lada/
2017-09-16 16:01:42,910 - [webpage_parser.py:63] - INFO - procotol:http, hostname:www.4399.com, new_link:/special/225.htm
2017-09-16 16:01:42,910 - [webpage_parser.py:63] - INFO - procotol:http, hostname:www.78.cn, new_link:/web/xicherenjia/
2017-09-16 16:01:42,911 - [webpage_parser.py:63] - INFO - procotol:http, hostname:e.cn.miaozhen.com, new_link:/beijing/laolunshi/
2017-09-16 16:01:42,912 - [webpage_parser.py:63] - INFO - procotol:http, hostname:www.4399.com, new_link:/flash_fl/13_1.htm
2017-09-16 16:01:42,912 - [webpage_parser.py:63] - INFO - procotol:http, hostname:www.78.cn, new_link:/web/kewenshicailiq/
2017-09-16 16:01:42,913 - [webpage_parser.py:63] - INFO - procotol:http, hostname:e.cn.miaozhen.com, new_link:/beijing/ludifangzhou/
2017-09-16 16:01:42,914 - [webpage_parser.py:63] - INFO - procotol:http, hostname:www.4399.com, new_link:/special/232.htm
2017-09-16 16:01:42,914 - [webpage_parser.py:63] - INFO - procotol:http, hostname:www.78.cn, new_link:/web/duobaoqibing/
2017-09-16 16:01:42,915 - [webpage_parser.py:63] - INFO - procotol:http, hostname:e.cn.miaozhen.com, new_link:/beijing/localmotors/
2017-09-16 16:01:42,915 - [webpage_parser.py:63] - INFO - procotol:http, hostname:www.4399.com, new_link:/special/194.htm
2017-09-16 16:01:42,916 - [webpage_parser.py:63] - INFO - procotol:http, hostname:www.78.cn, new_link:/web/meishiji/
2017-09-16 16:01:42,916 - [webpage_parser.py:63] - INFO - procotol:http, hostname:e.cn.miaozhen.com, new_link:/beijing/luofu/
2017-09-16 16:01:42,917 - [webpage_parser.py:63] - INFO - procotol:http, hostname:www.4399.com, new_link:/special/272.htm
2017-09-16 16:01:42,917 - [webpage_parser.py:63] - INFO - procotol:http, hostname:www.78.cn, new_link:/web/lusanguo/
2017-09-16 16:01:42,918 - [webpage_parser.py:63] - INFO - procotol:http, hostname:e.cn.miaozhen.com, new_link:/beijing/leiding/
2017-09-16 16:01:42,918 - [webpage_parser.py:63] - INFO - procotol:http, hostname:www.4399.com, new_link:/special/286.htm
2017-09-16 16:01:42,919 - [webpage_parser.py:63] - INFO - procotol:http, hostname:www.78.cn, new_link:/web/fengkuangkaochi/
2017-09-16 16:01:42,919 - [webpage_parser.py:63] - INFO - procotol:http, hostname:e.cn.miaozhen.com, new_link:/beijing/mazida/
2017-09-16 16:01:42,920 - [webpage_parser.py:63] - INFO - procotol:http, hostname:www.4399.com, new_link:/special/17.htm
2017-09-16 16:01:42,921 - [webpage_parser.py:63] - INFO - procotol:http, hostname:www.78.cn, new_link:/web/qiaodongjiapaigu/
2017-09-16 16:01:42,921 - [webpage_parser.py:63] - INFO - procotol:http, hostname:e.cn.miaozhen.com, new_link:/beijing/mingjue/
2017-09-16 16:01:42,922 - [webpage_parser.py:63] - INFO - procotol:http, hostname:www.4399.com, new_link:/special/182.htm
2017-09-16 16:01:42,922 - [webpage_parser.py:63] - INFO - procotol:http, hostname:www.78.cn, new_link:/web/gefanni/
2017-09-16 16:01:42,923 - [webpage_parser.py:63] - INFO - procotol:http, hostname:e.cn.miaozhen.com, new_link:/beijing/mini/
2017-09-16 16:01:42,923 - [webpage_parser.py:63] - INFO - procotol:http, hostname:www.4399.com, new_link:/special/134.htm
2017-09-16 16:01:42,923 - [webpage_parser.py:63] - INFO - procotol:http, hostname:www.78.cn, new_link:/web/longchaoky/
2017-09-16 16:01:42,924 - [webpage_parser.py:63] - INFO - procotol:http, hostname:e.cn.miaozhen.com, new_link:/beijing/mashaladi/
2017-09-16 16:01:42,924 - [webpage_parser.py:63] - INFO - procotol:http, hostname:www.4399.com, new_link:/special/202.htm
2017-09-16 16:01:42,926 - [webpage_parser.py:63] - INFO - procotol:http, hostname:www.78.cn, new_link:/web/zhengshanmei/
2017-09-16 16:01:42,926 - [webpage_parser.py:63] - INFO - procotol:http, hostname:e.cn.miaozhen.com, new_link:/beijing/maikailun/
2017-09-16 16:01:42,927 - [webpage_parser.py:63] - INFO - procotol:http, hostname:www.4399.com, new_link:/flash_fl/2_1.htm
2017-09-16 16:01:42,927 - [webpage_parser.py:63] - INFO - procotol:http, hostname:www.78.cn, new_link:/web/xiangmowugu2/
2017-09-16 16:01:42,928 - [webpage_parser.py:63] - INFO - procotol:http, hostname:e.cn.miaozhen.com, new_link:/beijing/maibahe/
2017-09-16 16:01:42,928 - [webpage_parser.py:63] - INFO - procotol:http, hostname:www.4399.com, new_link:/special/13.htm
2017-09-16 16:01:42,928 - [webpage_parser.py:63] - INFO - procotol:http, hostname:www.78.cn, new_link:/web/meishimeike/
2017-09-16 16:01:42,929 - [webpage_parser.py:63] - INFO - procotol:http, hostname:e.cn.miaozhen.com, new_link:/beijing/mogen/
2017-09-16 16:01:42,929 - [webpage_parser.py:63] - INFO - procotol:http, hostname:www.4399.com, new_link:/special/177.htm
2017-09-16 16:01:42,930 - [webpage_parser.py:63] - INFO - procotol:http, hostname:www.78.cn, new_link:/web/beikehanbao2/
2017-09-16 16:01:42,930 - [webpage_parser.py:63] - INFO - procotol:http, hostname:e.cn.miaozhen.com, new_link:/beijing/meiya/
2017-09-16 16:01:42,930 - [webpage_parser.py:63] - INFO - procotol:http, hostname:www.4399.com, new_link:/special/242.htm
2017-09-16 16:01:42,931 - [webpage_parser.py:63] - INFO - procotol:http, hostname:www.78.cn, new_link:/web/jrhbysbcai/
2017-09-16 16:01:42,931 - [webpage_parser.py:63] - INFO - procotol:http, hostname:e.cn.miaozhen.com, new_link:/beijing/nazhijie/
2017-09-16 16:01:42,932 - [webpage_parser.py:63] - INFO - procotol:http, hostname:www.4399.com, new_link:/special/270.htm
2017-09-16 16:01:42,932 - [webpage_parser.py:63] - INFO - procotol:http, hostname:www.78.cn, new_link:/web/ningmenggongfang2/
2017-09-16 16:01:42,933 - [webpage_parser.py:63] - INFO - procotol:http, hostname:e.cn.miaozhen.com, new_link:/beijing/nanqi/
2017-09-16 16:01:42,933 - [webpage_parser.py:63] - INFO - procotol:http, hostname:www.4399.com, new_link:/special/33.htm
2017-09-16 16:01:42,934 - [webpage_parser.py:63] - INFO - procotol:http, hostname:www.78.cn, new_link:/web/hanfugong/
2017-09-16 16:01:42,935 - [webpage_parser.py:63] - INFO - procotol:http, hostname:e.cn.miaozhen.com, new_link:/beijing/nanjingjinlong/
2017-09-16 16:01:42,935 - [webpage_parser.py:63] - INFO - procotol:http, hostname:www.4399.com, new_link:/special/26.htm
2017-09-16 16:01:42,935 - [webpage_parser.py:63] - INFO - procotol:http, hostname:www.78.cn, new_link:/web/malilian/
2017-09-16 16:01:42,936 - [webpage_parser.py:63] - INFO - procotol:http, hostname:e.cn.miaozhen.com, new_link:/beijing/ouge/
2017-09-16 16:01:42,936 - [webpage_parser.py:63] - INFO - procotol:http, hostname:www.4399.com, new_link:/special/95.htm
2017-09-16 16:01:42,937 - [webpage_parser.py:63] - INFO - procotol:http, hostname:www.78.cn, new_link:/web/lvzhiyuan/
2017-09-16 16:01:42,937 - [webpage_parser.py:63] - INFO - procotol:http, hostname:e.cn.miaozhen.com, new_link:/beijing/oubao/
2017-09-16 16:01:42,938 - [webpage_parser.py:63] - INFO - procotol:http, hostname:www.4399.com, new_link:/special/136.htm
2017-09-16 16:01:42,939 - [webpage_parser.py:63] - INFO - procotol:http, hostname:www.78.cn, new_link:/web/beikehanbaolz/
2017-09-16 16:01:42,939 - [webpage_parser.py:63] - INFO - procotol:http, hostname:e.cn.miaozhen.com, new_link:/beijing/pajiani/
2017-09-16 16:01:42,940 - [webpage_parser.py:63] - INFO - procotol:http, hostname:www.4399.com, new_link:/special/138.htm
2017-09-16 16:01:42,940 - [webpage_parser.py:63] - INFO - procotol:http, hostname:www.78.cn, new_link:/web/longchaoky/
2017-09-16 16:01:42,941 - [webpage_parser.py:63] - INFO - procotol:http, hostname:www.4399.com, new_link:/flash_fl/4_1.htm
2017-09-16 16:01:42,941 - [webpage_parser.py:63] - INFO - procotol:http, hostname:www.78.cn, new_link:/web/pifeili/
2017-09-16 16:01:42,942 - [webpage_parser.py:63] - INFO - procotol:http, hostname:www.4399.com, new_link:/special/238.htm
2017-09-16 16:01:42,942 - [webpage_parser.py:63] - INFO - procotol:http, hostname:www.78.cn, new_link:/web/waguankuaican2/
2017-09-16 16:01:42,943 - [webpage_parser.py:63] - INFO - procotol:http, hostname:e.cn.miaozhen.com, new_link:/beijing/qiya/
2017-09-16 16:01:42,943 - [webpage_parser.py:63] - INFO - procotol:http, hostname:www.4399.com, new_link:/special/208.htm
2017-09-16 16:01:42,943 - [webpage_parser.py:63] - INFO - procotol:http, hostname:www.78.cn, new_link:/web/knjqcmeirong/
2017-09-16 16:01:42,944 - [webpage_parser.py:63] - INFO - procotol:http, hostname:e.cn.miaozhen.com, new_link:/beijing/qirui/
2017-09-16 16:01:42,944 - [webpage_parser.py:63] - INFO - procotol:http, hostname:www.4399.com, new_link:/special/10.htm
2017-09-16 16:01:42,945 - [webpage_parser.py:63] - INFO - procotol:http, hostname:www.78.cn, new_link:/web/tangmuzhijiahbkc/
2017-09-16 16:01:42,945 - [webpage_parser.py:63] - INFO - procotol:http, hostname:e.cn.miaozhen.com, new_link:/beijing/qichen/
2017-09-16 16:01:42,946 - [webpage_parser.py:63] - INFO - procotol:http, hostname:www.4399.com, new_link:/special/126.htm
2017-09-16 16:01:42,946 - [webpage_parser.py:63] - INFO - procotol:http, hostname:e.cn.miaozhen.com, new_link:/beijing/qiaozhibadun/
2017-09-16 16:01:42,947 - [webpage_parser.py:63] - INFO - procotol:http, hostname:www.78.cn, new_link:/web/ningmenggongfang2/
2017-09-16 16:01:42,947 - [webpage_parser.py:63] - INFO - procotol:http, hostname:www.4399.com, new_link:/special/16.htm
2017-09-16 16:01:42,948 - [webpage_parser.py:63] - INFO - procotol:http, hostname:e.cn.miaozhen.com, new_link:/beijing/richan/
2017-09-16 16:01:42,948 - [webpage_parser.py:63] - INFO - procotol:http, hostname:www.78.cn, new_link:/web/lzgxiangguo/
2017-09-16 16:01:42,949 - [webpage_parser.py:63] - INFO - procotol:http, hostname:www.4399.com, new_link:/special/20.htm
2017-09-16 16:01:42,949 - [webpage_parser.py:63] - INFO - procotol:http, hostname:e.cn.miaozhen.com, new_link:/beijing/rongwei/
2017-09-16 16:01:42,950 - [webpage_parser.py:63] - INFO - procotol:http, hostname:www.78.cn, new_link:/web/jiaogeyazi/
2017-09-16 16:01:42,950 - [webpage_parser.py:63] - INFO - procotol:http, hostname:www.4399.com, new_link:/special/29.htm
2017-09-16 16:01:42,951 - [webpage_parser.py:63] - INFO - procotol:http, hostname:e.cn.miaozhen.com, new_link:/beijing/ruiqi/
2017-09-16 16:01:42,951 - [webpage_parser.py:63] - INFO - procotol:http, hostname:www.78.cn, new_link:/web/tunaike/
2017-09-16 16:01:42,952 - [webpage_parser.py:63] - INFO - procotol:http, hostname:www.4399.com, new_link:/special/121.htm
2017-09-16 16:01:42,952 - [webpage_parser.py:63] - INFO - procotol:http, hostname:e.cn.miaozhen.com, new_link:/beijing/ruichixinnenyuan/
2017-09-16 16:01:42,953 - [webpage_parser.py:63] - INFO - procotol:http, hostname:www.78.cn, new_link:/web/lujiong/
2017-09-16 16:01:42,953 - [webpage_parser.py:63] - INFO - procotol:http, hostname:www.4399.com, new_link:/flash_fl/5_1.htm
2017-09-16 16:01:42,954 - [webpage_parser.py:63] - INFO - procotol:http, hostname:e.cn.miaozhen.com, new_link:/beijing/ruhu/
2017-09-16 16:01:42,955 - [webpage_parser.py:63] - INFO - procotol:http, hostname:www.4399.com, new_link:/special/8.htm
2017-09-16 16:01:42,955 - [webpage_parser.py:63] - INFO - procotol:http, hostname:e.cn.miaozhen.com, new_link:/beijing/sikeda/
2017-09-16 16:01:42,955 - [webpage_parser.py:63] - INFO - procotol:http, hostname:www.78.cn, new_link:/web/jixianghundunmian/
2017-09-16 16:01:42,956 - [webpage_parser.py:63] - INFO - procotol:http, hostname:www.4399.com, new_link:/special/5.htm
2017-09-16 16:01:42,956 - [webpage_parser.py:63] - INFO - procotol:http, hostname:e.cn.miaozhen.com, new_link:/beijing/smart/
2017-09-16 16:01:42,958 - [webpage_parser.py:63] - INFO - procotol:http, hostname:www.78.cn, new_link:/web/yushangxicha/
2017-09-16 16:01:42,958 - [webpage_parser.py:63] - INFO - procotol:http, hostname:www.4399.com, new_link:/special/173.htm
2017-09-16 16:01:42,959 - [webpage_parser.py:63] - INFO - procotol:http, hostname:e.cn.miaozhen.com, new_link:/beijing/sibalu/
2017-09-16 16:01:42,960 - [webpage_parser.py:63] - INFO - procotol:http, hostname:www.78.cn, new_link:/web/gongfuheyefan/
2017-09-16 16:01:42,960 - [webpage_parser.py:63] - INFO - procotol:http, hostname:www.4399.com, new_link:/special/63.htm
2017-09-16 16:01:42,961 - [webpage_parser.py:63] - INFO - procotol:http, hostname:e.cn.miaozhen.com, new_link:/beijing/sanling/
2017-09-16 16:01:42,961 - [webpage_parser.py:63] - INFO - procotol:http, hostname:www.78.cn, new_link:/web/zglsgcb/
2017-09-16 16:01:42,962 - [webpage_parser.py:63] - INFO - procotol:http, hostname:www.4399.com, new_link:/special/98.htm
2017-09-16 16:01:42,963 - [webpage_parser.py:63] - INFO - procotol:http, hostname:e.cn.miaozhen.com, new_link:/beijing/siming/
2017-09-16 16:01:42,963 - [webpage_parser.py:63] - INFO - procotol:http, hostname:www.78.cn, new_link:/web/feijumoshu/
2017-09-16 16:01:42,964 - [webpage_parser.py:63] - INFO - procotol:http, hostname:www.4399.com, new_link:/special/60.htm
2017-09-16 16:01:42,964 - [webpage_parser.py:63] - INFO - procotol:http, hostname:e.cn.miaozhen.com, new_link:/beijing/shuanglong/
2017-09-16 16:01:42,965 - [webpage_parser.py:63] - INFO - procotol:http, hostname:www.78.cn, new_link:/web/shayinwu/
2017-09-16 16:01:42,967 - [webpage_parser.py:63] - INFO - procotol:http, hostname:www.4399.com, new_link:/special/59.htm
2017-09-16 16:01:42,967 - [webpage_parser.py:63] - INFO - procotol:http, hostname:e.cn.miaozhen.com, new_link:/beijing/shangqidatong/
2017-09-16 16:01:42,968 - [webpage_parser.py:63] - INFO - procotol:http, hostname:www.78.cn, new_link:/web/jiaogejichi/
2017-09-16 16:01:42,968 - [webpage_parser.py:63] - INFO - procotol:http, hostname:www.4399.com, new_link:/special/168.htm
2017-09-16 16:01:42,969 - [webpage_parser.py:63] - INFO - procotol:http, hostname:e.cn.miaozhen.com, new_link:/beijing/sabo/
2017-09-16 16:01:42,969 - [webpage_parser.py:63] - INFO - procotol:http, hostname:www.78.cn, new_link:/web/shayinwu/
2017-09-16 16:01:42,970 - [webpage_parser.py:63] - INFO - procotol:http, hostname:www.4399.com, new_link:/special/87.htm
2017-09-16 16:01:42,971 - [webpage_parser.py:63] - INFO - procotol:http, hostname:e.cn.miaozhen.com, new_link:/beijing/shuanghuan/
2017-09-16 16:01:42,972 - [webpage_parser.py:63] - INFO - procotol:http, hostname:www.78.cn, new_link:/web/yuzhigongchayin/
2017-09-16 16:01:42,976 - [webpage_parser.py:63] - INFO - procotol:http, hostname:www.4399.com, new_link:/special/218.htm
2017-09-16 16:01:42,985 - [webpage_parser.py:63] - INFO - procotol:http, hostname:e.cn.miaozhen.com, new_link:/beijing/sidataike/
2017-09-16 16:01:42,987 - [webpage_parser.py:63] - INFO - procotol:http, hostname:www.78.cn, new_link:/web/shenqijinshuhua/
2017-09-16 16:01:42,989 - [webpage_parser.py:63] - INFO - procotol:http, hostname:www.4399.com, new_link:/flash_fl/12_1.htm
2017-09-16 16:01:42,989 - [webpage_parser.py:63] - INFO - procotol:http, hostname:e.cn.miaozhen.com, new_link:/beijing/sailin/
2017-09-16 16:01:42,990 - [webpage_parser.py:63] - INFO - procotol:http, hostname:www.78.cn, new_link:/web/qichekuaixiu/
2017-09-16 16:01:42,990 - [webpage_parser.py:63] - INFO - procotol:http, hostname:www.4399.com, new_link:/special/143.htm
2017-09-16 16:01:42,991 - [webpage_parser.py:63] - INFO - procotol:http, hostname:e.cn.miaozhen.com, new_link:/beijing/siweiqiche/
2017-09-16 16:01:42,992 - [webpage_parser.py:63] - INFO - procotol:http, hostname:www.78.cn, new_link:/web/syjkxhxmmian/
2017-09-16 16:01:42,994 - [webpage_parser.py:63] - INFO - procotol:http, hostname:www.4399.com, new_link:/special/66.htm
2017-09-16 16:01:42,997 - [webpage_parser.py:63] - INFO - procotol:http, hostname:e.cn.miaozhen.com, new_link:/beijing/shanqitongjia/
2017-09-16 16:01:42,998 - [webpage_parser.py:63] - INFO - procotol:http, hostname:www.78.cn, new_link:/web/shalayj/
2017-09-16 16:01:43,001 - [webpage_parser.py:63] - INFO - procotol:http, hostname:www.4399.com, new_link:/special/34.htm
2017-09-16 16:01:43,004 - [webpage_parser.py:63] - INFO - procotol:http, hostname:e.cn.miaozhen.com, new_link:/beijing/saibao/
2017-09-16 16:01:43,006 - [webpage_parser.py:63] - INFO - procotol:http, hostname:www.78.cn, new_link:/web/doufuwcxxxc/
2017-09-16 16:01:43,006 - [webpage_parser.py:63] - INFO - procotol:http, hostname:www.4399.com, new_link:/special/64.htm
2017-09-16 16:01:43,007 - [webpage_parser.py:63] - INFO - procotol:http, hostname:e.cn.miaozhen.com, new_link:/beijing/shijue/
2017-09-16 16:01:43,007 - [webpage_parser.py:63] - INFO - procotol:http, hostname:www.78.cn, new_link:/web/qiangulaomian/
2017-09-16 16:01:43,008 - [webpage_parser.py:63] - INFO - procotol:http, hostname:www.4399.com, new_link:/special/79.htm
2017-09-16 16:01:43,009 - [webpage_parser.py:63] - INFO - procotol:http, hostname:e.cn.miaozhen.com, new_link:/beijing/shuixing/
2017-09-16 16:01:43,009 - [webpage_parser.py:63] - INFO - procotol:http, hostname:www.78.cn, new_link:/web/guxianghuoyan/
2017-09-16 16:01:43,010 - [webpage_parser.py:63] - INFO - procotol:http, hostname:www.4399.com, new_link:/special/62.htm
2017-09-16 16:01:43,010 - [webpage_parser.py:63] - INFO - procotol:http, hostname:e.cn.miaozhen.com, new_link:/beijing/tesila/
2017-09-16 16:01:43,011 - [webpage_parser.py:63] - INFO - procotol:http, hostname:www.78.cn, new_link:/web/lzgxiangguo/
2017-09-16 16:01:43,012 - [webpage_parser.py:63] - INFO - procotol:http, hostname:www.4399.com, new_link:/special/125.htm
2017-09-16 16:01:43,014 - [webpage_parser.py:63] - INFO - procotol:http, hostname:e.cn.miaozhen.com, new_link:/beijing/taikate/
2017-09-16 16:01:43,017 - [webpage_parser.py:63] - INFO - procotol:http, hostname:www.78.cn, new_link:/web/shibisicykyb/
2017-09-16 16:01:43,018 - [webpage_parser.py:63] - INFO - procotol:http, hostname:www.4399.com, new_link:/special/152.htm
2017-09-16 16:01:43,018 - [webpage_parser.py:63] - INFO - procotol:http, hostname:e.cn.miaozhen.com, new_link:/beijing/tianma/
2017-09-16 16:01:43,019 - [webpage_parser.py:63] - INFO - procotol:http, hostname:www.78.cn, new_link:/web/niujiuduangfkr/
2017-09-16 16:01:43,019 - [webpage_parser.py:63] - INFO - procotol:http, hostname:www.4399.com, new_link:/special/293.htm
2017-09-16 16:01:43,020 - [webpage_parser.py:63] - INFO - procotol:http, hostname:e.cn.miaozhen.com, new_link:/beijing/tongbao/
2017-09-16 16:01:43,020 - [webpage_parser.py:63] - INFO - procotol:http, hostname:www.78.cn, new_link:/web/yudecuo/
2017-09-16 16:01:43,021 - [webpage_parser.py:63] - INFO - procotol:http, hostname:www.4399.com, new_link:/flash_fl/3_1.htm
2017-09-16 16:01:43,021 - [webpage_parser.py:63] - INFO - procotol:http, hostname:www.78.cn, new_link:/web/beikehanbao2/
2017-09-16 16:01:43,022 - [webpage_parser.py:63] - INFO - procotol:http, hostname:e.cn.miaozhen.com, new_link:/beijing/tongtian/
2017-09-16 16:01:43,022 - [webpage_parser.py:63] - INFO - procotol:http, hostname:www.4399.com, new_link:/special/28.htm
2017-09-16 16:01:43,023 - [webpage_parser.py:63] - INFO - procotol:http, hostname:www.78.cn, new_link:/web/malilian/
2017-09-16 16:01:43,024 - [webpage_parser.py:63] - INFO - procotol:http, hostname:e.cn.miaozhen.com, new_link:/beijing/tengshi/
2017-09-16 16:01:43,024 - [webpage_parser.py:63] - INFO - procotol:http, hostname:www.4399.com, new_link:/special/96.htm
2017-09-16 16:01:43,025 - [webpage_parser.py:63] - INFO - procotol:http, hostname:www.78.cn, new_link:/web/qycclyinpin/
2017-09-16 16:01:43,025 - [webpage_parser.py:63] - INFO - procotol:http, hostname:e.cn.miaozhen.com, new_link:/beijing/woerwo/
2017-09-16 16:01:43,026 - [webpage_parser.py:63] - INFO - procotol:http, hostname:www.4399.com, new_link:/special/164.htm
2017-09-16 16:01:43,028 - [webpage_parser.py:63] - INFO - procotol:http, hostname:www.78.cn, new_link:/web/qihaobiandang/
2017-09-16 16:01:43,029 - [webpage_parser.py:63] - INFO - procotol:http, hostname:e.cn.miaozhen.com, new_link:/beijing/wuling/
2017-09-16 16:01:43,030 - [webpage_parser.py:63] - INFO - procotol:http, hostname:www.78.cn, new_link:/web/hanxaioertanzimr/
2017-09-16 16:01:43,030 - [webpage_parser.py:63] - INFO - procotol:http, hostname:www.4399.com, new_link:/special/37.htm
2017-09-16 16:01:43,031 - [webpage_parser.py:63] - INFO - procotol:http, hostname:e.cn.miaozhen.com, new_link:/beijing/weilin/
2017-09-16 16:01:43,031 - [webpage_parser.py:63] - INFO - procotol:http, hostname:www.78.cn, new_link:/web/chadangjia/
2017-09-16 16:01:43,031 - [webpage_parser.py:63] - INFO - procotol:http, hostname:www.4399.com, new_link:/special/167.htm
2017-09-16 16:01:43,032 - [webpage_parser.py:63] - INFO - procotol:http, hostname:e.cn.miaozhen.com, new_link:/beijing/weichaiyingzhi/
2017-09-16 16:01:43,033 - [webpage_parser.py:63] - INFO - procotol:http, hostname:www.4399.com, new_link:/special/100.htm
2017-09-16 16:01:43,033 - [webpage_parser.py:63] - INFO - procotol:http, hostname:www.78.cn, new_link:/web/dingdangjip/
2017-09-16 16:01:43,034 - [webpage_parser.py:63] - INFO - procotol:http, hostname:e.cn.miaozhen.com, new_link:/beijing/wushiling/
2017-09-16 16:01:43,035 - [webpage_parser.py:63] - INFO - procotol:http, hostname:www.4399.com, new_link:/special/35.htm
2017-09-16 16:01:43,035 - [webpage_parser.py:63] - INFO - procotol:http, hostname:www.78.cn, new_link:/web/jiumentidu/
2017-09-16 16:01:43,036 - [webpage_parser.py:63] - INFO - procotol:http, hostname:e.cn.miaozhen.com, new_link:/beijing/wey/
2017-09-16 16:01:43,036 - [webpage_parser.py:63] - INFO - procotol:http, hostname:www.4399.com, new_link:/special/38.htm
2017-09-16 16:01:43,037 - [webpage_parser.py:63] - INFO - procotol:http, hostname:www.78.cn, new_link:/web/jmf2/
2017-09-16 16:01:43,038 - [webpage_parser.py:63] - INFO - procotol:http, hostname:e.cn.miaozhen.com, new_link:/beijing/weilai/
2017-09-16 16:01:43,039 - [webpage_parser.py:63] - INFO - procotol:http, hostname:www.4399.com, new_link:/special/118.htm
2017-09-16 16:01:43,039 - [webpage_parser.py:63] - INFO - procotol:http, hostname:www.78.cn, new_link:/web/feijumoshu/
2017-09-16 16:01:43,039 - [webpage_parser.py:63] - INFO - procotol:http, hostname:e.cn.miaozhen.com, new_link:/beijing/weimaqiche/
2017-09-16 16:01:43,040 - [webpage_parser.py:63] - INFO - procotol:http, hostname:www.4399.com, new_link:/special/31.htm
2017-09-16 16:01:43,040 - [webpage_parser.py:63] - INFO - procotol:http, hostname:www.78.cn, new_link:/web/benteng/
2017-09-16 16:01:43,041 - [webpage_parser.py:63] - INFO - procotol:http, hostname:e.cn.miaozhen.com, new_link:/beijing/weiziman/
2017-09-16 16:01:43,041 - [webpage_parser.py:63] - INFO - procotol:http, hostname:www.4399.com, new_link:/flash_fl/6_1.htm
2017-09-16 16:01:43,041 - [webpage_parser.py:63] - INFO - procotol:http, hostname:www.78.cn, new_link:/web/moshouyinpin/
2017-09-16 16:01:43,042 - [webpage_parser.py:63] - INFO - procotol:http, hostname:e.cn.miaozhen.com, new_link:/beijing/wanfeng/
2017-09-16 16:01:43,042 - [webpage_parser.py:63] - INFO - procotol:http, hostname:www.4399.com, new_link:/special/18.htm
2017-09-16 16:01:43,043 - [webpage_parser.py:63] - INFO - procotol:http, hostname:www.78.cn, new_link:/web/jingbaiwei/
2017-09-16 16:01:43,044 - [webpage_parser.py:63] - INFO - procotol:http, hostname:e.cn.miaozhen.com, new_link:/beijing/xiandai/
2017-09-16 16:01:43,045 - [webpage_parser.py:63] - INFO - procotol:http, hostname:www.4399.com, new_link:/special/93.htm
2017-09-16 16:01:43,046 - [webpage_parser.py:63] - INFO - procotol:http, hostname:e.cn.miaozhen.com, new_link:/beijing/xuefulan/
2017-09-16 16:01:43,046 - [webpage_parser.py:63] - INFO - procotol:http, hostname:www.78.cn, new_link:/web/jinmujin/
2017-09-16 16:01:43,047 - [webpage_parser.py:63] - INFO - procotol:http, hostname:www.4399.com, new_link:/special/277.htm
2017-09-16 16:01:43,047 - [webpage_parser.py:63] - INFO - procotol:http, hostname:e.cn.miaozhen.com, new_link:/beijing/xuetielong/
2017-09-16 16:01:43,048 - [webpage_parser.py:63] - INFO - procotol:http, hostname:www.78.cn, new_link:/web/lujiong/
2017-09-16 16:01:43,048 - [webpage_parser.py:63] - INFO - procotol:http, hostname:www.4399.com, new_link:/special/89.htm
2017-09-16 16:01:43,049 - [webpage_parser.py:63] - INFO - procotol:http, hostname:e.cn.miaozhen.com, new_link:/beijing/xiyate/
2017-09-16 16:01:43,049 - [webpage_parser.py:63] - INFO - procotol:http, hostname:www.78.cn, new_link:/web/xchanggf/
2017-09-16 16:01:43,050 - [webpage_parser.py:63] - INFO - procotol:http, hostname:www.4399.com, new_link:/special/120.htm
2017-09-16 16:01:43,050 - [webpage_parser.py:63] - INFO - procotol:http, hostname:e.cn.miaozhen.com, new_link:/beijing/xinkai/
2017-09-16 16:01:43,051 - [webpage_parser.py:63] - INFO - procotol:http, hostname:www.78.cn, new_link:/web/clbakefb/
2017-09-16 16:01:43,052 - [webpage_parser.py:63] - INFO - procotol:http, hostname:www.4399.com, new_link:/special/259.htm
2017-09-16 16:01:43,052 - [webpage_parser.py:63] - INFO - procotol:http, hostname:e.cn.miaozhen.com, new_link:/beijing/xindadi/
2017-09-16 16:01:43,053 - [webpage_parser.py:63] - INFO - procotol:http, hostname:www.78.cn, new_link:/web/oudeyajcqm/
2017-09-16 16:01:43,053 - [webpage_parser.py:63] - INFO - procotol:http, hostname:www.4399.com, new_link:/special/124.htm
2017-09-16 16:01:43,054 - [webpage_parser.py:63] - INFO - procotol:http, hostname:www.78.cn, new_link:/web/zglsgcb/
2017-09-16 16:01:43,054 - [webpage_parser.py:63] - INFO - procotol:http, hostname:e.cn.miaozhen.com, new_link:/beijing/yingfeinidi/
2017-09-16 16:01:43,055 - [webpage_parser.py:63] - INFO - procotol:http, hostname:www.4399.com, new_link:/special/90.htm
2017-09-16 16:01:43,056 - [webpage_parser.py:63] - INFO - procotol:http, hostname:e.cn.miaozhen.com, new_link:/beijing/yiqi/
2017-09-16 16:01:43,056 - [webpage_parser.py:63] - INFO - procotol:http, hostname:www.4399.com, new_link:/special/260.htm
2017-09-16 16:01:43,056 - [webpage_parser.py:63] - INFO - procotol:http, hostname:www.78.cn, new_link:/web/yadaoyinghuangcha/
2017-09-16 16:01:43,057 - [webpage_parser.py:63] - INFO - procotol:http, hostname:e.cn.miaozhen.com, new_link:/beijing/yusheng/
2017-09-16 16:01:43,058 - [webpage_parser.py:63] - INFO - procotol:http, hostname:www.4399.com, new_link:/special/195.htm
2017-09-16 16:01:43,058 - [webpage_parser.py:63] - INFO - procotol:http, hostname:www.78.cn, new_link:/web/xgsmncb/
2017-09-16 16:01:43,058 - [webpage_parser.py:63] - INFO - procotol:http, hostname:e.cn.miaozhen.com, new_link:/beijing/yiweike/
2017-09-16 16:01:43,059 - [webpage_parser.py:63] - INFO - procotol:http, hostname:www.4399.com, new_link:/special/255.htm
2017-09-16 16:01:43,059 - [webpage_parser.py:63] - INFO - procotol:http, hostname:www.78.cn, new_link:/web/yizhilanganxi/
2017-09-16 16:01:43,060 - [webpage_parser.py:63] - INFO - procotol:http, hostname:e.cn.miaozhen.com, new_link:/beijing/yemaqiche/
2017-09-16 16:01:43,061 - [webpage_parser.py:63] - INFO - procotol:http, hostname:www.4399.com, new_link:/special/169.htm
2017-09-16 16:01:43,061 - [webpage_parser.py:63] - INFO - procotol:http, hostname:www.78.cn, new_link:/web/bihaijbbkf/
2017-09-16 16:01:43,062 - [webpage_parser.py:63] - INFO - procotol:http, hostname:e.cn.miaozhen.com, new_link:/beijing/yongyuan/
2017-09-16 16:01:43,062 - [webpage_parser.py:63] - INFO - procotol:http, hostname:www.4399.com, new_link:/special/204.htm
2017-09-16 16:01:43,063 - [webpage_parser.py:63] - INFO - procotol:http, hostname:www.78.cn, new_link:/web/hengliyuanclyp/
2017-09-16 16:01:43,063 - [webpage_parser.py:63] - INFO - procotol:http, hostname:e.cn.miaozhen.com, new_link:/beijing/yujie/
2017-09-16 16:01:43,064 - [webpage_parser.py:63] - INFO - procotol:http, hostname:www.4399.com, new_link:/special/7.htm
2017-09-16 16:01:43,065 - [webpage_parser.py:63] - INFO - procotol:http, hostname:www.78.cn, new_link:/web/maoshushu/
2017-09-16 16:01:43,065 - [webpage_parser.py:63] - INFO - procotol:http, hostname:e.cn.miaozhen.com, new_link:/beijing/yunbao/
2017-09-16 16:01:43,065 - [webpage_parser.py:63] - INFO - procotol:http, hostname:www.4399.com, new_link:/special/288.htm
2017-09-16 16:01:43,067 - [webpage_parser.py:63] - INFO - procotol:http, hostname:www.78.cn, new_link:/web/ypthlcha/
2017-09-16 16:01:43,067 - [webpage_parser.py:63] - INFO - procotol:http, hostname:e.cn.miaozhen.com, new_link:/beijing/yutongkeche/
2017-09-16 16:01:43,067 - [webpage_parser.py:63] - INFO - procotol:http, hostname:www.4399.com, new_link:/special/94.htm
2017-09-16 16:01:43,068 - [webpage_parser.py:63] - INFO - procotol:http, hostname:www.78.cn, new_link:/web/pifeili/
2017-09-16 16:01:43,069 - [webpage_parser.py:63] - INFO - procotol:http, hostname:e.cn.miaozhen.com, new_link:/beijing/yunque/
2017-09-16 16:01:43,069 - [webpage_parser.py:63] - INFO - procotol:http, hostname:www.4399.com, new_link:/special/27.htm
2017-09-16 16:01:43,069 - [webpage_parser.py:63] - INFO - procotol:http, hostname:www.78.cn, new_link:/web/niuluobinhongpei/
2017-09-16 16:01:43,070 - [webpage_parser.py:63] - INFO - procotol:http, hostname:e.cn.miaozhen.com, new_link:/beijing/zhongtai/
2017-09-16 16:01:43,071 - [webpage_parser.py:63] - INFO - procotol:http, hostname:www.4399.com, new_link:/special/105.htm
2017-09-16 16:01:43,071 - [webpage_parser.py:63] - INFO - procotol:http, hostname:e.cn.miaozhen.com, new_link:/beijing/zhonghua/
2017-09-16 16:01:43,072 - [webpage_parser.py:63] - INFO - procotol:http, hostname:www.78.cn, new_link:/web/kewenshicailiq/
2017-09-16 16:01:43,072 - [webpage_parser.py:63] - INFO - procotol:http, hostname:www.4399.com, new_link:/special/154.htm
2017-09-16 16:01:43,072 - [webpage_parser.py:63] - INFO - procotol:http, hostname:e.cn.miaozhen.com, new_link:/beijing/zhongxing/
2017-09-16 16:01:43,073 - [webpage_parser.py:63] - INFO - procotol:http, hostname:www.78.cn, new_link:/web/haomeite/
2017-09-16 16:01:43,073 - [webpage_parser.py:63] - INFO - procotol:http, hostname:www.4399.com, new_link:/special/112.htm
2017-09-16 16:01:43,074 - [webpage_parser.py:63] - INFO - procotol:http, hostname:e.cn.miaozhen.com, new_link:/beijing/zhongou/
2017-09-16 16:01:43,074 - [webpage_parser.py:63] - INFO - procotol:http, hostname:www.78.cn, new_link:/web/fengbozhuang/
2017-09-16 16:01:43,075 - [webpage_parser.py:63] - INFO - procotol:http, hostname:www.4399.com, new_link:/special/108.htm
2017-09-16 16:01:43,075 - [webpage_parser.py:63] - INFO - procotol:http, hostname:e.cn.miaozhen.com, new_link:/beijing/zhinuo/
2017-09-16 16:01:43,076 - [webpage_parser.py:63] - INFO - procotol:http, hostname:www.78.cn, new_link:/web/yueyayaguoqiaomx/
2017-09-16 16:01:43,077 - [webpage_parser.py:63] - INFO - procotol:http, hostname:www.4399.com, new_link:/special/106.htm
2017-09-16 16:01:43,078 - [webpage_parser.py:63] - INFO - procotol:http, hostname:e.cn.miaozhen.com, new_link:/beijing/zhongyu/
2017-09-16 16:01:43,078 - [webpage_parser.py:63] - INFO - procotol:http, hostname:www.78.cn, new_link:/web/jmf2/
2017-09-16 16:01:43,079 - [webpage_parser.py:63] - INFO - procotol:http, hostname:www.4399.com, new_link:/special/107.htm
2017-09-16 16:01:43,079 - [webpage_parser.py:63] - INFO - procotol:http, hostname:e.cn.miaozhen.com, new_link:/beijing/zhongshun/
2017-09-16 16:01:43,080 - [webpage_parser.py:63] - INFO - procotol:http, hostname:www.78.cn, new_link:/web/xiaguangshengtai/
2017-09-16 16:01:43,080 - [webpage_parser.py:63] - INFO - procotol:http, hostname:www.4399.com, new_link:/special/109.htm
2017-09-16 16:01:43,080 - [webpage_parser.py:63] - INFO - procotol:http, hostname:e.cn.miaozhen.com, new_link:/beijing/zhidou/
2017-09-16 16:01:43,081 - [webpage_parser.py:63] - INFO - procotol:http, hostname:www.78.cn, new_link:/web/ypthlcha/
2017-09-16 16:01:43,082 - [webpage_parser.py:63] - INFO - procotol:http, hostname:www.4399.com, new_link:/special/103.htm
2017-09-16 16:01:43,082 - [webpage_parser.py:63] - INFO - procotol:http, hostname:e.cn.miaozhen.com, new_link:javascript:void(0);
2017-09-16 16:01:43,083 - [webpage_parser.py:63] - INFO - procotol:http, hostname:www.78.cn, new_link:/web/guxiangzai/
2017-09-16 16:01:43,084 - [webpage_parser.py:63] - INFO - procotol:http, hostname:www.4399.com, new_link:/special/114.htm
2017-09-16 16:01:43,086 - [webpage_parser.py:63] - INFO - procotol:http, hostname:e.cn.miaozhen.com, new_link:javascript:void(0);
2017-09-16 16:01:43,091 - [webpage_parser.py:63] - INFO - procotol:http, hostname:www.78.cn, new_link:/web/csslzwkzh/
2017-09-16 16:01:43,094 - [webpage_parser.py:63] - INFO - procotol:http, hostname:www.4399.com, new_link:/flash_fl/14_1.htm
2017-09-16 16:01:43,096 - [webpage_parser.py:63] - INFO - procotol:http, hostname:e.cn.miaozhen.com, new_link:javascript:void(0);
2017-09-16 16:01:43,099 - [webpage_parser.py:63] - INFO - procotol:http, hostname:www.4399.com, new_link:/special/278.htm
2017-09-16 16:01:43,099 - [webpage_parser.py:63] - INFO - procotol:http, hostname:www.78.cn, new_link:/web/tunaike/
2017-09-16 16:01:43,101 - [webpage_parser.py:63] - INFO - procotol:http, hostname:e.cn.miaozhen.com, new_link:javascript:void(0);
2017-09-16 16:01:43,101 - [webpage_parser.py:63] - INFO - procotol:http, hostname:www.4399.com, new_link:/special/263.htm
2017-09-16 16:01:43,102 - [webpage_parser.py:63] - INFO - procotol:http, hostname:www.78.cn, new_link:/web/yzygqmixian/
2017-09-16 16:01:43,102 - [webpage_parser.py:63] - INFO - procotol:http, hostname:e.cn.miaozhen.com, new_link:javascript:void(0);
2017-09-16 16:01:43,103 - [webpage_parser.py:63] - INFO - procotol:http, hostname:www.4399.com, new_link:/special/153.htm
2017-09-16 16:01:43,104 - [webpage_parser.py:63] - INFO - procotol:http, hostname:www.78.cn, new_link:/web/kelanaicha/
2017-09-16 16:01:43,105 - [webpage_parser.py:63] - INFO - procotol:http, hostname:e.cn.miaozhen.com, new_link:javascript:void(0);
2017-09-16 16:01:43,106 - [webpage_parser.py:63] - INFO - procotol:http, hostname:www.78.cn, new_link:/web/qihaobiandang/
2017-09-16 16:01:43,106 - [webpage_parser.py:63] - INFO - procotol:http, hostname:www.4399.com, new_link:/special/110.htm
2017-09-16 16:01:43,106 - [webpage_parser.py:63] - INFO - procotol:http, hostname:e.cn.miaozhen.com, new_link:javascript:void(0);
2017-09-16 16:01:43,107 - [webpage_parser.py:63] - INFO - procotol:http, hostname:www.78.cn, new_link:/web/feijumoshu/
2017-09-16 16:01:43,107 - [webpage_parser.py:63] - INFO - procotol:http, hostname:www.4399.com, new_link:/special/good.htm
2017-09-16 16:01:43,108 - [webpage_parser.py:63] - INFO - procotol:http, hostname:e.cn.miaozhen.com, new_link:/beijing/bentian/yage/
2017-09-16 16:01:43,109 - [webpage_parser.py:63] - INFO - procotol:http, hostname:www.78.cn, new_link:/web/zsdcyshutiao/
2017-09-16 16:01:43,110 - [webpage_parser.py:63] - INFO - procotol:http, hostname:e.cn.miaozhen.com, new_link:/beijing/fute/mengdiou/
2017-09-16 16:01:43,110 - [webpage_parser.py:63] - INFO - procotol:http, hostname:www.4399.com, new_link:/flash/168735.htm
2017-09-16 16:01:43,110 - [webpage_parser.py:63] - INFO - procotol:http, hostname:www.78.cn, new_link:/web/pwsgypqb/
2017-09-16 16:01:43,111 - [webpage_parser.py:63] - INFO - procotol:http, hostname:e.cn.miaozhen.com, new_link:/beijing/dazhong/suteng/
2017-09-16 16:01:43,112 - [webpage_parser.py:63] - INFO - procotol:http, hostname:www.4399.com, new_link:/flash/105094.htm
2017-09-16 16:01:43,112 - [webpage_parser.py:63] - INFO - procotol:http, hostname:www.78.cn, new_link:/web/yueqiqnztct/
2017-09-16 16:01:43,112 - [webpage_parser.py:63] - INFO - procotol:http, hostname:e.cn.miaozhen.com, new_link:/beijing/dazhong/dazhongcc/
2017-09-16 16:01:43,113 - [webpage_parser.py:63] - INFO - procotol:http, hostname:www.4399.com, new_link:/flash/188026.htm
2017-09-16 16:01:43,113 - [webpage_parser.py:63] - INFO - procotol:http, hostname:www.78.cn, new_link:/web/taiyangxi/
2017-09-16 16:01:43,114 - [webpage_parser.py:63] - INFO - procotol:http, hostname:e.cn.miaozhen.com, new_link:/beijing/fengtian/kaluola/
2017-09-16 16:01:43,115 - [webpage_parser.py:63] - INFO - procotol:http, hostname:www.4399.com, new_link:/flash/152420.htm
2017-09-16 16:01:43,116 - [webpage_parser.py:63] - INFO - procotol:http, hostname:www.78.cn, new_link:/web/clgscykj/
2017-09-16 16:01:43,116 - [webpage_parser.py:63] - INFO - procotol:http, hostname:www.4399.com, new_link:/flash/147202.htm
2017-09-16 16:01:43,116 - [webpage_parser.py:63] - INFO - procotol:http, hostname:e.cn.miaozhen.com, new_link:/beijing/mazida/mazida6/
2017-09-16 16:01:43,117 - [webpage_parser.py:63] - INFO - procotol:http, hostname:www.78.cn, new_link:/web/jiumentidu/
2017-09-16 16:01:43,118 - [webpage_parser.py:63] - INFO - procotol:http, hostname:www.4399.com, new_link:/flash/157700.htm
2017-09-16 16:01:43,119 - [webpage_parser.py:63] - INFO - procotol:http, hostname:e.cn.miaozhen.com, new_link:/beijing/dazhong/baolai/
2017-09-16 16:01:43,119 - [webpage_saver.py:45] - INFO - url http://www.ifeng.com is not match
2017-09-16 16:01:43,119 - [webpage_parser.py:63] - INFO - procotol:http, hostname:www.78.cn, new_link:/web/jiuniuyibeinpb/
2017-09-16 16:01:43,120 - [webpage_parser.py:63] - INFO - procotol:http, hostname:www.4399.com, new_link:/flash/12439.htm
2017-09-16 16:01:43,121 - [webpage_parser.py:63] - INFO - procotol:http, hostname:e.cn.miaozhen.com, new_link:/beijing/fute/fukesi/
2017-09-16 16:01:43,122 - [webpage_parser.py:63] - INFO - procotol:http, hostname:www.78.cn, new_link:/web/yibeiniupbei/
2017-09-16 16:01:43,123 - [webpage_parser.py:63] - INFO - procotol:http, hostname:www.4399.com, new_link:/flash/27924.htm
2017-09-16 16:01:43,123 - [webpage_parser.py:63] - INFO - procotol:http, hostname:e.cn.miaozhen.com, new_link:/beijing/dazhong/gaoerfu/
2017-09-16 16:01:43,124 - [webpage_parser.py:63] - INFO - procotol:http, hostname:www.78.cn, new_link:/web/xchanggf/
2017-09-16 16:01:43,124 - [webpage_parser.py:63] - INFO - procotol:http, hostname:www.4399.com, new_link:/flash/13265.htm
2017-09-16 16:01:43,125 - [webpage_parser.py:63] - INFO - procotol:http, hostname:e.cn.miaozhen.com, new_link:/beijing/richan/tianlai/
2017-09-16 16:01:43,126 - [webpage_parser.py:63] - INFO - procotol:http, hostname:www.78.cn, new_link:/web/manukatp/
2017-09-16 16:01:43,126 - [webpage_parser.py:63] - INFO - procotol:http, hostname:www.4399.com, new_link:/flash/105094.htm
2017-09-16 16:01:43,126 - [webpage_parser.py:63] - INFO - procotol:http, hostname:e.cn.miaozhen.com, new_link:/beijing/bieke/junwei/
2017-09-16 16:01:43,127 - [webpage_parser.py:63] - INFO - procotol:http, hostname:www.78.cn, new_link:/web/xchanggf/
2017-09-16 16:01:43,127 - [webpage_parser.py:63] - INFO - procotol:http, hostname:www.4399.com, new_link:/flash/168735.htm
2017-09-16 16:01:43,129 - [webpage_parser.py:63] - INFO - procotol:http, hostname:e.cn.miaozhen.com, new_link:/beijing/bentian/geshitu/
2017-09-16 16:01:43,131 - [webpage_parser.py:63] - INFO - procotol:http, hostname:www.78.cn, new_link:/web/diqiutianshi/
2017-09-16 16:01:43,132 - [webpage_parser.py:63] - INFO - procotol:http, hostname:www.4399.com, new_link:/flash/182602.htm
2017-09-16 16:01:43,133 - [webpage_parser.py:63] - INFO - procotol:http, hostname:e.cn.miaozhen.com, new_link:/beijing/dazhong/maiteng/
2017-09-16 16:01:43,134 - [webpage_parser.py:63] - INFO - procotol:http, hostname:www.78.cn, new_link:/web/yugaofang/
2017-09-16 16:01:43,134 - [webpage_parser.py:63] - INFO - procotol:http, hostname:www.4399.com, new_link:/flash/190523.htm
2017-09-16 16:01:43,139 - [webpage_parser.py:63] - INFO - procotol:http, hostname:e.cn.miaozhen.com, new_link:/beijing/fengtian/kaimeirui/
2017-09-16 16:01:43,139 - [webpage_parser.py:63] - INFO - procotol:http, hostname:www.4399.com, new_link:/flash/188720.htm
2017-09-16 16:01:43,140 - [webpage_parser.py:63] - INFO - procotol:http, hostname:www.78.cn, new_link:/web/labusishu/
2017-09-16 16:01:43,140 - [webpage_parser.py:63] - INFO - procotol:http, hostname:e.cn.miaozhen.com, new_link:/beijing/aodi/aodia6l/
2017-09-16 16:01:43,141 - [webpage_parser.py:63] - INFO - procotol:http, hostname:www.4399.com, new_link:/flash/186311.htm
2017-09-16 16:01:43,141 - [webpage_parser.py:63] - INFO - procotol:http, hostname:www.78.cn, new_link:/web/dmfenmiji/
2017-09-16 16:01:43,142 - [webpage_parser.py:63] - INFO - procotol:http, hostname:e.cn.miaozhen.com, new_link:/beijing/benchi/benchicji/
2017-09-16 16:01:43,143 - [webpage_parser.py:63] - INFO - procotol:http, hostname:www.78.cn, new_link:/web/zglsgcb/
2017-09-16 16:01:43,143 - [webpage_parser.py:63] - INFO - procotol:http, hostname:www.4399.com, new_link:/flash/186180.htm
2017-09-16 16:01:43,144 - [webpage_parser.py:63] - INFO - procotol:http, hostname:e.cn.miaozhen.com, new_link:/beijing/xiandai/xiandaiix35/
2017-09-16 16:01:43,144 - [webpage_parser.py:63] - INFO - procotol:http, hostname:www.78.cn, new_link:/web/saiweixiyi/
2017-09-16 16:01:43,145 - [webpage_parser.py:63] - INFO - procotol:http, hostname:www.4399.com, new_link:/flash/183433.htm
2017-09-16 16:01:43,145 - [webpage_parser.py:63] - INFO - procotol:http, hostname:e.cn.miaozhen.com, new_link:/beijing/aodi/aodiq5/
2017-09-16 16:01:43,146 - [webpage_parser.py:63] - INFO - procotol:http, hostname:www.78.cn, new_link:/web/guxianghuoyan/
2017-09-16 16:01:43,146 - [webpage_parser.py:63] - INFO - procotol:http, hostname:www.4399.com, new_link:/flash/179327.htm
2017-09-16 16:01:43,147 - [webpage_parser.py:63] - INFO - procotol:http, hostname:e.cn.miaozhen.com, new_link:/beijing/hafu/hafuh6/
2017-09-16 16:01:43,148 - [webpage_parser.py:63] - INFO - procotol:http, hostname:www.78.cn, new_link:/web/beikehanbao2/
2017-09-16 16:01:43,149 - [webpage_parser.py:63] - INFO - procotol:http, hostname:www.4399.com, new_link:/flash/189367.htm
2017-09-16 16:01:43,150 - [webpage_parser.py:63] - INFO - procotol:http, hostname:e.cn.miaozhen.com, new_link:/beijing/fengtian/fengtianrav4/
2017-09-16 16:01:43,150 - [webpage_parser.py:63] - INFO - procotol:http, hostname:www.78.cn, new_link:/web/lusanguo/
2017-09-16 16:01:43,151 - [webpage_parser.py:63] - INFO - procotol:http, hostname:www.4399.com, new_link:/flash/182702.htm
2017-09-16 16:01:43,152 - [webpage_saver.py:45] - INFO - url http://www.qq.com/ is not match
2017-09-16 16:01:43,153 - [webpage_parser.py:63] - INFO - procotol:http, hostname:e.cn.miaozhen.com, new_link:/beijing/bieke/biekegl8/
2017-09-16 16:01:43,153 - [webpage_parser.py:63] - INFO - procotol:http, hostname:www.78.cn, new_link:/web/chanpangxrb/
2017-09-16 16:01:43,154 - [webpage_parser.py:63] - INFO - procotol:http, hostname:www.4399.com, new_link:/flash/171138.htm
2017-09-16 16:01:43,154 - [webpage_parser.py:63] - INFO - procotol:http, hostname:e.cn.miaozhen.com, new_link:/beijing/wuling/hongguang/
2017-09-16 16:01:43,154 - [webpage_parser.py:63] - INFO - procotol:http, hostname:www.78.cn, new_link:/web/zuimeng/
2017-09-16 16:01:43,155 - [webpage_parser.py:63] - INFO - procotol:http, hostname:www.4399.com, new_link:/flash/188200.htm
2017-09-16 16:01:43,155 - [webpage_parser.py:63] - INFO - procotol:http, hostname:e.cn.miaozhen.com, new_link:/beijing/baojun/baojun730/
2017-09-16 16:01:43,156 - [webpage_parser.py:63] - INFO - procotol:http, hostname:www.78.cn, new_link:/web/shibisicykyb/
2017-09-16 16:01:43,156 - [webpage_parser.py:63] - INFO - procotol:http, hostname:www.4399.com, new_link:/flash/172452.htm
2017-09-16 16:01:43,157 - [webpage_parser.py:63] - INFO - procotol:http, hostname:e.cn.miaozhen.com, new_link:/beijing/fengtian/aierfa/
2017-09-16 16:01:43,157 - [webpage_parser.py:63] - INFO - procotol:http, hostname:www.78.cn, new_link:/web/bapindao/
2017-09-16 16:01:43,158 - [webpage_parser.py:63] - INFO - procotol:http, hostname:www.4399.com, new_link:/flash/190080.htm
2017-09-16 16:01:43,158 - [webpage_parser.py:63] - INFO - procotol:http, hostname:e.cn.miaozhen.com, new_link:/beijing/s/
2017-09-16 16:01:43,159 - [webpage_parser.py:63] - INFO - procotol:http, hostname:www.78.cn, new_link:/web/tunaiketxgzn/
2017-09-16 16:01:43,160 - [webpage_parser.py:63] - INFO - procotol:http, hostname:www.4399.com, new_link:javascript:hsClear()
2017-09-16 16:01:43,160 - [webpage_parser.py:63] - INFO - procotol:http, hostname:e.cn.miaozhen.com, new_link:/xiamen/che28727005.html#label=0
2017-09-16 16:01:43,161 - [webpage_parser.py:63] - INFO - procotol:http, hostname:www.78.cn, new_link:/web/yushangxicha/
2017-09-16 16:01:43,161 - [webpage_parser.py:63] - INFO - procotol:http, hostname:www.4399.com, new_link:/flash/21674.htm
2017-09-16 16:01:43,162 - [webpage_parser.py:63] - INFO - procotol:http, hostname:e.cn.miaozhen.com, new_link:/xiamen/che28727005.html#label=0
2017-09-16 16:01:43,162 - [webpage_parser.py:63] - INFO - procotol:http, hostname:www.78.cn, new_link:/web/meishiji/
2017-09-16 16:01:43,163 - [webpage_parser.py:63] - INFO - procotol:http, hostname:www.4399.com, new_link:/special/28.htm
2017-09-16 16:01:43,163 - [webpage_parser.py:63] - INFO - procotol:http, hostname:e.cn.miaozhen.com, new_link:/lianyungang/che46494325.html#label=0
2017-09-16 16:01:43,164 - [webpage_parser.py:63] - INFO - procotol:http, hostname:www.78.cn, new_link:/web/wujiandaocy/
2017-09-16 16:01:43,164 - [webpage_parser.py:63] - INFO - procotol:http, hostname:www.4399.com, new_link:/flash/18012.htm
2017-09-16 16:01:43,165 - [webpage_parser.py:63] - INFO - procotol:http, hostname:e.cn.miaozhen.com, new_link:/lianyungang/che46494325.html#label=0
2017-09-16 16:01:43,166 - [webpage_parser.py:63] - INFO - procotol:http, hostname:www.78.cn, new_link:/web/huiguniangganxiz/
2017-09-16 16:01:43,168 - [webpage_parser.py:63] - INFO - procotol:http, hostname:www.4399.com, new_link:/special/182.htm
2017-09-16 16:01:43,171 - [webpage_parser.py:63] - INFO - procotol:http, hostname:e.cn.miaozhen.com, new_link:/chongqing/che71251018.html#label=3
2017-09-16 16:01:43,172 - [webpage_parser.py:63] - INFO - procotol:http, hostname:www.78.cn, new_link:/web/yutegongcy/
2017-09-16 16:01:43,173 - [webpage_parser.py:63] - INFO - procotol:http, hostname:www.4399.com, new_link:/special/272.htm
2017-09-16 16:01:43,173 - [webpage_parser.py:63] - INFO - procotol:http, hostname:e.cn.miaozhen.com, new_link:/chongqing/che71251018.html#label=3
2017-09-16 16:01:43,174 - [webpage_parser.py:63] - INFO - procotol:http, hostname:www.78.cn, new_link:/web/aifeili/
2017-09-16 16:01:43,175 - [webpage_parser.py:63] - INFO - procotol:http, hostname:www.4399.com, new_link:/flash/35538.htm
2017-09-16 16:01:43,176 - [webpage_parser.py:63] - INFO - procotol:http, hostname:e.cn.miaozhen.com, new_link:/linyi/che58484274.html#label=3
2017-09-16 16:01:43,178 - [webpage_parser.py:63] - INFO - procotol:http, hostname:e.cn.miaozhen.com, new_link:/linyi/che58484274.html#label=3
2017-09-16 16:01:43,179 - [webpage_parser.py:63] - INFO - procotol:http, hostname:e.cn.miaozhen.com, new_link:javascript:;
2017-09-16 16:01:43,180 - [webpage_parser.py:63] - INFO - procotol:http, hostname:e.cn.miaozhen.com, new_link:javascript:;
2017-09-16 16:01:43,181 - [webpage_parser.py:63] - INFO - procotol:http, hostname:e.cn.miaozhen.com, new_link:javascript:;
2017-09-16 16:01:43,177 - [webpage_parser.py:63] - INFO - procotol:http, hostname:www.78.cn, new_link:/web/zhengmeiwei/
2017-09-16 16:01:43,184 - [webpage_parser.py:63] - INFO - procotol:http, hostname:www.78.cn, new_link:/web/xysyhuoguo/
2017-09-16 16:01:43,178 - [webpage_parser.py:63] - INFO - procotol:http, hostname:www.4399.com, new_link:/flash/10379.htm
2017-09-16 16:01:43,183 - [webpage_parser.py:63] - INFO - procotol:http, hostname:e.cn.miaozhen.com, new_link:javascript:;
2017-09-16 16:01:43,185 - [webpage_parser.py:63] - INFO - procotol:http, hostname:www.78.cn, new_link:/web/gongfubaozai/
2017-09-16 16:01:43,186 - [webpage_parser.py:63] - INFO - procotol:http, hostname:www.4399.com, new_link:/flash/seer.htm
2017-09-16 16:01:43,195 - [webpage_parser.py:63] - INFO - procotol:http, hostname:www.4399.com, new_link:/flash/
2017-09-16 16:01:43,196 - [webpage_parser.py:63] - INFO - procotol:http, hostname:www.4399.com, new_link:/special/293.htm
2017-09-16 16:01:43,199 - [webpage_parser.py:63] - INFO - procotol:http, hostname:www.4399.com, new_link:/special/242.htm
2017-09-16 16:01:43,187 - [webpage_parser.py:63] - INFO - procotol:http, hostname:e.cn.miaozhen.com, new_link:javascript:;
2017-09-16 16:01:43,203 - [webpage_parser.py:63] - INFO - procotol:http, hostname:e.cn.miaozhen.com, new_link:javascript:void(0);
2017-09-16 16:01:43,204 - [webpage_parser.py:63] - INFO - procotol:http, hostname:e.cn.miaozhen.com, new_link:javascript:void(0);
2017-09-16 16:01:43,205 - [webpage_parser.py:63] - INFO - procotol:http, hostname:e.cn.miaozhen.com, new_link:javascript:void(0);
2017-09-16 16:01:43,193 - [webpage_parser.py:63] - INFO - procotol:http, hostname:www.78.cn, new_link:/web/zaiyuanjia/
2017-09-16 16:01:43,207 - [webpage_parser.py:63] - INFO - procotol:http, hostname:www.78.cn, new_link:/web/zwznscxtong/
2017-09-16 16:01:43,208 - [webpage_parser.py:63] - INFO - procotol:http, hostname:www.78.cn, new_link:/web/mofabbbbtc/
2017-09-16 16:01:43,201 - [webpage_parser.py:63] - INFO - procotol:http, hostname:www.4399.com, new_link:/special/259.htm
2017-09-16 16:01:43,206 - [webpage_parser.py:63] - INFO - procotol:http, hostname:e.cn.miaozhen.com, new_link:javascript:void(0);
2017-09-16 16:01:43,211 - [webpage_parser.py:63] - INFO - procotol:http, hostname:www.78.cn, new_link:/web/yimoyangguang/
2017-09-16 16:01:43,216 - [webpage_parser.py:63] - INFO - procotol:http, hostname:www.78.cn, new_link:/web/tanlaoyuscy/
2017-09-16 16:01:43,220 - [webpage_parser.py:63] - INFO - procotol:http, hostname:www.78.cn, new_link:/web/lxcbiandang/
2017-09-16 16:01:43,221 - [webpage_parser.py:63] - INFO - procotol:http, hostname:www.78.cn, new_link:/web/shanjigezjhb/
2017-09-16 16:01:43,224 - [webpage_parser.py:63] - INFO - procotol:http, hostname:www.78.cn, new_link:/web/baletu/
2017-09-16 16:01:43,225 - [webpage_parser.py:63] - INFO - procotol:http, hostname:www.78.cn, new_link:/web/waguankuaican2/
2017-09-16 16:01:43,214 - [webpage_parser.py:63] - INFO - procotol:http, hostname:e.cn.miaozhen.com, new_link:javascript:void(0);
2017-09-16 16:01:43,212 - [webpage_parser.py:63] - INFO - procotol:http, hostname:www.4399.com, new_link:/special/134.htm
2017-09-16 16:01:43,226 - [webpage_parser.py:63] - INFO - procotol:http, hostname:www.78.cn, new_link:/web/dkchayin/
2017-09-16 16:01:43,228 - [webpage_parser.py:63] - INFO - procotol:http, hostname:e.cn.miaozhen.com, new_link:javascript:;
2017-09-16 16:01:43,229 - [webpage_parser.py:63] - INFO - procotol:http, hostname:www.4399.com, new_link:/special/109.htm
2017-09-16 16:01:43,230 - [webpage_parser.py:63] - INFO - procotol:http, hostname:www.78.cn, new_link:/web/nuodeniupaibei/
2017-09-16 16:01:43,231 - [webpage_parser.py:63] - INFO - procotol:http, hostname:e.cn.miaozhen.com, new_link:/aboutus/
2017-09-16 16:01:43,232 - [webpage_parser.py:63] - INFO - procotol:http, hostname:www.4399.com, new_link:/special/209.htm
2017-09-16 16:01:43,233 - [webpage_parser.py:63] - INFO - procotol:http, hostname:www.4399.com, new_link:/special/195.htm
2017-09-16 16:01:43,233 - [webpage_parser.py:63] - INFO - procotol:http, hostname:www.4399.com, new_link:/flash/27924.htm
2017-09-16 16:01:43,234 - [webpage_parser.py:63] - INFO - procotol:http, hostname:www.4399.com, new_link:/flash/32979.htm
2017-09-16 16:01:43,235 - [webpage_parser.py:63] - INFO - procotol:http, hostname:e.cn.miaozhen.com, new_link:/joinus/
2017-09-16 16:01:43,236 - [webpage_parser.py:63] - INFO - procotol:http, hostname:e.cn.miaozhen.com, new_link:/help/
2017-09-16 16:01:43,236 - [webpage_parser.py:63] - INFO - procotol:http, hostname:e.cn.miaozhen.com, new_link:/feedback/
2017-09-16 16:01:43,238 - [webpage_parser.py:63] - INFO - procotol:http, hostname:www.78.cn, new_link:/web/zuigaojimi/
2017-09-16 16:01:43,239 - [webpage_parser.py:63] - INFO - procotol:http, hostname:www.4399.com, new_link:/special/194.htm
2017-09-16 16:01:43,240 - [webpage_parser.py:63] - INFO - procotol:http, hostname:e.cn.miaozhen.com, new_link:/beijing/sitemap.html
2017-09-16 16:01:43,240 - [webpage_parser.py:63] - INFO - procotol:http, hostname:www.78.cn, new_link:/web/jinmujin/
2017-09-16 16:01:43,241 - [webpage_parser.py:63] - INFO - procotol:http, hostname:e.cn.miaozhen.com, new_link:/quanguo/
2017-09-16 16:01:43,242 - [webpage_parser.py:63] - INFO - procotol:http, hostname:www.78.cn, new_link:/web/feichizhongtgmy/
2017-09-16 16:01:43,241 - [webpage_parser.py:63] - INFO - procotol:http, hostname:www.4399.com, new_link:/special/295.htm
2017-09-16 16:01:43,242 - [webpage_parser.py:63] - INFO - procotol:http, hostname:e.cn.miaozhen.com, new_link:/quanguo/s/
2017-09-16 16:01:43,243 - [webpage_parser.py:63] - INFO - procotol:http, hostname:www.78.cn, new_link:/web/wgtwjtsfmian/
2017-09-16 16:01:43,243 - [webpage_parser.py:63] - INFO - procotol:http, hostname:www.4399.com, new_link:/special/59.htm
2017-09-16 16:01:43,243 - [webpage_parser.py:63] - INFO - procotol:http, hostname:e.cn.miaozhen.com, new_link:/beijing/
2017-09-16 16:01:43,244 - [webpage_parser.py:63] - INFO - procotol:http, hostname:www.78.cn, new_link:/web/meishimimamt/
2017-09-16 16:01:43,244 - [webpage_parser.py:63] - INFO - procotol:http, hostname:www.4399.com, new_link:/special/219.htm
2017-09-16 16:01:43,246 - [webpage_parser.py:63] - INFO - procotol:http, hostname:www.4399.com, new_link:/special/26.htm
2017-09-16 16:01:43,245 - [webpage_parser.py:63] - INFO - procotol:http, hostname:www.78.cn, new_link:/web/mingpinhuijin/
2017-09-16 16:01:43,245 - [webpage_parser.py:63] - INFO - procotol:http, hostname:e.cn.miaozhen.com, new_link:/guangzhou/
2017-09-16 16:01:43,247 - [webpage_parser.py:63] - INFO - procotol:http, hostname:www.4399.com, new_link:/special/31.htm
2017-09-16 16:01:43,249 - [webpage_parser.py:63] - INFO - procotol:http, hostname:www.4399.com, new_link:/flash/48399.htm
2017-09-16 16:01:43,250 - [webpage_parser.py:63] - INFO - procotol:http, hostname:www.4399.com, new_link:/special/225.htm
2017-09-16 16:01:43,247 - [webpage_parser.py:63] - INFO - procotol:http, hostname:www.78.cn, new_link:/web/yibuqiangyi/
2017-09-16 16:01:43,248 - [webpage_parser.py:63] - INFO - procotol:http, hostname:e.cn.miaozhen.com, new_link:/shanghai/
2017-09-16 16:01:43,251 - [webpage_parser.py:63] - INFO - procotol:http, hostname:e.cn.miaozhen.com, new_link:/hangzhou/
2017-09-16 16:01:43,252 - [webpage_parser.py:63] - INFO - procotol:http, hostname:e.cn.miaozhen.com, new_link:/shenzhen/
2017-09-16 16:01:43,253 - [webpage_parser.py:63] - INFO - procotol:http, hostname:e.cn.miaozhen.com, new_link:/chengdu/
2017-09-16 16:01:43,254 - [webpage_parser.py:63] - INFO - procotol:http, hostname:e.cn.miaozhen.com, new_link:/tianjin/
2017-09-16 16:01:43,250 - [webpage_parser.py:63] - INFO - procotol:http, hostname:www.4399.com, new_link:/special/270.htm
2017-09-16 16:01:43,251 - [webpage_parser.py:63] - INFO - procotol:http, hostname:www.78.cn, new_link:/web/bihaijbbkf/
2017-09-16 16:01:43,255 - [webpage_parser.py:63] - INFO - procotol:http, hostname:e.cn.miaozhen.com, new_link:/shijiazhuang/
2017-09-16 16:01:43,256 - [webpage_parser.py:63] - INFO - procotol:http, hostname:www.78.cn, new_link:/web/vrzhutigongyuan/
2017-09-16 16:01:43,257 - [webpage_parser.py:63] - INFO - procotol:http, hostname:www.4399.com, new_link:/special/136.htm
2017-09-16 16:01:43,257 - [webpage_parser.py:63] - INFO - procotol:http, hostname:e.cn.miaozhen.com, new_link:/nanning/
2017-09-16 16:01:43,258 - [webpage_parser.py:63] - INFO - procotol:http, hostname:www.78.cn, new_link:/web/kewenshicailiq/
2017-09-16 16:01:43,259 - [webpage_parser.py:63] - INFO - procotol:http, hostname:www.4399.com, new_link:/flash/gamehw.htm
2017-09-16 16:01:43,260 - [webpage_parser.py:63] - INFO - procotol:http, hostname:e.cn.miaozhen.com, new_link:/shenyang/
2017-09-16 16:01:43,260 - [webpage_parser.py:63] - INFO - procotol:http, hostname:www.78.cn, new_link:/web/rongshidazhinengxiyi/
2017-09-16 16:01:43,261 - [webpage_parser.py:63] - INFO - procotol:http, hostname:www.4399.com, new_link:/flash/gamehw.htm
2017-09-16 16:01:43,262 - [webpage_parser.py:63] - INFO - procotol:http, hostname:e.cn.miaozhen.com, new_link:/nanjing/
2017-09-16 16:01:43,262 - [webpage_parser.py:63] - INFO - procotol:http, hostname:www.78.cn, new_link:/web/meishimeike/
2017-09-16 16:01:43,263 - [webpage_parser.py:63] - INFO - procotol:http, hostname:www.4399.com, new_link:/flash/
2017-09-16 16:01:43,266 - [webpage_parser.py:63] - INFO - procotol:http, hostname:www.4399.com, new_link:/flash/191203.htm
2017-09-16 16:01:43,266 - [webpage_parser.py:63] - INFO - procotol:http, hostname:www.4399.com, new_link:/flash/191542.htm
2017-09-16 16:01:43,267 - [webpage_parser.py:63] - INFO - procotol:http, hostname:www.4399.com, new_link:/flash/191433.htm
2017-09-16 16:01:43,267 - [webpage_parser.py:63] - INFO - procotol:http, hostname:www.4399.com, new_link:/flash/191084.htm
2017-09-16 16:01:43,268 - [webpage_parser.py:63] - INFO - procotol:http, hostname:www.4399.com, new_link:/flash/130396.htm
2017-09-16 16:01:43,269 - [webpage_parser.py:63] - INFO - procotol:http, hostname:www.4399.com, new_link:/flash/188528.htm
2017-09-16 16:01:43,270 - [webpage_parser.py:63] - INFO - procotol:http, hostname:www.4399.com, new_link:/flash/191276.htm
2017-09-16 16:01:43,264 - [webpage_parser.py:63] - INFO - procotol:http, hostname:e.cn.miaozhen.com, new_link:/xian/
2017-09-16 16:01:43,265 - [webpage_parser.py:63] - INFO - procotol:http, hostname:www.78.cn, new_link:/web/lujiong/
2017-09-16 16:01:43,270 - [webpage_parser.py:63] - INFO - procotol:http, hostname:www.4399.com, new_link:/flash/190951.htm
2017-09-16 16:01:43,271 - [webpage_parser.py:63] - INFO - procotol:http, hostname:e.cn.miaozhen.com, new_link:/haerbin/
2017-09-16 16:01:43,272 - [webpage_parser.py:63] - INFO - procotol:http, hostname:www.78.cn, new_link:/web/qycclyinpin/
2017-09-16 16:01:43,273 - [webpage_parser.py:63] - INFO - procotol:http, hostname:www.4399.com, new_link:/flash/190533.htm
2017-09-16 16:01:43,274 - [webpage_parser.py:63] - INFO - procotol:http, hostname:e.cn.miaozhen.com, new_link:/jinan/
2017-09-16 16:01:43,274 - [webpage_parser.py:63] - INFO - procotol:http, hostname:www.78.cn, new_link:/web/yushangxicha/
2017-09-16 16:01:43,275 - [webpage_parser.py:63] - INFO - procotol:http, hostname:www.4399.com, new_link:/flash/190702.htm
2017-09-16 16:01:43,276 - [webpage_parser.py:63] - INFO - procotol:http, hostname:e.cn.miaozhen.com, new_link:/zhengzhou/
2017-09-16 16:01:43,277 - [webpage_parser.py:63] - INFO - procotol:http, hostname:www.78.cn, new_link:/web/shayinwu/
2017-09-16 16:01:43,277 - [webpage_parser.py:63] - INFO - procotol:http, hostname:www.4399.com, new_link:/flash/190361.htm
2017-09-16 16:01:43,277 - [webpage_parser.py:63] - INFO - procotol:http, hostname:e.cn.miaozhen.com, new_link:/taiyuan/
2017-09-16 16:01:43,278 - [webpage_parser.py:63] - INFO - procotol:http, hostname:www.78.cn, new_link:/web/zhiailisi2/
2017-09-16 16:01:43,279 - [webpage_parser.py:63] - INFO - procotol:http, hostname:www.4399.com, new_link:/flash/188998.htm
2017-09-16 16:01:43,279 - [webpage_parser.py:63] - INFO - procotol:http, hostname:e.cn.miaozhen.com, new_link:/wuhan/
2017-09-16 16:01:43,279 - [webpage_parser.py:63] - INFO - procotol:http, hostname:www.78.cn, new_link:/web/fajuehongpei/
2017-09-16 16:01:43,280 - [webpage_parser.py:63] - INFO - procotol:http, hostname:www.4399.com, new_link:/flash/100897.htm
2017-09-16 16:01:43,280 - [webpage_parser.py:63] - INFO - procotol:http, hostname:e.cn.miaozhen.com, new_link:/kunming/
2017-09-16 16:01:43,281 - [webpage_parser.py:63] - INFO - procotol:http, hostname:www.78.cn, new_link:/web/meitelaisi/
2017-09-16 16:01:43,281 - [webpage_parser.py:63] - INFO - procotol:http, hostname:www.4399.com, new_link:/flash/190449.htm
2017-09-16 16:01:43,282 - [webpage_parser.py:63] - INFO - procotol:http, hostname:e.cn.miaozhen.com, new_link:/changsha/
2017-09-16 16:01:43,282 - [webpage_parser.py:63] - INFO - procotol:http, hostname:www.78.cn, new_link:/web/chadangjia/
2017-09-16 16:01:43,283 - [webpage_parser.py:63] - INFO - procotol:http, hostname:www.4399.com, new_link:/flash/189680.htm
2017-09-16 16:01:43,283 - [webpage_parser.py:63] - INFO - procotol:http, hostname:e.cn.miaozhen.com, new_link:/qingdao/
2017-09-16 16:01:43,284 - [webpage_parser.py:63] - INFO - procotol:http, hostname:www.78.cn, new_link:/web/daxiguaqzqpg/
2017-09-16 16:01:43,285 - [webpage_parser.py:63] - INFO - procotol:http, hostname:www.4399.com, new_link:/flash/188739.htm
2017-09-16 16:01:43,286 - [webpage_parser.py:63] - INFO - procotol:http, hostname:e.cn.miaozhen.com, new_link:/ningbo/
2017-09-16 16:01:43,287 - [webpage_parser.py:63] - INFO - procotol:http, hostname:www.78.cn, new_link:/web/haiwoquanqiugou/
2017-09-16 16:01:43,288 - [webpage_parser.py:63] - INFO - procotol:http, hostname:www.4399.com, new_link:/flash/190314.htm
2017-09-16 16:01:43,288 - [webpage_parser.py:63] - INFO - procotol:http, hostname:e.cn.miaozhen.com, new_link:/chongqing/
2017-09-16 16:01:43,289 - [webpage_parser.py:63] - INFO - procotol:http, hostname:www.78.cn, new_link:/web/shayinwu/
2017-09-16 16:01:43,289 - [webpage_parser.py:63] - INFO - procotol:http, hostname:www.4399.com, new_link:/flash/189914.htm
2017-09-16 16:01:43,290 - [webpage_parser.py:63] - INFO - procotol:http, hostname:e.cn.miaozhen.com, new_link:/hefei/
2017-09-16 16:01:43,291 - [webpage_parser.py:63] - INFO - procotol:http, hostname:www.78.cn, new_link:/web/wuchabang/
2017-09-16 16:01:43,291 - [webpage_parser.py:63] - INFO - procotol:http, hostname:www.4399.com, new_link:/flash/172188.htm
2017-09-16 16:01:43,292 - [webpage_parser.py:63] - INFO - procotol:http, hostname:e.cn.miaozhen.com, new_link:/guiyang/
2017-09-16 16:01:43,293 - [webpage_parser.py:63] - INFO - procotol:http, hostname:www.78.cn, new_link:/web/zyhtcphuntun/
2017-09-16 16:01:43,293 - [webpage_parser.py:63] - INFO - procotol:http, hostname:www.4399.com, new_link:/flash/189343.htm
2017-09-16 16:01:43,294 - [webpage_parser.py:63] - INFO - procotol:http, hostname:e.cn.miaozhen.com, new_link:/suzhou/
2017-09-16 16:01:43,294 - [webpage_parser.py:63] - INFO - procotol:http, hostname:www.78.cn, new_link:/web/niujiuduangfkr/
2017-09-16 16:01:43,295 - [webpage_parser.py:63] - INFO - procotol:http, hostname:www.4399.com, new_link:/flash/190285.htm
2017-09-16 16:01:43,295 - [webpage_parser.py:63] - INFO - procotol:http, hostname:e.cn.miaozhen.com, new_link:/huhehaote/
2017-09-16 16:01:43,296 - [webpage_parser.py:63] - INFO - procotol:http, hostname:www.78.cn, new_link:/web/maoshushu/
2017-09-16 16:01:43,296 - [webpage_parser.py:63] - INFO - procotol:http, hostname:www.4399.com, new_link:/flash/189096.htm
2017-09-16 16:01:43,297 - [webpage_parser.py:63] - INFO - procotol:http, hostname:e.cn.miaozhen.com, new_link:/foshan/
2017-09-16 16:01:43,297 - [webpage_parser.py:63] - INFO - procotol:http, hostname:www.78.cn, new_link:/web/qianducaizsgf/
2017-09-16 16:01:43,298 - [webpage_parser.py:63] - INFO - procotol:http, hostname:www.4399.com, new_link:/flash/80727.htm
2017-09-16 16:01:43,298 - [webpage_parser.py:63] - INFO - procotol:http, hostname:e.cn.miaozhen.com, new_link:/wenzhou/
2017-09-16 16:01:43,298 - [webpage_parser.py:63] - INFO - procotol:http, hostname:www.78.cn, new_link:/web/meilehou/
2017-09-16 16:01:43,299 - [webpage_parser.py:63] - INFO - procotol:http, hostname:www.4399.com, new_link:/flash/90302.htm
2017-09-16 16:01:43,300 - [webpage_parser.py:63] - INFO - procotol:http, hostname:e.cn.miaozhen.com, new_link:/beijing/ktm/
2017-09-16 16:01:43,300 - [webpage_parser.py:63] - INFO - procotol:http, hostname:www.78.cn, new_link:/web/moshouyinpin/
2017-09-16 16:01:43,301 - [webpage_parser.py:63] - INFO - procotol:http, hostname:www.4399.com, new_link:/flash/155555.htm
2017-09-16 16:01:43,302 - [webpage_parser.py:63] - INFO - procotol:http, hostname:e.cn.miaozhen.com, new_link:/beijing/kawei/
2017-09-16 16:01:43,303 - [webpage_parser.py:63] - INFO - procotol:http, hostname:www.78.cn, new_link:/web/migaolintiebancf/
2017-09-16 16:01:43,303 - [webpage_parser.py:63] - INFO - procotol:http, hostname:www.4399.com, new_link:/flash/188000.htm
2017-09-16 16:01:43,304 - [webpage_parser.py:63] - INFO - procotol:http, hostname:e.cn.miaozhen.com, new_link:/beijing/tesila/
2017-09-16 16:01:43,304 - [webpage_parser.py:63] - INFO - procotol:http, hostname:www.78.cn, new_link:/web/wanguomatou/
2017-09-16 16:01:43,305 - [webpage_parser.py:63] - INFO - procotol:http, hostname:www.4399.com, new_link:/flash/190235.htm
2017-09-16 16:01:43,305 - [webpage_parser.py:63] - INFO - procotol:http, hostname:e.cn.miaozhen.com, new_link:/beijing/kaimaqiche/
2017-09-16 16:01:43,305 - [webpage_parser.py:63] - INFO - procotol:http, hostname:www.78.cn, new_link:/web/tangmuzhijiahbkc/
2017-09-16 16:01:43,306 - [webpage_parser.py:63] - INFO - procotol:http, hostname:www.4399.com, new_link:/flash/188593.htm
2017-09-16 16:01:43,306 - [webpage_parser.py:63] - INFO - procotol:http, hostname:e.cn.miaozhen.com, new_link:/beijing/ludifangzhou/
2017-09-16 16:01:43,307 - [webpage_parser.py:63] - INFO - procotol:http, hostname:www.78.cn, new_link:/web/baolaibaoqu/
2017-09-16 16:01:43,307 - [webpage_parser.py:63] - INFO - procotol:http, hostname:www.4399.com, new_link:/flash/187040.htm
2017-09-16 16:01:43,307 - [webpage_parser.py:63] - INFO - procotol:http, hostname:e.cn.miaozhen.com, new_link:/beijing/weichaiyingzhi/
2017-09-16 16:01:43,308 - [webpage_parser.py:63] - INFO - procotol:http, hostname:www.78.cn, new_link:/web/ympztxxb/
2017-09-16 16:01:43,308 - [webpage_parser.py:63] - INFO - procotol:http, hostname:www.4399.com, new_link:/flash/161679.htm
2017-09-16 16:01:43,308 - [webpage_parser.py:63] - INFO - procotol:http, hostname:e.cn.miaozhen.com, new_link:/beijing/kaiyi/
2017-09-16 16:01:43,309 - [webpage_parser.py:63] - INFO - procotol:http, hostname:www.78.cn, new_link:/web/linjianmy/
2017-09-16 16:01:43,309 - [webpage_parser.py:63] - INFO - procotol:http, hostname:www.4399.com, new_link:/flash/133630.htm
2017-09-16 16:01:43,309 - [webpage_parser.py:63] - INFO - procotol:http, hostname:e.cn.miaozhen.com, new_link:/beijing/huasong/
2017-09-16 16:01:43,310 - [webpage_parser.py:63] - INFO - procotol:http, hostname:www.78.cn, new_link:/web/aimeiya/
2017-09-16 16:01:43,310 - [webpage_parser.py:63] - INFO - procotol:http, hostname:www.4399.com, new_link:/flash/187759.htm
2017-09-16 16:01:43,311 - [webpage_parser.py:63] - INFO - procotol:http, hostname:e.cn.miaozhen.com, new_link:/beijing/localmotors/
2017-09-16 16:01:43,311 - [webpage_parser.py:63] - INFO - procotol:http, hostname:www.78.cn, new_link:/web/zhongkehn/
2017-09-16 16:01:43,312 - [webpage_parser.py:63] - INFO - procotol:http, hostname:www.4399.com, new_link:/flash/151038.htm
2017-09-16 16:01:43,312 - [webpage_parser.py:63] - INFO - procotol:http, hostname:e.cn.miaozhen.com, new_link:/beijing/shuixing/
2017-09-16 16:01:43,313 - [webpage_parser.py:63] - INFO - procotol:http, hostname:www.78.cn, new_link:/web/darenshijie/
2017-09-16 16:01:43,313 - [webpage_parser.py:63] - INFO - procotol:http, hostname:www.4399.com, new_link:/flash/190010.htm
2017-09-16 16:01:43,313 - [webpage_parser.py:63] - INFO - procotol:http, hostname:e.cn.miaozhen.com, new_link:/beijing/lada/
2017-09-16 16:01:43,314 - [webpage_parser.py:63] - INFO - procotol:http, hostname:www.78.cn, new_link:/web/shiqsdsgbf/
2017-09-16 16:01:43,314 - [webpage_parser.py:63] - INFO - procotol:http, hostname:www.4399.com, new_link:/flash/188063.htm
2017-09-16 16:01:43,314 - [webpage_parser.py:63] - INFO - procotol:http, hostname:e.cn.miaozhen.com, new_link:/beijing/luofu/
2017-09-16 16:01:43,315 - [webpage_parser.py:63] - INFO - procotol:http, hostname:www.78.cn, new_link:/web/hanfugong/
2017-09-16 16:01:43,315 - [webpage_parser.py:63] - INFO - procotol:http, hostname:www.4399.com, new_link:/flash/185815.htm
2017-09-16 16:01:43,315 - [webpage_parser.py:63] - INFO - procotol:http, hostname:e.cn.miaozhen.com, new_link:/beijing/kangdiquanqiuying/
2017-09-16 16:01:43,316 - [webpage_parser.py:63] - INFO - procotol:http, hostname:www.78.cn, new_link:/web/lamdnmjpbei/
2017-09-16 16:01:43,317 - [webpage_parser.py:63] - INFO - procotol:http, hostname:www.4399.com, new_link:/flash/93551.htm
2017-09-16 16:01:43,317 - [webpage_parser.py:63] - INFO - procotol:http, hostname:e.cn.miaozhen.com, new_link:/beijing/laolunshi/
2017-09-16 16:01:43,318 - [webpage_parser.py:63] - INFO - procotol:http, hostname:www.78.cn, new_link:/web/baiduozi/
2017-09-16 16:01:43,318 - [webpage_parser.py:63] - INFO - procotol:http, hostname:www.4399.com, new_link:/flash/186311.htm
2017-09-16 16:01:43,319 - [webpage_parser.py:63] - INFO - procotol:http, hostname:e.cn.miaozhen.com, new_link:/beijing/zhidou/
2017-09-16 16:01:43,320 - [webpage_parser.py:63] - INFO - procotol:http, hostname:www.78.cn, new_link:/web/yudecuo/
2017-09-16 16:01:43,320 - [webpage_parser.py:63] - INFO - procotol:http, hostname:www.4399.com, new_link:/flash/178196.htm
2017-09-16 16:01:43,321 - [webpage_parser.py:63] - INFO - procotol:http, hostname:e.cn.miaozhen.com, new_link:/beijing/qiaozhibadun/
2017-09-16 16:01:43,321 - [webpage_parser.py:63] - INFO - procotol:http, hostname:www.78.cn, new_link:/web/zibainong/
2017-09-16 16:01:43,322 - [webpage_parser.py:63] - INFO - procotol:http, hostname:www.4399.com, new_link:/flash/187506.htm
2017-09-16 16:01:43,322 - [webpage_parser.py:63] - INFO - procotol:http, hostname:e.cn.miaozhen.com, new_link:/beijing/huakai/
2017-09-16 16:01:43,323 - [webpage_parser.py:63] - INFO - procotol:http, hostname:www.78.cn, new_link:/web/cyinaic/
2017-09-16 16:01:43,323 - [webpage_parser.py:63] - INFO - procotol:http, hostname:www.4399.com, new_link:/flash/184693.htm
2017-09-16 16:01:43,323 - [webpage_parser.py:63] - INFO - procotol:http, hostname:e.cn.miaozhen.com, new_link:/beijing/leiding/
2017-09-16 16:01:43,324 - [webpage_parser.py:63] - INFO - procotol:http, hostname:www.78.cn, new_link:/web/qiaodongjiapaigu/
2017-09-16 16:01:43,324 - [webpage_parser.py:63] - INFO - procotol:http, hostname:www.4399.com, new_link:/flash/182305.htm
2017-09-16 16:01:43,324 - [webpage_parser.py:63] - INFO - procotol:http, hostname:e.cn.miaozhen.com, new_link:/beijing/baowo/
2017-09-16 16:01:43,325 - [webpage_parser.py:63] - INFO - procotol:http, hostname:www.78.cn, new_link:/web/oumifeicl/
2017-09-16 16:01:43,325 - [webpage_parser.py:63] - INFO - procotol:http, hostname:www.4399.com, new_link:/flash/160855.htm
2017-09-16 16:01:43,326 - [webpage_parser.py:63] - INFO - procotol:http, hostname:e.cn.miaozhen.com, new_link:/beijing/hafu/
2017-09-16 16:01:43,326 - [webpage_parser.py:63] - INFO - procotol:http, hostname:www.78.cn, new_link:/web/shalayj/
2017-09-16 16:01:43,326 - [webpage_parser.py:63] - INFO - procotol:http, hostname:www.4399.com, new_link:/flash/110116.htm
2017-09-16 16:01:43,327 - [webpage_parser.py:63] - INFO - procotol:http, hostname:e.cn.miaozhen.com, new_link:/beijing/qichen/
2017-09-16 16:01:43,327 - [webpage_parser.py:63] - INFO - procotol:http, hostname:www.78.cn, new_link:/web/babikurouxiebao/
2017-09-16 16:01:43,328 - [webpage_parser.py:63] - INFO - procotol:http, hostname:www.4399.com, new_link:/flash/187516.htm
2017-09-16 16:01:43,328 - [webpage_parser.py:63] - INFO - procotol:http, hostname:e.cn.miaozhen.com, new_link:/beijing/beiqiweiwang/
2017-09-16 16:01:43,328 - [webpage_parser.py:63] - INFO - procotol:http, hostname:www.78.cn, new_link:/web/syjkxhxmmian/
2017-09-16 16:01:43,329 - [webpage_parser.py:63] - INFO - procotol:http, hostname:www.4399.com, new_link:/flash/180733.htm
2017-09-16 16:01:43,329 - [webpage_parser.py:63] - INFO - procotol:http, hostname:e.cn.miaozhen.com, new_link:/beijing/beiqishenbao/
2017-09-16 16:01:43,329 - [webpage_parser.py:63] - INFO - procotol:http, hostname:www.78.cn, new_link:/web/yudemenkaoyu/
2017-09-16 16:01:43,330 - [webpage_parser.py:63] - INFO - procotol:http, hostname:www.4399.com, new_link:/flash/187947.htm
2017-09-16 16:01:43,330 - [webpage_parser.py:63] - INFO - procotol:http, hostname:e.cn.miaozhen.com, new_link:/beijing/linian/
2017-09-16 16:01:43,331 - [webpage_parser.py:63] - INFO - procotol:http, hostname:www.78.cn, new_link:/web/pifeili/
2017-09-16 16:01:43,331 - [webpage_parser.py:63] - INFO - procotol:http, hostname:www.4399.com, new_link:/flash/177466.htm
2017-09-16 16:01:43,331 - [webpage_parser.py:63] - INFO - procotol:http, hostname:e.cn.miaozhen.com, new_link:/beijing/siming/
2017-09-16 16:01:43,332 - [webpage_parser.py:63] - INFO - procotol:http, hostname:www.78.cn, new_link:/web/huanghouyxhb/
2017-09-16 16:01:43,332 - [webpage_parser.py:63] - INFO - procotol:http, hostname:www.4399.com, new_link:/flash/185451.htm
2017-09-16 16:01:43,332 - [webpage_parser.py:63] - INFO - procotol:http, hostname:e.cn.miaozhen.com, new_link:/beijing/tengshi/
2017-09-16 16:01:43,333 - [webpage_parser.py:63] - INFO - procotol:http, hostname:www.78.cn, new_link:/web/weekbld/
2017-09-16 16:01:43,334 - [webpage_parser.py:63] - INFO - procotol:http, hostname:www.4399.com, new_link:/flash/147327.htm
2017-09-16 16:01:43,335 - [webpage_parser.py:63] - INFO - procotol:http, hostname:e.cn.miaozhen.com, new_link:/beijing/ds/
2017-09-16 16:01:43,335 - [webpage_parser.py:63] - INFO - procotol:http, hostname:www.78.cn, new_link:/web/niuluobinhongpei/
2017-09-16 16:01:43,336 - [webpage_parser.py:63] - INFO - procotol:http, hostname:www.4399.com, new_link:/flash/113859.htm
2017-09-16 16:01:43,337 - [webpage_parser.py:63] - INFO - procotol:http, hostname:e.cn.miaozhen.com, new_link:/beijing/dongfengxiaokang/
2017-09-16 16:01:43,337 - [webpage_parser.py:63] - INFO - procotol:http, hostname:www.78.cn, new_link:/web/nanyunspwxjmf/
2017-09-16 16:01:43,338 - [webpage_parser.py:63] - INFO - procotol:http, hostname:www.4399.com, new_link:/flash/185930.htm
2017-09-16 16:01:43,338 - [webpage_parser.py:63] - INFO - procotol:http, hostname:e.cn.miaozhen.com, new_link:/beijing/dongfengfengguang/
2017-09-16 16:01:43,339 - [webpage_parser.py:63] - INFO - procotol:http, hostname:www.78.cn, new_link:/web/ningmenggongfang2/
2017-09-16 16:01:43,339 - [webpage_parser.py:63] - INFO - procotol:http, hostname:www.4399.com, new_link:/flash/187792.htm
2017-09-16 16:01:43,339 - [webpage_parser.py:63] - INFO - procotol:http, hostname:e.cn.miaozhen.com, new_link:/beijing/dongfengfengxing/
2017-09-16 16:01:43,340 - [webpage_parser.py:63] - INFO - procotol:http, hostname:www.78.cn, new_link:/web/douniushi/
2017-09-16 16:01:43,340 - [webpage_parser.py:63] - INFO - procotol:http, hostname:www.4399.com, new_link:/flash/187392.htm
2017-09-16 16:01:43,341 - [webpage_parser.py:63] - INFO - procotol:http, hostname:e.cn.miaozhen.com, new_link:/beijing/shuanglong/xiangyu/
2017-09-16 16:01:43,341 - [webpage_parser.py:63] - INFO - procotol:http, hostname:www.78.cn, new_link:/web/yulebaichuankaoyu/
2017-09-16 16:01:43,341 - [webpage_parser.py:63] - INFO - procotol:http, hostname:www.4399.com, new_link:/flash/171900.htm
2017-09-16 16:01:43,342 - [webpage_parser.py:63] - INFO - procotol:http, hostname:e.cn.miaozhen.com, new_link:/beijing/xiandai/yazun/
2017-09-16 16:01:43,342 - [webpage_parser.py:63] - INFO - procotol:http, hostname:www.78.cn, new_link:/web/jiaogeyazi/
2017-09-16 16:01:43,343 - [webpage_parser.py:63] - INFO - procotol:http, hostname:www.4399.com, new_link:/flash/123456.htm
2017-09-16 16:01:43,343 - [webpage_parser.py:63] - INFO - procotol:http, hostname:e.cn.miaozhen.com, new_link:/beijing/xiandai/shengdajinkou/
2017-09-16 16:01:43,344 - [webpage_parser.py:63] - INFO - procotol:http, hostname:www.78.cn, new_link:/web/longchaoky/
2017-09-16 16:01:43,344 - [webpage_parser.py:63] - INFO - procotol:http, hostname:www.4399.com, new_link:/flash/181234.htm
2017-09-16 16:01:43,344 - [webpage_parser.py:63] - INFO - procotol:http, hostname:e.cn.miaozhen.com, new_link:/beijing/xiandai/suonatajinkou/
2017-09-16 16:01:43,345 - [webpage_parser.py:63] - INFO - procotol:http, hostname:www.78.cn, new_link:/web/zaiyuanjia/
2017-09-16 16:01:43,345 - [webpage_parser.py:63] - INFO - procotol:http, hostname:www.4399.com, new_link:/flash/127192.htm
2017-09-16 16:01:43,345 - [webpage_parser.py:63] - INFO - procotol:http, hostname:e.cn.miaozhen.com, new_link:/beijing/xiandai/weilakesi/
2017-09-16 16:01:43,346 - [webpage_parser.py:63] - INFO - procotol:http, hostname:www.78.cn, new_link:/web/beikehanbao2/
2017-09-16 16:01:43,346 - [webpage_parser.py:63] - INFO - procotol:http, hostname:www.4399.com, new_link:/flash/172608.htm
2017-09-16 16:01:43,347 - [webpage_parser.py:63] - INFO - procotol:http, hostname:e.cn.miaozhen.com, new_link:/beijing/qiya/barui/
2017-09-16 16:01:43,347 - [webpage_parser.py:63] - INFO - procotol:http, hostname:www.78.cn, new_link:/web/gefanni/
2017-09-16 16:01:43,347 - [webpage_parser.py:63] - INFO - procotol:http, hostname:www.4399.com, new_link:/flash/169854.htm
2017-09-16 16:01:43,348 - [webpage_parser.py:63] - INFO - procotol:http, hostname:e.cn.miaozhen.com, new_link:/beijing/xiandai/laoensi/
2017-09-16 16:01:43,348 - [webpage_parser.py:63] - INFO - procotol:http, hostname:www.78.cn, new_link:/web/xchanggf/
2017-09-16 16:01:43,348 - [webpage_parser.py:63] - INFO - procotol:http, hostname:www.4399.com, new_link:/flash/182762.htm
2017-09-16 16:01:43,349 - [webpage_parser.py:63] - INFO - procotol:http, hostname:e.cn.miaozhen.com, new_link:/beijing/asidunmading/one77/
2017-09-16 16:01:43,349 - [webpage_parser.py:63] - INFO - procotol:http, hostname:www.78.cn, new_link:/web/jiexiyaxiyi/
2017-09-16 16:01:43,350 - [webpage_parser.py:63] - INFO - procotol:http, hostname:www.4399.com, new_link:/flash/184591.htm
2017-09-16 16:01:43,351 - [webpage_parser.py:63] - INFO - procotol:http, hostname:e.cn.miaozhen.com, new_link:/beijing/asidunmading/v8vantage/
2017-09-16 16:01:43,351 - [webpage_parser.py:63] - INFO - procotol:http, hostname:www.78.cn, new_link:/web/tunaike/
2017-09-16 16:01:43,352 - [webpage_parser.py:63] - INFO - procotol:http, hostname:www.4399.com, new_link:/flash/180340.htm
2017-09-16 16:01:43,353 - [webpage_parser.py:63] - INFO - procotol:http, hostname:e.cn.miaozhen.com, new_link:/beijing/asidunmading/vanquish/
2017-09-16 16:01:43,353 - [webpage_parser.py:63] - INFO - procotol:http, hostname:www.78.cn, new_link:/web/zibainong/
2017-09-16 16:01:43,354 - [webpage_parser.py:63] - INFO - procotol:http, hostname:www.4399.com, new_link:/flash/179012.htm
2017-09-16 16:01:43,354 - [webpage_parser.py:63] - INFO - procotol:http, hostname:e.cn.miaozhen.com, new_link:/beijing/asidunmading/rapide/
2017-09-16 16:01:43,355 - [webpage_parser.py:63] - INFO - procotol:http, hostname:www.78.cn, new_link:/web/lusanguo/
2017-09-16 16:01:43,355 - [webpage_parser.py:63] - INFO - procotol:http, hostname:www.4399.com, new_link:/flash/73386.htm
2017-09-16 16:01:43,356 - [webpage_parser.py:63] - INFO - procotol:http, hostname:e.cn.miaozhen.com, new_link:/beijing/jiebao/xfjinkou/
2017-09-16 16:01:43,356 - [webpage_parser.py:63] - INFO - procotol:http, hostname:www.78.cn, new_link:/web/fajuehongpei/
2017-09-16 16:01:43,356 - [webpage_parser.py:63] - INFO - procotol:http, hostname:www.4399.com, new_link:/flash/184281.htm
2017-09-16 16:01:43,357 - [webpage_parser.py:63] - INFO - procotol:http, hostname:e.cn.miaozhen.com, new_link:/beijing/luhu/weishi/
2017-09-16 16:01:43,358 - [webpage_parser.py:63] - INFO - procotol:http, hostname:www.78.cn, new_link:/web/manukatp/
2017-09-16 16:01:43,358 - [webpage_parser.py:63] - INFO - procotol:http, hostname:www.4399.com, new_link:/flash/136516.htm
2017-09-16 16:01:43,359 - [webpage_parser.py:63] - INFO - procotol:http, hostname:e.cn.miaozhen.com, new_link:/beijing/mini/clubman/
2017-09-16 16:01:43,359 - [webpage_parser.py:63] - INFO - procotol:http, hostname:www.78.cn, new_link:/web/chanxmszxmg/
2017-09-16 16:01:43,360 - [webpage_parser.py:63] - INFO - procotol:http, hostname:www.4399.com, new_link:/flash/167438.htm
2017-09-16 16:01:43,360 - [webpage_parser.py:63] - INFO - procotol:http, hostname:e.cn.miaozhen.com, new_link:/beijing/daoqi/kuwei/
2017-09-16 16:01:43,360 - [webpage_parser.py:63] - INFO - procotol:http, hostname:www.78.cn, new_link:/web/migaolintiebancf/
2017-09-16 16:01:43,361 - [webpage_parser.py:63] - INFO - procotol:http, hostname:www.4399.com, new_link:/flash/100030.htm
2017-09-16 16:01:43,361 - [webpage_parser.py:63] - INFO - procotol:http, hostname:e.cn.miaozhen.com, new_link:/beijing/linken/chengshi/
2017-09-16 16:01:43,362 - [webpage_parser.py:63] - INFO - procotol:http, hostname:www.78.cn, new_link:/web/moshouyinpin/
2017-09-16 16:01:43,362 - [webpage_parser.py:63] - INFO - procotol:http, hostname:www.4399.com, new_link:/flash/69830.htm
2017-09-16 16:01:43,363 - [webpage_parser.py:63] - INFO - procotol:http, hostname:e.cn.miaozhen.com, new_link:/beijing/linken/linghangyuan/
2017-09-16 16:01:43,363 - [webpage_parser.py:63] - INFO - procotol:http, hostname:www.78.cn, new_link:/web/jinmujin/
2017-09-16 16:01:43,364 - [webpage_parser.py:63] - INFO - procotol:http, hostname:www.4399.com, new_link:/flash/71489.htm
2017-09-16 16:01:43,364 - [webpage_parser.py:63] - INFO - procotol:http, hostname:e.cn.miaozhen.com, new_link:/beijing/linken/mkzjinkou/
2017-09-16 16:01:43,365 - [webpage_parser.py:63] - INFO - procotol:http, hostname:www.78.cn, new_link:/web/jianlaifuyangshenggufang/
2017-09-16 16:01:43,365 - [webpage_parser.py:63] - INFO - procotol:http, hostname:www.4399.com, new_link:/flash/79068.htm
2017-09-16 16:01:43,366 - [webpage_parser.py:63] - INFO - procotol:http, hostname:e.cn.miaozhen.com, new_link:/beijing/linken/mkxjinkou/
2017-09-16 16:01:43,366 - [webpage_parser.py:63] - INFO - procotol:http, hostname:www.78.cn, new_link:/web/mixiaojierxb/
2017-09-16 16:01:43,367 - [webpage_parser.py:63] - INFO - procotol:http, hostname:www.4399.com, new_link:/flash/177667.htm
2017-09-16 16:01:43,367 - [webpage_parser.py:63] - INFO - procotol:http, hostname:e.cn.miaozhen.com, new_link:/beijing/linken/mksjinkou/
2017-09-16 16:01:43,368 - [webpage_parser.py:63] - INFO - procotol:http, hostname:www.78.cn, new_link:/web/niujiuduangfkr/
2017-09-16 16:01:43,369 - [webpage_parser.py:63] - INFO - procotol:http, hostname:www.4399.com, new_link:/flash/184936.htm
2017-09-16 16:01:43,371 - [webpage_parser.py:63] - INFO - procotol:http, hostname:e.cn.miaozhen.com, new_link:/beijing/linken/mktjinkou/
2017-09-16 16:01:43,375 - [webpage_parser.py:63] - INFO - procotol:http, hostname:www.4399.com, new_link:/flash/180977.htm
2017-09-16 16:01:43,377 - [webpage_parser.py:63] - INFO - procotol:http, hostname:www.78.cn, new_link:/web/nuodeniupaibei/
2017-09-16 16:01:43,378 - [webpage_parser.py:63] - INFO - procotol:http, hostname:e.cn.miaozhen.com, new_link:/beijing/falali/falalif430/
2017-09-16 16:01:43,379 - [webpage_parser.py:63] - INFO - procotol:http, hostname:www.78.cn, new_link:/web/ypthlcha/
2017-09-16 16:01:43,379 - [webpage_parser.py:63] - INFO - procotol:http, hostname:www.4399.com, new_link:/flash/47931.htm
2017-09-16 16:01:43,380 - [webpage_parser.py:63] - INFO - procotol:http, hostname:e.cn.miaozhen.com, new_link:/beijing/falali/falalif149/
2017-09-16 16:01:43,380 - [webpage_parser.py:63] - INFO - procotol:http, hostname:www.78.cn, new_link:/web/tanlaoyuscy/
2017-09-16 16:01:43,381 - [webpage_parser.py:63] - INFO - procotol:http, hostname:www.4399.com, new_link:/flash/171322.htm
2017-09-16 16:01:43,383 - [webpage_parser.py:63] - INFO - procotol:http, hostname:e.cn.miaozhen.com, new_link:/beijing/kaidilake/kaileide/
2017-09-16 16:01:43,383 - [webpage_parser.py:63] - INFO - procotol:http, hostname:www.78.cn, new_link:/web/waguankuaican2/
2017-09-16 16:01:43,384 - [webpage_parser.py:63] - INFO - procotol:http, hostname:www.4399.com, new_link:/flash/20660.htm
2017-09-16 16:01:43,384 - [webpage_parser.py:63] - INFO - procotol:http, hostname:e.cn.miaozhen.com, new_link:/beijing/mashaladi/mashaladicoupe/
2017-09-16 16:01:43,385 - [webpage_parser.py:63] - INFO - procotol:http, hostname:www.78.cn, new_link:/web/jiaogeyazi/
2017-09-16 16:01:43,385 - [webpage_parser.py:63] - INFO - procotol:http, hostname:www.4399.com, new_link:/flash/45859.htm
2017-09-16 16:01:43,386 - [webpage_parser.py:63] - INFO - procotol:http, hostname:e.cn.miaozhen.com, new_link:/beijing/daoqi/ram/
2017-09-16 16:01:43,387 - [webpage_parser.py:63] - INFO - procotol:http, hostname:www.78.cn, new_link:/web/fumeige/
2017-09-16 16:01:43,388 - [webpage_parser.py:63] - INFO - procotol:http, hostname:www.4399.com, new_link:/flash/186971.htm
2017-09-16 16:01:43,390 - [webpage_parser.py:63] - INFO - procotol:http, hostname:www.78.cn, new_link:/web/zhongjiweidaopaigufan/
2017-09-16 16:01:43,389 - [webpage_parser.py:63] - INFO - procotol:http, hostname:e.cn.miaozhen.com, new_link:/beijing/feiyate/feiyateboyue/
2017-09-16 16:01:43,391 - [webpage_parser.py:63] - INFO - procotol:http, hostname:www.78.cn, new_link:/web/yulebaichuankaoyu/
2017-09-16 16:01:43,392 - [webpage_parser.py:63] - INFO - procotol:http, hostname:www.4399.com, new_link:/flash/179480.htm
2017-09-16 16:01:43,395 - [webpage_parser.py:63] - INFO - procotol:http, hostname:e.cn.miaozhen.com, new_link:/beijing/feiyate/lingya/
2017-09-16 16:01:43,397 - [webpage_parser.py:63] - INFO - procotol:http, hostname:www.78.cn, new_link:/web/xiadouxsxc/
2017-09-16 16:01:43,398 - [webpage_parser.py:63] - INFO - procotol:http, hostname:www.4399.com, new_link:/flash/156920.htm
2017-09-16 16:01:43,400 - [webpage_parser.py:63] - INFO - procotol:http, hostname:e.cn.miaozhen.com, new_link:/beijing/bentian/element/
2017-09-16 16:01:43,401 - [webpage_parser.py:63] - INFO - procotol:http, hostname:www.78.cn, new_link:/web/molimaka/
2017-09-16 16:01:43,401 - [webpage_parser.py:63] - INFO - procotol:http, hostname:www.4399.com, new_link:/flash/100942.htm
2017-09-16 16:01:43,402 - [webpage_parser.py:63] - INFO - procotol:http, hostname:e.cn.miaozhen.com, new_link:/beijing/bentian/feidujinkou/
2017-09-16 16:01:43,402 - [webpage_parser.py:63] - INFO - procotol:http, hostname:www.78.cn, new_link:/web/lusanguo/
2017-09-16 16:01:43,403 - [webpage_parser.py:63] - INFO - procotol:http, hostname:www.4399.com, new_link:/flash/6232.htm
2017-09-16 16:01:43,405 - [webpage_parser.py:63] - INFO - procotol:http, hostname:e.cn.miaozhen.com, new_link:/seo/partnerlinks
2017-09-16 16:01:43,406 - [webpage_parser.py:63] - INFO - procotol:http, hostname:www.78.cn, new_link:/web/pifeili/
2017-09-16 16:01:43,407 - [webpage_parser.py:63] - INFO - procotol:http, hostname:www.4399.com, new_link:/flash/19063.htm
2017-09-16 16:01:43,407 - [webpage_parser.py:63] - INFO - procotol:http, hostname:e.cn.miaozhen.com, new_link:javascript:;
2017-09-16 16:01:43,408 - [webpage_parser.py:63] - INFO - procotol:http, hostname:www.78.cn, new_link:/web/meishiji/
2017-09-16 16:01:43,408 - [webpage_parser.py:63] - INFO - procotol:http, hostname:www.4399.com, new_link:/flash/181862.htm
2017-09-16 16:01:43,409 - [webpage_parser.py:63] - INFO - procotol:http, hostname:e.cn.miaozhen.com, new_link:javascript:;
2017-09-16 16:01:43,409 - [webpage_parser.py:63] - INFO - procotol:http, hostname:www.78.cn, new_link:/web/youmishiguang/
2017-09-16 16:01:43,409 - [webpage_parser.py:63] - INFO - procotol:http, hostname:www.4399.com, new_link:/flash/34974.htm
2017-09-16 16:01:43,410 - [webpage_parser.py:63] - INFO - procotol:http, hostname:e.cn.miaozhen.com, new_link:javascript:;
2017-09-16 16:01:43,410 - [webpage_parser.py:63] - INFO - procotol:http, hostname:www.78.cn, new_link:/web/xchbboboyu/
2017-09-16 16:01:43,410 - [webpage_parser.py:63] - INFO - procotol:http, hostname:www.4399.com, new_link:/flash/48504.htm
2017-09-16 16:01:43,411 - [webpage_parser.py:63] - INFO - procotol:http, hostname:e.cn.miaozhen.com, new_link:javascript:void(0)
2017-09-16 16:01:43,411 - [webpage_parser.py:63] - INFO - procotol:http, hostname:www.78.cn, new_link:/web/tyxttstguan/
2017-09-16 16:01:43,412 - [webpage_parser.py:63] - INFO - procotol:http, hostname:www.4399.com, new_link:/flash/143872.htm
2017-09-16 16:01:43,412 - [webpage_parser.py:63] - INFO - procotol:http, hostname:e.cn.miaozhen.com, new_link:javascript:void(0)
2017-09-16 16:01:43,412 - [webpage_parser.py:63] - INFO - procotol:http, hostname:www.78.cn, new_link:/web/wgtwjtsfmian/
2017-09-16 16:01:43,413 - [webpage_parser.py:63] - INFO - procotol:http, hostname:www.4399.com, new_link:/flash/131178.htm
2017-09-16 16:01:43,413 - [webpage_parser.py:63] - INFO - procotol:http, hostname:e.cn.miaozhen.com, new_link:javascript:void(1)
2017-09-16 16:01:43,414 - [webpage_parser.py:63] - INFO - procotol:http, hostname:www.78.cn, new_link:/web/zhengmeiwei/
2017-09-16 16:01:43,414 - [webpage_parser.py:63] - INFO - procotol:http, hostname:www.4399.com, new_link:/flash/117227.htm
2017-09-16 16:01:43,414 - [webpage_parser.py:63] - INFO - procotol:http, hostname:e.cn.miaozhen.com, new_link:javascript:void(0)
2017-09-16 16:01:43,415 - [webpage_parser.py:63] - INFO - procotol:http, hostname:www.78.cn, new_link:/web/banshangxiaoge/
2017-09-16 16:01:43,415 - [webpage_parser.py:63] - INFO - procotol:http, hostname:www.4399.com, new_link:/flash/56259.htm
2017-09-16 16:01:43,415 - [webpage_parser.py:63] - INFO - procotol:http, hostname:e.cn.miaozhen.com, new_link:/openapi/authqq
2017-09-16 16:01:43,416 - [webpage_parser.py:63] - INFO - procotol:http, hostname:www.78.cn, new_link:/web/mofabbbbtc/
2017-09-16 16:01:43,416 - [webpage_parser.py:63] - INFO - procotol:http, hostname:www.4399.com, new_link:/flash/163478.htm
2017-09-16 16:01:43,417 - [webpage_parser.py:63] - INFO - procotol:http, hostname:e.cn.miaozhen.com, new_link:javascript:clear_invalid();$("#popupLogin").hide();show_popup("#forPass","#forPass .closeJs")
2017-09-16 16:01:43,417 - [webpage_parser.py:63] - INFO - procotol:http, hostname:www.78.cn, new_link:/web/duoguoyp/
2017-09-16 16:01:43,417 - [webpage_parser.py:63] - INFO - procotol:http, hostname:www.4399.com, new_link:/flash/3883.htm
2017-09-16 16:01:43,418 - [webpage_parser.py:63] - INFO - procotol:http, hostname:e.cn.miaozhen.com, new_link:javascript:clear_invalid();$("#popupLogin").hide();show_popup("#popupRegister","#popupRegister .closeJs")
2017-09-16 16:01:43,418 - [webpage_parser.py:63] - INFO - procotol:http, hostname:www.78.cn, new_link:/web/hanfugong/
2017-09-16 16:01:43,418 - [webpage_parser.py:63] - INFO - procotol:http, hostname:www.4399.com, new_link:/flash/119152.htm
2017-09-16 16:01:43,419 - [webpage_parser.py:63] - INFO - procotol:http, hostname:e.cn.miaozhen.com, new_link:javascript:void(0)
2017-09-16 16:01:43,419 - [webpage_parser.py:63] - INFO - procotol:http, hostname:www.78.cn, new_link:/web/kuailexing/
2017-09-16 16:01:43,420 - [webpage_parser.py:63] - INFO - procotol:http, hostname:www.4399.com, new_link:/flash/138881.htm
2017-09-16 16:01:43,420 - [webpage_parser.py:63] - INFO - procotol:http, hostname:e.cn.miaozhen.com, new_link:javascript:void(0)
2017-09-16 16:01:43,420 - [webpage_parser.py:63] - INFO - procotol:http, hostname:www.78.cn, new_link:/web/shiqsdsgbf/
2017-09-16 16:01:43,421 - [webpage_parser.py:63] - INFO - procotol:http, hostname:www.4399.com, new_link:/flash/43689.htm
2017-09-16 16:01:43,421 - [webpage_parser.py:63] - INFO - procotol:http, hostname:e.cn.miaozhen.com, new_link:javascript:void(0)
2017-09-16 16:01:43,421 - [webpage_parser.py:63] - INFO - procotol:http, hostname:www.78.cn, new_link:/web/xiaoshidai/
2017-09-16 16:01:43,422 - [webpage_parser.py:63] - INFO - procotol:http, hostname:www.4399.com, new_link:/flash/39526.htm
2017-09-16 16:01:43,422 - [webpage_parser.py:63] - INFO - procotol:http, hostname:e.cn.miaozhen.com, new_link:javascript:void(0)
2017-09-16 16:01:43,422 - [webpage_parser.py:63] - INFO - procotol:http, hostname:www.78.cn, new_link:/web/malilian/
2017-09-16 16:01:43,423 - [webpage_parser.py:63] - INFO - procotol:http, hostname:www.4399.com, new_link:/flash/97554.htm
2017-09-16 16:01:43,423 - [webpage_parser.py:63] - INFO - procotol:http, hostname:e.cn.miaozhen.com, new_link:javascript:void(0);
2017-09-16 16:01:43,424 - [webpage_parser.py:63] - INFO - procotol:http, hostname:www.78.cn, new_link:/web/chanpangxrb/
2017-09-16 16:01:43,424 - [webpage_parser.py:63] - INFO - procotol:http, hostname:www.4399.com, new_link:/flash/176344.htm
2017-09-16 16:01:43,424 - [webpage_parser.py:63] - INFO - procotol:http, hostname:e.cn.miaozhen.com, new_link:/openapi/authqq
2017-09-16 16:01:43,425 - [webpage_parser.py:63] - INFO - procotol:http, hostname:www.78.cn, new_link:/web/zhangsgangpisaz/
2017-09-16 16:01:43,425 - [webpage_parser.py:63] - INFO - procotol:http, hostname:www.4399.com, new_link:/flash/42828.htm
2017-09-16 16:01:43,426 - [webpage_parser.py:63] - INFO - procotol:http, hostname:e.cn.miaozhen.com, new_link:javascript:clear_invalid();$("#popupRegister").hide();show_popup("#forPass","#forPass .closeJs")
2017-09-16 16:01:43,426 - [webpage_parser.py:63] - INFO - procotol:http, hostname:www.78.cn, new_link:/web/zhiailisi2/
2017-09-16 16:01:43,426 - [webpage_parser.py:63] - INFO - procotol:http, hostname:www.4399.com, new_link:/flash/83914.htm
2017-09-16 16:01:43,427 - [webpage_parser.py:63] - INFO - procotol:http, hostname:e.cn.miaozhen.com, new_link:javascript:clear_invalid();$("#popupRegister").hide();show_popup("#popupLogin","#popupLogin .closeJs")
2017-09-16 16:01:43,427 - [webpage_parser.py:63] - INFO - procotol:http, hostname:www.78.cn, new_link:/web/qiangulaomian/
2017-09-16 16:01:43,427 - [webpage_parser.py:63] - INFO - procotol:http, hostname:www.4399.com, new_link:/flash/125553.htm
2017-09-16 16:01:43,428 - [webpage_parser.py:63] - INFO - procotol:http, hostname:e.cn.miaozhen.com, new_link:javascript:void(0)
2017-09-16 16:01:43,428 - [webpage_parser.py:63] - INFO - procotol:http, hostname:www.78.cn, new_link:/web/shiyujibby/
2017-09-16 16:01:43,428 - [webpage_parser.py:63] - INFO - procotol:http, hostname:www.4399.com, new_link:/flash/42760.htm
2017-09-16 16:01:43,435 - [webpage_parser.py:63] - INFO - procotol:http, hostname:www.78.cn, new_link:/web/dkchayin/
2017-09-16 16:01:43,436 - [webpage_parser.py:63] - INFO - procotol:http, hostname:www.4399.com, new_link:/flash/40779.htm
2017-09-16 16:01:43,436 - [webpage_parser.py:63] - INFO - procotol:http, hostname:www.78.cn, new_link:/web/ympztxxb/
2017-09-16 16:01:43,437 - [webpage_parser.py:63] - INFO - procotol:http, hostname:www.4399.com, new_link:/flash/10305.htm
2017-09-16 16:01:43,438 - [webpage_parser.py:63] - INFO - procotol:http, hostname:www.78.cn, new_link:/web/wodexiaxiang/
2017-09-16 16:01:43,440 - [webpage_parser.py:63] - INFO - procotol:http, hostname:www.4399.com, new_link:/flash/156918.htm
2017-09-16 16:01:43,444 - [webpage_parser.py:63] - INFO - procotol:http, hostname:www.78.cn, new_link:/web/wanglaoqi/
2017-09-16 16:01:43,444 - [webpage_parser.py:63] - INFO - procotol:http, hostname:www.4399.com, new_link:/flash/47919.htm
2017-09-16 16:01:43,445 - [webpage_parser.py:63] - INFO - procotol:http, hostname:www.78.cn, new_link:/web/gouchanmalatang/
2017-09-16 16:01:43,445 - [webpage_parser.py:63] - INFO - procotol:http, hostname:www.4399.com, new_link:/flash/3881.htm
2017-09-16 16:01:43,447 - [webpage_parser.py:63] - INFO - procotol:http, hostname:www.78.cn, new_link:/web/wujiandaocy/
2017-09-16 16:01:43,447 - [webpage_parser.py:63] - INFO - procotol:http, hostname:www.4399.com, new_link:/flash/151915.htm
2017-09-16 16:01:43,448 - [webpage_parser.py:63] - INFO - procotol:http, hostname:www.78.cn, new_link:/web/douniushi/
2017-09-16 16:01:43,448 - [webpage_parser.py:63] - INFO - procotol:http, hostname:www.4399.com, new_link:/flash/38065.htm
2017-09-16 16:01:43,449 - [webpage_parser.py:63] - INFO - procotol:http, hostname:www.78.cn, new_link:/web/shalayj/
2017-09-16 16:01:43,450 - [webpage_parser.py:63] - INFO - procotol:http, hostname:www.4399.com, new_link:/flash/68259.htm
2017-09-16 16:01:43,451 - [webpage_parser.py:63] - INFO - procotol:http, hostname:www.78.cn, new_link:/web/yudemenkaoyu/
2017-09-16 16:01:43,452 - [webpage_saver.py:45] - INFO - url http://e.cn.miaozhen.com/r/k=2058249&p=78igw&dx=__IPDX__&rt=2&ns=__IP__&ni=__IESID__&v=__LOC__&xa=__ADPLATFORM__&tr=__REQUESTID__&ro=sm&vo=3487f9a48&vr=2&o=https%3A%2F%2Fwww.xin.com%2F%3Fchannel%3Da90b199c46286d190734e2211253f513 is not match
2017-09-16 16:01:43,452 - [webpage_parser.py:63] - INFO - procotol:http, hostname:www.4399.com, new_link:/flash/96275.htm
2017-09-16 16:01:43,453 - [webpage_parser.py:63] - INFO - procotol:http, hostname:www.78.cn, new_link:/web/darenshijie/
2017-09-16 16:01:43,453 - [webpage_parser.py:63] - INFO - procotol:http, hostname:www.4399.com, new_link:/flash/165629.htm
2017-09-16 16:01:43,454 - [webpage_parser.py:63] - INFO - procotol:http, hostname:www.78.cn, new_link:/web/chanpangxrb/
2017-09-16 16:01:43,454 - [webpage_parser.py:63] - INFO - procotol:http, hostname:www.4399.com, new_link:/flash/146595.htm
2017-09-16 16:01:43,454 - [webpage_parser.py:63] - INFO - procotol:http, hostname:www.78.cn, new_link:/web/shuanghuangxianrg/
2017-09-16 16:01:43,455 - [webpage_parser.py:63] - INFO - procotol:http, hostname:www.4399.com, new_link:/flash/87425.htm
2017-09-16 16:01:43,455 - [webpage_parser.py:63] - INFO - procotol:http, hostname:www.78.cn, new_link:/web/clbakefb/
2017-09-16 16:01:43,456 - [webpage_parser.py:63] - INFO - procotol:http, hostname:www.4399.com, new_link:/flash/38351.htm
2017-09-16 16:01:43,456 - [webpage_parser.py:63] - INFO - procotol:http, hostname:www.78.cn, new_link:/web/yushangxicha/
2017-09-16 16:01:43,456 - [webpage_parser.py:63] - INFO - procotol:http, hostname:www.4399.com, new_link:/flash/60369.htm
2017-09-16 16:01:43,457 - [webpage_parser.py:63] - INFO - procotol:http, hostname:www.78.cn, new_link:/web/qichekuaixiu/
2017-09-16 16:01:43,457 - [webpage_parser.py:63] - INFO - procotol:http, hostname:www.4399.com, new_link:/flash/81832.htm
2017-09-16 16:01:43,457 - [webpage_parser.py:63] - INFO - procotol:http, hostname:www.78.cn, new_link:/web/nuodeniupaibei/
2017-09-16 16:01:43,458 - [webpage_parser.py:63] - INFO - procotol:http, hostname:www.4399.com, new_link:/flash/117252.htm
2017-09-16 16:01:43,458 - [webpage_parser.py:63] - INFO - procotol:http, hostname:www.78.cn, new_link:/web/niuluobinhongpei/
2017-09-16 16:01:43,458 - [webpage_parser.py:63] - INFO - procotol:http, hostname:www.4399.com, new_link:/flash/58722.htm
2017-09-16 16:01:43,459 - [webpage_parser.py:63] - INFO - procotol:http, hostname:www.78.cn, new_link:/web/yulebaichuankaoyu/
2017-09-16 16:01:43,459 - [webpage_parser.py:63] - INFO - procotol:http, hostname:www.4399.com, new_link:/flash/188132.htm
2017-09-16 16:01:43,460 - [webpage_parser.py:63] - INFO - procotol:http, hostname:www.78.cn, new_link:/web/zuimeng/
2017-09-16 16:01:43,460 - [webpage_parser.py:63] - INFO - procotol:http, hostname:www.4399.com, new_link:/flash/37518.htm
2017-09-16 16:01:43,460 - [webpage_parser.py:63] - INFO - procotol:http, hostname:www.78.cn, new_link:/web/yibuqiangyi/
2017-09-16 16:01:43,461 - [webpage_parser.py:63] - INFO - procotol:http, hostname:www.4399.com, new_link:/flash/181004.htm
2017-09-16 16:01:43,461 - [webpage_parser.py:63] - INFO - procotol:http, hostname:www.78.cn, new_link:/web/mangtianyp/
2017-09-16 16:01:43,461 - [webpage_parser.py:63] - INFO - procotol:http, hostname:www.4399.com, new_link:/flash/131177.htm
2017-09-16 16:01:43,462 - [webpage_parser.py:63] - INFO - procotol:http, hostname:www.78.cn, new_link:/web/qishierbian/
2017-09-16 16:01:43,462 - [webpage_parser.py:63] - INFO - procotol:http, hostname:www.4399.com, new_link:/flash/144611.htm
2017-09-16 16:01:43,462 - [webpage_parser.py:63] - INFO - procotol:http, hostname:www.78.cn, new_link:/web/gongfujpai/
2017-09-16 16:01:43,463 - [webpage_parser.py:63] - INFO - procotol:http, hostname:www.4399.com, new_link:/flash/95286.htm
2017-09-16 16:01:43,463 - [webpage_parser.py:63] - INFO - procotol:http, hostname:www.78.cn, new_link:/web/moxiaohai/
2017-09-16 16:01:43,464 - [webpage_parser.py:63] - INFO - procotol:http, hostname:www.4399.com, new_link:/flash/24555.htm
2017-09-16 16:01:43,464 - [webpage_parser.py:63] - INFO - procotol:http, hostname:www.78.cn, new_link:/web/senzuzhiwu/
2017-09-16 16:01:43,465 - [webpage_parser.py:63] - INFO - procotol:http, hostname:www.4399.com, new_link:/flash/132028.htm
2017-09-16 16:01:43,465 - [webpage_parser.py:63] - INFO - procotol:http, hostname:www.78.cn, new_link:/web/aimuken/
2017-09-16 16:01:43,465 - [webpage_parser.py:63] - INFO - procotol:http, hostname:www.4399.com, new_link:/flash/154645.htm
2017-09-16 16:01:43,466 - [webpage_parser.py:63] - INFO - procotol:http, hostname:www.78.cn, new_link:/web/kaixinlaopo/
2017-09-16 16:01:43,466 - [webpage_parser.py:63] - INFO - procotol:http, hostname:www.4399.com, new_link:/flash/80256.htm
2017-09-16 16:01:43,467 - [webpage_parser.py:63] - INFO - procotol:http, hostname:www.78.cn, new_link:/web/ljfqcbyls/
2017-09-16 16:01:43,467 - [webpage_parser.py:63] - INFO - procotol:http, hostname:www.4399.com, new_link:/flash/160604.htm
2017-09-16 16:01:43,467 - [webpage_parser.py:63] - INFO - procotol:http, hostname:www.78.cn, new_link:/web/jixianghundunmian/
2017-09-16 16:01:43,468 - [webpage_parser.py:63] - INFO - procotol:http, hostname:www.4399.com, new_link:/flash/190484.htm
2017-09-16 16:01:43,468 - [webpage_parser.py:63] - INFO - procotol:http, hostname:www.78.cn, new_link:/web/tangmuzhijiahbkc/
2017-09-16 16:01:43,468 - [webpage_parser.py:63] - INFO - procotol:http, hostname:www.4399.com, new_link:/flash/188545.htm
2017-09-16 16:01:43,469 - [webpage_parser.py:63] - INFO - procotol:http, hostname:www.78.cn, new_link:/web/saiweixiyi/
2017-09-16 16:01:43,469 - [webpage_parser.py:63] - INFO - procotol:http, hostname:www.4399.com, new_link:/flash/188720.htm
2017-09-16 16:01:43,469 - [webpage_parser.py:63] - INFO - procotol:http, hostname:www.78.cn, new_link:/web/shenqijinshuhua/
2017-09-16 16:01:43,470 - [webpage_parser.py:63] - INFO - procotol:http, hostname:www.4399.com, new_link:/flash/186180.htm
2017-09-16 16:01:43,470 - [webpage_parser.py:63] - INFO - procotol:http, hostname:www.78.cn, new_link:/web/hongxinzns/
2017-09-16 16:01:43,470 - [webpage_parser.py:63] - INFO - procotol:http, hostname:www.4399.com, new_link:/flash/182602.htm
2017-09-16 16:01:43,471 - [webpage_parser.py:63] - INFO - procotol:http, hostname:www.78.cn, new_link:/web/yizhilanganxi/
2017-09-16 16:01:43,471 - [webpage_parser.py:63] - INFO - procotol:http, hostname:www.4399.com, new_link:/flash/183433.htm
2017-09-16 16:01:43,472 - [webpage_parser.py:63] - INFO - procotol:http, hostname:www.78.cn, new_link:/web/xchbboboyu/
2017-09-16 16:01:43,472 - [webpage_parser.py:63] - INFO - procotol:http, hostname:www.4399.com, new_link:/flash/184533.htm
2017-09-16 16:01:43,473 - [webpage_parser.py:63] - INFO - procotol:http, hostname:www.78.cn, new_link:/web/jiumentidu/
2017-09-16 16:01:43,473 - [webpage_parser.py:63] - INFO - procotol:http, hostname:www.4399.com, new_link:/flash/190978.htm
2017-09-16 16:01:43,473 - [webpage_parser.py:63] - INFO - procotol:http, hostname:www.78.cn, new_link:/web/miaosujiyi/
2017-09-16 16:01:43,474 - [webpage_parser.py:63] - INFO - procotol:http, hostname:www.4399.com, new_link:/flash/187472.htm
2017-09-16 16:01:43,474 - [webpage_parser.py:63] - INFO - procotol:http, hostname:www.78.cn, new_link:/web/doufuwcxxxc/
2017-09-16 16:01:43,474 - [webpage_parser.py:63] - INFO - procotol:http, hostname:www.4399.com, new_link:/flash/187556.htm
2017-09-16 16:01:43,475 - [webpage_parser.py:63] - INFO - procotol:http, hostname:www.78.cn, new_link:/web/chechixuan/
2017-09-16 16:01:43,475 - [webpage_parser.py:63] - INFO - procotol:http, hostname:www.4399.com, new_link:/flash/168440.htm
2017-09-16 16:01:43,475 - [webpage_parser.py:63] - INFO - procotol:http, hostname:www.78.cn, new_link:/web/beileiertongzhuang/
2017-09-16 16:01:43,476 - [webpage_parser.py:63] - INFO - procotol:http, hostname:www.4399.com, new_link:/flash/187315.htm
2017-09-16 16:01:43,476 - [webpage_parser.py:63] - INFO - procotol:http, hostname:www.78.cn, new_link:/web/clbakefb/
2017-09-16 16:01:43,477 - [webpage_parser.py:63] - INFO - procotol:http, hostname:www.4399.com, new_link:/flash/188034.htm
2017-09-16 16:01:43,477 - [webpage_parser.py:63] - INFO - procotol:http, hostname:www.78.cn, new_link:/web/zxpg/
2017-09-16 16:01:43,477 - [webpage_parser.py:63] - INFO - procotol:http, hostname:www.4399.com, new_link:/flash/174592.htm
2017-09-16 16:01:43,478 - [webpage_parser.py:63] - INFO - procotol:http, hostname:www.78.cn, new_link:/web/miqihalu/
2017-09-16 16:01:43,478 - [webpage_parser.py:63] - INFO - procotol:http, hostname:www.4399.com, new_link:/special/19.htm
2017-09-16 16:01:43,479 - [webpage_parser.py:63] - INFO - procotol:http, hostname:www.78.cn, new_link:/web/bapindao/
2017-09-16 16:01:43,479 - [webpage_parser.py:63] - INFO - procotol:http, hostname:www.4399.com, new_link:/special/19.htm
2017-09-16 16:01:43,479 - [webpage_parser.py:63] - INFO - procotol:http, hostname:www.78.cn, new_link:/web/gouchanmalatang/
2017-09-16 16:01:43,480 - [webpage_parser.py:63] - INFO - procotol:http, hostname:www.4399.com, new_link:/flash/152420.htm
2017-09-16 16:01:43,481 - [webpage_parser.py:63] - INFO - procotol:http, hostname:www.78.cn, new_link:/web/xiaoshidai/
2017-09-16 16:01:43,481 - [webpage_parser.py:63] - INFO - procotol:http, hostname:www.4399.com, new_link:/flash/152420.htm
2017-09-16 16:01:43,481 - [webpage_parser.py:63] - INFO - procotol:http, hostname:www.78.cn, new_link:/web/wanglaoqi/
2017-09-16 16:01:43,482 - [webpage_parser.py:63] - INFO - procotol:http, hostname:www.4399.com, new_link:/flash/152420.htm
2017-09-16 16:01:43,482 - [webpage_parser.py:63] - INFO - procotol:http, hostname:www.78.cn, new_link:/web/menguobuluo/
2017-09-16 16:01:43,482 - [webpage_parser.py:63] - INFO - procotol:http, hostname:www.4399.com, new_link:/flash/157700.htm
2017-09-16 16:01:43,483 - [webpage_parser.py:63] - INFO - procotol:http, hostname:www.78.cn, new_link:/web/beikehanbao2/
2017-09-16 16:01:43,483 - [webpage_parser.py:63] - INFO - procotol:http, hostname:www.4399.com, new_link:/flash/157700.htm
2017-09-16 16:01:43,483 - [webpage_parser.py:63] - INFO - procotol:http, hostname:www.78.cn, new_link:/web/80houchayin/
2017-09-16 16:01:43,484 - [webpage_parser.py:63] - INFO - procotol:http, hostname:www.4399.com, new_link:/flash/157700.htm
2017-09-16 16:01:43,484 - [webpage_parser.py:63] - INFO - procotol:http, hostname:www.78.cn, new_link:/web/yanmoshiguang/
2017-09-16 16:01:43,484 - [webpage_parser.py:63] - INFO - procotol:http, hostname:www.4399.com, new_link:/special/good.htm
2017-09-16 16:01:43,485 - [webpage_parser.py:63] - INFO - procotol:http, hostname:www.4399.com, new_link:/special/good.htm
2017-09-16 16:01:43,485 - [webpage_parser.py:63] - INFO - procotol:http, hostname:www.78.cn, new_link:/web/wanxiangggyk/
2017-09-16 16:01:43,486 - [webpage_parser.py:63] - INFO - procotol:http, hostname:www.4399.com, new_link:/special/1.htm
2017-09-16 16:01:43,486 - [webpage_parser.py:63] - INFO - procotol:http, hostname:www.78.cn, new_link:/web/malilian/
2017-09-16 16:01:43,488 - [webpage_parser.py:63] - INFO - procotol:http, hostname:www.4399.com, new_link:/special/148.htm
2017-09-16 16:01:43,489 - [webpage_parser.py:63] - INFO - procotol:http, hostname:www.78.cn, new_link:/web/zhenhaosdsn/
2017-09-16 16:01:43,490 - [webpage_parser.py:63] - INFO - procotol:http, hostname:www.4399.com, new_link:/special/272.htm
2017-09-16 16:01:43,490 - [webpage_parser.py:63] - INFO - procotol:http, hostname:www.78.cn, new_link:/web/baiduozi/
2017-09-16 16:01:43,490 - [webpage_parser.py:63] - INFO - procotol:http, hostname:www.4399.com, new_link:/special/8.htm
2017-09-16 16:01:43,491 - [webpage_parser.py:63] - INFO - procotol:http, hostname:www.78.cn, new_link:/web/huangchayp/
2017-09-16 16:01:43,491 - [webpage_parser.py:63] - INFO - procotol:http, hostname:www.4399.com, new_link:/special/29.htm
2017-09-16 16:01:43,491 - [webpage_parser.py:63] - INFO - procotol:http, hostname:www.78.cn, new_link:/web/beijingyixiang/
2017-09-16 16:01:43,492 - [webpage_parser.py:63] - INFO - procotol:http, hostname:www.4399.com, new_link:/special/19.htm
2017-09-16 16:01:43,492 - [webpage_parser.py:63] - INFO - procotol:http, hostname:www.78.cn, new_link:/web/hengliyuanclyp/
2017-09-16 16:01:43,493 - [webpage_parser.py:63] - INFO - procotol:http, hostname:www.4399.com, new_link:/special/260.htm
2017-09-16 16:01:43,493 - [webpage_parser.py:63] - INFO - procotol:http, hostname:www.78.cn, new_link:/web/jijianxiangji/
2017-09-16 16:01:43,493 - [webpage_parser.py:63] - INFO - procotol:http, hostname:www.4399.com, new_link:/special/153.htm
2017-09-16 16:01:43,494 - [webpage_parser.py:63] - INFO - procotol:http, hostname:www.78.cn, new_link:/web/waguankuaican2/
2017-09-16 16:01:43,494 - [webpage_parser.py:63] - INFO - procotol:http, hostname:www.4399.com, new_link:/special/122.htm
2017-09-16 16:01:43,494 - [webpage_parser.py:63] - INFO - procotol:http, hostname:www.78.cn, new_link:/web/dkchayin/
2017-09-16 16:01:43,495 - [webpage_parser.py:63] - INFO - procotol:http, hostname:www.4399.com, new_link:/special/17.htm
2017-09-16 16:01:43,495 - [webpage_parser.py:63] - INFO - procotol:http, hostname:www.78.cn, new_link:/web/diqiutianshi/
2017-09-16 16:01:43,495 - [webpage_parser.py:63] - INFO - procotol:http, hostname:www.4399.com, new_link:/special/169.htm
2017-09-16 16:01:43,496 - [webpage_parser.py:63] - INFO - procotol:http, hostname:www.78.cn, new_link:/web/meijiameibang/
2017-09-16 16:01:43,496 - [webpage_parser.py:63] - INFO - procotol:http, hostname:www.4399.com, new_link:/special/93.htm
2017-09-16 16:01:43,497 - [webpage_parser.py:63] - INFO - procotol:http, hostname:www.78.cn, new_link:/web/haoshiclq/
2017-09-16 16:01:43,497 - [webpage_parser.py:63] - INFO - procotol:http, hostname:www.4399.com, new_link:/special/177.htm
2017-09-16 16:01:43,498 - [webpage_parser.py:63] - INFO - procotol:http, hostname:www.78.cn, new_link:/web/huohhuohyze/
2017-09-16 16:01:43,498 - [webpage_parser.py:63] - INFO - procotol:http, hostname:www.4399.com, new_link:/special/293.htm
2017-09-16 16:01:43,499 - [webpage_parser.py:63] - INFO - procotol:http, hostname:www.78.cn, new_link:/web/baoledi/
2017-09-16 16:01:43,499 - [webpage_parser.py:63] - INFO - procotol:http, hostname:www.4399.com, new_link:/special/194.htm
2017-09-16 16:01:43,500 - [webpage_parser.py:63] - INFO - procotol:http, hostname:www.78.cn, new_link:/web/youmishiguang/
2017-09-16 16:01:43,500 - [webpage_parser.py:63] - INFO - procotol:http, hostname:www.4399.com, new_link:/special/134.htm
2017-09-16 16:01:43,501 - [webpage_parser.py:63] - INFO - procotol:http, hostname:www.78.cn, new_link:/web/qiangulaomian/
2017-09-16 16:01:43,501 - [webpage_parser.py:63] - INFO - procotol:http, hostname:www.4399.com, new_link:/special/16.htm
2017-09-16 16:01:43,502 - [webpage_parser.py:63] - INFO - procotol:http, hostname:www.78.cn, new_link:/web/lusanguo/
2017-09-16 16:01:43,502 - [webpage_parser.py:63] - INFO - procotol:http, hostname:www.4399.com, new_link:/special/34.htm
2017-09-16 16:01:43,502 - [webpage_parser.py:63] - INFO - procotol:http, hostname:www.78.cn, new_link:/web/duoguoyp/
2017-09-16 16:01:43,503 - [webpage_parser.py:63] - INFO - procotol:http, hostname:www.4399.com, new_link:/special/23.htm
2017-09-16 16:01:43,503 - [webpage_parser.py:63] - INFO - procotol:http, hostname:www.78.cn, new_link:/web/ydmsjqr/
2017-09-16 16:01:43,504 - [webpage_parser.py:63] - INFO - procotol:http, hostname:www.4399.com, new_link:/special/270.htm
2017-09-16 16:01:43,505 - [webpage_parser.py:63] - INFO - procotol:http, hostname:www.78.cn, new_link:/web/jiuye/
2017-09-16 16:01:43,505 - [webpage_parser.py:63] - INFO - procotol:http, hostname:www.4399.com, new_link:/special/90.htm
2017-09-16 16:01:43,506 - [webpage_parser.py:63] - INFO - procotol:http, hostname:www.78.cn, new_link:/web/jindieni/
2017-09-16 16:01:43,506 - [webpage_parser.py:63] - INFO - procotol:http, hostname:www.4399.com, new_link:/special/110.htm
2017-09-16 16:01:43,507 - [webpage_parser.py:63] - INFO - procotol:http, hostname:www.78.cn, new_link:/web/boluogongyuan/
2017-09-16 16:01:43,507 - [webpage_parser.py:63] - INFO - procotol:http, hostname:www.4399.com, new_link:/special/109.htm
2017-09-16 16:01:43,507 - [webpage_parser.py:63] - INFO - procotol:http, hostname:www.78.cn, new_link:/web/rqzxjpb/
2017-09-16 16:01:43,508 - [webpage_parser.py:63] - INFO - procotol:http, hostname:www.4399.com, new_link:/special/7.htm
2017-09-16 16:01:43,508 - [webpage_parser.py:63] - INFO - procotol:http, hostname:www.78.cn, new_link:/web/wugurijigyd/
2017-09-16 16:01:43,508 - [webpage_parser.py:63] - INFO - procotol:http, hostname:www.4399.com, new_link:/special/10.htm
2017-09-16 16:01:43,509 - [webpage_parser.py:63] - INFO - procotol:http, hostname:www.78.cn, new_link:/web/miqichengbao/
2017-09-16 16:01:43,509 - [webpage_parser.py:63] - INFO - procotol:http, hostname:www.4399.com, new_link:/special/164.htm
2017-09-16 16:01:43,509 - [webpage_parser.py:63] - INFO - procotol:http, hostname:www.78.cn, new_link:/web/shalayouli/
2017-09-16 16:01:43,510 - [webpage_parser.py:63] - INFO - procotol:http, hostname:www.4399.com, new_link:/special/202.htm
2017-09-16 16:01:43,510 - [webpage_parser.py:63] - INFO - procotol:http, hostname:www.78.cn, new_link:/web/gygbbyu/
2017-09-16 16:01:43,510 - [webpage_parser.py:63] - INFO - procotol:http, hostname:www.4399.com, new_link:/special/108.htm
2017-09-16 16:01:43,511 - [webpage_parser.py:63] - INFO - procotol:http, hostname:www.78.cn, new_link:/web/gefanni/
2017-09-16 16:01:43,511 - [webpage_parser.py:63] - INFO - procotol:http, hostname:www.4399.com, new_link:/special/5.htm
2017-09-16 16:01:43,512 - [webpage_parser.py:63] - INFO - procotol:http, hostname:www.78.cn, new_link:/web/yaogunsd/
2017-09-16 16:01:43,513 - [webpage_parser.py:63] - INFO - procotol:http, hostname:www.4399.com, new_link:/special/19.htm
2017-09-16 16:01:43,514 - [webpage_parser.py:63] - INFO - procotol:http, hostname:www.78.cn, new_link:/web/jiupinyuzhuang/
2017-09-16 16:01:43,515 - [webpage_parser.py:63] - INFO - procotol:http, hostname:www.4399.com, new_link:/special/19.htm
2017-09-16 16:01:43,515 - [webpage_parser.py:63] - INFO - procotol:http, hostname:www.78.cn, new_link:/web/weixiangyu/
2017-09-16 16:01:43,515 - [webpage_parser.py:63] - INFO - procotol:http, hostname:www.4399.com, new_link:/flash/159974.htm
2017-09-16 16:01:43,516 - [webpage_parser.py:63] - INFO - procotol:http, hostname:www.78.cn, new_link:/web/chanxmszxmg/
2017-09-16 16:01:43,516 - [webpage_parser.py:63] - INFO - procotol:http, hostname:www.4399.com, new_link:/flash/157700.htm
2017-09-16 16:01:43,517 - [webpage_parser.py:63] - INFO - procotol:http, hostname:www.78.cn, new_link:/web/jingbaiwei/
2017-09-16 16:01:43,517 - [webpage_parser.py:63] - INFO - procotol:http, hostname:www.4399.com, new_link:/flash/152420.htm
2017-09-16 16:01:43,517 - [webpage_parser.py:63] - INFO - procotol:http, hostname:www.78.cn, new_link:/web/beiyuehan/
2017-09-16 16:01:43,518 - [webpage_parser.py:63] - INFO - procotol:http, hostname:www.4399.com, new_link:/flash/105094.htm
2017-09-16 16:01:43,518 - [webpage_parser.py:63] - INFO - procotol:http, hostname:www.78.cn, new_link:/web/kuailexing/
2017-09-16 16:01:43,519 - [webpage_parser.py:63] - INFO - procotol:http, hostname:www.4399.com, new_link:/flash/game100.htm
2017-09-16 16:01:43,519 - [webpage_parser.py:63] - INFO - procotol:http, hostname:www.78.cn, new_link:/web/maozanboboyu/
2017-09-16 16:01:43,520 - [webpage_parser.py:63] - INFO - procotol:http, hostname:www.4399.com, new_link:/flash/game100.htm
2017-09-16 16:01:43,520 - [webpage_parser.py:63] - INFO - procotol:http, hostname:www.78.cn, new_link:/web/jiaogejichi/
2017-09-16 16:01:43,520 - [webpage_parser.py:63] - INFO - procotol:http, hostname:www.4399.com, new_link:/flash/191612.htm
2017-09-16 16:01:43,521 - [webpage_parser.py:63] - INFO - procotol:http, hostname:www.78.cn, new_link:/web/meilehou/
2017-09-16 16:01:43,521 - [webpage_parser.py:63] - INFO - procotol:http, hostname:www.4399.com, new_link:/flash/191746.htm
2017-09-16 16:01:43,522 - [webpage_parser.py:63] - INFO - procotol:http, hostname:www.78.cn, new_link:/web/kxmmyjzx/
2017-09-16 16:01:43,522 - [webpage_parser.py:63] - INFO - procotol:http, hostname:www.4399.com, new_link:/flash/191489.htm
2017-09-16 16:01:43,523 - [webpage_parser.py:63] - INFO - procotol:http, hostname:www.78.cn, new_link:/web/lzgxiangguo/
2017-09-16 16:01:43,523 - [webpage_parser.py:63] - INFO - procotol:http, hostname:www.4399.com, new_link:/flash/191435.htm
2017-09-16 16:01:43,523 - [webpage_parser.py:63] - INFO - procotol:http, hostname:www.78.cn, new_link:/web/baozoujipai/
2017-09-16 16:01:43,524 - [webpage_parser.py:63] - INFO - procotol:http, hostname:www.4399.com, new_link:/flash/191379.htm
2017-09-16 16:01:43,524 - [webpage_parser.py:63] - INFO - procotol:http, hostname:www.78.cn, new_link:/web/beiyuehan/
2017-09-16 16:01:43,524 - [webpage_parser.py:63] - INFO - procotol:http, hostname:www.4399.com, new_link:/flash/191661.htm
2017-09-16 16:01:43,525 - [webpage_parser.py:63] - INFO - procotol:http, hostname:www.78.cn, new_link:/web/tyxttstguan/
2017-09-16 16:01:43,525 - [webpage_parser.py:63] - INFO - procotol:http, hostname:www.4399.com, new_link:/flash/191338.htm
2017-09-16 16:01:43,526 - [webpage_parser.py:63] - INFO - procotol:http, hostname:www.78.cn, new_link:/web/banshangxiaoge/
2017-09-16 16:01:43,526 - [webpage_parser.py:63] - INFO - procotol:http, hostname:www.4399.com, new_link:/flash/191590.htm
2017-09-16 16:01:43,527 - [webpage_parser.py:63] - INFO - procotol:http, hostname:www.78.cn, new_link:/web/wanmeishij/
2017-09-16 16:01:43,527 - [webpage_parser.py:63] - INFO - procotol:http, hostname:www.4399.com, new_link:/flash/190986.htm
2017-09-16 16:01:43,527 - [webpage_parser.py:63] - INFO - procotol:http, hostname:www.78.cn, new_link:/web/sxmjbge/
2017-09-16 16:01:43,528 - [webpage_parser.py:63] - INFO - procotol:http, hostname:www.4399.com, new_link:/flash/191208.htm
2017-09-16 16:01:43,528 - [webpage_parser.py:63] - INFO - procotol:http, hostname:www.78.cn, new_link:/web/wujiandaocy/
2017-09-16 16:01:43,528 - [webpage_parser.py:63] - INFO - procotol:http, hostname:www.4399.com, new_link:/flash/191155.htm
2017-09-16 16:01:43,529 - [webpage_parser.py:63] - INFO - procotol:http, hostname:www.78.cn, new_link:/web/jiangyihutkyt/
2017-09-16 16:01:43,529 - [webpage_parser.py:63] - INFO - procotol:http, hostname:www.4399.com, new_link:/flash/191172.htm
2017-09-16 16:01:43,530 - [webpage_parser.py:63] - INFO - procotol:http, hostname:www.78.cn, new_link:/web/xunchongji/
2017-09-16 16:01:43,530 - [webpage_parser.py:63] - INFO - procotol:http, hostname:www.4399.com, new_link:/flash/191105.htm
2017-09-16 16:01:43,531 - [webpage_parser.py:63] - INFO - procotol:http, hostname:www.78.cn, new_link:/web/qiaojiefangjiaozi/
2017-09-16 16:01:43,531 - [webpage_parser.py:63] - INFO - procotol:http, hostname:www.4399.com, new_link:/flash/191190.htm
2017-09-16 16:01:43,532 - [webpage_parser.py:63] - INFO - procotol:http, hostname:www.78.cn, new_link:/web/jinmofang/
2017-09-16 16:01:43,532 - [webpage_parser.py:63] - INFO - procotol:http, hostname:www.4399.com, new_link:/flash/190811.htm
2017-09-16 16:01:43,532 - [webpage_parser.py:63] - INFO - procotol:http, hostname:www.78.cn, new_link:/web/yimingjrjyls/
2017-09-16 16:01:43,533 - [webpage_parser.py:63] - INFO - procotol:http, hostname:www.4399.com, new_link:/flash/191024.htm
2017-09-16 16:01:43,533 - [webpage_parser.py:63] - INFO - procotol:http, hostname:www.78.cn, new_link:/web/alawboboyu/
2017-09-16 16:01:43,533 - [webpage_parser.py:63] - INFO - procotol:http, hostname:www.4399.com, new_link:/flash/190974.htm
2017-09-16 16:01:43,534 - [webpage_parser.py:63] - INFO - procotol:http, hostname:www.78.cn, new_link:/web/yhhaixianfan/
2017-09-16 16:01:43,534 - [webpage_parser.py:63] - INFO - procotol:http, hostname:www.4399.com, new_link:/flash/190672.htm
2017-09-16 16:01:43,534 - [webpage_parser.py:63] - INFO - procotol:http, hostname:www.78.cn, new_link:/web/manukatp/
2017-09-16 16:01:43,535 - [webpage_parser.py:63] - INFO - procotol:http, hostname:www.4399.com, new_link:/flash/191377.htm
2017-09-16 16:01:43,535 - [webpage_parser.py:63] - INFO - procotol:http, hostname:www.78.cn, new_link:/web/cheluban/
2017-09-16 16:01:43,535 - [webpage_parser.py:63] - INFO - procotol:http, hostname:www.4399.com, new_link:/flash/190576.htm
2017-09-16 16:01:43,536 - [webpage_parser.py:63] - INFO - procotol:http, hostname:www.78.cn, new_link:/web/chixicha/
2017-09-16 16:01:43,536 - [webpage_parser.py:63] - INFO - procotol:http, hostname:www.4399.com, new_link:/flash/191031.htm
2017-09-16 16:01:43,537 - [webpage_parser.py:63] - INFO - procotol:http, hostname:www.78.cn, new_link:/web/msxmaocai/
2017-09-16 16:01:43,540 - [connectionpool.py:207] - DEBUG - Starting new HTTP connection (1): www.hao123.com
2017-09-16 16:01:43,540 - [webpage_parser.py:63] - INFO - procotol:http, hostname:www.4399.com, new_link:/flash/189268.htm
2017-09-16 16:01:43,541 - [webpage_parser.py:63] - INFO - procotol:http, hostname:www.78.cn, new_link:/web/syjkxhxmmian/
2017-09-16 16:01:43,542 - [webpage_parser.py:63] - INFO - procotol:http, hostname:www.4399.com, new_link:/flash/190005.htm
2017-09-16 16:01:43,542 - [webpage_parser.py:63] - INFO - procotol:http, hostname:www.78.cn, new_link:/web/yadaoyinghuangcha/
2017-09-16 16:01:43,543 - [webpage_parser.py:63] - INFO - procotol:http, hostname:www.4399.com, new_link:/flash/190529.htm
2017-09-16 16:01:43,543 - [webpage_parser.py:63] - INFO - procotol:http, hostname:www.78.cn, new_link:/web/weiteke/
2017-09-16 16:01:43,544 - [webpage_parser.py:63] - INFO - procotol:http, hostname:www.4399.com, new_link:/flash/190498.htm
2017-09-16 16:01:43,544 - [webpage_parser.py:63] - INFO - procotol:http, hostname:www.78.cn, new_link:/web/hanxaioertanzimr/
2017-09-16 16:01:43,544 - [webpage_parser.py:63] - INFO - procotol:http, hostname:www.4399.com, new_link:/flash/189625.htm
2017-09-16 16:01:43,545 - [webpage_parser.py:63] - INFO - procotol:http, hostname:www.78.cn, new_link:/web/sjqjjianshen/
2017-09-16 16:01:43,545 - [webpage_parser.py:63] - INFO - procotol:http, hostname:www.4399.com, new_link:/flash/190693.htm
2017-09-16 16:01:43,546 - [webpage_parser.py:63] - INFO - procotol:http, hostname:www.78.cn, new_link:/web/cuishifu/
2017-09-16 16:01:43,546 - [webpage_parser.py:63] - INFO - procotol:http, hostname:www.4399.com, new_link:/flash/190482.htm
2017-09-16 16:01:43,547 - [webpage_parser.py:63] - INFO - procotol:http, hostname:www.78.cn, new_link:/web/hanfugong/
2017-09-16 16:01:43,547 - [webpage_parser.py:63] - INFO - procotol:http, hostname:www.4399.com, new_link:/flash/190938.htm
2017-09-16 16:01:43,548 - [webpage_parser.py:63] - INFO - procotol:http, hostname:www.78.cn, new_link:/web/yuzhigongchayin/
2017-09-16 16:01:43,548 - [webpage_parser.py:63] - INFO - procotol:http, hostname:www.4399.com, new_link:/flash/188940.htm
2017-09-16 16:01:43,548 - [webpage_parser.py:63] - INFO - procotol:http, hostname:www.78.cn, new_link:/web/fajuehongpei/
2017-09-16 16:01:43,549 - [webpage_parser.py:63] - INFO - procotol:http, hostname:www.4399.com, new_link:/flash/187716.htm
2017-09-16 16:01:43,549 - [webpage_parser.py:63] - INFO - procotol:http, hostname:www.78.cn, new_link:/web/xiqiguguai/
2017-09-16 16:01:43,549 - [webpage_parser.py:63] - INFO - procotol:http, hostname:www.4399.com, new_link:/flash/185532.htm
2017-09-16 16:01:43,550 - [webpage_parser.py:63] - INFO - procotol:http, hostname:www.78.cn, new_link:/web/lbwyslvroumian/
2017-09-16 16:01:43,550 - [webpage_parser.py:63] - INFO - procotol:http, hostname:www.4399.com, new_link:/flash/190050.htm
2017-09-16 16:01:43,551 - [webpage_parser.py:63] - INFO - procotol:http, hostname:www.4399.com, new_link:/flash/190450.htm
2017-09-16 16:01:43,551 - [webpage_parser.py:63] - INFO - procotol:http, hostname:www.78.cn, new_link:/web/shalayouli/
2017-09-16 16:01:43,553 - [webpage_parser.py:63] - INFO - procotol:http, hostname:www.78.cn, new_link:/web/sszscyshguan/
2017-09-16 16:01:43,553 - [webpage_parser.py:63] - INFO - procotol:http, hostname:www.78.cn, new_link:/web/xingfumlt/
2017-09-16 16:01:43,552 - [webpage_parser.py:63] - INFO - procotol:http, hostname:www.4399.com, new_link:/flash/189109.htm
2017-09-16 16:01:43,554 - [webpage_parser.py:63] - INFO - procotol:http, hostname:www.78.cn, new_link:/web/xiongnaier/
2017-09-16 16:01:43,555 - [webpage_parser.py:63] - INFO - procotol:http, hostname:www.4399.com, new_link:/flash/189452.htm
2017-09-16 16:01:43,555 - [webpage_parser.py:63] - INFO - procotol:http, hostname:www.78.cn, new_link:/web/csslzwkzh/
2017-09-16 16:01:43,556 - [webpage_parser.py:63] - INFO - procotol:http, hostname:www.4399.com, new_link:/flash/184096.htm
2017-09-16 16:01:43,556 - [webpage_parser.py:63] - INFO - procotol:http, hostname:www.78.cn, new_link:/web/shuanghuangxianrg/
2017-09-16 16:01:43,557 - [webpage_parser.py:63] - INFO - procotol:http, hostname:www.4399.com, new_link:/flash/185721.htm
2017-09-16 16:01:43,557 - [webpage_parser.py:63] - INFO - procotol:http, hostname:www.78.cn, new_link:/web/yadaoyinghuangcha/
2017-09-16 16:01:43,558 - [webpage_parser.py:63] - INFO - procotol:http, hostname:www.4399.com, new_link:/flash/189148.htm
2017-09-16 16:01:43,558 - [webpage_parser.py:63] - INFO - procotol:http, hostname:www.78.cn, new_link:/web/luolimengtz/
2017-09-16 16:01:43,558 - [webpage_parser.py:63] - INFO - procotol:http, hostname:www.4399.com, new_link:/flash/184683.htm
2017-09-16 16:01:43,559 - [webpage_parser.py:63] - INFO - procotol:http, hostname:www.78.cn, new_link:/web/chufangbao/
2017-09-16 16:01:43,559 - [webpage_parser.py:63] - INFO - procotol:http, hostname:www.4399.com, new_link:/flash/181852.htm
2017-09-16 16:01:43,560 - [webpage_parser.py:63] - INFO - procotol:http, hostname:www.78.cn, new_link:/web/oudeyajcqm/
2017-09-16 16:01:43,560 - [webpage_parser.py:63] - INFO - procotol:http, hostname:www.4399.com, new_link:/flash/189839.htm
2017-09-16 16:01:43,560 - [webpage_parser.py:63] - INFO - procotol:http, hostname:www.78.cn, new_link:/web/moshouyinpin/
2017-09-16 16:01:43,561 - [webpage_parser.py:63] - INFO - procotol:http, hostname:www.4399.com, new_link:/flash/184213.htm
2017-09-16 16:01:43,561 - [webpage_parser.py:63] - INFO - procotol:http, hostname:www.78.cn, new_link:/web/kafeiaishangcha/
2017-09-16 16:01:43,562 - [webpage_parser.py:63] - INFO - procotol:http, hostname:www.4399.com, new_link:/flash/185686.htm
2017-09-16 16:01:43,563 - [webpage_parser.py:63] - INFO - procotol:http, hostname:www.78.cn, new_link:/web/lvzhiyuan/
2017-09-16 16:01:43,563 - [webpage_parser.py:63] - INFO - procotol:http, hostname:www.4399.com, new_link:/flash/185560.htm
2017-09-16 16:01:43,564 - [webpage_parser.py:63] - INFO - procotol:http, hostname:www.78.cn, new_link:/web/meishimimamt/
2017-09-16 16:01:43,565 - [webpage_parser.py:63] - INFO - procotol:http, hostname:www.4399.com, new_link:/flash/161149.htm
2017-09-16 16:01:43,565 - [webpage_parser.py:63] - INFO - procotol:http, hostname:www.78.cn, new_link:/web/mkxbtzhuang/
2017-09-16 16:01:43,566 - [webpage_parser.py:63] - INFO - procotol:http, hostname:www.4399.com, new_link:/flash/183233.htm
2017-09-16 16:01:43,566 - [webpage_parser.py:63] - INFO - procotol:http, hostname:www.78.cn, new_link:/web/xuehuniupaibei/
2017-09-16 16:01:43,567 - [webpage_parser.py:63] - INFO - procotol:http, hostname:www.4399.com, new_link:/flash/176065.htm
2017-09-16 16:01:43,567 - [webpage_parser.py:63] - INFO - procotol:http, hostname:www.78.cn, new_link:/web/fengkuangkpg/
2017-09-16 16:01:43,567 - [webpage_parser.py:63] - INFO - procotol:http, hostname:www.4399.com, new_link:/flash/172050.htm
2017-09-16 16:01:43,568 - [webpage_parser.py:63] - INFO - procotol:http, hostname:www.78.cn, new_link:/web/lamutong/
2017-09-16 16:01:43,568 - [webpage_parser.py:63] - INFO - procotol:http, hostname:www.4399.com, new_link:/flash/170973.htm
2017-09-16 16:01:43,569 - [webpage_parser.py:63] - INFO - procotol:http, hostname:www.78.cn, new_link:/web/shalayj/
2017-09-16 16:01:43,569 - [webpage_parser.py:63] - INFO - procotol:http, hostname:www.4399.com, new_link:/flash/187796.htm
2017-09-16 16:01:43,570 - [webpage_parser.py:63] - INFO - procotol:http, hostname:www.78.cn, new_link:/web/shanglaohuoguo/
2017-09-16 16:01:43,570 - [webpage_parser.py:63] - INFO - procotol:http, hostname:www.4399.com, new_link:/flash/182561.htm
2017-09-16 16:01:43,571 - [webpage_parser.py:63] - INFO - procotol:http, hostname:www.78.cn, new_link:/web/miketongzhuang/
2017-09-16 16:01:43,571 - [webpage_parser.py:63] - INFO - procotol:http, hostname:www.4399.com, new_link:/flash/181229.htm
2017-09-16 16:01:43,572 - [webpage_parser.py:63] - INFO - procotol:http, hostname:www.78.cn, new_link:/web/molimaka/
2017-09-16 16:01:43,572 - [webpage_parser.py:63] - INFO - procotol:http, hostname:www.4399.com, new_link:/flash/168579.htm
2017-09-16 16:01:43,573 - [webpage_parser.py:63] - INFO - procotol:http, hostname:www.78.cn, new_link:/web/shisanweimwhg/
2017-09-16 16:01:43,573 - [webpage_parser.py:63] - INFO - procotol:http, hostname:www.4399.com, new_link:/flash/137953.htm
2017-09-16 16:01:43,574 - [webpage_parser.py:63] - INFO - procotol:http, hostname:www.78.cn, new_link:/web/puduomqtz/
2017-09-16 16:01:43,575 - [webpage_parser.py:63] - INFO - procotol:http, hostname:www.4399.com, new_link:/flash/159629.htm
2017-09-16 16:01:43,576 - [webpage_parser.py:63] - INFO - procotol:http, hostname:www.78.cn, new_link:/web/mingyufangshui/
2017-09-16 16:01:43,577 - [webpage_parser.py:63] - INFO - procotol:http, hostname:www.4399.com, new_link:/flash/160885.htm
2017-09-16 16:01:43,579 - [webpage_parser.py:63] - INFO - procotol:http, hostname:www.78.cn, new_link:/web/xialaoxiashuan/
2017-09-16 16:01:43,581 - [webpage_parser.py:63] - INFO - procotol:http, hostname:www.4399.com, new_link:/flash/132095.htm
2017-09-16 16:01:43,582 - [webpage_parser.py:63] - INFO - procotol:http, hostname:www.78.cn, new_link:/web/benteng/
2017-09-16 16:01:43,583 - [webpage_parser.py:63] - INFO - procotol:http, hostname:www.4399.com, new_link:/flash/143365.htm
2017-09-16 16:01:43,585 - [webpage_parser.py:63] - INFO - procotol:http, hostname:www.78.cn, new_link:/web/beioushighp/
2017-09-16 16:01:43,585 - [webpage_parser.py:63] - INFO - procotol:http, hostname:www.4399.com, new_link:/flash/183446.htm
2017-09-16 16:01:43,586 - [webpage_parser.py:63] - INFO - procotol:http, hostname:www.78.cn, new_link:/web/shisanweimwhg/
2017-09-16 16:01:43,587 - [webpage_parser.py:63] - INFO - procotol:http, hostname:www.4399.com, new_link:/flash/180479.htm
2017-09-16 16:01:43,587 - [webpage_parser.py:63] - INFO - procotol:http, hostname:www.78.cn, new_link:/web/dingdangjip/
2017-09-16 16:01:43,588 - [webpage_parser.py:63] - INFO - procotol:http, hostname:www.4399.com, new_link:/flash/176654.htm
2017-09-16 16:01:43,590 - [webpage_parser.py:63] - INFO - procotol:http, hostname:www.78.cn, new_link:/web/wusuoweiyp/
2017-09-16 16:01:43,592 - [webpage_parser.py:63] - INFO - procotol:http, hostname:www.4399.com, new_link:/flash/135179.htm
2017-09-16 16:01:43,595 - [webpage_parser.py:63] - INFO - procotol:http, hostname:www.78.cn, new_link:/web/fumeige/
2017-09-16 16:01:43,596 - [webpage_parser.py:63] - INFO - procotol:http, hostname:www.4399.com, new_link:/flash/142569.htm
2017-09-16 16:01:43,600 - [webpage_parser.py:63] - INFO - procotol:http, hostname:www.78.cn, new_link:/web/duobaoqibing/
2017-09-16 16:01:43,602 - [webpage_parser.py:63] - INFO - procotol:http, hostname:www.4399.com, new_link:/flash/112909.htm
2017-09-16 16:01:43,603 - [webpage_parser.py:63] - INFO - procotol:http, hostname:www.78.cn, new_link:/web/zyhtcphuntun/
2017-09-16 16:01:43,604 - [webpage_parser.py:63] - INFO - procotol:http, hostname:www.4399.com, new_link:/flash/138404.htm
2017-09-16 16:01:43,604 - [webpage_parser.py:63] - INFO - procotol:http, hostname:www.78.cn, new_link:/web/xicherenjia/
2017-09-16 16:01:43,605 - [webpage_parser.py:63] - INFO - procotol:http, hostname:www.4399.com, new_link:/flash/130499.htm
2017-09-16 16:01:43,605 - [webpage_parser.py:63] - INFO - procotol:http, hostname:www.78.cn, new_link:/web/dalanmaoyongpin/
2017-09-16 16:01:43,606 - [webpage_parser.py:63] - INFO - procotol:http, hostname:www.4399.com, new_link:/flash/116152.htm
2017-09-16 16:01:43,606 - [webpage_parser.py:63] - INFO - procotol:http, hostname:www.78.cn, new_link:/web/qiangulaomian/
2017-09-16 16:01:43,607 - [webpage_parser.py:63] - INFO - procotol:http, hostname:www.4399.com, new_link:/flash/181032.htm
2017-09-16 16:01:43,607 - [webpage_parser.py:63] - INFO - procotol:http, hostname:www.78.cn, new_link:/web/niudadanbm/
2017-09-16 16:01:43,608 - [webpage_parser.py:63] - INFO - procotol:http, hostname:www.4399.com, new_link:/flash/177241.htm
2017-09-16 16:01:43,609 - [webpage_parser.py:63] - INFO - procotol:http, hostname:www.78.cn, new_link:/web/yimoyangguang/
2017-09-16 16:01:43,610 - [webpage_parser.py:63] - INFO - procotol:http, hostname:www.4399.com, new_link:/flash/174471.htm
2017-09-16 16:01:43,611 - [webpage_parser.py:63] - INFO - procotol:http, hostname:www.78.cn, new_link:/web/feichizhongtgmy/
2017-09-16 16:01:43,612 - [webpage_parser.py:63] - INFO - procotol:http, hostname:www.4399.com, new_link:/flash/54185.htm
2017-09-16 16:01:43,613 - [webpage_parser.py:63] - INFO - procotol:http, hostname:www.78.cn, new_link:/web/fengkuangkaochi/
2017-09-16 16:01:43,617 - [webpage_parser.py:63] - INFO - procotol:http, hostname:www.78.cn, new_link:/web/kewenshicailiq/
2017-09-16 16:01:43,615 - [webpage_parser.py:63] - INFO - procotol:http, hostname:www.4399.com, new_link:/flash/126413.htm
2017-09-16 16:01:43,619 - [webpage_parser.py:63] - INFO - procotol:http, hostname:www.78.cn, new_link:/web/nanxunhua/
2017-09-16 16:01:43,621 - [webpage_parser.py:63] - INFO - procotol:http, hostname:www.4399.com, new_link:/flash/117462.htm
2017-09-16 16:01:43,621 - [webpage_parser.py:63] - INFO - procotol:http, hostname:www.78.cn, new_link:/web/chejueshi/
2017-09-16 16:01:43,622 - [webpage_parser.py:63] - INFO - procotol:http, hostname:www.4399.com, new_link:/flash/96342.htm
2017-09-16 16:01:43,622 - [webpage_parser.py:63] - INFO - procotol:http, hostname:www.78.cn, new_link:/web/lidunznfds/
2017-09-16 16:01:43,623 - [webpage_parser.py:63] - INFO - procotol:http, hostname:www.4399.com, new_link:/flash/125827.htm
2017-09-16 16:01:43,623 - [webpage_parser.py:63] - INFO - procotol:http, hostname:www.78.cn, new_link:/web/aimuken/
2017-09-16 16:01:43,623 - [webpage_parser.py:63] - INFO - procotol:http, hostname:www.4399.com, new_link:/flash/103266.htm
2017-09-16 16:01:43,624 - [webpage_parser.py:63] - INFO - procotol:http, hostname:www.78.cn, new_link:/web/jrhbysbcai/
2017-09-16 16:01:43,625 - [webpage_parser.py:63] - INFO - procotol:http, hostname:www.4399.com, new_link:/flash/172049.htm
2017-09-16 16:01:43,625 - [webpage_parser.py:63] - INFO - procotol:http, hostname:www.78.cn, new_link:/web/keaijimitz/
2017-09-16 16:01:43,626 - [webpage_parser.py:63] - INFO - procotol:http, hostname:www.4399.com, new_link:/flash/142965.htm
2017-09-16 16:01:43,627 - [webpage_parser.py:63] - INFO - procotol:http, hostname:www.78.cn, new_link:/web/guigglrj/
2017-09-16 16:01:43,627 - [webpage_parser.py:63] - INFO - procotol:http, hostname:www.4399.com, new_link:/flash/159549.htm
2017-09-16 16:01:43,628 - [webpage_parser.py:63] - INFO - procotol:http, hostname:www.78.cn, new_link:/web/zhangsgangpisaz/
2017-09-16 16:01:43,628 - [webpage_parser.py:63] - INFO - procotol:http, hostname:www.4399.com, new_link:/flash/103568.htm
2017-09-16 16:01:43,628 - [webpage_parser.py:63] - INFO - procotol:http, hostname:www.78.cn, new_link:/web/aifeili/
2017-09-16 16:01:43,629 - [webpage_parser.py:63] - INFO - procotol:http, hostname:www.4399.com, new_link:/flash/107884.htm
2017-09-16 16:01:43,629 - [webpage_parser.py:63] - INFO - procotol:http, hostname:www.78.cn, new_link:/web/qiaojiefangjiaozi/
2017-09-16 16:01:43,630 - [webpage_parser.py:63] - INFO - procotol:http, hostname:www.4399.com, new_link:/flash/143168.htm
2017-09-16 16:01:43,630 - [webpage_parser.py:63] - INFO - procotol:http, hostname:www.78.cn, new_link:/web/wodexiaxiang/
2017-09-16 16:01:43,631 - [webpage_parser.py:63] - INFO - procotol:http, hostname:www.4399.com, new_link:/flash/85646.htm
2017-09-16 16:01:43,632 - [webpage_parser.py:63] - INFO - procotol:http, hostname:www.78.cn, new_link:/web/qichekuaixiu/
2017-09-16 16:01:43,633 - [webpage_parser.py:63] - INFO - procotol:http, hostname:www.4399.com, new_link:/flash/89107.htm
2017-09-16 16:01:43,633 - [webpage_parser.py:63] - INFO - procotol:http, hostname:www.78.cn, new_link:/web/huangtingclby/
2017-09-16 16:01:43,634 - [webpage_parser.py:63] - INFO - procotol:http, hostname:www.4399.com, new_link:/flash/89614.htm
2017-09-16 16:01:43,634 - [webpage_parser.py:63] - INFO - procotol:http, hostname:www.78.cn, new_link:/web/yuanyuankaoji/
2017-09-16 16:01:43,635 - [webpage_parser.py:63] - INFO - procotol:http, hostname:www.4399.com, new_link:/flash/96689.htm
2017-09-16 16:01:43,636 - [webpage_parser.py:63] - INFO - procotol:http, hostname:www.78.cn, new_link:/web/naduogn/
2017-09-16 16:01:43,637 - [webpage_parser.py:63] - INFO - procotol:http, hostname:www.4399.com, new_link:/flash/131185.htm
2017-09-16 16:01:43,638 - [webpage_parser.py:63] - INFO - procotol:http, hostname:www.78.cn, new_link:/web/jizanjiatbs/
2017-09-16 16:01:43,638 - [webpage_parser.py:63] - INFO - procotol:http, hostname:www.4399.com, new_link:/flash/129546.htm
2017-09-16 16:01:43,639 - [webpage_parser.py:63] - INFO - procotol:http, hostname:www.78.cn, new_link:/web/mawafushi/
2017-09-16 16:01:43,639 - [webpage_parser.py:63] - INFO - procotol:http, hostname:www.4399.com, new_link:/special/195.htm
2017-09-16 16:01:43,639 - [webpage_parser.py:63] - INFO - procotol:http, hostname:www.78.cn, new_link:/web/lxcbiandang/
2017-09-16 16:01:43,640 - [webpage_parser.py:63] - INFO - procotol:http, hostname:www.4399.com, new_link:/special/195.htm
2017-09-16 16:01:43,640 - [webpage_parser.py:63] - INFO - procotol:http, hostname:www.78.cn, new_link:/web/zhengmeiwei/
2017-09-16 16:01:43,641 - [webpage_parser.py:63] - INFO - procotol:http, hostname:www.4399.com, new_link:/flash/191609.htm
2017-09-16 16:01:43,641 - [webpage_parser.py:63] - INFO - procotol:http, hostname:www.78.cn, new_link:/web/jiuniuyibeinpb/
2017-09-16 16:01:43,642 - [webpage_parser.py:63] - INFO - procotol:http, hostname:www.4399.com, new_link:/flash/191602.htm
2017-09-16 16:01:43,642 - [webpage_parser.py:63] - INFO - procotol:http, hostname:www.78.cn, new_link:/web/yysytjyufan/
2017-09-16 16:01:43,643 - [webpage_parser.py:63] - INFO - procotol:http, hostname:www.4399.com, new_link:/flash/191537.htm
2017-09-16 16:01:43,644 - [webpage_parser.py:63] - INFO - procotol:http, hostname:www.78.cn, new_link:/web/bozhilijinksp/
2017-09-16 16:01:43,644 - [webpage_parser.py:63] - INFO - procotol:http, hostname:www.4399.com, new_link:/flash/191734.htm
2017-09-16 16:01:43,644 - [webpage_parser.py:63] - INFO - procotol:http, hostname:www.78.cn, new_link:/web/qixike/
2017-09-16 16:01:43,645 - [webpage_parser.py:63] - INFO - procotol:http, hostname:www.4399.com, new_link:/flash/191487.htm
2017-09-16 16:01:43,645 - [webpage_parser.py:63] - INFO - procotol:http, hostname:www.78.cn, new_link:/web/qiazihuinz/
2017-09-16 16:01:43,646 - [webpage_parser.py:63] - INFO - procotol:http, hostname:www.4399.com, new_link:/flash/191658.htm
2017-09-16 16:01:43,646 - [webpage_parser.py:63] - INFO - procotol:http, hostname:www.78.cn, new_link:/web/taolemeng/
2017-09-16 16:01:43,647 - [webpage_parser.py:63] - INFO - procotol:http, hostname:www.4399.com, new_link:/flash/191472.htm
2017-09-16 16:01:43,647 - [webpage_parser.py:63] - INFO - procotol:http, hostname:www.78.cn, new_link:/web/hanxaioertanzimr/
2017-09-16 16:01:43,648 - [webpage_parser.py:63] - INFO - procotol:http, hostname:www.4399.com, new_link:/flash/191467.htm
2017-09-16 16:01:43,648 - [webpage_parser.py:63] - INFO - procotol:http, hostname:www.78.cn, new_link:/web/zhiailisi2/
2017-09-16 16:01:43,648 - [webpage_parser.py:63] - INFO - procotol:http, hostname:www.4399.com, new_link:/flash/191253.htm
2017-09-16 16:01:43,649 - [webpage_parser.py:63] - INFO - procotol:http, hostname:www.78.cn, new_link:/web/xiadouxsxc/
2017-09-16 16:01:43,649 - [webpage_parser.py:63] - INFO - procotol:http, hostname:www.4399.com, new_link:/flash/190481.htm
2017-09-16 16:01:43,650 - [webpage_parser.py:63] - INFO - procotol:http, hostname:www.78.cn, new_link:/web/haiwoquanqiugou/
2017-09-16 16:01:43,650 - [webpage_parser.py:63] - INFO - procotol:http, hostname:www.4399.com, new_link:/flash/189865.htm
2017-09-16 16:01:43,651 - [webpage_parser.py:63] - INFO - procotol:http, hostname:www.78.cn, new_link:/web/bobitonghuaqzly/
2017-09-16 16:01:43,651 - [webpage_parser.py:63] - INFO - procotol:http, hostname:www.4399.com, new_link:/flash/189249.htm
2017-09-16 16:01:43,652 - [webpage_parser.py:63] - INFO - procotol:http, hostname:www.78.cn, new_link:/web/kaisahaotingjcqs/
2017-09-16 16:01:43,652 - [webpage_parser.py:63] - INFO - procotol:http, hostname:www.4399.com, new_link:/flash/190271.htm
2017-09-16 16:01:43,652 - [webpage_parser.py:63] - INFO - procotol:http, hostname:www.78.cn, new_link:/web/shiqsdsgbf/
2017-09-16 16:01:43,653 - [webpage_parser.py:63] - INFO - procotol:http, hostname:www.4399.com, new_link:/flash/191393.htm
2017-09-16 16:01:43,653 - [webpage_parser.py:63] - INFO - procotol:http, hostname:www.78.cn, new_link:/web/shiyujibby/
2017-09-16 16:01:43,654 - [webpage_parser.py:63] - INFO - procotol:http, hostname:www.4399.com, new_link:/flash/190357.htm
2017-09-16 16:01:43,654 - [webpage_parser.py:63] - INFO - procotol:http, hostname:www.78.cn, new_link:/web/gongfubaozai/
2017-09-16 16:01:43,654 - [webpage_parser.py:63] - INFO - procotol:http, hostname:www.4399.com, new_link:/flash/177312.htm
2017-09-16 16:01:43,655 - [webpage_parser.py:63] - INFO - procotol:http, hostname:www.78.cn, new_link:/web/caihongbuding/
2017-09-16 16:01:43,655 - [webpage_parser.py:63] - INFO - procotol:http, hostname:www.4399.com, new_link:/flash/181033.htm
2017-09-16 16:01:43,656 - [webpage_parser.py:63] - INFO - procotol:http, hostname:www.78.cn, new_link:/web/darenshijie/
2017-09-16 16:01:43,656 - [webpage_parser.py:63] - INFO - procotol:http, hostname:www.4399.com, new_link:/flash/187751.htm
2017-09-16 16:01:43,656 - [webpage_parser.py:63] - INFO - procotol:http, hostname:www.78.cn, new_link:/web/zuigaojimi/
2017-09-16 16:01:43,657 - [webpage_parser.py:63] - INFO - procotol:http, hostname:www.4399.com, new_link:/flash/27924.htm
2017-09-16 16:01:43,657 - [webpage_parser.py:63] - INFO - procotol:http, hostname:www.78.cn, new_link:/web/shanggongypmf/
2017-09-16 16:01:43,657 - [webpage_parser.py:63] - INFO - procotol:http, hostname:www.4399.com, new_link:/flash/189689.htm
2017-09-16 16:01:43,658 - [webpage_parser.py:63] - INFO - procotol:http, hostname:www.78.cn, new_link:/web/jinglingmake/
2017-09-16 16:01:43,658 - [webpage_parser.py:63] - INFO - procotol:http, hostname:www.4399.com, new_link:/flash/191034.htm
2017-09-16 16:01:43,659 - [webpage_parser.py:63] - INFO - procotol:http, hostname:www.78.cn, new_link:/web/wanmeishij/
2017-09-16 16:01:43,659 - [webpage_parser.py:63] - INFO - procotol:http, hostname:www.4399.com, new_link:/flash/189166.htm
2017-09-16 16:01:43,660 - [webpage_parser.py:63] - INFO - procotol:http, hostname:www.78.cn, new_link:/web/huanghouyxhb/
2017-09-16 16:01:43,660 - [webpage_parser.py:63] - INFO - procotol:http, hostname:www.4399.com, new_link:/flash/145853.htm
2017-09-16 16:01:43,660 - [webpage_parser.py:63] - INFO - procotol:http, hostname:www.78.cn, new_link:/web/telisenfs/
2017-09-16 16:01:43,661 - [webpage_parser.py:63] - INFO - procotol:http, hostname:www.4399.com, new_link:/flash/171487.htm
2017-09-16 16:01:43,661 - [webpage_parser.py:63] - INFO - procotol:http, hostname:www.78.cn, new_link:/web/hansu/
2017-09-16 16:01:43,662 - [webpage_parser.py:63] - INFO - procotol:http, hostname:www.4399.com, new_link:/flash/187371.htm
2017-09-16 16:01:43,662 - [webpage_parser.py:63] - INFO - procotol:http, hostname:www.78.cn, new_link:/web/chanpangxrb/
2017-09-16 16:01:43,662 - [webpage_parser.py:63] - INFO - procotol:http, hostname:www.4399.com, new_link:/flash/176718.htm
2017-09-16 16:01:43,663 - [webpage_parser.py:63] - INFO - procotol:http, hostname:www.78.cn, new_link:/web/tonghuabobitongzhuang/
2017-09-16 16:01:43,663 - [webpage_parser.py:63] - INFO - procotol:http, hostname:www.4399.com, new_link:/special/295.htm
2017-09-16 16:01:43,663 - [webpage_parser.py:63] - INFO - procotol:http, hostname:www.78.cn, new_link:/web/zhengshanmei/
2017-09-16 16:01:43,664 - [webpage_parser.py:63] - INFO - procotol:http, hostname:www.4399.com, new_link:/special/295.htm
2017-09-16 16:01:43,665 - [webpage_parser.py:63] - INFO - procotol:http, hostname:www.78.cn, new_link:/web/beilnwhg/
2017-09-16 16:01:43,665 - [webpage_parser.py:63] - INFO - procotol:http, hostname:www.4399.com, new_link:/special/169.htm
2017-09-16 16:01:43,665 - [webpage_parser.py:63] - INFO - procotol:http, hostname:www.78.cn, new_link:/web/diqiutianshi/
2017-09-16 16:01:43,666 - [webpage_parser.py:63] - INFO - procotol:http, hostname:www.4399.com, new_link:/special/94.htm
2017-09-16 16:01:43,666 - [webpage_parser.py:63] - INFO - procotol:http, hostname:www.78.cn, new_link:/web/jmf2/
2017-09-16 16:01:43,666 - [webpage_parser.py:63] - INFO - procotol:http, hostname:www.4399.com, new_link:/special/105.htm
2017-09-16 16:01:43,667 - [webpage_parser.py:63] - INFO - procotol:http, hostname:www.78.cn, new_link:/web/wuchabang/
2017-09-16 16:01:43,667 - [webpage_parser.py:63] - INFO - procotol:http, hostname:www.4399.com, new_link:/special/204.htm
2017-09-16 16:01:43,668 - [webpage_parser.py:63] - INFO - procotol:http, hostname:www.78.cn, new_link:/web/sjqjjianshen/
2017-09-16 16:01:43,668 - [webpage_parser.py:63] - INFO - procotol:http, hostname:www.4399.com, new_link:/special/154.htm
2017-09-16 16:01:43,669 - [webpage_parser.py:63] - INFO - procotol:http, hostname:www.78.cn, new_link:/web/dkchayin/
2017-09-16 16:01:43,669 - [webpage_parser.py:63] - INFO - procotol:http, hostname:www.4399.com, new_link:/special/182.htm
2017-09-16 16:01:43,669 - [webpage_parser.py:63] - INFO - procotol:http, hostname:www.78.cn, new_link:/web/jiexiyaxy/
2017-09-16 16:01:43,670 - [webpage_parser.py:63] - INFO - procotol:http, hostname:www.4399.com, new_link:/special/7.htm
2017-09-16 16:01:43,670 - [webpage_parser.py:63] - INFO - procotol:http, hostname:www.78.cn, new_link:/web/daxiguaqzqpg/
2017-09-16 16:01:43,670 - [webpage_parser.py:63] - INFO - procotol:http, hostname:www.4399.com, new_link:/special/278.htm
2017-09-16 16:01:43,671 - [webpage_parser.py:63] - INFO - procotol:http, hostname:www.78.cn, new_link:/web/beikehanbao2/
2017-09-16 16:01:43,671 - [webpage_parser.py:63] - INFO - procotol:http, hostname:www.4399.com, new_link:/flash/tj.htm
2017-09-16 16:01:43,672 - [webpage_parser.py:63] - INFO - procotol:http, hostname:www.78.cn, new_link:/web/mofabbbbtc/
2017-09-16 16:01:43,672 - [webpage_parser.py:63] - INFO - procotol:http, hostname:www.4399.com, new_link:/flash/tj.htm
2017-09-16 16:01:43,672 - [webpage_parser.py:63] - INFO - procotol:http, hostname:www.78.cn, new_link:/web/jingbaiwei/
2017-09-16 16:01:43,673 - [webpage_parser.py:63] - INFO - procotol:http, hostname:www.4399.com, new_link:/special/127.htm 
2017-09-16 16:01:43,673 - [webpage_parser.py:63] - INFO - procotol:http, hostname:www.78.cn, new_link:/nvzhuang/
2017-09-16 16:01:43,674 - [webpage_parser.py:63] - INFO - procotol:http, hostname:www.4399.com, new_link:/special/144.htm 
2017-09-16 16:01:43,674 - [webpage_parser.py:63] - INFO - procotol:http, hostname:www.78.cn, new_link:/tongzhuangtongxie/
2017-09-16 16:01:43,674 - [webpage_parser.py:63] - INFO - procotol:http, hostname:www.4399.com, new_link:/special/18.htm 
2017-09-16 16:01:43,675 - [webpage_parser.py:63] - INFO - procotol:http, hostname:www.78.cn, new_link:/nanzhuang/
2017-09-16 16:01:43,676 - [webpage_parser.py:63] - INFO - procotol:http, hostname:www.4399.com, new_link:/special/117.htm 
2017-09-16 16:01:43,676 - [webpage_parser.py:63] - INFO - procotol:http, hostname:www.78.cn, new_link:/fuzhuangqita/
2017-09-16 16:01:43,677 - [webpage_parser.py:63] - INFO - procotol:http, hostname:www.4399.com, new_link:/special/180.htm 
2017-09-16 16:01:43,677 - [webpage_parser.py:63] - INFO - procotol:http, hostname:www.78.cn, new_link:/web/baoledi/
2017-09-16 16:01:43,678 - [webpage_parser.py:63] - INFO - procotol:http, hostname:www.4399.com, new_link:/special/235.htm 
2017-09-16 16:01:43,678 - [webpage_parser.py:63] - INFO - procotol:http, hostname:www.78.cn, new_link:/web/beijingyixiang/
2017-09-16 16:01:43,679 - [webpage_parser.py:63] - INFO - procotol:http, hostname:www.4399.com, new_link:/special/15.htm 
2017-09-16 16:01:43,680 - [webpage_parser.py:63] - INFO - procotol:http, hostname:www.78.cn, new_link:/web/fanjiangdingzhi/
2017-09-16 16:01:43,681 - [webpage_parser.py:63] - INFO - procotol:http, hostname:www.4399.com, new_link:/special/102.htm 
2017-09-16 16:01:43,681 - [webpage_parser.py:63] - INFO - procotol:http, hostname:www.78.cn, new_link:/web/lamutong/
2017-09-16 16:01:43,682 - [webpage_parser.py:63] - INFO - procotol:http, hostname:www.4399.com, new_link:/special/21.htm 
2017-09-16 16:01:43,682 - [webpage_parser.py:63] - INFO - procotol:http, hostname:www.78.cn, new_link:/web/beijingyixiang/
2017-09-16 16:01:43,683 - [webpage_parser.py:63] - INFO - procotol:http, hostname:www.4399.com, new_link:/special/244.htm 
2017-09-16 16:01:43,685 - [webpage_parser.py:63] - INFO - procotol:http, hostname:www.78.cn, new_link:/web/mkxbtzhuang/
2017-09-16 16:01:43,687 - [webpage_parser.py:63] - INFO - procotol:http, hostname:www.4399.com, new_link:/special/58.htm 
2017-09-16 16:01:43,688 - [webpage_parser.py:63] - INFO - procotol:http, hostname:www.78.cn, new_link:/web/baletu/
2017-09-16 16:01:43,688 - [webpage_parser.py:63] - INFO - procotol:http, hostname:www.4399.com, new_link:/special/209.htm 
2017-09-16 16:01:43,689 - [webpage_parser.py:63] - INFO - procotol:http, hostname:www.78.cn, new_link:/web/miketongzhuang/
2017-09-16 16:01:43,689 - [webpage_parser.py:63] - INFO - procotol:http, hostname:www.4399.com, new_link:/special/181.htm 
2017-09-16 16:01:43,690 - [webpage_parser.py:63] - INFO - procotol:http, hostname:www.78.cn, new_link:/web/meilehou/
2017-09-16 16:01:43,690 - [webpage_parser.py:63] - INFO - procotol:http, hostname:www.4399.com, new_link:/special/210.htm 
2017-09-16 16:01:43,691 - [webpage_parser.py:63] - INFO - procotol:http, hostname:www.78.cn, new_link:/web/duobaoqibing/
2017-09-16 16:01:43,691 - [webpage_parser.py:63] - INFO - procotol:http, hostname:www.4399.com, new_link:/special/222.htm 
2017-09-16 16:01:43,692 - [webpage_parser.py:63] - INFO - procotol:http, hostname:www.78.cn, new_link:/web/qianzihui/
2017-09-16 16:01:43,693 - [webpage_parser.py:63] - INFO - procotol:http, hostname:www.4399.com, new_link:/special/277.htm
2017-09-16 16:01:43,695 - [webpage_parser.py:63] - INFO - procotol:http, hostname:www.78.cn, new_link:/web/jindieni/
2017-09-16 16:01:43,696 - [webpage_parser.py:63] - INFO - procotol:http, hostname:www.4399.com, new_link:/flash/78072.htm
2017-09-16 16:01:43,697 - [webpage_parser.py:63] - INFO - procotol:http, hostname:www.78.cn, new_link:/web/beileiertongzhuang/
2017-09-16 16:01:43,698 - [webpage_parser.py:63] - INFO - procotol:http, hostname:www.4399.com, new_link:/flash/103521.htm
2017-09-16 16:01:43,699 - [webpage_parser.py:63] - INFO - procotol:http, hostname:www.78.cn, new_link:/web/luolimengtz/
2017-09-16 16:01:43,700 - [webpage_parser.py:63] - INFO - procotol:http, hostname:www.4399.com, new_link:/flash/130229.htm
2017-09-16 16:01:43,701 - [webpage_parser.py:63] - INFO - procotol:http, hostname:www.78.cn, new_link:/web/tonghuabobitongzhuang/
2017-09-16 16:01:43,701 - [webpage_parser.py:63] - INFO - procotol:http, hostname:www.4399.com, new_link:/flash/64592.htm
2017-09-16 16:01:43,701 - [webpage_parser.py:63] - INFO - procotol:http, hostname:www.78.cn, new_link:/web/tonghuabobitongzhuang/
2017-09-16 16:01:43,702 - [webpage_parser.py:63] - INFO - procotol:http, hostname:www.4399.com, new_link:/flash/27237.htm
2017-09-16 16:01:43,702 - [webpage_parser.py:63] - INFO - procotol:http, hostname:www.78.cn, new_link:/web/tonghuabobitongzhuang/
2017-09-16 16:01:43,703 - [webpage_parser.py:63] - INFO - procotol:http, hostname:www.4399.com, new_link:/flash/123226.htm
2017-09-16 16:01:43,703 - [webpage_parser.py:63] - INFO - procotol:http, hostname:www.78.cn, new_link:/web/tonghuabobitongzhuang/
2017-09-16 16:01:43,704 - [webpage_parser.py:63] - INFO - procotol:http, hostname:www.4399.com, new_link:/flash/113654.htm
2017-09-16 16:01:43,705 - [webpage_parser.py:63] - INFO - procotol:http, hostname:www.78.cn, new_link:/web/baoledi/
2017-09-16 16:01:43,705 - [webpage_parser.py:63] - INFO - procotol:http, hostname:www.4399.com, new_link:/flash/161545.htm
2017-09-16 16:01:43,705 - [webpage_parser.py:63] - INFO - procotol:http, hostname:www.78.cn, new_link:/web/meilehou/
2017-09-16 16:01:43,706 - [webpage_parser.py:63] - INFO - procotol:http, hostname:www.4399.com, new_link:/flash/98781.htm
2017-09-16 16:01:43,706 - [webpage_parser.py:63] - INFO - procotol:http, hostname:www.78.cn, new_link:/web/caihongbuding/
2017-09-16 16:01:43,707 - [webpage_parser.py:63] - INFO - procotol:http, hostname:www.4399.com, new_link:/flash/147013.htm
2017-09-16 16:01:43,708 - [webpage_parser.py:63] - INFO - procotol:http, hostname:www.78.cn, new_link:/web/qianzihui/
2017-09-16 16:01:43,708 - [webpage_parser.py:63] - INFO - procotol:http, hostname:www.4399.com, new_link:/flash/50350.htm
2017-09-16 16:01:43,708 - [webpage_parser.py:63] - INFO - procotol:http, hostname:www.78.cn, new_link:/web/mkxbtzhuang/
2017-09-16 16:01:43,709 - [webpage_parser.py:63] - INFO - procotol:http, hostname:www.4399.com, new_link:/flash/90742.htm
2017-09-16 16:01:43,709 - [webpage_parser.py:63] - INFO - procotol:http, hostname:www.78.cn, new_link:/web/xiongnaier/
2017-09-16 16:01:43,710 - [webpage_parser.py:63] - INFO - procotol:http, hostname:www.4399.com, new_link:/flash/166416.htm
2017-09-16 16:01:43,710 - [webpage_parser.py:63] - INFO - procotol:http, hostname:www.78.cn, new_link:/web/puduomqtz/
2017-09-16 16:01:43,710 - [webpage_parser.py:63] - INFO - procotol:http, hostname:www.4399.com, new_link:/flash/163927.htm
2017-09-16 16:01:43,711 - [webpage_parser.py:63] - INFO - procotol:http, hostname:www.78.cn, new_link:/web/miketongzhuang/
2017-09-16 16:01:43,711 - [webpage_parser.py:63] - INFO - procotol:http, hostname:www.4399.com, new_link:/flash/113387.htm
2017-09-16 16:01:43,711 - [webpage_parser.py:63] - INFO - procotol:http, hostname:www.78.cn, new_link:/web/dabxiaobtz/
2017-09-16 16:01:43,712 - [webpage_parser.py:63] - INFO - procotol:http, hostname:www.4399.com, new_link:/flash/71760.htm
2017-09-16 16:01:43,712 - [webpage_parser.py:63] - INFO - procotol:http, hostname:www.78.cn, new_link:/web/miqichengbao/
2017-09-16 16:01:43,712 - [webpage_parser.py:63] - INFO - procotol:http, hostname:www.4399.com, new_link:/flash/70215.htm
2017-09-16 16:01:43,713 - [webpage_parser.py:63] - INFO - procotol:http, hostname:www.78.cn, new_link:/web/lamutong/
2017-09-16 16:01:43,713 - [webpage_parser.py:63] - INFO - procotol:http, hostname:www.4399.com, new_link:/flash/83358.htm
2017-09-16 16:01:43,713 - [webpage_parser.py:63] - INFO - procotol:http, hostname:www.78.cn, new_link:/web/jinglingmake/
2017-09-16 16:01:43,714 - [webpage_parser.py:63] - INFO - procotol:http, hostname:www.4399.com, new_link:/flash/102831.htm
2017-09-16 16:01:43,714 - [webpage_parser.py:63] - INFO - procotol:http, hostname:www.78.cn, new_link:/web/ailizhefushi/
2017-09-16 16:01:43,715 - [webpage_parser.py:63] - INFO - procotol:http, hostname:www.4399.com, new_link:/flash/119731.htm
2017-09-16 16:01:43,715 - [webpage_parser.py:63] - INFO - procotol:http, hostname:www.78.cn, new_link:/web/luolimengtz/
2017-09-16 16:01:43,716 - [webpage_parser.py:63] - INFO - procotol:http, hostname:www.4399.com, new_link:/flash/62002.htm
2017-09-16 16:01:43,716 - [webpage_parser.py:63] - INFO - procotol:http, hostname:www.78.cn, new_link:/web/taolemeng/
2017-09-16 16:01:43,717 - [webpage_parser.py:63] - INFO - procotol:http, hostname:www.4399.com, new_link:/flash/65686.htm
2017-09-16 16:01:43,717 - [webpage_parser.py:63] - INFO - procotol:http, hostname:www.78.cn, new_link:/web/jindieni/
2017-09-16 16:01:43,718 - [webpage_parser.py:63] - INFO - procotol:http, hostname:www.4399.com, new_link:/flash/10736.htm
2017-09-16 16:01:43,718 - [webpage_parser.py:63] - INFO - procotol:http, hostname:www.78.cn, new_link:/web/keaijimitz/
2017-09-16 16:01:43,718 - [webpage_parser.py:63] - INFO - procotol:http, hostname:www.4399.com, new_link:/flash/54423.htm
2017-09-16 16:01:43,719 - [webpage_parser.py:63] - INFO - procotol:http, hostname:www.78.cn, new_link:/web/baletu/
2017-09-16 16:01:43,719 - [webpage_parser.py:63] - INFO - procotol:http, hostname:www.4399.com, new_link:/flash/37914.htm
2017-09-16 16:01:43,719 - [webpage_parser.py:63] - INFO - procotol:http, hostname:www.78.cn, new_link:/web/miqihalu/
2017-09-16 16:01:43,720 - [webpage_parser.py:63] - INFO - procotol:http, hostname:www.4399.com, new_link:/flash/34789.htm
2017-09-16 16:01:43,720 - [webpage_parser.py:63] - INFO - procotol:http, hostname:www.78.cn, new_link:/web/beijingyixiang/
2017-09-16 16:01:43,720 - [webpage_parser.py:63] - INFO - procotol:http, hostname:www.4399.com, new_link:/flash/68901.htm
2017-09-16 16:01:43,721 - [webpage_parser.py:63] - INFO - procotol:http, hostname:www.78.cn, new_link:/web/tonghuabobitongzhuang/
2017-09-16 16:01:43,721 - [webpage_parser.py:63] - INFO - procotol:http, hostname:www.4399.com, new_link:/flash/28546.htm
2017-09-16 16:01:43,722 - [webpage_parser.py:63] - INFO - procotol:http, hostname:www.78.cn, new_link:/web/mawafushi/
2017-09-16 16:01:43,722 - [webpage_parser.py:63] - INFO - procotol:http, hostname:www.4399.com, new_link:/flash/23932.htm
2017-09-16 16:01:43,722 - [webpage_parser.py:63] - INFO - procotol:http, hostname:www.78.cn, new_link:/meirong/
2017-09-16 16:01:43,723 - [webpage_parser.py:63] - INFO - procotol:http, hostname:www.4399.com, new_link:/flash/31836.htm
2017-09-16 16:01:43,723 - [webpage_parser.py:63] - INFO - procotol:http, hostname:www.78.cn, new_link:/yangsheng/
2017-09-16 16:01:43,724 - [webpage_parser.py:63] - INFO - procotol:http, hostname:www.4399.com, new_link:/flash/47951.htm
2017-09-16 16:01:43,724 - [webpage_parser.py:63] - INFO - procotol:http, hostname:www.78.cn, new_link:/yanjingdian/
2017-09-16 16:01:43,725 - [webpage_parser.py:63] - INFO - procotol:http, hostname:www.4399.com, new_link:/flash/56667.htm
2017-09-16 16:01:43,725 - [webpage_parser.py:63] - INFO - procotol:http, hostname:www.78.cn, new_link:/hufu/
2017-09-16 16:01:43,725 - [webpage_parser.py:63] - INFO - procotol:http, hostname:www.4399.com, new_link:/flash/2872.htm
2017-09-16 16:01:43,726 - [webpage_parser.py:63] - INFO - procotol:http, hostname:www.78.cn, new_link:/meirongqita/
2017-09-16 16:01:43,726 - [webpage_parser.py:63] - INFO - procotol:http, hostname:www.4399.com, new_link:/flash/44911.htm
2017-09-16 16:01:43,727 - [webpage_parser.py:63] - INFO - procotol:http, hostname:www.78.cn, new_link:/web/ljfqcbyls/
2017-09-16 16:01:43,727 - [webpage_parser.py:63] - INFO - procotol:http, hostname:www.4399.com, new_link:/flash/102429.htm
2017-09-16 16:01:43,727 - [webpage_parser.py:63] - INFO - procotol:http, hostname:www.78.cn, new_link:/web/lvzhiyuan/
2017-09-16 16:01:43,728 - [webpage_parser.py:63] - INFO - procotol:http, hostname:www.4399.com, new_link:/flash/10773.htm
2017-09-16 16:01:43,728 - [webpage_parser.py:63] - INFO - procotol:http, hostname:www.78.cn, new_link:/web/xichaoxfkqjh/
2017-09-16 16:01:43,728 - [webpage_parser.py:63] - INFO - procotol:http, hostname:www.4399.com, new_link:/flash/20468.htm
2017-09-16 16:01:43,729 - [webpage_parser.py:63] - INFO - procotol:http, hostname:www.78.cn, new_link:/web/zhongkehn/
2017-09-16 16:01:43,729 - [webpage_parser.py:63] - INFO - procotol:http, hostname:www.4399.com, new_link:/flash/39952.htm
2017-09-16 16:01:43,729 - [webpage_parser.py:63] - INFO - procotol:http, hostname:www.78.cn, new_link:/web/wanxiangggyk/
2017-09-16 16:01:43,730 - [webpage_parser.py:63] - INFO - procotol:http, hostname:www.4399.com, new_link:/flash/77652.htm
2017-09-16 16:01:43,730 - [webpage_parser.py:63] - INFO - procotol:http, hostname:www.78.cn, new_link:/web/clgscykj/
2017-09-16 16:01:43,731 - [webpage_parser.py:63] - INFO - procotol:http, hostname:www.4399.com, new_link:/flash/40566.htm
2017-09-16 16:01:43,731 - [webpage_parser.py:63] - INFO - procotol:http, hostname:www.78.cn, new_link:/web/yimingjrjyls/
2017-09-16 16:01:43,732 - [webpage_parser.py:63] - INFO - procotol:http, hostname:www.4399.com, new_link:/top/
2017-09-16 16:01:43,733 - [webpage_parser.py:63] - INFO - procotol:http, hostname:www.78.cn, new_link:/web/wugurijigyd/
2017-09-16 16:01:43,735 - [webpage_parser.py:63] - INFO - procotol:http, hostname:www.4399.com, new_link:/top/
2017-09-16 16:01:43,736 - [webpage_parser.py:63] - INFO - procotol:http, hostname:www.78.cn, new_link:/web/zhengmeiwei/
2017-09-16 16:01:43,737 - [webpage_parser.py:63] - INFO - procotol:http, hostname:www.4399.com, new_link:/flash/188095.htm
2017-09-16 16:01:43,738 - [webpage_parser.py:63] - INFO - procotol:http, hostname:www.78.cn, new_link:/web/malilian/
2017-09-16 16:01:43,738 - [webpage_parser.py:63] - INFO - procotol:http, hostname:www.4399.com, new_link:/flash/148055.htm
2017-09-16 16:01:43,739 - [webpage_parser.py:63] - INFO - procotol:http, hostname:www.78.cn, new_link:/web/qianducaizsgf/
2017-09-16 16:01:43,740 - [webpage_parser.py:63] - INFO - procotol:http, hostname:www.4399.com, new_link:/flash/121179.htm
2017-09-16 16:01:43,740 - [webpage_parser.py:63] - INFO - procotol:http, hostname:www.78.cn, new_link:/web/dalanmaoyongpin/
2017-09-16 16:01:43,741 - [webpage_parser.py:63] - INFO - procotol:http, hostname:www.4399.com, new_link:/flash/91250.htm
2017-09-16 16:01:43,741 - [webpage_parser.py:63] - INFO - procotol:http, hostname:www.78.cn, new_link:/web/chaersidun/
2017-09-16 16:01:43,742 - [webpage_parser.py:63] - INFO - procotol:http, hostname:www.4399.com, new_link:/flash/28869.htm
2017-09-16 16:01:43,742 - [webpage_parser.py:63] - INFO - procotol:http, hostname:www.78.cn, new_link:/web/ziyukaoyu/
2017-09-16 16:01:43,742 - [webpage_parser.py:63] - INFO - procotol:http, hostname:www.4399.com, new_link:/flash/68203.htm
2017-09-16 16:01:43,743 - [webpage_parser.py:63] - INFO - procotol:http, hostname:www.78.cn, new_link:/web/lusanguo/
2017-09-16 16:01:43,743 - [webpage_parser.py:63] - INFO - procotol:http, hostname:www.4399.com, new_link:/flash/171130.htm
2017-09-16 16:01:43,744 - [webpage_parser.py:63] - INFO - procotol:http, hostname:www.78.cn, new_link:/web/haiwoquanqiugou/
2017-09-16 16:01:43,744 - [webpage_parser.py:63] - INFO - procotol:http, hostname:www.4399.com, new_link:/flash/59630.htm
2017-09-16 16:01:43,744 - [webpage_parser.py:63] - INFO - procotol:http, hostname:www.78.cn, new_link:/web/haiwoquanqiugou/
2017-09-16 16:01:43,745 - [webpage_parser.py:63] - INFO - procotol:http, hostname:www.4399.com, new_link:/top/
2017-09-16 16:01:43,745 - [webpage_parser.py:63] - INFO - procotol:http, hostname:www.78.cn, new_link:/web/haiwoquanqiugou/
2017-09-16 16:01:43,746 - [webpage_parser.py:63] - INFO - procotol:http, hostname:www.4399.com, new_link:/top/
2017-09-16 16:01:43,746 - [webpage_parser.py:63] - INFO - procotol:http, hostname:www.78.cn, new_link:/web/chaersidun/
2017-09-16 16:01:43,746 - [webpage_parser.py:63] - INFO - procotol:http, hostname:www.4399.com, new_link:/flash/37794.htm
2017-09-16 16:01:43,747 - [webpage_parser.py:63] - INFO - procotol:http, hostname:www.78.cn, new_link:/web/xiangmowugu2/
2017-09-16 16:01:43,747 - [webpage_parser.py:63] - INFO - procotol:http, hostname:www.4399.com, new_link:/flash/171659.htm
2017-09-16 16:01:43,748 - [webpage_parser.py:63] - INFO - procotol:http, hostname:www.78.cn, new_link:/web/boluogongyuan/
2017-09-16 16:01:43,749 - [webpage_parser.py:63] - INFO - procotol:http, hostname:www.4399.com, new_link:/flash/4535.htm
2017-09-16 16:01:43,750 - [webpage_parser.py:63] - INFO - procotol:http, hostname:www.78.cn, new_link:/web/jianlaifuyangshenggufang/
2017-09-16 16:01:43,751 - [webpage_parser.py:63] - INFO - procotol:http, hostname:www.4399.com, new_link:/flash/89719.htm
2017-09-16 16:01:43,751 - [webpage_parser.py:63] - INFO - procotol:http, hostname:www.78.cn, new_link:/web/qishierbian/
2017-09-16 16:01:43,752 - [webpage_parser.py:63] - INFO - procotol:http, hostname:www.4399.com, new_link:/flash/70197.htm
2017-09-16 16:01:43,752 - [webpage_parser.py:63] - INFO - procotol:http, hostname:www.78.cn, new_link:/web/xiqiguguai/
2017-09-16 16:01:43,753 - [webpage_parser.py:63] - INFO - procotol:http, hostname:www.4399.com, new_link:/flash/72550.htm
2017-09-16 16:01:43,754 - [webpage_parser.py:63] - INFO - procotol:http, hostname:www.78.cn, new_link:/web/xingqiliuertongleyuan/
2017-09-16 16:01:43,758 - [connectionpool.py:395] - DEBUG - http://www.hao123.com:80 "GET /abouthao123 HTTP/1.1" 200 None
2017-09-16 16:01:43,758 - [webpage_parser.py:63] - INFO - procotol:http, hostname:www.4399.com, new_link:/flash/33099.htm
2017-09-16 16:01:43,759 - [webpage_parser.py:63] - INFO - procotol:http, hostname:www.78.cn, new_link:/web/yimingjrjyls/
2017-09-16 16:01:43,761 - [webpage_parser.py:63] - INFO - procotol:http, hostname:www.4399.com, new_link:/flash/51187.htm
2017-09-16 16:01:43,762 - [webpage_parser.py:63] - INFO - procotol:http, hostname:www.78.cn, new_link:/web/bozhilijinksp/
2017-09-16 16:01:43,763 - [webpage_parser.py:63] - INFO - procotol:http, hostname:www.4399.com, new_link:/flash/153189.htm
2017-09-16 16:01:43,765 - [webpage_parser.py:63] - INFO - procotol:http, hostname:www.78.cn, new_link:/web/jinmofang/
2017-09-16 16:01:43,768 - [webpage_parser.py:63] - INFO - procotol:http, hostname:www.4399.com, new_link:/flash/53494.htm
2017-09-16 16:01:43,789 - [webpage_parser.py:63] - INFO - procotol:http, hostname:www.78.cn, new_link:/web/msxmaocai/
2017-09-16 16:01:43,812 - [webpage_parser.py:63] - INFO - procotol:http, hostname:www.4399.com, new_link:/top/
2017-09-16 16:01:43,814 - [webpage_parser.py:63] - INFO - procotol:http, hostname:www.78.cn, new_link:/web/shalayouli/
2017-09-16 16:01:43,818 - [webpage_parser.py:63] - INFO - procotol:http, hostname:www.4399.com, new_link:/top/
2017-09-16 16:01:43,821 - [webpage_parser.py:63] - INFO - procotol:http, hostname:www.hao123.com, new_link:javascript:void(0)
2017-09-16 16:01:43,822 - [webpage_parser.py:63] - INFO - procotol:http, hostname:www.78.cn, new_link:/web/chanpangxrb/
2017-09-16 16:01:43,823 - [webpage_parser.py:63] - INFO - procotol:http, hostname:www.4399.com, new_link:/flash/112689.htm
2017-09-16 16:01:43,827 - [webpage_parser.py:63] - INFO - procotol:http, hostname:www.hao123.com, new_link:javascript:;
2017-09-16 16:01:43,828 - [webpage_parser.py:63] - INFO - procotol:http, hostname:www.78.cn, new_link:/web/dingdangjip/
2017-09-16 16:01:43,828 - [webpage_parser.py:63] - INFO - procotol:http, hostname:www.4399.com, new_link:/flash/108641.htm
2017-09-16 16:01:43,829 - [connectionpool.py:207] - DEBUG - Starting new HTTP connection (1): www.baidu.com
2017-09-16 16:01:43,830 - [webpage_parser.py:63] - INFO - procotol:http, hostname:www.hao123.com, new_link:javascript:void(0)
2017-09-16 16:01:43,832 - [webpage_parser.py:63] - INFO - procotol:http, hostname:www.78.cn, new_link:/web/qichekuaixiu/
2017-09-16 16:01:43,833 - [connectionpool.py:207] - DEBUG - Starting new HTTP connection (1): www.hao123.com
2017-09-16 16:01:43,833 - [webpage_parser.py:63] - INFO - procotol:http, hostname:www.4399.com, new_link:/flash/1382.htm
2017-09-16 16:01:43,834 - [webpage_parser.py:63] - INFO - procotol:http, hostname:www.hao123.com, new_link:javascript:void(0)
2017-09-16 16:01:43,834 - [webpage_parser.py:63] - INFO - procotol:http, hostname:www.78.cn, new_link:/web/kuailexing/
2017-09-16 16:01:43,835 - [webpage_parser.py:63] - INFO - procotol:http, hostname:www.4399.com, new_link:/flash/1602.htm
2017-09-16 16:01:43,836 - [webpage_parser.py:63] - INFO - procotol:http, hostname:www.hao123.com, new_link:javascript:void(0)
2017-09-16 16:01:43,837 - [webpage_parser.py:63] - INFO - procotol:http, hostname:www.78.cn, new_link:/web/lbwyslvroumian/
2017-09-16 16:01:43,837 - [webpage_parser.py:63] - INFO - procotol:http, hostname:www.4399.com, new_link:/flash/10393.htm
2017-09-16 16:01:43,838 - [webpage_parser.py:63] - INFO - procotol:http, hostname:www.hao123.com, new_link:javascript:void(0)
2017-09-16 16:01:43,838 - [webpage_parser.py:63] - INFO - procotol:http, hostname:www.78.cn, new_link:/web/beioushighp/
2017-09-16 16:01:43,839 - [webpage_parser.py:63] - INFO - procotol:http, hostname:www.4399.com, new_link:/flash/170021.htm
2017-09-16 16:01:43,839 - [webpage_parser.py:63] - INFO - procotol:http, hostname:www.hao123.com, new_link:javascript:void(0)
2017-09-16 16:01:43,840 - [webpage_parser.py:63] - INFO - procotol:http, hostname:www.78.cn, new_link:/web/benteng/
2017-09-16 16:01:43,841 - [webpage_parser.py:63] - INFO - procotol:http, hostname:www.4399.com, new_link:/flash/158227.htm
2017-09-16 16:01:43,842 - [webpage_parser.py:63] - INFO - procotol:http, hostname:www.hao123.com, new_link:javascript:;
2017-09-16 16:01:43,843 - [webpage_parser.py:63] - INFO - procotol:http, hostname:www.78.cn, new_link:/web/qihaobiandang/
2017-09-16 16:01:43,844 - [webpage_parser.py:63] - INFO - procotol:http, hostname:www.4399.com, new_link:/flash/12669.htm
2017-09-16 16:01:43,845 - [webpage_parser.py:63] - INFO - procotol:http, hostname:www.78.cn, new_link:/web/huiguniangganxiz/
2017-09-16 16:01:43,846 - [webpage_parser.py:63] - INFO - procotol:http, hostname:www.4399.com, new_link:/flash/74213.htm
2017-09-16 16:01:43,846 - [webpage_saver.py:45] - INFO - url http://www.hao123.com/abouthao123 is not match
2017-09-16 16:01:43,846 - [webpage_parser.py:63] - INFO - procotol:http, hostname:www.78.cn, new_link:/web/bobitonghuaqzly/
2017-09-16 16:01:43,847 - [webpage_parser.py:63] - INFO - procotol:http, hostname:www.4399.com, new_link:/flash/853.htm
2017-09-16 16:01:43,848 - [webpage_parser.py:63] - INFO - procotol:http, hostname:www.78.cn, new_link:/zhongshikuaican/
2017-09-16 16:01:43,848 - [webpage_parser.py:63] - INFO - procotol:http, hostname:www.4399.com, new_link:/top/
2017-09-16 16:01:43,849 - [webpage_parser.py:63] - INFO - procotol:http, hostname:www.78.cn, new_link:/xishikuaican/
2017-09-16 16:01:43,850 - [webpage_parser.py:63] - INFO - procotol:http, hostname:www.4399.com, new_link:/top/
2017-09-16 16:01:43,850 - [webpage_parser.py:63] - INFO - procotol:http, hostname:www.78.cn, new_link:/huoguo/
2017-09-16 16:01:43,851 - [webpage_parser.py:63] - INFO - procotol:http, hostname:www.4399.com, new_link:/flash/51444.htm
2017-09-16 16:01:43,851 - [webpage_parser.py:63] - INFO - procotol:http, hostname:www.78.cn, new_link:/xiaochi/
2017-09-16 16:01:43,852 - [webpage_parser.py:63] - INFO - procotol:http, hostname:www.4399.com, new_link:/flash/186387.htm
2017-09-16 16:01:43,852 - [webpage_parser.py:63] - INFO - procotol:http, hostname:www.78.cn, new_link:/shaokao/
2017-09-16 16:01:43,853 - [webpage_parser.py:63] - INFO - procotol:http, hostname:www.4399.com, new_link:/flash/180083.htm
2017-09-16 16:01:43,854 - [webpage_parser.py:63] - INFO - procotol:http, hostname:www.78.cn, new_link:/canyiqita/
2017-09-16 16:01:43,855 - [webpage_parser.py:63] - INFO - procotol:http, hostname:www.4399.com, new_link:/flash/183907.htm
2017-09-16 16:01:43,858 - [webpage_parser.py:63] - INFO - procotol:http, hostname:www.78.cn, new_link:/web/alawboboyu/
2017-09-16 16:01:43,859 - [webpage_parser.py:63] - INFO - procotol:http, hostname:www.4399.com, new_link:/flash/169536.htm
2017-09-16 16:01:43,861 - [webpage_parser.py:63] - INFO - procotol:http, hostname:www.78.cn, new_link:/web/xiadouxsxc/
2017-09-16 16:01:43,862 - [webpage_parser.py:63] - INFO - procotol:http, hostname:www.4399.com, new_link:/flash/130950.htm
2017-09-16 16:01:43,863 - [webpage_parser.py:63] - INFO - procotol:http, hostname:www.78.cn, new_link:/web/layidiudiumaocai/
2017-09-16 16:01:43,863 - [webpage_parser.py:63] - INFO - procotol:http, hostname:www.4399.com, new_link:/flash/120481.htm
2017-09-16 16:01:43,864 - [webpage_parser.py:63] - INFO - procotol:http, hostname:www.78.cn, new_link:/web/gongfujpai/
2017-09-16 16:01:43,864 - [webpage_parser.py:63] - INFO - procotol:http, hostname:www.4399.com, new_link:/flash/153704.htm
2017-09-16 16:01:43,865 - [webpage_parser.py:63] - INFO - procotol:http, hostname:www.78.cn, new_link:/web/rqzxjpb/
2017-09-16 16:01:43,865 - [webpage_parser.py:63] - INFO - procotol:http, hostname:www.4399.com, new_link:/flash/113377.htm
2017-09-16 16:01:43,866 - [webpage_parser.py:63] - INFO - procotol:http, hostname:www.78.cn, new_link:/web/xingfumlt/
2017-09-16 16:01:43,870 - [connectionpool.py:395] - DEBUG - http://www.baidu.com:80 "GET /s?word=%E6%97%A5%E5%8E%86&tn=sitehao123_09&ie=utf-8 HTTP/1.1" 200 None
2017-09-16 16:01:43,870 - [webpage_parser.py:63] - INFO - procotol:http, hostname:www.4399.com, new_link:/flash/40544.htm
2017-09-16 16:01:43,871 - [webpage_parser.py:63] - INFO - procotol:http, hostname:www.78.cn, new_link:/web/tanlaoyuscy/
2017-09-16 16:01:43,882 - [webpage_parser.py:63] - INFO - procotol:http, hostname:www.78.cn, new_link:/web/xchbboboyu/
2017-09-16 16:01:43,882 - [webpage_parser.py:63] - INFO - procotol:http, hostname:www.4399.com, new_link:/top/
2017-09-16 16:01:43,883 - [webpage_parser.py:63] - INFO - procotol:http, hostname:www.78.cn, new_link:/web/niujiuduangfkr/
2017-09-16 16:01:43,883 - [webpage_parser.py:63] - INFO - procotol:http, hostname:www.4399.com, new_link:/top/
2017-09-16 16:01:43,884 - [webpage_parser.py:63] - INFO - procotol:http, hostname:www.78.cn, new_link:/web/qiangulaomian/
2017-09-16 16:01:43,884 - [webpage_parser.py:63] - INFO - procotol:http, hostname:www.4399.com, new_link:/flash/134354.htm
2017-09-16 16:01:43,885 - [webpage_parser.py:63] - INFO - procotol:http, hostname:www.78.cn, new_link:/web/taiyangxi/
2017-09-16 16:01:43,886 - [webpage_parser.py:63] - INFO - procotol:http, hostname:www.4399.com, new_link:/flash/144655.htm
2017-09-16 16:01:43,887 - [webpage_parser.py:63] - INFO - procotol:http, hostname:www.78.cn, new_link:/web/banshangxiaoge/
2017-09-16 16:01:43,887 - [webpage_parser.py:63] - INFO - procotol:http, hostname:www.4399.com, new_link:/flash/36944.htm
2017-09-16 16:01:43,888 - [webpage_parser.py:63] - INFO - procotol:http, hostname:www.78.cn, new_link:/web/lxcbiandang/
2017-09-16 16:01:43,888 - [webpage_parser.py:63] - INFO - procotol:http, hostname:www.4399.com, new_link:/flash/14755.htm
2017-09-16 16:01:43,889 - [webpage_parser.py:63] - INFO - procotol:http, hostname:www.78.cn, new_link:/web/zimaguanmalatang/
2017-09-16 16:01:43,889 - [webpage_parser.py:63] - INFO - procotol:http, hostname:www.4399.com, new_link:/flash/8068.htm
2017-09-16 16:01:43,889 - [webpage_parser.py:63] - INFO - procotol:http, hostname:www.78.cn, new_link:/web/yibingkelz/
2017-09-16 16:01:43,890 - [webpage_parser.py:63] - INFO - procotol:http, hostname:www.4399.com, new_link:/flash/144649.htm
2017-09-16 16:01:43,890 - [webpage_parser.py:63] - INFO - procotol:http, hostname:www.78.cn, new_link:/web/beiyuehan/
2017-09-16 16:01:43,891 - [webpage_parser.py:63] - INFO - procotol:http, hostname:www.4399.com, new_link:/flash/4406.htm
2017-09-16 16:01:43,891 - [webpage_parser.py:63] - INFO - procotol:http, hostname:www.78.cn, new_link:/web/beiyuehan/
2017-09-16 16:01:43,891 - [webpage_parser.py:63] - INFO - procotol:http, hostname:www.4399.com, new_link:/flash/10236.htm
2017-09-16 16:01:43,892 - [webpage_parser.py:63] - INFO - procotol:http, hostname:www.78.cn, new_link:/web/beiyuehan/
2017-09-16 16:01:43,892 - [webpage_parser.py:63] - INFO - procotol:http, hostname:www.4399.com, new_link:/flash/93398.htm
2017-09-16 16:01:43,892 - [webpage_parser.py:63] - INFO - procotol:http, hostname:www.78.cn, new_link:/web/bkshanbao/
2017-09-16 16:01:43,893 - [webpage_parser.py:63] - INFO - procotol:http, hostname:www.4399.com, new_link:/top/
2017-09-16 16:01:43,894 - [webpage_parser.py:63] - INFO - procotol:http, hostname:www.78.cn, new_link:/web/bkshanbao/
2017-09-16 16:01:43,894 - [webpage_parser.py:63] - INFO - procotol:http, hostname:www.4399.com, new_link:/top/
2017-09-16 16:01:43,896 - [webpage_parser.py:63] - INFO - procotol:http, hostname:www.78.cn, new_link:/web/bkshanbao/
2017-09-16 16:01:43,897 - [webpage_parser.py:63] - INFO - procotol:http, hostname:www.4399.com, new_link:/flash/109136.htm
2017-09-16 16:01:43,898 - [webpage_parser.py:63] - INFO - procotol:http, hostname:www.78.cn, new_link:/web/sakesi/
2017-09-16 16:01:43,899 - [webpage_parser.py:63] - INFO - procotol:http, hostname:www.4399.com, new_link:/flash/167048.htm
2017-09-16 16:01:43,900 - [webpage_parser.py:63] - INFO - procotol:http, hostname:www.78.cn, new_link:/web/sakesi/
2017-09-16 16:01:43,900 - [webpage_parser.py:63] - INFO - procotol:http, hostname:www.4399.com, new_link:/flash/24655.htm
2017-09-16 16:01:43,901 - [webpage_parser.py:63] - INFO - procotol:http, hostname:www.78.cn, new_link:/web/sakesi/
2017-09-16 16:01:43,901 - [webpage_parser.py:63] - INFO - procotol:http, hostname:www.4399.com, new_link:/flash/40724.htm
2017-09-16 16:01:43,902 - [webpage_parser.py:63] - INFO - procotol:http, hostname:www.78.cn, new_link:/web/jingbaiwei/
2017-09-16 16:01:43,902 - [webpage_parser.py:63] - INFO - procotol:http, hostname:www.4399.com, new_link:/flash/158423.htm
2017-09-16 16:01:43,903 - [webpage_parser.py:63] - INFO - procotol:http, hostname:www.78.cn, new_link:/web/jingbaiwei/
2017-09-16 16:01:43,903 - [webpage_parser.py:63] - INFO - procotol:http, hostname:www.4399.com, new_link:/flash/37529.htm
2017-09-16 16:01:43,904 - [webpage_parser.py:63] - INFO - procotol:http, hostname:www.78.cn, new_link:/web/jingbaiwei/
2017-09-16 16:01:43,905 - [webpage_parser.py:63] - INFO - procotol:http, hostname:www.4399.com, new_link:/flash/91190.htm
2017-09-16 16:01:43,905 - [webpage_parser.py:63] - INFO - procotol:http, hostname:www.78.cn, new_link:/web/malilian/
2017-09-16 16:01:43,906 - [webpage_parser.py:63] - INFO - procotol:http, hostname:www.4399.com, new_link:/flash/36760.htm
2017-09-16 16:01:43,906 - [webpage_parser.py:63] - INFO - procotol:http, hostname:www.78.cn, new_link:/web/hanfugong/
2017-09-16 16:01:43,907 - [webpage_parser.py:63] - INFO - procotol:http, hostname:www.4399.com, new_link:/flash/36504.htm
2017-09-16 16:01:43,907 - [webpage_parser.py:63] - INFO - procotol:http, hostname:www.78.cn, new_link:/web/fajuehongpei/
2017-09-16 16:01:43,907 - [webpage_parser.py:63] - INFO - procotol:http, hostname:www.4399.com, new_link:/special/19.htm
2017-09-16 16:01:43,908 - [webpage_parser.py:63] - INFO - procotol:http, hostname:www.78.cn, new_link:/web/yueqiqnztct/
2017-09-16 16:01:43,908 - [webpage_parser.py:63] - INFO - procotol:http, hostname:www.4399.com, new_link:/special/19.htm
2017-09-16 16:01:43,908 - [webpage_parser.py:63] - INFO - procotol:http, hostname:www.78.cn, new_link:/web/taiyangxi/
2017-09-16 16:01:43,909 - [webpage_parser.py:63] - INFO - procotol:http, hostname:www.4399.com, new_link:/special/19_server.htm
2017-09-16 16:01:43,910 - [webpage_parser.py:63] - INFO - procotol:http, hostname:www.78.cn, new_link:/web/yulebaichuankaoyu/
2017-09-16 16:01:43,910 - [webpage_parser.py:63] - INFO - procotol:http, hostname:www.4399.com, new_link:/flash/80223.htm
2017-09-16 16:01:43,911 - [webpage_parser.py:63] - INFO - procotol:http, hostname:www.78.cn, new_link:/web/shiyujibby/
2017-09-16 16:01:43,911 - [webpage_parser.py:63] - INFO - procotol:http, hostname:www.4399.com, new_link:/flash/12439.htm
2017-09-16 16:01:43,912 - [webpage_parser.py:63] - INFO - procotol:http, hostname:www.78.cn, new_link:/web/kafeiaishangcha/
2017-09-16 16:01:43,912 - [webpage_parser.py:63] - INFO - procotol:http, hostname:www.4399.com, new_link:/flash/159974.htm
2017-09-16 16:01:43,912 - [webpage_parser.py:63] - INFO - procotol:http, hostname:www.78.cn, new_link:/web/beiyuehan/
2017-09-16 16:01:43,913 - [webpage_parser.py:63] - INFO - procotol:http, hostname:www.4399.com, new_link:/flash/152420.htm
2017-09-16 16:01:43,913 - [webpage_parser.py:63] - INFO - procotol:http, hostname:www.78.cn, new_link:/web/shisanweimwhg/
2017-09-16 16:01:43,919 - [webpage_parser.py:63] - INFO - procotol:http, hostname:www.4399.com, new_link:/flash/
2017-09-16 16:01:43,920 - [webpage_parser.py:63] - INFO - procotol:http, hostname:www.78.cn, new_link:/web/jiumentidu/
2017-09-16 16:01:43,920 - [webpage_parser.py:63] - INFO - procotol:http, hostname:www.4399.com, new_link:/flash/191793.htm
2017-09-16 16:01:43,921 - [webpage_parser.py:63] - INFO - procotol:http, hostname:www.78.cn, new_link:/web/xysyhuoguo/
2017-09-16 16:01:43,921 - [webpage_parser.py:63] - INFO - procotol:http, hostname:www.4399.com, new_link:/flash/191789.htm
2017-09-16 16:01:43,921 - [webpage_parser.py:63] - INFO - procotol:http, hostname:www.78.cn, new_link:/web/cjjyscxiaoyu/
2017-09-16 16:01:43,922 - [webpage_parser.py:63] - INFO - procotol:http, hostname:www.4399.com, new_link:/flash/191787.htm
2017-09-16 16:01:43,922 - [webpage_parser.py:63] - INFO - procotol:http, hostname:www.78.cn, new_link:/web/wgtwjtsfmian/
2017-09-16 16:01:43,923 - [webpage_parser.py:63] - INFO - procotol:http, hostname:www.4399.com, new_link:/flash/191786.htm
2017-09-16 16:01:43,923 - [webpage_parser.py:63] - INFO - procotol:http, hostname:www.78.cn, new_link:/web/labusishu/
2017-09-16 16:01:43,923 - [webpage_parser.py:63] - INFO - procotol:http, hostname:www.4399.com, new_link:/flash/191783.htm
2017-09-16 16:01:43,924 - [webpage_parser.py:63] - INFO - procotol:http, hostname:www.78.cn, new_link:/web/clbakefb/
2017-09-16 16:01:43,924 - [webpage_parser.py:63] - INFO - procotol:http, hostname:www.4399.com, new_link:/flash/191782.htm
2017-09-16 16:01:43,925 - [webpage_parser.py:63] - INFO - procotol:http, hostname:www.78.cn, new_link:/web/yingtaoxhy/
2017-09-16 16:01:43,925 - [webpage_parser.py:63] - INFO - procotol:http, hostname:www.4399.com, new_link:/flash/191780.htm
2017-09-16 16:01:43,925 - [webpage_parser.py:63] - INFO - procotol:http, hostname:www.78.cn, new_link:/web/dkchayin/
2017-09-16 16:01:43,926 - [webpage_parser.py:63] - INFO - procotol:http, hostname:www.4399.com, new_link:/flash/191779.htm
2017-09-16 16:01:43,926 - [webpage_parser.py:63] - INFO - procotol:http, hostname:www.78.cn, new_link:/web/liaopaigu/
2017-09-16 16:01:43,927 - [webpage_parser.py:63] - INFO - procotol:http, hostname:www.4399.com, new_link:/flash/191778.htm
2017-09-16 16:01:43,927 - [webpage_parser.py:63] - INFO - procotol:http, hostname:www.78.cn, new_link:/web/lamdnmjpbei/
2017-09-16 16:01:43,927 - [webpage_parser.py:63] - INFO - procotol:http, hostname:www.4399.com, new_link:/flash/191777.htm
2017-09-16 16:01:43,928 - [webpage_parser.py:63] - INFO - procotol:http, hostname:www.78.cn, new_link:/web/qiangulaomian/
2017-09-16 16:01:43,928 - [webpage_parser.py:63] - INFO - procotol:http, hostname:www.4399.com, new_link:/flash/191776.htm
2017-09-16 16:01:43,928 - [webpage_parser.py:63] - INFO - procotol:http, hostname:www.78.cn, new_link:/web/hanxaioertanzimr/
2017-09-16 16:01:43,929 - [webpage_parser.py:63] - INFO - procotol:http, hostname:www.4399.com, new_link:/flash/191775.htm
2017-09-16 16:01:43,929 - [webpage_parser.py:63] - INFO - procotol:http, hostname:www.78.cn, new_link:/web/maoshushu/
2017-09-16 16:01:43,929 - [webpage_parser.py:63] - INFO - procotol:http, hostname:www.4399.com, new_link:/flash/191774.htm
2017-09-16 16:01:43,930 - [webpage_parser.py:63] - INFO - procotol:http, hostname:www.78.cn, new_link:/web/alawboboyu/
2017-09-16 16:01:43,930 - [webpage_parser.py:63] - INFO - procotol:http, hostname:www.4399.com, new_link:/flash/191772.htm
2017-09-16 16:01:43,931 - [webpage_parser.py:63] - INFO - procotol:http, hostname:www.78.cn, new_link:/web/pwsgypqb/
2017-09-16 16:01:43,931 - [webpage_parser.py:63] - INFO - procotol:http, hostname:www.4399.com, new_link:/flash/191771.htm
2017-09-16 16:01:43,931 - [webpage_parser.py:63] - INFO - procotol:http, hostname:www.78.cn, new_link:/web/zimaguanmalatang/
2017-09-16 16:01:43,932 - [webpage_parser.py:63] - INFO - procotol:http, hostname:www.4399.com, new_link:/flash/185532.htm
2017-09-16 16:01:43,932 - [webpage_parser.py:63] - INFO - procotol:http, hostname:www.78.cn, new_link:/web/zhengmeiwei/
2017-09-16 16:01:43,932 - [webpage_parser.py:63] - INFO - procotol:http, hostname:www.4399.com, new_link:/flash/112709.htm
2017-09-16 16:01:43,933 - [webpage_parser.py:63] - INFO - procotol:http, hostname:www.78.cn, new_link:/web/niuluobinhongpei/
2017-09-16 16:01:43,933 - [webpage_parser.py:63] - INFO - procotol:http, hostname:www.4399.com, new_link:/flash/104284.htm
2017-09-16 16:01:43,934 - [webpage_parser.py:63] - INFO - procotol:http, hostname:www.78.cn, new_link:/web/guxianghuoyan/
2017-09-16 16:01:43,934 - [webpage_parser.py:63] - INFO - procotol:http, hostname:www.4399.com, new_link:/flash/134302.htm
2017-09-16 16:01:43,935 - [webpage_parser.py:63] - INFO - procotol:http, hostname:www.78.cn, new_link:/web/ysmycypin/
2017-09-16 16:01:43,935 - [webpage_parser.py:63] - INFO - procotol:http, hostname:www.4399.com, new_link:/flash/72397.htm
2017-09-16 16:01:43,935 - [webpage_parser.py:63] - INFO - procotol:http, hostname:www.78.cn, new_link:/web/maozanboboyu/
2017-09-16 16:01:43,936 - [webpage_parser.py:63] - INFO - procotol:http, hostname:www.4399.com, new_link:/flash/7194.htm
2017-09-16 16:01:43,936 - [webpage_parser.py:63] - INFO - procotol:http, hostname:www.78.cn, new_link:/web/manukatp/
2017-09-16 16:01:43,937 - [webpage_parser.py:63] - INFO - procotol:http, hostname:www.4399.com, new_link:/flash/171971.htm
2017-09-16 16:01:43,937 - [webpage_parser.py:63] - INFO - procotol:http, hostname:www.78.cn, new_link:/web/linjianmy/
2017-09-16 16:01:43,937 - [webpage_parser.py:63] - INFO - procotol:http, hostname:www.4399.com, new_link:/flash/118890.htm
2017-09-16 16:01:43,938 - [webpage_parser.py:63] - INFO - procotol:http, hostname:www.78.cn, new_link:/web/zaiyuanjia/
2017-09-16 16:01:43,938 - [webpage_parser.py:63] - INFO - procotol:http, hostname:www.4399.com, new_link:/flash/130389.htm
2017-09-16 16:01:43,938 - [webpage_parser.py:63] - INFO - procotol:http, hostname:www.78.cn, new_link:/web/zglsgcb/
2017-09-16 16:01:43,939 - [webpage_parser.py:63] - INFO - procotol:http, hostname:www.4399.com, new_link:/flash/87890.htm
2017-09-16 16:01:43,939 - [webpage_parser.py:63] - INFO - procotol:http, hostname:www.78.cn, new_link:/web/naduogn/
2017-09-16 16:01:43,939 - [webpage_parser.py:63] - INFO - procotol:http, hostname:www.4399.com, new_link:/flash/88902.htm
2017-09-16 16:01:43,940 - [webpage_parser.py:63] - INFO - procotol:http, hostname:www.78.cn, new_link:/web/niudadanbm/
2017-09-16 16:01:43,940 - [webpage_parser.py:63] - INFO - procotol:http, hostname:www.4399.com, new_link:/flash/29962.htm
2017-09-16 16:01:43,941 - [webpage_parser.py:63] - INFO - procotol:http, hostname:www.78.cn, new_link:/web/shibisicykyb/
2017-09-16 16:01:43,941 - [webpage_parser.py:63] - INFO - procotol:http, hostname:www.4399.com, new_link:/flash/109656.htm
2017-09-16 16:01:43,942 - [webpage_parser.py:63] - INFO - procotol:http, hostname:www.78.cn, new_link:/web/qianbaidu/
2017-09-16 16:01:43,942 - [webpage_parser.py:63] - INFO - procotol:http, hostname:www.4399.com, new_link:/flash/13008.htm
2017-09-16 16:01:43,942 - [webpage_parser.py:63] - INFO - procotol:http, hostname:www.78.cn, new_link:/web/xingfumlt/
2017-09-16 16:01:43,943 - [webpage_parser.py:63] - INFO - procotol:http, hostname:www.4399.com, new_link:/flash/137116.htm
2017-09-16 16:01:43,943 - [webpage_parser.py:63] - INFO - procotol:http, hostname:www.78.cn, new_link:/web/liumangshenshi/
2017-09-16 16:01:43,944 - [webpage_parser.py:63] - INFO - procotol:http, hostname:www.4399.com, new_link:/flash/30729.htm
2017-09-16 16:01:43,944 - [webpage_parser.py:63] - INFO - procotol:http, hostname:www.78.cn, new_link:/web/jiuniuyibeinpb/
2017-09-16 16:01:43,944 - [webpage_parser.py:63] - INFO - procotol:http, hostname:www.4399.com, new_link:/flash/120134.htm
2017-09-16 16:01:43,945 - [webpage_parser.py:63] - INFO - procotol:http, hostname:www.78.cn, new_link:/web/tanlaoyuscy/
2017-09-16 16:01:43,946 - [connectionpool.py:395] - DEBUG - http://www.hao123.com:80 "GET / HTTP/1.1" 200 None
2017-09-16 16:01:43,946 - [webpage_parser.py:63] - INFO - procotol:http, hostname:www.4399.com, new_link:/flash/135580.htm
2017-09-16 16:01:43,946 - [webpage_parser.py:63] - INFO - procotol:http, hostname:www.78.cn, new_link:/web/huanghouyxhb/
2017-09-16 16:01:43,954 - [webpage_parser.py:63] - INFO - procotol:http, hostname:www.4399.com, new_link:/flash/91350.htm
2017-09-16 16:01:43,955 - [webpage_parser.py:63] - INFO - procotol:http, hostname:www.78.cn, new_link:/web/beilnwhg/
2017-09-16 16:01:43,955 - [webpage_parser.py:63] - INFO - procotol:http, hostname:www.4399.com, new_link:/flash/25732.htm
2017-09-16 16:01:43,955 - [webpage_parser.py:63] - INFO - procotol:http, hostname:www.78.cn, new_link:/web/meinanziszxmf/
2017-09-16 16:01:43,956 - [webpage_parser.py:63] - INFO - procotol:http, hostname:www.4399.com, new_link:/flash/8582.htm
2017-09-16 16:01:43,956 - [webpage_parser.py:63] - INFO - procotol:http, hostname:www.78.cn, new_link:/web/ypthlcha/
2017-09-16 16:01:43,957 - [webpage_parser.py:63] - INFO - procotol:http, hostname:www.4399.com, new_link:/flash/17071.htm
2017-09-16 16:01:43,957 - [webpage_parser.py:63] - INFO - procotol:http, hostname:www.78.cn, new_link:/web/beikehanbao2/
2017-09-16 16:01:43,958 - [webpage_parser.py:63] - INFO - procotol:http, hostname:www.4399.com, new_link:/flash/15142.htm
2017-09-16 16:01:43,958 - [webpage_parser.py:63] - INFO - procotol:http, hostname:www.78.cn, new_link:/web/yikousuannn/
2017-09-16 16:01:43,959 - [webpage_parser.py:63] - INFO - procotol:http, hostname:www.4399.com, new_link:/flash/130389.htm
2017-09-16 16:01:43,959 - [webpage_parser.py:63] - INFO - procotol:http, hostname:www.78.cn, new_link:/web/mangtianyp/
2017-09-16 16:01:43,960 - [webpage_parser.py:63] - INFO - procotol:http, hostname:www.4399.com, new_link:/flash/7723.htm
2017-09-16 16:01:43,960 - [webpage_parser.py:63] - INFO - procotol:http, hostname:www.78.cn, new_link:/web/zhengshanmei/
2017-09-16 16:01:43,960 - [webpage_parser.py:63] - INFO - procotol:http, hostname:www.4399.com, new_link:/flash/25646.htm
2017-09-16 16:01:43,961 - [webpage_parser.py:63] - INFO - procotol:http, hostname:www.78.cn, new_link:/web/malilian/
2017-09-16 16:01:43,961 - [webpage_parser.py:63] - INFO - procotol:http, hostname:www.4399.com, new_link:/flash/189618.htm
2017-09-16 16:01:43,961 - [webpage_parser.py:63] - INFO - procotol:http, hostname:www.78.cn, new_link:/web/cyinaic/
2017-09-16 16:01:43,962 - [webpage_parser.py:63] - INFO - procotol:http, hostname:www.4399.com, new_link:/flash/155283.htm
2017-09-16 16:01:43,962 - [webpage_parser.py:63] - INFO - procotol:http, hostname:www.78.cn, new_link:/web/yudemenkaoyu/
2017-09-16 16:01:43,962 - [webpage_parser.py:63] - INFO - procotol:http, hostname:www.4399.com, new_link:/flash/54779.htm
2017-09-16 16:01:43,963 - [webpage_parser.py:63] - INFO - procotol:http, hostname:www.78.cn, new_link:/web/jinmujin/
2017-09-16 16:01:43,963 - [webpage_parser.py:63] - INFO - procotol:http, hostname:www.4399.com, new_link:/flash/30729.htm
2017-09-16 16:01:43,964 - [webpage_parser.py:63] - INFO - procotol:http, hostname:www.78.cn, new_link:/web/wusuoweiyp/
2017-09-16 16:01:43,964 - [webpage_parser.py:63] - INFO - procotol:http, hostname:www.4399.com, new_link:/
2017-09-16 16:01:43,964 - [webpage_parser.py:63] - INFO - procotol:http, hostname:www.78.cn, new_link:/chufangweiyu/
2017-09-16 16:01:43,966 - [webpage_parser.py:63] - INFO - procotol:http, hostname:www.4399.com, new_link:/flash/seer.htm
2017-09-16 16:01:43,967 - [webpage_parser.py:63] - INFO - procotol:http, hostname:www.78.cn, new_link:/xiaojiadian/
2017-09-16 16:01:43,968 - [webpage_parser.py:63] - INFO - procotol:http, hostname:www.4399.com, new_link:special/7.htm
2017-09-16 16:01:43,968 - [webpage_parser.py:63] - INFO - procotol:http, hostname:www.78.cn, new_link:/diban/
2017-09-16 16:01:43,969 - [webpage_parser.py:63] - INFO - procotol:http, hostname:www.4399.com, new_link:/flash/38310.htm
2017-09-16 16:01:43,969 - [webpage_parser.py:63] - INFO - procotol:http, hostname:www.78.cn, new_link:/qiangyi/
2017-09-16 16:01:43,971 - [webpage_parser.py:63] - INFO - procotol:http, hostname:www.4399.com, new_link:/special/26.htm
2017-09-16 16:01:43,972 - [webpage_parser.py:63] - INFO - procotol:http, hostname:www.78.cn, new_link:/huanbao/
2017-09-16 16:01:43,973 - [webpage_parser.py:63] - INFO - procotol:http, hostname:www.4399.com, new_link:/flash/168735.htm
2017-09-16 16:01:43,973 - [webpage_parser.py:63] - INFO - procotol:http, hostname:www.78.cn, new_link:/qichemeirong/
2017-09-16 16:01:43,974 - [webpage_parser.py:63] - INFO - procotol:http, hostname:www.4399.com, new_link:/flash/188528.htm
2017-09-16 16:01:43,976 - [webpage_parser.py:63] - INFO - procotol:http, hostname:www.4399.com, new_link:/gameupload.htm
2017-09-16 16:01:43,974 - [webpage_parser.py:63] - INFO - procotol:http, hostname:www.78.cn, new_link:/qicheyongpin/
2017-09-16 16:01:43,978 - [webpage_parser.py:63] - INFO - procotol:http, hostname:www.78.cn, new_link:/jiajuqita/
2017-09-16 16:01:43,979 - [webpage_parser.py:63] - INFO - procotol:http, hostname:www.78.cn, new_link:/web/aimuken/
2017-09-16 16:01:43,979 - [webpage_parser.py:63] - INFO - procotol:http, hostname:www.78.cn, new_link:/web/bokeguangchu/
2017-09-16 16:01:43,980 - [webpage_parser.py:63] - INFO - procotol:http, hostname:www.78.cn, new_link:/web/chufangbao/
2017-09-16 16:01:43,981 - [webpage_parser.py:63] - INFO - procotol:http, hostname:www.78.cn, new_link:/web/qixike/
2017-09-16 16:01:43,981 - [webpage_parser.py:63] - INFO - procotol:http, hostname:www.78.cn, new_link:/web/oumifeicl/
2017-09-16 16:01:43,982 - [webpage_parser.py:63] - INFO - procotol:http, hostname:www.78.cn, new_link:/web/chechixuan/
2017-09-16 16:01:43,983 - [webpage_parser.py:63] - INFO - procotol:http, hostname:www.78.cn, new_link:/web/yizhilanganxi/
2017-09-16 16:01:43,983 - [webpage_parser.py:63] - INFO - procotol:http, hostname:www.78.cn, new_link:/web/knjqcmeirong/
2017-09-16 16:01:43,977 - [webpage_parser.py:63] - INFO - procotol:http, hostname:www.4399.com, new_link:/feedback.htm
2017-09-16 16:01:43,984 - [webpage_parser.py:63] - INFO - procotol:http, hostname:www.78.cn, new_link:/web/yibuqiangyi/
2017-09-16 16:01:43,985 - [webpage_parser.py:63] - INFO - procotol:http, hostname:www.4399.com, new_link:/zs/chuban.html
2017-09-16 16:01:43,986 - [webpage_parser.py:63] - INFO - procotol:http, hostname:www.78.cn, new_link:/web/hsdeqwzzjc/
2017-09-16 16:01:43,988 - [webpage_parser.py:63] - INFO - procotol:http, hostname:www.4399.com, new_link:/notice/banquan.htm
2017-09-16 16:01:43,989 - [webpage_parser.py:63] - INFO - procotol:http, hostname:www.78.cn, new_link:/web/meitelaisi/
2017-09-16 16:01:44,005 - [webpage_parser.py:63] - INFO - procotol:http, hostname:www.78.cn, new_link:/web/ynjdrdban/
2017-09-16 16:01:44,006 - [webpage_parser.py:63] - INFO - procotol:http, hostname:www.78.cn, new_link:/web/ynjdrdban/
2017-09-16 16:01:44,007 - [webpage_parser.py:63] - INFO - procotol:http, hostname:www.78.cn, new_link:/web/ynjdrdban/
2017-09-16 16:01:44,010 - [webpage_parser.py:63] - INFO - procotol:http, hostname:www.78.cn, new_link:/web/kewenshicailiq/
2017-09-16 16:01:44,013 - [webpage_parser.py:63] - INFO - procotol:http, hostname:www.78.cn, new_link:/web/kewenshicailiq/
2017-09-16 16:01:44,014 - [webpage_parser.py:63] - INFO - procotol:http, hostname:www.78.cn, new_link:/web/kewenshicailiq/
2017-09-16 16:01:44,015 - [webpage_parser.py:63] - INFO - procotol:http, hostname:www.78.cn, new_link:/web/shanggongmf/
2017-09-16 16:01:44,016 - [webpage_parser.py:63] - INFO - procotol:http, hostname:www.78.cn, new_link:/web/shanggongmf/
2017-09-16 16:01:44,018 - [webpage_parser.py:63] - INFO - procotol:http, hostname:www.78.cn, new_link:/web/shanggongmf/
2017-09-16 16:01:44,018 - [webpage_parser.py:63] - INFO - procotol:http, hostname:www.78.cn, new_link:/web/shenqijinshuhua/
2017-09-16 16:01:44,019 - [webpage_parser.py:63] - INFO - procotol:http, hostname:www.78.cn, new_link:/web/wandouljclq/
2017-09-16 16:01:44,020 - [webpage_parser.py:63] - INFO - procotol:http, hostname:www.78.cn, new_link:/web/tunaiketxgzn/
2017-09-16 16:01:44,020 - [webpage_parser.py:63] - INFO - procotol:http, hostname:www.78.cn, new_link:/web/yizhilanganxi/
2017-09-16 16:01:44,021 - [webpage_parser.py:63] - INFO - procotol:http, hostname:www.78.cn, new_link:/web/kewenshicailiq/
2017-09-16 16:01:44,022 - [webpage_parser.py:63] - INFO - procotol:http, hostname:www.78.cn, new_link:/web/zhongkehn/
2017-09-16 16:01:44,023 - [webpage_parser.py:63] - INFO - procotol:http, hostname:www.78.cn, new_link:/web/haoshiclq/
2017-09-16 16:01:44,092 - [webpage_parser.py:63] - INFO - procotol:http, hostname:www.78.cn, new_link:/web/fumeige/
2017-09-16 16:01:44,168 - [webpage_parser.py:63] - INFO - procotol:http, hostname:www.78.cn, new_link:/web/xiaguangshengtai/
2017-09-16 16:01:44,188 - [webpage_parser.py:63] - INFO - procotol:http, hostname:www.78.cn, new_link:/web/yikangmaoyan/
2017-09-16 16:01:44,201 - [webpage_parser.py:63] - INFO - procotol:http, hostname:www.78.cn, new_link:/web/huangtingclby/
2017-09-16 16:01:44,249 - [webpage_parser.py:63] - INFO - procotol:http, hostname:www.hao123.com, new_link:javascript:;
2017-09-16 16:01:44,250 - [webpage_parser.py:63] - INFO - procotol:http, hostname:www.78.cn, new_link:/web/meijiameibang/
2017-09-16 16:01:44,251 - [connectionpool.py:818] - DEBUG - Starting new HTTPS connection (1): www.baidu.com
2017-09-16 16:01:44,253 - [webpage_parser.py:63] - INFO - procotol:http, hostname:www.hao123.com, new_link:/api/ajax?skintype=0&toggle=1
2017-09-16 16:01:44,254 - [webpage_parser.py:63] - INFO - procotol:http, hostname:www.78.cn, new_link:/web/meitelaisi/
2017-09-16 16:01:44,254 - [connectionpool.py:207] - DEBUG - Starting new HTTP connection (1): www.hao123.com
2017-09-16 16:01:44,255 - [webpage_parser.py:63] - INFO - procotol:http, hostname:www.hao123.com, new_link:/api/ajax?menu=tv_kp
2017-09-16 16:01:44,258 - [webpage_parser.py:63] - INFO - procotol:http, hostname:www.78.cn, new_link:/web/rongshidazhinengxiyi/
2017-09-16 16:01:44,259 - [webpage_parser.py:63] - INFO - procotol:http, hostname:www.hao123.com, new_link:/api/ajax?menu=movie_kp
2017-09-16 16:01:44,259 - [webpage_parser.py:63] - INFO - procotol:http, hostname:www.78.cn, new_link:/web/hsdeqwzzjc/
2017-09-16 16:01:44,261 - [webpage_parser.py:63] - INFO - procotol:http, hostname:www.hao123.com, new_link:/api/ajax?menu=news_kp
2017-09-16 16:01:44,261 - [webpage_parser.py:63] - INFO - procotol:http, hostname:www.78.cn, new_link:/web/csslzwkzh/
2017-09-16 16:01:44,262 - [webpage_parser.py:63] - INFO - procotol:http, hostname:www.hao123.com, new_link:/api/ajax?menu=bagua_kp
2017-09-16 16:01:44,262 - [webpage_parser.py:63] - INFO - procotol:http, hostname:www.78.cn, new_link:/web/ljfqcbyls/
2017-09-16 16:01:44,265 - [webpage_parser.py:63] - INFO - procotol:http, hostname:www.hao123.com, new_link:/api/ajax?menu=military_kp
2017-09-16 16:01:44,266 - [webpage_parser.py:63] - INFO - procotol:http, hostname:www.78.cn, new_link:/web/qianducaizsgf/
2017-09-16 16:01:44,267 - [webpage_parser.py:63] - INFO - procotol:http, hostname:www.hao123.com, new_link:/api/ajax?menu=game_kp
2017-09-16 16:01:44,267 - [webpage_parser.py:63] - INFO - procotol:http, hostname:www.78.cn, new_link:/web/dalanmaoyongpin/
2017-09-16 16:01:44,268 - [webpage_parser.py:63] - INFO - procotol:http, hostname:www.hao123.com, new_link:/api/ajax?menu=xyx_kp
2017-09-16 16:01:44,268 - [webpage_parser.py:63] - INFO - procotol:http, hostname:www.78.cn, new_link:/web/qixike/
2017-09-16 16:01:44,270 - [webpage_parser.py:63] - INFO - procotol:http, hostname:www.hao123.com, new_link:/api/ajax?menu=tejia_kp
2017-09-16 16:01:44,270 - [webpage_parser.py:63] - INFO - procotol:http, hostname:www.78.cn, new_link:/web/diqiutianshi/
2017-09-16 16:01:44,271 - [webpage_parser.py:63] - INFO - procotol:http, hostname:www.hao123.com, new_link:/api/ajax?menu=travel_kp
2017-09-16 16:01:44,271 - [webpage_parser.py:63] - INFO - procotol:http, hostname:www.78.cn, new_link:/web/cheluban/
2017-09-16 16:01:44,273 - [webpage_parser.py:63] - INFO - procotol:http, hostname:www.78.cn, new_link:/web/knjqcmeirong/
2017-09-16 16:01:44,274 - [webpage_parser.py:63] - INFO - procotol:http, hostname:www.hao123.com, new_link:/api/ajax?menu=auto_kp
2017-09-16 16:01:44,277 - [webpage_parser.py:63] - INFO - procotol:http, hostname:www.78.cn, new_link:/web/weiteke/
2017-09-16 16:01:44,279 - [webpage_parser.py:63] - INFO - procotol:http, hostname:www.hao123.com, new_link:/api/gettop/?t0=1
2017-09-16 16:01:44,319 - [connectionpool.py:395] - DEBUG - http://www.hao123.com:80 "GET /sitemap HTTP/1.1" 200 None
2017-09-16 16:01:44,327 - [webpage_parser.py:63] - INFO - procotol:http, hostname:www.78.cn, new_link:/web/telisenfs/
2017-09-16 16:01:44,327 - [webpage_parser.py:63] - INFO - procotol:http, hostname:www.hao123.com, new_link:/api/gettop/?t0=2
2017-09-16 16:01:44,463 - [webpage_parser.py:63] - INFO - procotol:http, hostname:www.78.cn, new_link:/web/aimuken/
2017-09-16 16:01:44,463 - [webpage_parser.py:63] - INFO - procotol:http, hostname:www.hao123.com, new_link:/api/gettop/?t0=3
2017-09-16 16:01:44,464 - [webpage_parser.py:63] - INFO - procotol:http, hostname:www.78.cn, new_link:/web/vrzhutigongyuan/
2017-09-16 16:01:44,483 - [connectionpool.py:207] - DEBUG - Starting new HTTP connection (1): www.baidu.com
2017-09-16 16:01:44,484 - [connectionpool.py:395] - DEBUG - https://www.baidu.com:443 "GET /s?wd=%E6%96%97%E5%9C%B0%E4%B8%BB%E8%BE%BE%E4%BA%BA&tn=50000056_hao_pg&ie=UTF-8 HTTP/1.1" 200 227
2017-09-16 16:01:44,496 - [webpage_parser.py:63] - INFO - procotol:http, hostname:www.baidu.com, new_link:/
2017-09-16 16:01:44,515 - [webpage_parser.py:63] - INFO - procotol:http, hostname:www.hao123.com, new_link:/api/gettop/?t0=4
2017-09-16 16:01:44,572 - [webpage_parser.py:63] - INFO - procotol:http, hostname:www.baidu.com, new_link:javascript:;
2017-09-16 16:01:44,610 - [webpage_parser.py:63] - INFO - procotol:http, hostname:www.hao123.com, new_link:javascript:void(0);
2017-09-16 16:01:44,613 - [webpage_parser.py:63] - INFO - procotol:http, hostname:www.78.cn, new_link:/web/jrhbysbcai/
2017-09-16 16:01:44,615 - [webpage_saver.py:45] - INFO - url https://www.baidu.com/s?wd=%E6%96%97%E5%9C%B0%E4%B8%BB%E8%BE%BE%E4%BA%BA&tn=50000056_hao_pg&ie=UTF-8 is not match
2017-09-16 16:01:44,629 - [webpage_parser.py:63] - INFO - procotol:http, hostname:www.hao123.com, new_link:javascript:void(0)
2017-09-16 16:01:44,629 - [webpage_parser.py:63] - INFO - procotol:http, hostname:www.baidu.com, new_link:javascript:;
2017-09-16 16:01:44,630 - [webpage_parser.py:63] - INFO - procotol:http, hostname:www.hao123.com, new_link:javascript:void(0);
2017-09-16 16:01:44,631 - [connectionpool.py:395] - DEBUG - http://www.baidu.com:80 "GET /?tn=sitehao123 HTTP/1.1" 200 None
2017-09-16 16:01:44,632 - [webpage_parser.py:63] - INFO - procotol:http, hostname:www.78.cn, new_link:/web/keensenjcqs/
2017-09-16 16:01:44,634 - [webpage_parser.py:63] - INFO - procotol:http, hostname:www.baidu.com, new_link:javascript:;
2017-09-16 16:01:44,636 - [webpage_parser.py:63] - INFO - procotol:http, hostname:www.hao123.com, new_link:javascript:;
2017-09-16 16:01:44,639 - [webpage_parser.py:63] - INFO - procotol:http, hostname:www.hao123.com, new_link:javascript:void(0);
2017-09-16 16:01:44,639 - [webpage_parser.py:63] - INFO - procotol:http, hostname:www.78.cn, new_link:/web/senzuzhiwu/
2017-09-16 16:01:44,650 - [webpage_parser.py:63] - INFO - procotol:http, hostname:www.baidu.com, new_link:/
2017-09-16 16:01:44,650 - [webpage_saver.py:45] - INFO - url http://www.baidu.com/?tn=sitehao123 is not match
2017-09-16 16:01:44,655 - [webpage_parser.py:63] - INFO - procotol:http, hostname:www.hao123.com, new_link:javascript:;
2017-09-16 16:01:44,661 - [webpage_parser.py:63] - INFO - procotol:http, hostname:www.78.cn, new_link:/web/yibuqiangyi/
2017-09-16 16:01:44,662 - [webpage_parser.py:63] - INFO - procotol:http, hostname:www.baidu.com, new_link:javascript:;
2017-09-16 16:01:44,663 - [webpage_parser.py:63] - INFO - procotol:http, hostname:www.78.cn, new_link:/web/lidunznfds/
2017-09-16 16:01:44,665 - [webpage_parser.py:63] - INFO - procotol:http, hostname:www.baidu.com, new_link:javascript:;
2017-09-16 16:01:44,665 - [webpage_parser.py:63] - INFO - procotol:http, hostname:www.78.cn, new_link:/web/tunaike/
2017-09-16 16:01:44,666 - [webpage_parser.py:63] - INFO - procotol:http, hostname:www.baidu.com, new_link:/s?tn=sitehao123_09&usm=3&wd=%E6%B5%B7%E4%B8%AD%E9%87%91&ie=utf-8&rsv_cq=%E6%97%A5%E5%8E%86&rsv_dl=0_right_recommends_merge_20826&euri=5642c9b18b434139a626484bf6c800e0
2017-09-16 16:01:44,666 - [webpage_parser.py:63] - INFO - procotol:http, hostname:www.78.cn, new_link:/web/nuanlitetxwdn/
2017-09-16 16:01:44,667 - [webpage_parser.py:63] - INFO - procotol:http, hostname:www.baidu.com, new_link:/s?tn=sitehao123_09&usm=3&wd=%E6%B5%B7%E4%B8%AD%E9%87%91&ie=utf-8&rsv_cq=%E6%97%A5%E5%8E%86&rsv_dl=0_right_recommends_merge_20826&euri=5642c9b18b434139a626484bf6c800e0
2017-09-16 16:01:44,668 - [webpage_parser.py:63] - INFO - procotol:http, hostname:www.78.cn, new_link:/web/jzjcqiangban/
2017-09-16 16:01:44,669 - [webpage_parser.py:63] - INFO - procotol:http, hostname:www.baidu.com, new_link:/s?tn=sitehao123_09&usm=3&wd=%E6%B5%B7%E4%B8%AD%E9%87%91&ie=utf-8&rsv_cq=%E6%97%A5%E5%8E%86&rsv_dl=0_right_recommends_merge_20826&euri=5642c9b18b434139a626484bf6c800e0
2017-09-16 16:01:44,670 - [webpage_parser.py:63] - INFO - procotol:http, hostname:www.78.cn, new_link:/web/fsgongjiang/
2017-09-16 16:01:44,671 - [webpage_parser.py:63] - INFO - procotol:http, hostname:www.baidu.com, new_link:/s?tn=sitehao123_09&usm=3&wd=%E5%A9%9A%E5%A7%BB%E7%BA%BF&ie=utf-8&rsv_cq=%E6%97%A5%E5%8E%86&rsv_dl=0_right_recommends_merge_20826&euri=05edffc604f549b4bc375bcd37cffb60
2017-09-16 16:01:44,671 - [webpage_parser.py:63] - INFO - procotol:http, hostname:www.baidu.com, new_link:/s?tn=sitehao123_09&usm=3&wd=%E5%A9%9A%E5%A7%BB%E7%BA%BF&ie=utf-8&rsv_cq=%E6%97%A5%E5%8E%86&rsv_dl=0_right_recommends_merge_20826&euri=05edffc604f549b4bc375bcd37cffb60
2017-09-16 16:01:44,673 - [webpage_parser.py:63] - INFO - procotol:http, hostname:www.baidu.com, new_link:/s?tn=sitehao123_09&usm=3&wd=%E5%A9%9A%E5%A7%BB%E7%BA%BF&ie=utf-8&rsv_cq=%E6%97%A5%E5%8E%86&rsv_dl=0_right_recommends_merge_20826&euri=05edffc604f549b4bc375bcd37cffb60
2017-09-16 16:01:44,675 - [webpage_parser.py:63] - INFO - procotol:http, hostname:www.78.cn, new_link:/web/haomeite/
2017-09-16 16:01:44,676 - [webpage_parser.py:63] - INFO - procotol:http, hostname:www.baidu.com, new_link:/s?tn=sitehao123_09&usm=3&wd=%E6%89%8B%E7%9B%B8&ie=utf-8&rsv_cq=%E6%97%A5%E5%8E%86&rsv_dl=0_right_recommends_merge_20826&euri=a187a96412dd4c0b900c66920b2da81a
2017-09-16 16:01:44,677 - [webpage_parser.py:63] - INFO - procotol:http, hostname:www.78.cn, new_link:/web/saiweixiyi/
2017-09-16 16:01:44,677 - [webpage_parser.py:63] - INFO - procotol:http, hostname:www.baidu.com, new_link:/s?tn=sitehao123_09&usm=3&wd=%E6%89%8B%E7%9B%B8&ie=utf-8&rsv_cq=%E6%97%A5%E5%8E%86&rsv_dl=0_right_recommends_merge_20826&euri=a187a96412dd4c0b900c66920b2da81a
2017-09-16 16:01:44,678 - [webpage_parser.py:63] - INFO - procotol:http, hostname:www.78.cn, new_link:/web/hongxinzns/
2017-09-16 16:01:44,679 - [webpage_parser.py:63] - INFO - procotol:http, hostname:www.baidu.com, new_link:/s?tn=sitehao123_09&usm=3&wd=%E6%89%8B%E7%9B%B8&ie=utf-8&rsv_cq=%E6%97%A5%E5%8E%86&rsv_dl=0_right_recommends_merge_20826&euri=a187a96412dd4c0b900c66920b2da81a
2017-09-16 16:01:44,679 - [webpage_parser.py:63] - INFO - procotol:http, hostname:www.baidu.com, new_link:/s?tn=sitehao123_09&usm=3&wd=%E7%97%A3%E7%9B%B8&ie=utf-8&rsv_cq=%E6%97%A5%E5%8E%86&rsv_dl=0_right_recommends_merge_20826&euri=31c8bbda5b4443a496ac81f33d9a8e5c
2017-09-16 16:01:44,680 - [webpage_parser.py:63] - INFO - procotol:http, hostname:www.baidu.com, new_link:/s?tn=sitehao123_09&usm=3&wd=%E7%97%A3%E7%9B%B8&ie=utf-8&rsv_cq=%E6%97%A5%E5%8E%86&rsv_dl=0_right_recommends_merge_20826&euri=31c8bbda5b4443a496ac81f33d9a8e5c
2017-09-16 16:01:44,680 - [webpage_parser.py:63] - INFO - procotol:http, hostname:www.78.cn, new_link:/web/oudeyajcqm/
2017-09-16 16:01:44,680 - [webpage_parser.py:63] - INFO - procotol:http, hostname:www.baidu.com, new_link:/s?tn=sitehao123_09&usm=3&wd=%E7%97%A3%E7%9B%B8&ie=utf-8&rsv_cq=%E6%97%A5%E5%8E%86&rsv_dl=0_right_recommends_merge_20826&euri=31c8bbda5b4443a496ac81f33d9a8e5c
2017-09-16 16:01:44,681 - [webpage_parser.py:63] - INFO - procotol:http, hostname:www.78.cn, new_link:/web/bihaijbbkf/
2017-09-16 16:01:44,681 - [webpage_parser.py:63] - INFO - procotol:http, hostname:www.baidu.com, new_link:/s?tn=sitehao123_09&usm=3&wd=%E6%99%BA%E6%85%A7%E7%BA%BF&ie=utf-8&rsv_cq=%E6%97%A5%E5%8E%86&rsv_dl=0_right_recommends_merge_20826&euri=02f579d5e0a14458a9121cb6e34903f2
2017-09-16 16:01:44,682 - [webpage_parser.py:63] - INFO - procotol:http, hostname:www.78.cn, new_link:/web/fulaisizrdz/
2017-09-16 16:01:44,683 - [webpage_parser.py:63] - INFO - procotol:http, hostname:www.baidu.com, new_link:/s?tn=sitehao123_09&usm=3&wd=%E6%99%BA%E6%85%A7%E7%BA%BF&ie=utf-8&rsv_cq=%E6%97%A5%E5%8E%86&rsv_dl=0_right_recommends_merge_20826&euri=02f579d5e0a14458a9121cb6e34903f2
2017-09-16 16:01:44,684 - [webpage_parser.py:63] - INFO - procotol:http, hostname:www.78.cn, new_link:/shuma/
2017-09-16 16:01:44,684 - [webpage_parser.py:63] - INFO - procotol:http, hostname:www.baidu.com, new_link:/s?tn=sitehao123_09&usm=3&wd=%E6%99%BA%E6%85%A7%E7%BA%BF&ie=utf-8&rsv_cq=%E6%97%A5%E5%8E%86&rsv_dl=0_right_recommends_merge_20826&euri=02f579d5e0a14458a9121cb6e34903f2
2017-09-16 16:01:44,684 - [webpage_parser.py:63] - INFO - procotol:http, hostname:www.78.cn, new_link:/ganxi/
2017-09-16 16:01:44,685 - [webpage_parser.py:63] - INFO - procotol:http, hostname:www.baidu.com, new_link:/s?tn=sitehao123_09&usm=3&wd=%E5%85%AB%E5%AD%97%E5%90%88%E5%A9%9A&ie=utf-8&rsv_cq=%E6%97%A5%E5%8E%86&rsv_dl=0_right_recommends_merge_20826&euri=e060d757a0504ac9a9f9f0714908895d
2017-09-16 16:01:44,686 - [webpage_parser.py:63] - INFO - procotol:http, hostname:www.78.cn, new_link:/jiaoyuj/
2017-09-16 16:01:44,686 - [webpage_parser.py:63] - INFO - procotol:http, hostname:www.baidu.com, new_link:/s?tn=sitehao123_09&usm=3&wd=%E5%85%AB%E5%AD%97%E5%90%88%E5%A9%9A&ie=utf-8&rsv_cq=%E6%97%A5%E5%8E%86&rsv_dl=0_right_recommends_merge_20826&euri=e060d757a0504ac9a9f9f0714908895d
2017-09-16 16:01:44,687 - [webpage_parser.py:63] - INFO - procotol:http, hostname:www.78.cn, new_link:/shenghuoqita/
2017-09-16 16:01:44,687 - [webpage_parser.py:63] - INFO - procotol:http, hostname:www.baidu.com, new_link:/s?tn=sitehao123_09&usm=3&wd=%E5%85%AB%E5%AD%97%E5%90%88%E5%A9%9A&ie=utf-8&rsv_cq=%E6%97%A5%E5%8E%86&rsv_dl=0_right_recommends_merge_20826&euri=e060d757a0504ac9a9f9f0714908895d
2017-09-16 16:01:44,688 - [webpage_parser.py:63] - INFO - procotol:http, hostname:www.78.cn, new_link:/web/aimeiya/
2017-09-16 16:01:44,689 - [webpage_parser.py:63] - INFO - procotol:http, hostname:www.baidu.com, new_link:/s?tn=sitehao123_09&usm=3&wd=%E9%9D%A2%E7%9B%B8&ie=utf-8&rsv_cq=%E6%97%A5%E5%8E%86&rsv_dl=0_right_recommends_merge_20826&euri=5ed63e74d7664d26bf0475200064c20b
2017-09-16 16:01:44,689 - [webpage_parser.py:63] - INFO - procotol:http, hostname:www.baidu.com, new_link:/s?tn=sitehao123_09&usm=3&wd=%E9%9D%A2%E7%9B%B8&ie=utf-8&rsv_cq=%E6%97%A5%E5%8E%86&rsv_dl=0_right_recommends_merge_20826&euri=5ed63e74d7664d26bf0475200064c20b
2017-09-16 16:01:44,689 - [webpage_parser.py:63] - INFO - procotol:http, hostname:www.baidu.com, new_link:/s?tn=sitehao123_09&usm=3&wd=%E9%9D%A2%E7%9B%B8&ie=utf-8&rsv_cq=%E6%97%A5%E5%8E%86&rsv_dl=0_right_recommends_merge_20826&euri=5ed63e74d7664d26bf0475200064c20b
2017-09-16 16:01:44,690 - [webpage_parser.py:63] - INFO - procotol:http, hostname:www.78.cn, new_link:/web/xiaoshidai/
2017-09-16 16:01:44,690 - [webpage_parser.py:63] - INFO - procotol:http, hostname:www.baidu.com, new_link:/s?tn=sitehao123_09&usm=3&wd=%E7%94%9F%E8%BE%B0%E5%85%AB%E5%AD%97%E7%AE%97%E5%91%BD&ie=utf-8&rsv_cq=%E6%97%A5%E5%8E%86&rsv_dl=0_right_recommends_merge_20826&euri=a8666aea47a840ddba87173425ba3a6f
2017-09-16 16:01:44,691 - [webpage_parser.py:63] - INFO - procotol:http, hostname:www.78.cn, new_link:/web/darenshijie/
2017-09-16 16:01:44,691 - [webpage_parser.py:63] - INFO - procotol:http, hostname:www.baidu.com, new_link:/s?tn=sitehao123_09&usm=3&wd=%E7%94%9F%E8%BE%B0%E5%85%AB%E5%AD%97%E7%AE%97%E5%91%BD&ie=utf-8&rsv_cq=%E6%97%A5%E5%8E%86&rsv_dl=0_right_recommends_merge_20826&euri=a8666aea47a840ddba87173425ba3a6f
2017-09-16 16:01:44,691 - [webpage_parser.py:63] - INFO - procotol:http, hostname:www.78.cn, new_link:/web/diqiutianshi/
2017-09-16 16:01:44,692 - [webpage_parser.py:63] - INFO - procotol:http, hostname:www.baidu.com, new_link:/s?tn=sitehao123_09&usm=3&wd=%E7%94%9F%E8%BE%B0%E5%85%AB%E5%AD%97%E7%AE%97%E5%91%BD&ie=utf-8&rsv_cq=%E6%97%A5%E5%8E%86&rsv_dl=0_right_recommends_merge_20826&euri=a8666aea47a840ddba87173425ba3a6f
2017-09-16 16:01:44,692 - [webpage_parser.py:63] - INFO - procotol:http, hostname:www.78.cn, new_link:/web/gongfubaozai/
2017-09-16 16:01:44,693 - [webpage_parser.py:63] - INFO - procotol:http, hostname:www.baidu.com, new_link:/s?tn=sitehao123_09&usm=3&wd=%E5%85%8B%E5%A4%AB%E7%9B%B8&ie=utf-8&rsv_cq=%E6%97%A5%E5%8E%86&rsv_dl=0_right_recommends_merge_20826&euri=c0e1bc03e23e46ea9402bbc54584fae1
2017-09-16 16:01:44,694 - [webpage_parser.py:63] - INFO - procotol:http, hostname:www.78.cn, new_link:/web/syjkxhxmmian/
2017-09-16 16:01:44,695 - [webpage_parser.py:63] - INFO - procotol:http, hostname:www.baidu.com, new_link:/s?tn=sitehao123_09&usm=3&wd=%E5%85%8B%E5%A4%AB%E7%9B%B8&ie=utf-8&rsv_cq=%E6%97%A5%E5%8E%86&rsv_dl=0_right_recommends_merge_20826&euri=c0e1bc03e23e46ea9402bbc54584fae1
2017-09-16 16:01:44,695 - [webpage_parser.py:63] - INFO - procotol:http, hostname:www.78.cn, new_link:/web/duoguoyp/
2017-09-16 16:01:44,696 - [webpage_parser.py:63] - INFO - procotol:http, hostname:www.baidu.com, new_link:/s?tn=sitehao123_09&usm=3&wd=%E5%85%8B%E5%A4%AB%E7%9B%B8&ie=utf-8&rsv_cq=%E6%97%A5%E5%8E%86&rsv_dl=0_right_recommends_merge_20826&euri=c0e1bc03e23e46ea9402bbc54584fae1
2017-09-16 16:01:44,696 - [webpage_parser.py:63] - INFO - procotol:http, hostname:www.78.cn, new_link:/web/huoludlz/
2017-09-16 16:01:44,697 - [webpage_parser.py:63] - INFO - procotol:http, hostname:www.baidu.com, new_link:javascript:;
2017-09-16 16:01:44,697 - [webpage_parser.py:63] - INFO - procotol:http, hostname:www.78.cn, new_link:/web/xchanggf/
2017-09-16 16:01:44,698 - [webpage_parser.py:63] - INFO - procotol:http, hostname:www.baidu.com, new_link:/s?tn=sitehao123_09&usm=3&wd=%E6%98%A5%E5%88%86%E7%AB%96%E8%9B%8B&ie=utf-8&rsv_cq=%E6%97%A5%E5%8E%86&rsv_dl=0_right_recommends_merge_20826&euri=ed14da9c2231435db6aadbe360fa1e0e
2017-09-16 16:01:44,698 - [webpage_parser.py:63] - INFO - procotol:http, hostname:www.78.cn, new_link:/web/kelanaicha/
2017-09-16 16:01:44,699 - [webpage_parser.py:63] - INFO - procotol:http, hostname:www.baidu.com, new_link:/s?tn=sitehao123_09&usm=3&wd=%E6%98%A5%E5%88%86%E7%AB%96%E8%9B%8B&ie=utf-8&rsv_cq=%E6%97%A5%E5%8E%86&rsv_dl=0_right_recommends_merge_20826&euri=ed14da9c2231435db6aadbe360fa1e0e
2017-09-16 16:01:44,699 - [webpage_parser.py:63] - INFO - procotol:http, hostname:www.78.cn, new_link:/web/cjjyscxiaoyu/
2017-09-16 16:01:44,700 - [webpage_parser.py:63] - INFO - procotol:http, hostname:www.baidu.com, new_link:/s?tn=sitehao123_09&usm=3&wd=%E6%98%A5%E5%88%86%E7%AB%96%E8%9B%8B&ie=utf-8&rsv_cq=%E6%97%A5%E5%8E%86&rsv_dl=0_right_recommends_merge_20826&euri=ed14da9c2231435db6aadbe360fa1e0e
2017-09-16 16:01:44,700 - [webpage_parser.py:63] - INFO - procotol:http, hostname:www.78.cn, new_link:/web/lcjcqmianguan2/
2017-09-16 16:01:44,701 - [webpage_parser.py:63] - INFO - procotol:http, hostname:www.baidu.com, new_link:/s?tn=sitehao123_09&usm=3&wd=%E9%AC%BC%E8%8A%82&ie=utf-8&rsv_cq=%E6%97%A5%E5%8E%86&rsv_dl=0_right_recommends_merge_20826&euri=099d13fecc164276a0d4eb2ce6584cc6
2017-09-16 16:01:44,701 - [webpage_parser.py:63] - INFO - procotol:http, hostname:www.78.cn, new_link:/web/lcjcqmianguan2/
2017-09-16 16:01:44,702 - [webpage_parser.py:63] - INFO - procotol:http, hostname:www.baidu.com, new_link:/s?tn=sitehao123_09&usm=3&wd=%E9%AC%BC%E8%8A%82&ie=utf-8&rsv_cq=%E6%97%A5%E5%8E%86&rsv_dl=0_right_recommends_merge_20826&euri=099d13fecc164276a0d4eb2ce6584cc6
2017-09-16 16:01:44,702 - [webpage_parser.py:63] - INFO - procotol:http, hostname:www.78.cn, new_link:/web/lcjcqmianguan2/
2017-09-16 16:01:44,702 - [webpage_parser.py:63] - INFO - procotol:http, hostname:www.baidu.com, new_link:/s?tn=sitehao123_09&usm=3&wd=%E9%AC%BC%E8%8A%82&ie=utf-8&rsv_cq=%E6%97%A5%E5%8E%86&rsv_dl=0_right_recommends_merge_20826&euri=099d13fecc164276a0d4eb2ce6584cc6
2017-09-16 16:01:44,703 - [webpage_parser.py:63] - INFO - procotol:http, hostname:www.78.cn, new_link:/web/meishimeike/
2017-09-16 16:01:44,703 - [webpage_parser.py:63] - INFO - procotol:http, hostname:www.baidu.com, new_link:/s?tn=sitehao123_09&usm=3&wd=%E9%BE%99%E6%8A%AC%E5%A4%B4&ie=utf-8&rsv_cq=%E6%97%A5%E5%8E%86&rsv_dl=0_right_recommends_merge_20826&euri=fc9301c5fcab4fdb98d510d02ee49dd1
2017-09-16 16:01:44,704 - [webpage_parser.py:63] - INFO - procotol:http, hostname:www.78.cn, new_link:/web/meishimeike/
2017-09-16 16:01:44,704 - [webpage_parser.py:63] - INFO - procotol:http, hostname:www.baidu.com, new_link:/s?tn=sitehao123_09&usm=3&wd=%E9%BE%99%E6%8A%AC%E5%A4%B4&ie=utf-8&rsv_cq=%E6%97%A5%E5%8E%86&rsv_dl=0_right_recommends_merge_20826&euri=fc9301c5fcab4fdb98d510d02ee49dd1
2017-09-16 16:01:44,705 - [webpage_parser.py:63] - INFO - procotol:http, hostname:www.78.cn, new_link:/web/meishimeike/
2017-09-16 16:01:44,705 - [webpage_parser.py:63] - INFO - procotol:http, hostname:www.baidu.com, new_link:/s?tn=sitehao123_09&usm=3&wd=%E9%BE%99%E6%8A%AC%E5%A4%B4&ie=utf-8&rsv_cq=%E6%97%A5%E5%8E%86&rsv_dl=0_right_recommends_merge_20826&euri=fc9301c5fcab4fdb98d510d02ee49dd1
2017-09-16 16:01:44,705 - [webpage_parser.py:63] - INFO - procotol:http, hostname:www.78.cn, new_link:/web/mingyufangshui/
2017-09-16 16:01:44,706 - [webpage_parser.py:63] - INFO - procotol:http, hostname:www.baidu.com, new_link:/s?tn=sitehao123_09&usm=3&wd=%E8%8A%82%E6%B0%94&ie=utf-8&rsv_cq=%E6%97%A5%E5%8E%86&rsv_dl=0_right_recommends_merge_20826&euri=8c47ddf0d070447382505e0a1785ed08
2017-09-16 16:01:44,706 - [webpage_parser.py:63] - INFO - procotol:http, hostname:www.78.cn, new_link:/web/cailifangymc/
2017-09-16 16:01:44,707 - [webpage_parser.py:63] - INFO - procotol:http, hostname:www.baidu.com, new_link:/s?tn=sitehao123_09&usm=3&wd=%E8%8A%82%E6%B0%94&ie=utf-8&rsv_cq=%E6%97%A5%E5%8E%86&rsv_dl=0_right_recommends_merge_20826&euri=8c47ddf0d070447382505e0a1785ed08
2017-09-16 16:01:44,707 - [webpage_parser.py:63] - INFO - procotol:http, hostname:www.78.cn, new_link:/web/wanxiangggyk/
2017-09-16 16:01:44,708 - [webpage_parser.py:63] - INFO - procotol:http, hostname:www.baidu.com, new_link:/s?tn=sitehao123_09&usm=3&wd=%E8%8A%82%E6%B0%94&ie=utf-8&rsv_cq=%E6%97%A5%E5%8E%86&rsv_dl=0_right_recommends_merge_20826&euri=8c47ddf0d070447382505e0a1785ed08
2017-09-16 16:01:44,708 - [webpage_parser.py:63] - INFO - procotol:http, hostname:www.78.cn, new_link:/web/xchanggf/
2017-09-16 16:01:44,709 - [webpage_parser.py:63] - INFO - procotol:http, hostname:www.baidu.com, new_link:/s?tn=sitehao123_09&usm=3&wd=%E4%B8%AD%E5%85%83%E8%8A%82&ie=utf-8&rsv_cq=%E6%97%A5%E5%8E%86&rsv_dl=0_right_recommends_merge_20826&euri=a959491a252c41aa9a0c6a3b228162bd
2017-09-16 16:01:44,710 - [webpage_parser.py:63] - INFO - procotol:http, hostname:www.78.cn, new_link:/web/banshangxiaoge/
2017-09-16 16:01:44,710 - [webpage_parser.py:63] - INFO - procotol:http, hostname:www.baidu.com, new_link:/s?tn=sitehao123_09&usm=3&wd=%E4%B8%AD%E5%85%83%E8%8A%82&ie=utf-8&rsv_cq=%E6%97%A5%E5%8E%86&rsv_dl=0_right_recommends_merge_20826&euri=a959491a252c41aa9a0c6a3b228162bd
2017-09-16 16:01:44,711 - [webpage_parser.py:63] - INFO - procotol:http, hostname:www.78.cn, new_link:/web/guxiangzai/
2017-09-16 16:01:44,712 - [webpage_parser.py:63] - INFO - procotol:http, hostname:www.baidu.com, new_link:/s?tn=sitehao123_09&usm=3&wd=%E4%B8%AD%E5%85%83%E8%8A%82&ie=utf-8&rsv_cq=%E6%97%A5%E5%8E%86&rsv_dl=0_right_recommends_merge_20826&euri=a959491a252c41aa9a0c6a3b228162bd
2017-09-16 16:01:44,712 - [webpage_parser.py:63] - INFO - procotol:http, hostname:www.78.cn, new_link:/web/qingongbby/
2017-09-16 16:01:44,713 - [webpage_parser.py:63] - INFO - procotol:http, hostname:www.baidu.com, new_link:/s?tn=sitehao123_09&usm=3&wd=%E4%B8%8B%E5%85%83%E8%8A%82&ie=utf-8&rsv_cq=%E6%97%A5%E5%8E%86&rsv_dl=0_right_recommends_merge_20826&euri=dec50d7f318c40d69f95b7b31ccfed12
2017-09-16 16:01:44,713 - [webpage_parser.py:63] - INFO - procotol:http, hostname:www.78.cn, new_link:/web/baozoujipai/
2017-09-16 16:01:44,714 - [webpage_parser.py:63] - INFO - procotol:http, hostname:www.baidu.com, new_link:/s?tn=sitehao123_09&usm=3&wd=%E4%B8%8B%E5%85%83%E8%8A%82&ie=utf-8&rsv_cq=%E6%97%A5%E5%8E%86&rsv_dl=0_right_recommends_merge_20826&euri=dec50d7f318c40d69f95b7b31ccfed12
2017-09-16 16:01:44,715 - [webpage_parser.py:63] - INFO - procotol:http, hostname:www.baidu.com, new_link:/s?tn=sitehao123_09&usm=3&wd=%E4%B8%8B%E5%85%83%E8%8A%82&ie=utf-8&rsv_cq=%E6%97%A5%E5%8E%86&rsv_dl=0_right_recommends_merge_20826&euri=dec50d7f318c40d69f95b7b31ccfed12
2017-09-16 16:01:44,715 - [webpage_parser.py:63] - INFO - procotol:http, hostname:www.78.cn, new_link:/web/jianlaifuyangshenggufang/
2017-09-16 16:01:44,716 - [webpage_parser.py:63] - INFO - procotol:http, hostname:www.baidu.com, new_link:/s?tn=sitehao123_09&usm=3&wd=%E4%B8%83%E5%A4%95&ie=utf-8&rsv_cq=%E6%97%A5%E5%8E%86&rsv_dl=0_right_recommends_merge_20826&euri=dddce2b8a2194b67a0b263afec01b67c
2017-09-16 16:01:44,716 - [webpage_parser.py:63] - INFO - procotol:http, hostname:www.78.cn, new_link:/web/youmishiguang/
2017-09-16 16:01:44,717 - [webpage_parser.py:63] - INFO - procotol:http, hostname:www.baidu.com, new_link:/s?tn=sitehao123_09&usm=3&wd=%E4%B8%83%E5%A4%95&ie=utf-8&rsv_cq=%E6%97%A5%E5%8E%86&rsv_dl=0_right_recommends_merge_20826&euri=dddce2b8a2194b67a0b263afec01b67c
2017-09-16 16:01:44,717 - [webpage_parser.py:63] - INFO - procotol:http, hostname:www.baidu.com, new_link:/s?tn=sitehao123_09&usm=3&wd=%E4%B8%83%E5%A4%95&ie=utf-8&rsv_cq=%E6%97%A5%E5%8E%86&rsv_dl=0_right_recommends_merge_20826&euri=dddce2b8a2194b67a0b263afec01b67c
2017-09-16 16:01:44,718 - [webpage_parser.py:63] - INFO - procotol:http, hostname:www.78.cn, new_link:/web/kxmmyjzx/
2017-09-16 16:01:44,719 - [webpage_parser.py:63] - INFO - procotol:http, hostname:www.78.cn, new_link:/web/jiupinyuzhuang/
2017-09-16 16:01:44,719 - [webpage_parser.py:63] - INFO - procotol:http, hostname:www.baidu.com, new_link:/s?tn=sitehao123_09&usm=3&wd=%E9%87%8D%E9%98%B3%E8%8A%82&ie=utf-8&rsv_cq=%E6%97%A5%E5%8E%86&rsv_dl=0_right_recommends_merge_20826&euri=0573cc5588d84690a83de03ad33c2b60
2017-09-16 16:01:44,719 - [webpage_parser.py:63] - INFO - procotol:http, hostname:www.78.cn, new_link:/web/bkshanbao/
2017-09-16 16:01:44,720 - [webpage_parser.py:63] - INFO - procotol:http, hostname:www.baidu.com, new_link:/s?tn=sitehao123_09&usm=3&wd=%E9%87%8D%E9%98%B3%E8%8A%82&ie=utf-8&rsv_cq=%E6%97%A5%E5%8E%86&rsv_dl=0_right_recommends_merge_20826&euri=0573cc5588d84690a83de03ad33c2b60
2017-09-16 16:01:44,720 - [webpage_parser.py:63] - INFO - procotol:http, hostname:www.78.cn, new_link:/web/zhiailisi2/
2017-09-16 16:01:44,721 - [webpage_parser.py:63] - INFO - procotol:http, hostname:www.baidu.com, new_link:/s?tn=sitehao123_09&usm=3&wd=%E9%87%8D%E9%98%B3%E8%8A%82&ie=utf-8&rsv_cq=%E6%97%A5%E5%8E%86&rsv_dl=0_right_recommends_merge_20826&euri=0573cc5588d84690a83de03ad33c2b60
2017-09-16 16:01:44,721 - [webpage_parser.py:63] - INFO - procotol:http, hostname:www.78.cn, new_link:/web/zhenhaosdsn/
2017-09-16 16:01:44,722 - [webpage_parser.py:63] - INFO - procotol:http, hostname:www.baidu.com, new_link:/s?tn=sitehao123_09&usm=3&wd=%E4%B8%AD%E7%A7%8B%E8%8A%82&ie=utf-8&rsv_cq=%E6%97%A5%E5%8E%86&rsv_dl=0_right_recommends_merge_20826&euri=c6634b9efc444cb59d8a039ccdc7f8fe
2017-09-16 16:01:44,722 - [webpage_parser.py:63] - INFO - procotol:http, hostname:www.78.cn, new_link:/web/chechixuan/
2017-09-16 16:01:44,723 - [webpage_parser.py:63] - INFO - procotol:http, hostname:www.baidu.com, new_link:/s?tn=sitehao123_09&usm=3&wd=%E4%B8%AD%E7%A7%8B%E8%8A%82&ie=utf-8&rsv_cq=%E6%97%A5%E5%8E%86&rsv_dl=0_right_recommends_merge_20826&euri=c6634b9efc444cb59d8a039ccdc7f8fe
2017-09-16 16:01:44,723 - [webpage_parser.py:63] - INFO - procotol:http, hostname:www.78.cn, new_link:/web/yugaofang/
2017-09-16 16:01:44,723 - [webpage_parser.py:63] - INFO - procotol:http, hostname:www.baidu.com, new_link:/s?tn=sitehao123_09&usm=3&wd=%E4%B8%AD%E7%A7%8B%E8%8A%82&ie=utf-8&rsv_cq=%E6%97%A5%E5%8E%86&rsv_dl=0_right_recommends_merge_20826&euri=c6634b9efc444cb59d8a039ccdc7f8fe
2017-09-16 16:01:44,724 - [webpage_parser.py:63] - INFO - procotol:http, hostname:www.78.cn, new_link:/web/chixicha/
2017-09-16 16:01:44,724 - [webpage_parser.py:63] - INFO - procotol:http, hostname:www.baidu.com, new_link:/s?tn=sitehao123_09&usm=3&wd=%E6%97%A5%E5%8E%86%E5%88%86%E4%B8%BA%E5%93%AA%E4%B8%A4%E4%B8%AA%E5%8E%86&ie=utf-8&rsv_cq=%E6%97%A5%E5%8E%86&rsv_dl=0_right_toplist_20824
2017-09-16 16:01:44,725 - [webpage_parser.py:63] - INFO - procotol:http, hostname:www.78.cn, new_link:/web/jijianxiangji/
2017-09-16 16:01:44,725 - [webpage_parser.py:63] - INFO - procotol:http, hostname:www.78.cn, new_link:/web/daxiguaqzqpg/
2017-09-16 16:01:44,726 - [webpage_parser.py:63] - INFO - procotol:http, hostname:www.78.cn, new_link:/web/sakesi/
2017-09-16 16:01:44,726 - [webpage_parser.py:63] - INFO - procotol:http, hostname:www.78.cn, new_link:/web/lzgxiangguo/
2017-09-16 16:01:44,727 - [webpage_parser.py:63] - INFO - procotol:http, hostname:www.78.cn, new_link:/web/sszscyshguan/
2017-09-16 16:01:44,727 - [webpage_parser.py:63] - INFO - procotol:http, hostname:www.78.cn, new_link:/web/layidiudiumaocai/
2017-09-16 16:01:44,727 - [webpage_parser.py:63] - INFO - procotol:http, hostname:www.baidu.com, new_link:/s?tn=sitehao123_09&usm=3&wd=%E6%97%A5%E5%8E%86%E8%B5%B7%E6%BA%90%E4%BA%8E%E5%93%AA%E4%B8%AA%E5%9B%BD%E5%AE%B6&ie=utf-8&rsv_cq=%E6%97%A5%E5%8E%86&rsv_dl=0_right_toplist_20824
2017-09-16 16:01:44,728 - [webpage_parser.py:63] - INFO - procotol:http, hostname:www.78.cn, new_link:/web/yutegongcy/
2017-09-16 16:01:44,728 - [webpage_parser.py:63] - INFO - procotol:http, hostname:www.baidu.com, new_link:/s?tn=sitehao123_09&usm=3&wd=%E6%97%A5%E5%8E%86%E5%92%8C%E6%97%B6%E9%97%B4%E6%98%AF%E8%B0%81%E5%88%B6%E5%AE%9A%E7%9A%84&ie=utf-8&rsv_cq=%E6%97%A5%E5%8E%86&rsv_dl=0_right_toplist_20824
2017-09-16 16:01:44,729 - [webpage_parser.py:63] - INFO - procotol:http, hostname:www.baidu.com, new_link:/s?tn=sitehao123_09&usm=3&wd=%E6%97%A5%E5%8E%86%E8%BD%AF%E4%BB%B6%E5%93%AA%E4%B8%AA%E5%A5%BD&ie=utf-8&rsv_cq=%E6%97%A5%E5%8E%86&rsv_dl=0_right_toplist_20824
2017-09-16 16:01:44,729 - [webpage_saver.py:45] - INFO - url http://www.hao123.com/ is not match
2017-09-16 16:01:44,729 - [webpage_parser.py:63] - INFO - procotol:http, hostname:www.baidu.com, new_link:/s?tn=sitehao123_09&usm=3&wd=%E6%97%A5%E5%8E%86%E9%87%8C%E7%94%98%E4%B8%89%E4%BB%80%E4%B9%88%E6%84%8F%E6%80%9D&ie=utf-8&rsv_cq=%E6%97%A5%E5%8E%86&rsv_dl=0_right_toplist_20824
2017-09-16 16:01:44,730 - [webpage_parser.py:63] - INFO - procotol:http, hostname:www.78.cn, new_link:/web/yuanyuankaoji/
2017-09-16 16:01:44,730 - [webpage_parser.py:63] - INFO - procotol:http, hostname:www.baidu.com, new_link:/s?tn=sitehao123_09&usm=3&wd=%E5%BC%A0%E4%B8%80%E5%B1%B1%E6%8B%8D%E6%88%8F%E9%81%AD%E8%87%AD%E9%AA%82&ie=utf-8&rsv_cq=%E6%97%A5%E5%8E%86&rsv_dl=0_right_toplist_20811
2017-09-16 16:01:44,731 - [webpage_parser.py:63] - INFO - procotol:http, hostname:www.baidu.com, new_link:/s?tn=sitehao123_09&usm=3&wd=%E6%9D%8E%E6%99%A8%E6%B1%82%E5%A9%9A%E8%8C%83%E5%86%B0%E5%86%B0&ie=utf-8&rsv_cq=%E6%97%A5%E5%8E%86&rsv_dl=0_right_toplist_20811
2017-09-16 16:01:44,731 - [webpage_parser.py:63] - INFO - procotol:http, hostname:www.baidu.com, new_link:/s?tn=sitehao123_09&usm=3&wd=%E5%91%A8%E6%98%9F%E9%A9%B0%E6%97%A7%E7%85%A7%E6%9B%9D%E5%85%89&ie=utf-8&rsv_cq=%E6%97%A5%E5%8E%86&rsv_dl=0_right_toplist_20811
2017-09-16 16:01:44,732 - [webpage_parser.py:63] - INFO - procotol:http, hostname:www.78.cn, new_link:/web/xunchongji/
2017-09-16 16:01:44,733 - [webpage_parser.py:63] - INFO - procotol:http, hostname:www.baidu.com, new_link:/s?tn=sitehao123_09&usm=3&wd=B%E7%AB%99%E8%AF%B7%E9%81%93%E5%A3%AB%E4%BD%9C%E6%B3%95&ie=utf-8&rsv_cq=%E6%97%A5%E5%8E%86&rsv_dl=0_right_toplist_20811
2017-09-16 16:01:44,733 - [webpage_parser.py:63] - INFO - procotol:http, hostname:www.78.cn, new_link:/web/zhongkehn/
2017-09-16 16:01:44,734 - [webpage_parser.py:63] - INFO - procotol:http, hostname:www.baidu.com, new_link:/s?tn=sitehao123_09&usm=3&wd=%E6%9E%97%E5%BF%83%E5%A6%82%E5%BE%8B%E5%B8%88%E5%8F%91%E5%A3%B0%E6%98%8E&ie=utf-8&rsv_cq=%E6%97%A5%E5%8E%86&rsv_dl=0_right_toplist_20811
2017-09-16 16:01:44,734 - [webpage_parser.py:63] - INFO - procotol:http, hostname:www.78.cn, new_link:/web/meishimeike/
2017-09-16 16:01:44,735 - [webpage_parser.py:63] - INFO - procotol:http, hostname:www.baidu.com, new_link:/s?tn=sitehao123_09&usm=3&wd=%E5%BE%AE%E4%BF%A1%E9%9A%90%E7%A7%81%E4%BF%9D%E6%8A%A4%E6%8C%87%E5%BC%95&ie=utf-8&rsv_cq=%E6%97%A5%E5%8E%86&rsv_dl=0_right_toplist_20811
2017-09-16 16:01:44,735 - [webpage_parser.py:63] - INFO - procotol:http, hostname:www.78.cn, new_link:/web/xiangmowugu2/
2017-09-16 16:01:44,736 - [webpage_parser.py:63] - INFO - procotol:http, hostname:www.baidu.com, new_link:/s?tn=sitehao123_09&usm=3&wd=%E9%99%88%E7%BE%BD%E5%87%A1%E5%A4%8D%E5%87%BA&ie=utf-8&rsv_cq=%E6%97%A5%E5%8E%86&rsv_dl=0_right_toplist_20811
2017-09-16 16:01:44,736 - [webpage_parser.py:63] - INFO - procotol:http, hostname:www.78.cn, new_link:/web/zxpg/
2017-09-16 16:01:44,737 - [webpage_parser.py:63] - INFO - procotol:http, hostname:www.baidu.com, new_link:/s?tn=sitehao123_09&usm=3&wd=%E7%8E%8B%E5%AE%9D%E5%BC%BA%E6%9D%91%E6%B0%91%E8%B0%88%E5%AE%8B%E5%96%86&ie=utf-8&rsv_cq=%E6%97%A5%E5%8E%86&rsv_dl=0_right_toplist_20811
2017-09-16 16:01:44,737 - [webpage_parser.py:63] - INFO - procotol:http, hostname:www.78.cn, new_link:/web/syjkxhxmmian/
2017-09-16 16:01:44,738 - [webpage_parser.py:63] - INFO - procotol:http, hostname:www.baidu.com, new_link:/s?tn=sitehao123_09&usm=3&wd=%E4%BC%A6%E6%95%A6%E5%9C%B0%E9%93%81%E5%8F%91%E7%94%9F%E7%88%86%E7%82%B8&ie=utf-8&rsv_cq=%E6%97%A5%E5%8E%86&rsv_dl=0_right_toplist_20811
2017-09-16 16:01:44,738 - [webpage_parser.py:63] - INFO - procotol:http, hostname:www.78.cn, new_link:/web/bihaijbbkf/
2017-09-16 16:01:44,739 - [webpage_parser.py:63] - INFO - procotol:http, hostname:www.baidu.com, new_link:/s?tn=sitehao123_09&usm=3&wd=%E8%B5%9B%E7%90%B3%E5%A8%9C%E6%89%8B%E6%9C%AF&ie=utf-8&rsv_cq=%E6%97%A5%E5%8E%86&rsv_dl=0_right_toplist_20811
2017-09-16 16:01:44,739 - [webpage_parser.py:63] - INFO - procotol:http, hostname:www.78.cn, new_link:/web/nanxunhua/
2017-09-16 16:01:44,740 - [webpage_parser.py:63] - INFO - procotol:http, hostname:www.baidu.com, new_link:/s?tn=sitehao123_09&usm=3&wd=%E5%9B%BD%E5%AE%B6%E8%81%8C%E4%B8%9A%E8%B5%84%E6%A0%BC%E7%9B%AE%E5%BD%95&ie=utf-8&rsv_cq=%E6%97%A5%E5%8E%86&rsv_dl=0_right_toplist_20811
2017-09-16 16:01:44,740 - [webpage_parser.py:63] - INFO - procotol:http, hostname:www.78.cn, new_link:/web/yanmoshiguang/
2017-09-16 16:01:44,741 - [webpage_parser.py:63] - INFO - procotol:http, hostname:www.baidu.com, new_link:/s?tn=sitehao123_09&usm=3&wd=%E6%9E%97%E5%BF%97%E7%8E%B2%E5%8D%8A%E8%B9%B2%E9%A2%81%E5%A5%96&ie=utf-8&rsv_cq=%E6%97%A5%E5%8E%86&rsv_dl=0_right_toplist_20811
2017-09-16 16:01:44,742 - [webpage_parser.py:63] - INFO - procotol:http, hostname:www.78.cn, new_link:/web/jizanjiatbs/
2017-09-16 16:01:44,742 - [webpage_saver.py:45] - INFO - url http://www.hao123.com/sitemap is not match
2017-09-16 16:01:44,742 - [webpage_parser.py:63] - INFO - procotol:http, hostname:www.baidu.com, new_link:/s?tn=sitehao123_09&usm=3&wd=%E6%9D%8E%E9%9B%A8%E6%A1%90%E5%86%8D%E7%88%86%E6%96%99&ie=utf-8&rsv_cq=%E6%97%A5%E5%8E%86&rsv_dl=0_right_toplist_20811
2017-09-16 16:01:44,743 - [webpage_parser.py:63] - INFO - procotol:http, hostname:www.78.cn, new_link:/web/yhhaixianfan/
2017-09-16 16:01:44,743 - [webpage_parser.py:63] - INFO - procotol:http, hostname:www.baidu.com, new_link:/s?tn=sitehao123_09&usm=3&wd=%E8%8C%83%E5%86%B0%E5%86%B0%E6%9D%8E%E6%99%A8%E6%92%B8%E4%B8%B2&ie=utf-8&rsv_cq=%E6%97%A5%E5%8E%86&rsv_dl=0_right_toplist_20811
2017-09-16 16:01:44,745 - [webpage_parser.py:63] - INFO - procotol:http, hostname:www.78.cn, new_link:/web/syjkxhxmmian/
2017-09-16 16:01:44,746 - [webpage_parser.py:63] - INFO - procotol:http, hostname:www.baidu.com, new_link:/s?tn=sitehao123_09&usm=3&wd=%E6%97%A5%E4%BC%81%E5%91%A8%E4%BC%91%E4%B8%89%E6%97%A5&ie=utf-8&rsv_cq=%E6%97%A5%E5%8E%86&rsv_dl=0_right_toplist_20811
2017-09-16 16:01:44,746 - [webpage_parser.py:63] - INFO - procotol:http, hostname:www.78.cn, new_link:/web/vrzhutigongyuan/
2017-09-16 16:01:44,747 - [webpage_parser.py:63] - INFO - procotol:http, hostname:www.78.cn, new_link:/web/zhutanggongfu/
2017-09-16 16:01:44,748 - [webpage_parser.py:63] - INFO - procotol:http, hostname:www.baidu.com, new_link:/s?tn=sitehao123_09&usm=3&wd=%E5%B0%8F%E5%AD%A6%E7%94%9F%E8%8E%B7%E5%9B%BD%E5%AE%B6%E4%B8%93%E5%88%A9&ie=utf-8&rsv_cq=%E6%97%A5%E5%8E%86&rsv_dl=0_right_toplist_20811
2017-09-16 16:01:44,749 - [webpage_parser.py:63] - INFO - procotol:http, hostname:www.78.cn, new_link:/web/qianbaidu/
2017-09-16 16:01:44,749 - [webpage_parser.py:63] - INFO - procotol:http, hostname:www.baidu.com, new_link:/s?tn=sitehao123_09&usm=3&wd=%E6%B2%89%E8%BF%B7%E6%B8%B8%E6%88%8F%E7%BD%91%E5%90%A7%E5%90%83%E4%BD%8F&ie=utf-8&rsv_cq=%E6%97%A5%E5%8E%86&rsv_dl=0_right_toplist_20811
2017-09-16 16:01:44,750 - [webpage_parser.py:63] - INFO - procotol:http, hostname:www.78.cn, new_link:/web/yibuqiangyi/
2017-09-16 16:01:44,751 - [webpage_parser.py:63] - INFO - procotol:http, hostname:www.baidu.com, new_link:/s?tn=sitehao123_09&usm=3&wd=8%E5%A4%A9%E9%95%BF%E5%81%876%E5%9C%BA%E5%A9%9A%E7%A4%BC&ie=utf-8&rsv_cq=%E6%97%A5%E5%8E%86&rsv_dl=0_right_toplist_20811
2017-09-16 16:01:44,751 - [webpage_parser.py:63] - INFO - procotol:http, hostname:www.78.cn, new_link:/web/yueyayaguoqiaomx/
2017-09-16 16:01:44,752 - [webpage_parser.py:63] - INFO - procotol:http, hostname:www.baidu.com, new_link:/s?tn=sitehao123_09&usm=3&wd=%E9%A9%AC%E4%BC%8A%E7%90%8D%E6%96%B0%E6%88%8F%E6%8E%A5%E9%95%BF%E5%8F%91&ie=utf-8&rsv_cq=%E6%97%A5%E5%8E%86&rsv_dl=0_right_toplist_20811
2017-09-16 16:01:44,754 - [webpage_parser.py:63] - INFO - procotol:http, hostname:www.78.cn, new_link:/web/tangdashi/
2017-09-16 16:01:44,755 - [webpage_parser.py:63] - INFO - procotol:http, hostname:www.baidu.com, new_link:/s?tn=sitehao123_09&usm=3&wd=%E9%AA%91%E5%8D%95%E8%BD%A6%E8%BA%AB%E4%BA%A1%E6%A1%88%E5%BC%80%E5%BA%AD&ie=utf-8&rsv_cq=%E6%97%A5%E5%8E%86&rsv_dl=0_right_toplist_20811
2017-09-16 16:01:44,757 - [webpage_parser.py:63] - INFO - procotol:http, hostname:www.78.cn, new_link:/web/ziyukaoyu/
2017-09-16 16:01:44,758 - [webpage_parser.py:63] - INFO - procotol:http, hostname:www.baidu.com, new_link:/s?tn=sitehao123_09&usm=3&wd=ios11%E6%AD%A3%E5%BC%8F%E7%89%88&ie=utf-8&rsv_cq=%E6%97%A5%E5%8E%86&rsv_dl=0_right_toplist_20811
2017-09-16 16:01:44,758 - [webpage_parser.py:63] - INFO - procotol:http, hostname:www.78.cn, new_link:/web/mingyufangshui/
2017-09-16 16:01:44,761 - [webpage_parser.py:63] - INFO - procotol:http, hostname:www.baidu.com, new_link:/s?tn=sitehao123_09&usm=3&wd=%E6%9E%97%E6%9B%B4%E6%96%B0%E5%9B%9E%E5%BA%94%E8%A2%AB%E9%AA%82&ie=utf-8&rsv_cq=%E6%97%A5%E5%8E%86&rsv_dl=0_right_toplist_20811
2017-09-16 16:01:44,763 - [webpage_parser.py:63] - INFO - procotol:http, hostname:www.78.cn, new_link:/web/baozoujipai/
2017-09-16 16:01:44,764 - [webpage_parser.py:63] - INFO - procotol:http, hostname:www.baidu.com, new_link:/s?tn=sitehao123_09&usm=3&wd=%E8%97%8F%E7%8D%92%E7%BB%8F%E6%B5%8E%E5%B4%A9%E7%9B%98&ie=utf-8&rsv_cq=%E6%97%A5%E5%8E%86&rsv_dl=0_right_toplist_20811
2017-09-16 16:01:44,765 - [webpage_parser.py:63] - INFO - procotol:http, hostname:www.78.cn, new_link:/web/baletu/
2017-09-16 16:01:44,765 - [webpage_parser.py:63] - INFO - procotol:http, hostname:www.baidu.com, new_link:/s?tn=sitehao123_09&usm=3&wd=%E6%96%B0%E5%8A%A0%E5%9D%A1%E9%A6%96%E4%BD%8D%E5%A5%B3%E6%80%BB%E7%BB%9F&ie=utf-8&rsv_cq=%E6%97%A5%E5%8E%86&rsv_dl=0_right_toplist_20811
2017-09-16 16:01:44,766 - [webpage_parser.py:63] - INFO - procotol:http, hostname:www.78.cn, new_link:/web/zhongkehn/
2017-09-16 16:01:44,766 - [webpage_parser.py:63] - INFO - procotol:http, hostname:www.baidu.com, new_link:/s?tn=sitehao123_09&usm=3&wd=%E9%95%BF%E6%B1%9F%E5%8F%A3%E5%9E%83%E5%9C%BE%E5%80%BE%E5%80%92%E6%A1%88&ie=utf-8&rsv_cq=%E6%97%A5%E5%8E%86&rsv_dl=0_right_toplist_20811
2017-09-16 16:01:44,767 - [webpage_parser.py:63] - INFO - procotol:http, hostname:www.78.cn, new_link:/web/yikousuannn/
2017-09-16 16:01:44,768 - [webpage_parser.py:63] - INFO - procotol:http, hostname:www.baidu.com, new_link:/s?tn=sitehao123_09&usm=3&wd=%E5%8D%81%E5%B2%81%E5%A5%B3%E7%AB%A5%E8%80%83%E4%B8%8A%E5%A4%A7%E4%B8%93&ie=utf-8&rsv_cq=%E6%97%A5%E5%8E%86&rsv_dl=0_right_toplist_20811
2017-09-16 16:01:44,768 - [webpage_parser.py:63] - INFO - procotol:http, hostname:www.78.cn, new_link:/web/heyanjisjb/
2017-09-16 16:01:44,769 - [webpage_parser.py:63] - INFO - procotol:http, hostname:www.baidu.com, new_link:/s?tn=sitehao123_09&usm=3&wd=%E5%8F%8C%E5%8F%B0%E9%A3%8E%E7%BB%93%E5%AF%B9%E6%9D%A5%E8%A2%AD&ie=utf-8&rsv_cq=%E6%97%A5%E5%8E%86&rsv_dl=0_right_toplist_20811
2017-09-16 16:01:44,771 - [webpage_parser.py:63] - INFO - procotol:http, hostname:www.78.cn, new_link:/web/xinchulupisa/
2017-09-16 16:01:44,772 - [webpage_saver.py:45] - INFO - url http://www.4399.com/ is not match
2017-09-16 16:01:44,772 - [webpage_parser.py:63] - INFO - procotol:http, hostname:www.baidu.com, new_link:/s?tn=sitehao123_09&usm=3&wd=%E4%BA%AC%E4%B8%9C%E8%BF%9B%E5%86%9B%E6%88%BF%E5%9C%B0%E4%BA%A7&ie=utf-8&rsv_cq=%E6%97%A5%E5%8E%86&rsv_dl=0_right_toplist_20811
2017-09-16 16:01:44,773 - [webpage_parser.py:63] - INFO - procotol:http, hostname:www.78.cn, new_link:/web/manukatp/
2017-09-16 16:01:44,773 - [webpage_parser.py:63] - INFO - procotol:http, hostname:www.baidu.com, new_link:/s?tn=sitehao123_09&usm=3&wd=%E6%AF%94%E7%89%B9%E5%B8%81%E4%B8%AD%E5%9B%BD%E5%B0%86%E5%85%B3%E5%81%9C&ie=utf-8&rsv_cq=%E6%97%A5%E5%8E%86&rsv_dl=0_right_toplist_20811
2017-09-16 16:01:44,774 - [webpage_parser.py:63] - INFO - procotol:http, hostname:www.78.cn, new_link:/web/xiandouxianhua/
2017-09-16 16:01:44,774 - [webpage_parser.py:63] - INFO - procotol:http, hostname:www.baidu.com, new_link:/s?tn=sitehao123_09&usm=3&wd=%E4%BC%A0%E5%A5%87%E5%A4%A7%E7%86%8A%E7%8C%AB%E5%8E%BB%E4%B8%96&ie=utf-8&rsv_cq=%E6%97%A5%E5%8E%86&rsv_dl=0_right_toplist_20811
2017-09-16 16:01:44,775 - [webpage_parser.py:63] - INFO - procotol:http, hostname:www.78.cn, new_link:/web/gxygniuhuog/
2017-09-16 16:01:44,775 - [webpage_parser.py:63] - INFO - procotol:http, hostname:www.baidu.com, new_link:javascript:;
2017-09-16 16:01:44,775 - [webpage_parser.py:63] - INFO - procotol:http, hostname:www.78.cn, new_link:/web/nuodeniupaibei/
2017-09-16 16:01:44,776 - [webpage_parser.py:63] - INFO - procotol:http, hostname:www.baidu.com, new_link:javascript:;
2017-09-16 16:01:44,776 - [webpage_parser.py:63] - INFO - procotol:http, hostname:www.78.cn, new_link:/web/dmfenmiji/
2017-09-16 16:01:44,777 - [webpage_parser.py:63] - INFO - procotol:http, hostname:www.baidu.com, new_link:javascript:;
2017-09-16 16:01:44,777 - [webpage_parser.py:63] - INFO - procotol:http, hostname:www.78.cn, new_link:/web/xijieluye/
2017-09-16 16:01:44,779 - [webpage_parser.py:63] - INFO - procotol:http, hostname:www.baidu.com, new_link:/s?wd=%E6%90%AC%E5%AE%B6%E5%90%89%E6%97%A5%E6%9F%A5%E8%AF%A2&rsf=26&rsp=0&f=1&oq=%E6%97%A5%E5%8E%86&tn=sitehao123_09&ie=utf-8&usm=3&rsv_pq=d21ef1f20000f8b5&rsv_t=e054c0RNMZBBvzqDpoTD5W4R2oI2YaJU8IhddFfAPQDjqybJrPPAS8x2pgxcDoOFXDmXeg&rqlang=cn&rs_src=0&rsv_pq=d21ef1f20000f8b5&rsv_t=e054c0RNMZBBvzqDpoTD5W4R2oI2YaJU8IhddFfAPQDjqybJrPPAS8x2pgxcDoOFXDmXeg
2017-09-16 16:01:44,780 - [webpage_parser.py:63] - INFO - procotol:http, hostname:www.78.cn, new_link:/web/xchbboboyu/
2017-09-16 16:01:44,780 - [webpage_parser.py:63] - INFO - procotol:http, hostname:www.baidu.com, new_link:/s?wd=%E6%97%A5%E5%8E%86%E5%A5%B3%E5%AD%A9&rsf=26&rsp=1&f=1&oq=%E6%97%A5%E5%8E%86&tn=sitehao123_09&ie=utf-8&usm=3&rsv_pq=d21ef1f20000f8b5&rsv_t=e054c0RNMZBBvzqDpoTD5W4R2oI2YaJU8IhddFfAPQDjqybJrPPAS8x2pgxcDoOFXDmXeg&rqlang=cn&rs_src=0&rsv_pq=d21ef1f20000f8b5&rsv_t=e054c0RNMZBBvzqDpoTD5W4R2oI2YaJU8IhddFfAPQDjqybJrPPAS8x2pgxcDoOFXDmXeg
2017-09-16 16:01:44,781 - [webpage_parser.py:63] - INFO - procotol:http, hostname:www.78.cn, new_link:/web/moshouyinpin/
2017-09-16 16:01:44,781 - [webpage_parser.py:63] - INFO - procotol:http, hostname:www.baidu.com, new_link:/s?wd=%E6%97%A5%E6%9C%9F%E8%AE%A1%E7%AE%97%E5%99%A8&rsf=26&rsp=2&f=1&oq=%E6%97%A5%E5%8E%86&tn=sitehao123_09&ie=utf-8&usm=3&rsv_pq=d21ef1f20000f8b5&rsv_t=e054c0RNMZBBvzqDpoTD5W4R2oI2YaJU8IhddFfAPQDjqybJrPPAS8x2pgxcDoOFXDmXeg&rqlang=cn&rs_src=0&rsv_pq=d21ef1f20000f8b5&rsv_t=e054c0RNMZBBvzqDpoTD5W4R2oI2YaJU8IhddFfAPQDjqybJrPPAS8x2pgxcDoOFXDmXeg
2017-09-16 16:01:44,781 - [webpage_parser.py:63] - INFO - procotol:http, hostname:www.78.cn, new_link:/web/kelanaicha/
2017-09-16 16:01:44,782 - [webpage_parser.py:63] - INFO - procotol:http, hostname:www.baidu.com, new_link:/s?wd=2018%E5%B9%B4%E6%98%A5%E8%8A%82%E6%98%AF%E5%87%A0%E6%9C%88%E5%87%A0%E5%8F%B7&rsf=26&rsp=3&f=1&oq=%E6%97%A5%E5%8E%86&tn=sitehao123_09&ie=utf-8&usm=3&rsv_pq=d21ef1f20000f8b5&rsv_t=e054c0RNMZBBvzqDpoTD5W4R2oI2YaJU8IhddFfAPQDjqybJrPPAS8x2pgxcDoOFXDmXeg&rqlang=cn&rs_src=0&rsv_pq=d21ef1f20000f8b5&rsv_t=e054c0RNMZBBvzqDpoTD5W4R2oI2YaJU8IhddFfAPQDjqybJrPPAS8x2pgxcDoOFXDmXeg
2017-09-16 16:01:44,782 - [webpage_parser.py:63] - INFO - procotol:http, hostname:www.78.cn, new_link:/web/bapindao/
2017-09-16 16:01:44,783 - [webpage_parser.py:63] - INFO - procotol:http, hostname:www.baidu.com, new_link:/s?wd=%E4%B8%89%E4%BC%8F%E5%A4%A9%E4%BB%8E%E4%BB%80%E4%B9%88%E6%97%B6%E5%80%99%E5%BC%80%E5%A7%8B&rsf=26&rsp=4&f=1&oq=%E6%97%A5%E5%8E%86&tn=sitehao123_09&ie=utf-8&usm=3&rsv_pq=d21ef1f20000f8b5&rsv_t=e054c0RNMZBBvzqDpoTD5W4R2oI2YaJU8IhddFfAPQDjqybJrPPAS8x2pgxcDoOFXDmXeg&rqlang=cn&rs_src=0&rsv_pq=d21ef1f20000f8b5&rsv_t=e054c0RNMZBBvzqDpoTD5W4R2oI2YaJU8IhddFfAPQDjqybJrPPAS8x2pgxcDoOFXDmXeg
2017-09-16 16:01:44,783 - [webpage_parser.py:63] - INFO - procotol:http, hostname:www.78.cn, new_link:/web/kaixinwanguo/
2017-09-16 16:01:44,784 - [webpage_parser.py:63] - INFO - procotol:http, hostname:www.baidu.com, new_link:/s?wd=%E4%BA%8C%E5%8D%81%E5%9B%9B%E8%8A%82%E6%B0%94&rsf=26&rsp=5&f=1&oq=%E6%97%A5%E5%8E%86&tn=sitehao123_09&ie=utf-8&usm=3&rsv_pq=d21ef1f20000f8b5&rsv_t=e054c0RNMZBBvzqDpoTD5W4R2oI2YaJU8IhddFfAPQDjqybJrPPAS8x2pgxcDoOFXDmXeg&rqlang=cn&rs_src=0&rsv_pq=d21ef1f20000f8b5&rsv_t=e054c0RNMZBBvzqDpoTD5W4R2oI2YaJU8IhddFfAPQDjqybJrPPAS8x2pgxcDoOFXDmXeg
2017-09-16 16:01:44,784 - [webpage_parser.py:63] - INFO - procotol:http, hostname:www.78.cn, new_link:/web/yidianqmia/
2017-09-16 16:01:44,784 - [webpage_parser.py:63] - INFO - procotol:http, hostname:www.baidu.com, new_link:/s?wd=%E9%98%B4%E5%8E%86%E9%98%B3%E5%8E%86%E8%BD%AC%E6%8D%A2&rsf=26&rsp=6&f=1&oq=%E6%97%A5%E5%8E%86&tn=sitehao123_09&ie=utf-8&usm=3&rsv_pq=d21ef1f20000f8b5&rsv_t=e054c0RNMZBBvzqDpoTD5W4R2oI2YaJU8IhddFfAPQDjqybJrPPAS8x2pgxcDoOFXDmXeg&rqlang=cn&rs_src=0&rsv_pq=d21ef1f20000f8b5&rsv_t=e054c0RNMZBBvzqDpoTD5W4R2oI2YaJU8IhddFfAPQDjqybJrPPAS8x2pgxcDoOFXDmXeg
2017-09-16 16:01:44,785 - [webpage_parser.py:63] - INFO - procotol:http, hostname:www.78.cn, new_link:/web/meishimeike/
2017-09-16 16:01:44,785 - [webpage_parser.py:63] - INFO - procotol:http, hostname:www.baidu.com, new_link:/s?wd=2017%E5%B9%B4%E5%88%9D%E4%BC%8F%E6%98%AF%E5%93%AA%E4%B8%80%E5%A4%A9&rsf=26&rsp=7&f=1&oq=%E6%97%A5%E5%8E%86&tn=sitehao123_09&ie=utf-8&usm=3&rsv_pq=d21ef1f20000f8b5&rsv_t=e054c0RNMZBBvzqDpoTD5W4R2oI2YaJU8IhddFfAPQDjqybJrPPAS8x2pgxcDoOFXDmXeg&rqlang=cn&rs_src=0&rsv_pq=d21ef1f20000f8b5&rsv_t=e054c0RNMZBBvzqDpoTD5W4R2oI2YaJU8IhddFfAPQDjqybJrPPAS8x2pgxcDoOFXDmXeg
2017-09-16 16:01:44,786 - [webpage_parser.py:63] - INFO - procotol:http, hostname:www.78.cn, new_link:/web/zwznscxtong/
2017-09-16 16:01:44,786 - [webpage_parser.py:63] - INFO - procotol:http, hostname:www.baidu.com, new_link:/s?wd=%E6%98%9F%E5%BA%A7%E6%9F%A5%E8%AF%A2&rsf=26&rsp=8&f=1&oq=%E6%97%A5%E5%8E%86&tn=sitehao123_09&ie=utf-8&usm=3&rsv_pq=d21ef1f20000f8b5&rsv_t=e054c0RNMZBBvzqDpoTD5W4R2oI2YaJU8IhddFfAPQDjqybJrPPAS8x2pgxcDoOFXDmXeg&rqlang=cn&rs_src=0&rsv_pq=d21ef1f20000f8b5&rsv_t=e054c0RNMZBBvzqDpoTD5W4R2oI2YaJU8IhddFfAPQDjqybJrPPAS8x2pgxcDoOFXDmXeg
2017-09-16 16:01:44,786 - [webpage_parser.py:63] - INFO - procotol:http, hostname:www.78.cn, new_link:/web/fengbozhuang/
2017-09-16 16:01:44,787 - [webpage_parser.py:63] - INFO - procotol:http, hostname:www.baidu.com, new_link:/s?wd=%E6%97%A5%E5%8E%86&pn=10&oq=%E6%97%A5%E5%8E%86&tn=sitehao123_09&ie=utf-8&usm=3&rsv_pq=d21ef1f20000f8b5&rsv_t=e054c0RNMZBBvzqDpoTD5W4R2oI2YaJU8IhddFfAPQDjqybJrPPAS8x2pgxcDoOFXDmXeg
2017-09-16 16:01:44,787 - [webpage_parser.py:63] - INFO - procotol:http, hostname:www.78.cn, new_link:/web/yanmoshiguang/
2017-09-16 16:01:44,787 - [webpage_parser.py:63] - INFO - procotol:http, hostname:www.baidu.com, new_link:/s?wd=%E6%97%A5%E5%8E%86&pn=20&oq=%E6%97%A5%E5%8E%86&tn=sitehao123_09&ie=utf-8&usm=3&rsv_pq=d21ef1f20000f8b5&rsv_t=e054c0RNMZBBvzqDpoTD5W4R2oI2YaJU8IhddFfAPQDjqybJrPPAS8x2pgxcDoOFXDmXeg
2017-09-16 16:01:44,788 - [webpage_parser.py:63] - INFO - procotol:http, hostname:www.78.cn, new_link:/web/baolaibaoqu/
2017-09-16 16:01:44,788 - [webpage_parser.py:63] - INFO - procotol:http, hostname:www.baidu.com, new_link:/s?wd=%E6%97%A5%E5%8E%86&pn=30&oq=%E6%97%A5%E5%8E%86&tn=sitehao123_09&ie=utf-8&usm=3&rsv_pq=d21ef1f20000f8b5&rsv_t=e054c0RNMZBBvzqDpoTD5W4R2oI2YaJU8IhddFfAPQDjqybJrPPAS8x2pgxcDoOFXDmXeg
2017-09-16 16:01:44,789 - [webpage_parser.py:63] - INFO - procotol:http, hostname:www.78.cn, new_link:/web/jiuchongqianxzcb/
2017-09-16 16:01:44,789 - [webpage_parser.py:63] - INFO - procotol:http, hostname:www.baidu.com, new_link:/s?wd=%E6%97%A5%E5%8E%86&pn=40&oq=%E6%97%A5%E5%8E%86&tn=sitehao123_09&ie=utf-8&usm=3&rsv_pq=d21ef1f20000f8b5&rsv_t=e054c0RNMZBBvzqDpoTD5W4R2oI2YaJU8IhddFfAPQDjqybJrPPAS8x2pgxcDoOFXDmXeg
2017-09-16 16:01:44,789 - [webpage_parser.py:63] - INFO - procotol:http, hostname:www.78.cn, new_link:/web/gelinyinuohb/
2017-09-16 16:01:44,790 - [webpage_parser.py:63] - INFO - procotol:http, hostname:www.baidu.com, new_link:/s?wd=%E6%97%A5%E5%8E%86&pn=50&oq=%E6%97%A5%E5%8E%86&tn=sitehao123_09&ie=utf-8&usm=3&rsv_pq=d21ef1f20000f8b5&rsv_t=e054c0RNMZBBvzqDpoTD5W4R2oI2YaJU8IhddFfAPQDjqybJrPPAS8x2pgxcDoOFXDmXeg
2017-09-16 16:01:44,790 - [webpage_parser.py:63] - INFO - procotol:http, hostname:www.78.cn, new_link:/web/molimaka/
2017-09-16 16:01:44,791 - [webpage_parser.py:63] - INFO - procotol:http, hostname:www.baidu.com, new_link:/s?wd=%E6%97%A5%E5%8E%86&pn=60&oq=%E6%97%A5%E5%8E%86&tn=sitehao123_09&ie=utf-8&usm=3&rsv_pq=d21ef1f20000f8b5&rsv_t=e054c0RNMZBBvzqDpoTD5W4R2oI2YaJU8IhddFfAPQDjqybJrPPAS8x2pgxcDoOFXDmXeg
2017-09-16 16:01:44,791 - [webpage_parser.py:63] - INFO - procotol:http, hostname:www.78.cn, new_link:/web/qwxdoufunao/
2017-09-16 16:01:44,791 - [webpage_parser.py:63] - INFO - procotol:http, hostname:www.baidu.com, new_link:/s?wd=%E6%97%A5%E5%8E%86&pn=70&oq=%E6%97%A5%E5%8E%86&tn=sitehao123_09&ie=utf-8&usm=3&rsv_pq=d21ef1f20000f8b5&rsv_t=e054c0RNMZBBvzqDpoTD5W4R2oI2YaJU8IhddFfAPQDjqybJrPPAS8x2pgxcDoOFXDmXeg
2017-09-16 16:01:44,792 - [webpage_parser.py:63] - INFO - procotol:http, hostname:www.78.cn, new_link:/web/lujiukaoyu/
2017-09-16 16:01:44,792 - [webpage_parser.py:63] - INFO - procotol:http, hostname:www.baidu.com, new_link:/s?wd=%E6%97%A5%E5%8E%86&pn=80&oq=%E6%97%A5%E5%8E%86&tn=sitehao123_09&ie=utf-8&usm=3&rsv_pq=d21ef1f20000f8b5&rsv_t=e054c0RNMZBBvzqDpoTD5W4R2oI2YaJU8IhddFfAPQDjqybJrPPAS8x2pgxcDoOFXDmXeg
2017-09-16 16:01:44,792 - [webpage_parser.py:63] - INFO - procotol:http, hostname:www.78.cn, new_link:/web/mingoudizhuan/
2017-09-16 16:01:44,793 - [webpage_parser.py:63] - INFO - procotol:http, hostname:www.baidu.com, new_link:/s?wd=%E6%97%A5%E5%8E%86&pn=90&oq=%E6%97%A5%E5%8E%86&tn=sitehao123_09&ie=utf-8&usm=3&rsv_pq=d21ef1f20000f8b5&rsv_t=e054c0RNMZBBvzqDpoTD5W4R2oI2YaJU8IhddFfAPQDjqybJrPPAS8x2pgxcDoOFXDmXeg
2017-09-16 16:01:44,793 - [webpage_parser.py:63] - INFO - procotol:http, hostname:www.78.cn, new_link:/web/clgscykj/
2017-09-16 16:01:44,794 - [webpage_parser.py:63] - INFO - procotol:http, hostname:www.baidu.com, new_link:/s?wd=%E6%97%A5%E5%8E%86&pn=10&oq=%E6%97%A5%E5%8E%86&tn=sitehao123_09&ie=utf-8&usm=3&rsv_pq=d21ef1f20000f8b5&rsv_t=e054c0RNMZBBvzqDpoTD5W4R2oI2YaJU8IhddFfAPQDjqybJrPPAS8x2pgxcDoOFXDmXeg&rsv_page=1
2017-09-16 16:01:44,794 - [webpage_parser.py:63] - INFO - procotol:http, hostname:www.78.cn, new_link:/web/pingtaiceshi/
2017-09-16 16:01:44,794 - [webpage_parser.py:63] - INFO - procotol:http, hostname:www.baidu.com, new_link:javascript:;
2017-09-16 16:01:44,795 - [webpage_parser.py:63] - INFO - procotol:http, hostname:www.78.cn, new_link:/web/pingtaiceshi/
2017-09-16 16:01:44,800 - [webpage_parser.py:63] - INFO - procotol:http, hostname:www.78.cn, new_link:/web/jiumentidu/
2017-09-16 16:01:44,801 - [webpage_saver.py:45] - INFO - url http://www.baidu.com/s?word=%E6%97%A5%E5%8E%86&tn=sitehao123_09&ie=utf-8 is not match
2017-09-16 16:01:44,802 - [webpage_parser.py:63] - INFO - procotol:http, hostname:www.78.cn, new_link:/web/xiaguangshengtai/
2017-09-16 16:01:44,802 - [webpage_parser.py:63] - INFO - procotol:http, hostname:www.78.cn, new_link:/web/kewenshicailiq/
2017-09-16 16:01:44,803 - [webpage_parser.py:63] - INFO - procotol:http, hostname:www.78.cn, new_link:/web/80houchayin/
2017-09-16 16:01:44,803 - [webpage_parser.py:63] - INFO - procotol:http, hostname:www.78.cn, new_link:/web/gygbbyu/
2017-09-16 16:01:44,803 - [webpage_parser.py:63] - INFO - procotol:http, hostname:www.78.cn, new_link:/web/jijianxiangji/
2017-09-16 16:01:44,804 - [webpage_parser.py:63] - INFO - procotol:http, hostname:www.78.cn, new_link:/web/mangtianyp/
2017-09-16 16:01:44,804 - [webpage_parser.py:63] - INFO - procotol:http, hostname:www.78.cn, new_link:/web/guanjiabang/
2017-09-16 16:01:44,804 - [webpage_parser.py:63] - INFO - procotol:http, hostname:www.78.cn, new_link:/web/qishierbian/
2017-09-16 16:01:44,805 - [webpage_parser.py:63] - INFO - procotol:http, hostname:www.78.cn, new_link:/web/chaersidun/
2017-09-16 16:01:44,805 - [webpage_parser.py:63] - INFO - procotol:http, hostname:www.78.cn, new_link:/web/nuanlitetxwdn/
2017-09-16 16:01:44,805 - [webpage_parser.py:63] - INFO - procotol:http, hostname:www.78.cn, new_link:/web/ipxdf/
2017-09-16 16:01:44,806 - [webpage_parser.py:63] - INFO - procotol:http, hostname:www.78.cn, new_link:/web/huangtingclby/
2017-09-16 16:01:44,806 - [webpage_parser.py:63] - INFO - procotol:http, hostname:www.78.cn, new_link:/web/migaolintiebancf/
2017-09-16 16:01:44,806 - [webpage_parser.py:63] - INFO - procotol:http, hostname:www.78.cn, new_link:/web/weiteke/
2017-09-16 16:01:44,807 - [webpage_parser.py:63] - INFO - procotol:http, hostname:www.78.cn, new_link:/web/lcjcqmianguan2/
2017-09-16 16:01:44,807 - [webpage_parser.py:63] - INFO - procotol:http, hostname:www.78.cn, new_link:/web/jinmujin/
2017-09-16 16:01:44,807 - [webpage_parser.py:63] - INFO - procotol:http, hostname:www.78.cn, new_link:/web/chanxmszxmg/
2017-09-16 16:01:44,808 - [webpage_parser.py:63] - INFO - procotol:http, hostname:www.78.cn, new_link:/web/sjqjjianshen/
2017-09-16 16:01:44,808 - [webpage_parser.py:63] - INFO - procotol:http, hostname:www.78.cn, new_link:/web/kajianuo/
2017-09-16 16:01:44,808 - [webpage_parser.py:63] - INFO - procotol:http, hostname:www.78.cn, new_link:/web/jiyidashi/
2017-09-16 16:01:44,809 - [webpage_parser.py:63] - INFO - procotol:http, hostname:www.78.cn, new_link:/web/nanyunspwxjmf/
2017-09-16 16:01:44,809 - [webpage_parser.py:63] - INFO - procotol:http, hostname:www.78.cn, new_link:/web/lbwyslvroumian/
2017-09-16 16:01:44,809 - [webpage_parser.py:63] - INFO - procotol:http, hostname:www.78.cn, new_link:/web/lamdnmjpbei/
2017-09-16 16:01:44,810 - [webpage_parser.py:63] - INFO - procotol:http, hostname:www.78.cn, new_link:/web/nihaohouzi/
2017-09-16 16:01:44,810 - [webpage_parser.py:63] - INFO - procotol:http, hostname:www.78.cn, new_link:/web/yaogunsd/
2017-09-16 16:01:44,811 - [webpage_parser.py:63] - INFO - procotol:http, hostname:www.78.cn, new_link:/web/yuanyuankaoji/
2017-09-16 16:01:44,811 - [webpage_parser.py:63] - INFO - procotol:http, hostname:www.78.cn, new_link:/web/labusishu/
2017-09-16 16:01:44,811 - [webpage_parser.py:63] - INFO - procotol:http, hostname:www.78.cn, new_link:/web/xiadouxsxc/
2017-09-16 16:01:44,812 - [webpage_parser.py:63] - INFO - procotol:http, hostname:www.78.cn, new_link:/web/tieluotuo/
2017-09-16 16:01:44,812 - [webpage_parser.py:63] - INFO - procotol:http, hostname:www.78.cn, new_link:/web/shanjigezjhb/
2017-09-16 16:01:44,812 - [webpage_parser.py:63] - INFO - procotol:http, hostname:www.78.cn, new_link:/web/zxpg/
2017-09-16 16:01:44,813 - [webpage_parser.py:63] - INFO - procotol:http, hostname:www.78.cn, new_link:/web/alawboboyu/
2017-09-16 16:01:44,813 - [webpage_parser.py:63] - INFO - procotol:http, hostname:www.78.cn, new_link:/web/naduogn/
2017-09-16 16:01:44,813 - [webpage_parser.py:63] - INFO - procotol:http, hostname:www.78.cn, new_link:/web/guxiangzai/
2017-09-16 16:01:44,814 - [webpage_parser.py:63] - INFO - procotol:http, hostname:www.78.cn, new_link:/web/meinanziszxmf/
2017-09-16 16:01:44,814 - [webpage_parser.py:63] - INFO - procotol:http, hostname:www.78.cn, new_link:/web/yibeiniupbei/
2017-09-16 16:01:44,815 - [webpage_parser.py:63] - INFO - procotol:http, hostname:www.78.cn, new_link:/web/qingongbby/
2017-09-16 16:01:44,815 - [webpage_parser.py:63] - INFO - procotol:http, hostname:www.78.cn, new_link:/web/zsdcyshutiao/
2017-09-16 16:01:44,815 - [webpage_parser.py:63] - INFO - procotol:http, hostname:www.78.cn, new_link:/web/fsgongjiang/
2017-09-16 16:01:44,816 - [webpage_parser.py:63] - INFO - procotol:http, hostname:www.78.cn, new_link:/web/linjianmy/
2017-09-16 16:01:44,816 - [webpage_parser.py:63] - INFO - procotol:http, hostname:www.78.cn, new_link:/web/hengliyuanclyp/
2017-09-16 16:01:44,817 - [webpage_parser.py:63] - INFO - procotol:http, hostname:www.78.cn, new_link:/web/wanglaoqi/
2017-09-16 16:01:44,817 - [webpage_parser.py:63] - INFO - procotol:http, hostname:www.78.cn, new_link:/web/huiguniangganxiz/
2017-09-16 16:01:44,817 - [webpage_parser.py:63] - INFO - procotol:http, hostname:www.78.cn, new_link:/web/douniushi/
2017-09-16 16:01:44,818 - [webpage_parser.py:63] - INFO - procotol:http, hostname:www.78.cn, new_link:/web/kuailexing/
2017-09-16 16:01:44,818 - [webpage_parser.py:63] - INFO - procotol:http, hostname:www.78.cn, new_link:/web/ailizhefushi/
2017-09-16 16:01:44,818 - [webpage_parser.py:63] - INFO - procotol:http, hostname:www.78.cn, new_link:/web/ningmenggongfang2/indexps.htm?id=68605&data=1.1.3.53.1108.52349.4013.2
2017-09-16 16:01:44,819 - [webpage_parser.py:63] - INFO - procotol:http, hostname:www.78.cn, new_link:/web/zhengmeiwei/indexps.htm?id=63803&data=1.1.3.53.956.49861.3278.2
2017-09-16 16:01:44,819 - [webpage_parser.py:63] - INFO - procotol:http, hostname:www.78.cn, new_link:/web/waguankuaican2/indexps.htm?id=31708&data=1.1.3.53.1090.35338.2788.2
2017-09-16 16:01:44,819 - [webpage_parser.py:63] - INFO - procotol:http, hostname:www.78.cn, new_link:/web/mingpinhuijin/indexps.htm?id=86382&data=1.1.3.53.1109.102238.6988.2
2017-09-16 16:01:44,820 - [webpage_parser.py:63] - INFO - procotol:http, hostname:www.78.cn, new_link:/web/wuchabang/indexps.htm?id=97584&data=1.1.3.53.499.106748.7379.2
2017-09-16 16:01:44,820 - [webpage_parser.py:63] - INFO - procotol:http, hostname:www.78.cn, new_link:/web/jiaogejichi/indexps.htm?id=93620&data=1.1.3.53.500.104935.7267.2
2017-09-16 16:01:44,820 - [webpage_parser.py:63] - INFO - procotol:http, hostname:www.78.cn, new_link:/web/douniushi/indexps.php?id=83451&data=1.1.3.53.1111.94004.6490.2
2017-09-16 16:01:44,821 - [webpage_parser.py:63] - INFO - procotol:http, hostname:www.78.cn, new_link:/web/wanmeishij/indexps.htm?id=91645&data=1.1.3.53.958.94534.6523.2
2017-09-16 16:01:44,821 - [webpage_parser.py:63] - INFO - procotol:http, hostname:www.78.cn, new_link:/web/beileiertongzhuang/indexps.htm?id=32493&data=1.1.3.53.14.9214.859.2
2017-09-16 16:01:44,821 - [webpage_parser.py:63] - INFO - procotol:http, hostname:www.78.cn, new_link:/web/yudemenkaoyu/indexps.htm?id=59098&data=1.1.3.54.505.93447.6454.2
2017-09-16 16:01:44,822 - [webpage_parser.py:63] - INFO - procotol:http, hostname:www.78.cn, new_link:/web/lusanguo/indexps.htm?id=71585&data=1.1.3.54.482.6646.836.2
2017-09-16 16:01:44,822 - [webpage_parser.py:63] - INFO - procotol:http, hostname:www.78.cn, new_link:/web/xchanggf/indexps.htm?id=39849&data=1.1.3.54.1094.87400.6110.2
2017-09-16 16:01:44,823 - [webpage_parser.py:63] - INFO - procotol:http, hostname:www.78.cn, new_link:/web/niujiuduangfkr/indexps.htm?id=82624&data=1.1.3.54.509.100974.6905.2
2017-09-16 16:01:44,823 - [webpage_parser.py:63] - INFO - procotol:http, hostname:www.78.cn, new_link:/web/weixiangyu/indexps.htm?id=91716&data=1.1.3.54.1110.100315.6860.2
2017-09-16 16:01:44,824 - [webpage_parser.py:63] - INFO - procotol:http, hostname:www.78.cn, new_link:/web/wgtwjtsfmian/indexps.htm?id=88711&data=1.1.3.55.1113.103012.7037.2
2017-09-16 16:01:44,824 - [webpage_parser.py:63] - INFO - procotol:http, hostname:www.78.cn, new_link:/web/xchbboboyu/indexps.htm?id=94931&data=1.1.3.55.520.105154.7281.2
2017-09-16 16:01:44,824 - [webpage_parser.py:63] - INFO - procotol:http, hostname:www.78.cn, new_link:/web/lxcbiandang/indexps.htm?id=91049&data=1.1.3.55.1114.104248.7222.2
2017-09-16 16:01:44,824 - [webpage_parser.py:63] - INFO - procotol:http, hostname:www.78.cn, new_link:/web/lbwyslvroumian/indexps.htm?id=89281&data=1.1.3.55.1101.103208.7048.2
2017-09-16 16:01:44,825 - [webpage_parser.py:63] - INFO - procotol:http, hostname:www.78.cn, new_link:/web/xiqiguguai/indexps.htm?id=66366&data=1.1.3.55.522.39847.1654.2
2017-09-16 16:01:44,825 - [webpage_parser.py:63] - INFO - procotol:http, hostname:www.78.cn, new_link:/web/diqiutianshi/indexps.htm?id=31795&data=1.1.3.55.1116.75828.5453.2
2017-09-16 16:01:44,825 - [webpage_parser.py:63] - INFO - procotol:http, hostname:www.78.cn, new_link:/web/zsdcyshutiao/indexps.htm?id=98049&data=1.1.3.55.1115.106816.7383.2
2017-09-16 16:01:44,826 - [webpage_parser.py:63] - INFO - procotol:http, hostname:www.78.cn, new_link:/web/molimaka/indexps.htm?id=93785&data=1.1.3.55.525.97553.6693.2
2017-09-16 16:01:44,826 - [webpage_parser.py:63] - INFO - procotol:http, hostname:www.78.cn, new_link:/web/longchaoky/indexps.htm?id=66134&data=1.1.3.55.963.83014.5810.2
2017-09-16 16:01:44,826 - [webpage_parser.py:63] - INFO - procotol:http, hostname:www.78.cn, new_link:/web/beijingyixiang/
2017-09-16 16:01:44,827 - [webpage_parser.py:63] - INFO - procotol:http, hostname:www.78.cn, new_link:/web/dfthsrmshu/
2017-09-16 16:01:44,827 - [webpage_parser.py:63] - INFO - procotol:http, hostname:www.78.cn, new_link:/web/linjiaernvyyeyy/
2017-09-16 16:01:44,827 - [webpage_parser.py:63] - INFO - procotol:http, hostname:www.78.cn, new_link:/web/yutegongcy/
2017-09-16 16:01:44,828 - [webpage_parser.py:63] - INFO - procotol:http, hostname:www.78.cn, new_link:/web/jiedaojiajdqx/
2017-09-16 16:01:44,828 - [webpage_parser.py:63] - INFO - procotol:http, hostname:www.78.cn, new_link:/web/cyinaic/
2017-09-16 16:01:44,828 - [webpage_parser.py:63] - INFO - procotol:http, hostname:www.78.cn, new_link:/web/tunaiketxgzn/
2017-09-16 16:01:44,829 - [webpage_parser.py:63] - INFO - procotol:http, hostname:www.78.cn, new_link:/web/manchaobaijiazhou/
2017-09-16 16:01:44,829 - [webpage_parser.py:63] - INFO - procotol:http, hostname:www.78.cn, new_link:/web/zuimeng/
2017-09-16 16:01:44,829 - [webpage_parser.py:63] - INFO - procotol:http, hostname:www.78.cn, new_link:/web/gouchanmalatang/
2017-09-16 16:01:44,830 - [webpage_parser.py:63] - INFO - procotol:http, hostname:www.78.cn, new_link:/web/hzyspx/
2017-09-16 16:01:44,830 - [webpage_parser.py:63] - INFO - procotol:http, hostname:www.78.cn, new_link:/web/kaixinlaopo/
2017-09-16 16:01:44,830 - [webpage_parser.py:63] - INFO - procotol:http, hostname:www.78.cn, new_link:/web/haomeite/
2017-09-16 16:01:44,831 - [webpage_parser.py:63] - INFO - procotol:http, hostname:www.78.cn, new_link:/web/cuishifu/
2017-09-16 16:01:44,831 - [webpage_parser.py:63] - INFO - procotol:http, hostname:www.78.cn, new_link:/web/xuehuniupaibei/
2017-09-16 16:01:44,831 - [webpage_parser.py:63] - INFO - procotol:http, hostname:www.78.cn, new_link:/web/baozubaozi/
2017-09-16 16:01:44,832 - [webpage_parser.py:63] - INFO - procotol:http, hostname:www.78.cn, new_link:/web/meishiji/
2017-09-16 16:01:44,832 - [webpage_parser.py:63] - INFO - procotol:http, hostname:www.78.cn, new_link:/web/menguobuluo/
2017-09-16 16:01:44,832 - [webpage_parser.py:63] - INFO - procotol:http, hostname:www.78.cn, new_link:/web/jizanjiatbs/
2017-09-16 16:01:44,833 - [webpage_parser.py:63] - INFO - procotol:http, hostname:www.78.cn, new_link:/web/ympztxxb/
2017-09-16 16:01:44,833 - [webpage_parser.py:63] - INFO - procotol:http, hostname:www.78.cn, new_link:/web/yzygqmixian/
2017-09-16 16:01:44,833 - [webpage_parser.py:63] - INFO - procotol:http, hostname:www.78.cn, new_link:/web/mixiaojierxb/
2017-09-16 16:01:44,834 - [webpage_parser.py:63] - INFO - procotol:http, hostname:www.78.cn, new_link:/web/zhenhaosdsn/
2017-09-16 16:01:44,835 - [webpage_parser.py:63] - INFO - procotol:http, hostname:www.78.cn, new_link:/web/jiedangjiajiazhengfuwu/
2017-09-16 16:01:44,836 - [webpage_parser.py:63] - INFO - procotol:http, hostname:www.78.cn, new_link:/web/rongshidazhinengxiyi/
2017-09-16 16:01:44,837 - [webpage_parser.py:63] - INFO - procotol:http, hostname:www.78.cn, new_link:/web/heidianss/
2017-09-16 16:01:44,840 - [webpage_parser.py:63] - INFO - procotol:http, hostname:www.78.cn, new_link:/web/chadangjia/
2017-09-16 16:01:44,841 - [webpage_parser.py:63] - INFO - procotol:http, hostname:www.78.cn, new_link:/web/zhongjiweidaopaigufan/
2017-09-16 16:01:44,841 - [webpage_parser.py:63] - INFO - procotol:http, hostname:www.78.cn, new_link:/web/shiguniang/
2017-09-16 16:01:44,841 - [webpage_parser.py:63] - INFO - procotol:http, hostname:www.78.cn, new_link:/web/xingqiliuertongleyuan/
2017-09-16 16:01:44,842 - [webpage_parser.py:63] - INFO - procotol:http, hostname:www.78.cn, new_link:/web/miqihalu/
2017-09-16 16:01:44,843 - [webpage_parser.py:63] - INFO - procotol:http, hostname:www.78.cn, new_link:/web/xialaoxiashuan/
2017-09-16 16:01:44,844 - [webpage_parser.py:63] - INFO - procotol:http, hostname:www.78.cn, new_link:/web/gongfujpai/
2017-09-16 16:01:44,844 - [webpage_parser.py:63] - INFO - procotol:http, hostname:www.78.cn, new_link:/web/miaosujiyi/
2017-09-16 16:01:44,845 - [webpage_parser.py:63] - INFO - procotol:http, hostname:www.78.cn, new_link:/web/aifeili/
2017-09-16 16:01:44,846 - [webpage_parser.py:63] - INFO - procotol:http, hostname:www.78.cn, new_link:/web/senzuzhiwu/
2017-09-16 16:01:44,846 - [webpage_parser.py:63] - INFO - procotol:http, hostname:www.78.cn, new_link:/web/ydmsjqr/
2017-09-16 16:01:44,846 - [webpage_parser.py:63] - INFO - procotol:http, hostname:www.78.cn, new_link:/web/yanbangyanjing/
2017-09-16 16:01:44,847 - [webpage_parser.py:63] - INFO - procotol:http, hostname:www.78.cn, new_link:/web/jgsryy/
2017-09-16 16:01:44,847 - [webpage_parser.py:63] - INFO - procotol:http, hostname:www.78.cn, new_link:/web/fulaisizrdz/
2017-09-16 16:01:44,847 - [webpage_parser.py:63] - INFO - procotol:http, hostname:www.78.cn, new_link:/web/mcznjsqi/
2017-09-16 16:01:44,848 - [webpage_parser.py:63] - INFO - procotol:http, hostname:www.78.cn, new_link:/web/huilongying/
2017-09-16 16:01:44,848 - [webpage_parser.py:63] - INFO - procotol:http, hostname:www.78.cn, new_link:/web/jzjcqiangban/
2017-09-16 16:01:44,849 - [webpage_parser.py:63] - INFO - procotol:http, hostname:www.78.cn, new_link:/web/xinsiweiqnjy/
2017-09-16 16:01:44,849 - [webpage_parser.py:63] - INFO - procotol:http, hostname:www.78.cn, new_link:/web/jiashida/
2017-09-16 16:01:44,850 - [webpage_parser.py:63] - INFO - procotol:http, hostname:www.78.cn, new_link:/web/oudeyajcqm/
2017-09-16 16:01:44,850 - [webpage_parser.py:63] - INFO - procotol:http, hostname:www.78.cn, new_link:/web/koucaibao/
2017-09-16 16:01:44,850 - [webpage_parser.py:63] - INFO - procotol:http, hostname:www.78.cn, new_link:/web/wulingdahui/
2017-09-16 16:01:44,853 - [webpage_parser.py:63] - INFO - procotol:http, hostname:www.78.cn, new_link:/web/wugurijigyd/
2017-09-16 16:01:44,855 - [webpage_parser.py:63] - INFO - procotol:http, hostname:www.78.cn, new_link:/web/gefanni/
2017-09-16 16:01:44,855 - [webpage_parser.py:63] - INFO - procotol:http, hostname:www.78.cn, new_link:/web/qianzihui/
2017-09-16 16:01:44,856 - [webpage_parser.py:63] - INFO - procotol:http, hostname:www.78.cn, new_link:javascript:;
2017-09-16 16:01:44,856 - [webpage_parser.py:63] - INFO - procotol:http, hostname:www.78.cn, new_link:javascript:;
2017-09-16 16:01:44,858 - [connectionpool.py:207] - DEBUG - Starting new HTTP connection (1): www.china.com.cn
2017-09-16 16:01:44,859 - [webpage_parser.py:63] - INFO - procotol:http, hostname:www.78.cn, new_link:javascript:;
2017-09-16 16:01:44,859 - [webpage_parser.py:63] - INFO - procotol:http, hostname:www.78.cn, new_link:javascript:;
2017-09-16 16:01:44,860 - [webpage_parser.py:63] - INFO - procotol:http, hostname:www.78.cn, new_link:javascript:;
2017-09-16 16:01:44,860 - [webpage_parser.py:63] - INFO - procotol:http, hostname:www.78.cn, new_link:javascript:;
2017-09-16 16:01:44,882 - [webpage_saver.py:45] - INFO - url http://www.78.cn/?sid=1504 is not match
2017-09-16 16:01:44,978 - [connectionpool.py:395] - DEBUG - http://www.china.com.cn:80 "GET / HTTP/1.1" 200 27709
2017-09-16 16:01:45,286 - [webpage_parser.py:63] - INFO - procotol:http, hostname:www.china.com.cn, new_link:javascript:void(0);
2017-09-16 16:01:45,287 - [webpage_parser.py:63] - INFO - procotol:http, hostname:www.china.com.cn, new_link:javascript:void(0);
2017-09-16 16:01:45,289 - [webpage_parser.py:63] - INFO - procotol:http, hostname:www.china.com.cn, new_link:zhibo/node_7030498.htm
2017-09-16 16:01:45,289 - [webpage_parser.py:63] - INFO - procotol:http, hostname:www.china.com.cn, new_link:opinion/theory/
2017-09-16 16:01:45,292 - [webpage_parser.py:63] - INFO - procotol:http, hostname:www.china.com.cn, new_link:city/zhuanti/qd10/node_7095760.htm
2017-09-16 16:01:45,293 - [webpage_parser.py:63] - INFO - procotol:http, hostname:www.china.com.cn, new_link:zhibo/node_7030498.htm
2017-09-16 16:01:45,293 - [webpage_parser.py:63] - INFO - procotol:http, hostname:www.china.com.cn, new_link:zhibo/node_7243161.htm
2017-09-16 16:01:45,293 - [webpage_parser.py:63] - INFO - procotol:http, hostname:www.china.com.cn, new_link:zhibo/node_7243162.htm
2017-09-16 16:01:45,294 - [webpage_parser.py:63] - INFO - procotol:http, hostname:www.china.com.cn, new_link:zhibo/zhuanti/ch-xinwen/node_7245310.htm
2017-09-16 16:01:45,294 - [webpage_parser.py:63] - INFO - procotol:http, hostname:www.china.com.cn, new_link:zhibo/2017-09/15/content_41592768.htm
2017-09-16 16:01:45,294 - [webpage_parser.py:63] - INFO - procotol:http, hostname:www.china.com.cn, new_link:zhibo/2017-09/16/content_41580466.htm
2017-09-16 16:01:45,295 - [webpage_parser.py:63] - INFO - procotol:http, hostname:www.china.com.cn, new_link:zhibo/2017-09/19/content_41594099.htm
2017-09-16 16:01:45,295 - [webpage_parser.py:63] - INFO - procotol:http, hostname:www.china.com.cn, new_link:zhibo/2017-09/15/content_41586121.htm
2017-09-16 16:01:45,295 - [webpage_parser.py:63] - INFO - procotol:http, hostname:www.china.com.cn, new_link:zhibo/2017-09/14/content_41580869.htm
2017-09-16 16:01:45,296 - [webpage_parser.py:63] - INFO - procotol:http, hostname:www.china.com.cn, new_link:zhibo/2017-09/13/content_41572741.htm
2017-09-16 16:01:45,298 - [webpage_parser.py:63] - INFO - procotol:http, hostname:www.china.com.cn, new_link:20170704-lh.html
2017-09-16 16:01:45,299 - [webpage_parser.py:63] - INFO - procotol:http, hostname:www.china.com.cn, new_link:txt/2017-09/15/content_41591736.htm
2017-09-16 16:01:45,299 - [webpage_parser.py:63] - INFO - procotol:http, hostname:www.china.com.cn, new_link:txt/2017-09/15/content_41591714.htm
2017-09-16 16:01:45,300 - [webpage_parser.py:63] - INFO - procotol:http, hostname:www.china.com.cn, new_link:guoqing/xijinping/node_7235347.htm
2017-09-16 16:01:45,301 - [webpage_parser.py:63] - INFO - procotol:http, hostname:www.china.com.cn, new_link:fangtan/node_7250932.htm
2017-09-16 16:01:45,302 - [webpage_parser.py:63] - INFO - procotol:http, hostname:www.china.com.cn, new_link:guoqing/xijinping/node_7235347.htm
2017-09-16 16:01:45,303 - [webpage_parser.py:63] - INFO - procotol:http, hostname:www.china.com.cn, new_link:opinion/theory/index.htm
2017-09-16 16:01:45,304 - [webpage_parser.py:63] - INFO - procotol:http, hostname:www.china.com.cn, new_link:opinion/think/index.htm
2017-09-16 16:01:45,304 - [webpage_parser.py:63] - INFO - procotol:http, hostname:www.china.com.cn, new_link:opinion/theory/2017-09/14/content_41585900.htm
2017-09-16 16:01:45,304 - [webpage_parser.py:63] - INFO - procotol:http, hostname:www.china.com.cn, new_link:opinion/theory/2017-09/14/content_41585900.htm
2017-09-16 16:01:45,305 - [webpage_parser.py:63] - INFO - procotol:http, hostname:www.china.com.cn, new_link:opinion/theory/2017-09/14/content_41584749.htm
2017-09-16 16:01:45,305 - [webpage_parser.py:63] - INFO - procotol:http, hostname:www.china.com.cn, new_link:opinion/theory/2017-09/14/content_41584749.htm
2017-09-16 16:01:45,305 - [webpage_parser.py:63] - INFO - procotol:http, hostname:www.china.com.cn, new_link:opinion/theory/2017-09/15/content_41591487.htm
2017-09-16 16:01:45,306 - [webpage_parser.py:63] - INFO - procotol:http, hostname:www.china.com.cn, new_link:opinion/theory/2017-09/15/content_41590876.htm
2017-09-16 16:01:45,306 - [webpage_parser.py:63] - INFO - procotol:http, hostname:www.china.com.cn, new_link:opinion/theory/2017-09/15/content_41591486.htm
2017-09-16 16:01:45,306 - [webpage_parser.py:63] - INFO - procotol:http, hostname:www.china.com.cn, new_link:opinion/theory/2017-09/15/content_41591281.htm
2017-09-16 16:01:45,307 - [webpage_parser.py:63] - INFO - procotol:http, hostname:www.china.com.cn, new_link:txt/2017-09/15/content_41591630.htm
2017-09-16 16:01:45,307 - [webpage_parser.py:63] - INFO - procotol:http, hostname:www.china.com.cn, new_link:opinion/theory/2017-09/15/content_41590925.htm
2017-09-16 16:01:45,307 - [webpage_parser.py:63] - INFO - procotol:http, hostname:www.china.com.cn, new_link:opinion/theory/2017-09/15/content_41590938.htm
2017-09-16 16:01:45,308 - [webpage_parser.py:63] - INFO - procotol:http, hostname:www.china.com.cn, new_link:opinion/think/2017-09/14/content_41586324.htm
2017-09-16 16:01:45,308 - [webpage_parser.py:63] - INFO - procotol:http, hostname:www.china.com.cn, new_link:opinion/think/2017-09/14/content_41586324.htm
2017-09-16 16:01:45,308 - [webpage_parser.py:63] - INFO - procotol:http, hostname:www.china.com.cn, new_link:opinion/think/2017-09/11/content_41565216.htm
2017-09-16 16:01:45,309 - [webpage_parser.py:63] - INFO - procotol:http, hostname:www.china.com.cn, new_link:opinion/think/2017-09/11/content_41565216.htm
2017-09-16 16:01:45,309 - [webpage_parser.py:63] - INFO - procotol:http, hostname:www.china.com.cn, new_link:opinion/think/2017-09/15/content_41593721.htm
2017-09-16 16:01:45,309 - [webpage_parser.py:63] - INFO - procotol:http, hostname:www.china.com.cn, new_link:opinion/think/2017-09/14/content_41586327.htm
2017-09-16 16:01:45,310 - [webpage_parser.py:63] - INFO - procotol:http, hostname:www.china.com.cn, new_link:opinion/think/2017-09/14/content_41586311.htm
2017-09-16 16:01:45,310 - [webpage_parser.py:63] - INFO - procotol:http, hostname:www.china.com.cn, new_link:opinion/think/2017-09/14/content_41586298.htm
2017-09-16 16:01:45,310 - [webpage_parser.py:63] - INFO - procotol:http, hostname:www.china.com.cn, new_link:opinion/think/2017-09/13/content_41577835.htm
2017-09-16 16:01:45,312 - [webpage_parser.py:63] - INFO - procotol:http, hostname:www.china.com.cn, new_link:txt/2017-09/15/content_41590848.htm
2017-09-16 16:01:45,313 - [webpage_parser.py:63] - INFO - procotol:http, hostname:www.china.com.cn, new_link:txt/2017-09/15/content_41590848.htm
2017-09-16 16:01:45,319 - [webpage_parser.py:63] - INFO - procotol:http, hostname:www.china.com.cn, new_link:aboutus/node_7219999.htm
2017-09-16 16:01:45,319 - [webpage_parser.py:63] - INFO - procotol:http, hostname:www.china.com.cn, new_link:aboutus/2017-08/21/content_41445603.htm
2017-09-16 16:01:45,320 - [webpage_parser.py:63] - INFO - procotol:http, hostname:www.china.com.cn, new_link:news/world/2017-07/05/content_41156507.htm
2017-09-16 16:01:45,320 - [webpage_parser.py:63] - INFO - procotol:http, hostname:www.china.com.cn, new_link:txt/2016-06/24/content_38736414.htm
2017-09-16 16:01:45,320 - [webpage_parser.py:63] - INFO - procotol:http, hostname:www.china.com.cn, new_link:txt/2016-06/24/content_38736364.htm
2017-09-16 16:01:45,321 - [webpage_parser.py:63] - INFO - procotol:http, hostname:www.china.com.cn, new_link:aboutus/node_7219999.htm
2017-09-16 16:01:45,321 - [webpage_parser.py:63] - INFO - procotol:http, hostname:www.china.com.cn, new_link:txt/2014-06/20/content_32722895.htm
2017-09-16 16:01:45,321 - [webpage_parser.py:63] - INFO - procotol:http, hostname:www.china.com.cn, new_link:txt/2014-06/20/content_32722945.htm
2017-09-16 16:01:45,322 - [webpage_parser.py:63] - INFO - procotol:http, hostname:www.china.com.cn, new_link:txt/2014-06/20/content_32722967.htm
2017-09-16 16:01:45,322 - [webpage_parser.py:63] - INFO - procotol:http, hostname:www.china.com.cn, new_link:txt/2014-06/20/content_32722899.htm
2017-09-16 16:01:45,323 - [webpage_parser.py:63] - INFO - procotol:http, hostname:www.china.com.cn, new_link:txt/2014-06/20/content_32722975.htm
2017-09-16 16:01:45,323 - [webpage_parser.py:63] - INFO - procotol:http, hostname:www.china.com.cn, new_link:txt/2014-06/20/content_32723131.htm
2017-09-16 16:01:45,323 - [webpage_parser.py:63] - INFO - procotol:http, hostname:www.china.com.cn, new_link:txt/2014-06/20/content_32723409.htm
2017-09-16 16:01:45,324 - [webpage_parser.py:63] - INFO - procotol:http, hostname:www.china.com.cn, new_link:txt/2014-06/20/content_32723582.htm
2017-09-16 16:01:45,324 - [webpage_parser.py:63] - INFO - procotol:http, hostname:www.china.com.cn, new_link:txt/2014-06/20/content_32723630.htm
2017-09-16 16:01:45,324 - [webpage_parser.py:63] - INFO - procotol:http, hostname:www.china.com.cn, new_link:news/txt/2008-02/22/content_10450479.htm
2017-09-16 16:01:45,325 - [webpage_parser.py:63] - INFO - procotol:http, hostname:www.china.com.cn, new_link:fuwu/2014-05/28/content_32517141.htm
2017-09-16 16:01:45,325 - [webpage_parser.py:63] - INFO - procotol:http, hostname:www.china.com.cn, new_link:aboutus/node_7219999.htm
2017-09-16 16:01:45,326 - [webpage_parser.py:63] - INFO - procotol:http, hostname:www.china.com.cn, new_link:chinese/ch-mail/5.htm
2017-09-16 16:01:45,326 - [webpage_parser.py:63] - INFO - procotol:http, hostname:www.china.com.cn, new_link:fuwu/lianxifangshi.htm
2017-09-16 16:01:45,326 - [webpage_parser.py:63] - INFO - procotol:http, hostname:www.china.com.cn, new_link:fuwu/node_7028918.htm
2017-09-16 16:01:45,326 - [webpage_parser.py:63] - INFO - procotol:http, hostname:www.china.com.cn, new_link:fangtan/2007-07/14/content_8525622.htm
2017-09-16 16:01:45,327 - [webpage_parser.py:63] - INFO - procotol:http, hostname:www.china.com.cn, new_link:zhibo/2007-09/12/content_8861100.htm
2017-09-16 16:01:45,327 - [webpage_parser.py:63] - INFO - procotol:http, hostname:www.china.com.cn, new_link:chinese/ch-mail/5.htm
2017-09-16 16:01:45,327 - [webpage_parser.py:63] - INFO - procotol:http, hostname:www.china.com.cn, new_link:chinese/ch-mail/4.htm
2017-09-16 16:01:45,328 - [webpage_parser.py:63] - INFO - procotol:http, hostname:www.china.com.cn, new_link:chinese/ch-mail/3.htm
2017-09-16 16:01:45,349 - [webpage_saver.py:45] - INFO - url http://www.china.com.cn/ is not match
2017-09-16 16:01:45,640 - [connectionpool.py:207] - DEBUG - Starting new HTTP connection (1): news.hao123.com
2017-09-16 16:01:45,669 - [connectionpool.py:818] - DEBUG - Starting new HTTPS connection (1): www.baidu.com
2017-09-16 16:01:45,700 - [connectionpool.py:395] - DEBUG - http://news.hao123.com:80 "GET / HTTP/1.1" 200 None
2017-09-16 16:01:45,869 - [connectionpool.py:207] - DEBUG - Starting new HTTP connection (1): www.hao123.com
2017-09-16 16:01:45,874 - [connectionpool.py:207] - DEBUG - Starting new HTTP connection (1): www.baidu.com
2017-09-16 16:01:45,875 - [connectionpool.py:818] - DEBUG - Starting new HTTPS connection (1): dmp-data.vip.com
2017-09-16 16:01:45,877 - [connectionpool.py:395] - DEBUG - https://www.baidu.com:443 "GET /s?word=%E7%A7%80%E5%9C%BA%E7%9B%B4%E6%92%AD%E9%97%B4&tn=50000017_hao_pg&ie=utf-8 HTTP/1.1" 200 227
2017-09-16 16:01:45,879 - [webpage_parser.py:63] - INFO - procotol:http, hostname:news.hao123.com, new_link:javascript:void(0)
2017-09-16 16:01:45,884 - [webpage_parser.py:63] - INFO - procotol:http, hostname:news.hao123.com, new_link:javascript:;
2017-09-16 16:01:45,885 - [connectionpool.py:207] - DEBUG - Starting new HTTP connection (1): redirect.simba.taobao.com
2017-09-16 16:01:45,889 - [webpage_parser.py:63] - INFO - procotol:http, hostname:news.hao123.com, new_link:javascript:;
2017-09-16 16:01:45,898 - [webpage_parser.py:63] - INFO - procotol:http, hostname:news.hao123.com, new_link:javascript:;
2017-09-16 16:01:45,900 - [webpage_parser.py:63] - INFO - procotol:http, hostname:news.hao123.com, new_link:javascript:;
2017-09-16 16:01:45,901 - [webpage_saver.py:45] - INFO - url https://www.baidu.com/s?word=%E7%A7%80%E5%9C%BA%E7%9B%B4%E6%92%AD%E9%97%B4&tn=50000017_hao_pg&ie=utf-8 is not match
2017-09-16 16:01:45,902 - [webpage_parser.py:63] - INFO - procotol:http, hostname:news.hao123.com, new_link:javascript:;
2017-09-16 16:01:45,903 - [webpage_parser.py:63] - INFO - procotol:http, hostname:news.hao123.com, new_link:javascript:;
2017-09-16 16:01:45,903 - [connectionpool.py:818] - DEBUG - Starting new HTTPS connection (1): www.taobao.com
2017-09-16 16:01:45,903 - [webpage_parser.py:63] - INFO - procotol:http, hostname:news.hao123.com, new_link:javascript:;
2017-09-16 16:01:45,904 - [webpage_parser.py:63] - INFO - procotol:http, hostname:news.hao123.com, new_link:javascript:;
2017-09-16 16:01:45,904 - [webpage_parser.py:63] - INFO - procotol:http, hostname:news.hao123.com, new_link:javascript:;
2017-09-16 16:01:45,905 - [webpage_parser.py:63] - INFO - procotol:http, hostname:news.hao123.com, new_link:javascript:;
2017-09-16 16:01:45,905 - [webpage_parser.py:63] - INFO - procotol:http, hostname:news.hao123.com, new_link:javascript:;
2017-09-16 16:01:45,905 - [webpage_parser.py:63] - INFO - procotol:http, hostname:news.hao123.com, new_link:javascript:;
2017-09-16 16:01:45,906 - [webpage_parser.py:63] - INFO - procotol:http, hostname:news.hao123.com, new_link:javascript:;
2017-09-16 16:01:45,906 - [webpage_parser.py:63] - INFO - procotol:http, hostname:news.hao123.com, new_link:javascript:;
2017-09-16 16:01:45,906 - [webpage_parser.py:63] - INFO - procotol:http, hostname:news.hao123.com, new_link:javascript:;
2017-09-16 16:01:45,907 - [webpage_parser.py:63] - INFO - procotol:http, hostname:news.hao123.com, new_link:javascript:;
2017-09-16 16:01:45,907 - [webpage_parser.py:63] - INFO - procotol:http, hostname:news.hao123.com, new_link:javascript:;
2017-09-16 16:01:45,907 - [webpage_parser.py:63] - INFO - procotol:http, hostname:news.hao123.com, new_link:javascript:;
2017-09-16 16:01:45,907 - [webpage_parser.py:63] - INFO - procotol:http, hostname:news.hao123.com, new_link:javascript:;
2017-09-16 16:01:45,908 - [webpage_parser.py:63] - INFO - procotol:http, hostname:news.hao123.com, new_link:javascript:;
2017-09-16 16:01:45,908 - [webpage_parser.py:63] - INFO - procotol:http, hostname:news.hao123.com, new_link:javascript:;
2017-09-16 16:01:45,908 - [webpage_parser.py:63] - INFO - procotol:http, hostname:news.hao123.com, new_link:javascript:;
2017-09-16 16:01:45,909 - [webpage_parser.py:63] - INFO - procotol:http, hostname:news.hao123.com, new_link:javascript:;
2017-09-16 16:01:45,911 - [webpage_parser.py:63] - INFO - procotol:http, hostname:news.hao123.com, new_link:javascript:;
2017-09-16 16:01:45,911 - [webpage_parser.py:63] - INFO - procotol:http, hostname:news.hao123.com, new_link:javascript:;
2017-09-16 16:01:45,914 - [webpage_parser.py:63] - INFO - procotol:http, hostname:news.hao123.com, new_link:#widget-tab-news
2017-09-16 16:01:45,914 - [webpage_parser.py:63] - INFO - procotol:http, hostname:news.hao123.com, new_link:#tadyph
2017-09-16 16:01:45,914 - [webpage_parser.py:63] - INFO - procotol:http, hostname:news.hao123.com, new_link:#qingsong
2017-09-16 16:01:45,915 - [webpage_parser.py:63] - INFO - procotol:http, hostname:news.hao123.com, new_link:#mingzhanx
2017-09-16 16:01:45,915 - [webpage_parser.py:63] - INFO - procotol:http, hostname:news.hao123.com, new_link:#top
2017-09-16 16:01:45,915 - [webpage_parser.py:63] - INFO - procotol:http, hostname:news.hao123.com, new_link:javascript:;
2017-09-16 16:01:45,921 - [webpage_saver.py:45] - INFO - url http://news.hao123.com/ is not match
2017-09-16 16:01:45,938 - [connectionpool.py:395] - DEBUG - http://www.hao123.com:80 "GET /zhaopin HTTP/1.1" 200 None
2017-09-16 16:01:45,971 - [webpage_parser.py:63] - INFO - procotol:http, hostname:www.hao123.com, new_link:javascript:void(0)
2017-09-16 16:01:45,973 - [webpage_parser.py:63] - INFO - procotol:http, hostname:www.hao123.com, new_link:javascript:;
2017-09-16 16:01:45,974 - [webpage_parser.py:63] - INFO - procotol:http, hostname:www.hao123.com, new_link:javascript:;
2017-09-16 16:01:45,975 - [webpage_saver.py:45] - INFO - url http://www.hao123.com/zhaopin is not match
2017-09-16 16:01:46,357 - [connectionpool.py:207] - DEBUG - Starting new HTTP connection (1): cn.chinadaily.com.cn
2017-09-16 16:01:46,912 - [connectionpool.py:207] - DEBUG - Starting new HTTP connection (1): music.baidu.com
2017-09-16 16:01:46,926 - [connectionpool.py:207] - DEBUG - Starting new HTTP connection (1): v.hao123.baidu.com
2017-09-16 16:01:46,982 - [connectionpool.py:207] - DEBUG - Starting new HTTP connection (1): www.hao123.com
2017-09-16 16:01:47,152 - [connectionpool.py:395] - DEBUG - http://www.baidu.com:80 "GET /s?word=%E6%9C%80%E4%B8%8D%E5%A5%BD%E5%AE%A2%E5%9B%BD%E5%AE%B6%E6%8E%92%E8%A1%8C&tn=50000028_hao_pg&ie=utf-8' HTTP/1.1" 200 None
2017-09-16 16:01:47,309 - [connectionpool.py:395] - DEBUG - https://dmp-data.vip.com:443 "GET /deeplink/goHome?tra_from=tra%3Am886rni1%3A%3A%3A%3A HTTP/1.1" 302 0
2017-09-16 16:01:47,315 - [connectionpool.py:818] - DEBUG - Starting new HTTPS connection (1): ms.vipstatic.com
2017-09-16 16:01:47,499 - [webpage_parser.py:63] - INFO - procotol:http, hostname:www.baidu.com, new_link:/
2017-09-16 16:01:47,500 - [webpage_parser.py:63] - INFO - procotol:http, hostname:www.baidu.com, new_link:javascript:;
2017-09-16 16:01:47,500 - [webpage_parser.py:63] - INFO - procotol:http, hostname:www.baidu.com, new_link:javascript:;
2017-09-16 16:01:47,500 - [webpage_parser.py:63] - INFO - procotol:http, hostname:www.baidu.com, new_link:javascript:;
2017-09-16 16:01:47,501 - [webpage_parser.py:63] - INFO - procotol:http, hostname:www.baidu.com, new_link:/
2017-09-16 16:01:47,501 - [webpage_parser.py:63] - INFO - procotol:http, hostname:www.baidu.com, new_link:javascript:;
2017-09-16 16:01:47,502 - [webpage_parser.py:63] - INFO - procotol:http, hostname:www.baidu.com, new_link:/s?tn=50000028_hao_pg&usm=2&wd=%E5%BC%A0%E4%B8%80%E5%B1%B1%E6%8B%8D%E6%88%8F%E9%81%AD%E8%87%AD%E9%AA%82&ie=utf-8&rsv_cq=%E6%9C%80%E4%B8%8D%E5%A5%BD%E5%AE%A2%E5%9B%BD%E5%AE%B6%E6%8E%92%E8%A1%8C&rsv_dl=0_right_toplist_20811
2017-09-16 16:01:47,502 - [webpage_parser.py:63] - INFO - procotol:http, hostname:www.baidu.com, new_link:/s?tn=50000028_hao_pg&usm=2&wd=%E6%9D%8E%E6%99%A8%E6%B1%82%E5%A9%9A%E8%8C%83%E5%86%B0%E5%86%B0&ie=utf-8&rsv_cq=%E6%9C%80%E4%B8%8D%E5%A5%BD%E5%AE%A2%E5%9B%BD%E5%AE%B6%E6%8E%92%E8%A1%8C&rsv_dl=0_right_toplist_20811
2017-09-16 16:01:47,503 - [webpage_parser.py:63] - INFO - procotol:http, hostname:www.baidu.com, new_link:/s?tn=50000028_hao_pg&usm=2&wd=%E5%91%A8%E6%98%9F%E9%A9%B0%E6%97%A7%E7%85%A7%E6%9B%9D%E5%85%89&ie=utf-8&rsv_cq=%E6%9C%80%E4%B8%8D%E5%A5%BD%E5%AE%A2%E5%9B%BD%E5%AE%B6%E6%8E%92%E8%A1%8C&rsv_dl=0_right_toplist_20811
2017-09-16 16:01:47,503 - [webpage_parser.py:63] - INFO - procotol:http, hostname:www.baidu.com, new_link:/s?tn=50000028_hao_pg&usm=2&wd=B%E7%AB%99%E8%AF%B7%E9%81%93%E5%A3%AB%E4%BD%9C%E6%B3%95&ie=utf-8&rsv_cq=%E6%9C%80%E4%B8%8D%E5%A5%BD%E5%AE%A2%E5%9B%BD%E5%AE%B6%E6%8E%92%E8%A1%8C&rsv_dl=0_right_toplist_20811
2017-09-16 16:01:47,503 - [webpage_parser.py:63] - INFO - procotol:http, hostname:www.baidu.com, new_link:/s?tn=50000028_hao_pg&usm=2&wd=%E6%9E%97%E5%BF%83%E5%A6%82%E5%BE%8B%E5%B8%88%E5%8F%91%E5%A3%B0%E6%98%8E&ie=utf-8&rsv_cq=%E6%9C%80%E4%B8%8D%E5%A5%BD%E5%AE%A2%E5%9B%BD%E5%AE%B6%E6%8E%92%E8%A1%8C&rsv_dl=0_right_toplist_20811
2017-09-16 16:01:47,504 - [webpage_parser.py:63] - INFO - procotol:http, hostname:www.baidu.com, new_link:/s?tn=50000028_hao_pg&usm=2&wd=%E5%BE%AE%E4%BF%A1%E9%9A%90%E7%A7%81%E4%BF%9D%E6%8A%A4%E6%8C%87%E5%BC%95&ie=utf-8&rsv_cq=%E6%9C%80%E4%B8%8D%E5%A5%BD%E5%AE%A2%E5%9B%BD%E5%AE%B6%E6%8E%92%E8%A1%8C&rsv_dl=0_right_toplist_20811
2017-09-16 16:01:47,504 - [webpage_parser.py:63] - INFO - procotol:http, hostname:www.baidu.com, new_link:/s?tn=50000028_hao_pg&usm=2&wd=%E9%99%88%E7%BE%BD%E5%87%A1%E5%A4%8D%E5%87%BA&ie=utf-8&rsv_cq=%E6%9C%80%E4%B8%8D%E5%A5%BD%E5%AE%A2%E5%9B%BD%E5%AE%B6%E6%8E%92%E8%A1%8C&rsv_dl=0_right_toplist_20811
2017-09-16 16:01:47,504 - [webpage_parser.py:63] - INFO - procotol:http, hostname:www.baidu.com, new_link:/s?tn=50000028_hao_pg&usm=2&wd=%E7%8E%8B%E5%AE%9D%E5%BC%BA%E6%9D%91%E6%B0%91%E8%B0%88%E5%AE%8B%E5%96%86&ie=utf-8&rsv_cq=%E6%9C%80%E4%B8%8D%E5%A5%BD%E5%AE%A2%E5%9B%BD%E5%AE%B6%E6%8E%92%E8%A1%8C&rsv_dl=0_right_toplist_20811
2017-09-16 16:01:47,505 - [webpage_parser.py:63] - INFO - procotol:http, hostname:www.baidu.com, new_link:/s?tn=50000028_hao_pg&usm=2&wd=%E4%BC%A6%E6%95%A6%E5%9C%B0%E9%93%81%E5%8F%91%E7%94%9F%E7%88%86%E7%82%B8&ie=utf-8&rsv_cq=%E6%9C%80%E4%B8%8D%E5%A5%BD%E5%AE%A2%E5%9B%BD%E5%AE%B6%E6%8E%92%E8%A1%8C&rsv_dl=0_right_toplist_20811
2017-09-16 16:01:47,505 - [webpage_parser.py:63] - INFO - procotol:http, hostname:www.baidu.com, new_link:/s?tn=50000028_hao_pg&usm=2&wd=%E8%B5%9B%E7%90%B3%E5%A8%9C%E6%89%8B%E6%9C%AF&ie=utf-8&rsv_cq=%E6%9C%80%E4%B8%8D%E5%A5%BD%E5%AE%A2%E5%9B%BD%E5%AE%B6%E6%8E%92%E8%A1%8C&rsv_dl=0_right_toplist_20811
2017-09-16 16:01:47,505 - [webpage_parser.py:63] - INFO - procotol:http, hostname:www.baidu.com, new_link:/s?tn=50000028_hao_pg&usm=2&wd=%E5%9B%BD%E5%AE%B6%E8%81%8C%E4%B8%9A%E8%B5%84%E6%A0%BC%E7%9B%AE%E5%BD%95&ie=utf-8&rsv_cq=%E6%9C%80%E4%B8%8D%E5%A5%BD%E5%AE%A2%E5%9B%BD%E5%AE%B6%E6%8E%92%E8%A1%8C&rsv_dl=0_right_toplist_20811
2017-09-16 16:01:47,506 - [webpage_parser.py:63] - INFO - procotol:http, hostname:www.baidu.com, new_link:/s?tn=50000028_hao_pg&usm=2&wd=%E6%9E%97%E5%BF%97%E7%8E%B2%E5%8D%8A%E8%B9%B2%E9%A2%81%E5%A5%96&ie=utf-8&rsv_cq=%E6%9C%80%E4%B8%8D%E5%A5%BD%E5%AE%A2%E5%9B%BD%E5%AE%B6%E6%8E%92%E8%A1%8C&rsv_dl=0_right_toplist_20811
2017-09-16 16:01:47,506 - [webpage_parser.py:63] - INFO - procotol:http, hostname:www.baidu.com, new_link:/s?tn=50000028_hao_pg&usm=2&wd=%E6%9D%8E%E9%9B%A8%E6%A1%90%E5%86%8D%E7%88%86%E6%96%99&ie=utf-8&rsv_cq=%E6%9C%80%E4%B8%8D%E5%A5%BD%E5%AE%A2%E5%9B%BD%E5%AE%B6%E6%8E%92%E8%A1%8C&rsv_dl=0_right_toplist_20811
2017-09-16 16:01:47,506 - [webpage_parser.py:63] - INFO - procotol:http, hostname:www.baidu.com, new_link:/s?tn=50000028_hao_pg&usm=2&wd=%E8%8C%83%E5%86%B0%E5%86%B0%E6%9D%8E%E6%99%A8%E6%92%B8%E4%B8%B2&ie=utf-8&rsv_cq=%E6%9C%80%E4%B8%8D%E5%A5%BD%E5%AE%A2%E5%9B%BD%E5%AE%B6%E6%8E%92%E8%A1%8C&rsv_dl=0_right_toplist_20811
2017-09-16 16:01:47,507 - [webpage_parser.py:63] - INFO - procotol:http, hostname:www.baidu.com, new_link:/s?tn=50000028_hao_pg&usm=2&wd=%E6%97%A5%E4%BC%81%E5%91%A8%E4%BC%91%E4%B8%89%E6%97%A5&ie=utf-8&rsv_cq=%E6%9C%80%E4%B8%8D%E5%A5%BD%E5%AE%A2%E5%9B%BD%E5%AE%B6%E6%8E%92%E8%A1%8C&rsv_dl=0_right_toplist_20811
2017-09-16 16:01:47,507 - [webpage_parser.py:63] - INFO - procotol:http, hostname:www.baidu.com, new_link:/s?tn=50000028_hao_pg&usm=2&wd=%E5%B0%8F%E5%AD%A6%E7%94%9F%E8%8E%B7%E5%9B%BD%E5%AE%B6%E4%B8%93%E5%88%A9&ie=utf-8&rsv_cq=%E6%9C%80%E4%B8%8D%E5%A5%BD%E5%AE%A2%E5%9B%BD%E5%AE%B6%E6%8E%92%E8%A1%8C&rsv_dl=0_right_toplist_20811
2017-09-16 16:01:47,507 - [webpage_parser.py:63] - INFO - procotol:http, hostname:www.baidu.com, new_link:/s?tn=50000028_hao_pg&usm=2&wd=%E6%B2%89%E8%BF%B7%E6%B8%B8%E6%88%8F%E7%BD%91%E5%90%A7%E5%90%83%E4%BD%8F&ie=utf-8&rsv_cq=%E6%9C%80%E4%B8%8D%E5%A5%BD%E5%AE%A2%E5%9B%BD%E5%AE%B6%E6%8E%92%E8%A1%8C&rsv_dl=0_right_toplist_20811
2017-09-16 16:01:47,508 - [webpage_parser.py:63] - INFO - procotol:http, hostname:www.baidu.com, new_link:/s?tn=50000028_hao_pg&usm=2&wd=8%E5%A4%A9%E9%95%BF%E5%81%876%E5%9C%BA%E5%A9%9A%E7%A4%BC&ie=utf-8&rsv_cq=%E6%9C%80%E4%B8%8D%E5%A5%BD%E5%AE%A2%E5%9B%BD%E5%AE%B6%E6%8E%92%E8%A1%8C&rsv_dl=0_right_toplist_20811
2017-09-16 16:01:47,508 - [webpage_parser.py:63] - INFO - procotol:http, hostname:www.baidu.com, new_link:/s?tn=50000028_hao_pg&usm=2&wd=%E9%A9%AC%E4%BC%8A%E7%90%8D%E6%96%B0%E6%88%8F%E6%8E%A5%E9%95%BF%E5%8F%91&ie=utf-8&rsv_cq=%E6%9C%80%E4%B8%8D%E5%A5%BD%E5%AE%A2%E5%9B%BD%E5%AE%B6%E6%8E%92%E8%A1%8C&rsv_dl=0_right_toplist_20811
2017-09-16 16:01:47,508 - [webpage_parser.py:63] - INFO - procotol:http, hostname:www.baidu.com, new_link:/s?tn=50000028_hao_pg&usm=2&wd=%E9%AA%91%E5%8D%95%E8%BD%A6%E8%BA%AB%E4%BA%A1%E6%A1%88%E5%BC%80%E5%BA%AD&ie=utf-8&rsv_cq=%E6%9C%80%E4%B8%8D%E5%A5%BD%E5%AE%A2%E5%9B%BD%E5%AE%B6%E6%8E%92%E8%A1%8C&rsv_dl=0_right_toplist_20811
2017-09-16 16:01:47,509 - [webpage_parser.py:63] - INFO - procotol:http, hostname:www.baidu.com, new_link:/s?tn=50000028_hao_pg&usm=2&wd=ios11%E6%AD%A3%E5%BC%8F%E7%89%88&ie=utf-8&rsv_cq=%E6%9C%80%E4%B8%8D%E5%A5%BD%E5%AE%A2%E5%9B%BD%E5%AE%B6%E6%8E%92%E8%A1%8C&rsv_dl=0_right_toplist_20811
2017-09-16 16:01:47,509 - [webpage_parser.py:63] - INFO - procotol:http, hostname:www.baidu.com, new_link:/s?tn=50000028_hao_pg&usm=2&wd=%E6%9E%97%E6%9B%B4%E6%96%B0%E5%9B%9E%E5%BA%94%E8%A2%AB%E9%AA%82&ie=utf-8&rsv_cq=%E6%9C%80%E4%B8%8D%E5%A5%BD%E5%AE%A2%E5%9B%BD%E5%AE%B6%E6%8E%92%E8%A1%8C&rsv_dl=0_right_toplist_20811
2017-09-16 16:01:47,509 - [webpage_parser.py:63] - INFO - procotol:http, hostname:www.baidu.com, new_link:/s?tn=50000028_hao_pg&usm=2&wd=%E8%97%8F%E7%8D%92%E7%BB%8F%E6%B5%8E%E5%B4%A9%E7%9B%98&ie=utf-8&rsv_cq=%E6%9C%80%E4%B8%8D%E5%A5%BD%E5%AE%A2%E5%9B%BD%E5%AE%B6%E6%8E%92%E8%A1%8C&rsv_dl=0_right_toplist_20811
2017-09-16 16:01:47,510 - [webpage_parser.py:63] - INFO - procotol:http, hostname:www.baidu.com, new_link:/s?tn=50000028_hao_pg&usm=2&wd=%E6%96%B0%E5%8A%A0%E5%9D%A1%E9%A6%96%E4%BD%8D%E5%A5%B3%E6%80%BB%E7%BB%9F&ie=utf-8&rsv_cq=%E6%9C%80%E4%B8%8D%E5%A5%BD%E5%AE%A2%E5%9B%BD%E5%AE%B6%E6%8E%92%E8%A1%8C&rsv_dl=0_right_toplist_20811
2017-09-16 16:01:47,510 - [webpage_parser.py:63] - INFO - procotol:http, hostname:www.baidu.com, new_link:/s?tn=50000028_hao_pg&usm=2&wd=%E9%95%BF%E6%B1%9F%E5%8F%A3%E5%9E%83%E5%9C%BE%E5%80%BE%E5%80%92%E6%A1%88&ie=utf-8&rsv_cq=%E6%9C%80%E4%B8%8D%E5%A5%BD%E5%AE%A2%E5%9B%BD%E5%AE%B6%E6%8E%92%E8%A1%8C&rsv_dl=0_right_toplist_20811
2017-09-16 16:01:47,510 - [webpage_parser.py:63] - INFO - procotol:http, hostname:www.baidu.com, new_link:/s?tn=50000028_hao_pg&usm=2&wd=%E5%8D%81%E5%B2%81%E5%A5%B3%E7%AB%A5%E8%80%83%E4%B8%8A%E5%A4%A7%E4%B8%93&ie=utf-8&rsv_cq=%E6%9C%80%E4%B8%8D%E5%A5%BD%E5%AE%A2%E5%9B%BD%E5%AE%B6%E6%8E%92%E8%A1%8C&rsv_dl=0_right_toplist_20811
2017-09-16 16:01:47,511 - [webpage_parser.py:63] - INFO - procotol:http, hostname:www.baidu.com, new_link:/s?tn=50000028_hao_pg&usm=2&wd=%E5%8F%8C%E5%8F%B0%E9%A3%8E%E7%BB%93%E5%AF%B9%E6%9D%A5%E8%A2%AD&ie=utf-8&rsv_cq=%E6%9C%80%E4%B8%8D%E5%A5%BD%E5%AE%A2%E5%9B%BD%E5%AE%B6%E6%8E%92%E8%A1%8C&rsv_dl=0_right_toplist_20811
2017-09-16 16:01:47,511 - [webpage_parser.py:63] - INFO - procotol:http, hostname:www.baidu.com, new_link:/s?tn=50000028_hao_pg&usm=2&wd=%E4%BA%AC%E4%B8%9C%E8%BF%9B%E5%86%9B%E6%88%BF%E5%9C%B0%E4%BA%A7&ie=utf-8&rsv_cq=%E6%9C%80%E4%B8%8D%E5%A5%BD%E5%AE%A2%E5%9B%BD%E5%AE%B6%E6%8E%92%E8%A1%8C&rsv_dl=0_right_toplist_20811
2017-09-16 16:01:47,511 - [webpage_parser.py:63] - INFO - procotol:http, hostname:www.baidu.com, new_link:/s?tn=50000028_hao_pg&usm=2&wd=%E6%AF%94%E7%89%B9%E5%B8%81%E4%B8%AD%E5%9B%BD%E5%B0%86%E5%85%B3%E5%81%9C&ie=utf-8&rsv_cq=%E6%9C%80%E4%B8%8D%E5%A5%BD%E5%AE%A2%E5%9B%BD%E5%AE%B6%E6%8E%92%E8%A1%8C&rsv_dl=0_right_toplist_20811
2017-09-16 16:01:47,512 - [webpage_parser.py:63] - INFO - procotol:http, hostname:www.baidu.com, new_link:/s?tn=50000028_hao_pg&usm=2&wd=%E4%BC%A0%E5%A5%87%E5%A4%A7%E7%86%8A%E7%8C%AB%E5%8E%BB%E4%B8%96&ie=utf-8&rsv_cq=%E6%9C%80%E4%B8%8D%E5%A5%BD%E5%AE%A2%E5%9B%BD%E5%AE%B6%E6%8E%92%E8%A1%8C&rsv_dl=0_right_toplist_20811
2017-09-16 16:01:47,514 - [webpage_parser.py:63] - INFO - procotol:http, hostname:www.baidu.com, new_link:/s?wd=%E8%80%81%E6%A2%81%E8%AF%B4%E6%9C%80%E4%B8%8D%E5%A5%BD%E6%83%B9%E7%9A%84%E5%9B%BD%E5%AE%B6&rsf=9&rsp=0&f=1&oq=%E6%9C%80%E4%B8%8D%E5%A5%BD%E5%AE%A2%E5%9B%BD%E5%AE%B6%E6%8E%92%E8%A1%8C&tn=50000028_hao_pg&ie=utf-8&usm=2&rsv_pq=f3b856a500010349&rsv_t=26c7ZFYLi%2ByB16lxqs9qw0ti%2BvMIXRC1LsxldrPeIdXh56uVxXGFwCROKsMV2Tjw9bAfzm0i&rqlang=cn&rs_src=0&rsv_pq=f3b856a500010349&rsv_t=26c7ZFYLi%2ByB16lxqs9qw0ti%2BvMIXRC1LsxldrPeIdXh56uVxXGFwCROKsMV2Tjw9bAfzm0i
2017-09-16 16:01:47,514 - [webpage_parser.py:63] - INFO - procotol:http, hostname:www.baidu.com, new_link:/s?wd=%E5%85%A8%E7%90%83%E6%9C%80%E4%B8%8D%E5%A5%BD%E6%89%93%E5%9B%BD%E5%AE%B6&rsf=9&rsp=1&f=1&oq=%E6%9C%80%E4%B8%8D%E5%A5%BD%E5%AE%A2%E5%9B%BD%E5%AE%B6%E6%8E%92%E8%A1%8C&tn=50000028_hao_pg&ie=utf-8&usm=2&rsv_pq=f3b856a500010349&rsv_t=26c7ZFYLi%2ByB16lxqs9qw0ti%2BvMIXRC1LsxldrPeIdXh56uVxXGFwCROKsMV2Tjw9bAfzm0i&rqlang=cn&rs_src=0&rsv_pq=f3b856a500010349&rsv_t=26c7ZFYLi%2ByB16lxqs9qw0ti%2BvMIXRC1LsxldrPeIdXh56uVxXGFwCROKsMV2Tjw9bAfzm0i
2017-09-16 16:01:47,515 - [webpage_parser.py:63] - INFO - procotol:http, hostname:www.baidu.com, new_link:/s?wd=%E6%9C%80%E4%B8%8D%E5%A5%BD%E6%83%B9%E7%9A%84%E5%9B%BD%E5%AE%B6&rsf=9&rsp=2&f=1&oq=%E6%9C%80%E4%B8%8D%E5%A5%BD%E5%AE%A2%E5%9B%BD%E5%AE%B6%E6%8E%92%E8%A1%8C&tn=50000028_hao_pg&ie=utf-8&usm=2&rsv_pq=f3b856a500010349&rsv_t=26c7ZFYLi%2ByB16lxqs9qw0ti%2BvMIXRC1LsxldrPeIdXh56uVxXGFwCROKsMV2Tjw9bAfzm0i&rqlang=cn&rs_src=0&rsv_pq=f3b856a500010349&rsv_t=26c7ZFYLi%2ByB16lxqs9qw0ti%2BvMIXRC1LsxldrPeIdXh56uVxXGFwCROKsMV2Tjw9bAfzm0i
2017-09-16 16:01:47,515 - [webpage_parser.py:63] - INFO - procotol:http, hostname:www.baidu.com, new_link:/s?wd=%E5%9C%B0%E7%90%86%E4%BD%8D%E7%BD%AE%E6%9C%80%E4%B8%8D%E5%A5%BD%E7%9A%84%E5%9B%BD%E5%AE%B6&rsf=9&rsp=3&f=1&oq=%E6%9C%80%E4%B8%8D%E5%A5%BD%E5%AE%A2%E5%9B%BD%E5%AE%B6%E6%8E%92%E8%A1%8C&tn=50000028_hao_pg&ie=utf-8&usm=2&rsv_pq=f3b856a500010349&rsv_t=26c7ZFYLi%2ByB16lxqs9qw0ti%2BvMIXRC1LsxldrPeIdXh56uVxXGFwCROKsMV2Tjw9bAfzm0i&rqlang=cn&rs_src=0&rsv_pq=f3b856a500010349&rsv_t=26c7ZFYLi%2ByB16lxqs9qw0ti%2BvMIXRC1LsxldrPeIdXh56uVxXGFwCROKsMV2Tjw9bAfzm0i
2017-09-16 16:01:47,515 - [webpage_parser.py:63] - INFO - procotol:http, hostname:www.baidu.com, new_link:/s?wd=%E5%85%A8%E7%90%83%E6%B2%BB%E5%AE%89%E6%9C%80%E4%B8%8D%E5%A5%BD%E7%9A%84%E5%9B%BD%E5%AE%B6&rsf=9&rsp=4&f=1&oq=%E6%9C%80%E4%B8%8D%E5%A5%BD%E5%AE%A2%E5%9B%BD%E5%AE%B6%E6%8E%92%E8%A1%8C&tn=50000028_hao_pg&ie=utf-8&usm=2&rsv_pq=f3b856a500010349&rsv_t=26c7ZFYLi%2ByB16lxqs9qw0ti%2BvMIXRC1LsxldrPeIdXh56uVxXGFwCROKsMV2Tjw9bAfzm0i&rqlang=cn&rs_src=0&rsv_pq=f3b856a500010349&rsv_t=26c7ZFYLi%2ByB16lxqs9qw0ti%2BvMIXRC1LsxldrPeIdXh56uVxXGFwCROKsMV2Tjw9bAfzm0i
2017-09-16 16:01:47,516 - [webpage_parser.py:63] - INFO - procotol:http, hostname:www.baidu.com, new_link:/s?wd=%E4%B8%96%E7%95%8C%E4%B8%8A%E6%9C%80%E4%B8%8D%E5%A5%BD%E6%83%B9%E7%9A%84%E5%9B%BD%E5%AE%B6&rsf=9&rsp=5&f=1&oq=%E6%9C%80%E4%B8%8D%E5%A5%BD%E5%AE%A2%E5%9B%BD%E5%AE%B6%E6%8E%92%E8%A1%8C&tn=50000028_hao_pg&ie=utf-8&usm=2&rsv_pq=f3b856a500010349&rsv_t=26c7ZFYLi%2ByB16lxqs9qw0ti%2BvMIXRC1LsxldrPeIdXh56uVxXGFwCROKsMV2Tjw9bAfzm0i&rqlang=cn&rs_src=0&rsv_pq=f3b856a500010349&rsv_t=26c7ZFYLi%2ByB16lxqs9qw0ti%2BvMIXRC1LsxldrPeIdXh56uVxXGFwCROKsMV2Tjw9bAfzm0i
2017-09-16 16:01:47,516 - [webpage_parser.py:63] - INFO - procotol:http, hostname:www.baidu.com, new_link:/s?wd=%E5%85%A8%E7%90%83%E6%9C%80%E4%B8%8D%E5%A5%BD%E6%83%B9%E7%9A%84%E5%9B%BD%E5%AE%B6&rsf=9&rsp=6&f=1&oq=%E6%9C%80%E4%B8%8D%E5%A5%BD%E5%AE%A2%E5%9B%BD%E5%AE%B6%E6%8E%92%E8%A1%8C&tn=50000028_hao_pg&ie=utf-8&usm=2&rsv_pq=f3b856a500010349&rsv_t=26c7ZFYLi%2ByB16lxqs9qw0ti%2BvMIXRC1LsxldrPeIdXh56uVxXGFwCROKsMV2Tjw9bAfzm0i&rqlang=cn&rs_src=0&rsv_pq=f3b856a500010349&rsv_t=26c7ZFYLi%2ByB16lxqs9qw0ti%2BvMIXRC1LsxldrPeIdXh56uVxXGFwCROKsMV2Tjw9bAfzm0i
2017-09-16 16:01:47,517 - [webpage_parser.py:63] - INFO - procotol:http, hostname:www.baidu.com, new_link:/s?wd=%E5%92%8C%E4%B8%AD%E5%9B%BD%E5%85%B3%E7%B3%BB%E4%B8%8D%E5%A5%BD%E7%9A%84%E5%9B%BD%E5%AE%B6&rsf=9&rsp=7&f=1&oq=%E6%9C%80%E4%B8%8D%E5%A5%BD%E5%AE%A2%E5%9B%BD%E5%AE%B6%E6%8E%92%E8%A1%8C&tn=50000028_hao_pg&ie=utf-8&usm=2&rsv_pq=f3b856a500010349&rsv_t=26c7ZFYLi%2ByB16lxqs9qw0ti%2BvMIXRC1LsxldrPeIdXh56uVxXGFwCROKsMV2Tjw9bAfzm0i&rqlang=cn&rs_src=0&rsv_pq=f3b856a500010349&rsv_t=26c7ZFYLi%2ByB16lxqs9qw0ti%2BvMIXRC1LsxldrPeIdXh56uVxXGFwCROKsMV2Tjw9bAfzm0i
2017-09-16 16:01:47,518 - [webpage_parser.py:63] - INFO - procotol:http, hostname:www.baidu.com, new_link:/s?wd=%E9%83%AD%E8%89%BE%E4%BC%A6%E5%9B%BD%E5%AE%B6%E9%98%9F%E4%BA%BA%E7%BC%98%E4%B8%8D%E5%A5%BD&rsf=9&rsp=8&f=1&oq=%E6%9C%80%E4%B8%8D%E5%A5%BD%E5%AE%A2%E5%9B%BD%E5%AE%B6%E6%8E%92%E8%A1%8C&tn=50000028_hao_pg&ie=utf-8&usm=2&rsv_pq=f3b856a500010349&rsv_t=26c7ZFYLi%2ByB16lxqs9qw0ti%2BvMIXRC1LsxldrPeIdXh56uVxXGFwCROKsMV2Tjw9bAfzm0i&rqlang=cn&rs_src=0&rsv_pq=f3b856a500010349&rsv_t=26c7ZFYLi%2ByB16lxqs9qw0ti%2BvMIXRC1LsxldrPeIdXh56uVxXGFwCROKsMV2Tjw9bAfzm0i
2017-09-16 16:01:47,519 - [webpage_parser.py:63] - INFO - procotol:http, hostname:www.baidu.com, new_link:/s?wd=%E6%9C%80%E4%B8%8D%E5%A5%BD%E5%AE%A2%E5%9B%BD%E5%AE%B6%E6%8E%92%E8%A1%8C&pn=10&oq=%E6%9C%80%E4%B8%8D%E5%A5%BD%E5%AE%A2%E5%9B%BD%E5%AE%B6%E6%8E%92%E8%A1%8C&tn=50000028_hao_pg&ie=utf-8&usm=2&rsv_pq=f3b856a500010349&rsv_t=26c7ZFYLi%2ByB16lxqs9qw0ti%2BvMIXRC1LsxldrPeIdXh56uVxXGFwCROKsMV2Tjw9bAfzm0i
2017-09-16 16:01:47,520 - [webpage_parser.py:63] - INFO - procotol:http, hostname:www.baidu.com, new_link:/s?wd=%E6%9C%80%E4%B8%8D%E5%A5%BD%E5%AE%A2%E5%9B%BD%E5%AE%B6%E6%8E%92%E8%A1%8C&pn=20&oq=%E6%9C%80%E4%B8%8D%E5%A5%BD%E5%AE%A2%E5%9B%BD%E5%AE%B6%E6%8E%92%E8%A1%8C&tn=50000028_hao_pg&ie=utf-8&usm=2&rsv_pq=f3b856a500010349&rsv_t=26c7ZFYLi%2ByB16lxqs9qw0ti%2BvMIXRC1LsxldrPeIdXh56uVxXGFwCROKsMV2Tjw9bAfzm0i
2017-09-16 16:01:47,520 - [webpage_parser.py:63] - INFO - procotol:http, hostname:www.baidu.com, new_link:/s?wd=%E6%9C%80%E4%B8%8D%E5%A5%BD%E5%AE%A2%E5%9B%BD%E5%AE%B6%E6%8E%92%E8%A1%8C&pn=30&oq=%E6%9C%80%E4%B8%8D%E5%A5%BD%E5%AE%A2%E5%9B%BD%E5%AE%B6%E6%8E%92%E8%A1%8C&tn=50000028_hao_pg&ie=utf-8&usm=2&rsv_pq=f3b856a500010349&rsv_t=26c7ZFYLi%2ByB16lxqs9qw0ti%2BvMIXRC1LsxldrPeIdXh56uVxXGFwCROKsMV2Tjw9bAfzm0i
2017-09-16 16:01:47,520 - [webpage_parser.py:63] - INFO - procotol:http, hostname:www.baidu.com, new_link:/s?wd=%E6%9C%80%E4%B8%8D%E5%A5%BD%E5%AE%A2%E5%9B%BD%E5%AE%B6%E6%8E%92%E8%A1%8C&pn=40&oq=%E6%9C%80%E4%B8%8D%E5%A5%BD%E5%AE%A2%E5%9B%BD%E5%AE%B6%E6%8E%92%E8%A1%8C&tn=50000028_hao_pg&ie=utf-8&usm=2&rsv_pq=f3b856a500010349&rsv_t=26c7ZFYLi%2ByB16lxqs9qw0ti%2BvMIXRC1LsxldrPeIdXh56uVxXGFwCROKsMV2Tjw9bAfzm0i
2017-09-16 16:01:47,521 - [webpage_parser.py:63] - INFO - procotol:http, hostname:www.baidu.com, new_link:/s?wd=%E6%9C%80%E4%B8%8D%E5%A5%BD%E5%AE%A2%E5%9B%BD%E5%AE%B6%E6%8E%92%E8%A1%8C&pn=50&oq=%E6%9C%80%E4%B8%8D%E5%A5%BD%E5%AE%A2%E5%9B%BD%E5%AE%B6%E6%8E%92%E8%A1%8C&tn=50000028_hao_pg&ie=utf-8&usm=2&rsv_pq=f3b856a500010349&rsv_t=26c7ZFYLi%2ByB16lxqs9qw0ti%2BvMIXRC1LsxldrPeIdXh56uVxXGFwCROKsMV2Tjw9bAfzm0i
2017-09-16 16:01:47,521 - [webpage_parser.py:63] - INFO - procotol:http, hostname:www.baidu.com, new_link:/s?wd=%E6%9C%80%E4%B8%8D%E5%A5%BD%E5%AE%A2%E5%9B%BD%E5%AE%B6%E6%8E%92%E8%A1%8C&pn=60&oq=%E6%9C%80%E4%B8%8D%E5%A5%BD%E5%AE%A2%E5%9B%BD%E5%AE%B6%E6%8E%92%E8%A1%8C&tn=50000028_hao_pg&ie=utf-8&usm=2&rsv_pq=f3b856a500010349&rsv_t=26c7ZFYLi%2ByB16lxqs9qw0ti%2BvMIXRC1LsxldrPeIdXh56uVxXGFwCROKsMV2Tjw9bAfzm0i
2017-09-16 16:01:47,522 - [webpage_parser.py:63] - INFO - procotol:http, hostname:www.baidu.com, new_link:/s?wd=%E6%9C%80%E4%B8%8D%E5%A5%BD%E5%AE%A2%E5%9B%BD%E5%AE%B6%E6%8E%92%E8%A1%8C&pn=70&oq=%E6%9C%80%E4%B8%8D%E5%A5%BD%E5%AE%A2%E5%9B%BD%E5%AE%B6%E6%8E%92%E8%A1%8C&tn=50000028_hao_pg&ie=utf-8&usm=2&rsv_pq=f3b856a500010349&rsv_t=26c7ZFYLi%2ByB16lxqs9qw0ti%2BvMIXRC1LsxldrPeIdXh56uVxXGFwCROKsMV2Tjw9bAfzm0i
2017-09-16 16:01:47,522 - [webpage_parser.py:63] - INFO - procotol:http, hostname:www.baidu.com, new_link:/s?wd=%E6%9C%80%E4%B8%8D%E5%A5%BD%E5%AE%A2%E5%9B%BD%E5%AE%B6%E6%8E%92%E8%A1%8C&pn=80&oq=%E6%9C%80%E4%B8%8D%E5%A5%BD%E5%AE%A2%E5%9B%BD%E5%AE%B6%E6%8E%92%E8%A1%8C&tn=50000028_hao_pg&ie=utf-8&usm=2&rsv_pq=f3b856a500010349&rsv_t=26c7ZFYLi%2ByB16lxqs9qw0ti%2BvMIXRC1LsxldrPeIdXh56uVxXGFwCROKsMV2Tjw9bAfzm0i
2017-09-16 16:01:47,522 - [webpage_parser.py:63] - INFO - procotol:http, hostname:www.baidu.com, new_link:/s?wd=%E6%9C%80%E4%B8%8D%E5%A5%BD%E5%AE%A2%E5%9B%BD%E5%AE%B6%E6%8E%92%E8%A1%8C&pn=90&oq=%E6%9C%80%E4%B8%8D%E5%A5%BD%E5%AE%A2%E5%9B%BD%E5%AE%B6%E6%8E%92%E8%A1%8C&tn=50000028_hao_pg&ie=utf-8&usm=2&rsv_pq=f3b856a500010349&rsv_t=26c7ZFYLi%2ByB16lxqs9qw0ti%2BvMIXRC1LsxldrPeIdXh56uVxXGFwCROKsMV2Tjw9bAfzm0i
2017-09-16 16:01:47,523 - [webpage_parser.py:63] - INFO - procotol:http, hostname:www.baidu.com, new_link:/s?wd=%E6%9C%80%E4%B8%8D%E5%A5%BD%E5%AE%A2%E5%9B%BD%E5%AE%B6%E6%8E%92%E8%A1%8C&pn=10&oq=%E6%9C%80%E4%B8%8D%E5%A5%BD%E5%AE%A2%E5%9B%BD%E5%AE%B6%E6%8E%92%E8%A1%8C&tn=50000028_hao_pg&ie=utf-8&usm=2&rsv_pq=f3b856a500010349&rsv_t=26c7ZFYLi%2ByB16lxqs9qw0ti%2BvMIXRC1LsxldrPeIdXh56uVxXGFwCROKsMV2Tjw9bAfzm0i&rsv_page=1
2017-09-16 16:01:47,523 - [webpage_parser.py:63] - INFO - procotol:http, hostname:www.baidu.com, new_link:javascript:;
2017-09-16 16:01:47,527 - [webpage_saver.py:45] - INFO - url http://www.baidu.com/s?word=%E6%9C%80%E4%B8%8D%E5%A5%BD%E5%AE%A2%E5%9B%BD%E5%AE%B6%E6%8E%92%E8%A1%8C&tn=50000028_hao_pg&ie=utf-8' is not match
2017-09-16 16:01:47,632 - [connectionpool.py:395] - DEBUG - http://redirect.simba.taobao.com:80 "GET /rd?c=un&w=bd&f=https%3A%2F%2Fai.taobao.com%2F%3Fpid%3Dmm_26632322_6858406_121586238&k=3e8e7ae3f29b7029&p=mm_26632322_6858406_121586238 HTTP/1.1" 302 None
2017-09-16 16:01:47,638 - [connectionpool.py:818] - DEBUG - Starting new HTTPS connection (1): ai.taobao.com
2017-09-16 16:01:48,230 - [connectionpool.py:395] - DEBUG - https://www.taobao.com:443 "GET / HTTP/1.1" 200 None
2017-09-16 16:01:48,391 - [webpage_parser.py:63] - INFO - procotol:https, hostname:www.taobao.com, new_link:javascript:;
2017-09-16 16:01:48,393 - [webpage_parser.py:63] - INFO - procotol:https, hostname:www.taobao.com, new_link:javascript:;
2017-09-16 16:01:48,394 - [webpage_parser.py:63] - INFO - procotol:https, hostname:www.taobao.com, new_link:javascript:; a-all
2017-09-16 16:01:48,394 - [webpage_parser.py:63] - INFO - procotol:https, hostname:www.taobao.com, new_link:javascript:;
2017-09-16 16:01:48,394 - [webpage_parser.py:63] - INFO - procotol:https, hostname:www.taobao.com, new_link:javascript:; a-all
2017-09-16 16:01:48,395 - [webpage_parser.py:63] - INFO - procotol:https, hostname:www.taobao.com, new_link:javascript:;
2017-09-16 16:01:48,400 - [webpage_saver.py:45] - INFO - url https://www.taobao.com/ is not match
2017-09-16 16:01:48,458 - [connectionpool.py:395] - DEBUG - http://cn.chinadaily.com.cn:80 "GET / HTTP/1.1" 200 None
2017-09-16 16:01:48,571 - [connectionpool.py:207] - DEBUG - Starting new HTTP connection (1): www.baidu.com
2017-09-16 16:01:48,720 - [webpage_parser.py:63] - INFO - procotol:http, hostname:cn.chinadaily.com.cn, new_link:/
2017-09-16 16:01:48,721 - [webpage_parser.py:63] - INFO - procotol:http, hostname:cn.chinadaily.com.cn, new_link:node_53003783.htm
2017-09-16 16:01:48,723 - [webpage_parser.py:63] - INFO - procotol:http, hostname:cn.chinadaily.com.cn, new_link:node_53002291.htm
2017-09-16 16:01:48,724 - [webpage_parser.py:63] - INFO - procotol:http, hostname:cn.chinadaily.com.cn, new_link:node_53006473.htm
2017-09-16 16:01:48,724 - [webpage_parser.py:63] - INFO - procotol:http, hostname:cn.chinadaily.com.cn, new_link: http://caijing.chinadaily.com.cn/node_1119884.htm
2017-09-16 16:01:48,725 - [webpage_parser.py:63] - INFO - procotol:http, hostname:cn.chinadaily.com.cn, new_link: http://caijing.chinadaily.com.cn/node_1078505.htm
2017-09-16 16:01:48,726 - [webpage_parser.py:63] - INFO - procotol:http, hostname:cn.chinadaily.com.cn, new_link:node_53009968.htm
2017-09-16 16:01:48,727 - [webpage_parser.py:63] - INFO - procotol:http, hostname:cn.chinadaily.com.cn, new_link:javascript:void(0)
2017-09-16 16:01:48,727 - [webpage_parser.py:63] - INFO - procotol:http, hostname:cn.chinadaily.com.cn, new_link:javascript:void(0)
2017-09-16 16:01:48,727 - [webpage_parser.py:63] - INFO - procotol:http, hostname:cn.chinadaily.com.cn, new_link:javascript:void(0)
2017-09-16 16:01:48,727 - [webpage_parser.py:63] - INFO - procotol:http, hostname:cn.chinadaily.com.cn, new_link:javascript:void(0)
2017-09-16 16:01:48,728 - [webpage_parser.py:63] - INFO - procotol:http, hostname:cn.chinadaily.com.cn, new_link:node_53002526.htm
2017-09-16 16:01:48,730 - [webpage_parser.py:63] - INFO - procotol:http, hostname:cn.chinadaily.com.cn, new_link:node_53002614.htm
2017-09-16 16:01:48,731 - [webpage_parser.py:63] - INFO - procotol:http, hostname:cn.chinadaily.com.cn, new_link:node_53011273.htm
2017-09-16 16:01:48,731 - [webpage_parser.py:63] - INFO - procotol:http, hostname:cn.chinadaily.com.cn, new_link:2017ydylforum/
2017-09-16 16:01:48,732 - [webpage_parser.py:63] - INFO - procotol:http, hostname:cn.chinadaily.com.cn, new_link:node_53011218.htm
2017-09-16 16:01:48,732 - [webpage_parser.py:63] - INFO - procotol:http, hostname:cn.chinadaily.com.cn, new_link:2017zgzz2025/
2017-09-16 16:01:48,733 - [webpage_parser.py:63] - INFO - procotol:http, hostname:cn.chinadaily.com.cn, new_link:node_53002528.htm
2017-09-16 16:01:48,733 - [webpage_parser.py:63] - INFO - procotol:http, hostname:cn.chinadaily.com.cn, new_link:2017-09/15/content_32022640.htm
2017-09-16 16:01:48,733 - [webpage_parser.py:63] - INFO - procotol:http, hostname:cn.chinadaily.com.cn, new_link:2017-09/15/content_32022640.htm
2017-09-16 16:01:48,734 - [webpage_parser.py:63] - INFO - procotol:http, hostname:cn.chinadaily.com.cn, new_link:2017-09/15/content_32035115.htm
2017-09-16 16:01:48,735 - [webpage_parser.py:63] - INFO - procotol:http, hostname:cn.chinadaily.com.cn, new_link:2017-09/15/content_32035115.htm
2017-09-16 16:01:48,735 - [webpage_parser.py:63] - INFO - procotol:http, hostname:cn.chinadaily.com.cn, new_link:2017-09/15/content_32035115.htm#pl
2017-09-16 16:01:48,736 - [webpage_parser.py:63] - INFO - procotol:http, hostname:cn.chinadaily.com.cn, new_link:node_53006489.htm
2017-09-16 16:01:48,736 - [webpage_parser.py:63] - INFO - procotol:http, hostname:cn.chinadaily.com.cn, new_link:2017-09/15/content_32028502.htm
2017-09-16 16:01:48,736 - [webpage_parser.py:63] - INFO - procotol:http, hostname:cn.chinadaily.com.cn, new_link:2017-09/15/content_32028502.htm
2017-09-16 16:01:48,737 - [webpage_parser.py:63] - INFO - procotol:http, hostname:cn.chinadaily.com.cn, new_link:2017-09/15/content_32028502.htm#pl
2017-09-16 16:01:48,737 - [webpage_parser.py:63] - INFO - procotol:http, hostname:cn.chinadaily.com.cn, new_link:node_53006489.htm
2017-09-16 16:01:48,737 - [webpage_parser.py:63] - INFO - procotol:http, hostname:cn.chinadaily.com.cn, new_link:node_53002531.htm
2017-09-16 16:01:48,738 - [webpage_parser.py:63] - INFO - procotol:http, hostname:cn.chinadaily.com.cn, new_link:2017-09/11/content_31842236.htm
2017-09-16 16:01:48,738 - [webpage_parser.py:63] - INFO - procotol:http, hostname:cn.chinadaily.com.cn, new_link:2017-05/27/content_29529514.htm
2017-09-16 16:01:48,739 - [webpage_parser.py:63] - INFO - procotol:http, hostname:cn.chinadaily.com.cn, new_link:2017-04/14/content_28929676.htm
2017-09-16 16:01:48,739 - [webpage_parser.py:63] - INFO - procotol:http, hostname:cn.chinadaily.com.cn, new_link:2017-04/10/content_28863642.htm
2017-09-16 16:01:48,740 - [webpage_parser.py:63] - INFO - procotol:http, hostname:cn.chinadaily.com.cn, new_link:2017-08/15/content_30639680.htm
2017-09-16 16:01:48,740 - [webpage_parser.py:63] - INFO - procotol:http, hostname:cn.chinadaily.com.cn, new_link:2017-09/16/content_32062058.htm
2017-09-16 16:01:48,741 - [webpage_parser.py:63] - INFO - procotol:http, hostname:cn.chinadaily.com.cn, new_link:2017-09/08/content_31731788.htm
2017-09-16 16:01:48,742 - [webpage_parser.py:63] - INFO - procotol:http, hostname:cn.chinadaily.com.cn, new_link:/
2017-09-16 16:01:48,743 - [webpage_parser.py:63] - INFO - procotol:http, hostname:cn.chinadaily.com.cn, new_link:2014-09/03/content_18541529.htm
2017-09-16 16:01:48,750 - [webpage_saver.py:45] - INFO - url http://cn.chinadaily.com.cn/ is not match
2017-09-16 16:01:48,817 - [connectionpool.py:395] - DEBUG - http://music.baidu.com:80 "GET / HTTP/1.1" 200 None
2017-09-16 16:01:48,859 - [connectionpool.py:395] - DEBUG - http://www.hao123.com:80 "GET /love HTTP/1.1" 200 None
2017-09-16 16:01:48,907 - [connectionpool.py:395] - DEBUG - http://v.hao123.baidu.com:80 "GET /dongman/ HTTP/1.1" 200 None
2017-09-16 16:01:48,964 - [webpage_parser.py:63] - INFO - procotol:http, hostname:www.hao123.com, new_link:javascript:void(0)
2017-09-16 16:01:49,064 - [webpage_parser.py:63] - INFO - procotol:http, hostname:www.hao123.com, new_link:javascript:;
2017-09-16 16:01:49,154 - [webpage_parser.py:63] - INFO - procotol:http, hostname:www.hao123.com, new_link:javascript:;
2017-09-16 16:01:49,219 - [webpage_saver.py:45] - INFO - url http://www.hao123.com/love is not match
2017-09-16 16:01:49,379 - [connectionpool.py:395] - DEBUG - https://ms.vipstatic.com:443 "GET /union/deeplink/deeplink.html?link_url=vipshop%3A%2F%2FgoHome%3Ftra_from%3Dtra%253Am886rni1%253A%253A%253A%253A&dest_url=http%3A%2F%2Fwww.vip.com%2F HTTP/1.1" 200 None
2017-09-16 16:01:49,559 - [webpage_parser.py:63] - INFO - procotol:http, hostname:v.hao123.baidu.com, new_link:javascript:;
2017-09-16 16:01:49,564 - [webpage_parser.py:63] - INFO - procotol:http, hostname:v.hao123.baidu.com, new_link:javascript:void(0);
2017-09-16 16:01:49,567 - [webpage_saver.py:45] - INFO - url https://dmp-data.vip.com/deeplink/goHome?tra_from=tra%3Am886rni1%3A%3A%3A%3A is not match
2017-09-16 16:01:49,570 - [webpage_parser.py:63] - INFO - procotol:http, hostname:v.hao123.baidu.com, new_link:/dongman/
2017-09-16 16:01:49,572 - [webpage_parser.py:63] - INFO - procotol:http, hostname:v.hao123.baidu.com, new_link:javascript:void(0)
2017-09-16 16:01:49,577 - [webpage_parser.py:63] - INFO - procotol:http, hostname:v.hao123.baidu.com, new_link:javascript:void(0)
2017-09-16 16:01:49,578 - [webpage_parser.py:63] - INFO - procotol:http, hostname:v.hao123.baidu.com, new_link:/dongman_index/filter-true_area-%E6%97%A5%E6%9C%AC_order-hot_pn-1
2017-09-16 16:01:49,581 - [webpage_parser.py:63] - INFO - procotol:http, hostname:v.hao123.baidu.com, new_link:/dongman_index/filter-true_area-%E5%9B%BD%E4%BA%A7_order-hot_pn-1
2017-09-16 16:01:49,583 - [connectionpool.py:207] - DEBUG - Starting new HTTP connection (1): www.baidu.com
2017-09-16 16:01:49,585 - [webpage_parser.py:63] - INFO - procotol:http, hostname:v.hao123.baidu.com, new_link:/dongman_index/filter-true_area-%E6%AC%A7%E7%BE%8E_order-hot_pn-1
2017-09-16 16:01:49,586 - [webpage_parser.py:63] - INFO - procotol:http, hostname:v.hao123.baidu.com, new_link:/dongman_index/filter-true_order-hot_pn-1
2017-09-16 16:01:49,587 - [webpage_parser.py:63] - INFO - procotol:http, hostname:v.hao123.baidu.com, new_link:/dongman_index/filter-true_order-hot_pn-1
2017-09-16 16:01:49,590 - [webpage_parser.py:63] - INFO - procotol:http, hostname:v.hao123.baidu.com, new_link:javascript:void(0)
2017-09-16 16:01:49,590 - [webpage_parser.py:63] - INFO - procotol:http, hostname:v.hao123.baidu.com, new_link:javascript:void(0)
2017-09-16 16:01:49,595 - [webpage_parser.py:63] - INFO - procotol:http, hostname:v.hao123.baidu.com, new_link:javascript:void(0);
2017-09-16 16:01:49,605 - [webpage_saver.py:45] - INFO - url http://v.hao123.baidu.com/dongman/ is not match
2017-09-16 16:01:49,665 - [connectionpool.py:395] - DEBUG - http://www.baidu.com:80 "GET /s?word=iphone8%E5%8F%91%E5%B8%83&tn=sitehao123_10_pg&ie=utf-8 HTTP/1.1" 200 None
2017-09-16 16:01:49,674 - [connectionpool.py:395] - DEBUG - http://www.baidu.com:80 "GET /s?word=%E9%99%88%E7%BE%BD%E5%87%A1%E5%A4%8D%E5%87%BA&tn=50000028_hao_pg&ie=utf-8' HTTP/1.1" 200 None
2017-09-16 16:01:49,702 - [webpage_parser.py:63] - INFO - procotol:http, hostname:music.baidu.com, new_link:/user/message
2017-09-16 16:01:49,703 - [webpage_parser.py:63] - INFO - procotol:http, hostname:music.baidu.com, new_link:javascript:;
2017-09-16 16:01:49,704 - [webpage_parser.py:63] - INFO - procotol:http, hostname:music.baidu.com, new_link:javascript:;
2017-09-16 16:01:49,704 - [webpage_parser.py:63] - INFO - procotol:http, hostname:music.baidu.com, new_link:/feedback
2017-09-16 16:01:49,704 - [webpage_parser.py:63] - INFO - procotol:http, hostname:music.baidu.com, new_link:javascript:;
2017-09-16 16:01:49,705 - [webpage_parser.py:63] - INFO - procotol:http, hostname:music.baidu.com, new_link:/
2017-09-16 16:01:49,705 - [webpage_parser.py:63] - INFO - procotol:http, hostname:music.baidu.com, new_link:/search?key=赵传《看不见的地方》
2017-09-16 16:01:49,706 - [webpage_parser.py:63] - INFO - procotol:http, hostname:music.baidu.com, new_link:/search?key=薛之谦
2017-09-16 16:01:49,706 - [webpage_parser.py:63] - INFO - procotol:http, hostname:music.baidu.com, new_link:/search?key=五月天
2017-09-16 16:01:49,706 - [webpage_parser.py:63] - INFO - procotol:http, hostname:music.baidu.com, new_link:/search?key=《战狼2》电影原声带
2017-09-16 16:01:49,707 - [webpage_parser.py:63] - INFO - procotol:http, hostname:music.baidu.com, new_link:/search?key=Kesha《Rainbow》
2017-09-16 16:01:49,707 - [webpage_parser.py:63] - INFO - procotol:http, hostname:music.baidu.com, new_link:/search?key=平安
2017-09-16 16:01:49,707 - [webpage_parser.py:63] - INFO - procotol:http, hostname:music.baidu.com, new_link:/search?key=宋词辑壹
2017-09-16 16:01:49,708 - [webpage_parser.py:63] - INFO - procotol:http, hostname:music.baidu.com, new_link:/search?key=莫文蔚
2017-09-16 16:01:49,708 - [webpage_parser.py:63] - INFO - procotol:http, hostname:music.baidu.com, new_link:/search?key=李宗盛
2017-09-16 16:01:49,708 - [webpage_parser.py:63] - INFO - procotol:http, hostname:music.baidu.com, new_link:/search?key=lrc
2017-09-16 16:01:49,709 - [webpage_parser.py:63] - INFO - procotol:http, hostname:music.baidu.com, new_link:/search?key=周杰伦
2017-09-16 16:01:49,709 - [webpage_parser.py:63] - INFO - procotol:http, hostname:music.baidu.com, new_link:/search?key=林忆莲《我不能忘记你》
2017-09-16 16:01:49,709 - [webpage_parser.py:63] - INFO - procotol:http, hostname:music.baidu.com, new_link:/search?key=音乐
2017-09-16 16:01:49,710 - [webpage_parser.py:63] - INFO - procotol:http, hostname:music.baidu.com, new_link:/search?key=五月天
2017-09-16 16:01:49,710 - [webpage_parser.py:63] - INFO - procotol:http, hostname:music.baidu.com, new_link:/search?key=李宗盛
2017-09-16 16:01:49,710 - [webpage_parser.py:63] - INFO - procotol:http, hostname:music.baidu.com, new_link:/search?key=凉凉
2017-09-16 16:01:49,711 - [webpage_parser.py:63] - INFO - procotol:http, hostname:music.baidu.com, new_link:/search?key=梁静茹
2017-09-16 16:01:49,711 - [webpage_parser.py:63] - INFO - procotol:http, hostname:music.baidu.com, new_link:/search?key=刚好遇见你
2017-09-16 16:01:49,712 - [webpage_parser.py:63] - INFO - procotol:http, hostname:music.baidu.com, new_link:/search?key=张杰
2017-09-16 16:01:49,712 - [webpage_parser.py:63] - INFO - procotol:http, hostname:music.baidu.com, new_link:/search?key=成都
2017-09-16 16:01:49,713 - [webpage_parser.py:63] - INFO - procotol:http, hostname:music.baidu.com, new_link:/search?key=毛不易
2017-09-16 16:01:49,713 - [webpage_parser.py:63] - INFO - procotol:http, hostname:music.baidu.com, new_link:/search?key=王菲
2017-09-16 16:01:49,713 - [webpage_parser.py:63] - INFO - procotol:http, hostname:music.baidu.com, new_link:/search?key=远走高飞
2017-09-16 16:01:49,714 - [webpage_parser.py:63] - INFO - procotol:http, hostname:music.baidu.com, new_link:/search?key=16799kjcom手机看开奖
2017-09-16 16:01:49,714 - [webpage_parser.py:63] - INFO - procotol:http, hostname:music.baidu.com, new_link:/search?key=儿歌
2017-09-16 16:01:49,715 - [webpage_parser.py:63] - INFO - procotol:http, hostname:music.baidu.com, new_link:/search?key=鹿晗
2017-09-16 16:01:49,715 - [webpage_parser.py:63] - INFO - procotol:http, hostname:music.baidu.com, new_link:/search?key=孙盛希《Between》
2017-09-16 16:01:49,715 - [webpage_parser.py:63] - INFO - procotol:http, hostname:music.baidu.com, new_link:/search?key=漂洋过海来看你
2017-09-16 16:01:49,715 - [webpage_parser.py:63] - INFO - procotol:http, hostname:music.baidu.com, new_link:/search?key=没有你陪伴我真的好孤单
2017-09-16 16:01:49,716 - [webpage_parser.py:63] - INFO - procotol:http, hostname:music.baidu.com, new_link:/search?key=追光者
2017-09-16 16:01:49,716 - [webpage_parser.py:63] - INFO - procotol:http, hostname:music.baidu.com, new_link:/
2017-09-16 16:01:49,717 - [webpage_parser.py:63] - INFO - procotol:http, hostname:music.baidu.com, new_link:/songlist
2017-09-16 16:01:49,717 - [webpage_parser.py:63] - INFO - procotol:http, hostname:music.baidu.com, new_link:/dynamic
2017-09-16 16:01:49,717 - [webpage_parser.py:63] - INFO - procotol:http, hostname:music.baidu.com, new_link:/artist
2017-09-16 16:01:49,718 - [webpage_parser.py:63] - INFO - procotol:http, hostname:music.baidu.com, new_link:/tag
2017-09-16 16:01:49,718 - [webpage_parser.py:63] - INFO - procotol:http, hostname:music.baidu.com, new_link:/top
2017-09-16 16:01:49,718 - [webpage_parser.py:63] - INFO - procotol:http, hostname:music.baidu.com, new_link:/mv
2017-09-16 16:01:49,719 - [webpage_parser.py:63] - INFO - procotol:http, hostname:music.baidu.com, new_link:javascript:void(0)
2017-09-16 16:01:49,720 - [webpage_parser.py:63] - INFO - procotol:http, hostname:music.baidu.com, new_link:/album/556193901
2017-09-16 16:01:49,720 - [webpage_parser.py:63] - INFO - procotol:http, hostname:music.baidu.com, new_link:/album/555861305
2017-09-16 16:01:49,720 - [webpage_parser.py:63] - INFO - procotol:http, hostname:music.baidu.com, new_link:/album/553702360
2017-09-16 16:01:49,721 - [webpage_parser.py:63] - INFO - procotol:http, hostname:music.baidu.com, new_link:/album/shoufa
2017-09-16 16:01:49,721 - [webpage_parser.py:63] - INFO - procotol:http, hostname:music.baidu.com, new_link:/songlist/509185843?pst=shoufa
2017-09-16 16:01:49,721 - [webpage_parser.py:63] - INFO - procotol:http, hostname:music.baidu.com, new_link:javascript:;
2017-09-16 16:01:49,722 - [webpage_parser.py:63] - INFO - procotol:http, hostname:music.baidu.com, new_link:/songlist/509185843?pst=shoufa
2017-09-16 16:01:49,722 - [webpage_parser.py:63] - INFO - procotol:http, hostname:music.baidu.com, new_link:/songlist/509185843
2017-09-16 16:01:49,722 - [webpage_parser.py:63] - INFO - procotol:http, hostname:music.baidu.com, new_link:/album/556193901?pst=shoufa
2017-09-16 16:01:49,723 - [webpage_parser.py:63] - INFO - procotol:http, hostname:music.baidu.com, new_link:javascript:;
2017-09-16 16:01:49,723 - [webpage_parser.py:63] - INFO - procotol:http, hostname:music.baidu.com, new_link:/album/556193901?pst=shoufa
2017-09-16 16:01:49,724 - [webpage_parser.py:63] - INFO - procotol:http, hostname:music.baidu.com, new_link:/artist/82366
2017-09-16 16:01:49,725 - [webpage_parser.py:63] - INFO - procotol:http, hostname:music.baidu.com, new_link:/album/555861305?pst=shoufa
2017-09-16 16:01:49,725 - [webpage_parser.py:63] - INFO - procotol:http, hostname:music.baidu.com, new_link:javascript:;
2017-09-16 16:01:49,726 - [webpage_parser.py:63] - INFO - procotol:http, hostname:music.baidu.com, new_link:/album/555861305?pst=shoufa
2017-09-16 16:01:49,726 - [webpage_parser.py:63] - INFO - procotol:http, hostname:music.baidu.com, new_link:/artist/1117
2017-09-16 16:01:49,727 - [webpage_parser.py:63] - INFO - procotol:http, hostname:music.baidu.com, new_link:/album/556332272?pst=shoufa
2017-09-16 16:01:49,727 - [webpage_parser.py:63] - INFO - procotol:http, hostname:music.baidu.com, new_link:javascript:;
2017-09-16 16:01:49,727 - [webpage_parser.py:63] - INFO - procotol:http, hostname:music.baidu.com, new_link:/album/556332272?pst=shoufa
2017-09-16 16:01:49,728 - [webpage_parser.py:63] - INFO - procotol:http, hostname:music.baidu.com, new_link:/artist/198820448
2017-09-16 16:01:49,728 - [webpage_parser.py:63] - INFO - procotol:http, hostname:music.baidu.com, new_link:/album/553702360?pst=shoufa
2017-09-16 16:01:49,728 - [webpage_parser.py:63] - INFO - procotol:http, hostname:music.baidu.com, new_link:javascript:;
2017-09-16 16:01:49,729 - [webpage_parser.py:63] - INFO - procotol:http, hostname:music.baidu.com, new_link:/album/553702360?pst=shoufa
2017-09-16 16:01:49,729 - [webpage_parser.py:63] - INFO - procotol:http, hostname:music.baidu.com, new_link:/artist/340236035
2017-09-16 16:01:49,729 - [webpage_parser.py:63] - INFO - procotol:http, hostname:music.baidu.com, new_link:/album/556479422?pst=shoufa
2017-09-16 16:01:49,730 - [webpage_parser.py:63] - INFO - procotol:http, hostname:music.baidu.com, new_link:javascript:;
2017-09-16 16:01:49,730 - [webpage_parser.py:63] - INFO - procotol:http, hostname:music.baidu.com, new_link:/album/556479422?pst=shoufa
2017-09-16 16:01:49,730 - [webpage_parser.py:63] - INFO - procotol:http, hostname:music.baidu.com, new_link:/artist/340241738
2017-09-16 16:01:49,731 - [webpage_parser.py:63] - INFO - procotol:http, hostname:music.baidu.com, new_link:/album/556171950?pst=shoufa
2017-09-16 16:01:49,731 - [webpage_parser.py:63] - INFO - procotol:http, hostname:music.baidu.com, new_link:javascript:;
2017-09-16 16:01:49,731 - [webpage_parser.py:63] - INFO - procotol:http, hostname:music.baidu.com, new_link:/album/556171950?pst=shoufa
2017-09-16 16:01:49,731 - [webpage_parser.py:63] - INFO - procotol:http, hostname:music.baidu.com, new_link:/artist/240102777
2017-09-16 16:01:49,732 - [webpage_parser.py:63] - INFO - procotol:http, hostname:music.baidu.com, new_link:/album/556342007?pst=shoufa
2017-09-16 16:01:49,732 - [webpage_parser.py:63] - INFO - procotol:http, hostname:music.baidu.com, new_link:javascript:;
2017-09-16 16:01:49,732 - [webpage_parser.py:63] - INFO - procotol:http, hostname:music.baidu.com, new_link:/album/556342007?pst=shoufa
2017-09-16 16:01:49,733 - [webpage_parser.py:63] - INFO - procotol:http, hostname:music.baidu.com, new_link:/artist/51439659
2017-09-16 16:01:49,733 - [webpage_parser.py:63] - INFO - procotol:http, hostname:music.baidu.com, new_link:/album/556260964?pst=shoufa
2017-09-16 16:01:49,733 - [webpage_parser.py:63] - INFO - procotol:http, hostname:music.baidu.com, new_link:javascript:;
2017-09-16 16:01:49,734 - [webpage_parser.py:63] - INFO - procotol:http, hostname:music.baidu.com, new_link:/album/556260964?pst=shoufa
2017-09-16 16:01:49,734 - [webpage_parser.py:63] - INFO - procotol:http, hostname:music.baidu.com, new_link:/artist/121622
2017-09-16 16:01:49,734 - [webpage_parser.py:63] - INFO - procotol:http, hostname:music.baidu.com, new_link:/album/555925272?pst=shoufa
2017-09-16 16:01:49,735 - [webpage_parser.py:63] - INFO - procotol:http, hostname:music.baidu.com, new_link:javascript:;
2017-09-16 16:01:49,735 - [webpage_parser.py:63] - INFO - procotol:http, hostname:music.baidu.com, new_link:/album/555925272?pst=shoufa
2017-09-16 16:01:49,735 - [webpage_parser.py:63] - INFO - procotol:http, hostname:music.baidu.com, new_link:/artist/340062310
2017-09-16 16:01:49,736 - [webpage_parser.py:63] - INFO - procotol:http, hostname:music.baidu.com, new_link:/album/556234290?pst=shoufa
2017-09-16 16:01:49,736 - [webpage_parser.py:63] - INFO - procotol:http, hostname:music.baidu.com, new_link:javascript:;
2017-09-16 16:01:49,737 - [webpage_parser.py:63] - INFO - procotol:http, hostname:music.baidu.com, new_link:/album/556234290?pst=shoufa
2017-09-16 16:01:49,737 - [webpage_parser.py:63] - INFO - procotol:http, hostname:music.baidu.com, new_link:/artist/239948595
2017-09-16 16:01:49,737 - [webpage_parser.py:63] - INFO - procotol:http, hostname:music.baidu.com, new_link:/album/555196549?pst=shoufa
2017-09-16 16:01:49,738 - [webpage_parser.py:63] - INFO - procotol:http, hostname:music.baidu.com, new_link:javascript:;
2017-09-16 16:01:49,738 - [webpage_parser.py:63] - INFO - procotol:http, hostname:music.baidu.com, new_link:/album/555196549?pst=shoufa
2017-09-16 16:01:49,738 - [webpage_parser.py:63] - INFO - procotol:http, hostname:music.baidu.com, new_link:/artist/88008761
2017-09-16 16:01:49,739 - [webpage_parser.py:63] - INFO - procotol:http, hostname:music.baidu.com, new_link:/album/556349160?pst=shoufa
2017-09-16 16:01:49,739 - [webpage_parser.py:63] - INFO - procotol:http, hostname:music.baidu.com, new_link:javascript:;
2017-09-16 16:01:49,739 - [webpage_parser.py:63] - INFO - procotol:http, hostname:music.baidu.com, new_link:/album/556349160?pst=shoufa
2017-09-16 16:01:49,740 - [webpage_parser.py:63] - INFO - procotol:http, hostname:music.baidu.com, new_link:/artist/9144
2017-09-16 16:01:49,740 - [webpage_parser.py:63] - INFO - procotol:http, hostname:music.baidu.com, new_link:/album/555949335?pst=shoufa
2017-09-16 16:01:49,740 - [webpage_parser.py:63] - INFO - procotol:http, hostname:music.baidu.com, new_link:javascript:;
2017-09-16 16:01:49,741 - [webpage_parser.py:63] - INFO - procotol:http, hostname:music.baidu.com, new_link:/album/555949335?pst=shoufa
2017-09-16 16:01:49,741 - [webpage_parser.py:63] - INFO - procotol:http, hostname:music.baidu.com, new_link:/artist/1461
2017-09-16 16:01:49,742 - [webpage_parser.py:63] - INFO - procotol:http, hostname:music.baidu.com, new_link:/album/556255136?pst=shoufa
2017-09-16 16:01:49,742 - [webpage_parser.py:63] - INFO - procotol:http, hostname:music.baidu.com, new_link:javascript:;
2017-09-16 16:01:49,742 - [webpage_parser.py:63] - INFO - procotol:http, hostname:music.baidu.com, new_link:/album/556255136?pst=shoufa
2017-09-16 16:01:49,743 - [webpage_parser.py:63] - INFO - procotol:http, hostname:music.baidu.com, new_link:/artist/209847214
2017-09-16 16:01:49,743 - [webpage_parser.py:63] - INFO - procotol:http, hostname:music.baidu.com, new_link:/album/555985300?pst=shoufa
2017-09-16 16:01:49,743 - [webpage_parser.py:63] - INFO - procotol:http, hostname:music.baidu.com, new_link:javascript:;
2017-09-16 16:01:49,744 - [webpage_parser.py:63] - INFO - procotol:http, hostname:music.baidu.com, new_link:/album/555985300?pst=shoufa
2017-09-16 16:01:49,744 - [webpage_parser.py:63] - INFO - procotol:http, hostname:music.baidu.com, new_link:/artist/340000130
2017-09-16 16:01:49,745 - [webpage_parser.py:63] - INFO - procotol:http, hostname:music.baidu.com, new_link:/album/556061545?pst=shoufa
2017-09-16 16:01:49,745 - [webpage_parser.py:63] - INFO - procotol:http, hostname:music.baidu.com, new_link:javascript:;
2017-09-16 16:01:49,745 - [webpage_parser.py:63] - INFO - procotol:http, hostname:music.baidu.com, new_link:/album/556061545?pst=shoufa
2017-09-16 16:01:49,746 - [webpage_parser.py:63] - INFO - procotol:http, hostname:music.baidu.com, new_link:/artist/232935887
2017-09-16 16:01:49,746 - [webpage_parser.py:63] - INFO - procotol:http, hostname:music.baidu.com, new_link:/album/556034663?pst=shoufa
2017-09-16 16:01:49,746 - [webpage_parser.py:63] - INFO - procotol:http, hostname:music.baidu.com, new_link:javascript:;
2017-09-16 16:01:49,747 - [webpage_parser.py:63] - INFO - procotol:http, hostname:music.baidu.com, new_link:/album/556034663?pst=shoufa
2017-09-16 16:01:49,747 - [webpage_parser.py:63] - INFO - procotol:http, hostname:music.baidu.com, new_link:/artist/87975400
2017-09-16 16:01:49,748 - [webpage_parser.py:63] - INFO - procotol:http, hostname:music.baidu.com, new_link:/album/555877316?pst=shoufa
2017-09-16 16:01:49,748 - [webpage_parser.py:63] - INFO - procotol:http, hostname:music.baidu.com, new_link:javascript:;
2017-09-16 16:01:49,749 - [webpage_parser.py:63] - INFO - procotol:http, hostname:music.baidu.com, new_link:/album/555877316?pst=shoufa
2017-09-16 16:01:49,749 - [webpage_parser.py:63] - INFO - procotol:http, hostname:music.baidu.com, new_link:/artist/2374
2017-09-16 16:01:49,749 - [webpage_parser.py:63] - INFO - procotol:http, hostname:music.baidu.com, new_link:/album/555878052?pst=shoufa
2017-09-16 16:01:49,750 - [webpage_parser.py:63] - INFO - procotol:http, hostname:music.baidu.com, new_link:javascript:;
2017-09-16 16:01:49,750 - [webpage_parser.py:63] - INFO - procotol:http, hostname:music.baidu.com, new_link:/album/555878052?pst=shoufa
2017-09-16 16:01:49,750 - [webpage_parser.py:63] - INFO - procotol:http, hostname:music.baidu.com, new_link:/artist/340229610
2017-09-16 16:01:49,752 - [webpage_parser.py:63] - INFO - procotol:http, hostname:music.baidu.com, new_link:/album/555678187?pst=shoufa
2017-09-16 16:01:49,752 - [webpage_parser.py:63] - INFO - procotol:http, hostname:music.baidu.com, new_link:javascript:;
2017-09-16 16:01:49,754 - [connectionpool.py:207] - DEBUG - Starting new HTTP connection (1): www.baidu.com
2017-09-16 16:01:49,755 - [webpage_parser.py:63] - INFO - procotol:http, hostname:music.baidu.com, new_link:/album/555678187?pst=shoufa
2017-09-16 16:01:49,756 - [webpage_parser.py:63] - INFO - procotol:http, hostname:music.baidu.com, new_link:/artist/239907481
2017-09-16 16:01:49,756 - [webpage_parser.py:63] - INFO - procotol:http, hostname:music.baidu.com, new_link:/album/555814287?pst=shoufa
2017-09-16 16:01:49,757 - [webpage_parser.py:63] - INFO - procotol:http, hostname:music.baidu.com, new_link:javascript:;
2017-09-16 16:01:49,757 - [webpage_parser.py:63] - INFO - procotol:http, hostname:music.baidu.com, new_link:/album/555814287?pst=shoufa
2017-09-16 16:01:49,758 - [webpage_parser.py:63] - INFO - procotol:http, hostname:music.baidu.com, new_link:/artist/1099
2017-09-16 16:01:49,758 - [webpage_parser.py:63] - INFO - procotol:http, hostname:music.baidu.com, new_link:/album/555830634?pst=shoufa
2017-09-16 16:01:49,758 - [webpage_parser.py:63] - INFO - procotol:http, hostname:music.baidu.com, new_link:javascript:;
2017-09-16 16:01:49,758 - [webpage_parser.py:63] - INFO - procotol:http, hostname:music.baidu.com, new_link:/album/555830634?pst=shoufa
2017-09-16 16:01:49,759 - [webpage_parser.py:63] - INFO - procotol:http, hostname:music.baidu.com, new_link:/artist/1218
2017-09-16 16:01:49,759 - [webpage_parser.py:63] - INFO - procotol:http, hostname:music.baidu.com, new_link:/album/555831084?pst=shoufa
2017-09-16 16:01:49,760 - [webpage_parser.py:63] - INFO - procotol:http, hostname:music.baidu.com, new_link:javascript:;
2017-09-16 16:01:49,760 - [webpage_parser.py:63] - INFO - procotol:http, hostname:music.baidu.com, new_link:/album/555831084?pst=shoufa
2017-09-16 16:01:49,760 - [webpage_parser.py:63] - INFO - procotol:http, hostname:music.baidu.com, new_link:/artist/1415
2017-09-16 16:01:49,760 - [webpage_parser.py:63] - INFO - procotol:http, hostname:music.baidu.com, new_link:/album/555670628?pst=shoufa
2017-09-16 16:01:49,761 - [webpage_parser.py:63] - INFO - procotol:http, hostname:music.baidu.com, new_link:javascript:;
2017-09-16 16:01:49,761 - [webpage_parser.py:63] - INFO - procotol:http, hostname:music.baidu.com, new_link:/album/555670628?pst=shoufa
2017-09-16 16:01:49,761 - [webpage_parser.py:63] - INFO - procotol:http, hostname:music.baidu.com, new_link:/artist/213813859
2017-09-16 16:01:49,762 - [webpage_parser.py:63] - INFO - procotol:http, hostname:music.baidu.com, new_link:/album/555096090?pst=shoufa
2017-09-16 16:01:49,762 - [webpage_parser.py:63] - INFO - procotol:http, hostname:music.baidu.com, new_link:javascript:;
2017-09-16 16:01:49,763 - [webpage_parser.py:63] - INFO - procotol:http, hostname:music.baidu.com, new_link:/album/555096090?pst=shoufa
2017-09-16 16:01:49,763 - [webpage_parser.py:63] - INFO - procotol:http, hostname:music.baidu.com, new_link:/artist/340239527
2017-09-16 16:01:49,763 - [webpage_parser.py:63] - INFO - procotol:http, hostname:music.baidu.com, new_link:/album/555878516?pst=shoufa
2017-09-16 16:01:49,764 - [webpage_parser.py:63] - INFO - procotol:http, hostname:music.baidu.com, new_link:javascript:;
2017-09-16 16:01:49,764 - [webpage_parser.py:63] - INFO - procotol:http, hostname:music.baidu.com, new_link:/album/555878516?pst=shoufa
2017-09-16 16:01:49,764 - [webpage_parser.py:63] - INFO - procotol:http, hostname:music.baidu.com, new_link:/artist/121622
2017-09-16 16:01:49,765 - [webpage_parser.py:63] - INFO - procotol:http, hostname:music.baidu.com, new_link:/album/555798649?pst=shoufa
2017-09-16 16:01:49,765 - [webpage_parser.py:63] - INFO - procotol:http, hostname:music.baidu.com, new_link:javascript:;
2017-09-16 16:01:49,765 - [webpage_parser.py:63] - INFO - procotol:http, hostname:music.baidu.com, new_link:/album/555798649?pst=shoufa
2017-09-16 16:01:49,766 - [webpage_parser.py:63] - INFO - procotol:http, hostname:music.baidu.com, new_link:/artist/232664242
2017-09-16 16:01:49,766 - [webpage_parser.py:63] - INFO - procotol:http, hostname:music.baidu.com, new_link:/album/555636558?pst=shoufa
2017-09-16 16:01:49,767 - [webpage_parser.py:63] - INFO - procotol:http, hostname:music.baidu.com, new_link:javascript:;
2017-09-16 16:01:49,767 - [webpage_parser.py:63] - INFO - procotol:http, hostname:music.baidu.com, new_link:/album/555636558?pst=shoufa
2017-09-16 16:01:49,767 - [webpage_parser.py:63] - INFO - procotol:http, hostname:music.baidu.com, new_link:/artist/87958701
2017-09-16 16:01:49,768 - [webpage_parser.py:63] - INFO - procotol:http, hostname:music.baidu.com, new_link:/album/555299513?pst=shoufa
2017-09-16 16:01:49,768 - [webpage_parser.py:63] - INFO - procotol:http, hostname:music.baidu.com, new_link:javascript:;
2017-09-16 16:01:49,769 - [webpage_parser.py:63] - INFO - procotol:http, hostname:music.baidu.com, new_link:/album/555299513?pst=shoufa
2017-09-16 16:01:49,769 - [webpage_parser.py:63] - INFO - procotol:http, hostname:music.baidu.com, new_link:/artist/556015
2017-09-16 16:01:49,769 - [webpage_parser.py:63] - INFO - procotol:http, hostname:music.baidu.com, new_link:/album/555530114?pst=shoufa
2017-09-16 16:01:49,770 - [webpage_parser.py:63] - INFO - procotol:http, hostname:music.baidu.com, new_link:javascript:;
2017-09-16 16:01:49,770 - [webpage_parser.py:63] - INFO - procotol:http, hostname:music.baidu.com, new_link:/album/555530114?pst=shoufa
2017-09-16 16:01:49,770 - [webpage_parser.py:63] - INFO - procotol:http, hostname:music.baidu.com, new_link:/artist/239558910
2017-09-16 16:01:49,771 - [webpage_parser.py:63] - INFO - procotol:http, hostname:music.baidu.com, new_link:javascript:;
2017-09-16 16:01:49,771 - [webpage_parser.py:63] - INFO - procotol:http, hostname:music.baidu.com, new_link:/song/552789647
2017-09-16 16:01:49,771 - [webpage_parser.py:63] - INFO - procotol:http, hostname:music.baidu.com, new_link:/artist/51439659
2017-09-16 16:01:49,772 - [webpage_parser.py:63] - INFO - procotol:http, hostname:music.baidu.com, new_link:javascript:;
2017-09-16 16:01:49,772 - [webpage_parser.py:63] - INFO - procotol:http, hostname:music.baidu.com, new_link:javascript:;
2017-09-16 16:01:49,772 - [webpage_parser.py:63] - INFO - procotol:http, hostname:music.baidu.com, new_link:/song/552821206
2017-09-16 16:01:49,772 - [webpage_parser.py:63] - INFO - procotol:http, hostname:music.baidu.com, new_link:/artist/1117
2017-09-16 16:01:49,773 - [webpage_parser.py:63] - INFO - procotol:http, hostname:music.baidu.com, new_link:/artist/1192
2017-09-16 16:01:49,773 - [webpage_parser.py:63] - INFO - procotol:http, hostname:music.baidu.com, new_link:javascript:;
2017-09-16 16:01:49,773 - [webpage_parser.py:63] - INFO - procotol:http, hostname:music.baidu.com, new_link:javascript:;
2017-09-16 16:01:49,774 - [webpage_parser.py:63] - INFO - procotol:http, hostname:music.baidu.com, new_link:/song/554926752
2017-09-16 16:01:49,774 - [webpage_parser.py:63] - INFO - procotol:http, hostname:music.baidu.com, new_link:/artist/1224778
2017-09-16 16:01:49,774 - [webpage_parser.py:63] - INFO - procotol:http, hostname:music.baidu.com, new_link:javascript:;
2017-09-16 16:01:49,775 - [webpage_parser.py:63] - INFO - procotol:http, hostname:music.baidu.com, new_link:javascript:;
2017-09-16 16:01:49,775 - [webpage_parser.py:63] - INFO - procotol:http, hostname:music.baidu.com, new_link:/song/546597997
2017-09-16 16:01:49,775 - [webpage_parser.py:63] - INFO - procotol:http, hostname:music.baidu.com, new_link:/artist/2611
2017-09-16 16:01:49,775 - [webpage_parser.py:63] - INFO - procotol:http, hostname:music.baidu.com, new_link:javascript:;
2017-09-16 16:01:49,776 - [webpage_parser.py:63] - INFO - procotol:http, hostname:music.baidu.com, new_link:javascript:;
2017-09-16 16:01:49,776 - [webpage_parser.py:63] - INFO - procotol:http, hostname:music.baidu.com, new_link:/song/554727338
2017-09-16 16:01:49,776 - [webpage_parser.py:63] - INFO - procotol:http, hostname:music.baidu.com, new_link:/artist/1118
2017-09-16 16:01:49,777 - [webpage_parser.py:63] - INFO - procotol:http, hostname:music.baidu.com, new_link:javascript:;
2017-09-16 16:01:49,777 - [webpage_parser.py:63] - INFO - procotol:http, hostname:music.baidu.com, new_link:javascript:;
2017-09-16 16:01:49,777 - [webpage_parser.py:63] - INFO - procotol:http, hostname:music.baidu.com, new_link:/song/554126256
2017-09-16 16:01:49,778 - [webpage_parser.py:63] - INFO - procotol:http, hostname:music.baidu.com, new_link:/artist/5372
2017-09-16 16:01:49,778 - [webpage_parser.py:63] - INFO - procotol:http, hostname:music.baidu.com, new_link:/artist/1037
2017-09-16 16:01:49,778 - [webpage_parser.py:63] - INFO - procotol:http, hostname:music.baidu.com, new_link:javascript:;
2017-09-16 16:01:49,779 - [webpage_parser.py:63] - INFO - procotol:http, hostname:music.baidu.com, new_link:javascript:;
2017-09-16 16:01:49,779 - [webpage_parser.py:63] - INFO - procotol:http, hostname:music.baidu.com, new_link:/song/552774162
2017-09-16 16:01:49,779 - [webpage_parser.py:63] - INFO - procotol:http, hostname:music.baidu.com, new_link:/artist/2096300
2017-09-16 16:01:49,780 - [webpage_parser.py:63] - INFO - procotol:http, hostname:music.baidu.com, new_link:javascript:;
2017-09-16 16:01:49,780 - [webpage_parser.py:63] - INFO - procotol:http, hostname:music.baidu.com, new_link:javascript:;
2017-09-16 16:01:49,780 - [webpage_parser.py:63] - INFO - procotol:http, hostname:music.baidu.com, new_link:/song/554921520
2017-09-16 16:01:49,781 - [webpage_parser.py:63] - INFO - procotol:http, hostname:music.baidu.com, new_link:/artist/1325
2017-09-16 16:01:49,781 - [webpage_parser.py:63] - INFO - procotol:http, hostname:music.baidu.com, new_link:javascript:;
2017-09-16 16:01:49,781 - [webpage_parser.py:63] - INFO - procotol:http, hostname:music.baidu.com, new_link:javascript:;
2017-09-16 16:01:49,782 - [webpage_parser.py:63] - INFO - procotol:http, hostname:music.baidu.com, new_link:/song/553564825
2017-09-16 16:01:49,782 - [webpage_parser.py:63] - INFO - procotol:http, hostname:music.baidu.com, new_link:/artist/1053
2017-09-16 16:01:49,782 - [webpage_parser.py:63] - INFO - procotol:http, hostname:music.baidu.com, new_link:javascript:;
2017-09-16 16:01:49,782 - [webpage_parser.py:63] - INFO - procotol:http, hostname:music.baidu.com, new_link:javascript:;
2017-09-16 16:01:49,783 - [webpage_parser.py:63] - INFO - procotol:http, hostname:music.baidu.com, new_link:/song/553273212
2017-09-16 16:01:49,783 - [webpage_parser.py:63] - INFO - procotol:http, hostname:music.baidu.com, new_link:/artist/1244
2017-09-16 16:01:49,783 - [webpage_parser.py:63] - INFO - procotol:http, hostname:music.baidu.com, new_link:javascript:;
2017-09-16 16:01:49,784 - [webpage_parser.py:63] - INFO - procotol:http, hostname:music.baidu.com, new_link:javascript:;
2017-09-16 16:01:49,784 - [webpage_parser.py:63] - INFO - procotol:http, hostname:music.baidu.com, new_link:/top/new/?pst=shouyeTop
2017-09-16 16:01:49,784 - [webpage_parser.py:63] - INFO - procotol:http, hostname:music.baidu.com, new_link:javascript:;
2017-09-16 16:01:49,785 - [webpage_parser.py:63] - INFO - procotol:http, hostname:music.baidu.com, new_link:/song/276867440
2017-09-16 16:01:49,785 - [webpage_parser.py:63] - INFO - procotol:http, hostname:music.baidu.com, new_link:/artist/1078
2017-09-16 16:01:49,785 - [webpage_parser.py:63] - INFO - procotol:http, hostname:music.baidu.com, new_link:javascript:;
2017-09-16 16:01:49,786 - [webpage_parser.py:63] - INFO - procotol:http, hostname:music.baidu.com, new_link:javascript:;
2017-09-16 16:01:49,786 - [webpage_parser.py:63] - INFO - procotol:http, hostname:music.baidu.com, new_link:/song/100575177
2017-09-16 16:01:49,787 - [webpage_parser.py:63] - INFO - procotol:http, hostname:music.baidu.com, new_link:/artist/2517
2017-09-16 16:01:49,787 - [webpage_parser.py:63] - INFO - procotol:http, hostname:music.baidu.com, new_link:javascript:;
2017-09-16 16:01:49,787 - [webpage_parser.py:63] - INFO - procotol:http, hostname:music.baidu.com, new_link:javascript:;
2017-09-16 16:01:49,788 - [webpage_parser.py:63] - INFO - procotol:http, hostname:music.baidu.com, new_link:/song/274841326
2017-09-16 16:01:49,788 - [webpage_parser.py:63] - INFO - procotol:http, hostname:music.baidu.com, new_link:/artist/90654808
2017-09-16 16:01:49,789 - [webpage_parser.py:63] - INFO - procotol:http, hostname:music.baidu.com, new_link:javascript:;
2017-09-16 16:01:49,790 - [connectionpool.py:395] - DEBUG - http://www.baidu.com:80 "GET /s?word=%E7%8E%AF%E4%BF%9D%E7%A8%8E%E5%BC%80%E5%BE%81%E5%80%92%E8%AE%A1%E6%97%B6&tn=50000028_hao_pg&ie=utf-8' HTTP/1.1" 200 None
2017-09-16 16:01:49,790 - [webpage_parser.py:63] - INFO - procotol:http, hostname:music.baidu.com, new_link:javascript:;
2017-09-16 16:01:49,797 - [webpage_parser.py:63] - INFO - procotol:http, hostname:music.baidu.com, new_link:/song/257535276
2017-09-16 16:01:49,798 - [webpage_parser.py:63] - INFO - procotol:http, hostname:music.baidu.com, new_link:/artist/232949589
2017-09-16 16:01:49,799 - [webpage_parser.py:63] - INFO - procotol:http, hostname:music.baidu.com, new_link:/artist/239550778
2017-09-16 16:01:49,800 - [webpage_parser.py:63] - INFO - procotol:http, hostname:music.baidu.com, new_link:javascript:;
2017-09-16 16:01:49,800 - [webpage_parser.py:63] - INFO - procotol:http, hostname:music.baidu.com, new_link:javascript:;
2017-09-16 16:01:49,801 - [webpage_parser.py:63] - INFO - procotol:http, hostname:music.baidu.com, new_link:/song/121353608
2017-09-16 16:01:49,802 - [webpage_parser.py:63] - INFO - procotol:http, hostname:music.baidu.com, new_link:/artist/132632388
2017-09-16 16:01:49,803 - [webpage_parser.py:63] - INFO - procotol:http, hostname:music.baidu.com, new_link:javascript:;
2017-09-16 16:01:49,804 - [webpage_parser.py:63] - INFO - procotol:http, hostname:music.baidu.com, new_link:javascript:;
2017-09-16 16:01:49,804 - [webpage_parser.py:63] - INFO - procotol:http, hostname:music.baidu.com, new_link:/song/123339030
2017-09-16 16:01:49,805 - [webpage_parser.py:63] - INFO - procotol:http, hostname:music.baidu.com, new_link:/artist/1629
2017-09-16 16:01:49,806 - [webpage_parser.py:63] - INFO - procotol:http, hostname:music.baidu.com, new_link:/artist/1883523
2017-09-16 16:01:49,807 - [webpage_parser.py:63] - INFO - procotol:http, hostname:music.baidu.com, new_link:javascript:;
2017-09-16 16:01:49,808 - [webpage_parser.py:63] - INFO - procotol:http, hostname:music.baidu.com, new_link:javascript:;
2017-09-16 16:01:49,810 - [webpage_parser.py:63] - INFO - procotol:http, hostname:music.baidu.com, new_link:/song/540175998
2017-09-16 16:01:49,811 - [webpage_parser.py:63] - INFO - procotol:http, hostname:music.baidu.com, new_link:/artist/2517
2017-09-16 16:01:49,812 - [webpage_parser.py:63] - INFO - procotol:http, hostname:music.baidu.com, new_link:javascript:;
2017-09-16 16:01:49,813 - [webpage_parser.py:63] - INFO - procotol:http, hostname:music.baidu.com, new_link:javascript:;
2017-09-16 16:01:49,813 - [webpage_parser.py:63] - INFO - procotol:http, hostname:music.baidu.com, new_link:/song/258475780
2017-09-16 16:01:49,814 - [webpage_parser.py:63] - INFO - procotol:http, hostname:music.baidu.com, new_link:/artist/617453
2017-09-16 16:01:49,816 - [webpage_parser.py:63] - INFO - procotol:http, hostname:music.baidu.com, new_link:/artist/72167
2017-09-16 16:01:49,818 - [webpage_parser.py:63] - INFO - procotol:http, hostname:music.baidu.com, new_link:javascript:;
2017-09-16 16:01:49,819 - [webpage_parser.py:63] - INFO - procotol:http, hostname:music.baidu.com, new_link:javascript:;
2017-09-16 16:01:49,820 - [webpage_parser.py:63] - INFO - procotol:http, hostname:music.baidu.com, new_link:/song/277058670
2017-09-16 16:01:49,821 - [webpage_parser.py:63] - INFO - procotol:http, hostname:music.baidu.com, new_link:/artist/38486050
2017-09-16 16:01:49,822 - [webpage_parser.py:63] - INFO - procotol:http, hostname:music.baidu.com, new_link:javascript:;
2017-09-16 16:01:49,822 - [webpage_parser.py:63] - INFO - procotol:http, hostname:music.baidu.com, new_link:javascript:;
2017-09-16 16:01:49,823 - [webpage_parser.py:63] - INFO - procotol:http, hostname:music.baidu.com, new_link:/song/541680641
2017-09-16 16:01:49,824 - [webpage_parser.py:63] - INFO - procotol:http, hostname:music.baidu.com, new_link:/artist/7898
2017-09-16 16:01:49,824 - [webpage_parser.py:63] - INFO - procotol:http, hostname:music.baidu.com, new_link:javascript:;
2017-09-16 16:01:49,825 - [webpage_parser.py:63] - INFO - procotol:http, hostname:music.baidu.com, new_link:javascript:;
2017-09-16 16:01:49,826 - [webpage_parser.py:63] - INFO - procotol:http, hostname:music.baidu.com, new_link:/top/dayhot/?pst=shouyeTop
2017-09-16 16:01:49,828 - [webpage_parser.py:63] - INFO - procotol:http, hostname:music.baidu.com, new_link:javascript:;
2017-09-16 16:01:49,828 - [webpage_parser.py:63] - INFO - procotol:http, hostname:music.baidu.com, new_link:/song/790142
2017-09-16 16:01:49,829 - [webpage_parser.py:63] - INFO - procotol:http, hostname:music.baidu.com, new_link:/artist/1067
2017-09-16 16:01:49,830 - [webpage_parser.py:63] - INFO - procotol:http, hostname:music.baidu.com, new_link:javascript:;
2017-09-16 16:01:49,831 - [webpage_parser.py:63] - INFO - procotol:http, hostname:music.baidu.com, new_link:javascript:;
2017-09-16 16:01:49,831 - [webpage_parser.py:63] - INFO - procotol:http, hostname:music.baidu.com, new_link:/song/1183139
2017-09-16 16:01:49,832 - [webpage_parser.py:63] - INFO - procotol:http, hostname:music.baidu.com, new_link:/artist/1117
2017-09-16 16:01:49,832 - [webpage_parser.py:63] - INFO - procotol:http, hostname:music.baidu.com, new_link:javascript:;
2017-09-16 16:01:49,834 - [webpage_parser.py:63] - INFO - procotol:http, hostname:music.baidu.com, new_link:javascript:;
2017-09-16 16:01:49,835 - [webpage_parser.py:63] - INFO - procotol:http, hostname:music.baidu.com, new_link:/song/704195
2017-09-16 16:01:49,835 - [webpage_parser.py:63] - INFO - procotol:http, hostname:music.baidu.com, new_link:/artist/1094
2017-09-16 16:01:49,836 - [webpage_parser.py:63] - INFO - procotol:http, hostname:music.baidu.com, new_link:javascript:;
2017-09-16 16:01:49,836 - [webpage_parser.py:63] - INFO - procotol:http, hostname:music.baidu.com, new_link:javascript:;
2017-09-16 16:01:49,837 - [webpage_parser.py:63] - INFO - procotol:http, hostname:music.baidu.com, new_link:/song/323025
2017-09-16 16:01:49,837 - [webpage_parser.py:63] - INFO - procotol:http, hostname:music.baidu.com, new_link:/artist/1118
2017-09-16 16:01:49,838 - [webpage_parser.py:63] - INFO - procotol:http, hostname:music.baidu.com, new_link:javascript:;
2017-09-16 16:01:49,838 - [webpage_parser.py:63] - INFO - procotol:http, hostname:music.baidu.com, new_link:javascript:;
2017-09-16 16:01:49,839 - [webpage_parser.py:63] - INFO - procotol:http, hostname:music.baidu.com, new_link:/song/963292
2017-09-16 16:01:49,839 - [webpage_parser.py:63] - INFO - procotol:http, hostname:music.baidu.com, new_link:/artist/1314
2017-09-16 16:01:49,840 - [webpage_parser.py:63] - INFO - procotol:http, hostname:music.baidu.com, new_link:javascript:;
2017-09-16 16:01:49,840 - [webpage_parser.py:63] - INFO - procotol:http, hostname:music.baidu.com, new_link:javascript:;
2017-09-16 16:01:49,840 - [webpage_parser.py:63] - INFO - procotol:http, hostname:music.baidu.com, new_link:/song/233822
2017-09-16 16:01:49,841 - [webpage_parser.py:63] - INFO - procotol:http, hostname:music.baidu.com, new_link:/artist/1095
2017-09-16 16:01:49,842 - [webpage_parser.py:63] - INFO - procotol:http, hostname:music.baidu.com, new_link:javascript:;
2017-09-16 16:01:49,842 - [webpage_parser.py:63] - INFO - procotol:http, hostname:music.baidu.com, new_link:javascript:;
2017-09-16 16:01:49,843 - [webpage_parser.py:63] - INFO - procotol:http, hostname:music.baidu.com, new_link:/song/2124107
2017-09-16 16:01:49,843 - [webpage_parser.py:63] - INFO - procotol:http, hostname:music.baidu.com, new_link:/artist/6919
2017-09-16 16:01:49,844 - [webpage_parser.py:63] - INFO - procotol:http, hostname:music.baidu.com, new_link:javascript:;
2017-09-16 16:01:49,844 - [webpage_parser.py:63] - INFO - procotol:http, hostname:music.baidu.com, new_link:javascript:;
2017-09-16 16:01:49,845 - [webpage_parser.py:63] - INFO - procotol:http, hostname:music.baidu.com, new_link:/song/276766
2017-09-16 16:01:49,845 - [webpage_parser.py:63] - INFO - procotol:http, hostname:music.baidu.com, new_link:/artist/1378
2017-09-16 16:01:49,845 - [webpage_parser.py:63] - INFO - procotol:http, hostname:music.baidu.com, new_link:javascript:;
2017-09-16 16:01:49,846 - [webpage_parser.py:63] - INFO - procotol:http, hostname:music.baidu.com, new_link:javascript:;
2017-09-16 16:01:49,846 - [webpage_parser.py:63] - INFO - procotol:http, hostname:music.baidu.com, new_link:/song/15122721
2017-09-16 16:01:49,846 - [webpage_parser.py:63] - INFO - procotol:http, hostname:music.baidu.com, new_link:/artist/1358
2017-09-16 16:01:49,847 - [webpage_parser.py:63] - INFO - procotol:http, hostname:music.baidu.com, new_link:javascript:;
2017-09-16 16:01:49,847 - [webpage_parser.py:63] - INFO - procotol:http, hostname:music.baidu.com, new_link:javascript:;
2017-09-16 16:01:49,847 - [webpage_parser.py:63] - INFO - procotol:http, hostname:music.baidu.com, new_link:/song/1967722
2017-09-16 16:01:49,848 - [webpage_parser.py:63] - INFO - procotol:http, hostname:music.baidu.com, new_link:/artist/1422
2017-09-16 16:01:49,848 - [webpage_parser.py:63] - INFO - procotol:http, hostname:music.baidu.com, new_link:javascript:;
2017-09-16 16:01:49,849 - [webpage_parser.py:63] - INFO - procotol:http, hostname:music.baidu.com, new_link:javascript:;
2017-09-16 16:01:49,849 - [webpage_parser.py:63] - INFO - procotol:http, hostname:music.baidu.com, new_link:/top/oldsong/?pst=shouyeTop
2017-09-16 16:01:49,849 - [webpage_parser.py:63] - INFO - procotol:http, hostname:music.baidu.com, new_link:javascript:;
2017-09-16 16:01:49,850 - [webpage_parser.py:63] - INFO - procotol:http, hostname:music.baidu.com, new_link:/song/554926752
2017-09-16 16:01:49,850 - [webpage_parser.py:63] - INFO - procotol:http, hostname:music.baidu.com, new_link:/artist/1224778
2017-09-16 16:01:49,851 - [webpage_parser.py:63] - INFO - procotol:http, hostname:music.baidu.com, new_link:javascript:;
2017-09-16 16:01:49,851 - [webpage_parser.py:63] - INFO - procotol:http, hostname:music.baidu.com, new_link:javascript:;
2017-09-16 16:01:49,851 - [webpage_parser.py:63] - INFO - procotol:http, hostname:music.baidu.com, new_link:/song/541616262
2017-09-16 16:01:49,852 - [webpage_parser.py:63] - INFO - procotol:http, hostname:music.baidu.com, new_link:/artist/245815
2017-09-16 16:01:49,852 - [webpage_parser.py:63] - INFO - procotol:http, hostname:music.baidu.com, new_link:javascript:;
2017-09-16 16:01:49,853 - [webpage_parser.py:63] - INFO - procotol:http, hostname:music.baidu.com, new_link:javascript:;
2017-09-16 16:01:49,853 - [webpage_parser.py:63] - INFO - procotol:http, hostname:music.baidu.com, new_link:/song/549319777
2017-09-16 16:01:49,853 - [webpage_parser.py:63] - INFO - procotol:http, hostname:music.baidu.com, new_link:/artist/1255
2017-09-16 16:01:49,854 - [webpage_parser.py:63] - INFO - procotol:http, hostname:music.baidu.com, new_link:javascript:;
2017-09-16 16:01:49,854 - [webpage_parser.py:63] - INFO - procotol:http, hostname:music.baidu.com, new_link:javascript:;
2017-09-16 16:01:49,854 - [webpage_parser.py:63] - INFO - procotol:http, hostname:music.baidu.com, new_link:/song/274334244
2017-09-16 16:01:49,855 - [webpage_parser.py:63] - INFO - procotol:http, hostname:music.baidu.com, new_link:/artist/1584151
2017-09-16 16:01:49,855 - [webpage_parser.py:63] - INFO - procotol:http, hostname:music.baidu.com, new_link:javascript:;
2017-09-16 16:01:49,855 - [webpage_parser.py:63] - INFO - procotol:http, hostname:music.baidu.com, new_link:javascript:;
2017-09-16 16:01:49,856 - [webpage_parser.py:63] - INFO - procotol:http, hostname:music.baidu.com, new_link:/song/533308233
2017-09-16 16:01:49,856 - [webpage_parser.py:63] - INFO - procotol:http, hostname:music.baidu.com, new_link:/artist/1457
2017-09-16 16:01:49,856 - [webpage_parser.py:63] - INFO - procotol:http, hostname:music.baidu.com, new_link:javascript:;
2017-09-16 16:01:49,857 - [webpage_parser.py:63] - INFO - procotol:http, hostname:music.baidu.com, new_link:javascript:;
2017-09-16 16:01:49,857 - [webpage_parser.py:63] - INFO - procotol:http, hostname:music.baidu.com, new_link:/song/540735586
2017-09-16 16:01:49,857 - [webpage_parser.py:63] - INFO - procotol:http, hostname:music.baidu.com, new_link:/artist/1342
2017-09-16 16:01:49,858 - [webpage_parser.py:63] - INFO - procotol:http, hostname:music.baidu.com, new_link:javascript:;
2017-09-16 16:01:49,858 - [webpage_parser.py:63] - INFO - procotol:http, hostname:music.baidu.com, new_link:javascript:;
2017-09-16 16:01:49,858 - [webpage_parser.py:63] - INFO - procotol:http, hostname:music.baidu.com, new_link:/song/292390695
2017-09-16 16:01:49,858 - [webpage_parser.py:63] - INFO - procotol:http, hostname:music.baidu.com, new_link:/artist/821050
2017-09-16 16:01:49,859 - [webpage_parser.py:63] - INFO - procotol:http, hostname:music.baidu.com, new_link:javascript:;
2017-09-16 16:01:49,859 - [webpage_parser.py:63] - INFO - procotol:http, hostname:music.baidu.com, new_link:javascript:;
2017-09-16 16:01:49,859 - [webpage_parser.py:63] - INFO - procotol:http, hostname:music.baidu.com, new_link:/song/545493042
2017-09-16 16:01:49,860 - [webpage_parser.py:63] - INFO - procotol:http, hostname:music.baidu.com, new_link:/artist/1584151
2017-09-16 16:01:49,860 - [webpage_parser.py:63] - INFO - procotol:http, hostname:music.baidu.com, new_link:/artist/239756425
2017-09-16 16:01:49,860 - [webpage_parser.py:63] - INFO - procotol:http, hostname:music.baidu.com, new_link:javascript:;
2017-09-16 16:01:49,861 - [webpage_parser.py:63] - INFO - procotol:http, hostname:music.baidu.com, new_link:javascript:;
2017-09-16 16:01:49,861 - [webpage_parser.py:63] - INFO - procotol:http, hostname:music.baidu.com, new_link:/song/271896483
2017-09-16 16:01:49,861 - [webpage_parser.py:63] - INFO - procotol:http, hostname:music.baidu.com, new_link:/artist/245815
2017-09-16 16:01:49,861 - [webpage_parser.py:63] - INFO - procotol:http, hostname:music.baidu.com, new_link:/artist/209045495
2017-09-16 16:01:49,862 - [webpage_parser.py:63] - INFO - procotol:http, hostname:music.baidu.com, new_link:javascript:;
2017-09-16 16:01:49,862 - [webpage_parser.py:63] - INFO - procotol:http, hostname:music.baidu.com, new_link:javascript:;
2017-09-16 16:01:49,862 - [webpage_parser.py:63] - INFO - procotol:http, hostname:music.baidu.com, new_link:/song/258475780
2017-09-16 16:01:49,863 - [webpage_parser.py:63] - INFO - procotol:http, hostname:music.baidu.com, new_link:/artist/617453
2017-09-16 16:01:49,863 - [webpage_parser.py:63] - INFO - procotol:http, hostname:music.baidu.com, new_link:/artist/72167
2017-09-16 16:01:49,863 - [webpage_parser.py:63] - INFO - procotol:http, hostname:music.baidu.com, new_link:javascript:;
2017-09-16 16:01:49,864 - [webpage_parser.py:63] - INFO - procotol:http, hostname:music.baidu.com, new_link:javascript:;
2017-09-16 16:01:49,864 - [webpage_parser.py:63] - INFO - procotol:http, hostname:music.baidu.com, new_link:/top/netsong/?pst=shouyeTop
2017-09-16 16:01:49,864 - [webpage_parser.py:63] - INFO - procotol:http, hostname:music.baidu.com, new_link:javascript:;
2017-09-16 16:01:49,865 - [webpage_parser.py:63] - INFO - procotol:http, hostname:music.baidu.com, new_link:/song/74231923/?pst=shouyeTop
2017-09-16 16:01:49,865 - [webpage_parser.py:63] - INFO - procotol:http, hostname:music.baidu.com, new_link:javascript:;
2017-09-16 16:01:49,865 - [webpage_parser.py:63] - INFO - procotol:http, hostname:music.baidu.com, new_link:javascript:;
2017-09-16 16:01:49,865 - [webpage_parser.py:63] - INFO - procotol:http, hostname:music.baidu.com, new_link:/song/74228423/?pst=shouyeTop
2017-09-16 16:01:49,866 - [webpage_parser.py:63] - INFO - procotol:http, hostname:music.baidu.com, new_link:javascript:;
2017-09-16 16:01:49,866 - [webpage_parser.py:63] - INFO - procotol:http, hostname:music.baidu.com, new_link:javascript:;
2017-09-16 16:01:49,866 - [webpage_parser.py:63] - INFO - procotol:http, hostname:music.baidu.com, new_link:/song/74230940/?pst=shouyeTop
2017-09-16 16:01:49,867 - [webpage_parser.py:63] - INFO - procotol:http, hostname:music.baidu.com, new_link:javascript:;
2017-09-16 16:01:49,867 - [webpage_parser.py:63] - INFO - procotol:http, hostname:music.baidu.com, new_link:javascript:;
2017-09-16 16:01:49,867 - [webpage_parser.py:63] - INFO - procotol:http, hostname:music.baidu.com, new_link:/song/74230757/?pst=shouyeTop
2017-09-16 16:01:49,868 - [webpage_parser.py:63] - INFO - procotol:http, hostname:music.baidu.com, new_link:javascript:;
2017-09-16 16:01:49,868 - [webpage_parser.py:63] - INFO - procotol:http, hostname:music.baidu.com, new_link:javascript:;
2017-09-16 16:01:49,869 - [webpage_parser.py:63] - INFO - procotol:http, hostname:music.baidu.com, new_link:/song/73906402/?pst=shouyeTop
2017-09-16 16:01:49,869 - [webpage_parser.py:63] - INFO - procotol:http, hostname:music.baidu.com, new_link:javascript:;
2017-09-16 16:01:49,869 - [webpage_parser.py:63] - INFO - procotol:http, hostname:music.baidu.com, new_link:javascript:;
2017-09-16 16:01:49,870 - [webpage_parser.py:63] - INFO - procotol:http, hostname:music.baidu.com, new_link:/song/74017796/?pst=shouyeTop
2017-09-16 16:01:49,870 - [webpage_parser.py:63] - INFO - procotol:http, hostname:music.baidu.com, new_link:javascript:;
2017-09-16 16:01:49,870 - [webpage_parser.py:63] - INFO - procotol:http, hostname:music.baidu.com, new_link:javascript:;
2017-09-16 16:01:49,871 - [webpage_parser.py:63] - INFO - procotol:http, hostname:music.baidu.com, new_link:/song/74231079/?pst=shouyeTop
2017-09-16 16:01:49,871 - [webpage_parser.py:63] - INFO - procotol:http, hostname:music.baidu.com, new_link:javascript:;
2017-09-16 16:01:49,871 - [webpage_parser.py:63] - INFO - procotol:http, hostname:music.baidu.com, new_link:javascript:;
2017-09-16 16:01:49,872 - [webpage_parser.py:63] - INFO - procotol:http, hostname:music.baidu.com, new_link:/song/74230752/?pst=shouyeTop
2017-09-16 16:01:49,872 - [webpage_parser.py:63] - INFO - procotol:http, hostname:music.baidu.com, new_link:javascript:;
2017-09-16 16:01:49,872 - [webpage_parser.py:63] - INFO - procotol:http, hostname:music.baidu.com, new_link:javascript:;
2017-09-16 16:01:49,873 - [webpage_parser.py:63] - INFO - procotol:http, hostname:music.baidu.com, new_link:/song/74231758/?pst=shouyeTop
2017-09-16 16:01:49,873 - [webpage_parser.py:63] - INFO - procotol:http, hostname:music.baidu.com, new_link:javascript:;
2017-09-16 16:01:49,874 - [webpage_parser.py:63] - INFO - procotol:http, hostname:music.baidu.com, new_link:javascript:;
2017-09-16 16:01:49,874 - [webpage_parser.py:63] - INFO - procotol:http, hostname:music.baidu.com, new_link:/song/74104616/?pst=shouyeTop
2017-09-16 16:01:49,874 - [webpage_parser.py:63] - INFO - procotol:http, hostname:music.baidu.com, new_link:javascript:;
2017-09-16 16:01:49,875 - [webpage_parser.py:63] - INFO - procotol:http, hostname:music.baidu.com, new_link:javascript:;
2017-09-16 16:01:49,875 - [webpage_parser.py:63] - INFO - procotol:http, hostname:music.baidu.com, new_link:/top/huayu
2017-09-16 16:01:49,875 - [webpage_parser.py:63] - INFO - procotol:http, hostname:music.baidu.com, new_link:/top/oumei
2017-09-16 16:01:49,876 - [webpage_parser.py:63] - INFO - procotol:http, hostname:music.baidu.com, new_link:/top/yingshijinqu
2017-09-16 16:01:49,876 - [webpage_parser.py:63] - INFO - procotol:http, hostname:music.baidu.com, new_link:/top/lovesong
2017-09-16 16:01:49,876 - [webpage_parser.py:63] - INFO - procotol:http, hostname:music.baidu.com, new_link:/top/rock
2017-09-16 16:01:49,877 - [webpage_parser.py:63] - INFO - procotol:http, hostname:music.baidu.com, new_link:/top/ktv
2017-09-16 16:01:49,877 - [webpage_parser.py:63] - INFO - procotol:http, hostname:music.baidu.com, new_link:/top/billboard
2017-09-16 16:01:49,877 - [webpage_parser.py:63] - INFO - procotol:http, hostname:music.baidu.com, new_link:/top/ukchart
2017-09-16 16:01:49,878 - [webpage_parser.py:63] - INFO - procotol:http, hostname:music.baidu.com, new_link:/king/top
2017-09-16 16:01:49,878 - [webpage_parser.py:63] - INFO - procotol:http, hostname:music.baidu.com, new_link:/tag
2017-09-16 16:01:49,878 - [webpage_parser.py:63] - INFO - procotol:http, hostname:music.baidu.com, new_link:/tag/%E6%83%85%E6%AD%8C
2017-09-16 16:01:49,879 - [webpage_parser.py:63] - INFO - procotol:http, hostname:music.baidu.com, new_link:/tag/%E7%BA%A2%E6%AD%8C
2017-09-16 16:01:49,879 - [webpage_parser.py:63] - INFO - procotol:http, hostname:music.baidu.com, new_link:/tag/%E5%8A%B2%E7%88%86
2017-09-16 16:01:49,880 - [webpage_parser.py:63] - INFO - procotol:http, hostname:music.baidu.com, new_link:/tag/%E5%A4%A9%E7%B1%81
2017-09-16 16:01:49,880 - [webpage_parser.py:63] - INFO - procotol:http, hostname:music.baidu.com, new_link:/tag/%E7%BB%8F%E5%85%B8%E8%80%81%E6%AD%8C
2017-09-16 16:01:49,880 - [webpage_parser.py:63] - INFO - procotol:http, hostname:music.baidu.com, new_link:/tag/%E6%AC%A7%E7%BE%8E
2017-09-16 16:01:49,881 - [webpage_parser.py:63] - INFO - procotol:http, hostname:music.baidu.com, new_link:/tag/%E7%BD%91%E7%BB%9C%E6%AD%8C%E6%9B%B2
2017-09-16 16:01:49,881 - [webpage_parser.py:63] - INFO - procotol:http, hostname:music.baidu.com, new_link:/tag/%E6%B0%91%E6%AD%8C
2017-09-16 16:01:49,881 - [webpage_parser.py:63] - INFO - procotol:http, hostname:music.baidu.com, new_link:/tag/80%E5%90%8E
2017-09-16 16:01:49,882 - [webpage_parser.py:63] - INFO - procotol:http, hostname:music.baidu.com, new_link:/tag/%E5%84%BF%E6%AD%8C
2017-09-16 16:01:49,882 - [webpage_parser.py:63] - INFO - procotol:http, hostname:music.baidu.com, new_link:/tag/%E4%BC%A4%E6%84%9F
2017-09-16 16:01:49,882 - [webpage_parser.py:63] - INFO - procotol:http, hostname:music.baidu.com, new_link:/tag/%E5%AE%89%E9%9D%99
2017-09-16 16:01:49,882 - [webpage_parser.py:63] - INFO - procotol:http, hostname:music.baidu.com, new_link:/tag/%E5%BD%B1%E8%A7%86
2017-09-16 16:01:49,883 - [webpage_parser.py:63] - INFO - procotol:http, hostname:music.baidu.com, new_link:/tag/DJ%20%E8%88%9E%E6%9B%B2
2017-09-16 16:01:49,883 - [webpage_parser.py:63] - INFO - procotol:http, hostname:music.baidu.com, new_link:/tag/%E6%80%80%E6%97%A7
2017-09-16 16:01:49,883 - [webpage_parser.py:63] - INFO - procotol:http, hostname:music.baidu.com, new_link:/tag/%E5%8F%A4%E5%85%B8%E9%9F%B3%E4%B9%90
2017-09-16 16:01:49,884 - [webpage_parser.py:63] - INFO - procotol:http, hostname:music.baidu.com, new_link:/tag/%E6%BF%80%E6%83%85
2017-09-16 16:01:49,884 - [webpage_parser.py:63] - INFO - procotol:http, hostname:music.baidu.com, new_link:/tag/%E7%BA%AF%E9%9F%B3%E4%B9%90
2017-09-16 16:01:49,884 - [webpage_parser.py:63] - INFO - procotol:http, hostname:music.baidu.com, new_link:/tag/%E5%B9%BF%E5%9C%BA%E8%88%9E
2017-09-16 16:01:49,885 - [webpage_parser.py:63] - INFO - procotol:http, hostname:music.baidu.com, new_link:/tag/%E4%B8%AD%E5%9B%BD%E5%A5%BD%E5%A3%B0%E9%9F%B3
2017-09-16 16:01:49,885 - [webpage_parser.py:63] - INFO - procotol:http, hostname:music.baidu.com, new_link:/tag/%E5%AF%B9%E5%94%B1
2017-09-16 16:01:49,885 - [webpage_parser.py:63] - INFO - procotol:http, hostname:music.baidu.com, new_link:/tag/%E7%B2%A4%E8%AF%AD
2017-09-16 16:01:49,886 - [webpage_parser.py:63] - INFO - procotol:http, hostname:music.baidu.com, new_link:/tag/%E7%83%AD%E6%AD%8C
2017-09-16 16:01:49,886 - [webpage_parser.py:63] - INFO - procotol:http, hostname:music.baidu.com, new_link:/tag/%E8%BD%BB%E9%9F%B3%E4%B9%90
2017-09-16 16:01:49,886 - [webpage_parser.py:63] - INFO - procotol:http, hostname:music.baidu.com, new_link:/tag/%E7%94%B5%E5%BD%B1
2017-09-16 16:01:49,887 - [webpage_parser.py:63] - INFO - procotol:http, hostname:music.baidu.com, new_link:/tag/90%E5%90%8E
2017-09-16 16:01:49,887 - [webpage_parser.py:63] - INFO - procotol:http, hostname:music.baidu.com, new_link:/tag/%E6%B5%81%E8%A1%8C
2017-09-16 16:01:49,887 - [webpage_parser.py:63] - INFO - procotol:http, hostname:music.baidu.com, new_link:/tag/%E6%91%87%E6%BB%9A
2017-09-16 16:01:49,888 - [webpage_parser.py:63] - INFO - procotol:http, hostname:music.baidu.com, new_link:/tag/%E8%83%8C%E6%99%AF%E9%9F%B3%E4%B9%90
2017-09-16 16:01:49,888 - [webpage_parser.py:63] - INFO - procotol:http, hostname:music.baidu.com, new_link:/tag/%E7%94%9C%E8%9C%9C
2017-09-16 16:01:49,888 - [webpage_parser.py:63] - INFO - procotol:http, hostname:music.baidu.com, new_link:/tag/%E7%94%B5%E8%A7%86%E5%89%A7
2017-09-16 16:01:49,889 - [webpage_parser.py:63] - INFO - procotol:http, hostname:music.baidu.com, new_link:/tag/%E5%8F%A4%E5%85%B8
2017-09-16 16:01:49,889 - [webpage_parser.py:63] - INFO - procotol:http, hostname:music.baidu.com, new_link:/tag/%E4%B8%AD%E5%9B%BD%E9%A3%8E
2017-09-16 16:01:49,889 - [webpage_parser.py:63] - INFO - procotol:http, hostname:music.baidu.com, new_link:/tag/70%E5%B9%B4%E4%BB%A3
2017-09-16 16:01:49,890 - [webpage_parser.py:63] - INFO - procotol:http, hostname:music.baidu.com, new_link:/tag/%E7%B2%A4%E8%AF%AD
2017-09-16 16:01:49,890 - [webpage_parser.py:63] - INFO - procotol:http, hostname:music.baidu.com, new_link:/tag/%E8%BD%BB%E6%9F%94
2017-09-16 16:01:49,890 - [webpage_parser.py:63] - INFO - procotol:http, hostname:music.baidu.com, new_link:/tag/%E7%A9%BA%E7%81%B5
2017-09-16 16:01:49,891 - [webpage_parser.py:63] - INFO - procotol:http, hostname:music.baidu.com, new_link:/tag/%E6%88%8F%E6%9B%B2
2017-09-16 16:01:49,891 - [webpage_parser.py:63] - INFO - procotol:http, hostname:music.baidu.com, new_link:/tag/%E5%86%9B%E6%97%85
2017-09-16 16:01:49,891 - [webpage_parser.py:63] - INFO - procotol:http, hostname:music.baidu.com, new_link:/tag/%E7%83%AD%E9%97%B9
2017-09-16 16:01:49,892 - [webpage_parser.py:63] - INFO - procotol:http, hostname:music.baidu.com, new_link:/tag/%E8%83%8E%E6%95%99
2017-09-16 16:01:49,892 - [webpage_parser.py:63] - INFO - procotol:http, hostname:music.baidu.com, new_link:/tag/%E6%88%91%E6%98%AF%E6%AD%8C%E6%89%8B
2017-09-16 16:01:49,892 - [webpage_parser.py:63] - INFO - procotol:http, hostname:music.baidu.com, new_link:/tag/%E8%90%A8%E5%85%8B%E6%96%AF
2017-09-16 16:01:49,892 - [webpage_parser.py:63] - INFO - procotol:http, hostname:music.baidu.com, new_link:/tag/%E5%82%8D%E6%99%9A
2017-09-16 16:01:49,893 - [webpage_parser.py:63] - INFO - procotol:http, hostname:music.baidu.com, new_link:/tag/%E5%9B%BD%E8%AF%AD
2017-09-16 16:01:49,893 - [webpage_parser.py:63] - INFO - procotol:http, hostname:music.baidu.com, new_link:/tag/%E5%96%9C%E6%82%A6
2017-09-16 16:01:49,893 - [webpage_parser.py:63] - INFO - procotol:http, hostname:music.baidu.com, new_link:/tag/%E4%B8%AD%E5%9B%BD%E5%A5%BD%E5%A3%B0%E9%9F%B3
2017-09-16 16:01:49,894 - [webpage_parser.py:63] - INFO - procotol:http, hostname:music.baidu.com, new_link:/tag/%E6%83%85%E6%AD%8C
2017-09-16 16:01:49,894 - [webpage_parser.py:63] - INFO - procotol:http, hostname:music.baidu.com, new_link:/tag/%E7%BA%A2%E6%AD%8C
2017-09-16 16:01:49,894 - [webpage_parser.py:63] - INFO - procotol:http, hostname:music.baidu.com, new_link:/tag/%E5%8A%B2%E7%88%86
2017-09-16 16:01:49,895 - [webpage_parser.py:63] - INFO - procotol:http, hostname:music.baidu.com, new_link:/tag/%E5%A4%A9%E7%B1%81
2017-09-16 16:01:49,895 - [webpage_parser.py:63] - INFO - procotol:http, hostname:music.baidu.com, new_link:/tag/%E7%BB%8F%E5%85%B8%E8%80%81%E6%AD%8C
2017-09-16 16:01:49,895 - [webpage_parser.py:63] - INFO - procotol:http, hostname:music.baidu.com, new_link:/tag/%E6%AC%A7%E7%BE%8E
2017-09-16 16:01:49,895 - [webpage_parser.py:63] - INFO - procotol:http, hostname:music.baidu.com, new_link:/tag/%E7%BD%91%E7%BB%9C%E6%AD%8C%E6%9B%B2
2017-09-16 16:01:49,896 - [webpage_parser.py:63] - INFO - procotol:http, hostname:music.baidu.com, new_link:/tag/%E6%B0%91%E6%AD%8C
2017-09-16 16:01:49,896 - [webpage_parser.py:63] - INFO - procotol:http, hostname:music.baidu.com, new_link:/tag/80%E5%90%8E
2017-09-16 16:01:49,896 - [webpage_parser.py:63] - INFO - procotol:http, hostname:music.baidu.com, new_link:/tag/%E5%84%BF%E6%AD%8C
2017-09-16 16:01:49,897 - [webpage_parser.py:63] - INFO - procotol:http, hostname:music.baidu.com, new_link:/tag/%E4%BC%A4%E6%84%9F
2017-09-16 16:01:49,897 - [webpage_parser.py:63] - INFO - procotol:http, hostname:music.baidu.com, new_link:/tag/%E5%AE%89%E9%9D%99
2017-09-16 16:01:49,897 - [webpage_parser.py:63] - INFO - procotol:http, hostname:music.baidu.com, new_link:/tag/DJ%20%E8%88%9E%E6%9B%B2
2017-09-16 16:01:49,898 - [webpage_parser.py:63] - INFO - procotol:http, hostname:music.baidu.com, new_link:/tag/%E5%8F%A4%E5%85%B8%E9%9F%B3%E4%B9%90
2017-09-16 16:01:49,898 - [webpage_parser.py:63] - INFO - procotol:http, hostname:music.baidu.com, new_link:/tag/%E6%80%80%E6%97%A7
2017-09-16 16:01:49,898 - [webpage_parser.py:63] - INFO - procotol:http, hostname:music.baidu.com, new_link:/tag/%E6%BF%80%E6%83%85
2017-09-16 16:01:49,899 - [webpage_parser.py:63] - INFO - procotol:http, hostname:music.baidu.com, new_link:/tag/%E7%83%AD%E6%AD%8C
2017-09-16 16:01:49,899 - [webpage_parser.py:63] - INFO - procotol:http, hostname:music.baidu.com, new_link:/tag/%E5%B9%BF%E5%9C%BA%E8%88%9E
2017-09-16 16:01:49,899 - [webpage_parser.py:63] - INFO - procotol:http, hostname:music.baidu.com, new_link:/tag/%E4%B8%AD%E5%9B%BD%E5%A5%BD%E5%A3%B0%E9%9F%B3
2017-09-16 16:01:49,899 - [webpage_parser.py:63] - INFO - procotol:http, hostname:music.baidu.com, new_link:/tag/%E7%BA%AF%E9%9F%B3%E4%B9%90
2017-09-16 16:01:49,900 - [webpage_parser.py:63] - INFO - procotol:http, hostname:music.baidu.com, new_link:/tag/%E5%AF%B9%E5%94%B1
2017-09-16 16:01:49,900 - [webpage_parser.py:63] - INFO - procotol:http, hostname:music.baidu.com, new_link:/tag/%E7%B2%A4%E8%AF%AD
2017-09-16 16:01:49,900 - [webpage_parser.py:63] - INFO - procotol:http, hostname:music.baidu.com, new_link:/tag/%E7%94%B5%E5%BD%B1
2017-09-16 16:01:49,901 - [webpage_parser.py:63] - INFO - procotol:http, hostname:music.baidu.com, new_link:/tag/90%E5%90%8E
2017-09-16 16:01:49,901 - [webpage_parser.py:63] - INFO - procotol:http, hostname:music.baidu.com, new_link:/tag/%E8%BD%BB%E9%9F%B3%E4%B9%90
2017-09-16 16:01:49,901 - [webpage_parser.py:63] - INFO - procotol:http, hostname:music.baidu.com, new_link:/tag/%E8%83%8C%E6%99%AF%E9%9F%B3%E4%B9%90
2017-09-16 16:01:49,902 - [webpage_parser.py:63] - INFO - procotol:http, hostname:music.baidu.com, new_link:/tag/%E6%B5%81%E8%A1%8C
2017-09-16 16:01:49,902 - [webpage_parser.py:63] - INFO - procotol:http, hostname:music.baidu.com, new_link:/tag/%E6%91%87%E6%BB%9A
2017-09-16 16:01:49,902 - [webpage_parser.py:63] - INFO - procotol:http, hostname:music.baidu.com, new_link:/tag/%E7%94%9C%E8%9C%9C
2017-09-16 16:01:49,903 - [webpage_parser.py:63] - INFO - procotol:http, hostname:music.baidu.com, new_link:/tag/70%E5%B9%B4%E4%BB%A3
2017-09-16 16:01:49,903 - [webpage_parser.py:63] - INFO - procotol:http, hostname:music.baidu.com, new_link:/tag/%E7%94%B5%E8%A7%86%E5%89%A7
2017-09-16 16:01:49,903 - [webpage_parser.py:63] - INFO - procotol:http, hostname:music.baidu.com, new_link:/tag/%E5%8F%A4%E5%85%B8
2017-09-16 16:01:49,904 - [webpage_parser.py:63] - INFO - procotol:http, hostname:music.baidu.com, new_link:/tag/%E7%94%B5%E5%AD%90
2017-09-16 16:01:49,904 - [webpage_parser.py:63] - INFO - procotol:http, hostname:music.baidu.com, new_link:/tag/%E4%B8%AD%E5%9B%BD%E9%A3%8E
2017-09-16 16:01:49,904 - [webpage_parser.py:63] - INFO - procotol:http, hostname:music.baidu.com, new_link:/tag/%E6%A0%A1%E5%9B%AD
2017-09-16 16:01:49,905 - [webpage_parser.py:63] - INFO - procotol:http, hostname:music.baidu.com, new_link:/tag/%E5%88%86%E6%89%8B
2017-09-16 16:01:49,905 - [webpage_parser.py:63] - INFO - procotol:http, hostname:music.baidu.com, new_link:/tag/%E7%B2%A4%E8%AF%AD
2017-09-16 16:01:49,905 - [webpage_parser.py:63] - INFO - procotol:http, hostname:music.baidu.com, new_link:/tag/%E8%BD%BB%E6%9F%94
2017-09-16 16:01:49,906 - [webpage_parser.py:63] - INFO - procotol:http, hostname:music.baidu.com, new_link:/tag/%E7%A9%BA%E7%81%B5
2017-09-16 16:01:49,906 - [webpage_parser.py:63] - INFO - procotol:http, hostname:music.baidu.com, new_link:/tag/%E6%88%8F%E6%9B%B2
2017-09-16 16:01:49,906 - [webpage_parser.py:63] - INFO - procotol:http, hostname:music.baidu.com, new_link:/tag/%E5%86%9B%E6%97%85
2017-09-16 16:01:49,907 - [webpage_parser.py:63] - INFO - procotol:http, hostname:music.baidu.com, new_link:/tag/%E7%83%AD%E9%97%B9
2017-09-16 16:01:49,907 - [webpage_parser.py:63] - INFO - procotol:http, hostname:music.baidu.com, new_link:/tag/%E8%83%8E%E6%95%99
2017-09-16 16:01:49,907 - [webpage_parser.py:63] - INFO - procotol:http, hostname:music.baidu.com, new_link:/tag/%E6%88%91%E6%98%AF%E6%AD%8C%E6%89%8B
2017-09-16 16:01:49,908 - [webpage_parser.py:63] - INFO - procotol:http, hostname:music.baidu.com, new_link:/tag/%E8%90%A8%E5%85%8B%E6%96%AF
2017-09-16 16:01:49,908 - [webpage_parser.py:63] - INFO - procotol:http, hostname:music.baidu.com, new_link:/tag/%E5%82%8D%E6%99%9A
2017-09-16 16:01:49,909 - [webpage_parser.py:63] - INFO - procotol:http, hostname:music.baidu.com, new_link:/tag/%E5%9B%BD%E8%AF%AD
2017-09-16 16:01:49,909 - [webpage_parser.py:63] - INFO - procotol:http, hostname:music.baidu.com, new_link:/tag/%E5%96%9C%E6%82%A6
2017-09-16 16:01:49,910 - [webpage_parser.py:63] - INFO - procotol:http, hostname:music.baidu.com, new_link:/tag/%E4%B8%AD%E5%9B%BD%E5%A5%BD%E5%A3%B0%E9%9F%B3
2017-09-16 16:01:49,910 - [webpage_parser.py:63] - INFO - procotol:http, hostname:music.baidu.com, new_link:/tag/%E5%BD%B1%E8%A7%86
2017-09-16 16:01:49,911 - [webpage_parser.py:63] - INFO - procotol:http, hostname:music.baidu.com, new_link:/artist/cn/male
2017-09-16 16:01:49,911 - [webpage_parser.py:63] - INFO - procotol:http, hostname:music.baidu.com, new_link:/artist/2517
2017-09-16 16:01:49,911 - [webpage_parser.py:63] - INFO - procotol:http, hostname:music.baidu.com, new_link:/artist/245815
2017-09-16 16:01:49,912 - [webpage_parser.py:63] - INFO - procotol:http, hostname:music.baidu.com, new_link:/artist/1117
2017-09-16 16:01:49,912 - [webpage_parser.py:63] - INFO - procotol:http, hostname:music.baidu.com, new_link:/artist/1094
2017-09-16 16:01:49,913 - [webpage_parser.py:63] - INFO - procotol:http, hostname:music.baidu.com, new_link:/artist/1629
2017-09-16 16:01:49,913 - [webpage_parser.py:63] - INFO - procotol:http, hostname:music.baidu.com, new_link:/artist/1077
2017-09-16 16:01:49,914 - [webpage_parser.py:63] - INFO - procotol:http, hostname:music.baidu.com, new_link:/artist/1383
2017-09-16 16:01:49,914 - [webpage_parser.py:63] - INFO - procotol:http, hostname:music.baidu.com, new_link:/artist/617453
2017-09-16 16:01:49,915 - [webpage_parser.py:63] - INFO - procotol:http, hostname:music.baidu.com, new_link:/artist/1097
2017-09-16 16:01:49,915 - [webpage_parser.py:63] - INFO - procotol:http, hostname:music.baidu.com, new_link:/artist/1118
2017-09-16 16:01:49,916 - [webpage_parser.py:63] - INFO - procotol:http, hostname:music.baidu.com, new_link:/artist/1052
2017-09-16 16:01:49,916 - [webpage_parser.py:63] - INFO - procotol:http, hostname:music.baidu.com, new_link:/artist/1557
2017-09-16 16:01:49,916 - [webpage_parser.py:63] - INFO - procotol:http, hostname:music.baidu.com, new_link:/artist/1115
2017-09-16 16:01:49,917 - [webpage_parser.py:63] - INFO - procotol:http, hostname:music.baidu.com, new_link:/artist/7994
2017-09-16 16:01:49,918 - [webpage_parser.py:63] - INFO - procotol:http, hostname:music.baidu.com, new_link:/artist/59859914
2017-09-16 16:01:49,918 - [webpage_parser.py:63] - INFO - procotol:http, hostname:music.baidu.com, new_link:/artist/1226
2017-09-16 16:01:49,918 - [webpage_parser.py:63] - INFO - procotol:http, hostname:music.baidu.com, new_link:/artist/1314
2017-09-16 16:01:49,919 - [webpage_parser.py:63] - INFO - procotol:http, hostname:music.baidu.com, new_link:/artist/6919
2017-09-16 16:01:49,919 - [webpage_parser.py:63] - INFO - procotol:http, hostname:music.baidu.com, new_link:/artist/cn/female
2017-09-16 16:01:49,919 - [webpage_parser.py:63] - INFO - procotol:http, hostname:music.baidu.com, new_link:/artist/7898
2017-09-16 16:01:49,920 - [webpage_parser.py:63] - INFO - procotol:http, hostname:music.baidu.com, new_link:/artist/1067
2017-09-16 16:01:49,920 - [webpage_parser.py:63] - INFO - procotol:http, hostname:music.baidu.com, new_link:/artist/132632388
2017-09-16 16:01:49,921 - [webpage_parser.py:63] - INFO - procotol:http, hostname:music.baidu.com, new_link:/artist/821050
2017-09-16 16:01:49,921 - [webpage_parser.py:63] - INFO - procotol:http, hostname:music.baidu.com, new_link:/artist/1095
2017-09-16 16:01:49,922 - [webpage_parser.py:63] - INFO - procotol:http, hostname:music.baidu.com, new_link:/artist/1174
2017-09-16 16:01:49,922 - [webpage_parser.py:63] - INFO - procotol:http, hostname:music.baidu.com, new_link:/artist/1376
2017-09-16 16:01:49,922 - [webpage_parser.py:63] - INFO - procotol:http, hostname:music.baidu.com, new_link:/artist/1133
2017-09-16 16:01:49,923 - [webpage_parser.py:63] - INFO - procotol:http, hostname:music.baidu.com, new_link:/artist/1116
2017-09-16 16:01:49,923 - [webpage_parser.py:63] - INFO - procotol:http, hostname:music.baidu.com, new_link:/artist/1156
2017-09-16 16:01:49,923 - [webpage_parser.py:63] - INFO - procotol:http, hostname:music.baidu.com, new_link:/artist/45561
2017-09-16 16:01:49,924 - [webpage_parser.py:63] - INFO - procotol:http, hostname:music.baidu.com, new_link:/artist/1228
2017-09-16 16:01:49,924 - [webpage_parser.py:63] - INFO - procotol:http, hostname:music.baidu.com, new_link:/artist/1422
2017-09-16 16:01:49,924 - [webpage_parser.py:63] - INFO - procotol:http, hostname:music.baidu.com, new_link:/artist/1233
2017-09-16 16:01:49,925 - [webpage_parser.py:63] - INFO - procotol:http, hostname:music.baidu.com, new_link:/artist/2319312
2017-09-16 16:01:49,925 - [webpage_parser.py:63] - INFO - procotol:http, hostname:music.baidu.com, new_link:/artist/1451
2017-09-16 16:01:49,926 - [webpage_parser.py:63] - INFO - procotol:http, hostname:music.baidu.com, new_link:/artist/1101
2017-09-16 16:01:49,926 - [webpage_parser.py:63] - INFO - procotol:http, hostname:music.baidu.com, new_link:/artist/1192
2017-09-16 16:01:49,927 - [connectionpool.py:395] - DEBUG - https://ai.taobao.com:443 "GET /?pid=mm_26632322_6858406_121586238&clk1=7a646a90b248b3530fd69c8b74015d9a HTTP/1.1" 200 None
2017-09-16 16:01:49,928 - [webpage_parser.py:63] - INFO - procotol:http, hostname:music.baidu.com, new_link:/artist/cn/group
2017-09-16 16:01:49,932 - [webpage_parser.py:63] - INFO - procotol:http, hostname:music.baidu.com, new_link:/artist/707709
2017-09-16 16:01:49,932 - [webpage_parser.py:63] - INFO - procotol:http, hostname:music.baidu.com, new_link:/artist/1098
2017-09-16 16:01:49,933 - [webpage_parser.py:63] - INFO - procotol:http, hostname:music.baidu.com, new_link:/artist/14674804
2017-09-16 16:01:49,933 - [webpage_parser.py:63] - INFO - procotol:http, hostname:music.baidu.com, new_link:/artist/1100
2017-09-16 16:01:49,934 - [webpage_parser.py:63] - INFO - procotol:http, hostname:music.baidu.com, new_link:/artist/9295
2017-09-16 16:01:49,935 - [webpage_parser.py:63] - INFO - procotol:http, hostname:music.baidu.com, new_link:/artist/1490
2017-09-16 16:01:49,935 - [webpage_parser.py:63] - INFO - procotol:http, hostname:music.baidu.com, new_link:/artist/1389
2017-09-16 16:01:49,936 - [webpage_parser.py:63] - INFO - procotol:http, hostname:music.baidu.com, new_link:/artist/5976
2017-09-16 16:01:49,993 - [webpage_parser.py:63] - INFO - procotol:http, hostname:music.baidu.com, new_link:/artist/1445
2017-09-16 16:01:50,019 - [webpage_parser.py:63] - INFO - procotol:http, hostname:music.baidu.com, new_link:/artist/1050
2017-09-16 16:01:50,051 - [webpage_parser.py:63] - INFO - procotol:http, hostname:music.baidu.com, new_link:javascript:void(0)
2017-09-16 16:01:50,052 - [webpage_parser.py:63] - INFO - procotol:http, hostname:music.baidu.com, new_link:###
2017-09-16 16:01:50,100 - [webpage_parser.py:63] - INFO - procotol:http, hostname:music.baidu.com, new_link:###
2017-09-16 16:01:50,102 - [webpage_parser.py:63] - INFO - procotol:http, hostname:music.baidu.com, new_link:javascript:void(0)
2017-09-16 16:01:50,114 - [webpage_parser.py:63] - INFO - procotol:http, hostname:music.baidu.com, new_link:javascript:void(0)
2017-09-16 16:01:50,124 - [webpage_parser.py:63] - INFO - procotol:http, hostname:music.baidu.com, new_link:javascript:void(0)
2017-09-16 16:01:50,177 - [webpage_parser.py:63] - INFO - procotol:http, hostname:www.baidu.com, new_link:/
2017-09-16 16:01:50,178 - [webpage_parser.py:63] - INFO - procotol:http, hostname:music.baidu.com, new_link:/cms/webview/ticket2017/index.html
2017-09-16 16:01:50,178 - [webpage_parser.py:63] - INFO - procotol:http, hostname:www.baidu.com, new_link:javascript:;
2017-09-16 16:01:50,179 - [webpage_parser.py:63] - INFO - procotol:http, hostname:music.baidu.com, new_link:javascript:void(0)
2017-09-16 16:01:50,180 - [webpage_parser.py:63] - INFO - procotol:http, hostname:www.baidu.com, new_link:javascript:;
2017-09-16 16:01:50,181 - [webpage_parser.py:63] - INFO - procotol:http, hostname:music.baidu.com, new_link:/feedback
2017-09-16 16:01:50,182 - [webpage_parser.py:63] - INFO - procotol:http, hostname:www.baidu.com, new_link:javascript:;
2017-09-16 16:01:50,182 - [webpage_parser.py:63] - INFO - procotol:http, hostname:music.baidu.com, new_link:/doc/contact
2017-09-16 16:01:50,277 - [webpage_parser.py:63] - INFO - procotol:http, hostname:www.baidu.com, new_link:/
2017-09-16 16:01:50,296 - [webpage_parser.py:63] - INFO - procotol:http, hostname:music.baidu.com, new_link:/doc/help
2017-09-16 16:01:50,301 - [webpage_parser.py:63] - INFO - procotol:http, hostname:www.baidu.com, new_link:javascript:;
2017-09-16 16:01:50,325 - [webpage_parser.py:63] - INFO - procotol:http, hostname:www.baidu.com, new_link:/
2017-09-16 16:01:50,327 - [connectionpool.py:207] - DEBUG - Starting new HTTP connection (1): tejia.hao123.com
2017-09-16 16:01:50,328 - [webpage_parser.py:63] - INFO - procotol:http, hostname:www.baidu.com, new_link:javascript:;
2017-09-16 16:01:50,329 - [webpage_parser.py:63] - INFO - procotol:http, hostname:www.baidu.com, new_link:javascript:;
2017-09-16 16:01:50,331 - [webpage_parser.py:63] - INFO - procotol:http, hostname:www.baidu.com, new_link:/s?tn=sitehao123_10_pg&usm=3&wd=iphone+8&ie=utf-8&rsv_cq=iphone8%E5%8F%91%E5%B8%83&rsv_dl=0_right_recommends_merge_21102&euri=fdaf0d6d58c84502a2eaf6c5950b62c9
2017-09-16 16:01:50,344 - [webpage_parser.py:63] - INFO - procotol:http, hostname:www.baidu.com, new_link:javascript:;
2017-09-16 16:01:50,440 - [webpage_parser.py:63] - INFO - procotol:http, hostname:www.baidu.com, new_link:/
2017-09-16 16:01:50,441 - [webpage_parser.py:63] - INFO - procotol:http, hostname:www.baidu.com, new_link:javascript:;
2017-09-16 16:01:50,442 - [webpage_parser.py:63] - INFO - procotol:http, hostname:www.baidu.com, new_link:/s?tn=sitehao123_10_pg&usm=3&wd=iphone+8&ie=utf-8&rsv_cq=iphone8%E5%8F%91%E5%B8%83&rsv_dl=0_right_recommends_merge_21102&euri=fdaf0d6d58c84502a2eaf6c5950b62c9
2017-09-16 16:01:50,442 - [webpage_parser.py:63] - INFO - procotol:http, hostname:www.baidu.com, new_link:javascript:;
2017-09-16 16:01:50,443 - [webpage_parser.py:63] - INFO - procotol:http, hostname:www.baidu.com, new_link:/
2017-09-16 16:01:50,444 - [webpage_parser.py:63] - INFO - procotol:http, hostname:www.baidu.com, new_link:/s?tn=sitehao123_10_pg&usm=3&wd=iphone+8&ie=utf-8&rsv_cq=iphone8%E5%8F%91%E5%B8%83&rsv_dl=0_right_recommends_merge_21102&euri=fdaf0d6d58c84502a2eaf6c5950b62c9
2017-09-16 16:01:50,445 - [webpage_parser.py:63] - INFO - procotol:http, hostname:www.baidu.com, new_link:javascript:;
2017-09-16 16:01:50,445 - [webpage_parser.py:63] - INFO - procotol:http, hostname:www.baidu.com, new_link:javascript:;
2017-09-16 16:01:50,446 - [webpage_parser.py:63] - INFO - procotol:http, hostname:www.baidu.com, new_link:/s?tn=sitehao123_10_pg&usm=3&wd=%E4%B8%89%E6%98%9Fgalaxy+s8&ie=utf-8&rsv_cq=iphone8%E5%8F%91%E5%B8%83&rsv_dl=0_right_recommends_merge_21102&euri=a43f126e1daa11e6b37a008cfacfac30
2017-09-16 16:01:50,446 - [webpage_parser.py:63] - INFO - procotol:http, hostname:www.baidu.com, new_link:javascript:;
2017-09-16 16:01:50,448 - [webpage_parser.py:63] - INFO - procotol:http, hostname:www.baidu.com, new_link:/s?tn=50000028_hao_pg&usm=3&wd=%E5%BC%A0%E4%B8%80%E5%B1%B1%E6%8B%8D%E6%88%8F%E9%81%AD%E8%87%AD%E9%AA%82&ie=utf-8&rsv_cq=%E9%99%88%E7%BE%BD%E5%87%A1%E5%A4%8D%E5%87%BA&rsv_dl=0_right_toplist_20811
2017-09-16 16:01:50,448 - [webpage_parser.py:63] - INFO - procotol:http, hostname:www.baidu.com, new_link:/s?tn=sitehao123_10_pg&usm=3&wd=%E4%B8%89%E6%98%9Fgalaxy+s8&ie=utf-8&rsv_cq=iphone8%E5%8F%91%E5%B8%83&rsv_dl=0_right_recommends_merge_21102&euri=a43f126e1daa11e6b37a008cfacfac30
2017-09-16 16:01:50,449 - [webpage_parser.py:63] - INFO - procotol:http, hostname:www.baidu.com, new_link:/
2017-09-16 16:01:50,449 - [webpage_parser.py:63] - INFO - procotol:http, hostname:www.baidu.com, new_link:/s?tn=50000028_hao_pg&usm=3&wd=%E6%9D%8E%E6%99%A8%E6%B1%82%E5%A9%9A%E8%8C%83%E5%86%B0%E5%86%B0&ie=utf-8&rsv_cq=%E9%99%88%E7%BE%BD%E5%87%A1%E5%A4%8D%E5%87%BA&rsv_dl=0_right_toplist_20811
2017-09-16 16:01:50,450 - [webpage_parser.py:63] - INFO - procotol:http, hostname:www.baidu.com, new_link:/s?tn=sitehao123_10_pg&usm=3&wd=%E4%B8%89%E6%98%9Fgalaxy+s8&ie=utf-8&rsv_cq=iphone8%E5%8F%91%E5%B8%83&rsv_dl=0_right_recommends_merge_21102&euri=a43f126e1daa11e6b37a008cfacfac30
2017-09-16 16:01:50,451 - [webpage_parser.py:63] - INFO - procotol:http, hostname:www.baidu.com, new_link:javascript:;
2017-09-16 16:01:50,452 - [webpage_parser.py:63] - INFO - procotol:http, hostname:www.baidu.com, new_link:/s?tn=50000028_hao_pg&usm=3&wd=%E5%91%A8%E6%98%9F%E9%A9%B0%E6%97%A7%E7%85%A7%E6%9B%9D%E5%85%89&ie=utf-8&rsv_cq=%E9%99%88%E7%BE%BD%E5%87%A1%E5%A4%8D%E5%87%BA&rsv_dl=0_right_toplist_20811
2017-09-16 16:01:50,453 - [webpage_parser.py:63] - INFO - procotol:http, hostname:www.baidu.com, new_link:/s?tn=sitehao123_10_pg&usm=3&wd=%E8%8B%B9%E6%9E%9C7&ie=utf-8&rsv_cq=iphone8%E5%8F%91%E5%B8%83&rsv_dl=0_right_recommends_merge_21102&euri=2903f6d9e24e482a8b82651f514d93e4
2017-09-16 16:01:50,454 - [webpage_parser.py:63] - INFO - procotol:http, hostname:www.baidu.com, new_link:/s?tn=50000028_hao_pg&usm=2&wd=%E5%BC%A0%E4%B8%80%E5%B1%B1%E6%8B%8D%E6%88%8F%E9%81%AD%E8%87%AD%E9%AA%82&ie=utf-8&rsv_cq=%E7%8E%AF%E4%BF%9D%E7%A8%8E%E5%BC%80%E5%BE%81%E5%80%92%E8%AE%A1%E6%97%B6&rsv_dl=0_right_toplist_20811
2017-09-16 16:01:50,454 - [webpage_parser.py:63] - INFO - procotol:http, hostname:www.baidu.com, new_link:/s?tn=50000028_hao_pg&usm=3&wd=B%E7%AB%99%E8%AF%B7%E9%81%93%E5%A3%AB%E4%BD%9C%E6%B3%95&ie=utf-8&rsv_cq=%E9%99%88%E7%BE%BD%E5%87%A1%E5%A4%8D%E5%87%BA&rsv_dl=0_right_toplist_20811
2017-09-16 16:01:50,455 - [webpage_parser.py:63] - INFO - procotol:http, hostname:www.baidu.com, new_link:/s?tn=sitehao123_10_pg&usm=3&wd=%E8%8B%B9%E6%9E%9C7&ie=utf-8&rsv_cq=iphone8%E5%8F%91%E5%B8%83&rsv_dl=0_right_recommends_merge_21102&euri=2903f6d9e24e482a8b82651f514d93e4
2017-09-16 16:01:50,456 - [webpage_parser.py:63] - INFO - procotol:http, hostname:www.baidu.com, new_link:/s?tn=50000028_hao_pg&usm=2&wd=%E6%9D%8E%E6%99%A8%E6%B1%82%E5%A9%9A%E8%8C%83%E5%86%B0%E5%86%B0&ie=utf-8&rsv_cq=%E7%8E%AF%E4%BF%9D%E7%A8%8E%E5%BC%80%E5%BE%81%E5%80%92%E8%AE%A1%E6%97%B6&rsv_dl=0_right_toplist_20811
2017-09-16 16:01:50,456 - [webpage_parser.py:63] - INFO - procotol:http, hostname:www.baidu.com, new_link:/s?tn=50000028_hao_pg&usm=3&wd=%E6%9E%97%E5%BF%83%E5%A6%82%E5%BE%8B%E5%B8%88%E5%8F%91%E5%A3%B0%E6%98%8E&ie=utf-8&rsv_cq=%E9%99%88%E7%BE%BD%E5%87%A1%E5%A4%8D%E5%87%BA&rsv_dl=0_right_toplist_20811
2017-09-16 16:01:50,457 - [webpage_parser.py:63] - INFO - procotol:http, hostname:www.baidu.com, new_link:/s?tn=sitehao123_10_pg&usm=3&wd=%E8%8B%B9%E6%9E%9C7&ie=utf-8&rsv_cq=iphone8%E5%8F%91%E5%B8%83&rsv_dl=0_right_recommends_merge_21102&euri=2903f6d9e24e482a8b82651f514d93e4
2017-09-16 16:01:50,458 - [webpage_parser.py:63] - INFO - procotol:http, hostname:www.baidu.com, new_link:/s?tn=50000028_hao_pg&usm=2&wd=%E5%91%A8%E6%98%9F%E9%A9%B0%E6%97%A7%E7%85%A7%E6%9B%9D%E5%85%89&ie=utf-8&rsv_cq=%E7%8E%AF%E4%BF%9D%E7%A8%8E%E5%BC%80%E5%BE%81%E5%80%92%E8%AE%A1%E6%97%B6&rsv_dl=0_right_toplist_20811
2017-09-16 16:01:50,458 - [webpage_parser.py:63] - INFO - procotol:http, hostname:www.baidu.com, new_link:/s?tn=50000028_hao_pg&usm=3&wd=%E5%BE%AE%E4%BF%A1%E9%9A%90%E7%A7%81%E4%BF%9D%E6%8A%A4%E6%8C%87%E5%BC%95&ie=utf-8&rsv_cq=%E9%99%88%E7%BE%BD%E5%87%A1%E5%A4%8D%E5%87%BA&rsv_dl=0_right_toplist_20811
2017-09-16 16:01:50,459 - [webpage_parser.py:63] - INFO - procotol:http, hostname:www.baidu.com, new_link:/s?tn=sitehao123_10_pg&usm=3&wd=%E6%99%BA%E8%83%BD%E8%83%B8%E7%BD%A9&ie=utf-8&rsv_cq=iphone8%E5%8F%91%E5%B8%83&rsv_dl=0_right_recommends_merge_21102&euri=bdd1ea65bcd04a688e04b132bbd78af3
2017-09-16 16:01:50,459 - [webpage_parser.py:63] - INFO - procotol:http, hostname:www.baidu.com, new_link:/s?tn=50000028_hao_pg&usm=2&wd=B%E7%AB%99%E8%AF%B7%E9%81%93%E5%A3%AB%E4%BD%9C%E6%B3%95&ie=utf-8&rsv_cq=%E7%8E%AF%E4%BF%9D%E7%A8%8E%E5%BC%80%E5%BE%81%E5%80%92%E8%AE%A1%E6%97%B6&rsv_dl=0_right_toplist_20811
2017-09-16 16:01:50,461 - [webpage_parser.py:63] - INFO - procotol:http, hostname:www.baidu.com, new_link:/s?tn=50000028_hao_pg&usm=3&wd=%E9%99%88%E7%BE%BD%E5%87%A1%E5%A4%8D%E5%87%BA&ie=utf-8&rsv_cq=%E9%99%88%E7%BE%BD%E5%87%A1%E5%A4%8D%E5%87%BA&rsv_dl=0_right_toplist_20811
2017-09-16 16:01:50,461 - [webpage_parser.py:63] - INFO - procotol:http, hostname:www.baidu.com, new_link:/s?tn=sitehao123_10_pg&usm=3&wd=%E6%99%BA%E8%83%BD%E8%83%B8%E7%BD%A9&ie=utf-8&rsv_cq=iphone8%E5%8F%91%E5%B8%83&rsv_dl=0_right_recommends_merge_21102&euri=bdd1ea65bcd04a688e04b132bbd78af3
2017-09-16 16:01:50,462 - [webpage_parser.py:63] - INFO - procotol:http, hostname:www.baidu.com, new_link:/s?tn=50000028_hao_pg&usm=2&wd=%E6%9E%97%E5%BF%83%E5%A6%82%E5%BE%8B%E5%B8%88%E5%8F%91%E5%A3%B0%E6%98%8E&ie=utf-8&rsv_cq=%E7%8E%AF%E4%BF%9D%E7%A8%8E%E5%BC%80%E5%BE%81%E5%80%92%E8%AE%A1%E6%97%B6&rsv_dl=0_right_toplist_20811
2017-09-16 16:01:50,462 - [webpage_parser.py:63] - INFO - procotol:http, hostname:www.baidu.com, new_link:/s?tn=50000028_hao_pg&usm=3&wd=%E7%8E%8B%E5%AE%9D%E5%BC%BA%E6%9D%91%E6%B0%91%E8%B0%88%E5%AE%8B%E5%96%86&ie=utf-8&rsv_cq=%E9%99%88%E7%BE%BD%E5%87%A1%E5%A4%8D%E5%87%BA&rsv_dl=0_right_toplist_20811
2017-09-16 16:01:50,464 - [webpage_parser.py:63] - INFO - procotol:http, hostname:www.baidu.com, new_link:/s?tn=50000028_hao_pg&usm=2&wd=%E5%BE%AE%E4%BF%A1%E9%9A%90%E7%A7%81%E4%BF%9D%E6%8A%A4%E6%8C%87%E5%BC%95&ie=utf-8&rsv_cq=%E7%8E%AF%E4%BF%9D%E7%A8%8E%E5%BC%80%E5%BE%81%E5%80%92%E8%AE%A1%E6%97%B6&rsv_dl=0_right_toplist_20811
2017-09-16 16:01:50,464 - [webpage_parser.py:63] - INFO - procotol:http, hostname:www.baidu.com, new_link:/s?tn=sitehao123_10_pg&usm=3&wd=%E6%99%BA%E8%83%BD%E8%83%B8%E7%BD%A9&ie=utf-8&rsv_cq=iphone8%E5%8F%91%E5%B8%83&rsv_dl=0_right_recommends_merge_21102&euri=bdd1ea65bcd04a688e04b132bbd78af3
2017-09-16 16:01:50,465 - [webpage_parser.py:63] - INFO - procotol:http, hostname:www.baidu.com, new_link:/s?tn=50000028_hao_pg&usm=3&wd=%E4%BC%A6%E6%95%A6%E5%9C%B0%E9%93%81%E5%8F%91%E7%94%9F%E7%88%86%E7%82%B8&ie=utf-8&rsv_cq=%E9%99%88%E7%BE%BD%E5%87%A1%E5%A4%8D%E5%87%BA&rsv_dl=0_right_toplist_20811
2017-09-16 16:01:50,466 - [webpage_parser.py:63] - INFO - procotol:http, hostname:www.baidu.com, new_link:/s?tn=50000028_hao_pg&usm=2&wd=%E9%99%88%E7%BE%BD%E5%87%A1%E5%A4%8D%E5%87%BA&ie=utf-8&rsv_cq=%E7%8E%AF%E4%BF%9D%E7%A8%8E%E5%BC%80%E5%BE%81%E5%80%92%E8%AE%A1%E6%97%B6&rsv_dl=0_right_toplist_20811
2017-09-16 16:01:50,466 - [webpage_parser.py:63] - INFO - procotol:http, hostname:www.baidu.com, new_link:/s?tn=sitehao123_10_pg&usm=3&wd=%E4%B8%80%E5%8A%A0%E6%89%8B%E6%9C%BA&ie=utf-8&rsv_cq=iphone8%E5%8F%91%E5%B8%83&rsv_dl=0_right_recommends_merge_21102&euri=066388adf43a4703844d28376d44b8ac
2017-09-16 16:01:50,467 - [webpage_parser.py:63] - INFO - procotol:http, hostname:www.baidu.com, new_link:/s?tn=50000028_hao_pg&usm=3&wd=%E8%B5%9B%E7%90%B3%E5%A8%9C%E6%89%8B%E6%9C%AF&ie=utf-8&rsv_cq=%E9%99%88%E7%BE%BD%E5%87%A1%E5%A4%8D%E5%87%BA&rsv_dl=0_right_toplist_20811
2017-09-16 16:01:50,467 - [webpage_parser.py:63] - INFO - procotol:http, hostname:www.baidu.com, new_link:/s?tn=50000028_hao_pg&usm=2&wd=%E7%8E%8B%E5%AE%9D%E5%BC%BA%E6%9D%91%E6%B0%91%E8%B0%88%E5%AE%8B%E5%96%86&ie=utf-8&rsv_cq=%E7%8E%AF%E4%BF%9D%E7%A8%8E%E5%BC%80%E5%BE%81%E5%80%92%E8%AE%A1%E6%97%B6&rsv_dl=0_right_toplist_20811
2017-09-16 16:01:50,468 - [webpage_parser.py:63] - INFO - procotol:http, hostname:www.baidu.com, new_link:/s?tn=sitehao123_10_pg&usm=3&wd=%E4%B8%80%E5%8A%A0%E6%89%8B%E6%9C%BA&ie=utf-8&rsv_cq=iphone8%E5%8F%91%E5%B8%83&rsv_dl=0_right_recommends_merge_21102&euri=066388adf43a4703844d28376d44b8ac
2017-09-16 16:01:50,469 - [webpage_parser.py:63] - INFO - procotol:http, hostname:www.baidu.com, new_link:/s?tn=50000028_hao_pg&usm=3&wd=%E5%9B%BD%E5%AE%B6%E8%81%8C%E4%B8%9A%E8%B5%84%E6%A0%BC%E7%9B%AE%E5%BD%95&ie=utf-8&rsv_cq=%E9%99%88%E7%BE%BD%E5%87%A1%E5%A4%8D%E5%87%BA&rsv_dl=0_right_toplist_20811
2017-09-16 16:01:50,469 - [webpage_parser.py:63] - INFO - procotol:http, hostname:www.baidu.com, new_link:/s?tn=50000028_hao_pg&usm=2&wd=%E4%BC%A6%E6%95%A6%E5%9C%B0%E9%93%81%E5%8F%91%E7%94%9F%E7%88%86%E7%82%B8&ie=utf-8&rsv_cq=%E7%8E%AF%E4%BF%9D%E7%A8%8E%E5%BC%80%E5%BE%81%E5%80%92%E8%AE%A1%E6%97%B6&rsv_dl=0_right_toplist_20811
2017-09-16 16:01:50,470 - [webpage_parser.py:63] - INFO - procotol:http, hostname:www.baidu.com, new_link:/s?tn=sitehao123_10_pg&usm=3&wd=%E4%B8%80%E5%8A%A0%E6%89%8B%E6%9C%BA&ie=utf-8&rsv_cq=iphone8%E5%8F%91%E5%B8%83&rsv_dl=0_right_recommends_merge_21102&euri=066388adf43a4703844d28376d44b8ac
2017-09-16 16:01:50,471 - [webpage_parser.py:63] - INFO - procotol:http, hostname:www.baidu.com, new_link:/s?tn=50000028_hao_pg&usm=3&wd=%E6%9E%97%E5%BF%97%E7%8E%B2%E5%8D%8A%E8%B9%B2%E9%A2%81%E5%A5%96&ie=utf-8&rsv_cq=%E9%99%88%E7%BE%BD%E5%87%A1%E5%A4%8D%E5%87%BA&rsv_dl=0_right_toplist_20811
2017-09-16 16:01:50,472 - [webpage_parser.py:63] - INFO - procotol:http, hostname:www.baidu.com, new_link:/s?tn=50000028_hao_pg&usm=2&wd=%E8%B5%9B%E7%90%B3%E5%A8%9C%E6%89%8B%E6%9C%AF&ie=utf-8&rsv_cq=%E7%8E%AF%E4%BF%9D%E7%A8%8E%E5%BC%80%E5%BE%81%E5%80%92%E8%AE%A1%E6%97%B6&rsv_dl=0_right_toplist_20811
2017-09-16 16:01:50,472 - [webpage_parser.py:63] - INFO - procotol:http, hostname:www.baidu.com, new_link:/s?tn=sitehao123_10_pg&usm=3&wd=oppo+find+9&ie=utf-8&rsv_cq=iphone8%E5%8F%91%E5%B8%83&rsv_dl=0_right_recommends_merge_21102&euri=5bba8e614bb0450f881a09c7b28fe108
2017-09-16 16:01:50,473 - [webpage_parser.py:63] - INFO - procotol:http, hostname:www.baidu.com, new_link:/s?tn=50000028_hao_pg&usm=3&wd=%E6%9D%8E%E9%9B%A8%E6%A1%90%E5%86%8D%E7%88%86%E6%96%99&ie=utf-8&rsv_cq=%E9%99%88%E7%BE%BD%E5%87%A1%E5%A4%8D%E5%87%BA&rsv_dl=0_right_toplist_20811
2017-09-16 16:01:50,477 - [webpage_parser.py:63] - INFO - procotol:http, hostname:www.baidu.com, new_link:/s?tn=50000028_hao_pg&usm=2&wd=%E5%9B%BD%E5%AE%B6%E8%81%8C%E4%B8%9A%E8%B5%84%E6%A0%BC%E7%9B%AE%E5%BD%95&ie=utf-8&rsv_cq=%E7%8E%AF%E4%BF%9D%E7%A8%8E%E5%BC%80%E5%BE%81%E5%80%92%E8%AE%A1%E6%97%B6&rsv_dl=0_right_toplist_20811
2017-09-16 16:01:50,478 - [webpage_parser.py:63] - INFO - procotol:http, hostname:www.baidu.com, new_link:/s?tn=50000028_hao_pg&usm=3&wd=%E8%8C%83%E5%86%B0%E5%86%B0%E6%9D%8E%E6%99%A8%E6%92%B8%E4%B8%B2&ie=utf-8&rsv_cq=%E9%99%88%E7%BE%BD%E5%87%A1%E5%A4%8D%E5%87%BA&rsv_dl=0_right_toplist_20811
2017-09-16 16:01:50,478 - [webpage_parser.py:63] - INFO - procotol:http, hostname:www.baidu.com, new_link:/s?tn=50000028_hao_pg&usm=2&wd=%E6%9E%97%E5%BF%97%E7%8E%B2%E5%8D%8A%E8%B9%B2%E9%A2%81%E5%A5%96&ie=utf-8&rsv_cq=%E7%8E%AF%E4%BF%9D%E7%A8%8E%E5%BC%80%E5%BE%81%E5%80%92%E8%AE%A1%E6%97%B6&rsv_dl=0_right_toplist_20811
2017-09-16 16:01:50,479 - [webpage_parser.py:63] - INFO - procotol:http, hostname:www.baidu.com, new_link:/s?tn=sitehao123_10_pg&usm=3&wd=oppo+find+9&ie=utf-8&rsv_cq=iphone8%E5%8F%91%E5%B8%83&rsv_dl=0_right_recommends_merge_21102&euri=5bba8e614bb0450f881a09c7b28fe108
2017-09-16 16:01:50,479 - [webpage_parser.py:63] - INFO - procotol:http, hostname:www.baidu.com, new_link:/s?tn=50000028_hao_pg&usm=3&wd=%E6%97%A5%E4%BC%81%E5%91%A8%E4%BC%91%E4%B8%89%E6%97%A5&ie=utf-8&rsv_cq=%E9%99%88%E7%BE%BD%E5%87%A1%E5%A4%8D%E5%87%BA&rsv_dl=0_right_toplist_20811
2017-09-16 16:01:50,538 - [webpage_parser.py:63] - INFO - procotol:http, hostname:www.baidu.com, new_link:/s?tn=50000028_hao_pg&usm=2&wd=%E6%9D%8E%E9%9B%A8%E6%A1%90%E5%86%8D%E7%88%86%E6%96%99&ie=utf-8&rsv_cq=%E7%8E%AF%E4%BF%9D%E7%A8%8E%E5%BC%80%E5%BE%81%E5%80%92%E8%AE%A1%E6%97%B6&rsv_dl=0_right_toplist_20811
2017-09-16 16:01:50,613 - [webpage_parser.py:63] - INFO - procotol:http, hostname:www.baidu.com, new_link:/s?tn=sitehao123_10_pg&usm=3&wd=oppo+find+9&ie=utf-8&rsv_cq=iphone8%E5%8F%91%E5%B8%83&rsv_dl=0_right_recommends_merge_21102&euri=5bba8e614bb0450f881a09c7b28fe108
2017-09-16 16:01:50,731 - [webpage_parser.py:63] - INFO - procotol:http, hostname:www.baidu.com, new_link:/s?tn=50000028_hao_pg&usm=3&wd=%E5%B0%8F%E5%AD%A6%E7%94%9F%E8%8E%B7%E5%9B%BD%E5%AE%B6%E4%B8%93%E5%88%A9&ie=utf-8&rsv_cq=%E9%99%88%E7%BE%BD%E5%87%A1%E5%A4%8D%E5%87%BA&rsv_dl=0_right_toplist_20811
2017-09-16 16:01:50,732 - [connectionpool.py:395] - DEBUG - http://tejia.hao123.com:80 "GET /?tn=zjl HTTP/1.1" 200 None
2017-09-16 16:01:50,752 - [webpage_parser.py:63] - INFO - procotol:http, hostname:www.baidu.com, new_link:/s?tn=50000028_hao_pg&usm=2&wd=%E8%8C%83%E5%86%B0%E5%86%B0%E6%9D%8E%E6%99%A8%E6%92%B8%E4%B8%B2&ie=utf-8&rsv_cq=%E7%8E%AF%E4%BF%9D%E7%A8%8E%E5%BC%80%E5%BE%81%E5%80%92%E8%AE%A1%E6%97%B6&rsv_dl=0_right_toplist_20811
2017-09-16 16:01:50,803 - [connectionpool.py:207] - DEBUG - Starting new HTTP connection (1): life.hao123.com
2017-09-16 16:01:50,804 - [webpage_parser.py:63] - INFO - procotol:http, hostname:www.baidu.com, new_link:javascript:;
2017-09-16 16:01:50,805 - [webpage_parser.py:63] - INFO - procotol:http, hostname:www.baidu.com, new_link:/s?tn=50000028_hao_pg&usm=3&wd=%E6%B2%89%E8%BF%B7%E6%B8%B8%E6%88%8F%E7%BD%91%E5%90%A7%E5%90%83%E4%BD%8F&ie=utf-8&rsv_cq=%E9%99%88%E7%BE%BD%E5%87%A1%E5%A4%8D%E5%87%BA&rsv_dl=0_right_toplist_20811
2017-09-16 16:01:50,923 - [connectionpool.py:207] - DEBUG - Starting new HTTP connection (1): www.huanqiu.com
2017-09-16 16:01:51,033 - [webpage_parser.py:63] - INFO - procotol:http, hostname:www.baidu.com, new_link:/s?tn=50000028_hao_pg&usm=2&wd=%E6%97%A5%E4%BC%81%E5%91%A8%E4%BC%91%E4%B8%89%E6%97%A5&ie=utf-8&rsv_cq=%E7%8E%AF%E4%BF%9D%E7%A8%8E%E5%BC%80%E5%BE%81%E5%80%92%E8%AE%A1%E6%97%B6&rsv_dl=0_right_toplist_20811
2017-09-16 16:01:51,047 - [webpage_parser.py:63] - INFO - procotol:http, hostname:www.baidu.com, new_link:/s?tn=sitehao123_10_pg&usm=3&wd=%E9%94%A4%E5%AD%90%E7%A7%91%E6%8A%80&ie=utf-8&rsv_cq=iphone8%E5%8F%91%E5%B8%83&rsv_dl=0_right_recommends_merge_21102&euri=6cb2420f8b514c0294ac018f2c75d59a
2017-09-16 16:01:51,117 - [webpage_parser.py:63] - INFO - procotol:http, hostname:redirect.simba.taobao.com, new_link:javascript:;
2017-09-16 16:01:51,119 - [webpage_parser.py:63] - INFO - procotol:http, hostname:www.baidu.com, new_link:/s?tn=50000028_hao_pg&usm=3&wd=8%E5%A4%A9%E9%95%BF%E5%81%876%E5%9C%BA%E5%A9%9A%E7%A4%BC&ie=utf-8&rsv_cq=%E9%99%88%E7%BE%BD%E5%87%A1%E5%A4%8D%E5%87%BA&rsv_dl=0_right_toplist_20811
2017-09-16 16:01:51,122 - [webpage_parser.py:63] - INFO - procotol:http, hostname:www.baidu.com, new_link:/s?tn=50000028_hao_pg&usm=2&wd=%E5%B0%8F%E5%AD%A6%E7%94%9F%E8%8E%B7%E5%9B%BD%E5%AE%B6%E4%B8%93%E5%88%A9&ie=utf-8&rsv_cq=%E7%8E%AF%E4%BF%9D%E7%A8%8E%E5%BC%80%E5%BE%81%E5%80%92%E8%AE%A1%E6%97%B6&rsv_dl=0_right_toplist_20811
2017-09-16 16:01:51,123 - [webpage_parser.py:63] - INFO - procotol:http, hostname:www.baidu.com, new_link:/s?tn=sitehao123_10_pg&usm=3&wd=%E9%94%A4%E5%AD%90%E7%A7%91%E6%8A%80&ie=utf-8&rsv_cq=iphone8%E5%8F%91%E5%B8%83&rsv_dl=0_right_recommends_merge_21102&euri=6cb2420f8b514c0294ac018f2c75d59a
2017-09-16 16:01:51,123 - [webpage_parser.py:63] - INFO - procotol:http, hostname:redirect.simba.taobao.com, new_link:javascript:;
2017-09-16 16:01:51,124 - [webpage_parser.py:63] - INFO - procotol:http, hostname:www.baidu.com, new_link:/s?tn=50000028_hao_pg&usm=3&wd=%E9%A9%AC%E4%BC%8A%E7%90%8D%E6%96%B0%E6%88%8F%E6%8E%A5%E9%95%BF%E5%8F%91&ie=utf-8&rsv_cq=%E9%99%88%E7%BE%BD%E5%87%A1%E5%A4%8D%E5%87%BA&rsv_dl=0_right_toplist_20811
2017-09-16 16:01:51,124 - [webpage_parser.py:63] - INFO - procotol:http, hostname:www.baidu.com, new_link:/s?tn=50000028_hao_pg&usm=2&wd=%E6%B2%89%E8%BF%B7%E6%B8%B8%E6%88%8F%E7%BD%91%E5%90%A7%E5%90%83%E4%BD%8F&ie=utf-8&rsv_cq=%E7%8E%AF%E4%BF%9D%E7%A8%8E%E5%BC%80%E5%BE%81%E5%80%92%E8%AE%A1%E6%97%B6&rsv_dl=0_right_toplist_20811
2017-09-16 16:01:51,125 - [webpage_parser.py:63] - INFO - procotol:http, hostname:www.baidu.com, new_link:/s?tn=sitehao123_10_pg&usm=3&wd=%E9%94%A4%E5%AD%90%E7%A7%91%E6%8A%80&ie=utf-8&rsv_cq=iphone8%E5%8F%91%E5%B8%83&rsv_dl=0_right_recommends_merge_21102&euri=6cb2420f8b514c0294ac018f2c75d59a
2017-09-16 16:01:51,126 - [webpage_parser.py:63] - INFO - procotol:http, hostname:redirect.simba.taobao.com, new_link:javascript:;
2017-09-16 16:01:51,126 - [webpage_parser.py:63] - INFO - procotol:http, hostname:www.baidu.com, new_link:/s?tn=50000028_hao_pg&usm=2&wd=8%E5%A4%A9%E9%95%BF%E5%81%876%E5%9C%BA%E5%A9%9A%E7%A4%BC&ie=utf-8&rsv_cq=%E7%8E%AF%E4%BF%9D%E7%A8%8E%E5%BC%80%E5%BE%81%E5%80%92%E8%AE%A1%E6%97%B6&rsv_dl=0_right_toplist_20811
2017-09-16 16:01:51,127 - [webpage_parser.py:63] - INFO - procotol:http, hostname:www.baidu.com, new_link:/s?tn=sitehao123_10_pg&usm=3&wd=%E8%8B%B9%E6%9E%9C&ie=utf-8&rsv_cq=iphone8%E5%8F%91%E5%B8%83&rsv_dl=0_right_recommends_merge_21102&euri=8d1b761c76b54ebabb601d8b5e502923
2017-09-16 16:01:51,127 - [webpage_parser.py:63] - INFO - procotol:http, hostname:www.baidu.com, new_link:/s?tn=50000028_hao_pg&usm=3&wd=%E9%AA%91%E5%8D%95%E8%BD%A6%E8%BA%AB%E4%BA%A1%E6%A1%88%E5%BC%80%E5%BA%AD&ie=utf-8&rsv_cq=%E9%99%88%E7%BE%BD%E5%87%A1%E5%A4%8D%E5%87%BA&rsv_dl=0_right_toplist_20811
2017-09-16 16:01:51,128 - [webpage_parser.py:63] - INFO - procotol:http, hostname:redirect.simba.taobao.com, new_link:javascript:;
2017-09-16 16:01:51,129 - [webpage_parser.py:63] - INFO - procotol:http, hostname:www.baidu.com, new_link:/s?tn=50000028_hao_pg&usm=2&wd=%E9%A9%AC%E4%BC%8A%E7%90%8D%E6%96%B0%E6%88%8F%E6%8E%A5%E9%95%BF%E5%8F%91&ie=utf-8&rsv_cq=%E7%8E%AF%E4%BF%9D%E7%A8%8E%E5%BC%80%E5%BE%81%E5%80%92%E8%AE%A1%E6%97%B6&rsv_dl=0_right_toplist_20811
2017-09-16 16:01:51,130 - [webpage_parser.py:63] - INFO - procotol:http, hostname:www.baidu.com, new_link:/s?tn=50000028_hao_pg&usm=3&wd=ios11%E6%AD%A3%E5%BC%8F%E7%89%88&ie=utf-8&rsv_cq=%E9%99%88%E7%BE%BD%E5%87%A1%E5%A4%8D%E5%87%BA&rsv_dl=0_right_toplist_20811
2017-09-16 16:01:51,130 - [webpage_parser.py:63] - INFO - procotol:http, hostname:www.baidu.com, new_link:/s?tn=sitehao123_10_pg&usm=3&wd=%E8%8B%B9%E6%9E%9C&ie=utf-8&rsv_cq=iphone8%E5%8F%91%E5%B8%83&rsv_dl=0_right_recommends_merge_21102&euri=8d1b761c76b54ebabb601d8b5e502923
2017-09-16 16:01:51,131 - [webpage_parser.py:63] - INFO - procotol:http, hostname:redirect.simba.taobao.com, new_link:javascript:;
2017-09-16 16:01:51,249 - [connectionpool.py:395] - DEBUG - http://life.hao123.com:80 "GET /?tn=kuzhan_movie&searchTab=dianying HTTP/1.1" 200 None
2017-09-16 16:01:51,266 - [webpage_parser.py:63] - INFO - procotol:http, hostname:www.baidu.com, new_link:/s?tn=50000028_hao_pg&usm=3&wd=%E6%9E%97%E6%9B%B4%E6%96%B0%E5%9B%9E%E5%BA%94%E8%A2%AB%E9%AA%82&ie=utf-8&rsv_cq=%E9%99%88%E7%BE%BD%E5%87%A1%E5%A4%8D%E5%87%BA&rsv_dl=0_right_toplist_20811
2017-09-16 16:01:51,267 - [webpage_parser.py:63] - INFO - procotol:http, hostname:www.baidu.com, new_link:/s?tn=50000028_hao_pg&usm=2&wd=%E9%AA%91%E5%8D%95%E8%BD%A6%E8%BA%AB%E4%BA%A1%E6%A1%88%E5%BC%80%E5%BA%AD&ie=utf-8&rsv_cq=%E7%8E%AF%E4%BF%9D%E7%A8%8E%E5%BC%80%E5%BE%81%E5%80%92%E8%AE%A1%E6%97%B6&rsv_dl=0_right_toplist_20811
2017-09-16 16:01:51,271 - [webpage_parser.py:63] - INFO - procotol:http, hostname:redirect.simba.taobao.com, new_link:javascript:;
2017-09-16 16:01:51,273 - [webpage_parser.py:63] - INFO - procotol:http, hostname:www.baidu.com, new_link:/s?tn=sitehao123_10_pg&usm=3&wd=%E8%8B%B9%E6%9E%9C&ie=utf-8&rsv_cq=iphone8%E5%8F%91%E5%B8%83&rsv_dl=0_right_recommends_merge_21102&euri=8d1b761c76b54ebabb601d8b5e502923
2017-09-16 16:01:51,325 - [webpage_parser.py:63] - INFO - procotol:http, hostname:tejia.hao123.com, new_link:javascript:void(0)
2017-09-16 16:01:51,327 - [connectionpool.py:395] - DEBUG - http://www.huanqiu.com:80 "GET / HTTP/1.1" 200 37457
2017-09-16 16:01:51,327 - [webpage_parser.py:63] - INFO - procotol:http, hostname:www.baidu.com, new_link:/s?tn=50000028_hao_pg&usm=3&wd=%E8%97%8F%E7%8D%92%E7%BB%8F%E6%B5%8E%E5%B4%A9%E7%9B%98&ie=utf-8&rsv_cq=%E9%99%88%E7%BE%BD%E5%87%A1%E5%A4%8D%E5%87%BA&rsv_dl=0_right_toplist_20811
2017-09-16 16:01:51,328 - [webpage_parser.py:63] - INFO - procotol:http, hostname:www.baidu.com, new_link:/s?tn=50000028_hao_pg&usm=2&wd=ios11%E6%AD%A3%E5%BC%8F%E7%89%88&ie=utf-8&rsv_cq=%E7%8E%AF%E4%BF%9D%E7%A8%8E%E5%BC%80%E5%BE%81%E5%80%92%E8%AE%A1%E6%97%B6&rsv_dl=0_right_toplist_20811
2017-09-16 16:01:51,329 - [webpage_parser.py:63] - INFO - procotol:http, hostname:redirect.simba.taobao.com, new_link:javascript:;
2017-09-16 16:01:51,330 - [webpage_saver.py:45] - INFO - url http://music.baidu.com is not match
2017-09-16 16:01:51,330 - [webpage_parser.py:63] - INFO - procotol:http, hostname:www.baidu.com, new_link:/s?tn=sitehao123_10_pg&usm=3&wd=%E8%AF%BA%E5%9F%BA%E4%BA%9A&ie=utf-8&rsv_cq=iphone8%E5%8F%91%E5%B8%83&rsv_dl=0_right_recommends_merge_21102&euri=f4008b67c5744462b82b39e4c1d9ae69
2017-09-16 16:01:51,332 - [webpage_parser.py:63] - INFO - procotol:http, hostname:tejia.hao123.com, new_link:javascript:;
2017-09-16 16:01:51,334 - [webpage_parser.py:63] - INFO - procotol:http, hostname:www.baidu.com, new_link:/s?tn=50000028_hao_pg&usm=3&wd=%E6%96%B0%E5%8A%A0%E5%9D%A1%E9%A6%96%E4%BD%8D%E5%A5%B3%E6%80%BB%E7%BB%9F&ie=utf-8&rsv_cq=%E9%99%88%E7%BE%BD%E5%87%A1%E5%A4%8D%E5%87%BA&rsv_dl=0_right_toplist_20811
2017-09-16 16:01:51,334 - [webpage_parser.py:63] - INFO - procotol:http, hostname:www.baidu.com, new_link:/s?tn=50000028_hao_pg&usm=2&wd=%E6%9E%97%E6%9B%B4%E6%96%B0%E5%9B%9E%E5%BA%94%E8%A2%AB%E9%AA%82&ie=utf-8&rsv_cq=%E7%8E%AF%E4%BF%9D%E7%A8%8E%E5%BC%80%E5%BE%81%E5%80%92%E8%AE%A1%E6%97%B6&rsv_dl=0_right_toplist_20811
2017-09-16 16:01:51,335 - [webpage_parser.py:63] - INFO - procotol:http, hostname:redirect.simba.taobao.com, new_link:javascript:;
2017-09-16 16:01:51,336 - [webpage_parser.py:63] - INFO - procotol:http, hostname:www.baidu.com, new_link:/s?tn=sitehao123_10_pg&usm=3&wd=%E8%AF%BA%E5%9F%BA%E4%BA%9A&ie=utf-8&rsv_cq=iphone8%E5%8F%91%E5%B8%83&rsv_dl=0_right_recommends_merge_21102&euri=f4008b67c5744462b82b39e4c1d9ae69
2017-09-16 16:01:51,338 - [webpage_parser.py:63] - INFO - procotol:http, hostname:tejia.hao123.com, new_link:javascript:;
2017-09-16 16:01:51,338 - [webpage_parser.py:63] - INFO - procotol:http, hostname:www.baidu.com, new_link:/s?tn=50000028_hao_pg&usm=3&wd=%E9%95%BF%E6%B1%9F%E5%8F%A3%E5%9E%83%E5%9C%BE%E5%80%BE%E5%80%92%E6%A1%88&ie=utf-8&rsv_cq=%E9%99%88%E7%BE%BD%E5%87%A1%E5%A4%8D%E5%87%BA&rsv_dl=0_right_toplist_20811
2017-09-16 16:01:51,339 - [webpage_parser.py:63] - INFO - procotol:http, hostname:www.baidu.com, new_link:/s?tn=50000028_hao_pg&usm=2&wd=%E8%97%8F%E7%8D%92%E7%BB%8F%E6%B5%8E%E5%B4%A9%E7%9B%98&ie=utf-8&rsv_cq=%E7%8E%AF%E4%BF%9D%E7%A8%8E%E5%BC%80%E5%BE%81%E5%80%92%E8%AE%A1%E6%97%B6&rsv_dl=0_right_toplist_20811
2017-09-16 16:01:51,341 - [webpage_parser.py:63] - INFO - procotol:http, hostname:www.baidu.com, new_link:/s?tn=sitehao123_10_pg&usm=3&wd=%E8%AF%BA%E5%9F%BA%E4%BA%9A&ie=utf-8&rsv_cq=iphone8%E5%8F%91%E5%B8%83&rsv_dl=0_right_recommends_merge_21102&euri=f4008b67c5744462b82b39e4c1d9ae69
2017-09-16 16:01:51,341 - [webpage_parser.py:63] - INFO - procotol:http, hostname:tejia.hao123.com, new_link:javascript:;
2017-09-16 16:01:51,342 - [webpage_parser.py:63] - INFO - procotol:http, hostname:www.baidu.com, new_link:/s?tn=50000028_hao_pg&usm=3&wd=%E5%8D%81%E5%B2%81%E5%A5%B3%E7%AB%A5%E8%80%83%E4%B8%8A%E5%A4%A7%E4%B8%93&ie=utf-8&rsv_cq=%E9%99%88%E7%BE%BD%E5%87%A1%E5%A4%8D%E5%87%BA&rsv_dl=0_right_toplist_20811
2017-09-16 16:01:51,343 - [webpage_parser.py:63] - INFO - procotol:http, hostname:www.baidu.com, new_link:/s?tn=50000028_hao_pg&usm=2&wd=%E6%96%B0%E5%8A%A0%E5%9D%A1%E9%A6%96%E4%BD%8D%E5%A5%B3%E6%80%BB%E7%BB%9F&ie=utf-8&rsv_cq=%E7%8E%AF%E4%BF%9D%E7%A8%8E%E5%BC%80%E5%BE%81%E5%80%92%E8%AE%A1%E6%97%B6&rsv_dl=0_right_toplist_20811
2017-09-16 16:01:51,343 - [webpage_parser.py:63] - INFO - procotol:http, hostname:www.baidu.com, new_link:/s?tn=sitehao123_10_pg&usm=3&wd=%E5%8F%B0%E7%A7%AF%E7%94%B5&ie=utf-8&rsv_cq=iphone8%E5%8F%91%E5%B8%83&rsv_dl=0_right_recommends_merge_21102&euri=db7347642f9e4d73a4ec997f28b0ad91
2017-09-16 16:01:51,344 - [webpage_parser.py:63] - INFO - procotol:http, hostname:tejia.hao123.com, new_link:javascript:;
2017-09-16 16:01:51,345 - [webpage_parser.py:63] - INFO - procotol:http, hostname:www.baidu.com, new_link:/s?tn=50000028_hao_pg&usm=3&wd=%E5%8F%8C%E5%8F%B0%E9%A3%8E%E7%BB%93%E5%AF%B9%E6%9D%A5%E8%A2%AD&ie=utf-8&rsv_cq=%E9%99%88%E7%BE%BD%E5%87%A1%E5%A4%8D%E5%87%BA&rsv_dl=0_right_toplist_20811
2017-09-16 16:01:51,346 - [webpage_parser.py:63] - INFO - procotol:http, hostname:www.baidu.com, new_link:/s?tn=50000028_hao_pg&usm=2&wd=%E9%95%BF%E6%B1%9F%E5%8F%A3%E5%9E%83%E5%9C%BE%E5%80%BE%E5%80%92%E6%A1%88&ie=utf-8&rsv_cq=%E7%8E%AF%E4%BF%9D%E7%A8%8E%E5%BC%80%E5%BE%81%E5%80%92%E8%AE%A1%E6%97%B6&rsv_dl=0_right_toplist_20811
2017-09-16 16:01:51,346 - [webpage_parser.py:63] - INFO - procotol:http, hostname:www.baidu.com, new_link:/s?tn=sitehao123_10_pg&usm=3&wd=%E5%8F%B0%E7%A7%AF%E7%94%B5&ie=utf-8&rsv_cq=iphone8%E5%8F%91%E5%B8%83&rsv_dl=0_right_recommends_merge_21102&euri=db7347642f9e4d73a4ec997f28b0ad91
2017-09-16 16:01:51,347 - [webpage_parser.py:63] - INFO - procotol:http, hostname:tejia.hao123.com, new_link:javascript:;
2017-09-16 16:01:51,347 - [webpage_parser.py:63] - INFO - procotol:http, hostname:www.baidu.com, new_link:/s?tn=50000028_hao_pg&usm=3&wd=%E4%BA%AC%E4%B8%9C%E8%BF%9B%E5%86%9B%E6%88%BF%E5%9C%B0%E4%BA%A7&ie=utf-8&rsv_cq=%E9%99%88%E7%BE%BD%E5%87%A1%E5%A4%8D%E5%87%BA&rsv_dl=0_right_toplist_20811
2017-09-16 16:01:51,348 - [webpage_parser.py:63] - INFO - procotol:http, hostname:www.baidu.com, new_link:/s?tn=50000028_hao_pg&usm=2&wd=%E5%8D%81%E5%B2%81%E5%A5%B3%E7%AB%A5%E8%80%83%E4%B8%8A%E5%A4%A7%E4%B8%93&ie=utf-8&rsv_cq=%E7%8E%AF%E4%BF%9D%E7%A8%8E%E5%BC%80%E5%BE%81%E5%80%92%E8%AE%A1%E6%97%B6&rsv_dl=0_right_toplist_20811
2017-09-16 16:01:51,348 - [webpage_parser.py:63] - INFO - procotol:http, hostname:www.baidu.com, new_link:/s?tn=sitehao123_10_pg&usm=3&wd=%E5%8F%B0%E7%A7%AF%E7%94%B5&ie=utf-8&rsv_cq=iphone8%E5%8F%91%E5%B8%83&rsv_dl=0_right_recommends_merge_21102&euri=db7347642f9e4d73a4ec997f28b0ad91
2017-09-16 16:01:51,441 - [webpage_parser.py:63] - INFO - procotol:http, hostname:tejia.hao123.com, new_link:javascript:;
2017-09-16 16:01:51,441 - [webpage_parser.py:63] - INFO - procotol:http, hostname:www.baidu.com, new_link:/s?tn=50000028_hao_pg&usm=3&wd=%E6%AF%94%E7%89%B9%E5%B8%81%E4%B8%AD%E5%9B%BD%E5%B0%86%E5%85%B3%E5%81%9C&ie=utf-8&rsv_cq=%E9%99%88%E7%BE%BD%E5%87%A1%E5%A4%8D%E5%87%BA&rsv_dl=0_right_toplist_20811
2017-09-16 16:01:51,442 - [webpage_parser.py:63] - INFO - procotol:http, hostname:www.baidu.com, new_link:/s?tn=50000028_hao_pg&usm=2&wd=%E5%8F%8C%E5%8F%B0%E9%A3%8E%E7%BB%93%E5%AF%B9%E6%9D%A5%E8%A2%AD&ie=utf-8&rsv_cq=%E7%8E%AF%E4%BF%9D%E7%A8%8E%E5%BC%80%E5%BE%81%E5%80%92%E8%AE%A1%E6%97%B6&rsv_dl=0_right_toplist_20811
2017-09-16 16:01:51,481 - [webpage_parser.py:63] - INFO - procotol:http, hostname:www.baidu.com, new_link:/s?tn=sitehao123_10_pg&usm=3&wd=oppo&ie=utf-8&rsv_cq=iphone8%E5%8F%91%E5%B8%83&rsv_dl=0_right_recommends_merge_21102&euri=1dccce80e5014e7589935275ad115f1d
2017-09-16 16:01:51,493 - [webpage_parser.py:63] - INFO - procotol:http, hostname:tejia.hao123.com, new_link:javascript:;
2017-09-16 16:01:51,558 - [webpage_parser.py:63] - INFO - procotol:http, hostname:www.baidu.com, new_link:/s?tn=50000028_hao_pg&usm=3&wd=%E4%BC%A0%E5%A5%87%E5%A4%A7%E7%86%8A%E7%8C%AB%E5%8E%BB%E4%B8%96&ie=utf-8&rsv_cq=%E9%99%88%E7%BE%BD%E5%87%A1%E5%A4%8D%E5%87%BA&rsv_dl=0_right_toplist_20811
2017-09-16 16:01:51,630 - [webpage_parser.py:63] - INFO - procotol:http, hostname:www.baidu.com, new_link:/s?tn=50000028_hao_pg&usm=2&wd=%E4%BA%AC%E4%B8%9C%E8%BF%9B%E5%86%9B%E6%88%BF%E5%9C%B0%E4%BA%A7&ie=utf-8&rsv_cq=%E7%8E%AF%E4%BF%9D%E7%A8%8E%E5%BC%80%E5%BE%81%E5%80%92%E8%AE%A1%E6%97%B6&rsv_dl=0_right_toplist_20811
2017-09-16 16:01:51,642 - [webpage_parser.py:63] - INFO - procotol:http, hostname:www.huanqiu.com, new_link:javascript:void(0)
2017-09-16 16:01:51,643 - [webpage_parser.py:63] - INFO - procotol:http, hostname:www.baidu.com, new_link:/s?tn=sitehao123_10_pg&usm=3&wd=oppo&ie=utf-8&rsv_cq=iphone8%E5%8F%91%E5%B8%83&rsv_dl=0_right_recommends_merge_21102&euri=1dccce80e5014e7589935275ad115f1d
2017-09-16 16:01:51,646 - [webpage_parser.py:63] - INFO - procotol:http, hostname:tejia.hao123.com, new_link:javascript:;
2017-09-16 16:01:51,648 - [webpage_parser.py:63] - INFO - procotol:http, hostname:www.baidu.com, new_link:/s?wd=%E7%BE%BD%E6%B3%89%E5%A4%8D%E5%87%BA&rsf=1&rsp=0&f=1&oq=%E9%99%88%E7%BE%BD%E5%87%A1%E5%A4%8D%E5%87%BA&tn=50000028_hao_pg&ie=utf-8&usm=3&rsv_pq=d30967760000e6b7&rsv_t=3451qaDV6xyL6AJitnJNhnTAWCkO4uZXB6tRg%2B%2FkG%2BpaHSxh70qzAq913WtAJqYhyYw3GqTJ&rqlang=cn&rs_src=0&rsv_pq=d30967760000e6b7&rsv_t=3451qaDV6xyL6AJitnJNhnTAWCkO4uZXB6tRg%2B%2FkG%2BpaHSxh70qzAq913WtAJqYhyYw3GqTJ
2017-09-16 16:01:51,649 - [webpage_parser.py:63] - INFO - procotol:http, hostname:www.baidu.com, new_link:/s?tn=50000028_hao_pg&usm=2&wd=%E6%AF%94%E7%89%B9%E5%B8%81%E4%B8%AD%E5%9B%BD%E5%B0%86%E5%85%B3%E5%81%9C&ie=utf-8&rsv_cq=%E7%8E%AF%E4%BF%9D%E7%A8%8E%E5%BC%80%E5%BE%81%E5%80%92%E8%AE%A1%E6%97%B6&rsv_dl=0_right_toplist_20811
2017-09-16 16:01:51,652 - [webpage_parser.py:63] - INFO - procotol:http, hostname:www.huanqiu.com, new_link:javascript:void(0)/*311*/
2017-09-16 16:01:51,652 - [webpage_parser.py:63] - INFO - procotol:http, hostname:www.baidu.com, new_link:/s?tn=sitehao123_10_pg&usm=3&wd=oppo&ie=utf-8&rsv_cq=iphone8%E5%8F%91%E5%B8%83&rsv_dl=0_right_recommends_merge_21102&euri=1dccce80e5014e7589935275ad115f1d
2017-09-16 16:01:51,653 - [webpage_parser.py:63] - INFO - procotol:http, hostname:tejia.hao123.com, new_link:javascript:;
2017-09-16 16:01:51,654 - [webpage_parser.py:63] - INFO - procotol:http, hostname:www.baidu.com, new_link:/s?wd=%E9%99%88%E7%BE%BD%E5%87%A1%E5%A4%8D%E5%87%BA%E4%BA%86%E5%90%97&rsf=1&rsp=1&f=1&oq=%E9%99%88%E7%BE%BD%E5%87%A1%E5%A4%8D%E5%87%BA&tn=50000028_hao_pg&ie=utf-8&usm=3&rsv_pq=d30967760000e6b7&rsv_t=3451qaDV6xyL6AJitnJNhnTAWCkO4uZXB6tRg%2B%2FkG%2BpaHSxh70qzAq913WtAJqYhyYw3GqTJ&rqlang=cn&rs_src=0&rsv_pq=d30967760000e6b7&rsv_t=3451qaDV6xyL6AJitnJNhnTAWCkO4uZXB6tRg%2B%2FkG%2BpaHSxh70qzAq913WtAJqYhyYw3GqTJ
2017-09-16 16:01:51,655 - [webpage_parser.py:63] - INFO - procotol:http, hostname:www.baidu.com, new_link:/s?tn=50000028_hao_pg&usm=2&wd=%E4%BC%A0%E5%A5%87%E5%A4%A7%E7%86%8A%E7%8C%AB%E5%8E%BB%E4%B8%96&ie=utf-8&rsv_cq=%E7%8E%AF%E4%BF%9D%E7%A8%8E%E5%BC%80%E5%BE%81%E5%80%92%E8%AE%A1%E6%97%B6&rsv_dl=0_right_toplist_20811
2017-09-16 16:01:51,657 - [webpage_parser.py:63] - INFO - procotol:http, hostname:www.huanqiu.com, new_link: http://society.huanqiu.com/article/2017-09/11253542.html
2017-09-16 16:01:51,657 - [webpage_parser.py:63] - INFO - procotol:http, hostname:www.baidu.com, new_link:/s?tn=sitehao123_10_pg&usm=3&wd=macbook&ie=utf-8&rsv_cq=iphone8%E5%8F%91%E5%B8%83&rsv_dl=0_right_recommends_merge_21102&euri=ad455dad62fc46d6bf5fadd00fe09f6c
2017-09-16 16:01:51,658 - [webpage_parser.py:63] - INFO - procotol:http, hostname:tejia.hao123.com, new_link:javascript:;
2017-09-16 16:01:51,659 - [webpage_parser.py:63] - INFO - procotol:http, hostname:www.baidu.com, new_link:/s?wd=%E8%83%A1%E6%B5%B7%E6%B3%89%E5%92%8C%E7%99%BD%E7%99%BE%E5%90%88%E5%BC%80%E8%BF%87%E6%88%BF&rsf=1&rsp=2&f=1&oq=%E9%99%88%E7%BE%BD%E5%87%A1%E5%A4%8D%E5%87%BA&tn=50000028_hao_pg&ie=utf-8&usm=3&rsv_pq=d30967760000e6b7&rsv_t=3451qaDV6xyL6AJitnJNhnTAWCkO4uZXB6tRg%2B%2FkG%2BpaHSxh70qzAq913WtAJqYhyYw3GqTJ&rqlang=cn&rs_src=0&rsv_pq=d30967760000e6b7&rsv_t=3451qaDV6xyL6AJitnJNhnTAWCkO4uZXB6tRg%2B%2FkG%2BpaHSxh70qzAq913WtAJqYhyYw3GqTJ
2017-09-16 16:01:51,661 - [webpage_parser.py:63] - INFO - procotol:http, hostname:www.baidu.com, new_link:/s?wd=%E7%8E%AF%E4%BF%9D%E7%A8%8E%E5%BC%80%E5%BE%81%E5%80%92%E8%AE%A1%E6%97%B6&pn=10&oq=%E7%8E%AF%E4%BF%9D%E7%A8%8E%E5%BC%80%E5%BE%81%E5%80%92%E8%AE%A1%E6%97%B6&tn=50000028_hao_pg&ie=utf-8&usm=2&rsv_pq=e5cd0e020000e16b&rsv_t=e319Cl4xFngqaqyoMSfLQueCQOSHxe1oRf1WU7oDF00xftImgEfTkEGh%2Fv2ruj8Qj50Si24w
2017-09-16 16:01:51,663 - [webpage_parser.py:63] - INFO - procotol:http, hostname:www.huanqiu.com, new_link: http://lx.huanqiu.com/lxnews/2017-09/11254023.html
2017-09-16 16:01:51,665 - [webpage_parser.py:63] - INFO - procotol:http, hostname:www.baidu.com, new_link:/s?tn=sitehao123_10_pg&usm=3&wd=macbook&ie=utf-8&rsv_cq=iphone8%E5%8F%91%E5%B8%83&rsv_dl=0_right_recommends_merge_21102&euri=ad455dad62fc46d6bf5fadd00fe09f6c
2017-09-16 16:01:51,666 - [webpage_parser.py:63] - INFO - procotol:http, hostname:www.baidu.com, new_link:/s?wd=%E9%99%88%E7%BE%BD%E5%87%A1%E5%A4%8D%E5%87%BA%E5%B9%BF%E5%91%8A&rsf=1&rsp=3&f=1&oq=%E9%99%88%E7%BE%BD%E5%87%A1%E5%A4%8D%E5%87%BA&tn=50000028_hao_pg&ie=utf-8&usm=3&rsv_pq=d30967760000e6b7&rsv_t=3451qaDV6xyL6AJitnJNhnTAWCkO4uZXB6tRg%2B%2FkG%2BpaHSxh70qzAq913WtAJqYhyYw3GqTJ&rqlang=cn&rs_src=0&rsv_pq=d30967760000e6b7&rsv_t=3451qaDV6xyL6AJitnJNhnTAWCkO4uZXB6tRg%2B%2FkG%2BpaHSxh70qzAq913WtAJqYhyYw3GqTJ
2017-09-16 16:01:51,667 - [webpage_parser.py:63] - INFO - procotol:http, hostname:tejia.hao123.com, new_link:javascript:;
2017-09-16 16:01:51,668 - [webpage_parser.py:63] - INFO - procotol:http, hostname:www.baidu.com, new_link:/s?wd=%E7%8E%AF%E4%BF%9D%E7%A8%8E%E5%BC%80%E5%BE%81%E5%80%92%E8%AE%A1%E6%97%B6&pn=20&oq=%E7%8E%AF%E4%BF%9D%E7%A8%8E%E5%BC%80%E5%BE%81%E5%80%92%E8%AE%A1%E6%97%B6&tn=50000028_hao_pg&ie=utf-8&usm=2&rsv_pq=e5cd0e020000e16b&rsv_t=e319Cl4xFngqaqyoMSfLQueCQOSHxe1oRf1WU7oDF00xftImgEfTkEGh%2Fv2ruj8Qj50Si24w
2017-09-16 16:01:51,668 - [webpage_parser.py:63] - INFO - procotol:http, hostname:www.huanqiu.com, new_link: http://lx.huanqiu.com/lxnews/2017-09/11254033.html 
2017-09-16 16:01:51,669 - [webpage_parser.py:63] - INFO - procotol:http, hostname:www.baidu.com, new_link:/s?tn=sitehao123_10_pg&usm=3&wd=macbook&ie=utf-8&rsv_cq=iphone8%E5%8F%91%E5%B8%83&rsv_dl=0_right_recommends_merge_21102&euri=ad455dad62fc46d6bf5fadd00fe09f6c
2017-09-16 16:01:51,669 - [webpage_parser.py:63] - INFO - procotol:http, hostname:www.baidu.com, new_link:/s?wd=%E9%99%88%E7%BE%BD%E5%87%A1%E9%80%80%E5%87%BA%E5%A8%B1%E4%B9%90%E5%9C%88%E4%BA%86%E5%90%97&rsf=1&rsp=4&f=1&oq=%E9%99%88%E7%BE%BD%E5%87%A1%E5%A4%8D%E5%87%BA&tn=50000028_hao_pg&ie=utf-8&usm=3&rsv_pq=d30967760000e6b7&rsv_t=3451qaDV6xyL6AJitnJNhnTAWCkO4uZXB6tRg%2B%2FkG%2BpaHSxh70qzAq913WtAJqYhyYw3GqTJ&rqlang=cn&rs_src=0&rsv_pq=d30967760000e6b7&rsv_t=3451qaDV6xyL6AJitnJNhnTAWCkO4uZXB6tRg%2B%2FkG%2BpaHSxh70qzAq913WtAJqYhyYw3GqTJ
2017-09-16 16:01:51,670 - [webpage_parser.py:63] - INFO - procotol:http, hostname:tejia.hao123.com, new_link:javascript:;
2017-09-16 16:01:51,670 - [webpage_parser.py:63] - INFO - procotol:http, hostname:www.baidu.com, new_link:/s?wd=%E7%8E%AF%E4%BF%9D%E7%A8%8E%E5%BC%80%E5%BE%81%E5%80%92%E8%AE%A1%E6%97%B6&pn=30&oq=%E7%8E%AF%E4%BF%9D%E7%A8%8E%E5%BC%80%E5%BE%81%E5%80%92%E8%AE%A1%E6%97%B6&tn=50000028_hao_pg&ie=utf-8&usm=2&rsv_pq=e5cd0e020000e16b&rsv_t=e319Cl4xFngqaqyoMSfLQueCQOSHxe1oRf1WU7oDF00xftImgEfTkEGh%2Fv2ruj8Qj50Si24w
2017-09-16 16:01:51,672 - [webpage_parser.py:63] - INFO - procotol:http, hostname:www.baidu.com, new_link:/s?tn=sitehao123_10_pg&usm=3&wd=moto+z&ie=utf-8&rsv_cq=iphone8%E5%8F%91%E5%B8%83&rsv_dl=0_right_recommends_merge_21102&euri=74b7f0e823e911e69d862c600c837bcb
2017-09-16 16:01:51,672 - [webpage_parser.py:63] - INFO - procotol:http, hostname:www.baidu.com, new_link:/s?wd=%E9%99%88%E7%BE%BD%E5%87%A1%E5%A4%8D%E5%87%BA%E5%BE%AE%E5%8D%9A%E5%91%A2&rsf=1&rsp=5&f=1&oq=%E9%99%88%E7%BE%BD%E5%87%A1%E5%A4%8D%E5%87%BA&tn=50000028_hao_pg&ie=utf-8&usm=3&rsv_pq=d30967760000e6b7&rsv_t=3451qaDV6xyL6AJitnJNhnTAWCkO4uZXB6tRg%2B%2FkG%2BpaHSxh70qzAq913WtAJqYhyYw3GqTJ&rqlang=cn&rs_src=0&rsv_pq=d30967760000e6b7&rsv_t=3451qaDV6xyL6AJitnJNhnTAWCkO4uZXB6tRg%2B%2FkG%2BpaHSxh70qzAq913WtAJqYhyYw3GqTJ
2017-09-16 16:01:51,677 - [webpage_parser.py:63] - INFO - procotol:http, hostname:www.huanqiu.com, new_link:javascript:void(0)/*311*/
2017-09-16 16:01:51,677 - [webpage_parser.py:63] - INFO - procotol:http, hostname:tejia.hao123.com, new_link:javascript:;
2017-09-16 16:01:51,678 - [webpage_parser.py:63] - INFO - procotol:http, hostname:www.baidu.com, new_link:/s?wd=%E7%8E%AF%E4%BF%9D%E7%A8%8E%E5%BC%80%E5%BE%81%E5%80%92%E8%AE%A1%E6%97%B6&pn=40&oq=%E7%8E%AF%E4%BF%9D%E7%A8%8E%E5%BC%80%E5%BE%81%E5%80%92%E8%AE%A1%E6%97%B6&tn=50000028_hao_pg&ie=utf-8&usm=2&rsv_pq=e5cd0e020000e16b&rsv_t=e319Cl4xFngqaqyoMSfLQueCQOSHxe1oRf1WU7oDF00xftImgEfTkEGh%2Fv2ruj8Qj50Si24w
2017-09-16 16:01:51,679 - [webpage_parser.py:63] - INFO - procotol:http, hostname:www.baidu.com, new_link:/s?tn=sitehao123_10_pg&usm=3&wd=moto+z&ie=utf-8&rsv_cq=iphone8%E5%8F%91%E5%B8%83&rsv_dl=0_right_recommends_merge_21102&euri=74b7f0e823e911e69d862c600c837bcb
2017-09-16 16:01:51,680 - [webpage_parser.py:63] - INFO - procotol:http, hostname:www.baidu.com, new_link:/s?wd=%E9%99%88%E7%BE%BD%E5%87%A1%E5%BE%AE%E5%8D%9A&rsf=1&rsp=6&f=1&oq=%E9%99%88%E7%BE%BD%E5%87%A1%E5%A4%8D%E5%87%BA&tn=50000028_hao_pg&ie=utf-8&usm=3&rsv_pq=d30967760000e6b7&rsv_t=3451qaDV6xyL6AJitnJNhnTAWCkO4uZXB6tRg%2B%2FkG%2BpaHSxh70qzAq913WtAJqYhyYw3GqTJ&rqlang=cn&rs_src=0&rsv_pq=d30967760000e6b7&rsv_t=3451qaDV6xyL6AJitnJNhnTAWCkO4uZXB6tRg%2B%2FkG%2BpaHSxh70qzAq913WtAJqYhyYw3GqTJ
2017-09-16 16:01:51,682 - [webpage_parser.py:63] - INFO - procotol:http, hostname:www.huanqiu.com, new_link:javascript:void(0)/*311*/
2017-09-16 16:01:51,683 - [webpage_parser.py:63] - INFO - procotol:http, hostname:tejia.hao123.com, new_link:javascript:;
2017-09-16 16:01:51,684 - [webpage_parser.py:63] - INFO - procotol:http, hostname:www.baidu.com, new_link:/s?tn=sitehao123_10_pg&usm=3&wd=moto+z&ie=utf-8&rsv_cq=iphone8%E5%8F%91%E5%B8%83&rsv_dl=0_right_recommends_merge_21102&euri=74b7f0e823e911e69d862c600c837bcb
2017-09-16 16:01:51,684 - [webpage_parser.py:63] - INFO - procotol:http, hostname:www.baidu.com, new_link:/s?wd=%E7%8E%AF%E4%BF%9D%E7%A8%8E%E5%BC%80%E5%BE%81%E5%80%92%E8%AE%A1%E6%97%B6&pn=50&oq=%E7%8E%AF%E4%BF%9D%E7%A8%8E%E5%BC%80%E5%BE%81%E5%80%92%E8%AE%A1%E6%97%B6&tn=50000028_hao_pg&ie=utf-8&usm=2&rsv_pq=e5cd0e020000e16b&rsv_t=e319Cl4xFngqaqyoMSfLQueCQOSHxe1oRf1WU7oDF00xftImgEfTkEGh%2Fv2ruj8Qj50Si24w
2017-09-16 16:01:51,685 - [webpage_parser.py:63] - INFO - procotol:http, hostname:www.baidu.com, new_link:/s?wd=%E9%99%88%E7%BE%BD%E5%87%A1%E6%9C%80%E6%96%B0%E6%B6%88%E6%81%AF&rsf=1&rsp=7&f=1&oq=%E9%99%88%E7%BE%BD%E5%87%A1%E5%A4%8D%E5%87%BA&tn=50000028_hao_pg&ie=utf-8&usm=3&rsv_pq=d30967760000e6b7&rsv_t=3451qaDV6xyL6AJitnJNhnTAWCkO4uZXB6tRg%2B%2FkG%2BpaHSxh70qzAq913WtAJqYhyYw3GqTJ&rqlang=cn&rs_src=0&rsv_pq=d30967760000e6b7&rsv_t=3451qaDV6xyL6AJitnJNhnTAWCkO4uZXB6tRg%2B%2FkG%2BpaHSxh70qzAq913WtAJqYhyYw3GqTJ
2017-09-16 16:01:51,691 - [webpage_parser.py:63] - INFO - procotol:http, hostname:www.huanqiu.com, new_link:mailto:jubao@huanqiu.com
2017-09-16 16:01:51,694 - [webpage_parser.py:63] - INFO - procotol:http, hostname:tejia.hao123.com, new_link:javascript:;
2017-09-16 16:01:51,694 - [webpage_parser.py:63] - INFO - procotol:http, hostname:www.baidu.com, new_link:/s?tn=sitehao123_10_pg&usm=3&wd=%E8%8B%B9%E6%9E%9Cicar&ie=utf-8&rsv_cq=iphone8%E5%8F%91%E5%B8%83&rsv_dl=0_right_recommends_merge_21102&euri=ac7b8449e417475f9ab255bac98a3d93
2017-09-16 16:01:51,695 - [webpage_parser.py:63] - INFO - procotol:http, hostname:www.baidu.com, new_link:/s?wd=%E7%8E%AF%E4%BF%9D%E7%A8%8E%E5%BC%80%E5%BE%81%E5%80%92%E8%AE%A1%E6%97%B6&pn=60&oq=%E7%8E%AF%E4%BF%9D%E7%A8%8E%E5%BC%80%E5%BE%81%E5%80%92%E8%AE%A1%E6%97%B6&tn=50000028_hao_pg&ie=utf-8&usm=2&rsv_pq=e5cd0e020000e16b&rsv_t=e319Cl4xFngqaqyoMSfLQueCQOSHxe1oRf1WU7oDF00xftImgEfTkEGh%2Fv2ruj8Qj50Si24w
2017-09-16 16:01:51,697 - [webpage_parser.py:63] - INFO - procotol:http, hostname:www.baidu.com, new_link:/s?wd=%E9%99%88%E7%BE%BD%E5%87%A1%E6%98%AF%E5%93%AA%E9%87%8C%E4%BA%BA&rsf=3&rsp=8&f=1&oq=%E9%99%88%E7%BE%BD%E5%87%A1%E5%A4%8D%E5%87%BA&tn=50000028_hao_pg&ie=utf-8&usm=3&rsv_pq=d30967760000e6b7&rsv_t=3451qaDV6xyL6AJitnJNhnTAWCkO4uZXB6tRg%2B%2FkG%2BpaHSxh70qzAq913WtAJqYhyYw3GqTJ&rqlang=cn&rs_src=0&rsv_pq=d30967760000e6b7&rsv_t=3451qaDV6xyL6AJitnJNhnTAWCkO4uZXB6tRg%2B%2FkG%2BpaHSxh70qzAq913WtAJqYhyYw3GqTJ
2017-09-16 16:01:51,697 - [webpage_parser.py:63] - INFO - procotol:http, hostname:www.huanqiu.com, new_link:mailto:jubao@huanqiu.com
2017-09-16 16:01:51,698 - [webpage_parser.py:63] - INFO - procotol:http, hostname:tejia.hao123.com, new_link:javascript:;
2017-09-16 16:01:51,700 - [webpage_parser.py:63] - INFO - procotol:http, hostname:www.baidu.com, new_link:/s?tn=sitehao123_10_pg&usm=3&wd=%E8%8B%B9%E6%9E%9Cicar&ie=utf-8&rsv_cq=iphone8%E5%8F%91%E5%B8%83&rsv_dl=0_right_recommends_merge_21102&euri=ac7b8449e417475f9ab255bac98a3d93
2017-09-16 16:01:51,704 - [webpage_parser.py:63] - INFO - procotol:http, hostname:www.baidu.com, new_link:/s?wd=%E9%99%88%E7%BE%BD%E5%87%A1%E5%A4%8D%E5%87%BA&pn=10&oq=%E9%99%88%E7%BE%BD%E5%87%A1%E5%A4%8D%E5%87%BA&tn=50000028_hao_pg&ie=utf-8&usm=3&rsv_pq=d30967760000e6b7&rsv_t=3451qaDV6xyL6AJitnJNhnTAWCkO4uZXB6tRg%2B%2FkG%2BpaHSxh70qzAq913WtAJqYhyYw3GqTJ
2017-09-16 16:01:51,704 - [webpage_parser.py:63] - INFO - procotol:http, hostname:www.baidu.com, new_link:/s?wd=%E7%8E%AF%E4%BF%9D%E7%A8%8E%E5%BC%80%E5%BE%81%E5%80%92%E8%AE%A1%E6%97%B6&pn=70&oq=%E7%8E%AF%E4%BF%9D%E7%A8%8E%E5%BC%80%E5%BE%81%E5%80%92%E8%AE%A1%E6%97%B6&tn=50000028_hao_pg&ie=utf-8&usm=2&rsv_pq=e5cd0e020000e16b&rsv_t=e319Cl4xFngqaqyoMSfLQueCQOSHxe1oRf1WU7oDF00xftImgEfTkEGh%2Fv2ruj8Qj50Si24w
2017-09-16 16:01:51,710 - [webpage_parser.py:63] - INFO - procotol:http, hostname:tejia.hao123.com, new_link:javascript:;
2017-09-16 16:01:51,711 - [webpage_parser.py:63] - INFO - procotol:http, hostname:www.baidu.com, new_link:/s?tn=sitehao123_10_pg&usm=3&wd=%E8%8B%B9%E6%9E%9Cicar&ie=utf-8&rsv_cq=iphone8%E5%8F%91%E5%B8%83&rsv_dl=0_right_recommends_merge_21102&euri=ac7b8449e417475f9ab255bac98a3d93
2017-09-16 16:01:51,712 - [webpage_parser.py:63] - INFO - procotol:http, hostname:www.baidu.com, new_link:/s?wd=%E9%99%88%E7%BE%BD%E5%87%A1%E5%A4%8D%E5%87%BA&pn=20&oq=%E9%99%88%E7%BE%BD%E5%87%A1%E5%A4%8D%E5%87%BA&tn=50000028_hao_pg&ie=utf-8&usm=3&rsv_pq=d30967760000e6b7&rsv_t=3451qaDV6xyL6AJitnJNhnTAWCkO4uZXB6tRg%2B%2FkG%2BpaHSxh70qzAq913WtAJqYhyYw3GqTJ
2017-09-16 16:01:51,715 - [webpage_parser.py:63] - INFO - procotol:http, hostname:www.baidu.com, new_link:/s?wd=%E7%8E%AF%E4%BF%9D%E7%A8%8E%E5%BC%80%E5%BE%81%E5%80%92%E8%AE%A1%E6%97%B6&pn=80&oq=%E7%8E%AF%E4%BF%9D%E7%A8%8E%E5%BC%80%E5%BE%81%E5%80%92%E8%AE%A1%E6%97%B6&tn=50000028_hao_pg&ie=utf-8&usm=2&rsv_pq=e5cd0e020000e16b&rsv_t=e319Cl4xFngqaqyoMSfLQueCQOSHxe1oRf1WU7oDF00xftImgEfTkEGh%2Fv2ruj8Qj50Si24w
2017-09-16 16:01:51,716 - [webpage_parser.py:63] - INFO - procotol:http, hostname:tejia.hao123.com, new_link:javascript:;
2017-09-16 16:01:51,717 - [webpage_parser.py:63] - INFO - procotol:http, hostname:www.baidu.com, new_link:/s?tn=sitehao123_10_pg&usm=3&wd=%E5%BC%A0%E4%B8%80%E5%B1%B1%E6%8B%8D%E6%88%8F%E9%81%AD%E8%87%AD%E9%AA%82&ie=utf-8&rsv_cq=iphone8%E5%8F%91%E5%B8%83&rsv_dl=0_right_toplist_20811
2017-09-16 16:01:51,717 - [webpage_parser.py:63] - INFO - procotol:http, hostname:www.baidu.com, new_link:/s?wd=%E9%99%88%E7%BE%BD%E5%87%A1%E5%A4%8D%E5%87%BA&pn=30&oq=%E9%99%88%E7%BE%BD%E5%87%A1%E5%A4%8D%E5%87%BA&tn=50000028_hao_pg&ie=utf-8&usm=3&rsv_pq=d30967760000e6b7&rsv_t=3451qaDV6xyL6AJitnJNhnTAWCkO4uZXB6tRg%2B%2FkG%2BpaHSxh70qzAq913WtAJqYhyYw3GqTJ
2017-09-16 16:01:51,719 - [webpage_parser.py:63] - INFO - procotol:http, hostname:www.baidu.com, new_link:/s?wd=%E7%8E%AF%E4%BF%9D%E7%A8%8E%E5%BC%80%E5%BE%81%E5%80%92%E8%AE%A1%E6%97%B6&pn=90&oq=%E7%8E%AF%E4%BF%9D%E7%A8%8E%E5%BC%80%E5%BE%81%E5%80%92%E8%AE%A1%E6%97%B6&tn=50000028_hao_pg&ie=utf-8&usm=2&rsv_pq=e5cd0e020000e16b&rsv_t=e319Cl4xFngqaqyoMSfLQueCQOSHxe1oRf1WU7oDF00xftImgEfTkEGh%2Fv2ruj8Qj50Si24w
2017-09-16 16:01:51,721 - [webpage_parser.py:63] - INFO - procotol:http, hostname:tejia.hao123.com, new_link:javascript:;
2017-09-16 16:01:51,722 - [webpage_parser.py:63] - INFO - procotol:http, hostname:www.baidu.com, new_link:/s?tn=sitehao123_10_pg&usm=3&wd=%E6%9D%8E%E6%99%A8%E6%B1%82%E5%A9%9A%E8%8C%83%E5%86%B0%E5%86%B0&ie=utf-8&rsv_cq=iphone8%E5%8F%91%E5%B8%83&rsv_dl=0_right_toplist_20811
2017-09-16 16:01:51,724 - [webpage_parser.py:63] - INFO - procotol:http, hostname:www.baidu.com, new_link:/s?wd=%E9%99%88%E7%BE%BD%E5%87%A1%E5%A4%8D%E5%87%BA&pn=40&oq=%E9%99%88%E7%BE%BD%E5%87%A1%E5%A4%8D%E5%87%BA&tn=50000028_hao_pg&ie=utf-8&usm=3&rsv_pq=d30967760000e6b7&rsv_t=3451qaDV6xyL6AJitnJNhnTAWCkO4uZXB6tRg%2B%2FkG%2BpaHSxh70qzAq913WtAJqYhyYw3GqTJ
2017-09-16 16:01:51,727 - [webpage_parser.py:63] - INFO - procotol:http, hostname:www.baidu.com, new_link:/s?wd=%E7%8E%AF%E4%BF%9D%E7%A8%8E%E5%BC%80%E5%BE%81%E5%80%92%E8%AE%A1%E6%97%B6&pn=10&oq=%E7%8E%AF%E4%BF%9D%E7%A8%8E%E5%BC%80%E5%BE%81%E5%80%92%E8%AE%A1%E6%97%B6&tn=50000028_hao_pg&ie=utf-8&usm=2&rsv_pq=e5cd0e020000e16b&rsv_t=e319Cl4xFngqaqyoMSfLQueCQOSHxe1oRf1WU7oDF00xftImgEfTkEGh%2Fv2ruj8Qj50Si24w&rsv_page=1
2017-09-16 16:01:51,730 - [webpage_parser.py:63] - INFO - procotol:http, hostname:tejia.hao123.com, new_link:javascript:;
2017-09-16 16:01:51,731 - [webpage_parser.py:63] - INFO - procotol:http, hostname:www.baidu.com, new_link:/s?tn=sitehao123_10_pg&usm=3&wd=%E5%91%A8%E6%98%9F%E9%A9%B0%E6%97%A7%E7%85%A7%E6%9B%9D%E5%85%89&ie=utf-8&rsv_cq=iphone8%E5%8F%91%E5%B8%83&rsv_dl=0_right_toplist_20811
2017-09-16 16:01:51,732 - [webpage_parser.py:63] - INFO - procotol:http, hostname:www.baidu.com, new_link:/s?wd=%E9%99%88%E7%BE%BD%E5%87%A1%E5%A4%8D%E5%87%BA&pn=50&oq=%E9%99%88%E7%BE%BD%E5%87%A1%E5%A4%8D%E5%87%BA&tn=50000028_hao_pg&ie=utf-8&usm=3&rsv_pq=d30967760000e6b7&rsv_t=3451qaDV6xyL6AJitnJNhnTAWCkO4uZXB6tRg%2B%2FkG%2BpaHSxh70qzAq913WtAJqYhyYw3GqTJ
2017-09-16 16:01:51,735 - [webpage_parser.py:63] - INFO - procotol:http, hostname:www.baidu.com, new_link:javascript:;
2017-09-16 16:01:51,736 - [webpage_parser.py:63] - INFO - procotol:http, hostname:tejia.hao123.com, new_link:javascript:;
2017-09-16 16:01:51,737 - [webpage_parser.py:63] - INFO - procotol:http, hostname:www.baidu.com, new_link:/s?tn=sitehao123_10_pg&usm=3&wd=B%E7%AB%99%E8%AF%B7%E9%81%93%E5%A3%AB%E4%BD%9C%E6%B3%95&ie=utf-8&rsv_cq=iphone8%E5%8F%91%E5%B8%83&rsv_dl=0_right_toplist_20811
2017-09-16 16:01:51,738 - [webpage_parser.py:63] - INFO - procotol:http, hostname:www.baidu.com, new_link:/s?wd=%E9%99%88%E7%BE%BD%E5%87%A1%E5%A4%8D%E5%87%BA&pn=60&oq=%E9%99%88%E7%BE%BD%E5%87%A1%E5%A4%8D%E5%87%BA&tn=50000028_hao_pg&ie=utf-8&usm=3&rsv_pq=d30967760000e6b7&rsv_t=3451qaDV6xyL6AJitnJNhnTAWCkO4uZXB6tRg%2B%2FkG%2BpaHSxh70qzAq913WtAJqYhyYw3GqTJ
2017-09-16 16:01:51,740 - [webpage_parser.py:63] - INFO - procotol:http, hostname:tejia.hao123.com, new_link:javascript:;
2017-09-16 16:01:51,741 - [webpage_parser.py:63] - INFO - procotol:http, hostname:www.baidu.com, new_link:/s?tn=sitehao123_10_pg&usm=3&wd=%E6%9E%97%E5%BF%83%E5%A6%82%E5%BE%8B%E5%B8%88%E5%8F%91%E5%A3%B0%E6%98%8E&ie=utf-8&rsv_cq=iphone8%E5%8F%91%E5%B8%83&rsv_dl=0_right_toplist_20811
2017-09-16 16:01:51,742 - [webpage_parser.py:63] - INFO - procotol:http, hostname:www.baidu.com, new_link:/s?wd=%E9%99%88%E7%BE%BD%E5%87%A1%E5%A4%8D%E5%87%BA&pn=70&oq=%E9%99%88%E7%BE%BD%E5%87%A1%E5%A4%8D%E5%87%BA&tn=50000028_hao_pg&ie=utf-8&usm=3&rsv_pq=d30967760000e6b7&rsv_t=3451qaDV6xyL6AJitnJNhnTAWCkO4uZXB6tRg%2B%2FkG%2BpaHSxh70qzAq913WtAJqYhyYw3GqTJ
2017-09-16 16:01:51,743 - [webpage_parser.py:63] - INFO - procotol:http, hostname:tejia.hao123.com, new_link:javascript:;
2017-09-16 16:01:51,744 - [webpage_parser.py:63] - INFO - procotol:http, hostname:www.baidu.com, new_link:/s?tn=sitehao123_10_pg&usm=3&wd=%E5%BE%AE%E4%BF%A1%E9%9A%90%E7%A7%81%E4%BF%9D%E6%8A%A4%E6%8C%87%E5%BC%95&ie=utf-8&rsv_cq=iphone8%E5%8F%91%E5%B8%83&rsv_dl=0_right_toplist_20811
2017-09-16 16:01:51,745 - [webpage_parser.py:63] - INFO - procotol:http, hostname:www.baidu.com, new_link:/s?wd=%E9%99%88%E7%BE%BD%E5%87%A1%E5%A4%8D%E5%87%BA&pn=80&oq=%E9%99%88%E7%BE%BD%E5%87%A1%E5%A4%8D%E5%87%BA&tn=50000028_hao_pg&ie=utf-8&usm=3&rsv_pq=d30967760000e6b7&rsv_t=3451qaDV6xyL6AJitnJNhnTAWCkO4uZXB6tRg%2B%2FkG%2BpaHSxh70qzAq913WtAJqYhyYw3GqTJ
2017-09-16 16:01:51,747 - [webpage_parser.py:63] - INFO - procotol:http, hostname:tejia.hao123.com, new_link:javascript:;
2017-09-16 16:01:51,749 - [webpage_parser.py:63] - INFO - procotol:http, hostname:www.baidu.com, new_link:/s?tn=sitehao123_10_pg&usm=3&wd=%E9%99%88%E7%BE%BD%E5%87%A1%E5%A4%8D%E5%87%BA&ie=utf-8&rsv_cq=iphone8%E5%8F%91%E5%B8%83&rsv_dl=0_right_toplist_20811
2017-09-16 16:01:51,749 - [webpage_parser.py:63] - INFO - procotol:http, hostname:www.baidu.com, new_link:/s?wd=%E9%99%88%E7%BE%BD%E5%87%A1%E5%A4%8D%E5%87%BA&pn=90&oq=%E9%99%88%E7%BE%BD%E5%87%A1%E5%A4%8D%E5%87%BA&tn=50000028_hao_pg&ie=utf-8&usm=3&rsv_pq=d30967760000e6b7&rsv_t=3451qaDV6xyL6AJitnJNhnTAWCkO4uZXB6tRg%2B%2FkG%2BpaHSxh70qzAq913WtAJqYhyYw3GqTJ
2017-09-16 16:01:51,750 - [webpage_parser.py:63] - INFO - procotol:http, hostname:tejia.hao123.com, new_link:javascript:;
2017-09-16 16:01:51,750 - [webpage_parser.py:63] - INFO - procotol:http, hostname:www.baidu.com, new_link:/s?tn=sitehao123_10_pg&usm=3&wd=%E7%8E%8B%E5%AE%9D%E5%BC%BA%E6%9D%91%E6%B0%91%E8%B0%88%E5%AE%8B%E5%96%86&ie=utf-8&rsv_cq=iphone8%E5%8F%91%E5%B8%83&rsv_dl=0_right_toplist_20811
2017-09-16 16:01:51,751 - [webpage_parser.py:63] - INFO - procotol:http, hostname:www.baidu.com, new_link:/s?wd=%E9%99%88%E7%BE%BD%E5%87%A1%E5%A4%8D%E5%87%BA&pn=10&oq=%E9%99%88%E7%BE%BD%E5%87%A1%E5%A4%8D%E5%87%BA&tn=50000028_hao_pg&ie=utf-8&usm=3&rsv_pq=d30967760000e6b7&rsv_t=3451qaDV6xyL6AJitnJNhnTAWCkO4uZXB6tRg%2B%2FkG%2BpaHSxh70qzAq913WtAJqYhyYw3GqTJ&rsv_page=1
2017-09-16 16:01:51,752 - [webpage_parser.py:63] - INFO - procotol:http, hostname:tejia.hao123.com, new_link:javascript:;
2017-09-16 16:01:51,753 - [webpage_parser.py:63] - INFO - procotol:http, hostname:www.baidu.com, new_link:/s?tn=sitehao123_10_pg&usm=3&wd=%E4%BC%A6%E6%95%A6%E5%9C%B0%E9%93%81%E5%8F%91%E7%94%9F%E7%88%86%E7%82%B8&ie=utf-8&rsv_cq=iphone8%E5%8F%91%E5%B8%83&rsv_dl=0_right_toplist_20811
2017-09-16 16:01:51,753 - [webpage_parser.py:63] - INFO - procotol:http, hostname:www.baidu.com, new_link:javascript:;
2017-09-16 16:01:51,754 - [webpage_parser.py:63] - INFO - procotol:http, hostname:www.baidu.com, new_link:/s?tn=sitehao123_10_pg&usm=3&wd=%E8%B5%9B%E7%90%B3%E5%A8%9C%E6%89%8B%E6%9C%AF&ie=utf-8&rsv_cq=iphone8%E5%8F%91%E5%B8%83&rsv_dl=0_right_toplist_20811
2017-09-16 16:01:51,755 - [webpage_parser.py:63] - INFO - procotol:http, hostname:www.baidu.com, new_link:/s?tn=sitehao123_10_pg&usm=3&wd=%E5%9B%BD%E5%AE%B6%E8%81%8C%E4%B8%9A%E8%B5%84%E6%A0%BC%E7%9B%AE%E5%BD%95&ie=utf-8&rsv_cq=iphone8%E5%8F%91%E5%B8%83&rsv_dl=0_right_toplist_20811
2017-09-16 16:01:51,756 - [webpage_parser.py:63] - INFO - procotol:http, hostname:www.baidu.com, new_link:/s?tn=sitehao123_10_pg&usm=3&wd=%E6%9E%97%E5%BF%97%E7%8E%B2%E5%8D%8A%E8%B9%B2%E9%A2%81%E5%A5%96&ie=utf-8&rsv_cq=iphone8%E5%8F%91%E5%B8%83&rsv_dl=0_right_toplist_20811
2017-09-16 16:01:51,756 - [webpage_parser.py:63] - INFO - procotol:http, hostname:www.baidu.com, new_link:/s?tn=sitehao123_10_pg&usm=3&wd=%E6%9D%8E%E9%9B%A8%E6%A1%90%E5%86%8D%E7%88%86%E6%96%99&ie=utf-8&rsv_cq=iphone8%E5%8F%91%E5%B8%83&rsv_dl=0_right_toplist_20811
2017-09-16 16:01:51,757 - [webpage_parser.py:63] - INFO - procotol:http, hostname:www.baidu.com, new_link:/s?tn=sitehao123_10_pg&usm=3&wd=%E8%8C%83%E5%86%B0%E5%86%B0%E6%9D%8E%E6%99%A8%E6%92%B8%E4%B8%B2&ie=utf-8&rsv_cq=iphone8%E5%8F%91%E5%B8%83&rsv_dl=0_right_toplist_20811
2017-09-16 16:01:51,758 - [webpage_parser.py:63] - INFO - procotol:http, hostname:www.baidu.com, new_link:/s?tn=sitehao123_10_pg&usm=3&wd=%E6%97%A5%E4%BC%81%E5%91%A8%E4%BC%91%E4%B8%89%E6%97%A5&ie=utf-8&rsv_cq=iphone8%E5%8F%91%E5%B8%83&rsv_dl=0_right_toplist_20811
2017-09-16 16:01:51,758 - [webpage_parser.py:63] - INFO - procotol:http, hostname:www.baidu.com, new_link:/s?tn=sitehao123_10_pg&usm=3&wd=%E5%B0%8F%E5%AD%A6%E7%94%9F%E8%8E%B7%E5%9B%BD%E5%AE%B6%E4%B8%93%E5%88%A9&ie=utf-8&rsv_cq=iphone8%E5%8F%91%E5%B8%83&rsv_dl=0_right_toplist_20811
2017-09-16 16:01:51,759 - [webpage_parser.py:63] - INFO - procotol:http, hostname:www.baidu.com, new_link:/s?tn=sitehao123_10_pg&usm=3&wd=%E6%B2%89%E8%BF%B7%E6%B8%B8%E6%88%8F%E7%BD%91%E5%90%A7%E5%90%83%E4%BD%8F&ie=utf-8&rsv_cq=iphone8%E5%8F%91%E5%B8%83&rsv_dl=0_right_toplist_20811
2017-09-16 16:01:51,759 - [webpage_parser.py:63] - INFO - procotol:http, hostname:www.baidu.com, new_link:/s?tn=sitehao123_10_pg&usm=3&wd=8%E5%A4%A9%E9%95%BF%E5%81%876%E5%9C%BA%E5%A9%9A%E7%A4%BC&ie=utf-8&rsv_cq=iphone8%E5%8F%91%E5%B8%83&rsv_dl=0_right_toplist_20811
2017-09-16 16:01:51,760 - [webpage_parser.py:63] - INFO - procotol:http, hostname:www.baidu.com, new_link:/s?tn=sitehao123_10_pg&usm=3&wd=%E9%A9%AC%E4%BC%8A%E7%90%8D%E6%96%B0%E6%88%8F%E6%8E%A5%E9%95%BF%E5%8F%91&ie=utf-8&rsv_cq=iphone8%E5%8F%91%E5%B8%83&rsv_dl=0_right_toplist_20811
2017-09-16 16:01:51,760 - [webpage_parser.py:63] - INFO - procotol:http, hostname:www.baidu.com, new_link:/s?tn=sitehao123_10_pg&usm=3&wd=%E9%AA%91%E5%8D%95%E8%BD%A6%E8%BA%AB%E4%BA%A1%E6%A1%88%E5%BC%80%E5%BA%AD&ie=utf-8&rsv_cq=iphone8%E5%8F%91%E5%B8%83&rsv_dl=0_right_toplist_20811
2017-09-16 16:01:51,761 - [webpage_parser.py:63] - INFO - procotol:http, hostname:www.baidu.com, new_link:/s?tn=sitehao123_10_pg&usm=3&wd=ios11%E6%AD%A3%E5%BC%8F%E7%89%88&ie=utf-8&rsv_cq=iphone8%E5%8F%91%E5%B8%83&rsv_dl=0_right_toplist_20811
2017-09-16 16:01:51,762 - [webpage_parser.py:63] - INFO - procotol:http, hostname:www.baidu.com, new_link:/s?tn=sitehao123_10_pg&usm=3&wd=%E6%9E%97%E6%9B%B4%E6%96%B0%E5%9B%9E%E5%BA%94%E8%A2%AB%E9%AA%82&ie=utf-8&rsv_cq=iphone8%E5%8F%91%E5%B8%83&rsv_dl=0_right_toplist_20811
2017-09-16 16:01:51,762 - [webpage_parser.py:63] - INFO - procotol:http, hostname:www.baidu.com, new_link:/s?tn=sitehao123_10_pg&usm=3&wd=%E8%97%8F%E7%8D%92%E7%BB%8F%E6%B5%8E%E5%B4%A9%E7%9B%98&ie=utf-8&rsv_cq=iphone8%E5%8F%91%E5%B8%83&rsv_dl=0_right_toplist_20811
2017-09-16 16:01:51,763 - [webpage_parser.py:63] - INFO - procotol:http, hostname:www.baidu.com, new_link:/s?tn=sitehao123_10_pg&usm=3&wd=%E6%96%B0%E5%8A%A0%E5%9D%A1%E9%A6%96%E4%BD%8D%E5%A5%B3%E6%80%BB%E7%BB%9F&ie=utf-8&rsv_cq=iphone8%E5%8F%91%E5%B8%83&rsv_dl=0_right_toplist_20811
2017-09-16 16:01:51,763 - [webpage_parser.py:63] - INFO - procotol:http, hostname:www.baidu.com, new_link:/s?tn=sitehao123_10_pg&usm=3&wd=%E9%95%BF%E6%B1%9F%E5%8F%A3%E5%9E%83%E5%9C%BE%E5%80%BE%E5%80%92%E6%A1%88&ie=utf-8&rsv_cq=iphone8%E5%8F%91%E5%B8%83&rsv_dl=0_right_toplist_20811
2017-09-16 16:01:51,764 - [webpage_parser.py:63] - INFO - procotol:http, hostname:www.baidu.com, new_link:/s?tn=sitehao123_10_pg&usm=3&wd=%E5%8D%81%E5%B2%81%E5%A5%B3%E7%AB%A5%E8%80%83%E4%B8%8A%E5%A4%A7%E4%B8%93&ie=utf-8&rsv_cq=iphone8%E5%8F%91%E5%B8%83&rsv_dl=0_right_toplist_20811
2017-09-16 16:01:51,765 - [webpage_parser.py:63] - INFO - procotol:http, hostname:www.baidu.com, new_link:/s?tn=sitehao123_10_pg&usm=3&wd=%E5%8F%8C%E5%8F%B0%E9%A3%8E%E7%BB%93%E5%AF%B9%E6%9D%A5%E8%A2%AD&ie=utf-8&rsv_cq=iphone8%E5%8F%91%E5%B8%83&rsv_dl=0_right_toplist_20811
2017-09-16 16:01:51,766 - [webpage_parser.py:63] - INFO - procotol:http, hostname:www.baidu.com, new_link:/s?tn=sitehao123_10_pg&usm=3&wd=%E4%BA%AC%E4%B8%9C%E8%BF%9B%E5%86%9B%E6%88%BF%E5%9C%B0%E4%BA%A7&ie=utf-8&rsv_cq=iphone8%E5%8F%91%E5%B8%83&rsv_dl=0_right_toplist_20811
2017-09-16 16:01:51,766 - [webpage_parser.py:63] - INFO - procotol:http, hostname:www.baidu.com, new_link:/s?tn=sitehao123_10_pg&usm=3&wd=%E6%AF%94%E7%89%B9%E5%B8%81%E4%B8%AD%E5%9B%BD%E5%B0%86%E5%85%B3%E5%81%9C&ie=utf-8&rsv_cq=iphone8%E5%8F%91%E5%B8%83&rsv_dl=0_right_toplist_20811
2017-09-16 16:01:51,767 - [webpage_parser.py:63] - INFO - procotol:http, hostname:www.baidu.com, new_link:/s?tn=sitehao123_10_pg&usm=3&wd=%E4%BC%A0%E5%A5%87%E5%A4%A7%E7%86%8A%E7%8C%AB%E5%8E%BB%E4%B8%96&ie=utf-8&rsv_cq=iphone8%E5%8F%91%E5%B8%83&rsv_dl=0_right_toplist_20811
2017-09-16 16:01:51,768 - [webpage_parser.py:63] - INFO - procotol:http, hostname:www.baidu.com, new_link:javascript:;
2017-09-16 16:01:51,768 - [webpage_parser.py:63] - INFO - procotol:http, hostname:www.baidu.com, new_link:javascript:;
2017-09-16 16:01:51,769 - [webpage_parser.py:63] - INFO - procotol:http, hostname:www.baidu.com, new_link:javascript:;
2017-09-16 16:01:51,770 - [webpage_parser.py:63] - INFO - procotol:http, hostname:www.baidu.com, new_link:javascript:;
2017-09-16 16:01:51,770 - [webpage_parser.py:63] - INFO - procotol:http, hostname:www.baidu.com, new_link:javascript:;
2017-09-16 16:01:51,772 - [webpage_parser.py:63] - INFO - procotol:http, hostname:www.baidu.com, new_link:javascript:;
2017-09-16 16:01:51,772 - [webpage_parser.py:63] - INFO - procotol:http, hostname:www.baidu.com, new_link:javascript:;
2017-09-16 16:01:51,773 - [webpage_parser.py:63] - INFO - procotol:http, hostname:www.baidu.com, new_link:javascript:;
2017-09-16 16:01:51,773 - [webpage_parser.py:63] - INFO - procotol:http, hostname:www.baidu.com, new_link:javascript:;
2017-09-16 16:01:51,774 - [webpage_parser.py:63] - INFO - procotol:http, hostname:www.baidu.com, new_link:javascript:;
2017-09-16 16:01:51,775 - [webpage_parser.py:63] - INFO - procotol:http, hostname:www.baidu.com, new_link:javascript:;
2017-09-16 16:01:51,775 - [webpage_parser.py:63] - INFO - procotol:http, hostname:www.baidu.com, new_link:javascript:;
2017-09-16 16:01:51,776 - [webpage_parser.py:63] - INFO - procotol:http, hostname:www.baidu.com, new_link:javascript:;
2017-09-16 16:01:51,776 - [webpage_parser.py:63] - INFO - procotol:http, hostname:www.baidu.com, new_link:javascript:;
2017-09-16 16:01:51,777 - [webpage_parser.py:63] - INFO - procotol:http, hostname:www.baidu.com, new_link:javascript:;
2017-09-16 16:01:51,778 - [webpage_parser.py:63] - INFO - procotol:http, hostname:www.baidu.com, new_link:javascript:;
2017-09-16 16:01:51,778 - [webpage_parser.py:63] - INFO - procotol:http, hostname:www.baidu.com, new_link:javascript:;
2017-09-16 16:01:51,780 - [webpage_parser.py:63] - INFO - procotol:http, hostname:www.baidu.com, new_link:javascript:;
2017-09-16 16:01:51,780 - [webpage_parser.py:63] - INFO - procotol:http, hostname:www.baidu.com, new_link:javascript:;
2017-09-16 16:01:51,781 - [webpage_parser.py:63] - INFO - procotol:http, hostname:www.baidu.com, new_link:javascript:;
2017-09-16 16:01:51,783 - [webpage_parser.py:63] - INFO - procotol:http, hostname:www.baidu.com, new_link:/s?wd=iphone8%E5%8F%91%E5%B8%83%E6%97%B6%E9%97%B4&rsf=1&rsp=0&f=1&oq=iphone8%E5%8F%91%E5%B8%83&tn=sitehao123_10_pg&ie=utf-8&usm=3&rsv_pq=e8aa43ab0000eae8&rsv_t=d238ewpk%2BJ58PLO90pzoBJG4TiFwn2QbQptt8EK5S85EDf%2BYoeqqBdKrCB7H4Qbl7zanpG%2BVVw&rqlang=cn&rs_src=0&rsv_pq=e8aa43ab0000eae8&rsv_t=d238ewpk%2BJ58PLO90pzoBJG4TiFwn2QbQptt8EK5S85EDf%2BYoeqqBdKrCB7H4Qbl7zanpG%2BVVw
2017-09-16 16:01:51,783 - [webpage_parser.py:63] - INFO - procotol:http, hostname:www.baidu.com, new_link:/s?wd=iphone8%E5%8F%91%E5%B8%83%E6%97%B6%E9%97%B4%E5%B7%B2%E7%A1%AE%E5%AE%9A&rsf=1&rsp=1&f=1&oq=iphone8%E5%8F%91%E5%B8%83&tn=sitehao123_10_pg&ie=utf-8&usm=3&rsv_pq=e8aa43ab0000eae8&rsv_t=d238ewpk%2BJ58PLO90pzoBJG4TiFwn2QbQptt8EK5S85EDf%2BYoeqqBdKrCB7H4Qbl7zanpG%2BVVw&rqlang=cn&rs_src=0&rsv_pq=e8aa43ab0000eae8&rsv_t=d238ewpk%2BJ58PLO90pzoBJG4TiFwn2QbQptt8EK5S85EDf%2BYoeqqBdKrCB7H4Qbl7zanpG%2BVVw
2017-09-16 16:01:51,784 - [webpage_parser.py:63] - INFO - procotol:http, hostname:www.baidu.com, new_link:/s?wd=iphone%208%E4%BB%80%E4%B9%88%E6%97%B6%E5%80%99%E5%8F%91%E5%B8%83&rsf=1&rsp=2&f=1&oq=iphone8%E5%8F%91%E5%B8%83&tn=sitehao123_10_pg&ie=utf-8&usm=3&rsv_pq=e8aa43ab0000eae8&rsv_t=d238ewpk%2BJ58PLO90pzoBJG4TiFwn2QbQptt8EK5S85EDf%2BYoeqqBdKrCB7H4Qbl7zanpG%2BVVw&rqlang=cn&rs_src=0&rsv_pq=e8aa43ab0000eae8&rsv_t=d238ewpk%2BJ58PLO90pzoBJG4TiFwn2QbQptt8EK5S85EDf%2BYoeqqBdKrCB7H4Qbl7zanpG%2BVVw
2017-09-16 16:01:51,784 - [webpage_parser.py:63] - INFO - procotol:http, hostname:www.baidu.com, new_link:/s?wd=%E8%8B%B9%E6%9E%9Ciphone8%E5%8F%91%E5%B8%83%E6%97%B6%E9%97%B4&rsf=2&rsp=3&f=1&oq=iphone8%E5%8F%91%E5%B8%83&tn=sitehao123_10_pg&ie=utf-8&usm=3&rsv_pq=e8aa43ab0000eae8&rsv_t=d238ewpk%2BJ58PLO90pzoBJG4TiFwn2QbQptt8EK5S85EDf%2BYoeqqBdKrCB7H4Qbl7zanpG%2BVVw&rqlang=cn&rs_src=0&rsv_pq=e8aa43ab0000eae8&rsv_t=d238ewpk%2BJ58PLO90pzoBJG4TiFwn2QbQptt8EK5S85EDf%2BYoeqqBdKrCB7H4Qbl7zanpG%2BVVw
2017-09-16 16:01:51,785 - [webpage_parser.py:63] - INFO - procotol:http, hostname:www.baidu.com, new_link:/s?wd=iphone8%E5%8F%91%E5%B8%83%E4%BC%9A%E6%97%B6%E9%97%B4%E5%AE%98%E6%96%B9&rsf=2&rsp=4&f=1&oq=iphone8%E5%8F%91%E5%B8%83&tn=sitehao123_10_pg&ie=utf-8&usm=3&rsv_pq=e8aa43ab0000eae8&rsv_t=d238ewpk%2BJ58PLO90pzoBJG4TiFwn2QbQptt8EK5S85EDf%2BYoeqqBdKrCB7H4Qbl7zanpG%2BVVw&rqlang=cn&rs_src=0&rsv_pq=e8aa43ab0000eae8&rsv_t=d238ewpk%2BJ58PLO90pzoBJG4TiFwn2QbQptt8EK5S85EDf%2BYoeqqBdKrCB7H4Qbl7zanpG%2BVVw
2017-09-16 16:01:51,785 - [webpage_parser.py:63] - INFO - procotol:http, hostname:www.baidu.com, new_link:/s?wd=iphone8%E5%8F%91%E5%B8%83%E4%BC%9A%E6%97%B6%E9%97%B4&rsf=1&rsp=5&f=1&oq=iphone8%E5%8F%91%E5%B8%83&tn=sitehao123_10_pg&ie=utf-8&usm=3&rsv_pq=e8aa43ab0000eae8&rsv_t=d238ewpk%2BJ58PLO90pzoBJG4TiFwn2QbQptt8EK5S85EDf%2BYoeqqBdKrCB7H4Qbl7zanpG%2BVVw&rqlang=cn&rs_src=0&rsv_pq=e8aa43ab0000eae8&rsv_t=d238ewpk%2BJ58PLO90pzoBJG4TiFwn2QbQptt8EK5S85EDf%2BYoeqqBdKrCB7H4Qbl7zanpG%2BVVw
2017-09-16 16:01:51,786 - [webpage_parser.py:63] - INFO - procotol:http, hostname:www.baidu.com, new_link:/s?wd=%E8%8B%B9%E6%9E%9C8%E5%8F%91%E5%B8%83&rsf=1&rsp=6&f=1&oq=iphone8%E5%8F%91%E5%B8%83&tn=sitehao123_10_pg&ie=utf-8&usm=3&rsv_pq=e8aa43ab0000eae8&rsv_t=d238ewpk%2BJ58PLO90pzoBJG4TiFwn2QbQptt8EK5S85EDf%2BYoeqqBdKrCB7H4Qbl7zanpG%2BVVw&rqlang=cn&rs_src=0&rsv_pq=e8aa43ab0000eae8&rsv_t=d238ewpk%2BJ58PLO90pzoBJG4TiFwn2QbQptt8EK5S85EDf%2BYoeqqBdKrCB7H4Qbl7zanpG%2BVVw
2017-09-16 16:01:51,786 - [webpage_parser.py:63] - INFO - procotol:http, hostname:www.baidu.com, new_link:/s?wd=%E9%A2%84%E8%AE%A1iphone8%E4%B8%8A%E5%B8%82%E6%97%B6%E9%97%B4&rsf=1&rsp=7&f=1&oq=iphone8%E5%8F%91%E5%B8%83&tn=sitehao123_10_pg&ie=utf-8&usm=3&rsv_pq=e8aa43ab0000eae8&rsv_t=d238ewpk%2BJ58PLO90pzoBJG4TiFwn2QbQptt8EK5S85EDf%2BYoeqqBdKrCB7H4Qbl7zanpG%2BVVw&rqlang=cn&rs_src=0&rsv_pq=e8aa43ab0000eae8&rsv_t=d238ewpk%2BJ58PLO90pzoBJG4TiFwn2QbQptt8EK5S85EDf%2BYoeqqBdKrCB7H4Qbl7zanpG%2BVVw
2017-09-16 16:01:51,787 - [webpage_parser.py:63] - INFO - procotol:http, hostname:www.baidu.com, new_link:/s?wd=2017iphone8%E5%8F%91%E5%B8%83%E4%BC%9A%E6%97%B6%E9%97%B4&rsf=2&rsp=8&f=1&oq=iphone8%E5%8F%91%E5%B8%83&tn=sitehao123_10_pg&ie=utf-8&usm=3&rsv_pq=e8aa43ab0000eae8&rsv_t=d238ewpk%2BJ58PLO90pzoBJG4TiFwn2QbQptt8EK5S85EDf%2BYoeqqBdKrCB7H4Qbl7zanpG%2BVVw&rqlang=cn&rs_src=0&rsv_pq=e8aa43ab0000eae8&rsv_t=d238ewpk%2BJ58PLO90pzoBJG4TiFwn2QbQptt8EK5S85EDf%2BYoeqqBdKrCB7H4Qbl7zanpG%2BVVw
2017-09-16 16:01:51,788 - [webpage_parser.py:63] - INFO - procotol:http, hostname:www.baidu.com, new_link:/s?wd=iphone8%E5%8F%91%E5%B8%83&pn=10&oq=iphone8%E5%8F%91%E5%B8%83&tn=sitehao123_10_pg&ie=utf-8&usm=3&rsv_pq=e8aa43ab0000eae8&rsv_t=d238ewpk%2BJ58PLO90pzoBJG4TiFwn2QbQptt8EK5S85EDf%2BYoeqqBdKrCB7H4Qbl7zanpG%2BVVw
2017-09-16 16:01:51,788 - [webpage_parser.py:63] - INFO - procotol:http, hostname:www.baidu.com, new_link:/s?wd=iphone8%E5%8F%91%E5%B8%83&pn=20&oq=iphone8%E5%8F%91%E5%B8%83&tn=sitehao123_10_pg&ie=utf-8&usm=3&rsv_pq=e8aa43ab0000eae8&rsv_t=d238ewpk%2BJ58PLO90pzoBJG4TiFwn2QbQptt8EK5S85EDf%2BYoeqqBdKrCB7H4Qbl7zanpG%2BVVw
2017-09-16 16:01:51,789 - [webpage_parser.py:63] - INFO - procotol:http, hostname:www.baidu.com, new_link:/s?wd=iphone8%E5%8F%91%E5%B8%83&pn=30&oq=iphone8%E5%8F%91%E5%B8%83&tn=sitehao123_10_pg&ie=utf-8&usm=3&rsv_pq=e8aa43ab0000eae8&rsv_t=d238ewpk%2BJ58PLO90pzoBJG4TiFwn2QbQptt8EK5S85EDf%2BYoeqqBdKrCB7H4Qbl7zanpG%2BVVw
2017-09-16 16:01:51,790 - [webpage_parser.py:63] - INFO - procotol:http, hostname:www.baidu.com, new_link:/s?wd=iphone8%E5%8F%91%E5%B8%83&pn=40&oq=iphone8%E5%8F%91%E5%B8%83&tn=sitehao123_10_pg&ie=utf-8&usm=3&rsv_pq=e8aa43ab0000eae8&rsv_t=d238ewpk%2BJ58PLO90pzoBJG4TiFwn2QbQptt8EK5S85EDf%2BYoeqqBdKrCB7H4Qbl7zanpG%2BVVw
2017-09-16 16:01:51,791 - [webpage_parser.py:63] - INFO - procotol:http, hostname:www.baidu.com, new_link:/s?wd=iphone8%E5%8F%91%E5%B8%83&pn=50&oq=iphone8%E5%8F%91%E5%B8%83&tn=sitehao123_10_pg&ie=utf-8&usm=3&rsv_pq=e8aa43ab0000eae8&rsv_t=d238ewpk%2BJ58PLO90pzoBJG4TiFwn2QbQptt8EK5S85EDf%2BYoeqqBdKrCB7H4Qbl7zanpG%2BVVw
2017-09-16 16:01:51,791 - [webpage_parser.py:63] - INFO - procotol:http, hostname:www.baidu.com, new_link:/s?wd=iphone8%E5%8F%91%E5%B8%83&pn=60&oq=iphone8%E5%8F%91%E5%B8%83&tn=sitehao123_10_pg&ie=utf-8&usm=3&rsv_pq=e8aa43ab0000eae8&rsv_t=d238ewpk%2BJ58PLO90pzoBJG4TiFwn2QbQptt8EK5S85EDf%2BYoeqqBdKrCB7H4Qbl7zanpG%2BVVw
2017-09-16 16:01:51,792 - [webpage_parser.py:63] - INFO - procotol:http, hostname:www.baidu.com, new_link:/s?wd=iphone8%E5%8F%91%E5%B8%83&pn=70&oq=iphone8%E5%8F%91%E5%B8%83&tn=sitehao123_10_pg&ie=utf-8&usm=3&rsv_pq=e8aa43ab0000eae8&rsv_t=d238ewpk%2BJ58PLO90pzoBJG4TiFwn2QbQptt8EK5S85EDf%2BYoeqqBdKrCB7H4Qbl7zanpG%2BVVw
2017-09-16 16:01:51,828 - [webpage_parser.py:63] - INFO - procotol:http, hostname:www.baidu.com, new_link:/s?wd=iphone8%E5%8F%91%E5%B8%83&pn=80&oq=iphone8%E5%8F%91%E5%B8%83&tn=sitehao123_10_pg&ie=utf-8&usm=3&rsv_pq=e8aa43ab0000eae8&rsv_t=d238ewpk%2BJ58PLO90pzoBJG4TiFwn2QbQptt8EK5S85EDf%2BYoeqqBdKrCB7H4Qbl7zanpG%2BVVw
2017-09-16 16:01:51,890 - [webpage_parser.py:63] - INFO - procotol:http, hostname:life.hao123.com, new_link:javascript:void(0)
2017-09-16 16:01:51,890 - [webpage_parser.py:63] - INFO - procotol:http, hostname:www.baidu.com, new_link:/s?wd=iphone8%E5%8F%91%E5%B8%83&pn=90&oq=iphone8%E5%8F%91%E5%B8%83&tn=sitehao123_10_pg&ie=utf-8&usm=3&rsv_pq=e8aa43ab0000eae8&rsv_t=d238ewpk%2BJ58PLO90pzoBJG4TiFwn2QbQptt8EK5S85EDf%2BYoeqqBdKrCB7H4Qbl7zanpG%2BVVw
2017-09-16 16:01:51,892 - [webpage_parser.py:63] - INFO - procotol:http, hostname:life.hao123.com, new_link:javascript:;
2017-09-16 16:01:51,893 - [webpage_parser.py:63] - INFO - procotol:http, hostname:www.baidu.com, new_link:/s?wd=iphone8%E5%8F%91%E5%B8%83&pn=10&oq=iphone8%E5%8F%91%E5%B8%83&tn=sitehao123_10_pg&ie=utf-8&usm=3&rsv_pq=e8aa43ab0000eae8&rsv_t=d238ewpk%2BJ58PLO90pzoBJG4TiFwn2QbQptt8EK5S85EDf%2BYoeqqBdKrCB7H4Qbl7zanpG%2BVVw&rsv_page=1
2017-09-16 16:01:51,894 - [webpage_parser.py:63] - INFO - procotol:http, hostname:life.hao123.com, new_link:javascript:;
2017-09-16 16:01:51,895 - [webpage_parser.py:63] - INFO - procotol:http, hostname:www.baidu.com, new_link:javascript:;
2017-09-16 16:01:51,895 - [webpage_parser.py:63] - INFO - procotol:http, hostname:life.hao123.com, new_link:javascript:;
2017-09-16 16:01:51,896 - [webpage_parser.py:63] - INFO - procotol:http, hostname:www.baidu.com, new_link:/s?tn=sitehao123_10_pg&usm=3&wd=iphone8%E5%8F%91%E5%B8%83%E6%97%B6%E9%97%B4&ie=utf-8&rsv_rq=2&rsv_cq=iphone8%E5%8F%91%E5%B8%83
2017-09-16 16:01:51,897 - [webpage_parser.py:63] - INFO - procotol:http, hostname:life.hao123.com, new_link:javascript:;
2017-09-16 16:01:51,897 - [webpage_parser.py:63] - INFO - procotol:http, hostname:www.baidu.com, new_link:/s?tn=sitehao123_10_pg&usm=3&wd=iphone8%E4%BB%80%E4%B9%88%E6%97%B6%E5%80%99%E4%B8%8A%E5%B8%82&ie=utf-8&rsv_rq=2&rsv_cq=iphone8%E5%8F%91%E5%B8%83
2017-09-16 16:01:51,898 - [webpage_parser.py:63] - INFO - procotol:http, hostname:life.hao123.com, new_link:javascript:;
2017-09-16 16:01:51,899 - [webpage_parser.py:63] - INFO - procotol:http, hostname:www.baidu.com, new_link:/s?tn=sitehao123_10_pg&usm=3&wd=%E8%8B%B9%E6%9E%9C8&ie=utf-8&rsv_rq=2&rsv_cq=iphone8%E5%8F%91%E5%B8%83
2017-09-16 16:01:51,900 - [webpage_parser.py:63] - INFO - procotol:http, hostname:life.hao123.com, new_link:javascript:;
2017-09-16 16:01:51,900 - [webpage_parser.py:63] - INFO - procotol:http, hostname:www.baidu.com, new_link:/s?tn=sitehao123_10_pg&usm=3&wd=%E8%8B%B9%E6%9E%9C8%E4%BB%80%E4%B9%88%E6%97%B6%E5%80%99%E4%B8%8A%E5%B8%82&ie=utf-8&rsv_rq=2&rsv_cq=iphone8%E5%8F%91%E5%B8%83
2017-09-16 16:01:51,901 - [webpage_parser.py:63] - INFO - procotol:http, hostname:life.hao123.com, new_link:javascript:;
2017-09-16 16:01:51,901 - [webpage_parser.py:63] - INFO - procotol:http, hostname:www.baidu.com, new_link:/s?tn=sitehao123_10_pg&usm=3&wd=iPhone8&ie=utf-8&rsv_rq=2&rsv_cq=iphone8%E5%8F%91%E5%B8%83
2017-09-16 16:01:51,902 - [webpage_parser.py:63] - INFO - procotol:http, hostname:life.hao123.com, new_link:javascript:;
2017-09-16 16:01:51,903 - [webpage_parser.py:63] - INFO - procotol:http, hostname:www.baidu.com, new_link:/s?tn=sitehao123_10_pg&usm=3&wd=iphone8%E5%9B%BE%E7%89%87&ie=utf-8&rsv_rq=2&rsv_cq=iphone8%E5%8F%91%E5%B8%83
2017-09-16 16:01:51,903 - [webpage_parser.py:63] - INFO - procotol:http, hostname:life.hao123.com, new_link:javascript:;
2017-09-16 16:01:51,905 - [webpage_parser.py:63] - INFO - procotol:http, hostname:life.hao123.com, new_link:javascript:;
2017-09-16 16:01:51,906 - [webpage_parser.py:63] - INFO - procotol:http, hostname:life.hao123.com, new_link:javascript:;
2017-09-16 16:01:51,907 - [webpage_parser.py:63] - INFO - procotol:http, hostname:life.hao123.com, new_link:javascript:;
2017-09-16 16:01:51,908 - [webpage_parser.py:63] - INFO - procotol:http, hostname:life.hao123.com, new_link:javascript:;
2017-09-16 16:01:51,909 - [webpage_parser.py:63] - INFO - procotol:http, hostname:life.hao123.com, new_link:javascript:;
2017-09-16 16:01:51,909 - [webpage_parser.py:63] - INFO - procotol:http, hostname:life.hao123.com, new_link:javascript:;
2017-09-16 16:01:51,910 - [webpage_parser.py:63] - INFO - procotol:http, hostname:life.hao123.com, new_link:javascript:;
2017-09-16 16:01:51,911 - [webpage_parser.py:63] - INFO - procotol:http, hostname:life.hao123.com, new_link:javascript:;
2017-09-16 16:01:51,911 - [webpage_parser.py:63] - INFO - procotol:http, hostname:life.hao123.com, new_link:javascript:;
2017-09-16 16:01:51,936 - [webpage_saver.py:45] - INFO - url http://www.baidu.com/s?word=%E7%8E%AF%E4%BF%9D%E7%A8%8E%E5%BC%80%E5%BE%81%E5%80%92%E8%AE%A1%E6%97%B6&tn=50000028_hao_pg&ie=utf-8' is not match
2017-09-16 16:01:51,950 - [webpage_saver.py:45] - INFO - url http://www.baidu.com/s?word=%E9%99%88%E7%BE%BD%E5%87%A1%E5%A4%8D%E5%87%BA&tn=50000028_hao_pg&ie=utf-8' is not match
2017-09-16 16:01:51,959 - [webpage_saver.py:45] - INFO - url http://life.hao123.com/?tn=kuzhan_movie&searchTab=dianying is not match
2017-09-16 16:01:51,961 - [webpage_saver.py:45] - INFO - url http://tejia.hao123.com/?tn=zjl is not match
2017-09-16 16:01:51,969 - [webpage_saver.py:45] - INFO - url http://www.baidu.com/s?word=iphone8%E5%8F%91%E5%B8%83&tn=sitehao123_10_pg&ie=utf-8 is not match
2017-09-16 16:01:51,981 - [webpage_saver.py:45] - INFO - url http://www.huanqiu.com/ is not match
2017-09-16 16:01:52,011 - [webpage_saver.py:45] - INFO - url http://redirect.simba.taobao.com/rd?c=un&w=bd&f=https%3A%2F%2Fai.taobao.com%2F%3Fpid%3Dmm_26632322_6858406_121586238&k=3e8e7ae3f29b7029&p=mm_26632322_6858406_121586238 is not match
2017-09-16 16:01:52,342 - [connectionpool.py:207] - DEBUG - Starting new HTTP connection (1): gouwu.hao123.com
2017-09-16 16:01:52,433 - [connectionpool.py:395] - DEBUG - http://gouwu.hao123.com:80 "GET /?tn=mxlm1 HTTP/1.1" 200 None
2017-09-16 16:01:52,526 - [webpage_parser.py:63] - INFO - procotol:http, hostname:gouwu.hao123.com, new_link:javascript:void(0)
2017-09-16 16:01:52,528 - [webpage_parser.py:63] - INFO - procotol:http, hostname:gouwu.hao123.com, new_link:javascript:;
2017-09-16 16:01:52,529 - [webpage_parser.py:63] - INFO - procotol:http, hostname:gouwu.hao123.com, new_link:javascript:;
2017-09-16 16:01:52,529 - [webpage_parser.py:63] - INFO - procotol:http, hostname:gouwu.hao123.com, new_link:javascript:;
2017-09-16 16:01:52,530 - [webpage_parser.py:63] - INFO - procotol:http, hostname:gouwu.hao123.com, new_link:javascript:;
2017-09-16 16:01:52,531 - [webpage_parser.py:63] - INFO - procotol:http, hostname:gouwu.hao123.com, new_link:javascript:;
2017-09-16 16:01:52,532 - [webpage_parser.py:63] - INFO - procotol:http, hostname:gouwu.hao123.com, new_link:javascript:;
2017-09-16 16:01:52,532 - [webpage_parser.py:63] - INFO - procotol:http, hostname:gouwu.hao123.com, new_link:javascript:;
2017-09-16 16:01:52,533 - [webpage_parser.py:63] - INFO - procotol:http, hostname:gouwu.hao123.com, new_link:javascript:;
2017-09-16 16:01:52,533 - [webpage_parser.py:63] - INFO - procotol:http, hostname:gouwu.hao123.com, new_link:javascript:;
2017-09-16 16:01:52,533 - [webpage_parser.py:63] - INFO - procotol:http, hostname:gouwu.hao123.com, new_link:javascript:;
2017-09-16 16:01:52,533 - [webpage_parser.py:63] - INFO - procotol:http, hostname:gouwu.hao123.com, new_link:javascript:;
2017-09-16 16:01:52,534 - [webpage_parser.py:63] - INFO - procotol:http, hostname:gouwu.hao123.com, new_link:javascript:;
2017-09-16 16:01:52,534 - [webpage_parser.py:63] - INFO - procotol:http, hostname:gouwu.hao123.com, new_link:javascript:;
2017-09-16 16:01:52,535 - [webpage_parser.py:63] - INFO - procotol:http, hostname:gouwu.hao123.com, new_link:javascript:;
2017-09-16 16:01:52,535 - [webpage_parser.py:63] - INFO - procotol:http, hostname:gouwu.hao123.com, new_link:javascript:;
2017-09-16 16:01:52,535 - [webpage_parser.py:63] - INFO - procotol:http, hostname:gouwu.hao123.com, new_link:javascript:;
2017-09-16 16:01:52,535 - [webpage_parser.py:63] - INFO - procotol:http, hostname:gouwu.hao123.com, new_link:javascript:;
2017-09-16 16:01:52,536 - [webpage_parser.py:63] - INFO - procotol:http, hostname:gouwu.hao123.com, new_link:javascript:;
2017-09-16 16:01:52,536 - [webpage_parser.py:63] - INFO - procotol:http, hostname:gouwu.hao123.com, new_link:javascript:;
2017-09-16 16:01:52,536 - [webpage_parser.py:63] - INFO - procotol:http, hostname:gouwu.hao123.com, new_link:javascript:;
2017-09-16 16:01:52,537 - [webpage_parser.py:63] - INFO - procotol:http, hostname:gouwu.hao123.com, new_link:javascript:;
2017-09-16 16:01:52,538 - [webpage_parser.py:63] - INFO - procotol:http, hostname:gouwu.hao123.com, new_link:javascript:;
2017-09-16 16:01:52,540 - [webpage_saver.py:45] - INFO - url http://gouwu.hao123.com/?tn=mxlm1 is not match
2017-09-16 16:01:52,946 - [connectionpool.py:207] - DEBUG - Starting new HTTP connection (1): top.baidu.com
2017-09-16 16:01:52,958 - [connectionpool.py:207] - DEBUG - Starting new HTTP connection (1): www.baidu.com
2017-09-16 16:01:52,963 - [connectionpool.py:207] - DEBUG - Starting new HTTP connection (1): www.hao123.com
2017-09-16 16:01:52,968 - [connectionpool.py:207] - DEBUG - Starting new HTTP connection (1): www.cnr.cn
2017-09-16 16:01:52,976 - [connectionpool.py:207] - DEBUG - Starting new HTTP connection (1): www.hao123.com
2017-09-16 16:01:52,987 - [connectionpool.py:395] - DEBUG - http://top.baidu.com:80 "GET /buzz?b=1 HTTP/1.1" 200 None
2017-09-16 16:01:52,987 - [connectionpool.py:818] - DEBUG - Starting new HTTPS connection (1): www.baidu.com
2017-09-16 16:01:52,999 - [connectionpool.py:395] - DEBUG - http://www.baidu.com:80 "GET /s?word=%E6%94%BF%E5%BA%9C%E7%A6%81%E7%94%A8%E5%8D%A1%E5%B7%B4%E6%96%AF%E5%9F%BA&tn=50000028_hao_pg&ie=utf-8' HTTP/1.1" 200 None
2017-09-16 16:01:53,011 - [connectionpool.py:395] - DEBUG - http://www.hao123.com:80 "GET /api/ajax?menu=game_kp HTTP/1.1" 302 0
2017-09-16 16:01:53,023 - [connectionpool.py:207] - DEBUG - Starting new HTTP connection (1): www.iqiyi.com
2017-09-16 16:01:53,030 - [sjisprober.py:61] - DEBUG - SHIFT_JIS Japanese prober hit error at byte 146
2017-09-16 16:01:53,109 - [connectionpool.py:395] - DEBUG - http://www.hao123.com:80 "GET /?menu=game_kp HTTP/1.1" 200 None
2017-09-16 16:01:53,423 - [webpage_parser.py:63] - INFO - procotol:http, hostname:www.hao123.com, new_link:javascript:;
2017-09-16 16:01:53,432 - [webpage_parser.py:63] - INFO - procotol:http, hostname:www.baidu.com, new_link:/
2017-09-16 16:01:53,434 - [webpage_parser.py:63] - INFO - procotol:http, hostname:www.hao123.com, new_link:/api/ajax?skintype=0&toggle=1
2017-09-16 16:01:53,436 - [webpage_parser.py:63] - INFO - procotol:http, hostname:www.baidu.com, new_link:javascript:;
2017-09-16 16:01:53,436 - [webpage_parser.py:63] - INFO - procotol:http, hostname:www.hao123.com, new_link:/api/ajax?menu=index
2017-09-16 16:01:53,440 - [webpage_parser.py:63] - INFO - procotol:http, hostname:www.hao123.com, new_link:/api/ajax?menu=tv_kp
2017-09-16 16:01:53,440 - [webpage_parser.py:63] - INFO - procotol:http, hostname:www.baidu.com, new_link:javascript:;
2017-09-16 16:01:53,440 - [webpage_parser.py:63] - INFO - procotol:http, hostname:www.hao123.com, new_link:/api/ajax?menu=movie_kp
2017-09-16 16:01:53,441 - [webpage_parser.py:63] - INFO - procotol:http, hostname:www.baidu.com, new_link:javascript:;
2017-09-16 16:01:53,441 - [webpage_parser.py:63] - INFO - procotol:http, hostname:www.hao123.com, new_link:/api/ajax?menu=news_kp
2017-09-16 16:01:53,453 - [webpage_parser.py:63] - INFO - procotol:http, hostname:www.hao123.com, new_link:/api/ajax?menu=bagua_kp
2017-09-16 16:01:53,454 - [webpage_parser.py:63] - INFO - procotol:http, hostname:www.hao123.com, new_link:/api/ajax?menu=military_kp
2017-09-16 16:01:53,453 - [webpage_parser.py:63] - INFO - procotol:http, hostname:www.baidu.com, new_link:/
2017-09-16 16:01:53,455 - [webpage_parser.py:63] - INFO - procotol:http, hostname:www.hao123.com, new_link:/api/ajax?menu=xyx_kp
2017-09-16 16:01:53,456 - [connectionpool.py:395] - DEBUG - http://www.iqiyi.com:80 "GET / HTTP/1.1" 200 None
2017-09-16 16:01:53,462 - [webpage_parser.py:63] - INFO - procotol:http, hostname:www.hao123.com, new_link:/api/ajax?menu=tejia_kp
2017-09-16 16:01:53,465 - [webpage_parser.py:63] - INFO - procotol:http, hostname:www.hao123.com, new_link:/api/ajax?menu=travel_kp
2017-09-16 16:01:53,466 - [webpage_parser.py:63] - INFO - procotol:http, hostname:www.hao123.com, new_link:/api/ajax?menu=auto_kp
2017-09-16 16:01:53,466 - [webpage_parser.py:63] - INFO - procotol:http, hostname:www.baidu.com, new_link:javascript:;
2017-09-16 16:01:53,469 - [webpage_saver.py:45] - INFO - url http://www.hao123.com/api/ajax?menu=game_kp is not match
2017-09-16 16:01:53,471 - [webpage_parser.py:63] - INFO - procotol:http, hostname:www.baidu.com, new_link:/s?tn=50000028_hao_pg&usm=3&wd=%E5%BC%A0%E4%B8%80%E5%B1%B1%E6%8B%8D%E6%88%8F%E9%81%AD%E8%87%AD%E9%AA%82&ie=utf-8&rsv_cq=%E6%94%BF%E5%BA%9C%E7%A6%81%E7%94%A8%E5%8D%A1%E5%B7%B4%E6%96%AF%E5%9F%BA&rsv_dl=0_right_toplist_20811
2017-09-16 16:01:53,474 - [webpage_parser.py:63] - INFO - procotol:http, hostname:www.baidu.com, new_link:/s?tn=50000028_hao_pg&usm=3&wd=%E6%9D%8E%E6%99%A8%E6%B1%82%E5%A9%9A%E8%8C%83%E5%86%B0%E5%86%B0&ie=utf-8&rsv_cq=%E6%94%BF%E5%BA%9C%E7%A6%81%E7%94%A8%E5%8D%A1%E5%B7%B4%E6%96%AF%E5%9F%BA&rsv_dl=0_right_toplist_20811
2017-09-16 16:01:53,474 - [webpage_parser.py:63] - INFO - procotol:http, hostname:www.baidu.com, new_link:/s?tn=50000028_hao_pg&usm=3&wd=%E5%91%A8%E6%98%9F%E9%A9%B0%E6%97%A7%E7%85%A7%E6%9B%9D%E5%85%89&ie=utf-8&rsv_cq=%E6%94%BF%E5%BA%9C%E7%A6%81%E7%94%A8%E5%8D%A1%E5%B7%B4%E6%96%AF%E5%9F%BA&rsv_dl=0_right_toplist_20811
2017-09-16 16:01:53,475 - [webpage_parser.py:63] - INFO - procotol:http, hostname:www.baidu.com, new_link:/s?tn=50000028_hao_pg&usm=3&wd=B%E7%AB%99%E8%AF%B7%E9%81%93%E5%A3%AB%E4%BD%9C%E6%B3%95&ie=utf-8&rsv_cq=%E6%94%BF%E5%BA%9C%E7%A6%81%E7%94%A8%E5%8D%A1%E5%B7%B4%E6%96%AF%E5%9F%BA&rsv_dl=0_right_toplist_20811
2017-09-16 16:01:53,476 - [webpage_parser.py:63] - INFO - procotol:http, hostname:www.baidu.com, new_link:/s?tn=50000028_hao_pg&usm=3&wd=%E6%9E%97%E5%BF%83%E5%A6%82%E5%BE%8B%E5%B8%88%E5%8F%91%E5%A3%B0%E6%98%8E&ie=utf-8&rsv_cq=%E6%94%BF%E5%BA%9C%E7%A6%81%E7%94%A8%E5%8D%A1%E5%B7%B4%E6%96%AF%E5%9F%BA&rsv_dl=0_right_toplist_20811
2017-09-16 16:01:53,479 - [webpage_parser.py:63] - INFO - procotol:http, hostname:www.baidu.com, new_link:/s?tn=50000028_hao_pg&usm=3&wd=%E5%BE%AE%E4%BF%A1%E9%9A%90%E7%A7%81%E4%BF%9D%E6%8A%A4%E6%8C%87%E5%BC%95&ie=utf-8&rsv_cq=%E6%94%BF%E5%BA%9C%E7%A6%81%E7%94%A8%E5%8D%A1%E5%B7%B4%E6%96%AF%E5%9F%BA&rsv_dl=0_right_toplist_20811
2017-09-16 16:01:53,486 - [webpage_parser.py:63] - INFO - procotol:http, hostname:www.baidu.com, new_link:/s?tn=50000028_hao_pg&usm=3&wd=%E9%99%88%E7%BE%BD%E5%87%A1%E5%A4%8D%E5%87%BA&ie=utf-8&rsv_cq=%E6%94%BF%E5%BA%9C%E7%A6%81%E7%94%A8%E5%8D%A1%E5%B7%B4%E6%96%AF%E5%9F%BA&rsv_dl=0_right_toplist_20811
2017-09-16 16:01:53,487 - [connectionpool.py:395] - DEBUG - http://www.hao123.com:80 "GET /licaishuju HTTP/1.1" 200 None
2017-09-16 16:01:53,487 - [webpage_parser.py:63] - INFO - procotol:http, hostname:www.baidu.com, new_link:/s?tn=50000028_hao_pg&usm=3&wd=%E7%8E%8B%E5%AE%9D%E5%BC%BA%E6%9D%91%E6%B0%91%E8%B0%88%E5%AE%8B%E5%96%86&ie=utf-8&rsv_cq=%E6%94%BF%E5%BA%9C%E7%A6%81%E7%94%A8%E5%8D%A1%E5%B7%B4%E6%96%AF%E5%9F%BA&rsv_dl=0_right_toplist_20811
2017-09-16 16:01:53,491 - [connectionpool.py:395] - DEBUG - http://www.cnr.cn:80 "GET / HTTP/1.1" 200 23958
2017-09-16 16:01:53,498 - [connectionpool.py:395] - DEBUG - https://www.baidu.com:443 "GET /s?word=%E7%9B%97%E5%A2%93%E7%AC%94%E8%AE%B0&tn=50000016_hao_pg&ie=utf-8 HTTP/1.1" 200 227
2017-09-16 16:01:53,660 - [webpage_parser.py:63] - INFO - procotol:http, hostname:www.baidu.com, new_link:/s?tn=50000028_hao_pg&usm=3&wd=%E4%BC%A6%E6%95%A6%E5%9C%B0%E9%93%81%E5%8F%91%E7%94%9F%E7%88%86%E7%82%B8&ie=utf-8&rsv_cq=%E6%94%BF%E5%BA%9C%E7%A6%81%E7%94%A8%E5%8D%A1%E5%B7%B4%E6%96%AF%E5%9F%BA&rsv_dl=0_right_toplist_20811
2017-09-16 16:01:53,732 - [eucjpprober.py:62] - DEBUG - EUC-JP Japanese prober hit error at byte 18277
2017-09-16 16:01:53,770 - [connectionpool.py:207] - DEBUG - Starting new HTTP connection (1): bbs.miercn.com
2017-09-16 16:01:53,771 - [webpage_parser.py:63] - INFO - procotol:http, hostname:www.baidu.com, new_link:/s?tn=50000028_hao_pg&usm=3&wd=%E8%B5%9B%E7%90%B3%E5%A8%9C%E6%89%8B%E6%9C%AF&ie=utf-8&rsv_cq=%E6%94%BF%E5%BA%9C%E7%A6%81%E7%94%A8%E5%8D%A1%E5%B7%B4%E6%96%AF%E5%9F%BA&rsv_dl=0_right_toplist_20811
2017-09-16 16:01:53,868 - [webpage_parser.py:63] - INFO - procotol:http, hostname:www.iqiyi.com, new_link:javascript:;
2017-09-16 16:01:53,872 - [webpage_saver.py:45] - INFO - url https://www.baidu.com/s?word=%E7%9B%97%E5%A2%93%E7%AC%94%E8%AE%B0&tn=50000016_hao_pg&ie=utf-8 is not match
2017-09-16 16:01:53,902 - [webpage_parser.py:63] - INFO - procotol:http, hostname:www.baidu.com, new_link:/s?tn=50000028_hao_pg&usm=3&wd=%E5%9B%BD%E5%AE%B6%E8%81%8C%E4%B8%9A%E8%B5%84%E6%A0%BC%E7%9B%AE%E5%BD%95&ie=utf-8&rsv_cq=%E6%94%BF%E5%BA%9C%E7%A6%81%E7%94%A8%E5%8D%A1%E5%B7%B4%E6%96%AF%E5%9F%BA&rsv_dl=0_right_toplist_20811
2017-09-16 16:01:53,916 - [webpage_parser.py:63] - INFO - procotol:http, hostname:www.iqiyi.com, new_link:javascript:void(0);
2017-09-16 16:01:54,033 - [connectionpool.py:395] - DEBUG - http://bbs.miercn.com:80 "GET /hao123tj/201709/1248297.html HTTP/1.1" 200 8645
2017-09-16 16:01:54,084 - [webpage_parser.py:63] - INFO - procotol:http, hostname:www.baidu.com, new_link:/s?tn=50000028_hao_pg&usm=3&wd=%E6%9E%97%E5%BF%97%E7%8E%B2%E5%8D%8A%E8%B9%B2%E9%A2%81%E5%A5%96&ie=utf-8&rsv_cq=%E6%94%BF%E5%BA%9C%E7%A6%81%E7%94%A8%E5%8D%A1%E5%B7%B4%E6%96%AF%E5%9F%BA&rsv_dl=0_right_toplist_20811
2017-09-16 16:01:54,118 - [webpage_parser.py:63] - INFO - procotol:http, hostname:www.iqiyi.com, new_link:javascript:void(0)
2017-09-16 16:01:54,124 - [webpage_parser.py:63] - INFO - procotol:http, hostname:www.baidu.com, new_link:/s?tn=50000028_hao_pg&usm=3&wd=%E6%9D%8E%E9%9B%A8%E6%A1%90%E5%86%8D%E7%88%86%E6%96%99&ie=utf-8&rsv_cq=%E6%94%BF%E5%BA%9C%E7%A6%81%E7%94%A8%E5%8D%A1%E5%B7%B4%E6%96%AF%E5%9F%BA&rsv_dl=0_right_toplist_20811
2017-09-16 16:01:54,328 - [webpage_parser.py:63] - INFO - procotol:http, hostname:www.iqiyi.com, new_link:javascript:void(0)
2017-09-16 16:01:54,546 - [webpage_parser.py:63] - INFO - procotol:http, hostname:www.baidu.com, new_link:/s?tn=50000028_hao_pg&usm=3&wd=%E8%8C%83%E5%86%B0%E5%86%B0%E6%9D%8E%E6%99%A8%E6%92%B8%E4%B8%B2&ie=utf-8&rsv_cq=%E6%94%BF%E5%BA%9C%E7%A6%81%E7%94%A8%E5%8D%A1%E5%B7%B4%E6%96%AF%E5%9F%BA&rsv_dl=0_right_toplist_20811
2017-09-16 16:01:54,836 - [webpage_parser.py:63] - INFO - procotol:http, hostname:www.hao123.com, new_link:javascript:void(0)
2017-09-16 16:01:54,926 - [webpage_parser.py:63] - INFO - procotol:http, hostname:www.iqiyi.com, new_link:javascript:void(0)
2017-09-16 16:01:54,954 - [sjisprober.py:61] - DEBUG - CP932 Japanese prober hit error at byte 717
2017-09-16 16:01:54,959 - [webpage_parser.py:63] - INFO - procotol:http, hostname:www.baidu.com, new_link:/s?tn=50000028_hao_pg&usm=3&wd=%E6%97%A5%E4%BC%81%E5%91%A8%E4%BC%91%E4%B8%89%E6%97%A5&ie=utf-8&rsv_cq=%E6%94%BF%E5%BA%9C%E7%A6%81%E7%94%A8%E5%8D%A1%E5%B7%B4%E6%96%AF%E5%9F%BA&rsv_dl=0_right_toplist_20811
2017-09-16 16:01:54,961 - [webpage_parser.py:63] - INFO - procotol:http, hostname:www.hao123.com, new_link:javascript:;
2017-09-16 16:01:54,961 - [connectionpool.py:818] - DEBUG - Starting new HTTPS connection (1): www.baidu.com
2017-09-16 16:01:54,984 - [webpage_parser.py:63] - INFO - procotol:http, hostname:www.iqiyi.com, new_link:javascript:void(0)
2017-09-16 16:01:54,986 - [webpage_parser.py:63] - INFO - procotol:http, hostname:www.baidu.com, new_link:/s?tn=50000028_hao_pg&usm=3&wd=%E5%B0%8F%E5%AD%A6%E7%94%9F%E8%8E%B7%E5%9B%BD%E5%AE%B6%E4%B8%93%E5%88%A9&ie=utf-8&rsv_cq=%E6%94%BF%E5%BA%9C%E7%A6%81%E7%94%A8%E5%8D%A1%E5%B7%B4%E6%96%AF%E5%9F%BA&rsv_dl=0_right_toplist_20811
2017-09-16 16:01:55,001 - [connectionpool.py:818] - DEBUG - Starting new HTTPS connection (1): www.baidu.com
2017-09-16 16:01:55,137 - [webpage_parser.py:63] - INFO - procotol:http, hostname:www.hao123.com, new_link:#maodian0
2017-09-16 16:01:55,202 - [webpage_parser.py:63] - INFO - procotol:http, hostname:bbs.miercn.com, new_link:javascript:;
2017-09-16 16:01:55,204 - [webpage_parser.py:63] - INFO - procotol:http, hostname:www.iqiyi.com, new_link:javascript:void(0);
2017-09-16 16:01:55,256 - [webpage_parser.py:63] - INFO - procotol:http, hostname:www.baidu.com, new_link:/s?tn=50000028_hao_pg&usm=3&wd=%E6%B2%89%E8%BF%B7%E6%B8%B8%E6%88%8F%E7%BD%91%E5%90%A7%E5%90%83%E4%BD%8F&ie=utf-8&rsv_cq=%E6%94%BF%E5%BA%9C%E7%A6%81%E7%94%A8%E5%8D%A1%E5%B7%B4%E6%96%AF%E5%9F%BA&rsv_dl=0_right_toplist_20811
2017-09-16 16:01:55,258 - [sbcharsetprober.py:119] - DEBUG - ISO-8859-5 confidence = 0.0291632540736, below negative shortcut threshhold 0.05
2017-09-16 16:01:55,296 - [webpage_parser.py:63] - INFO - procotol:http, hostname:www.hao123.com, new_link:#maodian1
2017-09-16 16:01:55,309 - [webpage_parser.py:63] - INFO - procotol:http, hostname:bbs.miercn.com, new_link:#hotpinglun
2017-09-16 16:01:55,314 - [webpage_parser.py:63] - INFO - procotol:http, hostname:www.iqiyi.com, new_link:javascript:void(0);
2017-09-16 16:01:55,316 - [webpage_parser.py:63] - INFO - procotol:http, hostname:www.iqiyi.com, new_link:javascript:void(0);
2017-09-16 16:01:55,317 - [webpage_parser.py:63] - INFO - procotol:http, hostname:www.iqiyi.com, new_link:javascript:void(0);
2017-09-16 16:01:55,332 - [webpage_parser.py:63] - INFO - procotol:http, hostname:www.hao123.com, new_link:#maodian2
2017-09-16 16:01:55,334 - [webpage_parser.py:63] - INFO - procotol:http, hostname:bbs.miercn.com, new_link:javascript:doZoom(16)
2017-09-16 16:01:55,354 - [webpage_parser.py:63] - INFO - procotol:http, hostname:www.baidu.com, new_link:/s?tn=50000028_hao_pg&usm=3&wd=8%E5%A4%A9%E9%95%BF%E5%81%876%E5%9C%BA%E5%A9%9A%E7%A4%BC&ie=utf-8&rsv_cq=%E6%94%BF%E5%BA%9C%E7%A6%81%E7%94%A8%E5%8D%A1%E5%B7%B4%E6%96%AF%E5%9F%BA&rsv_dl=0_right_toplist_20811
2017-09-16 16:01:55,366 - [webpage_parser.py:63] - INFO - procotol:http, hostname:www.iqiyi.com, new_link:javascript:void(0)
2017-09-16 16:01:55,379 - [webpage_parser.py:63] - INFO - procotol:http, hostname:www.baidu.com, new_link:/s?tn=50000028_hao_pg&usm=3&wd=%E9%A9%AC%E4%BC%8A%E7%90%8D%E6%96%B0%E6%88%8F%E6%8E%A5%E9%95%BF%E5%8F%91&ie=utf-8&rsv_cq=%E6%94%BF%E5%BA%9C%E7%A6%81%E7%94%A8%E5%8D%A1%E5%B7%B4%E6%96%AF%E5%9F%BA&rsv_dl=0_right_toplist_20811
2017-09-16 16:01:55,387 - [connectionpool.py:395] - DEBUG - https://www.baidu.com:443 "GET /s?wd=15w%E4%B9%B0%E5%A5%BD%E8%BD%A6&tn=50000056_hao_pg&ie=UTF-8 HTTP/1.1" 200 227
2017-09-16 16:01:55,415 - [webpage_parser.py:63] - INFO - procotol:http, hostname:www.hao123.com, new_link:#maodian3
2017-09-16 16:01:55,415 - [webpage_parser.py:63] - INFO - procotol:http, hostname:bbs.miercn.com, new_link:javascript:doZoom(14)
2017-09-16 16:01:55,443 - [webpage_parser.py:63] - INFO - procotol:http, hostname:www.iqiyi.com, new_link:javascript:void(0);
2017-09-16 16:01:55,519 - [connectionpool.py:395] - DEBUG - https://www.baidu.com:443 "GET /s?word=%E6%83%85%E5%95%86%E5%9F%B9%E8%AE%AD%E7%8F%AD&tn=50000020_hao_pg&ie=utf-8 HTTP/1.1" 200 227
2017-09-16 16:01:55,534 - [webpage_parser.py:63] - INFO - procotol:http, hostname:www.baidu.com, new_link:/s?tn=50000028_hao_pg&usm=3&wd=%E9%AA%91%E5%8D%95%E8%BD%A6%E8%BA%AB%E4%BA%A1%E6%A1%88%E5%BC%80%E5%BA%AD&ie=utf-8&rsv_cq=%E6%94%BF%E5%BA%9C%E7%A6%81%E7%94%A8%E5%8D%A1%E5%B7%B4%E6%96%AF%E5%9F%BA&rsv_dl=0_right_toplist_20811
2017-09-16 16:01:55,541 - [webpage_parser.py:63] - INFO - procotol:http, hostname:www.hao123.com, new_link:#maodian4
2017-09-16 16:01:55,562 - [webpage_parser.py:63] - INFO - procotol:http, hostname:bbs.miercn.com, new_link:javascript:doZoom(12)
2017-09-16 16:01:55,562 - [webpage_parser.py:63] - INFO - procotol:http, hostname:www.iqiyi.com, new_link:javascript:void(0)
2017-09-16 16:01:55,564 - [webpage_saver.py:45] - INFO - url https://www.baidu.com/s?wd=15w%E4%B9%B0%E5%A5%BD%E8%BD%A6&tn=50000056_hao_pg&ie=UTF-8 is not match
2017-09-16 16:01:55,617 - [webpage_parser.py:63] - INFO - procotol:http, hostname:www.baidu.com, new_link:/s?tn=50000028_hao_pg&usm=3&wd=ios11%E6%AD%A3%E5%BC%8F%E7%89%88&ie=utf-8&rsv_cq=%E6%94%BF%E5%BA%9C%E7%A6%81%E7%94%A8%E5%8D%A1%E5%B7%B4%E6%96%AF%E5%9F%BA&rsv_dl=0_right_toplist_20811
2017-09-16 16:01:55,636 - [webpage_parser.py:63] - INFO - procotol:http, hostname:www.hao123.com, new_link:#maodian5
2017-09-16 16:01:55,637 - [webpage_parser.py:63] - INFO - procotol:http, hostname:bbs.miercn.com, new_link:1248297_2.html
2017-09-16 16:01:55,642 - [sbcharsetprober.py:119] - DEBUG - ISO-8859-5 confidence = 0.0297996496677, below negative shortcut threshhold 0.05
2017-09-16 16:01:55,643 - [webpage_parser.py:63] - INFO - procotol:http, hostname:www.iqiyi.com, new_link:javascript:void(0);
2017-09-16 16:01:55,660 - [webpage_saver.py:45] - INFO - url https://www.baidu.com/s?word=%E6%83%85%E5%95%86%E5%9F%B9%E8%AE%AD%E7%8F%AD&tn=50000020_hao_pg&ie=utf-8 is not match
2017-09-16 16:01:55,660 - [webpage_parser.py:63] - INFO - procotol:http, hostname:www.baidu.com, new_link:/s?tn=50000028_hao_pg&usm=3&wd=%E6%9E%97%E6%9B%B4%E6%96%B0%E5%9B%9E%E5%BA%94%E8%A2%AB%E9%AA%82&ie=utf-8&rsv_cq=%E6%94%BF%E5%BA%9C%E7%A6%81%E7%94%A8%E5%8D%A1%E5%B7%B4%E6%96%AF%E5%9F%BA&rsv_dl=0_right_toplist_20811
2017-09-16 16:01:55,727 - [webpage_parser.py:63] - INFO - procotol:http, hostname:bbs.miercn.com, new_link:1248297_2.html
2017-09-16 16:01:55,746 - [webpage_parser.py:63] - INFO - procotol:http, hostname:www.hao123.com, new_link:#maodian6
2017-09-16 16:01:55,760 - [webpage_parser.py:63] - INFO - procotol:http, hostname:www.iqiyi.com, new_link:javascript:void(0);
2017-09-16 16:01:55,766 - [webpage_parser.py:63] - INFO - procotol:http, hostname:www.baidu.com, new_link:/s?tn=50000028_hao_pg&usm=3&wd=%E8%97%8F%E7%8D%92%E7%BB%8F%E6%B5%8E%E5%B4%A9%E7%9B%98&ie=utf-8&rsv_cq=%E6%94%BF%E5%BA%9C%E7%A6%81%E7%94%A8%E5%8D%A1%E5%B7%B4%E6%96%AF%E5%9F%BA&rsv_dl=0_right_toplist_20811
2017-09-16 16:01:55,767 - [webpage_parser.py:63] - INFO - procotol:http, hostname:bbs.miercn.com, new_link:1248297.html
2017-09-16 16:01:55,767 - [webpage_parser.py:63] - INFO - procotol:http, hostname:www.hao123.com, new_link:#maodian7
2017-09-16 16:01:55,794 - [webpage_parser.py:63] - INFO - procotol:http, hostname:bbs.miercn.com, new_link:1248297_2.html
2017-09-16 16:01:55,794 - [webpage_parser.py:63] - INFO - procotol:http, hostname:www.iqiyi.com, new_link:javascript:void(0);
2017-09-16 16:01:55,937 - [webpage_parser.py:63] - INFO - procotol:http, hostname:www.baidu.com, new_link:/s?tn=50000028_hao_pg&usm=3&wd=%E6%96%B0%E5%8A%A0%E5%9D%A1%E9%A6%96%E4%BD%8D%E5%A5%B3%E6%80%BB%E7%BB%9F&ie=utf-8&rsv_cq=%E6%94%BF%E5%BA%9C%E7%A6%81%E7%94%A8%E5%8D%A1%E5%B7%B4%E6%96%AF%E5%9F%BA&rsv_dl=0_right_toplist_20811
2017-09-16 16:01:55,937 - [webpage_parser.py:63] - INFO - procotol:http, hostname:www.hao123.com, new_link:#maodian8
2017-09-16 16:01:55,943 - [webpage_parser.py:63] - INFO - procotol:http, hostname:bbs.miercn.com, new_link:1248297_2.html
2017-09-16 16:01:56,013 - [webpage_parser.py:63] - INFO - procotol:http, hostname:www.iqiyi.com, new_link:javascript:void(0);
2017-09-16 16:01:56,098 - [eucjpprober.py:62] - DEBUG - EUC-JP Japanese prober hit error at byte 63212
2017-09-16 16:01:56,098 - [webpage_parser.py:63] - INFO - procotol:http, hostname:www.baidu.com, new_link:/s?tn=50000028_hao_pg&usm=3&wd=%E9%95%BF%E6%B1%9F%E5%8F%A3%E5%9E%83%E5%9C%BE%E5%80%BE%E5%80%92%E6%A1%88&ie=utf-8&rsv_cq=%E6%94%BF%E5%BA%9C%E7%A6%81%E7%94%A8%E5%8D%A1%E5%B7%B4%E6%96%AF%E5%9F%BA&rsv_dl=0_right_toplist_20811
2017-09-16 16:01:56,108 - [webpage_parser.py:63] - INFO - procotol:http, hostname:www.hao123.com, new_link:#maodian9
2017-09-16 16:01:56,108 - [webpage_parser.py:63] - INFO - procotol:http, hostname:bbs.miercn.com, new_link:javascript:void(0)
2017-09-16 16:01:56,112 - [webpage_parser.py:63] - INFO - procotol:http, hostname:www.iqiyi.com, new_link:javascript:void(0)
2017-09-16 16:01:56,154 - [webpage_parser.py:63] - INFO - procotol:http, hostname:www.baidu.com, new_link:/s?tn=50000028_hao_pg&usm=3&wd=%E5%8D%81%E5%B2%81%E5%A5%B3%E7%AB%A5%E8%80%83%E4%B8%8A%E5%A4%A7%E4%B8%93&ie=utf-8&rsv_cq=%E6%94%BF%E5%BA%9C%E7%A6%81%E7%94%A8%E5%8D%A1%E5%B7%B4%E6%96%AF%E5%9F%BA&rsv_dl=0_right_toplist_20811
2017-09-16 16:01:56,156 - [webpage_parser.py:63] - INFO - procotol:http, hostname:www.hao123.com, new_link:#maodian10
2017-09-16 16:01:56,261 - [webpage_parser.py:63] - INFO - procotol:http, hostname:www.iqiyi.com, new_link:javascript:void(0);
2017-09-16 16:01:56,272 - [webpage_parser.py:63] - INFO - procotol:http, hostname:www.baidu.com, new_link:/s?tn=50000028_hao_pg&usm=3&wd=%E5%8F%8C%E5%8F%B0%E9%A3%8E%E7%BB%93%E5%AF%B9%E6%9D%A5%E8%A2%AD&ie=utf-8&rsv_cq=%E6%94%BF%E5%BA%9C%E7%A6%81%E7%94%A8%E5%8D%A1%E5%B7%B4%E6%96%AF%E5%9F%BA&rsv_dl=0_right_toplist_20811
2017-09-16 16:01:56,278 - [webpage_parser.py:63] - INFO - procotol:http, hostname:www.hao123.com, new_link:#maodian11
2017-09-16 16:01:56,289 - [webpage_parser.py:63] - INFO - procotol:http, hostname:www.iqiyi.com, new_link:javascript:void(0);
2017-09-16 16:01:56,361 - [webpage_parser.py:63] - INFO - procotol:http, hostname:www.baidu.com, new_link:/s?tn=50000028_hao_pg&usm=3&wd=%E4%BA%AC%E4%B8%9C%E8%BF%9B%E5%86%9B%E6%88%BF%E5%9C%B0%E4%BA%A7&ie=utf-8&rsv_cq=%E6%94%BF%E5%BA%9C%E7%A6%81%E7%94%A8%E5%8D%A1%E5%B7%B4%E6%96%AF%E5%9F%BA&rsv_dl=0_right_toplist_20811
2017-09-16 16:01:56,365 - [webpage_parser.py:63] - INFO - procotol:http, hostname:www.hao123.com, new_link:#maodian12
2017-09-16 16:01:56,366 - [webpage_parser.py:63] - INFO - procotol:http, hostname:www.hao123.com, new_link:#maodian13
2017-09-16 16:01:56,367 - [webpage_parser.py:63] - INFO - procotol:http, hostname:www.hao123.com, new_link:#maodian14
2017-09-16 16:01:56,368 - [webpage_parser.py:63] - INFO - procotol:http, hostname:www.hao123.com, new_link:#maodian15
2017-09-16 16:01:56,368 - [webpage_parser.py:63] - INFO - procotol:http, hostname:www.hao123.com, new_link:#maodian16
2017-09-16 16:01:56,369 - [webpage_parser.py:63] - INFO - procotol:http, hostname:www.hao123.com, new_link:#maodian17
2017-09-16 16:01:56,370 - [webpage_parser.py:63] - INFO - procotol:http, hostname:www.hao123.com, new_link:#maodian18
2017-09-16 16:01:56,371 - [webpage_parser.py:63] - INFO - procotol:http, hostname:www.hao123.com, new_link:#maodian19
2017-09-16 16:01:56,392 - [webpage_parser.py:63] - INFO - procotol:http, hostname:www.iqiyi.com, new_link:javascript:void(0)
2017-09-16 16:01:56,381 - [webpage_parser.py:63] - INFO - procotol:http, hostname:www.baidu.com, new_link:/s?tn=50000028_hao_pg&usm=3&wd=%E6%AF%94%E7%89%B9%E5%B8%81%E4%B8%AD%E5%9B%BD%E5%B0%86%E5%85%B3%E5%81%9C&ie=utf-8&rsv_cq=%E6%94%BF%E5%BA%9C%E7%A6%81%E7%94%A8%E5%8D%A1%E5%B7%B4%E6%96%AF%E5%9F%BA&rsv_dl=0_right_toplist_20811
2017-09-16 16:01:56,531 - [webpage_parser.py:63] - INFO - procotol:http, hostname:www.hao123.com, new_link:#maodian20
2017-09-16 16:01:56,532 - [webpage_parser.py:63] - INFO - procotol:http, hostname:www.iqiyi.com, new_link:javascript:;
2017-09-16 16:01:56,532 - [webpage_parser.py:63] - INFO - procotol:http, hostname:www.baidu.com, new_link:/s?tn=50000028_hao_pg&usm=3&wd=%E4%BC%A0%E5%A5%87%E5%A4%A7%E7%86%8A%E7%8C%AB%E5%8E%BB%E4%B8%96&ie=utf-8&rsv_cq=%E6%94%BF%E5%BA%9C%E7%A6%81%E7%94%A8%E5%8D%A1%E5%B7%B4%E6%96%AF%E5%9F%BA&rsv_dl=0_right_toplist_20811
2017-09-16 16:01:56,560 - [webpage_parser.py:63] - INFO - procotol:http, hostname:www.hao123.com, new_link:#maodian21
2017-09-16 16:01:56,564 - [webpage_parser.py:63] - INFO - procotol:http, hostname:www.baidu.com, new_link:/s?wd=%E5%8D%A1%E5%B7%B4%E6%96%AF%E5%9F%BA%E7%A6%81%E7%94%A8%E8%87%AA%E6%88%91%E9%98%B2%E6%8A%A4&rsf=9&rsp=0&f=1&oq=%E6%94%BF%E5%BA%9C%E7%A6%81%E7%94%A8%E5%8D%A1%E5%B7%B4%E6%96%AF%E5%9F%BA&tn=50000028_hao_pg&ie=utf-8&usm=3&rsv_pq=c128d9390000f1eb&rsv_t=74derN9%2BctTXmr9pdC1esPcs6Cku9tBwezVHd%2FqQ4gN89Ku6qEzNqDLffVBTBaJsuykn9eob&rqlang=cn&rs_src=0&rsv_pq=c128d9390000f1eb&rsv_t=74derN9%2BctTXmr9pdC1esPcs6Cku9tBwezVHd%2FqQ4gN89Ku6qEzNqDLffVBTBaJsuykn9eob
2017-09-16 16:01:56,567 - [webpage_parser.py:63] - INFO - procotol:http, hostname:www.iqiyi.com, new_link:javascript:;
2017-09-16 16:01:56,568 - [webpage_parser.py:63] - INFO - procotol:http, hostname:www.hao123.com, new_link:#maodian22
2017-09-16 16:01:56,603 - [webpage_parser.py:63] - INFO - procotol:http, hostname:www.baidu.com, new_link:/s?wd=%E5%8D%A1%E5%B7%B4%E6%96%AF%E5%9F%BA%20%E6%94%BF%E5%BA%9C%E9%87%87%E8%B4%AD&rsf=9&rsp=1&f=1&oq=%E6%94%BF%E5%BA%9C%E7%A6%81%E7%94%A8%E5%8D%A1%E5%B7%B4%E6%96%AF%E5%9F%BA&tn=50000028_hao_pg&ie=utf-8&usm=3&rsv_pq=c128d9390000f1eb&rsv_t=74derN9%2BctTXmr9pdC1esPcs6Cku9tBwezVHd%2FqQ4gN89Ku6qEzNqDLffVBTBaJsuykn9eob&rqlang=cn&rs_src=0&rsv_pq=c128d9390000f1eb&rsv_t=74derN9%2BctTXmr9pdC1esPcs6Cku9tBwezVHd%2FqQ4gN89Ku6qEzNqDLffVBTBaJsuykn9eob
2017-09-16 16:01:56,633 - [webpage_parser.py:63] - INFO - procotol:http, hostname:www.iqiyi.com, new_link:javascript:;
2017-09-16 16:01:56,683 - [webpage_parser.py:63] - INFO - procotol:http, hostname:www.hao123.com, new_link:#maodian23
2017-09-16 16:01:56,691 - [webpage_parser.py:63] - INFO - procotol:http, hostname:www.baidu.com, new_link:/s?wd=%E5%8D%A1%E5%B7%B4%E6%96%AF%E5%9F%BA&rsf=9&rsp=2&f=1&oq=%E6%94%BF%E5%BA%9C%E7%A6%81%E7%94%A8%E5%8D%A1%E5%B7%B4%E6%96%AF%E5%9F%BA&tn=50000028_hao_pg&ie=utf-8&usm=3&rsv_pq=c128d9390000f1eb&rsv_t=74derN9%2BctTXmr9pdC1esPcs6Cku9tBwezVHd%2FqQ4gN89Ku6qEzNqDLffVBTBaJsuykn9eob&rqlang=cn&rs_src=0&rsv_pq=c128d9390000f1eb&rsv_t=74derN9%2BctTXmr9pdC1esPcs6Cku9tBwezVHd%2FqQ4gN89Ku6qEzNqDLffVBTBaJsuykn9eob
2017-09-16 16:01:56,790 - [connectionpool.py:207] - DEBUG - Starting new HTTP connection (1): www.hao123.com
2017-09-16 16:01:56,793 - [webpage_parser.py:63] - INFO - procotol:http, hostname:www.iqiyi.com, new_link: http://www.iqiyi.com/zongyi/
2017-09-16 16:01:56,838 - [webpage_parser.py:63] - INFO - procotol:http, hostname:www.hao123.com, new_link:javascript:;
2017-09-16 16:01:56,872 - [webpage_parser.py:63] - INFO - procotol:http, hostname:www.baidu.com, new_link:/s?wd=%E5%8D%A1%E5%B7%B4%E6%96%AF%E5%9F%BA%E5%85%8D%E8%B4%B9%E7%89%88&rsf=9&rsp=3&f=1&oq=%E6%94%BF%E5%BA%9C%E7%A6%81%E7%94%A8%E5%8D%A1%E5%B7%B4%E6%96%AF%E5%9F%BA&tn=50000028_hao_pg&ie=utf-8&usm=3&rsv_pq=c128d9390000f1eb&rsv_t=74derN9%2BctTXmr9pdC1esPcs6Cku9tBwezVHd%2FqQ4gN89Ku6qEzNqDLffVBTBaJsuykn9eob&rqlang=cn&rs_src=0&rsv_pq=c128d9390000f1eb&rsv_t=74derN9%2BctTXmr9pdC1esPcs6Cku9tBwezVHd%2FqQ4gN89Ku6qEzNqDLffVBTBaJsuykn9eob
2017-09-16 16:01:56,989 - [charsetgroupprober.py:97] - DEBUG - utf-8 not active
2017-09-16 16:01:57,012 - [webpage_parser.py:63] - INFO - procotol:http, hostname:www.iqiyi.com, new_link: http://yule.iqiyi.com/zbj.html
2017-09-16 16:01:57,026 - [connectionpool.py:207] - DEBUG - Starting new HTTP connection (1): www.youku.com
2017-09-16 16:01:57,057 - [webpage_parser.py:63] - INFO - procotol:http, hostname:www.baidu.com, new_link:/s?wd=%E5%8D%A1%E5%B7%B4%E6%96%AF%E5%9F%BA%E5%AE%98%E6%96%B9%E7%BD%91&rsf=9&rsp=4&f=1&oq=%E6%94%BF%E5%BA%9C%E7%A6%81%E7%94%A8%E5%8D%A1%E5%B7%B4%E6%96%AF%E5%9F%BA&tn=50000028_hao_pg&ie=utf-8&usm=3&rsv_pq=c128d9390000f1eb&rsv_t=74derN9%2BctTXmr9pdC1esPcs6Cku9tBwezVHd%2FqQ4gN89Ku6qEzNqDLffVBTBaJsuykn9eob&rqlang=cn&rs_src=0&rsv_pq=c128d9390000f1eb&rsv_t=74derN9%2BctTXmr9pdC1esPcs6Cku9tBwezVHd%2FqQ4gN89Ku6qEzNqDLffVBTBaJsuykn9eob
2017-09-16 16:01:57,058 - [charsetgroupprober.py:97] - DEBUG - SHIFT_JIS not active
2017-09-16 16:01:57,062 - [webpage_parser.py:63] - INFO - procotol:http, hostname:www.iqiyi.com, new_link: http://list.iqiyi.com/www/17/1673------------2-1-1-0---.html
2017-09-16 16:01:57,123 - [webpage_parser.py:63] - INFO - procotol:http, hostname:www.baidu.com, new_link:/s?wd=%E5%8D%A1%E5%B7%B4%E6%96%AF%E5%9F%BA%E5%AE%98%E7%BD%91%E5%85%8D%E8%B4%B9%E7%89%88&rsf=9&rsp=5&f=1&oq=%E6%94%BF%E5%BA%9C%E7%A6%81%E7%94%A8%E5%8D%A1%E5%B7%B4%E6%96%AF%E5%9F%BA&tn=50000028_hao_pg&ie=utf-8&usm=3&rsv_pq=c128d9390000f1eb&rsv_t=74derN9%2BctTXmr9pdC1esPcs6Cku9tBwezVHd%2FqQ4gN89Ku6qEzNqDLffVBTBaJsuykn9eob&rqlang=cn&rs_src=0&rsv_pq=c128d9390000f1eb&rsv_t=74derN9%2BctTXmr9pdC1esPcs6Cku9tBwezVHd%2FqQ4gN89Ku6qEzNqDLffVBTBaJsuykn9eob
2017-09-16 16:01:57,127 - [charsetgroupprober.py:97] - DEBUG - EUC-JP not active
2017-09-16 16:01:57,128 - [webpage_parser.py:63] - INFO - procotol:http, hostname:www.iqiyi.com, new_link: http://list.iqiyi.com/www/13/-------1230------4-1-2--1-.html
2017-09-16 16:01:57,135 - [webpage_parser.py:63] - INFO - procotol:http, hostname:www.baidu.com, new_link:/s?wd=%E5%8D%A1%E5%B7%B4%E6%96%AF%E5%9F%BA%E6%BF%80%E6%B4%BB%E7%A0%81&rsf=9&rsp=6&f=1&oq=%E6%94%BF%E5%BA%9C%E7%A6%81%E7%94%A8%E5%8D%A1%E5%B7%B4%E6%96%AF%E5%9F%BA&tn=50000028_hao_pg&ie=utf-8&usm=3&rsv_pq=c128d9390000f1eb&rsv_t=74derN9%2BctTXmr9pdC1esPcs6Cku9tBwezVHd%2FqQ4gN89Ku6qEzNqDLffVBTBaJsuykn9eob&rqlang=cn&rs_src=0&rsv_pq=c128d9390000f1eb&rsv_t=74derN9%2BctTXmr9pdC1esPcs6Cku9tBwezVHd%2FqQ4gN89Ku6qEzNqDLffVBTBaJsuykn9eob
2017-09-16 16:01:57,148 - [charsetgroupprober.py:100] - DEBUG - GB2312 Chinese confidence = 0.99
2017-09-16 16:01:57,156 - [webpage_parser.py:63] - INFO - procotol:http, hostname:www.iqiyi.com, new_link: http://www.iqiyi.com/common/yhh.html
2017-09-16 16:01:57,156 - [webpage_parser.py:63] - INFO - procotol:http, hostname:www.baidu.com, new_link:/s?wd=%E5%8D%A1%E5%B7%B4%E6%96%AF%E5%9F%BA2017%E6%BF%80%E6%B4%BB%E7%A0%81&rsf=9&rsp=7&f=1&oq=%E6%94%BF%E5%BA%9C%E7%A6%81%E7%94%A8%E5%8D%A1%E5%B7%B4%E6%96%AF%E5%9F%BA&tn=50000028_hao_pg&ie=utf-8&usm=3&rsv_pq=c128d9390000f1eb&rsv_t=74derN9%2BctTXmr9pdC1esPcs6Cku9tBwezVHd%2FqQ4gN89Ku6qEzNqDLffVBTBaJsuykn9eob&rqlang=cn&rs_src=0&rsv_pq=c128d9390000f1eb&rsv_t=74derN9%2BctTXmr9pdC1esPcs6Cku9tBwezVHd%2FqQ4gN89Ku6qEzNqDLffVBTBaJsuykn9eob
2017-09-16 16:01:57,261 - [connectionpool.py:395] - DEBUG - http://www.hao123.com:80 "GET /api/ajax?menu=tejia_kp HTTP/1.1" 302 0
2017-09-16 16:01:57,286 - [charsetgroupprober.py:100] - DEBUG - EUC-KR Korean confidence = 0.01
2017-09-16 16:01:57,287 - [webpage_parser.py:63] - INFO - procotol:http, hostname:www.baidu.com, new_link:/s?wd=%E5%8D%A1%E5%B7%B4%E6%96%AF%E5%9F%BA%E5%AE%98%E7%BD%91&rsf=9&rsp=8&f=1&oq=%E6%94%BF%E5%BA%9C%E7%A6%81%E7%94%A8%E5%8D%A1%E5%B7%B4%E6%96%AF%E5%9F%BA&tn=50000028_hao_pg&ie=utf-8&usm=3&rsv_pq=c128d9390000f1eb&rsv_t=74derN9%2BctTXmr9pdC1esPcs6Cku9tBwezVHd%2FqQ4gN89Ku6qEzNqDLffVBTBaJsuykn9eob&rqlang=cn&rs_src=0&rsv_pq=c128d9390000f1eb&rsv_t=74derN9%2BctTXmr9pdC1esPcs6Cku9tBwezVHd%2FqQ4gN89Ku6qEzNqDLffVBTBaJsuykn9eob
2017-09-16 16:01:57,476 - [charsetgroupprober.py:100] - DEBUG - CP949 Korean confidence = 0.01
2017-09-16 16:01:57,481 - [webpage_parser.py:63] - INFO - procotol:http, hostname:www.iqiyi.com, new_link: http://x.pps.tv/
2017-09-16 16:01:57,484 - [webpage_saver.py:45] - INFO - url http://www.hao123.com/licaishuju is not match
2017-09-16 16:01:57,491 - [webpage_parser.py:63] - INFO - procotol:http, hostname:www.baidu.com, new_link:/s?wd=%E6%94%BF%E5%BA%9C%E7%A6%81%E7%94%A8%E5%8D%A1%E5%B7%B4%E6%96%AF%E5%9F%BA&pn=10&oq=%E6%94%BF%E5%BA%9C%E7%A6%81%E7%94%A8%E5%8D%A1%E5%B7%B4%E6%96%AF%E5%9F%BA&tn=50000028_hao_pg&ie=utf-8&usm=3&rsv_pq=c128d9390000f1eb&rsv_t=74derN9%2BctTXmr9pdC1esPcs6Cku9tBwezVHd%2FqQ4gN89Ku6qEzNqDLffVBTBaJsuykn9eob
2017-09-16 16:01:57,500 - [charsetgroupprober.py:100] - DEBUG - Big5 Chinese confidence = 0.01
2017-09-16 16:01:57,503 - [webpage_parser.py:63] - INFO - procotol:http, hostname:www.iqiyi.com, new_link:javascript:void(0);
2017-09-16 16:01:57,538 - [webpage_parser.py:63] - INFO - procotol:http, hostname:www.baidu.com, new_link:/s?wd=%E6%94%BF%E5%BA%9C%E7%A6%81%E7%94%A8%E5%8D%A1%E5%B7%B4%E6%96%AF%E5%9F%BA&pn=20&oq=%E6%94%BF%E5%BA%9C%E7%A6%81%E7%94%A8%E5%8D%A1%E5%B7%B4%E6%96%AF%E5%9F%BA&tn=50000028_hao_pg&ie=utf-8&usm=3&rsv_pq=c128d9390000f1eb&rsv_t=74derN9%2BctTXmr9pdC1esPcs6Cku9tBwezVHd%2FqQ4gN89Ku6qEzNqDLffVBTBaJsuykn9eob
2017-09-16 16:01:57,538 - [connectionpool.py:207] - DEBUG - Starting new HTTP connection (1): www.qianlong.com
2017-09-16 16:01:57,549 - [connectionpool.py:395] - DEBUG - http://www.hao123.com:80 "GET /?menu=tejia_kp HTTP/1.1" 200 None
2017-09-16 16:01:57,549 - [charsetgroupprober.py:100] - DEBUG - EUC-TW Taiwan confidence = 0.01
2017-09-16 16:01:57,550 - [webpage_parser.py:63] - INFO - procotol:http, hostname:www.iqiyi.com, new_link:javascript:void()
2017-09-16 16:01:57,550 - [connectionpool.py:395] - DEBUG - http://www.youku.com:80 "GET / HTTP/1.1" 200 None
2017-09-16 16:01:57,558 - [webpage_parser.py:63] - INFO - procotol:http, hostname:www.baidu.com, new_link:/s?wd=%E6%94%BF%E5%BA%9C%E7%A6%81%E7%94%A8%E5%8D%A1%E5%B7%B4%E6%96%AF%E5%9F%BA&pn=30&oq=%E6%94%BF%E5%BA%9C%E7%A6%81%E7%94%A8%E5%8D%A1%E5%B7%B4%E6%96%AF%E5%9F%BA&tn=50000028_hao_pg&ie=utf-8&usm=3&rsv_pq=c128d9390000f1eb&rsv_t=74derN9%2BctTXmr9pdC1esPcs6Cku9tBwezVHd%2FqQ4gN89Ku6qEzNqDLffVBTBaJsuykn9eob
2017-09-16 16:01:57,564 - [charsetgroupprober.py:100] - DEBUG - windows-1251 Russian confidence = 0.00411353719843
2017-09-16 16:01:57,592 - [webpage_parser.py:63] - INFO - procotol:http, hostname:www.iqiyi.com, new_link:javascript:void(0);
2017-09-16 16:01:57,674 - [webpage_parser.py:63] - INFO - procotol:http, hostname:www.baidu.com, new_link:/s?wd=%E6%94%BF%E5%BA%9C%E7%A6%81%E7%94%A8%E5%8D%A1%E5%B7%B4%E6%96%AF%E5%9F%BA&pn=40&oq=%E6%94%BF%E5%BA%9C%E7%A6%81%E7%94%A8%E5%8D%A1%E5%B7%B4%E6%96%AF%E5%9F%BA&tn=50000028_hao_pg&ie=utf-8&usm=3&rsv_pq=c128d9390000f1eb&rsv_t=74derN9%2BctTXmr9pdC1esPcs6Cku9tBwezVHd%2FqQ4gN89Ku6qEzNqDLffVBTBaJsuykn9eob
2017-09-16 16:01:57,675 - [charsetgroupprober.py:100] - DEBUG - KOI8-R Russian confidence = 0.202791849846
2017-09-16 16:01:57,675 - [webpage_parser.py:63] - INFO - procotol:http, hostname:www.iqiyi.com, new_link:javascript:void(0);
2017-09-16 16:01:57,686 - [webpage_parser.py:63] - INFO - procotol:http, hostname:www.baidu.com, new_link:/s?wd=%E6%94%BF%E5%BA%9C%E7%A6%81%E7%94%A8%E5%8D%A1%E5%B7%B4%E6%96%AF%E5%9F%BA&pn=50&oq=%E6%94%BF%E5%BA%9C%E7%A6%81%E7%94%A8%E5%8D%A1%E5%B7%B4%E6%96%AF%E5%9F%BA&tn=50000028_hao_pg&ie=utf-8&usm=3&rsv_pq=c128d9390000f1eb&rsv_t=74derN9%2BctTXmr9pdC1esPcs6Cku9tBwezVHd%2FqQ4gN89Ku6qEzNqDLffVBTBaJsuykn9eob
2017-09-16 16:01:57,693 - [charsetgroupprober.py:97] - DEBUG - ISO-8859-5 not active
2017-09-16 16:01:57,707 - [webpage_parser.py:63] - INFO - procotol:http, hostname:www.baidu.com, new_link:/s?wd=%E6%94%BF%E5%BA%9C%E7%A6%81%E7%94%A8%E5%8D%A1%E5%B7%B4%E6%96%AF%E5%9F%BA&pn=60&oq=%E6%94%BF%E5%BA%9C%E7%A6%81%E7%94%A8%E5%8D%A1%E5%B7%B4%E6%96%AF%E5%9F%BA&tn=50000028_hao_pg&ie=utf-8&usm=3&rsv_pq=c128d9390000f1eb&rsv_t=74derN9%2BctTXmr9pdC1esPcs6Cku9tBwezVHd%2FqQ4gN89Ku6qEzNqDLffVBTBaJsuykn9eob
2017-09-16 16:01:57,712 - [webpage_parser.py:63] - INFO - procotol:http, hostname:www.iqiyi.com, new_link:javascript:void(0);
2017-09-16 16:01:57,713 - [charsetgroupprober.py:100] - DEBUG - MacCyrillic Russian confidence = 0.0
2017-09-16 16:01:57,714 - [webpage_parser.py:63] - INFO - procotol:http, hostname:www.baidu.com, new_link:/s?wd=%E6%94%BF%E5%BA%9C%E7%A6%81%E7%94%A8%E5%8D%A1%E5%B7%B4%E6%96%AF%E5%9F%BA&pn=70&oq=%E6%94%BF%E5%BA%9C%E7%A6%81%E7%94%A8%E5%8D%A1%E5%B7%B4%E6%96%AF%E5%9F%BA&tn=50000028_hao_pg&ie=utf-8&usm=3&rsv_pq=c128d9390000f1eb&rsv_t=74derN9%2BctTXmr9pdC1esPcs6Cku9tBwezVHd%2FqQ4gN89Ku6qEzNqDLffVBTBaJsuykn9eob
2017-09-16 16:01:57,786 - [webpage_parser.py:63] - INFO - procotol:http, hostname:www.iqiyi.com, new_link:javascript:void(0);
2017-09-16 16:01:57,857 - [charsetgroupprober.py:100] - DEBUG - IBM866 Russian confidence = 0.0588126974569
2017-09-16 16:01:57,869 - [sbcharsetprober.py:119] - DEBUG - windows-1251 confidence = 0.00383608071244, below negative shortcut threshhold 0.05
2017-09-16 16:01:57,869 - [webpage_parser.py:63] - INFO - procotol:http, hostname:www.baidu.com, new_link:/s?wd=%E6%94%BF%E5%BA%9C%E7%A6%81%E7%94%A8%E5%8D%A1%E5%B7%B4%E6%96%AF%E5%9F%BA&pn=80&oq=%E6%94%BF%E5%BA%9C%E7%A6%81%E7%94%A8%E5%8D%A1%E5%B7%B4%E6%96%AF%E5%9F%BA&tn=50000028_hao_pg&ie=utf-8&usm=3&rsv_pq=c128d9390000f1eb&rsv_t=74derN9%2BctTXmr9pdC1esPcs6Cku9tBwezVHd%2FqQ4gN89Ku6qEzNqDLffVBTBaJsuykn9eob
2017-09-16 16:01:57,870 - [webpage_parser.py:63] - INFO - procotol:http, hostname:www.iqiyi.com, new_link:javascript:;
2017-09-16 16:01:57,871 - [charsetgroupprober.py:100] - DEBUG - IBM855 Russian confidence = 0.0764455700767
2017-09-16 16:01:57,888 - [webpage_parser.py:63] - INFO - procotol:http, hostname:www.baidu.com, new_link:/s?wd=%E6%94%BF%E5%BA%9C%E7%A6%81%E7%94%A8%E5%8D%A1%E5%B7%B4%E6%96%AF%E5%9F%BA&pn=90&oq=%E6%94%BF%E5%BA%9C%E7%A6%81%E7%94%A8%E5%8D%A1%E5%B7%B4%E6%96%AF%E5%9F%BA&tn=50000028_hao_pg&ie=utf-8&usm=3&rsv_pq=c128d9390000f1eb&rsv_t=74derN9%2BctTXmr9pdC1esPcs6Cku9tBwezVHd%2FqQ4gN89Ku6qEzNqDLffVBTBaJsuykn9eob
2017-09-16 16:01:57,893 - [webpage_parser.py:63] - INFO - procotol:http, hostname:www.iqiyi.com, new_link:javascript:;
2017-09-16 16:01:57,900 - [charsetgroupprober.py:100] - DEBUG - ISO-8859-7 Greek confidence = 0.00538793811726
2017-09-16 16:01:57,902 - [webpage_parser.py:63] - INFO - procotol:http, hostname:www.baidu.com, new_link:/s?wd=%E6%94%BF%E5%BA%9C%E7%A6%81%E7%94%A8%E5%8D%A1%E5%B7%B4%E6%96%AF%E5%9F%BA&pn=10&oq=%E6%94%BF%E5%BA%9C%E7%A6%81%E7%94%A8%E5%8D%A1%E5%B7%B4%E6%96%AF%E5%9F%BA&tn=50000028_hao_pg&ie=utf-8&usm=3&rsv_pq=c128d9390000f1eb&rsv_t=74derN9%2BctTXmr9pdC1esPcs6Cku9tBwezVHd%2FqQ4gN89Ku6qEzNqDLffVBTBaJsuykn9eob&rsv_page=1
2017-09-16 16:01:57,902 - [webpage_parser.py:63] - INFO - procotol:http, hostname:www.iqiyi.com, new_link:javascript:;
2017-09-16 16:01:57,903 - [charsetgroupprober.py:100] - DEBUG - windows-1253 Greek confidence = 0.00584405749471
2017-09-16 16:01:57,957 - [webpage_parser.py:63] - INFO - procotol:http, hostname:www.baidu.com, new_link:javascript:;
2017-09-16 16:01:57,962 - [webpage_parser.py:63] - INFO - procotol:http, hostname:www.iqiyi.com, new_link:mailto:jubao365@qiyi.com
2017-09-16 16:01:57,962 - [charsetgroupprober.py:97] - DEBUG - ISO-8859-5 not active
2017-09-16 16:01:57,986 - [webpage_parser.py:63] - INFO - procotol:http, hostname:www.iqiyi.com, new_link:mailto:jubao365@qiyi.com
2017-09-16 16:01:58,015 - [charsetgroupprober.py:100] - DEBUG - windows-1251 Bulgarian confidence = 0.00600790365015
2017-09-16 16:01:58,056 - [connectionpool.py:395] - DEBUG - http://www.qianlong.com:80 "GET / HTTP/1.1" 200 35065
2017-09-16 16:01:58,080 - [webpage_parser.py:63] - INFO - procotol:http, hostname:www.iqiyi.com, new_link:javascript:;
2017-09-16 16:01:58,081 - [charsetgroupprober.py:100] - DEBUG - TIS-620 Thai confidence = 0.107903856129
2017-09-16 16:01:58,298 - [charsetgroupprober.py:100] - DEBUG - ISO-8859-9 Turkish confidence = 0.558746963709
2017-09-16 16:01:58,398 - [webpage_parser.py:63] - INFO - procotol:http, hostname:www.hao123.com, new_link:javascript:;
2017-09-16 16:01:58,400 - [charsetgroupprober.py:100] - DEBUG - windows-1255 Hebrew confidence = 0.0
2017-09-16 16:01:58,572 - [webpage_parser.py:63] - INFO - procotol:http, hostname:www.hao123.com, new_link:/api/ajax?skintype=0&toggle=1
2017-09-16 16:01:58,582 - [charsetgroupprober.py:100] - DEBUG - windows-1255 Hebrew confidence = 0.00541724091156
2017-09-16 16:01:58,666 - [webpage_parser.py:63] - INFO - procotol:http, hostname:www.hao123.com, new_link:/api/ajax?menu=index
2017-09-16 16:01:58,697 - [charsetgroupprober.py:100] - DEBUG - windows-1255 Hebrew confidence = 0.0108344818231
2017-09-16 16:01:58,887 - [connectionpool.py:207] - DEBUG - Starting new HTTP connection (1): www.baidu.com
2017-09-16 16:01:58,887 - [webpage_parser.py:63] - INFO - procotol:http, hostname:www.hao123.com, new_link:/api/ajax?menu=tv_kp
2017-09-16 16:01:58,891 - [charsetgroupprober.py:97] - DEBUG - utf-8 not active
2017-09-16 16:01:58,895 - [sbcharsetprober.py:119] - DEBUG - ISO-8859-7 confidence = 0.00497192973076, below negative shortcut threshhold 0.05
2017-09-16 16:01:59,184 - [webpage_parser.py:63] - INFO - procotol:http, hostname:www.qianlong.com, new_link:#myCarousel
2017-09-16 16:01:59,323 - [webpage_parser.py:63] - INFO - procotol:http, hostname:www.hao123.com, new_link:/api/ajax?menu=movie_kp
2017-09-16 16:01:59,374 - [charsetgroupprober.py:97] - DEBUG - SHIFT_JIS not active
2017-09-16 16:01:59,394 - [webpage_parser.py:63] - INFO - procotol:http, hostname:www.hao123.com, new_link:/api/ajax?menu=news_kp
2017-09-16 16:01:59,406 - [webpage_parser.py:63] - INFO - procotol:http, hostname:www.qianlong.com, new_link:#myCarousel
2017-09-16 16:01:59,407 - [charsetgroupprober.py:97] - DEBUG - EUC-JP not active
2017-09-16 16:01:59,415 - [webpage_parser.py:63] - INFO - procotol:http, hostname:www.hao123.com, new_link:/api/ajax?menu=bagua_kp
2017-09-16 16:01:59,436 - [webpage_parser.py:63] - INFO - procotol:http, hostname:www.qianlong.com, new_link:#myCarousel
2017-09-16 16:01:59,446 - [connectionpool.py:395] - DEBUG - http://www.baidu.com:80 "GET /s?word=NBA&tn=sitehao123_10_pg&ie=utf-8 HTTP/1.1" 200 None
2017-09-16 16:01:59,456 - [charsetgroupprober.py:100] - DEBUG - GB2312 Chinese confidence = 0.99
2017-09-16 16:01:59,473 - [webpage_parser.py:63] - INFO - procotol:http, hostname:www.qianlong.com, new_link:#myCarousel
2017-09-16 16:01:59,474 - [webpage_parser.py:63] - INFO - procotol:http, hostname:www.hao123.com, new_link:/api/ajax?menu=military_kp
2017-09-16 16:01:59,481 - [sbcharsetprober.py:119] - DEBUG - windows-1253 confidence = 0.00529430374823, below negative shortcut threshhold 0.05
2017-09-16 16:01:59,481 - [charsetgroupprober.py:100] - DEBUG - EUC-KR Korean confidence = 0.01
2017-09-16 16:01:59,499 - [webpage_parser.py:63] - INFO - procotol:http, hostname:www.qianlong.com, new_link:mailto:jbzx@qianlong.com
2017-09-16 16:01:59,499 - [webpage_parser.py:63] - INFO - procotol:http, hostname:www.hao123.com, new_link:/api/ajax?menu=game_kp
2017-09-16 16:01:59,515 - [charsetgroupprober.py:100] - DEBUG - CP949 Korean confidence = 0.01
2017-09-16 16:01:59,516 - [webpage_parser.py:63] - INFO - procotol:http, hostname:www.hao123.com, new_link:/api/ajax?menu=xyx_kp
2017-09-16 16:01:59,516 - [charsetgroupprober.py:100] - DEBUG - Big5 Chinese confidence = 0.01
2017-09-16 16:01:59,535 - [webpage_parser.py:63] - INFO - procotol:http, hostname:www.hao123.com, new_link:/api/ajax?menu=travel_kp
2017-09-16 16:01:59,548 - [charsetgroupprober.py:100] - DEBUG - EUC-TW Taiwan confidence = 0.01
2017-09-16 16:01:59,558 - [webpage_parser.py:63] - INFO - procotol:http, hostname:www.hao123.com, new_link:/api/ajax?menu=auto_kp
2017-09-16 16:01:59,616 - [webpage_saver.py:45] - INFO - url http://www.hao123.com/api/ajax?menu=tejia_kp is not match
2017-09-16 16:01:59,763 - [webpage_parser.py:63] - INFO - procotol:http, hostname:top.baidu.com, new_link:./?vit=1
2017-09-16 16:01:59,799 - [webpage_parser.py:63] - INFO - procotol:http, hostname:top.baidu.com, new_link:./help
2017-09-16 16:01:59,825 - [webpage_parser.py:63] - INFO - procotol:http, hostname:top.baidu.com, new_link:javascript:;
2017-09-16 16:01:59,896 - [webpage_parser.py:63] - INFO - procotol:http, hostname:top.baidu.com, new_link:./add
2017-09-16 16:02:00,046 - [webpage_parser.py:63] - INFO - procotol:http, hostname:top.baidu.com, new_link:./?vit=1
2017-09-16 16:02:00,130 - [webpage_parser.py:63] - INFO - procotol:http, hostname:top.baidu.com, new_link:./news
2017-09-16 16:02:00,142 - [sbcharsetprober.py:119] - DEBUG - windows-1251 confidence = 0.0159838823625, below negative shortcut threshhold 0.05
2017-09-16 16:02:00,161 - [webpage_parser.py:63] - INFO - procotol:http, hostname:www.youku.com, new_link:javascript:;
2017-09-16 16:02:00,161 - [webpage_parser.py:63] - INFO - procotol:http, hostname:top.baidu.com, new_link:category?c=1
2017-09-16 16:02:00,162 - [webpage_parser.py:63] - INFO - procotol:http, hostname:top.baidu.com, new_link:./category?c=1
2017-09-16 16:02:00,162 - [webpage_parser.py:63] - INFO - procotol:http, hostname:top.baidu.com, new_link:./category?c=2
2017-09-16 16:02:00,191 - [webpage_parser.py:63] - INFO - procotol:http, hostname:www.youku.com, new_link:javascript:void(0)
2017-09-16 16:02:00,192 - [webpage_parser.py:63] - INFO - procotol:http, hostname:top.baidu.com, new_link:./category?c=3
2017-09-16 16:02:00,192 - [webpage_saver.py:45] - INFO - url http://www.baidu.com/s?word=%E6%94%BF%E5%BA%9C%E7%A6%81%E7%94%A8%E5%8D%A1%E5%B7%B4%E6%96%AF%E5%9F%BA&tn=50000028_hao_pg&ie=utf-8' is not match
2017-09-16 16:02:00,204 - [webpage_parser.py:63] - INFO - procotol:http, hostname:www.youku.com, new_link:javascript:void(0);
2017-09-16 16:02:00,205 - [webpage_parser.py:63] - INFO - procotol:http, hostname:top.baidu.com, new_link:./category?c=33
2017-09-16 16:02:00,232 - [webpage_parser.py:63] - INFO - procotol:http, hostname:top.baidu.com, new_link:./category?c=5
2017-09-16 16:02:00,233 - [webpage_parser.py:63] - INFO - procotol:http, hostname:www.youku.com, new_link:javascript:void(0);
2017-09-16 16:02:00,278 - [webpage_parser.py:63] - INFO - procotol:http, hostname:top.baidu.com, new_link:./category?c=9
2017-09-16 16:02:00,491 - [webpage_parser.py:63] - INFO - procotol:http, hostname:top.baidu.com, new_link:./buzz?b=258
2017-09-16 16:02:00,496 - [webpage_parser.py:63] - INFO - procotol:http, hostname:top.baidu.com, new_link:./buzz?b=618
2017-09-16 16:02:00,497 - [webpage_parser.py:63] - INFO - procotol:http, hostname:top.baidu.com, new_link:./buzz?b=18
2017-09-16 16:02:00,498 - [webpage_parser.py:63] - INFO - procotol:http, hostname:top.baidu.com, new_link:./buzz?b=17
2017-09-16 16:02:00,527 - [webpage_parser.py:63] - INFO - procotol:http, hostname:www.baidu.com, new_link:/
2017-09-16 16:02:00,538 - [webpage_parser.py:63] - INFO - procotol:http, hostname:top.baidu.com, new_link:./buzz?b=16
2017-09-16 16:02:00,539 - [webpage_parser.py:63] - INFO - procotol:http, hostname:www.baidu.com, new_link:javascript:;
2017-09-16 16:02:00,539 - [webpage_parser.py:63] - INFO - procotol:http, hostname:top.baidu.com, new_link:./buzz?b=15
2017-09-16 16:02:00,542 - [webpage_parser.py:63] - INFO - procotol:http, hostname:www.baidu.com, new_link:javascript:;
2017-09-16 16:02:00,551 - [webpage_parser.py:63] - INFO - procotol:http, hostname:top.baidu.com, new_link:./buzz?b=454
2017-09-16 16:02:00,556 - [webpage_parser.py:63] - INFO - procotol:http, hostname:top.baidu.com, new_link:./buzz?b=255
2017-09-16 16:02:00,556 - [webpage_parser.py:63] - INFO - procotol:http, hostname:www.baidu.com, new_link:javascript:;
2017-09-16 16:02:00,557 - [webpage_parser.py:63] - INFO - procotol:http, hostname:top.baidu.com, new_link:./buzz?b=3
2017-09-16 16:02:00,558 - [webpage_parser.py:63] - INFO - procotol:http, hostname:www.baidu.com, new_link:/
2017-09-16 16:02:00,559 - [webpage_parser.py:63] - INFO - procotol:http, hostname:www.baidu.com, new_link:javascript:;
2017-09-16 16:02:00,559 - [webpage_parser.py:63] - INFO - procotol:http, hostname:top.baidu.com, new_link:./buzz?b=22
2017-09-16 16:02:00,570 - [webpage_parser.py:63] - INFO - procotol:http, hostname:www.baidu.com, new_link:javascript:;
2017-09-16 16:02:00,579 - [webpage_parser.py:63] - INFO - procotol:http, hostname:top.baidu.com, new_link:./category?c=10
2017-09-16 16:02:00,592 - [webpage_parser.py:63] - INFO - procotol:http, hostname:www.baidu.com, new_link:/s?tn=sitehao123_10_pg&usm=4&wd=nba%E5%85%A8%E6%98%8E%E6%98%9F%E8%B5%9B&ie=utf-8&rsv_cq=NBA&rsv_dl=0_right_recommends_merge_20826&euri=4e476977ca4d4183ba6fc9a177b0b099
2017-09-16 16:02:00,592 - [webpage_parser.py:63] - INFO - procotol:http, hostname:top.baidu.com, new_link:./buzz?b=7
2017-09-16 16:02:00,593 - [webpage_parser.py:63] - INFO - procotol:http, hostname:www.baidu.com, new_link:/s?tn=sitehao123_10_pg&usm=4&wd=nba%E5%85%A8%E6%98%8E%E6%98%9F%E8%B5%9B&ie=utf-8&rsv_cq=NBA&rsv_dl=0_right_recommends_merge_20826&euri=4e476977ca4d4183ba6fc9a177b0b099
2017-09-16 16:02:00,598 - [webpage_parser.py:63] - INFO - procotol:http, hostname:top.baidu.com, new_link:./buzz?b=353
2017-09-16 16:02:00,599 - [webpage_parser.py:63] - INFO - procotol:http, hostname:www.baidu.com, new_link:/s?tn=sitehao123_10_pg&usm=4&wd=nba%E5%85%A8%E6%98%8E%E6%98%9F%E8%B5%9B&ie=utf-8&rsv_cq=NBA&rsv_dl=0_right_recommends_merge_20826&euri=4e476977ca4d4183ba6fc9a177b0b099
2017-09-16 16:02:00,625 - [webpage_parser.py:63] - INFO - procotol:http, hostname:top.baidu.com, new_link:./buzz?b=355
2017-09-16 16:02:00,629 - [webpage_parser.py:63] - INFO - procotol:http, hostname:www.baidu.com, new_link:/s?tn=sitehao123_10_pg&usm=4&wd=NBA%E4%B8%AD%E5%9B%BD%E8%B5%9B&ie=utf-8&rsv_cq=NBA&rsv_dl=0_right_recommends_merge_20826&euri=bea180826d014752b7406d37d528f85d
2017-09-16 16:02:00,644 - [webpage_parser.py:63] - INFO - procotol:http, hostname:top.baidu.com, new_link:./buzz?b=354
2017-09-16 16:02:00,661 - [webpage_parser.py:63] - INFO - procotol:http, hostname:www.baidu.com, new_link:/s?tn=sitehao123_10_pg&usm=4&wd=NBA%E4%B8%AD%E5%9B%BD%E8%B5%9B&ie=utf-8&rsv_cq=NBA&rsv_dl=0_right_recommends_merge_20826&euri=bea180826d014752b7406d37d528f85d
2017-09-16 16:02:00,662 - [webpage_parser.py:63] - INFO - procotol:http, hostname:top.baidu.com, new_link:./buzz?b=1508
2017-09-16 16:02:00,663 - [connectionpool.py:207] - DEBUG - Starting new HTTP connection (1): www.youth.cn
2017-09-16 16:02:00,665 - [webpage_parser.py:63] - INFO - procotol:http, hostname:www.baidu.com, new_link:/s?tn=sitehao123_10_pg&usm=4&wd=NBA%E4%B8%AD%E5%9B%BD%E8%B5%9B&ie=utf-8&rsv_cq=NBA&rsv_dl=0_right_recommends_merge_20826&euri=bea180826d014752b7406d37d528f85d
2017-09-16 16:02:00,676 - [sbcharsetprober.py:119] - DEBUG - windows-1255 confidence = 0.00310116092316, below negative shortcut threshhold 0.05
2017-09-16 16:02:00,676 - [webpage_parser.py:63] - INFO - procotol:http, hostname:top.baidu.com, new_link:./buzz?b=1509
2017-09-16 16:02:00,678 - [webpage_parser.py:63] - INFO - procotol:http, hostname:www.baidu.com, new_link:/s?tn=sitehao123_10_pg&usm=4&wd=NBA%E6%8F%AD%E5%B9%95%E6%88%98&ie=utf-8&rsv_cq=NBA&rsv_dl=0_right_recommends_merge_20826&euri=600000358
2017-09-16 16:02:00,690 - [webpage_parser.py:63] - INFO - procotol:http, hostname:top.baidu.com, new_link:./buzz?b=356
2017-09-16 16:02:00,706 - [webpage_parser.py:63] - INFO - procotol:http, hostname:www.baidu.com, new_link:/s?tn=sitehao123_10_pg&usm=4&wd=NBA%E6%8F%AD%E5%B9%95%E6%88%98&ie=utf-8&rsv_cq=NBA&rsv_dl=0_right_recommends_merge_20826&euri=600000358
2017-09-16 16:02:00,709 - [webpage_parser.py:63] - INFO - procotol:http, hostname:top.baidu.com, new_link:./buzz?b=459
2017-09-16 16:02:00,711 - [sbcharsetprober.py:119] - DEBUG - windows-1255 confidence = 0.00531627586828, below negative shortcut threshhold 0.05
2017-09-16 16:02:00,714 - [webpage_parser.py:63] - INFO - procotol:http, hostname:www.baidu.com, new_link:/s?tn=sitehao123_10_pg&usm=4&wd=NBA%E6%8F%AD%E5%B9%95%E6%88%98&ie=utf-8&rsv_cq=NBA&rsv_dl=0_right_recommends_merge_20826&euri=600000358
2017-09-16 16:02:00,715 - [webpage_parser.py:63] - INFO - procotol:http, hostname:top.baidu.com, new_link:./buzz?b=1512
2017-09-16 16:02:00,746 - [webpage_parser.py:63] - INFO - procotol:http, hostname:www.baidu.com, new_link:/s?tn=sitehao123_10_pg&usm=4&wd=NBA%E9%80%89%E7%A7%80&ie=utf-8&rsv_cq=NBA&rsv_dl=0_right_recommends_merge_20826&euri=a064743684e4418ba96b05e2c1b2b376
2017-09-16 16:02:00,926 - [webpage_parser.py:63] - INFO - procotol:http, hostname:top.baidu.com, new_link:./buzz?b=1510
2017-09-16 16:02:00,932 - [webpage_parser.py:63] - INFO - procotol:http, hostname:www.baidu.com, new_link:/s?tn=sitehao123_10_pg&usm=4&wd=NBA%E9%80%89%E7%A7%80&ie=utf-8&rsv_cq=NBA&rsv_dl=0_right_recommends_merge_20826&euri=a064743684e4418ba96b05e2c1b2b376
2017-09-16 16:02:00,964 - [webpage_parser.py:63] - INFO - procotol:http, hostname:top.baidu.com, new_link:./buzz?b=1513
2017-09-16 16:02:00,967 - [webpage_parser.py:63] - INFO - procotol:http, hostname:www.baidu.com, new_link:/s?tn=sitehao123_10_pg&usm=4&wd=NBA%E9%80%89%E7%A7%80&ie=utf-8&rsv_cq=NBA&rsv_dl=0_right_recommends_merge_20826&euri=a064743684e4418ba96b05e2c1b2b376
2017-09-16 16:02:00,973 - [webpage_parser.py:63] - INFO - procotol:http, hostname:top.baidu.com, new_link:./category?c=513
2017-09-16 16:02:00,973 - [webpage_parser.py:63] - INFO - procotol:http, hostname:www.baidu.com, new_link:/s?tn=sitehao123_10_pg&usm=4&wd=%E5%85%A8%E6%98%8E%E6%98%9F%E5%91%A8%E6%9C%AB&ie=utf-8&rsv_cq=NBA&rsv_dl=0_right_recommends_merge_20826&euri=600000209
2017-09-16 16:02:00,977 - [charsetgroupprober.py:97] - DEBUG - utf-8 not active
2017-09-16 16:02:00,977 - [webpage_parser.py:63] - INFO - procotol:http, hostname:top.baidu.com, new_link:./buzz?b=1564
2017-09-16 16:02:00,977 - [webpage_parser.py:63] - INFO - procotol:http, hostname:www.baidu.com, new_link:/s?tn=sitehao123_10_pg&usm=4&wd=%E5%85%A8%E6%98%8E%E6%98%9F%E5%91%A8%E6%9C%AB&ie=utf-8&rsv_cq=NBA&rsv_dl=0_right_recommends_merge_20826&euri=600000209
2017-09-16 16:02:00,978 - [charsetgroupprober.py:97] - DEBUG - CP932 not active
2017-09-16 16:02:00,978 - [webpage_parser.py:63] - INFO - procotol:http, hostname:top.baidu.com, new_link:./buzz?b=1566
2017-09-16 16:02:00,979 - [webpage_parser.py:63] - INFO - procotol:http, hostname:www.baidu.com, new_link:/s?tn=sitehao123_10_pg&usm=4&wd=%E5%85%A8%E6%98%8E%E6%98%9F%E5%91%A8%E6%9C%AB&ie=utf-8&rsv_cq=NBA&rsv_dl=0_right_recommends_merge_20826&euri=600000209
2017-09-16 16:02:00,979 - [charsetgroupprober.py:97] - DEBUG - EUC-JP not active
2017-09-16 16:02:00,980 - [webpage_parser.py:63] - INFO - procotol:http, hostname:top.baidu.com, new_link:./boards
2017-09-16 16:02:00,981 - [webpage_parser.py:63] - INFO - procotol:http, hostname:www.baidu.com, new_link:/s?tn=sitehao123_10_pg&usm=4&wd=NBA%E5%AD%A3%E5%89%8D%E8%B5%9B&ie=utf-8&rsv_cq=NBA&rsv_dl=0_right_recommends_merge_20826&euri=a4ff45742e97490f9371de265867919c
2017-09-16 16:02:00,983 - [charsetgroupprober.py:100] - DEBUG - GB2312 Chinese confidence = 0.99
2017-09-16 16:02:00,984 - [webpage_parser.py:63] - INFO - procotol:http, hostname:top.baidu.com, new_link:./region
2017-09-16 16:02:00,984 - [webpage_parser.py:63] - INFO - procotol:http, hostname:www.baidu.com, new_link:/s?tn=sitehao123_10_pg&usm=4&wd=NBA%E5%AD%A3%E5%89%8D%E8%B5%9B&ie=utf-8&rsv_cq=NBA&rsv_dl=0_right_recommends_merge_20826&euri=a4ff45742e97490f9371de265867919c
2017-09-16 16:02:00,985 - [charsetgroupprober.py:100] - DEBUG - EUC-KR Korean confidence = 0.01
2017-09-16 16:02:00,985 - [webpage_parser.py:63] - INFO - procotol:http, hostname:top.baidu.com, new_link:./population
2017-09-16 16:02:00,986 - [webpage_parser.py:63] - INFO - procotol:http, hostname:www.baidu.com, new_link:/s?tn=sitehao123_10_pg&usm=4&wd=NBA%E5%AD%A3%E5%89%8D%E8%B5%9B&ie=utf-8&rsv_cq=NBA&rsv_dl=0_right_recommends_merge_20826&euri=a4ff45742e97490f9371de265867919c
2017-09-16 16:02:00,986 - [charsetgroupprober.py:100] - DEBUG - CP949 Korean confidence = 0.01
2017-09-16 16:02:00,987 - [webpage_parser.py:63] - INFO - procotol:http, hostname:top.baidu.com, new_link:./buzz?b=1
2017-09-16 16:02:00,987 - [webpage_parser.py:63] - INFO - procotol:http, hostname:www.baidu.com, new_link:/s?tn=sitehao123_10_pg&usm=4&wd=NBA%E5%AD%A3%E5%90%8E%E8%B5%9B&ie=utf-8&rsv_cq=NBA&rsv_dl=0_right_recommends_merge_20826&euri=4935a2dc50d240e09a160a53a14846eb
2017-09-16 16:02:00,988 - [charsetgroupprober.py:100] - DEBUG - Big5 Chinese confidence = 0.01
2017-09-16 16:02:00,989 - [webpage_parser.py:63] - INFO - procotol:http, hostname:top.baidu.com, new_link:./buzz?b=341
2017-09-16 16:02:00,989 - [webpage_parser.py:63] - INFO - procotol:http, hostname:www.baidu.com, new_link:/s?tn=sitehao123_10_pg&usm=4&wd=NBA%E5%AD%A3%E5%90%8E%E8%B5%9B&ie=utf-8&rsv_cq=NBA&rsv_dl=0_right_recommends_merge_20826&euri=4935a2dc50d240e09a160a53a14846eb
2017-09-16 16:02:00,989 - [charsetgroupprober.py:100] - DEBUG - EUC-TW Taiwan confidence = 0.01
2017-09-16 16:02:00,990 - [webpage_parser.py:63] - INFO - procotol:http, hostname:top.baidu.com, new_link:./buzz?b=42
2017-09-16 16:02:00,990 - [webpage_parser.py:63] - INFO - procotol:http, hostname:www.baidu.com, new_link:/s?tn=sitehao123_10_pg&usm=4&wd=NBA%E5%AD%A3%E5%90%8E%E8%B5%9B&ie=utf-8&rsv_cq=NBA&rsv_dl=0_right_recommends_merge_20826&euri=4935a2dc50d240e09a160a53a14846eb
2017-09-16 16:02:00,991 - [charsetgroupprober.py:97] - DEBUG - windows-1251 not active
2017-09-16 16:02:00,991 - [webpage_parser.py:63] - INFO - procotol:http, hostname:top.baidu.com, new_link:./buzz?b=342
2017-09-16 16:02:00,992 - [webpage_parser.py:63] - INFO - procotol:http, hostname:www.baidu.com, new_link:javascript:;
2017-09-16 16:02:00,992 - [charsetgroupprober.py:100] - DEBUG - KOI8-R Russian confidence = 0.125952127785
2017-09-16 16:02:00,993 - [webpage_parser.py:63] - INFO - procotol:http, hostname:top.baidu.com, new_link:./buzz?b=344
2017-09-16 16:02:00,993 - [webpage_parser.py:63] - INFO - procotol:http, hostname:www.baidu.com, new_link:/s?tn=sitehao123_10_pg&usm=4&wd=%E5%8B%92%E5%B8%83%E6%9C%97%C2%B7%E8%A9%B9%E5%A7%86%E6%96%AF&ie=utf-8&rsv_cq=NBA&rsv_dl=0_right_recommends_merge_20826&euri=2be5b4359d4d457bb79f7e00a42ff53e
2017-09-16 16:02:00,994 - [charsetgroupprober.py:100] - DEBUG - ISO-8859-5 Russian confidence = 0.0593530192295
2017-09-16 16:02:00,994 - [webpage_parser.py:63] - INFO - procotol:http, hostname:top.baidu.com, new_link:./buzz?b=11
2017-09-16 16:02:00,995 - [webpage_parser.py:63] - INFO - procotol:http, hostname:www.baidu.com, new_link:/s?tn=sitehao123_10_pg&usm=4&wd=%E5%8B%92%E5%B8%83%E6%9C%97%C2%B7%E8%A9%B9%E5%A7%86%E6%96%AF&ie=utf-8&rsv_cq=NBA&rsv_dl=0_right_recommends_merge_20826&euri=2be5b4359d4d457bb79f7e00a42ff53e
2017-09-16 16:02:00,996 - [charsetgroupprober.py:100] - DEBUG - MacCyrillic Russian confidence = 0.0
2017-09-16 16:02:00,996 - [webpage_parser.py:63] - INFO - procotol:http, hostname:top.baidu.com, new_link:./category?c=513
2017-09-16 16:02:00,996 - [webpage_parser.py:63] - INFO - procotol:http, hostname:www.baidu.com, new_link:/s?tn=sitehao123_10_pg&usm=4&wd=%E5%8B%92%E5%B8%83%E6%9C%97%C2%B7%E8%A9%B9%E5%A7%86%E6%96%AF&ie=utf-8&rsv_cq=NBA&rsv_dl=0_right_recommends_merge_20826&euri=2be5b4359d4d457bb79f7e00a42ff53e
2017-09-16 16:02:00,997 - [charsetgroupprober.py:100] - DEBUG - IBM866 Russian confidence = 0.0186645538242
2017-09-16 16:02:00,998 - [webpage_parser.py:63] - INFO - procotol:http, hostname:top.baidu.com, new_link:./buzz?b=1&c=513
2017-09-16 16:02:00,998 - [webpage_parser.py:63] - INFO - procotol:http, hostname:www.baidu.com, new_link:/s?tn=sitehao123_10_pg&usm=4&wd=%E6%96%AF%E8%92%82%E8%8A%AC%C2%B7%E5%BA%93%E9%87%8C&ie=utf-8&rsv_cq=NBA&rsv_dl=0_right_recommends_merge_20826&euri=945a7fed550d49ed9b7d60cfa86d8a21
2017-09-16 16:02:00,999 - [charsetgroupprober.py:100] - DEBUG - IBM855 Russian confidence = 0.0817236076045
2017-09-16 16:02:00,999 - [webpage_parser.py:63] - INFO - procotol:http, hostname:top.baidu.com, new_link:./buzz?b=341&c=513
2017-09-16 16:02:01,000 - [webpage_parser.py:63] - INFO - procotol:http, hostname:www.baidu.com, new_link:/s?tn=sitehao123_10_pg&usm=4&wd=%E6%96%AF%E8%92%82%E8%8A%AC%C2%B7%E5%BA%93%E9%87%8C&ie=utf-8&rsv_cq=NBA&rsv_dl=0_right_recommends_merge_20826&euri=945a7fed550d49ed9b7d60cfa86d8a21
2017-09-16 16:02:01,001 - [charsetgroupprober.py:97] - DEBUG - ISO-8859-7 not active
2017-09-16 16:02:01,002 - [webpage_parser.py:63] - INFO - procotol:http, hostname:top.baidu.com, new_link:./buzz?b=42&c=513
2017-09-16 16:02:01,002 - [webpage_parser.py:63] - INFO - procotol:http, hostname:www.baidu.com, new_link:/s?tn=sitehao123_10_pg&usm=4&wd=%E6%96%AF%E8%92%82%E8%8A%AC%C2%B7%E5%BA%93%E9%87%8C&ie=utf-8&rsv_cq=NBA&rsv_dl=0_right_recommends_merge_20826&euri=945a7fed550d49ed9b7d60cfa86d8a21
2017-09-16 16:02:01,002 - [charsetgroupprober.py:97] - DEBUG - windows-1253 not active
2017-09-16 16:02:01,003 - [webpage_parser.py:63] - INFO - procotol:http, hostname:top.baidu.com, new_link:./buzz?b=342&c=513
2017-09-16 16:02:01,004 - [webpage_parser.py:63] - INFO - procotol:http, hostname:www.baidu.com, new_link:/s?tn=sitehao123_10_pg&usm=4&wd=%E5%87%AF%E6%96%87%C2%B7%E6%9D%9C%E5%85%B0%E7%89%B9&ie=utf-8&rsv_cq=NBA&rsv_dl=0_right_recommends_merge_20826&euri=ce37ffb46a8f4159a6ea169ad74b7a2d
2017-09-16 16:02:01,004 - [charsetgroupprober.py:100] - DEBUG - ISO-8859-5 Bulgairan confidence = 0.0596145428826
2017-09-16 16:02:01,004 - [webpage_parser.py:63] - INFO - procotol:http, hostname:top.baidu.com, new_link:./buzz?b=344&c=513
2017-09-16 16:02:01,005 - [webpage_parser.py:63] - INFO - procotol:http, hostname:www.baidu.com, new_link:/s?tn=sitehao123_10_pg&usm=4&wd=%E5%87%AF%E6%96%87%C2%B7%E6%9D%9C%E5%85%B0%E7%89%B9&ie=utf-8&rsv_cq=NBA&rsv_dl=0_right_recommends_merge_20826&euri=ce37ffb46a8f4159a6ea169ad74b7a2d
2017-09-16 16:02:01,006 - [charsetgroupprober.py:97] - DEBUG - windows-1251 not active
2017-09-16 16:02:01,006 - [webpage_parser.py:63] - INFO - procotol:http, hostname:top.baidu.com, new_link:./buzz?b=11&c=513
2017-09-16 16:02:01,007 - [webpage_parser.py:63] - INFO - procotol:http, hostname:www.baidu.com, new_link:/s?tn=sitehao123_10_pg&usm=4&wd=%E5%87%AF%E6%96%87%C2%B7%E6%9D%9C%E5%85%B0%E7%89%B9&ie=utf-8&rsv_cq=NBA&rsv_dl=0_right_recommends_merge_20826&euri=ce37ffb46a8f4159a6ea169ad74b7a2d
2017-09-16 16:02:01,007 - [charsetgroupprober.py:100] - DEBUG - TIS-620 Thai confidence = 0.104402416789
2017-09-16 16:02:01,008 - [webpage_parser.py:63] - INFO - procotol:http, hostname:www.baidu.com, new_link:/s?tn=sitehao123_10_pg&usm=4&wd=%E8%92%82%E5%A7%86%C2%B7%E9%82%93%E8%82%AF&ie=utf-8&rsv_cq=NBA&rsv_dl=0_right_recommends_merge_20826&euri=5683e0c41de046b19685d9debda44e1a
2017-09-16 16:02:01,008 - [webpage_parser.py:63] - INFO - procotol:http, hostname:top.baidu.com, new_link:./detail?b=1&c=513&w=%C0%EE%B3%BF%C7%F3%BB%E9%B7%B6%B1%F9%B1%F9
2017-09-16 16:02:01,008 - [charsetgroupprober.py:100] - DEBUG - ISO-8859-9 Turkish confidence = 0.441892413524
2017-09-16 16:02:01,010 - [webpage_parser.py:63] - INFO - procotol:http, hostname:www.baidu.com, new_link:/s?tn=sitehao123_10_pg&usm=4&wd=%E8%92%82%E5%A7%86%C2%B7%E9%82%93%E8%82%AF&ie=utf-8&rsv_cq=NBA&rsv_dl=0_right_recommends_merge_20826&euri=5683e0c41de046b19685d9debda44e1a
2017-09-16 16:02:01,012 - [webpage_parser.py:63] - INFO - procotol:http, hostname:top.baidu.com, new_link:./detail?b=1&c=513&w=%B3%A4%BD%AD%BF%DA%C0%AC%BB%F8%C7%E3%B5%B9%B0%B8
2017-09-16 16:02:01,012 - [charsetgroupprober.py:100] - DEBUG - windows-1255 Hebrew confidence = 0.0
2017-09-16 16:02:01,013 - [webpage_parser.py:63] - INFO - procotol:http, hostname:www.baidu.com, new_link:/s?tn=sitehao123_10_pg&usm=4&wd=%E8%92%82%E5%A7%86%C2%B7%E9%82%93%E8%82%AF&ie=utf-8&rsv_cq=NBA&rsv_dl=0_right_recommends_merge_20826&euri=5683e0c41de046b19685d9debda44e1a
2017-09-16 16:02:01,014 - [webpage_parser.py:63] - INFO - procotol:http, hostname:top.baidu.com, new_link:./detail?b=1&c=513&w=B%D5%BE%C7%EB%B5%C0%CA%BF%D7%F7%B7%A8
2017-09-16 16:02:01,014 - [charsetgroupprober.py:97] - DEBUG - windows-1255 not active
2017-09-16 16:02:01,015 - [webpage_parser.py:63] - INFO - procotol:http, hostname:www.baidu.com, new_link:/s?tn=sitehao123_10_pg&usm=4&wd=%E7%A7%91%E6%AF%94%C2%B7%E5%B8%83%E8%8E%B1%E6%81%A9%E7%89%B9&ie=utf-8&rsv_cq=NBA&rsv_dl=0_right_recommends_merge_20826&euri=76dbf9d13ba84c72aad9db496da8f6f2
2017-09-16 16:02:01,015 - [webpage_parser.py:63] - INFO - procotol:http, hostname:top.baidu.com, new_link:./detail?b=1&c=513&w=%C2%D7%B6%D8%B5%D8%CC%FA%B7%A2%C9%FA%B1%AC%D5%A8
2017-09-16 16:02:01,016 - [charsetgroupprober.py:97] - DEBUG - windows-1255 not active
2017-09-16 16:02:01,016 - [webpage_parser.py:63] - INFO - procotol:http, hostname:www.baidu.com, new_link:/s?tn=sitehao123_10_pg&usm=4&wd=%E7%A7%91%E6%AF%94%C2%B7%E5%B8%83%E8%8E%B1%E6%81%A9%E7%89%B9&ie=utf-8&rsv_cq=NBA&rsv_dl=0_right_recommends_merge_20826&euri=76dbf9d13ba84c72aad9db496da8f6f2
2017-09-16 16:02:01,017 - [webpage_parser.py:63] - INFO - procotol:http, hostname:top.baidu.com, new_link:./detail?b=1&c=513&w=%D5%C5%D2%BB%C9%BD%C5%C4%CF%B7%D4%E2%B3%F4%C2%EE
2017-09-16 16:02:01,017 - [charsetgroupprober.py:97] - DEBUG - utf-8 not active
2017-09-16 16:02:01,018 - [webpage_parser.py:63] - INFO - procotol:http, hostname:www.baidu.com, new_link:/s?tn=sitehao123_10_pg&usm=4&wd=%E7%A7%91%E6%AF%94%C2%B7%E5%B8%83%E8%8E%B1%E6%81%A9%E7%89%B9&ie=utf-8&rsv_cq=NBA&rsv_dl=0_right_recommends_merge_20826&euri=76dbf9d13ba84c72aad9db496da8f6f2
2017-09-16 16:02:01,019 - [webpage_parser.py:63] - INFO - procotol:http, hostname:top.baidu.com, new_link:./detail?b=1&c=513&w=%B2%A9%CA%BF%BB%D8%B9%FA%BF%B4%D1%C0%BE%AA%CC%BE
2017-09-16 16:02:01,019 - [charsetgroupprober.py:97] - DEBUG - CP932 not active
2017-09-16 16:02:01,020 - [webpage_parser.py:63] - INFO - procotol:http, hostname:www.baidu.com, new_link:/s?tn=sitehao123_10_pg&usm=4&wd=%E6%8B%89%E5%A1%9E%E5%B0%94%C2%B7%E5%A8%81%E6%96%AF%E5%B8%83%E9%B2%81%E5%85%8B&ie=utf-8&rsv_cq=NBA&rsv_dl=0_right_recommends_merge_20826&euri=866335e612e04b559bb4e85e56a5601c
2017-09-16 16:02:01,020 - [webpage_parser.py:63] - INFO - procotol:http, hostname:top.baidu.com, new_link:./detail?b=1&c=513&w=%CD%F5%B1%A6%C7%BF%B4%E5%C3%F1%CC%B8%CB%CE%86%B4
2017-09-16 16:02:01,021 - [charsetgroupprober.py:97] - DEBUG - EUC-JP not active
2017-09-16 16:02:01,021 - [webpage_parser.py:63] - INFO - procotol:http, hostname:www.baidu.com, new_link:/s?tn=sitehao123_10_pg&usm=4&wd=%E6%8B%89%E5%A1%9E%E5%B0%94%C2%B7%E5%A8%81%E6%96%AF%E5%B8%83%E9%B2%81%E5%85%8B&ie=utf-8&rsv_cq=NBA&rsv_dl=0_right_recommends_merge_20826&euri=866335e612e04b559bb4e85e56a5601c
2017-09-16 16:02:01,022 - [webpage_parser.py:63] - INFO - procotol:http, hostname:top.baidu.com, new_link:./detail?b=1&c=513&w=%C1%D6%D0%C4%C8%E7%C2%C9%CA%A6%B7%A2%C9%F9%C3%F7
2017-09-16 16:02:01,022 - [charsetgroupprober.py:100] - DEBUG - GB2312 Chinese confidence = 0.99
2017-09-16 16:02:01,023 - [webpage_parser.py:63] - INFO - procotol:http, hostname:www.baidu.com, new_link:/s?tn=sitehao123_10_pg&usm=4&wd=%E6%8B%89%E5%A1%9E%E5%B0%94%C2%B7%E5%A8%81%E6%96%AF%E5%B8%83%E9%B2%81%E5%85%8B&ie=utf-8&rsv_cq=NBA&rsv_dl=0_right_recommends_merge_20826&euri=866335e612e04b559bb4e85e56a5601c
2017-09-16 16:02:01,023 - [charsetgroupprober.py:100] - DEBUG - EUC-KR Korean confidence = 0.01
2017-09-16 16:02:01,024 - [webpage_parser.py:63] - INFO - procotol:http, hostname:top.baidu.com, new_link:./detail?b=1&c=513&w=%D6%DC%D0%C7%B3%DB%BE%C9%D5%D5%C6%D8%B9%E2
2017-09-16 16:02:01,024 - [webpage_parser.py:63] - INFO - procotol:http, hostname:www.baidu.com, new_link:/s?tn=sitehao123_10_pg&usm=4&wd=%E5%BE%B7%E6%80%80%E6%81%A9%C2%B7%E9%9F%A6%E5%BE%B7&ie=utf-8&rsv_cq=NBA&rsv_dl=0_right_recommends_merge_20826&euri=3c16c8e8c57645758e9ab52d788c2733
2017-09-16 16:02:01,024 - [charsetgroupprober.py:100] - DEBUG - CP949 Korean confidence = 0.01
2017-09-16 16:02:01,025 - [webpage_parser.py:63] - INFO - procotol:http, hostname:top.baidu.com, new_link:./detail?b=1&c=513&w=%C0%EE%D3%EA%CD%A9%D4%D9%B1%AC%C1%CF
2017-09-16 16:02:01,026 - [webpage_parser.py:63] - INFO - procotol:http, hostname:www.baidu.com, new_link:/s?tn=sitehao123_10_pg&usm=4&wd=%E5%BE%B7%E6%80%80%E6%81%A9%C2%B7%E9%9F%A6%E5%BE%B7&ie=utf-8&rsv_cq=NBA&rsv_dl=0_right_recommends_merge_20826&euri=3c16c8e8c57645758e9ab52d788c2733
2017-09-16 16:02:01,026 - [charsetgroupprober.py:100] - DEBUG - Big5 Chinese confidence = 0.01
2017-09-16 16:02:01,027 - [webpage_parser.py:63] - INFO - procotol:http, hostname:top.baidu.com, new_link:./detail?b=1&c=513&w=%C8%D5%C6%F3%D6%DC%D0%DD%C8%FD%C8%D5
2017-09-16 16:02:01,027 - [webpage_parser.py:63] - INFO - procotol:http, hostname:www.baidu.com, new_link:/s?tn=sitehao123_10_pg&usm=4&wd=%E5%BE%B7%E6%80%80%E6%81%A9%C2%B7%E9%9F%A6%E5%BE%B7&ie=utf-8&rsv_cq=NBA&rsv_dl=0_right_recommends_merge_20826&euri=3c16c8e8c57645758e9ab52d788c2733
2017-09-16 16:02:01,028 - [charsetgroupprober.py:100] - DEBUG - EUC-TW Taiwan confidence = 0.01
2017-09-16 16:02:01,028 - [webpage_parser.py:63] - INFO - procotol:http, hostname:top.baidu.com, new_link:./detail?b=1&c=513&w=%C1%D6%D6%BE%C1%E1%B0%EB%B6%D7%B0%E4%BD%B1
2017-09-16 16:02:01,029 - [webpage_parser.py:63] - INFO - procotol:http, hostname:www.baidu.com, new_link:/s?tn=sitehao123_10_pg&usm=4&wd=%E5%85%8B%E9%87%8C%E6%96%AF%C2%B7%E4%BF%9D%E7%BD%97&ie=utf-8&rsv_cq=NBA&rsv_dl=0_right_recommends_merge_20826&euri=d2a46f57abcd4b1a9ae53ed81fdb1903
2017-09-16 16:02:01,114 - [webpage_parser.py:63] - INFO - procotol:http, hostname:top.baidu.com, new_link:./detail?b=1&c=513&w=%C1%D6%B8%FC%D0%C2%BB%D8%D3%A6%B1%BB%C2%EE
2017-09-16 16:02:01,224 - [webpage_parser.py:63] - INFO - procotol:http, hostname:www.baidu.com, new_link:/s?tn=sitehao123_10_pg&usm=4&wd=%E5%85%8B%E9%87%8C%E6%96%AF%C2%B7%E4%BF%9D%E7%BD%97&ie=utf-8&rsv_cq=NBA&rsv_dl=0_right_recommends_merge_20826&euri=d2a46f57abcd4b1a9ae53ed81fdb1903
2017-09-16 16:02:01,252 - [webpage_parser.py:63] - INFO - procotol:http, hostname:top.baidu.com, new_link:./detail?b=1&c=513&w=%D5%FE%B8%AE%BD%FB%D3%C3%BF%A8%B0%CD%CB%B9%BB%F9
2017-09-16 16:02:01,260 - [webpage_parser.py:63] - INFO - procotol:http, hostname:www.cnr.cn, new_link:javascript:void(0);
2017-09-16 16:02:01,260 - [connectionpool.py:395] - DEBUG - http://www.youth.cn:80 "GET / HTTP/1.1" 200 None
2017-09-16 16:02:01,261 - [webpage_parser.py:63] - INFO - procotol:http, hostname:www.baidu.com, new_link:/s?tn=sitehao123_10_pg&usm=4&wd=%E5%85%8B%E9%87%8C%E6%96%AF%C2%B7%E4%BF%9D%E7%BD%97&ie=utf-8&rsv_cq=NBA&rsv_dl=0_right_recommends_merge_20826&euri=d2a46f57abcd4b1a9ae53ed81fdb1903
2017-09-16 16:02:01,263 - [webpage_parser.py:63] - INFO - procotol:http, hostname:top.baidu.com, new_link:./detail?b=1&c=513&w=%B7%B6%B1%F9%B1%F9%C0%EE%B3%BF%DF%A3%B4%AE
2017-09-16 16:02:01,265 - [webpage_parser.py:63] - INFO - procotol:http, hostname:www.cnr.cn, new_link:javascript:;
2017-09-16 16:02:01,266 - [connectionpool.py:207] - DEBUG - Starting new HTTP connection (1): www.17173.com
2017-09-16 16:02:01,266 - [webpage_parser.py:63] - INFO - procotol:http, hostname:www.baidu.com, new_link:/s?tn=sitehao123_10_pg&usm=4&wd=%E8%A9%B9%E5%A7%86%E6%96%AF%C2%B7%E5%93%88%E7%99%BB&ie=utf-8&rsv_cq=NBA&rsv_dl=0_right_recommends_merge_20826&euri=600000210
2017-09-16 16:02:01,269 - [webpage_parser.py:63] - INFO - procotol:http, hostname:www.cnr.cn, new_link:¡±_Ñë¹ãÍø http://china.cnr.cn/xwwgf/20170915/t20170915_523951044.shtml
2017-09-16 16:02:01,269 - [webpage_parser.py:63] - INFO - procotol:http, hostname:top.baidu.com, new_link:./detail?b=1&c=513&w=%D0%A1%D1%A7%C9%FA%BB%F1%B9%FA%BC%D2%D7%A8%C0%FB
2017-09-16 16:02:01,270 - [webpage_parser.py:63] - INFO - procotol:http, hostname:www.baidu.com, new_link:/s?tn=sitehao123_10_pg&usm=4&wd=%E8%A9%B9%E5%A7%86%E6%96%AF%C2%B7%E5%93%88%E7%99%BB&ie=utf-8&rsv_cq=NBA&rsv_dl=0_right_recommends_merge_20826&euri=600000210
2017-09-16 16:02:01,272 - [webpage_parser.py:63] - INFO - procotol:http, hostname:www.cnr.cn, new_link:javascript:;
2017-09-16 16:02:01,273 - [webpage_parser.py:63] - INFO - procotol:http, hostname:top.baidu.com, new_link:./detail?b=1&c=513&w=%D7%EE%B2%BB%BA%C3%BF%CD%B9%FA%BC%D2%C5%C5%D0%D0
2017-09-16 16:02:01,274 - [webpage_parser.py:63] - INFO - procotol:http, hostname:www.baidu.com, new_link:/s?tn=sitehao123_10_pg&usm=4&wd=%E8%A9%B9%E5%A7%86%E6%96%AF%C2%B7%E5%93%88%E7%99%BB&ie=utf-8&rsv_cq=NBA&rsv_dl=0_right_recommends_merge_20826&euri=600000210
2017-09-16 16:02:01,284 - [webpage_parser.py:63] - INFO - procotol:http, hostname:top.baidu.com, new_link:./detail?b=1&c=513&w=8%CC%EC%B3%A4%BC%D96%B3%A1%BB%E9%C0%F1
2017-09-16 16:02:01,285 - [webpage_parser.py:63] - INFO - procotol:http, hostname:www.baidu.com, new_link:/s?tn=sitehao123_10_pg&usm=4&wd=%E7%A7%91%E6%80%80%C2%B7%E4%BC%A6%E7%BA%B3%E5%BE%B7&ie=utf-8&rsv_cq=NBA&rsv_dl=0_right_recommends_merge_20826&euri=abd9a09cab3c4431b98b20a4ff8c6e5e
2017-09-16 16:02:01,285 - [webpage_parser.py:63] - INFO - procotol:http, hostname:top.baidu.com, new_link:./detail?b=1&c=513&w=%CE%A2%D0%C5%D2%FE%CB%BD%B1%A3%BB%A4%D6%B8%D2%FD
2017-09-16 16:02:01,286 - [webpage_parser.py:63] - INFO - procotol:http, hostname:www.baidu.com, new_link:/s?tn=sitehao123_10_pg&usm=4&wd=%E7%A7%91%E6%80%80%C2%B7%E4%BC%A6%E7%BA%B3%E5%BE%B7&ie=utf-8&rsv_cq=NBA&rsv_dl=0_right_recommends_merge_20826&euri=abd9a09cab3c4431b98b20a4ff8c6e5e
2017-09-16 16:02:01,287 - [webpage_parser.py:63] - INFO - procotol:http, hostname:top.baidu.com, new_link:./detail?b=1&c=513&w=%B3%C1%C3%D4%D3%CE%CF%B7%CD%F8%B0%C9%B3%D4%D7%A1
2017-09-16 16:02:01,288 - [webpage_parser.py:63] - INFO - procotol:http, hostname:top.baidu.com, new_link:./detail?b=1&c=513&w=%BE%D9%B1%A8%B9%AB%CB%BE%D4%E2%B1%A8%B8%B4
2017-09-16 16:02:01,289 - [webpage_parser.py:63] - INFO - procotol:http, hostname:www.baidu.com, new_link:/s?tn=sitehao123_10_pg&usm=4&wd=%E7%A7%91%E6%80%80%C2%B7%E4%BC%A6%E7%BA%B3%E5%BE%B7&ie=utf-8&rsv_cq=NBA&rsv_dl=0_right_recommends_merge_20826&euri=abd9a09cab3c4431b98b20a4ff8c6e5e
2017-09-16 16:02:01,290 - [webpage_parser.py:63] - INFO - procotol:http, hostname:top.baidu.com, new_link:./detail?b=1&c=513&w=%C8%FC%C1%D5%C4%C8%CA%D6%CA%F5
2017-09-16 16:02:01,294 - [sjisprober.py:61] - DEBUG - CP932 Japanese prober hit error at byte 116
2017-09-16 16:02:01,294 - [webpage_parser.py:63] - INFO - procotol:http, hostname:www.baidu.com, new_link:/s?tn=sitehao123_10_pg&usm=4&wd=%E5%AE%89%E4%B8%9C%E5%B0%BC%C2%B7%E6%88%B4%E7%BB%B4%E6%96%AF&ie=utf-8&rsv_cq=NBA&rsv_dl=0_right_recommends_merge_20826&euri=d94b0f47a908459abbb5fcbb181ff8a4
2017-09-16 16:02:01,295 - [webpage_parser.py:63] - INFO - procotol:http, hostname:top.baidu.com, new_link:./detail?b=1&c=513&w=%B3%C2%D3%F0%B7%B2%B8%B4%B3%F6
2017-09-16 16:02:01,327 - [webpage_parser.py:63] - INFO - procotol:http, hostname:www.baidu.com, new_link:/s?tn=sitehao123_10_pg&usm=4&wd=%E5%AE%89%E4%B8%9C%E5%B0%BC%C2%B7%E6%88%B4%E7%BB%B4%E6%96%AF&ie=utf-8&rsv_cq=NBA&rsv_dl=0_right_recommends_merge_20826&euri=d94b0f47a908459abbb5fcbb181ff8a4
2017-09-16 16:02:01,337 - [webpage_parser.py:63] - INFO - procotol:http, hostname:top.baidu.com, new_link:./detail?b=1&c=513&w=%CA%AE%CB%EA%C5%AE%CD%AF%BF%BC%C9%CF%B4%F3%D7%A8
2017-09-16 16:02:01,343 - [webpage_parser.py:63] - INFO - procotol:http, hostname:www.baidu.com, new_link:/s?tn=sitehao123_10_pg&usm=4&wd=%E5%AE%89%E4%B8%9C%E5%B0%BC%C2%B7%E6%88%B4%E7%BB%B4%E6%96%AF&ie=utf-8&rsv_cq=NBA&rsv_dl=0_right_recommends_merge_20826&euri=d94b0f47a908459abbb5fcbb181ff8a4
2017-09-16 16:02:01,350 - [webpage_parser.py:63] - INFO - procotol:http, hostname:top.baidu.com, new_link:./detail?b=1&c=513&w=%B2%D8%E9%E1%BE%AD%BC%C3%B1%C0%C5%CC
2017-09-16 16:02:01,351 - [webpage_parser.py:63] - INFO - procotol:http, hostname:www.baidu.com, new_link:/s?tn=sitehao123_10_pg&usm=4&wd=%E5%B8%83%E9%9B%B7%E5%85%8B%C2%B7%E6%A0%BC%E9%87%8C%E8%8A%AC&ie=utf-8&rsv_cq=NBA&rsv_dl=0_right_recommends_merge_20826&euri=e688f2d0326c4853b2c7aae58a7a83ec
2017-09-16 16:02:01,352 - [webpage_parser.py:63] - INFO - procotol:http, hostname:top.baidu.com, new_link:./detail?b=1&c=513&w=%C2%B9%EA%CF%B3%C2%BA%D5%D3%CE%CF%B7%D6%B1%B2%A5
2017-09-16 16:02:01,362 - [eucjpprober.py:62] - DEBUG - EUC-JP Japanese prober hit error at byte 3946
2017-09-16 16:02:01,363 - [webpage_parser.py:63] - INFO - procotol:http, hostname:www.baidu.com, new_link:/s?tn=sitehao123_10_pg&usm=4&wd=%E5%B8%83%E9%9B%B7%E5%85%8B%C2%B7%E6%A0%BC%E9%87%8C%E8%8A%AC&ie=utf-8&rsv_cq=NBA&rsv_dl=0_right_recommends_merge_20826&euri=e688f2d0326c4853b2c7aae58a7a83ec
2017-09-16 16:02:01,364 - [webpage_parser.py:63] - INFO - procotol:http, hostname:top.baidu.com, new_link:./detail?b=1&c=513&w=%C2%ED%D2%C1%ACP%D0%C2%CF%B7%BD%D3%B3%A4%B7%A2
2017-09-16 16:02:01,512 - [webpage_parser.py:63] - INFO - procotol:http, hostname:www.baidu.com, new_link:/s?tn=sitehao123_10_pg&usm=4&wd=%E5%B8%83%E9%9B%B7%E5%85%8B%C2%B7%E6%A0%BC%E9%87%8C%E8%8A%AC&ie=utf-8&rsv_cq=NBA&rsv_dl=0_right_recommends_merge_20826&euri=e688f2d0326c4853b2c7aae58a7a83ec
2017-09-16 16:02:01,546 - [webpage_parser.py:63] - INFO - procotol:http, hostname:top.baidu.com, new_link:./detail?b=1&c=513&w=ios11%D5%FD%CA%BD%B0%E6
2017-09-16 16:02:01,551 - [webpage_parser.py:63] - INFO - procotol:http, hostname:www.baidu.com, new_link:javascript:;
2017-09-16 16:02:01,563 - [webpage_parser.py:63] - INFO - procotol:http, hostname:top.baidu.com, new_link:./detail?b=1&c=513&w=%D5%C2%C1%E4%D6%AE%C9%B9%C3%C0%D5%D5
2017-09-16 16:02:01,568 - [webpage_parser.py:63] - INFO - procotol:http, hostname:www.baidu.com, new_link:/s?tn=sitehao123_10_pg&usm=4&wd=%E5%85%8B%E9%87%8C%E5%A4%AB%E5%85%B0%E9%AA%91%E5%A3%AB%E9%98%9F&ie=utf-8&rsv_cq=NBA&rsv_dl=0_right_recommends_merge_20826&euri=fd478f94b96947248230f79391b927bb
2017-09-16 16:02:01,569 - [webpage_parser.py:63] - INFO - procotol:http, hostname:top.baidu.com, new_link:./detail?b=1&c=513&w=%B3%C2%D0%C7%BA%BA%D0%C2%D7%F7Sky
2017-09-16 16:02:01,589 - [webpage_parser.py:63] - INFO - procotol:http, hostname:www.baidu.com, new_link:/s?tn=sitehao123_10_pg&usm=4&wd=%E5%85%8B%E9%87%8C%E5%A4%AB%E5%85%B0%E9%AA%91%E5%A3%AB%E9%98%9F&ie=utf-8&rsv_cq=NBA&rsv_dl=0_right_recommends_merge_20826&euri=fd478f94b96947248230f79391b927bb
2017-09-16 16:02:01,596 - [webpage_parser.py:63] - INFO - procotol:http, hostname:top.baidu.com, new_link:./detail?b=1&c=513&w=%D0%C2%B7%BF%B4%B0%BB%A7%B7%A2%CF%D6%CA%C7%BB%AD
2017-09-16 16:02:01,607 - [webpage_parser.py:63] - INFO - procotol:http, hostname:www.baidu.com, new_link:/s?tn=sitehao123_10_pg&usm=4&wd=%E5%85%8B%E9%87%8C%E5%A4%AB%E5%85%B0%E9%AA%91%E5%A3%AB%E9%98%9F&ie=utf-8&rsv_cq=NBA&rsv_dl=0_right_recommends_merge_20826&euri=fd478f94b96947248230f79391b927bb
2017-09-16 16:02:01,608 - [webpage_parser.py:63] - INFO - procotol:http, hostname:top.baidu.com, new_link:./detail?b=1&c=513&w=%C5%C4%C9%E3%CA%AE%C4%EA%B5%C4%BC%CD%C2%BC%C6%AC
2017-09-16 16:02:01,625 - [webpage_parser.py:63] - INFO - procotol:http, hostname:www.baidu.com, new_link:/s?tn=sitehao123_10_pg&usm=4&wd=%E9%87%91%E5%B7%9E%E5%8B%87%E5%A3%AB%E9%98%9F&ie=utf-8&rsv_cq=NBA&rsv_dl=0_right_recommends_merge_20826&euri=22af8c2d959048e0afd16e77b7531d5b
2017-09-16 16:02:01,727 - [webpage_parser.py:63] - INFO - procotol:http, hostname:top.baidu.com, new_link:./detail?b=1&c=513&w=%B1%C8%CC%D8%B1%D2%D6%D0%B9%FA%BD%AB%B9%D8%CD%A3
2017-09-16 16:02:01,727 - [webpage_parser.py:63] - INFO - procotol:http, hostname:www.baidu.com, new_link:/s?tn=sitehao123_10_pg&usm=4&wd=%E9%87%91%E5%B7%9E%E5%8B%87%E5%A3%AB%E9%98%9F&ie=utf-8&rsv_cq=NBA&rsv_dl=0_right_recommends_merge_20826&euri=22af8c2d959048e0afd16e77b7531d5b
2017-09-16 16:02:01,728 - [webpage_parser.py:63] - INFO - procotol:http, hostname:top.baidu.com, new_link:./detail?b=1&c=513&w=%C6%EF%B5%A5%B3%B5%C9%ED%CD%F6%B0%B8%BF%AA%CD%A5
2017-09-16 16:02:01,762 - [webpage_parser.py:63] - INFO - procotol:http, hostname:www.baidu.com, new_link:/s?tn=sitehao123_10_pg&usm=4&wd=%E9%87%91%E5%B7%9E%E5%8B%87%E5%A3%AB%E9%98%9F&ie=utf-8&rsv_cq=NBA&rsv_dl=0_right_recommends_merge_20826&euri=22af8c2d959048e0afd16e77b7531d5b
2017-09-16 16:02:01,781 - [webpage_parser.py:63] - INFO - procotol:http, hostname:top.baidu.com, new_link:./detail?b=1&c=513&w=%BC%F1%D3%F1%D7%B9%B6%AA%C6%FA%B1%BB%CB%F7%C5%E2
2017-09-16 16:02:01,817 - [webpage_parser.py:63] - INFO - procotol:http, hostname:www.baidu.com, new_link:/s?tn=sitehao123_10_pg&usm=4&wd=%E5%9C%A3%E5%AE%89%E4%B8%9C%E5%B0%BC%E5%A5%A5%E9%A9%AC%E5%88%BA%E9%98%9F&ie=utf-8&rsv_cq=NBA&rsv_dl=0_right_recommends_merge_20826&euri=d15a7a4d5a5849cd8543125f6ce61155
2017-09-16 16:02:01,818 - [webpage_parser.py:63] - INFO - procotol:http, hostname:top.baidu.com, new_link:./detail?b=1&c=513&w=%B9%B2%CF%ED%B5%A5%B3%B5%D0%C2%D5%FE%B3%F6%CC%A8
2017-09-16 16:02:01,827 - [webpage_parser.py:63] - INFO - procotol:http, hostname:top.baidu.com, new_link:./detail?b=1&c=513&w=%F1%D2%CA%B1%BD%A1%CE%AA%B4%AB%CE%C5%B1%D9%D2%A5
2017-09-16 16:02:01,827 - [webpage_parser.py:63] - INFO - procotol:http, hostname:www.baidu.com, new_link:/s?tn=sitehao123_10_pg&usm=4&wd=%E5%9C%A3%E5%AE%89%E4%B8%9C%E5%B0%BC%E5%A5%A5%E9%A9%AC%E5%88%BA%E9%98%9F&ie=utf-8&rsv_cq=NBA&rsv_dl=0_right_recommends_merge_20826&euri=d15a7a4d5a5849cd8543125f6ce61155
2017-09-16 16:02:01,974 - [connectionpool.py:395] - DEBUG - http://www.17173.com:80 "GET / HTTP/1.1" 307 180
2017-09-16 16:02:01,976 - [webpage_parser.py:63] - INFO - procotol:http, hostname:top.baidu.com, new_link:./detail?b=1&c=513&w=%C1%F9%B3%C7%B5%D8%B1%EA%BC%AF%CC%E5%D7%B2%C9%C0
2017-09-16 16:02:01,979 - [webpage_parser.py:63] - INFO - procotol:http, hostname:www.baidu.com, new_link:/s?tn=sitehao123_10_pg&usm=4&wd=%E5%9C%A3%E5%AE%89%E4%B8%9C%E5%B0%BC%E5%A5%A5%E9%A9%AC%E5%88%BA%E9%98%9F&ie=utf-8&rsv_cq=NBA&rsv_dl=0_right_recommends_merge_20826&euri=d15a7a4d5a5849cd8543125f6ce61155
2017-09-16 16:02:02,029 - [webpage_parser.py:63] - INFO - procotol:http, hostname:top.baidu.com, new_link:./detail?b=1&c=513&w=%C6%D8%BC%D6%D4%BE%CD%A4%CF%D6%C9%ED%CF%E3%B8%DB
2017-09-16 16:02:02,076 - [webpage_parser.py:63] - INFO - procotol:http, hostname:top.baidu.com, new_link:./detail?b=1&c=513&w=%BE%A9%B6%AB%BD%F8%BE%FC%B7%BF%B5%D8%B2%FA
2017-09-16 16:02:02,077 - [webpage_parser.py:63] - INFO - procotol:http, hostname:top.baidu.com, new_link:./detail?b=1&c=513&w=%B4%AB%C6%E6%B4%F3%D0%DC%C3%A8%C8%A5%CA%C0
2017-09-16 16:02:02,089 - [sbcharsetprober.py:119] - DEBUG - windows-1251 confidence = 0.0189665986949, below negative shortcut threshhold 0.05
2017-09-16 16:02:02,090 - [connectionpool.py:818] - DEBUG - Starting new HTTPS connection (1): www.17173.com
2017-09-16 16:02:02,091 - [webpage_parser.py:63] - INFO - procotol:http, hostname:top.baidu.com, new_link:./detail?b=1&c=513&w=%D0%C2%BC%D3%C6%C2%CA%D7%CE%BB%C5%AE%D7%DC%CD%B3
2017-09-16 16:02:02,091 - [webpage_parser.py:63] - INFO - procotol:http, hostname:www.baidu.com, new_link:/s?tn=sitehao123_10_pg&usm=4&wd=%E4%BC%91%E6%96%AF%E6%95%A6%E7%81%AB%E7%AE%AD%E9%98%9F&ie=utf-8&rsv_cq=NBA&rsv_dl=0_right_recommends_merge_20826&euri=cab1f9901a12482eb66a395c9068b229
2017-09-16 16:02:02,099 - [webpage_parser.py:63] - INFO - procotol:http, hostname:top.baidu.com, new_link:./detail?b=1&c=513&w=%B9%FA%BC%D2%D6%B0%D2%B5%D7%CA%B8%F1%C4%BF%C2%BC
2017-09-16 16:02:02,101 - [webpage_parser.py:63] - INFO - procotol:http, hostname:www.baidu.com, new_link:/s?tn=sitehao123_10_pg&usm=4&wd=%E4%BC%91%E6%96%AF%E6%95%A6%E7%81%AB%E7%AE%AD%E9%98%9F&ie=utf-8&rsv_cq=NBA&rsv_dl=0_right_recommends_merge_20826&euri=cab1f9901a12482eb66a395c9068b229
2017-09-16 16:02:02,102 - [webpage_parser.py:63] - INFO - procotol:http, hostname:top.baidu.com, new_link:./detail?b=1&c=513&w=%CB%AB%CC%A8%B7%E7%BD%E1%B6%D4%C0%B4%CF%AE
2017-09-16 16:02:02,123 - [webpage_parser.py:63] - INFO - procotol:http, hostname:www.baidu.com, new_link:/s?tn=sitehao123_10_pg&usm=4&wd=%E4%BC%91%E6%96%AF%E6%95%A6%E7%81%AB%E7%AE%AD%E9%98%9F&ie=utf-8&rsv_cq=NBA&rsv_dl=0_right_recommends_merge_20826&euri=cab1f9901a12482eb66a395c9068b229
2017-09-16 16:02:02,126 - [webpage_parser.py:63] - INFO - procotol:http, hostname:top.baidu.com, new_link:./detail?b=1&c=513&w=5A%BE%B0%C7%F8%D4%F6%D6%C1250%B8%F6
2017-09-16 16:02:02,127 - [webpage_parser.py:63] - INFO - procotol:http, hostname:www.baidu.com, new_link:/s?tn=sitehao123_10_pg&usm=4&wd=%E6%B4%9B%E6%9D%89%E7%9F%B6%E5%BF%AB%E8%88%B9%E9%98%9F&ie=utf-8&rsv_cq=NBA&rsv_dl=0_right_recommends_merge_20826&euri=84df24cb49824c678fce6cf4e3faef31
2017-09-16 16:02:02,129 - [webpage_parser.py:63] - INFO - procotol:http, hostname:top.baidu.com, new_link:./detail?b=1&c=513&w=%BD%AB%CD%C6%B3%B5%D3%C3%D2%D2%B4%BC%C6%FB%D3%CD
2017-09-16 16:02:02,131 - [webpage_parser.py:63] - INFO - procotol:http, hostname:www.baidu.com, new_link:/s?tn=sitehao123_10_pg&usm=4&wd=%E6%B4%9B%E6%9D%89%E7%9F%B6%E5%BF%AB%E8%88%B9%E9%98%9F&ie=utf-8&rsv_cq=NBA&rsv_dl=0_right_recommends_merge_20826&euri=84df24cb49824c678fce6cf4e3faef31
2017-09-16 16:02:02,132 - [webpage_parser.py:63] - INFO - procotol:http, hostname:top.baidu.com, new_link:./detail?b=1&c=513&w=%BA%AB%B9%FA%B7%A2%C9%E4%B5%AF%B5%C0%B5%BC%B5%AF
2017-09-16 16:02:02,136 - [webpage_parser.py:63] - INFO - procotol:http, hostname:www.baidu.com, new_link:/s?tn=sitehao123_10_pg&usm=4&wd=%E6%B4%9B%E6%9D%89%E7%9F%B6%E5%BF%AB%E8%88%B9%E9%98%9F&ie=utf-8&rsv_cq=NBA&rsv_dl=0_right_recommends_merge_20826&euri=84df24cb49824c678fce6cf4e3faef31
2017-09-16 16:02:02,150 - [webpage_parser.py:63] - INFO - procotol:http, hostname:top.baidu.com, new_link:./detail?b=1&c=513&w=%B3%AF%CF%CA%D2%C9%CB%C6%B7%A2%C9%E4%B5%BC%B5%AF
2017-09-16 16:02:02,152 - [webpage_parser.py:63] - INFO - procotol:http, hostname:www.baidu.com, new_link:/s?tn=sitehao123_10_pg&usm=4&wd=%E5%AD%9F%E8%8F%B2%E6%96%AF%E7%81%B0%E7%86%8A%E9%98%9F&ie=utf-8&rsv_cq=NBA&rsv_dl=0_right_recommends_merge_20826&euri=326d1c0d45004f8a89d8aefaccd25a5c
2017-09-16 16:02:02,153 - [webpage_parser.py:63] - INFO - procotol:http, hostname:top.baidu.com, new_link:./help
2017-09-16 16:02:02,154 - [webpage_parser.py:63] - INFO - procotol:http, hostname:www.baidu.com, new_link:/s?tn=sitehao123_10_pg&usm=4&wd=%E5%AD%9F%E8%8F%B2%E6%96%AF%E7%81%B0%E7%86%8A%E9%98%9F&ie=utf-8&rsv_cq=NBA&rsv_dl=0_right_recommends_merge_20826&euri=326d1c0d45004f8a89d8aefaccd25a5c
2017-09-16 16:02:02,154 - [webpage_parser.py:63] - INFO - procotol:http, hostname:top.baidu.com, new_link:javascript:;
2017-09-16 16:02:02,167 - [webpage_parser.py:63] - INFO - procotol:http, hostname:www.baidu.com, new_link:/s?tn=sitehao123_10_pg&usm=4&wd=%E5%AD%9F%E8%8F%B2%E6%96%AF%E7%81%B0%E7%86%8A%E9%98%9F&ie=utf-8&rsv_cq=NBA&rsv_dl=0_right_recommends_merge_20826&euri=326d1c0d45004f8a89d8aefaccd25a5c
2017-09-16 16:02:02,172 - [webpage_parser.py:63] - INFO - procotol:http, hostname:www.baidu.com, new_link:/s?tn=sitehao123_10_pg&usm=4&wd=%E6%96%B0%E5%A5%A5%E5%B0%94%E8%89%AF%E9%B9%88%E9%B9%95&ie=utf-8&rsv_cq=NBA&rsv_dl=0_right_recommends_merge_20826&euri=348810c9c7f8d0066df91d0d17ea48f8
2017-09-16 16:02:02,190 - [webpage_parser.py:63] - INFO - procotol:http, hostname:www.baidu.com, new_link:/s?tn=sitehao123_10_pg&usm=4&wd=%E6%96%B0%E5%A5%A5%E5%B0%94%E8%89%AF%E9%B9%88%E9%B9%95&ie=utf-8&rsv_cq=NBA&rsv_dl=0_right_recommends_merge_20826&euri=348810c9c7f8d0066df91d0d17ea48f8
2017-09-16 16:02:02,193 - [webpage_parser.py:63] - INFO - procotol:http, hostname:www.baidu.com, new_link:/s?tn=sitehao123_10_pg&usm=4&wd=%E6%96%B0%E5%A5%A5%E5%B0%94%E8%89%AF%E9%B9%88%E9%B9%95&ie=utf-8&rsv_cq=NBA&rsv_dl=0_right_recommends_merge_20826&euri=348810c9c7f8d0066df91d0d17ea48f8
2017-09-16 16:02:02,195 - [webpage_parser.py:63] - INFO - procotol:http, hostname:www.baidu.com, new_link:/s?tn=sitehao123_10_pg&usm=4&wd=%E9%9B%B7%E9%9C%86&ie=utf-8&rsv_cq=NBA&rsv_dl=0_right_recommends_merge_20826&euri=9f0a2c9555f54a3fb0c01d02996d6748
2017-09-16 16:02:02,196 - [webpage_parser.py:63] - INFO - procotol:http, hostname:www.baidu.com, new_link:/s?tn=sitehao123_10_pg&usm=4&wd=%E9%9B%B7%E9%9C%86&ie=utf-8&rsv_cq=NBA&rsv_dl=0_right_recommends_merge_20826&euri=9f0a2c9555f54a3fb0c01d02996d6748
2017-09-16 16:02:02,196 - [webpage_parser.py:63] - INFO - procotol:http, hostname:www.baidu.com, new_link:/s?tn=sitehao123_10_pg&usm=4&wd=%E9%9B%B7%E9%9C%86&ie=utf-8&rsv_cq=NBA&rsv_dl=0_right_recommends_merge_20826&euri=9f0a2c9555f54a3fb0c01d02996d6748
2017-09-16 16:02:02,204 - [webpage_parser.py:63] - INFO - procotol:http, hostname:www.baidu.com, new_link:/s?tn=sitehao123_10_pg&usm=4&wd=%E6%B3%A2%E7%89%B9%E5%85%B0%E5%BC%80%E6%8B%93%E8%80%85%E9%98%9F&ie=utf-8&rsv_cq=NBA&rsv_dl=0_right_recommends_merge_20826&euri=674cc102a224422faef0918f54ada7b4
2017-09-16 16:02:02,206 - [webpage_parser.py:63] - INFO - procotol:http, hostname:www.baidu.com, new_link:/s?tn=sitehao123_10_pg&usm=4&wd=%E6%B3%A2%E7%89%B9%E5%85%B0%E5%BC%80%E6%8B%93%E8%80%85%E9%98%9F&ie=utf-8&rsv_cq=NBA&rsv_dl=0_right_recommends_merge_20826&euri=674cc102a224422faef0918f54ada7b4
2017-09-16 16:02:02,209 - [webpage_parser.py:63] - INFO - procotol:http, hostname:www.baidu.com, new_link:/s?tn=sitehao123_10_pg&usm=4&wd=%E6%B3%A2%E7%89%B9%E5%85%B0%E5%BC%80%E6%8B%93%E8%80%85%E9%98%9F&ie=utf-8&rsv_cq=NBA&rsv_dl=0_right_recommends_merge_20826&euri=674cc102a224422faef0918f54ada7b4
2017-09-16 16:02:02,213 - [webpage_parser.py:63] - INFO - procotol:http, hostname:www.baidu.com, new_link:/s?tn=sitehao123_10_pg&usm=4&wd=%E4%BA%9A%E7%89%B9%E5%85%B0%E5%A4%A7%E8%80%81%E9%B9%B0%E9%98%9F&ie=utf-8&rsv_cq=NBA&rsv_dl=0_right_recommends_merge_20826&euri=ee219145efb64445b3f38fc51e2de34c
2017-09-16 16:02:02,214 - [webpage_parser.py:63] - INFO - procotol:http, hostname:www.baidu.com, new_link:/s?tn=sitehao123_10_pg&usm=4&wd=%E4%BA%9A%E7%89%B9%E5%85%B0%E5%A4%A7%E8%80%81%E9%B9%B0%E9%98%9F&ie=utf-8&rsv_cq=NBA&rsv_dl=0_right_recommends_merge_20826&euri=ee219145efb64445b3f38fc51e2de34c
2017-09-16 16:02:02,221 - [webpage_parser.py:63] - INFO - procotol:http, hostname:www.baidu.com, new_link:/s?tn=sitehao123_10_pg&usm=4&wd=%E4%BA%9A%E7%89%B9%E5%85%B0%E5%A4%A7%E8%80%81%E9%B9%B0%E9%98%9F&ie=utf-8&rsv_cq=NBA&rsv_dl=0_right_recommends_merge_20826&euri=ee219145efb64445b3f38fc51e2de34c
2017-09-16 16:02:02,222 - [webpage_parser.py:63] - INFO - procotol:http, hostname:www.baidu.com, new_link:/s?tn=sitehao123_10_pg&usm=4&wd=%E8%BF%88%E9%98%BF%E5%AF%86%E7%83%AD%E7%81%AB%E9%98%9F&ie=utf-8&rsv_cq=NBA&rsv_dl=0_right_recommends_merge_20826&euri=4edbd3be9b7c4374af2a50972519b9ba
2017-09-16 16:02:02,223 - [webpage_parser.py:63] - INFO - procotol:http, hostname:www.baidu.com, new_link:/s?tn=sitehao123_10_pg&usm=4&wd=%E8%BF%88%E9%98%BF%E5%AF%86%E7%83%AD%E7%81%AB%E9%98%9F&ie=utf-8&rsv_cq=NBA&rsv_dl=0_right_recommends_merge_20826&euri=4edbd3be9b7c4374af2a50972519b9ba
2017-09-16 16:02:02,233 - [sbcharsetprober.py:119] - DEBUG - ISO-8859-7 confidence = 0.00582585509704, below negative shortcut threshhold 0.05
2017-09-16 16:02:02,234 - [webpage_parser.py:63] - INFO - procotol:http, hostname:www.baidu.com, new_link:/s?tn=sitehao123_10_pg&usm=4&wd=%E8%BF%88%E9%98%BF%E5%AF%86%E7%83%AD%E7%81%AB%E9%98%9F&ie=utf-8&rsv_cq=NBA&rsv_dl=0_right_recommends_merge_20826&euri=4edbd3be9b7c4374af2a50972519b9ba
2017-09-16 16:02:02,240 - [webpage_parser.py:63] - INFO - procotol:http, hostname:www.baidu.com, new_link:/s?tn=sitehao123_10_pg&usm=4&wd=%E5%8D%8E%E7%9B%9B%E9%A1%BF%E5%A5%87%E6%89%8D%E9%98%9F&ie=utf-8&rsv_cq=NBA&rsv_dl=0_right_recommends_merge_20826&euri=146436ceaa9a4369ba3c93354620a1ca
2017-09-16 16:02:02,241 - [webpage_parser.py:63] - INFO - procotol:http, hostname:www.baidu.com, new_link:/s?tn=sitehao123_10_pg&usm=4&wd=%E5%8D%8E%E7%9B%9B%E9%A1%BF%E5%A5%87%E6%89%8D%E9%98%9F&ie=utf-8&rsv_cq=NBA&rsv_dl=0_right_recommends_merge_20826&euri=146436ceaa9a4369ba3c93354620a1ca
2017-09-16 16:02:02,241 - [webpage_parser.py:63] - INFO - procotol:http, hostname:www.baidu.com, new_link:/s?tn=sitehao123_10_pg&usm=4&wd=%E5%8D%8E%E7%9B%9B%E9%A1%BF%E5%A5%87%E6%89%8D%E9%98%9F&ie=utf-8&rsv_cq=NBA&rsv_dl=0_right_recommends_merge_20826&euri=146436ceaa9a4369ba3c93354620a1ca
2017-09-16 16:02:02,246 - [webpage_parser.py:63] - INFO - procotol:http, hostname:www.baidu.com, new_link:/s?tn=sitehao123_10_pg&usm=4&wd=nba%E7%94%9F%E6%B6%AF%E8%BA%87%E5%BE%97%E5%88%8627&ie=utf-8&rsv_cq=NBA&rsv_dl=0_right_toplist_20824
2017-09-16 16:02:02,246 - [webpage_parser.py:63] - INFO - procotol:http, hostname:www.baidu.com, new_link:/s?tn=sitehao123_10_pg&usm=4&wd=nba%E8%BF%91%E4%BA%9B%E5%B9%B4%E4%BA%94%E5%A4%A7%E6%81%90%E6%80%96%E7%BB%84%E5%90%88&ie=utf-8&rsv_cq=NBA&rsv_dl=0_right_toplist_20824
2017-09-16 16:02:02,247 - [webpage_parser.py:63] - INFO - procotol:http, hostname:www.baidu.com, new_link:/s?tn=sitehao123_10_pg&usm=4&wd=nba%E4%BA%A4%E6%98%93%E6%B1%87%E6%80%BB2017&ie=utf-8&rsv_cq=NBA&rsv_dl=0_right_toplist_20824
2017-09-16 16:02:02,247 - [webpage_parser.py:63] - INFO - procotol:http, hostname:www.baidu.com, new_link:/s?tn=sitehao123_10_pg&usm=4&wd=nba%E4%B8%AD%E5%9B%BD%E4%B8%BB%E9%98%9F%E8%A6%81%E6%98%93%E6%89%8B%E4%BA%86&ie=utf-8&rsv_cq=NBA&rsv_dl=0_right_toplist_20824
2017-09-16 16:02:02,256 - [sbcharsetprober.py:119] - DEBUG - windows-1253 confidence = 0.00611866741333, below negative shortcut threshhold 0.05
2017-09-16 16:02:02,257 - [webpage_parser.py:63] - INFO - procotol:http, hostname:www.baidu.com, new_link:/s?tn=sitehao123_10_pg&usm=4&wd=nba%E5%8E%9F%E6%9D%A5%E4%B9%9F%E8%83%BD%E4%BC%98%E9%9B%85%E8%B5%B7%E6%9D%A5&ie=utf-8&rsv_cq=NBA&rsv_dl=0_right_toplist_20824
2017-09-16 16:02:02,266 - [webpage_parser.py:63] - INFO - procotol:http, hostname:www.baidu.com, new_link:/s?tn=sitehao123_10_pg&usm=4&wd=%E5%BC%A0%E4%B8%80%E5%B1%B1%E6%8B%8D%E6%88%8F%E9%81%AD%E8%87%AD%E9%AA%82&ie=utf-8&rsv_cq=NBA&rsv_dl=0_right_toplist_20811
2017-09-16 16:02:02,267 - [webpage_parser.py:63] - INFO - procotol:http, hostname:www.baidu.com, new_link:/s?tn=sitehao123_10_pg&usm=4&wd=%E6%9D%8E%E6%99%A8%E6%B1%82%E5%A9%9A%E8%8C%83%E5%86%B0%E5%86%B0&ie=utf-8&rsv_cq=NBA&rsv_dl=0_right_toplist_20811
2017-09-16 16:02:02,268 - [webpage_parser.py:63] - INFO - procotol:http, hostname:www.baidu.com, new_link:/s?tn=sitehao123_10_pg&usm=4&wd=%E5%91%A8%E6%98%9F%E9%A9%B0%E6%97%A7%E7%85%A7%E6%9B%9D%E5%85%89&ie=utf-8&rsv_cq=NBA&rsv_dl=0_right_toplist_20811
2017-09-16 16:02:02,269 - [webpage_parser.py:63] - INFO - procotol:http, hostname:www.baidu.com, new_link:/s?tn=sitehao123_10_pg&usm=4&wd=B%E7%AB%99%E8%AF%B7%E9%81%93%E5%A3%AB%E4%BD%9C%E6%B3%95&ie=utf-8&rsv_cq=NBA&rsv_dl=0_right_toplist_20811
2017-09-16 16:02:02,279 - [webpage_parser.py:63] - INFO - procotol:http, hostname:www.baidu.com, new_link:/s?tn=sitehao123_10_pg&usm=4&wd=%E6%9E%97%E5%BF%83%E5%A6%82%E5%BE%8B%E5%B8%88%E5%8F%91%E5%A3%B0%E6%98%8E&ie=utf-8&rsv_cq=NBA&rsv_dl=0_right_toplist_20811
2017-09-16 16:02:02,301 - [webpage_parser.py:63] - INFO - procotol:http, hostname:www.baidu.com, new_link:/s?tn=sitehao123_10_pg&usm=4&wd=%E5%BE%AE%E4%BF%A1%E9%9A%90%E7%A7%81%E4%BF%9D%E6%8A%A4%E6%8C%87%E5%BC%95&ie=utf-8&rsv_cq=NBA&rsv_dl=0_right_toplist_20811
2017-09-16 16:02:02,301 - [webpage_parser.py:63] - INFO - procotol:http, hostname:www.baidu.com, new_link:/s?tn=sitehao123_10_pg&usm=4&wd=%E9%99%88%E7%BE%BD%E5%87%A1%E5%A4%8D%E5%87%BA&ie=utf-8&rsv_cq=NBA&rsv_dl=0_right_toplist_20811
2017-09-16 16:02:02,302 - [webpage_parser.py:63] - INFO - procotol:http, hostname:www.baidu.com, new_link:/s?tn=sitehao123_10_pg&usm=4&wd=%E7%8E%8B%E5%AE%9D%E5%BC%BA%E6%9D%91%E6%B0%91%E8%B0%88%E5%AE%8B%E5%96%86&ie=utf-8&rsv_cq=NBA&rsv_dl=0_right_toplist_20811
2017-09-16 16:02:02,303 - [sbcharsetprober.py:119] - DEBUG - windows-1251 confidence = 0.0254671366067, below negative shortcut threshhold 0.05
2017-09-16 16:02:02,304 - [webpage_parser.py:63] - INFO - procotol:http, hostname:www.baidu.com, new_link:/s?tn=sitehao123_10_pg&usm=4&wd=%E4%BC%A6%E6%95%A6%E5%9C%B0%E9%93%81%E5%8F%91%E7%94%9F%E7%88%86%E7%82%B8&ie=utf-8&rsv_cq=NBA&rsv_dl=0_right_toplist_20811
2017-09-16 16:02:02,312 - [webpage_parser.py:63] - INFO - procotol:http, hostname:www.baidu.com, new_link:/s?tn=sitehao123_10_pg&usm=4&wd=%E8%B5%9B%E7%90%B3%E5%A8%9C%E6%89%8B%E6%9C%AF&ie=utf-8&rsv_cq=NBA&rsv_dl=0_right_toplist_20811
2017-09-16 16:02:02,312 - [webpage_parser.py:63] - INFO - procotol:http, hostname:www.baidu.com, new_link:/s?tn=sitehao123_10_pg&usm=4&wd=%E5%9B%BD%E5%AE%B6%E8%81%8C%E4%B8%9A%E8%B5%84%E6%A0%BC%E7%9B%AE%E5%BD%95&ie=utf-8&rsv_cq=NBA&rsv_dl=0_right_toplist_20811
2017-09-16 16:02:02,313 - [webpage_parser.py:63] - INFO - procotol:http, hostname:www.baidu.com, new_link:/s?tn=sitehao123_10_pg&usm=4&wd=%E6%9E%97%E5%BF%97%E7%8E%B2%E5%8D%8A%E8%B9%B2%E9%A2%81%E5%A5%96&ie=utf-8&rsv_cq=NBA&rsv_dl=0_right_toplist_20811
2017-09-16 16:02:02,314 - [webpage_parser.py:63] - INFO - procotol:http, hostname:www.baidu.com, new_link:/s?tn=sitehao123_10_pg&usm=4&wd=%E6%9D%8E%E9%9B%A8%E6%A1%90%E5%86%8D%E7%88%86%E6%96%99&ie=utf-8&rsv_cq=NBA&rsv_dl=0_right_toplist_20811
2017-09-16 16:02:02,320 - [webpage_parser.py:63] - INFO - procotol:http, hostname:www.baidu.com, new_link:/s?tn=sitehao123_10_pg&usm=4&wd=%E8%8C%83%E5%86%B0%E5%86%B0%E6%9D%8E%E6%99%A8%E6%92%B8%E4%B8%B2&ie=utf-8&rsv_cq=NBA&rsv_dl=0_right_toplist_20811
2017-09-16 16:02:02,322 - [webpage_parser.py:63] - INFO - procotol:http, hostname:www.baidu.com, new_link:/s?tn=sitehao123_10_pg&usm=4&wd=%E6%97%A5%E4%BC%81%E5%91%A8%E4%BC%91%E4%B8%89%E6%97%A5&ie=utf-8&rsv_cq=NBA&rsv_dl=0_right_toplist_20811
2017-09-16 16:02:02,345 - [webpage_parser.py:63] - INFO - procotol:http, hostname:www.baidu.com, new_link:/s?tn=sitehao123_10_pg&usm=4&wd=%E5%B0%8F%E5%AD%A6%E7%94%9F%E8%8E%B7%E5%9B%BD%E5%AE%B6%E4%B8%93%E5%88%A9&ie=utf-8&rsv_cq=NBA&rsv_dl=0_right_toplist_20811
2017-09-16 16:02:02,355 - [webpage_parser.py:63] - INFO - procotol:http, hostname:www.baidu.com, new_link:/s?tn=sitehao123_10_pg&usm=4&wd=%E6%B2%89%E8%BF%B7%E6%B8%B8%E6%88%8F%E7%BD%91%E5%90%A7%E5%90%83%E4%BD%8F&ie=utf-8&rsv_cq=NBA&rsv_dl=0_right_toplist_20811
2017-09-16 16:02:02,357 - [webpage_parser.py:63] - INFO - procotol:http, hostname:www.baidu.com, new_link:/s?tn=sitehao123_10_pg&usm=4&wd=8%E5%A4%A9%E9%95%BF%E5%81%876%E5%9C%BA%E5%A9%9A%E7%A4%BC&ie=utf-8&rsv_cq=NBA&rsv_dl=0_right_toplist_20811
2017-09-16 16:02:02,358 - [connectionpool.py:395] - DEBUG - https://www.17173.com:443 "GET / HTTP/1.1" 200 None
2017-09-16 16:02:02,372 - [webpage_parser.py:63] - INFO - procotol:http, hostname:www.baidu.com, new_link:/s?tn=sitehao123_10_pg&usm=4&wd=%E9%A9%AC%E4%BC%8A%E7%90%8D%E6%96%B0%E6%88%8F%E6%8E%A5%E9%95%BF%E5%8F%91&ie=utf-8&rsv_cq=NBA&rsv_dl=0_right_toplist_20811
2017-09-16 16:02:02,374 - [webpage_parser.py:63] - INFO - procotol:http, hostname:www.baidu.com, new_link:/s?tn=sitehao123_10_pg&usm=4&wd=%E9%AA%91%E5%8D%95%E8%BD%A6%E8%BA%AB%E4%BA%A1%E6%A1%88%E5%BC%80%E5%BA%AD&ie=utf-8&rsv_cq=NBA&rsv_dl=0_right_toplist_20811
2017-09-16 16:02:02,374 - [webpage_parser.py:63] - INFO - procotol:http, hostname:www.baidu.com, new_link:/s?tn=sitehao123_10_pg&usm=4&wd=ios11%E6%AD%A3%E5%BC%8F%E7%89%88&ie=utf-8&rsv_cq=NBA&rsv_dl=0_right_toplist_20811
2017-09-16 16:02:02,375 - [webpage_parser.py:63] - INFO - procotol:http, hostname:www.baidu.com, new_link:/s?tn=sitehao123_10_pg&usm=4&wd=%E6%9E%97%E6%9B%B4%E6%96%B0%E5%9B%9E%E5%BA%94%E8%A2%AB%E9%AA%82&ie=utf-8&rsv_cq=NBA&rsv_dl=0_right_toplist_20811
2017-09-16 16:02:02,381 - [webpage_parser.py:63] - INFO - procotol:http, hostname:www.baidu.com, new_link:/s?tn=sitehao123_10_pg&usm=4&wd=%E8%97%8F%E7%8D%92%E7%BB%8F%E6%B5%8E%E5%B4%A9%E7%9B%98&ie=utf-8&rsv_cq=NBA&rsv_dl=0_right_toplist_20811
2017-09-16 16:02:02,385 - [webpage_parser.py:63] - INFO - procotol:http, hostname:www.baidu.com, new_link:/s?tn=sitehao123_10_pg&usm=4&wd=%E6%96%B0%E5%8A%A0%E5%9D%A1%E9%A6%96%E4%BD%8D%E5%A5%B3%E6%80%BB%E7%BB%9F&ie=utf-8&rsv_cq=NBA&rsv_dl=0_right_toplist_20811
2017-09-16 16:02:02,386 - [webpage_parser.py:63] - INFO - procotol:http, hostname:www.baidu.com, new_link:/s?tn=sitehao123_10_pg&usm=4&wd=%E9%95%BF%E6%B1%9F%E5%8F%A3%E5%9E%83%E5%9C%BE%E5%80%BE%E5%80%92%E6%A1%88&ie=utf-8&rsv_cq=NBA&rsv_dl=0_right_toplist_20811
2017-09-16 16:02:02,395 - [webpage_parser.py:63] - INFO - procotol:http, hostname:www.baidu.com, new_link:/s?tn=sitehao123_10_pg&usm=4&wd=%E5%8D%81%E5%B2%81%E5%A5%B3%E7%AB%A5%E8%80%83%E4%B8%8A%E5%A4%A7%E4%B8%93&ie=utf-8&rsv_cq=NBA&rsv_dl=0_right_toplist_20811
2017-09-16 16:02:02,401 - [webpage_parser.py:63] - INFO - procotol:http, hostname:www.baidu.com, new_link:/s?tn=sitehao123_10_pg&usm=4&wd=%E5%8F%8C%E5%8F%B0%E9%A3%8E%E7%BB%93%E5%AF%B9%E6%9D%A5%E8%A2%AD&ie=utf-8&rsv_cq=NBA&rsv_dl=0_right_toplist_20811
2017-09-16 16:02:02,403 - [webpage_parser.py:63] - INFO - procotol:http, hostname:www.baidu.com, new_link:/s?tn=sitehao123_10_pg&usm=4&wd=%E4%BA%AC%E4%B8%9C%E8%BF%9B%E5%86%9B%E6%88%BF%E5%9C%B0%E4%BA%A7&ie=utf-8&rsv_cq=NBA&rsv_dl=0_right_toplist_20811
2017-09-16 16:02:02,411 - [webpage_parser.py:63] - INFO - procotol:http, hostname:www.baidu.com, new_link:/s?tn=sitehao123_10_pg&usm=4&wd=%E6%AF%94%E7%89%B9%E5%B8%81%E4%B8%AD%E5%9B%BD%E5%B0%86%E5%85%B3%E5%81%9C&ie=utf-8&rsv_cq=NBA&rsv_dl=0_right_toplist_20811
2017-09-16 16:02:02,419 - [webpage_parser.py:63] - INFO - procotol:http, hostname:www.baidu.com, new_link:/s?tn=sitehao123_10_pg&usm=4&wd=%E4%BC%A0%E5%A5%87%E5%A4%A7%E7%86%8A%E7%8C%AB%E5%8E%BB%E4%B8%96&ie=utf-8&rsv_cq=NBA&rsv_dl=0_right_toplist_20811
2017-09-16 16:02:02,425 - [webpage_parser.py:63] - INFO - procotol:http, hostname:www.baidu.com, new_link:javascript:;
2017-09-16 16:02:02,434 - [webpage_parser.py:63] - INFO - procotol:http, hostname:www.baidu.com, new_link:/s?wd=nba%E4%B8%AD%E6%96%87%E7%BD%91&rsf=1&rsp=0&f=1&oq=NBA&tn=sitehao123_10_pg&ie=utf-8&usm=4&rsv_pq=c2d255f60000e754&rsv_t=496f31M3D7ZXUboUhwNh2m7oqPi6wy7iPYvzdXlvwtrAX6XjEc107zLcv2%2BakN%2Fq7uv%2FYSIxYg&rqlang=cn&rs_src=0&rsv_pq=c2d255f60000e754&rsv_t=496f31M3D7ZXUboUhwNh2m7oqPi6wy7iPYvzdXlvwtrAX6XjEc107zLcv2%2BakN%2Fq7uv%2FYSIxYg
2017-09-16 16:02:02,437 - [webpage_parser.py:63] - INFO - procotol:http, hostname:www.baidu.com, new_link:/s?wd=nba%E8%99%8E%E6%89%91&rsf=1&rsp=1&f=1&oq=NBA&tn=sitehao123_10_pg&ie=utf-8&usm=4&rsv_pq=c2d255f60000e754&rsv_t=496f31M3D7ZXUboUhwNh2m7oqPi6wy7iPYvzdXlvwtrAX6XjEc107zLcv2%2BakN%2Fq7uv%2FYSIxYg&rqlang=cn&rs_src=0&rsv_pq=c2d255f60000e754&rsv_t=496f31M3D7ZXUboUhwNh2m7oqPi6wy7iPYvzdXlvwtrAX6XjEc107zLcv2%2BakN%2Fq7uv%2FYSIxYg
2017-09-16 16:02:02,445 - [webpage_parser.py:63] - INFO - procotol:http, hostname:www.baidu.com, new_link:/s?wd=nba%E7%90%83%E9%98%9F&rsf=1&rsp=2&f=1&oq=NBA&tn=sitehao123_10_pg&ie=utf-8&usm=4&rsv_pq=c2d255f60000e754&rsv_t=496f31M3D7ZXUboUhwNh2m7oqPi6wy7iPYvzdXlvwtrAX6XjEc107zLcv2%2BakN%2Fq7uv%2FYSIxYg&rqlang=cn&rs_src=0&rsv_pq=c2d255f60000e754&rsv_t=496f31M3D7ZXUboUhwNh2m7oqPi6wy7iPYvzdXlvwtrAX6XjEc107zLcv2%2BakN%2Fq7uv%2FYSIxYg
2017-09-16 16:02:02,447 - [webpage_parser.py:63] - INFO - procotol:http, hostname:www.baidu.com, new_link:/s?wd=%E6%89%8B%E6%9C%BAnba%E4%B8%BB%E9%A2%98&rsf=8&rsp=3&f=1&oq=NBA&tn=sitehao123_10_pg&ie=utf-8&usm=4&rsv_pq=c2d255f60000e754&rsv_t=496f31M3D7ZXUboUhwNh2m7oqPi6wy7iPYvzdXlvwtrAX6XjEc107zLcv2%2BakN%2Fq7uv%2FYSIxYg&rqlang=cn&rs_src=1&rsv_pq=c2d255f60000e754&rsv_t=496f31M3D7ZXUboUhwNh2m7oqPi6wy7iPYvzdXlvwtrAX6XjEc107zLcv2%2BakN%2Fq7uv%2FYSIxYg
2017-09-16 16:02:02,448 - [webpage_parser.py:63] - INFO - procotol:http, hostname:www.baidu.com, new_link:/s?wd=nba%E6%96%B0%E9%97%BB&rsf=1&rsp=4&f=1&oq=NBA&tn=sitehao123_10_pg&ie=utf-8&usm=4&rsv_pq=c2d255f60000e754&rsv_t=496f31M3D7ZXUboUhwNh2m7oqPi6wy7iPYvzdXlvwtrAX6XjEc107zLcv2%2BakN%2Fq7uv%2FYSIxYg&rqlang=cn&rs_src=0&rsv_pq=c2d255f60000e754&rsv_t=496f31M3D7ZXUboUhwNh2m7oqPi6wy7iPYvzdXlvwtrAX6XjEc107zLcv2%2BakN%2Fq7uv%2FYSIxYg
2017-09-16 16:02:02,449 - [webpage_parser.py:63] - INFO - procotol:http, hostname:www.baidu.com, new_link:/s?wd=nba%E7%81%AB%E7%AE%AD&rsf=1&rsp=5&f=1&oq=NBA&tn=sitehao123_10_pg&ie=utf-8&usm=4&rsv_pq=c2d255f60000e754&rsv_t=496f31M3D7ZXUboUhwNh2m7oqPi6wy7iPYvzdXlvwtrAX6XjEc107zLcv2%2BakN%2Fq7uv%2FYSIxYg&rqlang=cn&rs_src=0&rsv_pq=c2d255f60000e754&rsv_t=496f31M3D7ZXUboUhwNh2m7oqPi6wy7iPYvzdXlvwtrAX6XjEc107zLcv2%2BakN%2Fq7uv%2FYSIxYg
2017-09-16 16:02:02,453 - [webpage_parser.py:63] - INFO - procotol:http, hostname:www.baidu.com, new_link:/s?wd=nba%E9%AA%91%E5%A3%AB&rsf=1&rsp=6&f=1&oq=NBA&tn=sitehao123_10_pg&ie=utf-8&usm=4&rsv_pq=c2d255f60000e754&rsv_t=496f31M3D7ZXUboUhwNh2m7oqPi6wy7iPYvzdXlvwtrAX6XjEc107zLcv2%2BakN%2Fq7uv%2FYSIxYg&rqlang=cn&rs_src=0&rsv_pq=c2d255f60000e754&rsv_t=496f31M3D7ZXUboUhwNh2m7oqPi6wy7iPYvzdXlvwtrAX6XjEc107zLcv2%2BakN%2Fq7uv%2FYSIxYg
2017-09-16 16:02:02,470 - [webpage_parser.py:63] - INFO - procotol:http, hostname:www.baidu.com, new_link:/s?wd=nba%E4%BA%A4%E6%98%93&rsf=1&rsp=7&f=1&oq=NBA&tn=sitehao123_10_pg&ie=utf-8&usm=4&rsv_pq=c2d255f60000e754&rsv_t=496f31M3D7ZXUboUhwNh2m7oqPi6wy7iPYvzdXlvwtrAX6XjEc107zLcv2%2BakN%2Fq7uv%2FYSIxYg&rqlang=cn&rs_src=0&rsv_pq=c2d255f60000e754&rsv_t=496f31M3D7ZXUboUhwNh2m7oqPi6wy7iPYvzdXlvwtrAX6XjEc107zLcv2%2BakN%2Fq7uv%2FYSIxYg
2017-09-16 16:02:02,471 - [webpage_parser.py:63] - INFO - procotol:http, hostname:www.baidu.com, new_link:/s?wd=nba%E5%8B%87%E5%A3%AB&rsf=1&rsp=8&f=1&oq=NBA&tn=sitehao123_10_pg&ie=utf-8&usm=4&rsv_pq=c2d255f60000e754&rsv_t=496f31M3D7ZXUboUhwNh2m7oqPi6wy7iPYvzdXlvwtrAX6XjEc107zLcv2%2BakN%2Fq7uv%2FYSIxYg&rqlang=cn&rs_src=0&rsv_pq=c2d255f60000e754&rsv_t=496f31M3D7ZXUboUhwNh2m7oqPi6wy7iPYvzdXlvwtrAX6XjEc107zLcv2%2BakN%2Fq7uv%2FYSIxYg
2017-09-16 16:02:02,480 - [sbcharsetprober.py:119] - DEBUG - windows-1255 confidence = 0.00489834585756, below negative shortcut threshhold 0.05
2017-09-16 16:02:02,481 - [webpage_parser.py:63] - INFO - procotol:http, hostname:www.baidu.com, new_link:/s?wd=NBA&pn=10&oq=NBA&tn=sitehao123_10_pg&ie=utf-8&usm=4&rsv_pq=c2d255f60000e754&rsv_t=496f31M3D7ZXUboUhwNh2m7oqPi6wy7iPYvzdXlvwtrAX6XjEc107zLcv2%2BakN%2Fq7uv%2FYSIxYg
2017-09-16 16:02:02,489 - [webpage_parser.py:63] - INFO - procotol:http, hostname:www.baidu.com, new_link:/s?wd=NBA&pn=20&oq=NBA&tn=sitehao123_10_pg&ie=utf-8&usm=4&rsv_pq=c2d255f60000e754&rsv_t=496f31M3D7ZXUboUhwNh2m7oqPi6wy7iPYvzdXlvwtrAX6XjEc107zLcv2%2BakN%2Fq7uv%2FYSIxYg
2017-09-16 16:02:02,490 - [webpage_parser.py:63] - INFO - procotol:http, hostname:www.baidu.com, new_link:/s?wd=NBA&pn=30&oq=NBA&tn=sitehao123_10_pg&ie=utf-8&usm=4&rsv_pq=c2d255f60000e754&rsv_t=496f31M3D7ZXUboUhwNh2m7oqPi6wy7iPYvzdXlvwtrAX6XjEc107zLcv2%2BakN%2Fq7uv%2FYSIxYg
2017-09-16 16:02:02,499 - [sbcharsetprober.py:119] - DEBUG - windows-1255 confidence = 0.00777972577378, below negative shortcut threshhold 0.05
2017-09-16 16:02:02,500 - [webpage_parser.py:63] - INFO - procotol:http, hostname:www.baidu.com, new_link:/s?wd=NBA&pn=40&oq=NBA&tn=sitehao123_10_pg&ie=utf-8&usm=4&rsv_pq=c2d255f60000e754&rsv_t=496f31M3D7ZXUboUhwNh2m7oqPi6wy7iPYvzdXlvwtrAX6XjEc107zLcv2%2BakN%2Fq7uv%2FYSIxYg
2017-09-16 16:02:02,623 - [webpage_parser.py:63] - INFO - procotol:http, hostname:www.baidu.com, new_link:/s?wd=NBA&pn=50&oq=NBA&tn=sitehao123_10_pg&ie=utf-8&usm=4&rsv_pq=c2d255f60000e754&rsv_t=496f31M3D7ZXUboUhwNh2m7oqPi6wy7iPYvzdXlvwtrAX6XjEc107zLcv2%2BakN%2Fq7uv%2FYSIxYg
2017-09-16 16:02:02,633 - [webpage_parser.py:63] - INFO - procotol:http, hostname:www.baidu.com, new_link:/s?wd=NBA&pn=60&oq=NBA&tn=sitehao123_10_pg&ie=utf-8&usm=4&rsv_pq=c2d255f60000e754&rsv_t=496f31M3D7ZXUboUhwNh2m7oqPi6wy7iPYvzdXlvwtrAX6XjEc107zLcv2%2BakN%2Fq7uv%2FYSIxYg
2017-09-16 16:02:02,647 - [charsetgroupprober.py:97] - DEBUG - utf-8 not active
2017-09-16 16:02:02,648 - [webpage_parser.py:63] - INFO - procotol:http, hostname:www.baidu.com, new_link:/s?wd=NBA&pn=70&oq=NBA&tn=sitehao123_10_pg&ie=utf-8&usm=4&rsv_pq=c2d255f60000e754&rsv_t=496f31M3D7ZXUboUhwNh2m7oqPi6wy7iPYvzdXlvwtrAX6XjEc107zLcv2%2BakN%2Fq7uv%2FYSIxYg
2017-09-16 16:02:02,803 - [charsetgroupprober.py:97] - DEBUG - CP932 not active
2017-09-16 16:02:02,846 - [webpage_parser.py:63] - INFO - procotol:http, hostname:www.baidu.com, new_link:/s?wd=NBA&pn=80&oq=NBA&tn=sitehao123_10_pg&ie=utf-8&usm=4&rsv_pq=c2d255f60000e754&rsv_t=496f31M3D7ZXUboUhwNh2m7oqPi6wy7iPYvzdXlvwtrAX6XjEc107zLcv2%2BakN%2Fq7uv%2FYSIxYg
2017-09-16 16:02:03,063 - [charsetgroupprober.py:97] - DEBUG - EUC-JP not active
2017-09-16 16:02:03,068 - [webpage_parser.py:63] - INFO - procotol:http, hostname:www.baidu.com, new_link:/s?wd=NBA&pn=90&oq=NBA&tn=sitehao123_10_pg&ie=utf-8&usm=4&rsv_pq=c2d255f60000e754&rsv_t=496f31M3D7ZXUboUhwNh2m7oqPi6wy7iPYvzdXlvwtrAX6XjEc107zLcv2%2BakN%2Fq7uv%2FYSIxYg
2017-09-16 16:02:03,084 - [charsetgroupprober.py:100] - DEBUG - GB2312 Chinese confidence = 0.99
2017-09-16 16:02:03,085 - [webpage_parser.py:63] - INFO - procotol:http, hostname:www.baidu.com, new_link:/s?wd=NBA&pn=10&oq=NBA&tn=sitehao123_10_pg&ie=utf-8&usm=4&rsv_pq=c2d255f60000e754&rsv_t=496f31M3D7ZXUboUhwNh2m7oqPi6wy7iPYvzdXlvwtrAX6XjEc107zLcv2%2BakN%2Fq7uv%2FYSIxYg&rsv_page=1
2017-09-16 16:02:03,085 - [charsetgroupprober.py:100] - DEBUG - EUC-KR Korean confidence = 0.01
2017-09-16 16:02:03,086 - [webpage_parser.py:63] - INFO - procotol:http, hostname:www.baidu.com, new_link:javascript:;
2017-09-16 16:02:03,087 - [charsetgroupprober.py:100] - DEBUG - CP949 Korean confidence = 0.01
2017-09-16 16:02:03,181 - [charsetgroupprober.py:100] - DEBUG - Big5 Chinese confidence = 0.01
2017-09-16 16:02:03,181 - [charsetgroupprober.py:100] - DEBUG - EUC-TW Taiwan confidence = 0.01
2017-09-16 16:02:03,266 - [charsetgroupprober.py:97] - DEBUG - windows-1251 not active
2017-09-16 16:02:03,494 - [charsetgroupprober.py:100] - DEBUG - KOI8-R Russian confidence = 0.133836790614
2017-09-16 16:02:03,531 - [charsetgroupprober.py:100] - DEBUG - ISO-8859-5 Russian confidence = 0.0547115925271
2017-09-16 16:02:03,532 - [charsetgroupprober.py:100] - DEBUG - MacCyrillic Russian confidence = 0.0
2017-09-16 16:02:03,532 - [charsetgroupprober.py:100] - DEBUG - IBM866 Russian confidence = 0.0270266492973
2017-09-16 16:02:03,743 - [charsetgroupprober.py:100] - DEBUG - IBM855 Russian confidence = 0.0859378753398
2017-09-16 16:02:03,744 - [charsetgroupprober.py:97] - DEBUG - ISO-8859-7 not active
2017-09-16 16:02:03,784 - [charsetgroupprober.py:97] - DEBUG - windows-1253 not active
2017-09-16 16:02:03,883 - [charsetgroupprober.py:100] - DEBUG - ISO-8859-5 Bulgairan confidence = 0.0590354411861
2017-09-16 16:02:03,884 - [charsetgroupprober.py:97] - DEBUG - windows-1251 not active
2017-09-16 16:02:03,884 - [charsetgroupprober.py:100] - DEBUG - TIS-620 Thai confidence = 0.118630952132
2017-09-16 16:02:03,941 - [charsetgroupprober.py:100] - DEBUG - ISO-8859-9 Turkish confidence = 0.447288392915
2017-09-16 16:02:03,946 - [webpage_parser.py:63] - INFO - procotol:http, hostname:www.17173.com, new_link:javascript:;
2017-09-16 16:02:03,947 - [charsetgroupprober.py:100] - DEBUG - windows-1255 Hebrew confidence = 0.0
2017-09-16 16:02:03,950 - [webpage_parser.py:63] - INFO - procotol:http, hostname:www.17173.com, new_link:javascript:;
2017-09-16 16:02:03,951 - [charsetgroupprober.py:97] - DEBUG - windows-1255 not active
2017-09-16 16:02:03,952 - [webpage_parser.py:63] - INFO - procotol:http, hostname:www.17173.com, new_link:javascript:;
2017-09-16 16:02:03,953 - [charsetgroupprober.py:97] - DEBUG - windows-1255 not active
2017-09-16 16:02:03,955 - [webpage_parser.py:63] - INFO - procotol:http, hostname:www.17173.com, new_link:javascript:;
2017-09-16 16:02:03,956 - [charsetgroupprober.py:97] - DEBUG - utf-8 not active
2017-09-16 16:02:03,958 - [webpage_parser.py:63] - INFO - procotol:http, hostname:www.17173.com, new_link:javascript:;
2017-09-16 16:02:03,959 - [charsetgroupprober.py:97] - DEBUG - CP932 not active
2017-09-16 16:02:03,960 - [webpage_parser.py:63] - INFO - procotol:http, hostname:www.17173.com, new_link:javascript:;
2017-09-16 16:02:03,962 - [charsetgroupprober.py:97] - DEBUG - EUC-JP not active
2017-09-16 16:02:03,964 - [charsetgroupprober.py:100] - DEBUG - GB2312 Chinese confidence = 0.99
2017-09-16 16:02:03,964 - [webpage_parser.py:63] - INFO - procotol:http, hostname:www.17173.com, new_link:javascript:;
2017-09-16 16:02:03,965 - [charsetgroupprober.py:100] - DEBUG - EUC-KR Korean confidence = 0.01
2017-09-16 16:02:03,967 - [webpage_parser.py:63] - INFO - procotol:http, hostname:www.17173.com, new_link:javascript:;
2017-09-16 16:02:03,968 - [charsetgroupprober.py:100] - DEBUG - CP949 Korean confidence = 0.01
2017-09-16 16:02:03,969 - [webpage_parser.py:63] - INFO - procotol:http, hostname:www.17173.com, new_link:2016v2/yxdh/inc-game-ng.shtml
2017-09-16 16:02:03,970 - [charsetgroupprober.py:100] - DEBUG - Big5 Chinese confidence = 0.01
2017-09-16 16:02:03,971 - [webpage_parser.py:63] - INFO - procotol:http, hostname:www.17173.com, new_link:2016v2/yxdh/inc-game-sy.shtml
2017-09-16 16:02:03,972 - [charsetgroupprober.py:100] - DEBUG - EUC-TW Taiwan confidence = 0.01
2017-09-16 16:02:03,974 - [webpage_parser.py:63] - INFO - procotol:http, hostname:www.17173.com, new_link:2016v2/yxdh/inc-game-yeyou.shtml
2017-09-16 16:02:04,148 - [webpage_parser.py:63] - INFO - procotol:http, hostname:www.youth.cn, new_link:javascript:hidebg()
2017-09-16 16:02:04,148 - [webpage_parser.py:63] - INFO - procotol:http, hostname:www.17173.com, new_link:2016v2/yxdh/inc-game-sort.shtml
2017-09-16 16:02:04,152 - [webpage_parser.py:63] - INFO - procotol:http, hostname:www.youth.cn, new_link:javascript:void(0)
2017-09-16 16:02:04,158 - [webpage_parser.py:63] - INFO - procotol:http, hostname:www.17173.com, new_link:javascript:;
2017-09-16 16:02:04,159 - [webpage_parser.py:63] - INFO - procotol:http, hostname:www.youth.cn, new_link:javascript:void(0)
2017-09-16 16:02:04,160 - [webpage_parser.py:63] - INFO - procotol:http, hostname:www.17173.com, new_link:javascript://
2017-09-16 16:02:04,162 - [webpage_parser.py:63] - INFO - procotol:http, hostname:www.youth.cn, new_link:javascript:void(0)
2017-09-16 16:02:04,163 - [webpage_parser.py:63] - INFO - procotol:http, hostname:www.17173.com, new_link:javascript://
2017-09-16 16:02:04,166 - [webpage_parser.py:63] - INFO - procotol:http, hostname:www.youth.cn, new_link:javascript:void(0)
2017-09-16 16:02:04,167 - [webpage_parser.py:63] - INFO - procotol:http, hostname:www.17173.com, new_link:javascript:;
2017-09-16 16:02:04,176 - [webpage_parser.py:63] - INFO - procotol:http, hostname:www.youth.cn, new_link:./js/jstp/201709/t20170915_10719486.htm
2017-09-16 16:02:04,178 - [webpage_parser.py:63] - INFO - procotol:http, hostname:www.17173.com, new_link:javascript:;
2017-09-16 16:02:04,179 - [webpage_parser.py:63] - INFO - procotol:http, hostname:www.youth.cn, new_link:./js/jstp/201709/t20170915_10719486.htm
2017-09-16 16:02:04,184 - [webpage_parser.py:63] - INFO - procotol:http, hostname:www.17173.com, new_link:javascript:;
2017-09-16 16:02:04,192 - [webpage_parser.py:63] - INFO - procotol:http, hostname:www.17173.com, new_link:javascript:;
2017-09-16 16:02:04,192 - [webpage_parser.py:63] - INFO - procotol:http, hostname:www.17173.com, new_link:javascript:;
2017-09-16 16:02:04,193 - [webpage_parser.py:63] - INFO - procotol:http, hostname:www.17173.com, new_link:javascript:;
2017-09-16 16:02:04,202 - [webpage_parser.py:63] - INFO - procotol:http, hostname:www.17173.com, new_link:javascript:;
2017-09-16 16:02:04,203 - [webpage_parser.py:63] - INFO - procotol:http, hostname:www.17173.com, new_link:javascript:;
2017-09-16 16:02:04,204 - [webpage_parser.py:63] - INFO - procotol:http, hostname:www.17173.com, new_link:javascript:;
2017-09-16 16:02:04,205 - [webpage_parser.py:63] - INFO - procotol:http, hostname:www.17173.com, new_link:javascript:;
2017-09-16 16:02:04,206 - [webpage_parser.py:63] - INFO - procotol:http, hostname:www.17173.com, new_link:javascript:;
2017-09-16 16:02:04,206 - [webpage_parser.py:63] - INFO - procotol:http, hostname:www.17173.com, new_link:javascript:;
2017-09-16 16:02:04,206 - [webpage_parser.py:63] - INFO - procotol:http, hostname:www.17173.com, new_link:javascript:;
2017-09-16 16:02:04,210 - [webpage_parser.py:63] - INFO - procotol:http, hostname:www.17173.com, new_link:2016v2/online/game-hot1.shtml
2017-09-16 16:02:04,216 - [webpage_parser.py:63] - INFO - procotol:http, hostname:www.17173.com, new_link:inc/20170119185240.inc
2017-09-16 16:02:04,218 - [webpage_parser.py:63] - INFO - procotol:http, hostname:www.17173.com, new_link:javascript:;
2017-09-16 16:02:04,219 - [webpage_parser.py:63] - INFO - procotol:http, hostname:www.17173.com, new_link:javascript:;
2017-09-16 16:02:04,223 - [webpage_parser.py:63] - INFO - procotol:http, hostname:www.17173.com, new_link:javascript:;
2017-09-16 16:02:04,224 - [webpage_parser.py:63] - INFO - procotol:http, hostname:www.17173.com, new_link:javascript:;
2017-09-16 16:02:04,228 - [webpage_parser.py:63] - INFO - procotol:http, hostname:www.17173.com, new_link:javascript:;
2017-09-16 16:02:04,231 - [webpage_parser.py:63] - INFO - procotol:http, hostname:www.17173.com, new_link:javascript:;
2017-09-16 16:02:04,232 - [webpage_parser.py:63] - INFO - procotol:http, hostname:www.17173.com, new_link:javascript:;
2017-09-16 16:02:04,233 - [webpage_parser.py:63] - INFO - procotol:http, hostname:www.17173.com, new_link:javascript:;
2017-09-16 16:02:04,233 - [webpage_parser.py:63] - INFO - procotol:http, hostname:www.17173.com, new_link:javascript:;
2017-09-16 16:02:04,234 - [webpage_parser.py:63] - INFO - procotol:http, hostname:www.17173.com, new_link:javascript:;
2017-09-16 16:02:04,234 - [webpage_parser.py:63] - INFO - procotol:http, hostname:www.17173.com, new_link:javascript:;
2017-09-16 16:02:04,235 - [webpage_parser.py:63] - INFO - procotol:http, hostname:www.17173.com, new_link:javascript:;
2017-09-16 16:02:04,236 - [webpage_parser.py:63] - INFO - procotol:http, hostname:www.17173.com, new_link:javascript:;
2017-09-16 16:02:04,236 - [webpage_parser.py:63] - INFO - procotol:http, hostname:www.17173.com, new_link:javascript:;
2017-09-16 16:02:04,237 - [webpage_parser.py:63] - INFO - procotol:http, hostname:www.17173.com, new_link:javascript:;
2017-09-16 16:02:04,237 - [webpage_parser.py:63] - INFO - procotol:http, hostname:www.17173.com, new_link:javascript:;
2017-09-16 16:02:04,238 - [webpage_parser.py:63] - INFO - procotol:http, hostname:www.17173.com, new_link:javascript:;
2017-09-16 16:02:04,238 - [webpage_parser.py:63] - INFO - procotol:http, hostname:www.17173.com, new_link:javascript:;
2017-09-16 16:02:04,239 - [webpage_parser.py:63] - INFO - procotol:http, hostname:www.17173.com, new_link:javascript:;
2017-09-16 16:02:04,239 - [webpage_parser.py:63] - INFO - procotol:http, hostname:www.17173.com, new_link:javascript:;
2017-09-16 16:02:04,240 - [webpage_parser.py:63] - INFO - procotol:http, hostname:www.17173.com, new_link:javascript:;
2017-09-16 16:02:04,240 - [webpage_parser.py:63] - INFO - procotol:http, hostname:www.17173.com, new_link:javascript:;
2017-09-16 16:02:04,241 - [webpage_parser.py:63] - INFO - procotol:http, hostname:www.17173.com, new_link:javascript:;
2017-09-16 16:02:04,242 - [webpage_parser.py:63] - INFO - procotol:http, hostname:www.17173.com, new_link:javascript:;
2017-09-16 16:02:04,242 - [webpage_parser.py:63] - INFO - procotol:http, hostname:www.17173.com, new_link:javascript:;
2017-09-16 16:02:04,243 - [webpage_parser.py:63] - INFO - procotol:http, hostname:www.17173.com, new_link:javascript:;
2017-09-16 16:02:04,243 - [webpage_parser.py:63] - INFO - procotol:http, hostname:www.17173.com, new_link:javascript:;
2017-09-16 16:02:04,244 - [webpage_parser.py:63] - INFO - procotol:http, hostname:www.17173.com, new_link:javascript:;
2017-09-16 16:02:04,244 - [webpage_parser.py:63] - INFO - procotol:http, hostname:www.17173.com, new_link:javascript:;
2017-09-16 16:02:04,245 - [webpage_parser.py:63] - INFO - procotol:http, hostname:www.17173.com, new_link:javascript:;
2017-09-16 16:02:04,246 - [webpage_parser.py:63] - INFO - procotol:http, hostname:www.17173.com, new_link:javascript:;
2017-09-16 16:02:04,246 - [webpage_parser.py:63] - INFO - procotol:http, hostname:www.17173.com, new_link:javascript:;
2017-09-16 16:02:04,250 - [webpage_parser.py:63] - INFO - procotol:http, hostname:www.17173.com, new_link:2016v2/online/game-down.shtml
2017-09-16 16:02:04,252 - [webpage_parser.py:63] - INFO - procotol:http, hostname:www.17173.com, new_link:javascript:;
2017-09-16 16:02:04,253 - [webpage_parser.py:63] - INFO - procotol:http, hostname:www.17173.com, new_link:javascript:;
2017-09-16 16:02:04,254 - [webpage_parser.py:63] - INFO - procotol:http, hostname:www.17173.com, new_link:javascript:;
2017-09-16 16:02:04,255 - [webpage_parser.py:63] - INFO - procotol:http, hostname:www.17173.com, new_link:javascript:;
2017-09-16 16:02:04,292 - [webpage_saver.py:45] - INFO - url http://www.youku.com/ is not match
2017-09-16 16:02:04,294 - [webpage_saver.py:45] - INFO - url http://www.iqiyi.com/ is not match
2017-09-16 16:02:04,316 - [webpage_saver.py:45] - INFO - url http://www.baidu.com/s?word=NBA&tn=sitehao123_10_pg&ie=utf-8 is not match
2017-09-16 16:02:04,327 - [webpage_saver.py:45] - INFO - url http://www.cnr.cn/ is not match
2017-09-16 16:02:04,329 - [webpage_saver.py:45] - INFO - url http://www.qianlong.com/ is not match
2017-09-16 16:02:04,330 - [webpage_saver.py:45] - INFO - url http://top.baidu.com/buzz?b=1 is not match
2017-09-16 16:02:04,336 - [webpage_saver.py:45] - INFO - url http://www.youth.cn/ is not match
2017-09-16 16:02:04,363 - [webpage_saver.py:45] - INFO - url http://www.17173.com/ is not match
2017-09-16 16:02:05,302 - [connectionpool.py:207] - DEBUG - Starting new HTTP connection (1): u.ctrip.com
2017-09-16 16:02:05,304 - [connectionpool.py:818] - DEBUG - Starting new HTTPS connection (1): ai.taobao.com
2017-09-16 16:02:05,324 - [connectionpool.py:207] - DEBUG - Starting new HTTP connection (1): www.hao123.com
2017-09-16 16:02:05,335 - [connectionpool.py:207] - DEBUG - Starting new HTTP connection (1): 8.hao123.com
2017-09-16 16:02:05,343 - [connectionpool.py:207] - DEBUG - Starting new HTTP connection (1): v.hao123.baidu.com
2017-09-16 16:02:05,344 - [connectionpool.py:818] - DEBUG - Starting new HTTPS connection (1): tieba.baidu.com
2017-09-16 16:02:05,345 - [connectionpool.py:818] - DEBUG - Starting new HTTPS connection (1): www.baidu.com
2017-09-16 16:02:05,372 - [connectionpool.py:207] - DEBUG - Starting new HTTP connection (1): www.baidu.com
2017-09-16 16:02:05,842 - [connectionpool.py:395] - DEBUG - http://v.hao123.baidu.com:80 "GET /dianshi/26819.htm HTTP/1.1" 200 None
2017-09-16 16:02:05,848 - [connectionpool.py:395] - DEBUG - http://u.ctrip.com:80 "GET /union/CtripRedirect.aspx?TypeID=2&Allianceid=1630&sid=1911&OUID=&jumpUrl=http://www.ctrip.com/ HTTP/1.1" 302 1025
2017-09-16 16:02:05,848 - [connectionpool.py:395] - DEBUG - http://www.hao123.com:80 "GET /zt/qpcm2 HTTP/1.1" 200 None
2017-09-16 16:02:05,862 - [connectionpool.py:207] - DEBUG - Starting new HTTP connection (1): www.ctrip.com
2017-09-16 16:02:05,918 - [connectionpool.py:395] - DEBUG - http://8.hao123.com:80 "GET / HTTP/1.1" 200 None
2017-09-16 16:02:05,949 - [webpage_parser.py:63] - INFO - procotol:http, hostname:www.hao123.com, new_link:javascript:void(0);
2017-09-16 16:02:05,952 - [webpage_parser.py:63] - INFO - procotol:http, hostname:www.hao123.com, new_link:javascript:void(0)
2017-09-16 16:02:05,959 - [webpage_parser.py:63] - INFO - procotol:http, hostname:www.hao123.com, new_link:javascript:;
2017-09-16 16:02:05,965 - [webpage_parser.py:63] - INFO - procotol:http, hostname:www.hao123.com, new_link:javascript:;
2017-09-16 16:02:06,025 - [webpage_parser.py:63] - INFO - procotol:http, hostname:8.hao123.com, new_link:javascript:void(0)
2017-09-16 16:02:06,027 - [webpage_parser.py:63] - INFO - procotol:http, hostname:8.hao123.com, new_link:javascript:;
2017-09-16 16:02:06,029 - [connectionpool.py:395] - DEBUG - https://ai.taobao.com:443 "GET /search/index.htm?key=%E6%96%87%E5%85%B7&pid=mm_43125636_4246598_118736310 HTTP/1.1" 302 0
2017-09-16 16:02:06,030 - [webpage_parser.py:63] - INFO - procotol:http, hostname:8.hao123.com, new_link:javascript:;
2017-09-16 16:02:06,043 - [webpage_parser.py:63] - INFO - procotol:http, hostname:8.hao123.com, new_link:javascript:;
2017-09-16 16:02:06,049 - [webpage_parser.py:63] - INFO - procotol:http, hostname:8.hao123.com, new_link:javascript:;
2017-09-16 16:02:06,052 - [connectionpool.py:818] - DEBUG - Starting new HTTPS connection (1): sec.taobao.com
2017-09-16 16:02:06,061 - [webpage_parser.py:63] - INFO - procotol:http, hostname:v.hao123.baidu.com, new_link:javascript:;
2017-09-16 16:02:06,066 - [webpage_parser.py:63] - INFO - procotol:http, hostname:v.hao123.baidu.com, new_link:javascript:void(0);
2017-09-16 16:02:06,068 - [webpage_saver.py:45] - INFO - url http://www.hao123.com/zt/qpcm2#l-1468469038778 is not match
2017-09-16 16:02:06,069 - [webpage_saver.py:45] - INFO - url http://8.hao123.com/ is not match
2017-09-16 16:02:06,070 - [webpage_parser.py:63] - INFO - procotol:http, hostname:v.hao123.baidu.com, new_link:/v?no_al=1&ty=21&qtype=21&word=那年花开月正圆&ie=utf-8
2017-09-16 16:02:06,071 - [webpage_parser.py:63] - INFO - procotol:http, hostname:v.hao123.baidu.com, new_link:/v?ct=301989888&word=丁黑&ie=utf-8&fr=video
2017-09-16 16:02:06,072 - [webpage_parser.py:63] - INFO - procotol:http, hostname:v.hao123.baidu.com, new_link:/dianshi_index/area-内地_order-hot_pn-1_channel-tv
2017-09-16 16:02:06,073 - [webpage_parser.py:63] - INFO - procotol:http, hostname:v.hao123.baidu.com, new_link:/person_intro/?id=2634&fr=video
2017-09-16 16:02:06,073 - [webpage_parser.py:63] - INFO - procotol:http, hostname:v.hao123.baidu.com, new_link:/person_intro/?id=157349&fr=video
2017-09-16 16:02:06,074 - [webpage_parser.py:63] - INFO - procotol:http, hostname:v.hao123.baidu.com, new_link:/person_intro/?id=1457&fr=video
2017-09-16 16:02:06,074 - [webpage_parser.py:63] - INFO - procotol:http, hostname:v.hao123.baidu.com, new_link:/person_intro/?id=15502&fr=video
2017-09-16 16:02:06,075 - [webpage_parser.py:63] - INFO - procotol:http, hostname:v.hao123.baidu.com, new_link:/person_intro/?id=14790&fr=video
2017-09-16 16:02:06,075 - [webpage_parser.py:63] - INFO - procotol:http, hostname:v.hao123.baidu.com, new_link:/person_intro/?id=2634&fr=video
2017-09-16 16:02:06,077 - [webpage_parser.py:63] - INFO - procotol:http, hostname:v.hao123.baidu.com, new_link:/person_intro/?id=157349&fr=video
2017-09-16 16:02:06,079 - [webpage_parser.py:63] - INFO - procotol:http, hostname:v.hao123.baidu.com, new_link:/person_intro/?id=1457&fr=video
2017-09-16 16:02:06,079 - [webpage_parser.py:63] - INFO - procotol:http, hostname:v.hao123.baidu.com, new_link:/person_intro/?id=15502&fr=video
2017-09-16 16:02:06,080 - [webpage_parser.py:63] - INFO - procotol:http, hostname:v.hao123.baidu.com, new_link:/person_intro/?id=14790&fr=video
2017-09-16 16:02:06,084 - [webpage_parser.py:63] - INFO - procotol:http, hostname:v.hao123.baidu.com, new_link:javascript:void(0);
2017-09-16 16:02:06,207 - [connectionpool.py:395] - DEBUG - http://www.baidu.com:80 "GET /s?word=%E6%AF%94%E7%89%B9%E5%B8%81%E4%B8%AD%E5%9B%BD%E5%B0%86%E5%81%9C%E4%BA%A4&tn=sitehao123_10_pg&ie=utf-8 HTTP/1.1" 200 None
2017-09-16 16:02:06,252 - [connectionpool.py:395] - DEBUG - https://www.baidu.com:443 "GET /s?word=%E6%96%B0%E6%88%BF%E6%80%A5%E5%94%AE&tn=50000020_hao_pg&ie=utf-8 HTTP/1.1" 200 227
2017-09-16 16:02:06,263 - [webpage_saver.py:45] - INFO - url https://www.baidu.com/s?word=%E6%96%B0%E6%88%BF%E6%80%A5%E5%94%AE&tn=50000020_hao_pg&ie=utf-8 is not match
2017-09-16 16:02:06,529 - [webpage_parser.py:63] - INFO - procotol:http, hostname:www.baidu.com, new_link:/
2017-09-16 16:02:06,529 - [webpage_parser.py:63] - INFO - procotol:http, hostname:www.baidu.com, new_link:javascript:;
2017-09-16 16:02:06,530 - [webpage_parser.py:63] - INFO - procotol:http, hostname:www.baidu.com, new_link:javascript:;
2017-09-16 16:02:06,530 - [connectionpool.py:395] - DEBUG - https://tieba.baidu.com:443 "GET / HTTP/1.1" 200 None
2017-09-16 16:02:06,531 - [webpage_parser.py:63] - INFO - procotol:http, hostname:www.baidu.com, new_link:javascript:;
2017-09-16 16:02:06,535 - [webpage_parser.py:63] - INFO - procotol:http, hostname:www.baidu.com, new_link:/
2017-09-16 16:02:06,535 - [webpage_parser.py:63] - INFO - procotol:http, hostname:www.baidu.com, new_link:javascript:;
2017-09-16 16:02:06,536 - [webpage_parser.py:63] - INFO - procotol:http, hostname:www.baidu.com, new_link:/s?tn=sitehao123_10_pg&usm=2&wd=%E5%BC%A0%E4%B8%80%E5%B1%B1%E6%8B%8D%E6%88%8F%E9%81%AD%E8%87%AD%E9%AA%82&ie=utf-8&rsv_cq=%E6%AF%94%E7%89%B9%E5%B8%81%E4%B8%AD%E5%9B%BD%E5%B0%86%E5%81%9C%E4%BA%A4&rsv_dl=0_right_toplist_20811
2017-09-16 16:02:06,537 - [webpage_parser.py:63] - INFO - procotol:http, hostname:www.baidu.com, new_link:/s?tn=sitehao123_10_pg&usm=2&wd=%E6%9D%8E%E6%99%A8%E6%B1%82%E5%A9%9A%E8%8C%83%E5%86%B0%E5%86%B0&ie=utf-8&rsv_cq=%E6%AF%94%E7%89%B9%E5%B8%81%E4%B8%AD%E5%9B%BD%E5%B0%86%E5%81%9C%E4%BA%A4&rsv_dl=0_right_toplist_20811
2017-09-16 16:02:06,537 - [webpage_parser.py:63] - INFO - procotol:http, hostname:www.baidu.com, new_link:/s?tn=sitehao123_10_pg&usm=2&wd=%E5%91%A8%E6%98%9F%E9%A9%B0%E6%97%A7%E7%85%A7%E6%9B%9D%E5%85%89&ie=utf-8&rsv_cq=%E6%AF%94%E7%89%B9%E5%B8%81%E4%B8%AD%E5%9B%BD%E5%B0%86%E5%81%9C%E4%BA%A4&rsv_dl=0_right_toplist_20811
2017-09-16 16:02:06,537 - [webpage_parser.py:63] - INFO - procotol:http, hostname:www.baidu.com, new_link:/s?tn=sitehao123_10_pg&usm=2&wd=B%E7%AB%99%E8%AF%B7%E9%81%93%E5%A3%AB%E4%BD%9C%E6%B3%95&ie=utf-8&rsv_cq=%E6%AF%94%E7%89%B9%E5%B8%81%E4%B8%AD%E5%9B%BD%E5%B0%86%E5%81%9C%E4%BA%A4&rsv_dl=0_right_toplist_20811
2017-09-16 16:02:06,538 - [webpage_parser.py:63] - INFO - procotol:http, hostname:www.baidu.com, new_link:/s?tn=sitehao123_10_pg&usm=2&wd=%E6%9E%97%E5%BF%83%E5%A6%82%E5%BE%8B%E5%B8%88%E5%8F%91%E5%A3%B0%E6%98%8E&ie=utf-8&rsv_cq=%E6%AF%94%E7%89%B9%E5%B8%81%E4%B8%AD%E5%9B%BD%E5%B0%86%E5%81%9C%E4%BA%A4&rsv_dl=0_right_toplist_20811
2017-09-16 16:02:06,538 - [webpage_parser.py:63] - INFO - procotol:http, hostname:www.baidu.com, new_link:/s?tn=sitehao123_10_pg&usm=2&wd=%E5%BE%AE%E4%BF%A1%E9%9A%90%E7%A7%81%E4%BF%9D%E6%8A%A4%E6%8C%87%E5%BC%95&ie=utf-8&rsv_cq=%E6%AF%94%E7%89%B9%E5%B8%81%E4%B8%AD%E5%9B%BD%E5%B0%86%E5%81%9C%E4%BA%A4&rsv_dl=0_right_toplist_20811
2017-09-16 16:02:06,539 - [webpage_parser.py:63] - INFO - procotol:http, hostname:www.baidu.com, new_link:/s?tn=sitehao123_10_pg&usm=2&wd=%E9%99%88%E7%BE%BD%E5%87%A1%E5%A4%8D%E5%87%BA&ie=utf-8&rsv_cq=%E6%AF%94%E7%89%B9%E5%B8%81%E4%B8%AD%E5%9B%BD%E5%B0%86%E5%81%9C%E4%BA%A4&rsv_dl=0_right_toplist_20811
2017-09-16 16:02:06,539 - [webpage_parser.py:63] - INFO - procotol:http, hostname:www.baidu.com, new_link:/s?tn=sitehao123_10_pg&usm=2&wd=%E7%8E%8B%E5%AE%9D%E5%BC%BA%E6%9D%91%E6%B0%91%E8%B0%88%E5%AE%8B%E5%96%86&ie=utf-8&rsv_cq=%E6%AF%94%E7%89%B9%E5%B8%81%E4%B8%AD%E5%9B%BD%E5%B0%86%E5%81%9C%E4%BA%A4&rsv_dl=0_right_toplist_20811
2017-09-16 16:02:06,540 - [webpage_parser.py:63] - INFO - procotol:http, hostname:www.baidu.com, new_link:/s?tn=sitehao123_10_pg&usm=2&wd=%E4%BC%A6%E6%95%A6%E5%9C%B0%E9%93%81%E5%8F%91%E7%94%9F%E7%88%86%E7%82%B8&ie=utf-8&rsv_cq=%E6%AF%94%E7%89%B9%E5%B8%81%E4%B8%AD%E5%9B%BD%E5%B0%86%E5%81%9C%E4%BA%A4&rsv_dl=0_right_toplist_20811
2017-09-16 16:02:06,540 - [webpage_parser.py:63] - INFO - procotol:http, hostname:www.baidu.com, new_link:/s?tn=sitehao123_10_pg&usm=2&wd=%E8%B5%9B%E7%90%B3%E5%A8%9C%E6%89%8B%E6%9C%AF&ie=utf-8&rsv_cq=%E6%AF%94%E7%89%B9%E5%B8%81%E4%B8%AD%E5%9B%BD%E5%B0%86%E5%81%9C%E4%BA%A4&rsv_dl=0_right_toplist_20811
2017-09-16 16:02:06,540 - [webpage_parser.py:63] - INFO - procotol:http, hostname:www.baidu.com, new_link:/s?tn=sitehao123_10_pg&usm=2&wd=%E5%9B%BD%E5%AE%B6%E8%81%8C%E4%B8%9A%E8%B5%84%E6%A0%BC%E7%9B%AE%E5%BD%95&ie=utf-8&rsv_cq=%E6%AF%94%E7%89%B9%E5%B8%81%E4%B8%AD%E5%9B%BD%E5%B0%86%E5%81%9C%E4%BA%A4&rsv_dl=0_right_toplist_20811
2017-09-16 16:02:06,541 - [webpage_parser.py:63] - INFO - procotol:http, hostname:www.baidu.com, new_link:/s?tn=sitehao123_10_pg&usm=2&wd=%E6%9E%97%E5%BF%97%E7%8E%B2%E5%8D%8A%E8%B9%B2%E9%A2%81%E5%A5%96&ie=utf-8&rsv_cq=%E6%AF%94%E7%89%B9%E5%B8%81%E4%B8%AD%E5%9B%BD%E5%B0%86%E5%81%9C%E4%BA%A4&rsv_dl=0_right_toplist_20811
2017-09-16 16:02:06,541 - [webpage_parser.py:63] - INFO - procotol:http, hostname:www.baidu.com, new_link:/s?tn=sitehao123_10_pg&usm=2&wd=%E6%9D%8E%E9%9B%A8%E6%A1%90%E5%86%8D%E7%88%86%E6%96%99&ie=utf-8&rsv_cq=%E6%AF%94%E7%89%B9%E5%B8%81%E4%B8%AD%E5%9B%BD%E5%B0%86%E5%81%9C%E4%BA%A4&rsv_dl=0_right_toplist_20811
2017-09-16 16:02:06,541 - [webpage_parser.py:63] - INFO - procotol:http, hostname:www.baidu.com, new_link:/s?tn=sitehao123_10_pg&usm=2&wd=%E8%8C%83%E5%86%B0%E5%86%B0%E6%9D%8E%E6%99%A8%E6%92%B8%E4%B8%B2&ie=utf-8&rsv_cq=%E6%AF%94%E7%89%B9%E5%B8%81%E4%B8%AD%E5%9B%BD%E5%B0%86%E5%81%9C%E4%BA%A4&rsv_dl=0_right_toplist_20811
2017-09-16 16:02:06,542 - [webpage_parser.py:63] - INFO - procotol:http, hostname:www.baidu.com, new_link:/s?tn=sitehao123_10_pg&usm=2&wd=%E6%97%A5%E4%BC%81%E5%91%A8%E4%BC%91%E4%B8%89%E6%97%A5&ie=utf-8&rsv_cq=%E6%AF%94%E7%89%B9%E5%B8%81%E4%B8%AD%E5%9B%BD%E5%B0%86%E5%81%9C%E4%BA%A4&rsv_dl=0_right_toplist_20811
2017-09-16 16:02:06,542 - [webpage_parser.py:63] - INFO - procotol:http, hostname:www.baidu.com, new_link:/s?tn=sitehao123_10_pg&usm=2&wd=%E5%B0%8F%E5%AD%A6%E7%94%9F%E8%8E%B7%E5%9B%BD%E5%AE%B6%E4%B8%93%E5%88%A9&ie=utf-8&rsv_cq=%E6%AF%94%E7%89%B9%E5%B8%81%E4%B8%AD%E5%9B%BD%E5%B0%86%E5%81%9C%E4%BA%A4&rsv_dl=0_right_toplist_20811
2017-09-16 16:02:06,542 - [webpage_parser.py:63] - INFO - procotol:http, hostname:www.baidu.com, new_link:/s?tn=sitehao123_10_pg&usm=2&wd=%E6%B2%89%E8%BF%B7%E6%B8%B8%E6%88%8F%E7%BD%91%E5%90%A7%E5%90%83%E4%BD%8F&ie=utf-8&rsv_cq=%E6%AF%94%E7%89%B9%E5%B8%81%E4%B8%AD%E5%9B%BD%E5%B0%86%E5%81%9C%E4%BA%A4&rsv_dl=0_right_toplist_20811
2017-09-16 16:02:06,543 - [webpage_parser.py:63] - INFO - procotol:http, hostname:www.baidu.com, new_link:/s?tn=sitehao123_10_pg&usm=2&wd=8%E5%A4%A9%E9%95%BF%E5%81%876%E5%9C%BA%E5%A9%9A%E7%A4%BC&ie=utf-8&rsv_cq=%E6%AF%94%E7%89%B9%E5%B8%81%E4%B8%AD%E5%9B%BD%E5%B0%86%E5%81%9C%E4%BA%A4&rsv_dl=0_right_toplist_20811
2017-09-16 16:02:06,543 - [webpage_parser.py:63] - INFO - procotol:http, hostname:www.baidu.com, new_link:/s?tn=sitehao123_10_pg&usm=2&wd=%E9%A9%AC%E4%BC%8A%E7%90%8D%E6%96%B0%E6%88%8F%E6%8E%A5%E9%95%BF%E5%8F%91&ie=utf-8&rsv_cq=%E6%AF%94%E7%89%B9%E5%B8%81%E4%B8%AD%E5%9B%BD%E5%B0%86%E5%81%9C%E4%BA%A4&rsv_dl=0_right_toplist_20811
2017-09-16 16:02:06,543 - [webpage_parser.py:63] - INFO - procotol:http, hostname:www.baidu.com, new_link:/s?tn=sitehao123_10_pg&usm=2&wd=%E9%AA%91%E5%8D%95%E8%BD%A6%E8%BA%AB%E4%BA%A1%E6%A1%88%E5%BC%80%E5%BA%AD&ie=utf-8&rsv_cq=%E6%AF%94%E7%89%B9%E5%B8%81%E4%B8%AD%E5%9B%BD%E5%B0%86%E5%81%9C%E4%BA%A4&rsv_dl=0_right_toplist_20811
2017-09-16 16:02:06,544 - [webpage_parser.py:63] - INFO - procotol:http, hostname:www.baidu.com, new_link:/s?tn=sitehao123_10_pg&usm=2&wd=ios11%E6%AD%A3%E5%BC%8F%E7%89%88&ie=utf-8&rsv_cq=%E6%AF%94%E7%89%B9%E5%B8%81%E4%B8%AD%E5%9B%BD%E5%B0%86%E5%81%9C%E4%BA%A4&rsv_dl=0_right_toplist_20811
2017-09-16 16:02:06,544 - [webpage_parser.py:63] - INFO - procotol:http, hostname:www.baidu.com, new_link:/s?tn=sitehao123_10_pg&usm=2&wd=%E6%9E%97%E6%9B%B4%E6%96%B0%E5%9B%9E%E5%BA%94%E8%A2%AB%E9%AA%82&ie=utf-8&rsv_cq=%E6%AF%94%E7%89%B9%E5%B8%81%E4%B8%AD%E5%9B%BD%E5%B0%86%E5%81%9C%E4%BA%A4&rsv_dl=0_right_toplist_20811
2017-09-16 16:02:06,544 - [webpage_parser.py:63] - INFO - procotol:http, hostname:www.baidu.com, new_link:/s?tn=sitehao123_10_pg&usm=2&wd=%E8%97%8F%E7%8D%92%E7%BB%8F%E6%B5%8E%E5%B4%A9%E7%9B%98&ie=utf-8&rsv_cq=%E6%AF%94%E7%89%B9%E5%B8%81%E4%B8%AD%E5%9B%BD%E5%B0%86%E5%81%9C%E4%BA%A4&rsv_dl=0_right_toplist_20811
2017-09-16 16:02:06,545 - [webpage_parser.py:63] - INFO - procotol:http, hostname:www.baidu.com, new_link:/s?tn=sitehao123_10_pg&usm=2&wd=%E6%96%B0%E5%8A%A0%E5%9D%A1%E9%A6%96%E4%BD%8D%E5%A5%B3%E6%80%BB%E7%BB%9F&ie=utf-8&rsv_cq=%E6%AF%94%E7%89%B9%E5%B8%81%E4%B8%AD%E5%9B%BD%E5%B0%86%E5%81%9C%E4%BA%A4&rsv_dl=0_right_toplist_20811
2017-09-16 16:02:06,545 - [webpage_parser.py:63] - INFO - procotol:http, hostname:www.baidu.com, new_link:/s?tn=sitehao123_10_pg&usm=2&wd=%E9%95%BF%E6%B1%9F%E5%8F%A3%E5%9E%83%E5%9C%BE%E5%80%BE%E5%80%92%E6%A1%88&ie=utf-8&rsv_cq=%E6%AF%94%E7%89%B9%E5%B8%81%E4%B8%AD%E5%9B%BD%E5%B0%86%E5%81%9C%E4%BA%A4&rsv_dl=0_right_toplist_20811
2017-09-16 16:02:06,545 - [webpage_parser.py:63] - INFO - procotol:http, hostname:www.baidu.com, new_link:/s?tn=sitehao123_10_pg&usm=2&wd=%E5%8D%81%E5%B2%81%E5%A5%B3%E7%AB%A5%E8%80%83%E4%B8%8A%E5%A4%A7%E4%B8%93&ie=utf-8&rsv_cq=%E6%AF%94%E7%89%B9%E5%B8%81%E4%B8%AD%E5%9B%BD%E5%B0%86%E5%81%9C%E4%BA%A4&rsv_dl=0_right_toplist_20811
2017-09-16 16:02:06,546 - [webpage_parser.py:63] - INFO - procotol:http, hostname:www.baidu.com, new_link:/s?tn=sitehao123_10_pg&usm=2&wd=%E5%8F%8C%E5%8F%B0%E9%A3%8E%E7%BB%93%E5%AF%B9%E6%9D%A5%E8%A2%AD&ie=utf-8&rsv_cq=%E6%AF%94%E7%89%B9%E5%B8%81%E4%B8%AD%E5%9B%BD%E5%B0%86%E5%81%9C%E4%BA%A4&rsv_dl=0_right_toplist_20811
2017-09-16 16:02:06,546 - [webpage_parser.py:63] - INFO - procotol:http, hostname:www.baidu.com, new_link:/s?tn=sitehao123_10_pg&usm=2&wd=%E4%BA%AC%E4%B8%9C%E8%BF%9B%E5%86%9B%E6%88%BF%E5%9C%B0%E4%BA%A7&ie=utf-8&rsv_cq=%E6%AF%94%E7%89%B9%E5%B8%81%E4%B8%AD%E5%9B%BD%E5%B0%86%E5%81%9C%E4%BA%A4&rsv_dl=0_right_toplist_20811
2017-09-16 16:02:06,546 - [webpage_parser.py:63] - INFO - procotol:http, hostname:www.baidu.com, new_link:/s?tn=sitehao123_10_pg&usm=2&wd=%E6%AF%94%E7%89%B9%E5%B8%81%E4%B8%AD%E5%9B%BD%E5%B0%86%E5%85%B3%E5%81%9C&ie=utf-8&rsv_cq=%E6%AF%94%E7%89%B9%E5%B8%81%E4%B8%AD%E5%9B%BD%E5%B0%86%E5%81%9C%E4%BA%A4&rsv_dl=0_right_toplist_20811
2017-09-16 16:02:06,547 - [webpage_parser.py:63] - INFO - procotol:http, hostname:www.baidu.com, new_link:/s?tn=sitehao123_10_pg&usm=2&wd=%E4%BC%A0%E5%A5%87%E5%A4%A7%E7%86%8A%E7%8C%AB%E5%8E%BB%E4%B8%96&ie=utf-8&rsv_cq=%E6%AF%94%E7%89%B9%E5%B8%81%E4%B8%AD%E5%9B%BD%E5%B0%86%E5%81%9C%E4%BA%A4&rsv_dl=0_right_toplist_20811
2017-09-16 16:02:06,549 - [webpage_parser.py:63] - INFO - procotol:http, hostname:www.baidu.com, new_link:/s?wd=%E6%AF%94%E7%89%B9%E5%B8%81%E4%B8%AD%E5%9B%BD%E5%81%9C%E6%AD%A2%E4%BA%A4%E6%98%93&rsf=9&rsp=0&f=1&oq=%E6%AF%94%E7%89%B9%E5%B8%81%E4%B8%AD%E5%9B%BD%E5%B0%86%E5%81%9C%E4%BA%A4&tn=sitehao123_10_pg&ie=utf-8&usm=2&rsv_pq=db3c426f00010579&rsv_t=287aIiwsDWGL88oRYaPRU%2B%2Fcjcx%2B3goEBdsUAZxlVwiZWN78NjCjKOTKApIq7Ke1hG1smSDNBw&rqlang=cn&rs_src=0&rsv_pq=db3c426f00010579&rsv_t=287aIiwsDWGL88oRYaPRU%2B%2Fcjcx%2B3goEBdsUAZxlVwiZWN78NjCjKOTKApIq7Ke1hG1smSDNBw
2017-09-16 16:02:06,549 - [webpage_parser.py:63] - INFO - procotol:http, hostname:www.baidu.com, new_link:/s?wd=%E6%AF%94%E7%89%B9%E5%B8%81%E5%81%9C%E6%AD%A2%E4%BA%A4%E6%98%93&rsf=9&rsp=1&f=1&oq=%E6%AF%94%E7%89%B9%E5%B8%81%E4%B8%AD%E5%9B%BD%E5%B0%86%E5%81%9C%E4%BA%A4&tn=sitehao123_10_pg&ie=utf-8&usm=2&rsv_pq=db3c426f00010579&rsv_t=287aIiwsDWGL88oRYaPRU%2B%2Fcjcx%2B3goEBdsUAZxlVwiZWN78NjCjKOTKApIq7Ke1hG1smSDNBw&rqlang=cn&rs_src=0&rsv_pq=db3c426f00010579&rsv_t=287aIiwsDWGL88oRYaPRU%2B%2Fcjcx%2B3goEBdsUAZxlVwiZWN78NjCjKOTKApIq7Ke1hG1smSDNBw
2017-09-16 16:02:06,550 - [webpage_parser.py:63] - INFO - procotol:http, hostname:www.baidu.com, new_link:/s?wd=%E6%AF%94%E7%89%B9%E5%B8%81%E6%9A%82%E5%81%9C%E4%BA%A4%E6%98%93&rsf=9&rsp=2&f=1&oq=%E6%AF%94%E7%89%B9%E5%B8%81%E4%B8%AD%E5%9B%BD%E5%B0%86%E5%81%9C%E4%BA%A4&tn=sitehao123_10_pg&ie=utf-8&usm=2&rsv_pq=db3c426f00010579&rsv_t=287aIiwsDWGL88oRYaPRU%2B%2Fcjcx%2B3goEBdsUAZxlVwiZWN78NjCjKOTKApIq7Ke1hG1smSDNBw&rqlang=cn&rs_src=0&rsv_pq=db3c426f00010579&rsv_t=287aIiwsDWGL88oRYaPRU%2B%2Fcjcx%2B3goEBdsUAZxlVwiZWN78NjCjKOTKApIq7Ke1hG1smSDNBw
2017-09-16 16:02:06,550 - [webpage_parser.py:63] - INFO - procotol:http, hostname:www.baidu.com, new_link:/s?wd=%E6%97%A5%E6%9C%AC%E6%9A%82%E5%81%9C%E6%AF%94%E7%89%B9%E5%B8%81%E4%BA%A4%E6%98%93&rsf=9&rsp=3&f=1&oq=%E6%AF%94%E7%89%B9%E5%B8%81%E4%B8%AD%E5%9B%BD%E5%B0%86%E5%81%9C%E4%BA%A4&tn=sitehao123_10_pg&ie=utf-8&usm=2&rsv_pq=db3c426f00010579&rsv_t=287aIiwsDWGL88oRYaPRU%2B%2Fcjcx%2B3goEBdsUAZxlVwiZWN78NjCjKOTKApIq7Ke1hG1smSDNBw&rqlang=cn&rs_src=0&rsv_pq=db3c426f00010579&rsv_t=287aIiwsDWGL88oRYaPRU%2B%2Fcjcx%2B3goEBdsUAZxlVwiZWN78NjCjKOTKApIq7Ke1hG1smSDNBw
2017-09-16 16:02:06,550 - [webpage_parser.py:63] - INFO - procotol:http, hostname:www.baidu.com, new_link:/s?wd=%E6%97%A5%E6%9C%AC%E5%81%9C%E6%AD%A2%E6%AF%94%E7%89%B9%E5%B8%81%E4%BA%A4%E6%98%93&rsf=9&rsp=4&f=1&oq=%E6%AF%94%E7%89%B9%E5%B8%81%E4%B8%AD%E5%9B%BD%E5%B0%86%E5%81%9C%E4%BA%A4&tn=sitehao123_10_pg&ie=utf-8&usm=2&rsv_pq=db3c426f00010579&rsv_t=287aIiwsDWGL88oRYaPRU%2B%2Fcjcx%2B3goEBdsUAZxlVwiZWN78NjCjKOTKApIq7Ke1hG1smSDNBw&rqlang=cn&rs_src=0&rsv_pq=db3c426f00010579&rsv_t=287aIiwsDWGL88oRYaPRU%2B%2Fcjcx%2B3goEBdsUAZxlVwiZWN78NjCjKOTKApIq7Ke1hG1smSDNBw
2017-09-16 16:02:06,551 - [webpage_parser.py:63] - INFO - procotol:http, hostname:www.baidu.com, new_link:/s?wd=%E6%AF%94%E7%89%B9%E5%B8%81%E6%9C%88%E5%BA%95%E5%81%9C%E6%AD%A2%E4%BA%A4%E6%98%93&rsf=9&rsp=5&f=1&oq=%E6%AF%94%E7%89%B9%E5%B8%81%E4%B8%AD%E5%9B%BD%E5%B0%86%E5%81%9C%E4%BA%A4&tn=sitehao123_10_pg&ie=utf-8&usm=2&rsv_pq=db3c426f00010579&rsv_t=287aIiwsDWGL88oRYaPRU%2B%2Fcjcx%2B3goEBdsUAZxlVwiZWN78NjCjKOTKApIq7Ke1hG1smSDNBw&rqlang=cn&rs_src=0&rsv_pq=db3c426f00010579&rsv_t=287aIiwsDWGL88oRYaPRU%2B%2Fcjcx%2B3goEBdsUAZxlVwiZWN78NjCjKOTKApIq7Ke1hG1smSDNBw
2017-09-16 16:02:06,551 - [webpage_parser.py:63] - INFO - procotol:http, hostname:www.baidu.com, new_link:/s?wd=%E7%BE%8E%E5%9B%BD%E6%9A%82%E5%81%9C%E6%AF%94%E7%89%B9%E5%B8%81%E4%BA%A4%E6%98%93&rsf=9&rsp=6&f=1&oq=%E6%AF%94%E7%89%B9%E5%B8%81%E4%B8%AD%E5%9B%BD%E5%B0%86%E5%81%9C%E4%BA%A4&tn=sitehao123_10_pg&ie=utf-8&usm=2&rsv_pq=db3c426f00010579&rsv_t=287aIiwsDWGL88oRYaPRU%2B%2Fcjcx%2B3goEBdsUAZxlVwiZWN78NjCjKOTKApIq7Ke1hG1smSDNBw&rqlang=cn&rs_src=0&rsv_pq=db3c426f00010579&rsv_t=287aIiwsDWGL88oRYaPRU%2B%2Fcjcx%2B3goEBdsUAZxlVwiZWN78NjCjKOTKApIq7Ke1hG1smSDNBw
2017-09-16 16:02:06,551 - [webpage_parser.py:63] - INFO - procotol:http, hostname:www.baidu.com, new_link:/s?wd=%E6%AF%94%E7%89%B9%E5%B8%81%E5%88%86%E5%8F%89%E6%9A%82%E5%81%9C%E4%BA%A4%E6%98%93&rsf=9&rsp=7&f=1&oq=%E6%AF%94%E7%89%B9%E5%B8%81%E4%B8%AD%E5%9B%BD%E5%B0%86%E5%81%9C%E4%BA%A4&tn=sitehao123_10_pg&ie=utf-8&usm=2&rsv_pq=db3c426f00010579&rsv_t=287aIiwsDWGL88oRYaPRU%2B%2Fcjcx%2B3goEBdsUAZxlVwiZWN78NjCjKOTKApIq7Ke1hG1smSDNBw&rqlang=cn&rs_src=0&rsv_pq=db3c426f00010579&rsv_t=287aIiwsDWGL88oRYaPRU%2B%2Fcjcx%2B3goEBdsUAZxlVwiZWN78NjCjKOTKApIq7Ke1hG1smSDNBw
2017-09-16 16:02:06,552 - [webpage_parser.py:63] - INFO - procotol:http, hostname:www.baidu.com, new_link:/s?wd=%E6%AF%94%E7%89%B9%E5%B8%81%E4%B8%AD%E5%9B%BD%E4%BA%A4%E6%98%93%E5%B9%B3%E5%8F%B0&rsf=9&rsp=8&f=1&oq=%E6%AF%94%E7%89%B9%E5%B8%81%E4%B8%AD%E5%9B%BD%E5%B0%86%E5%81%9C%E4%BA%A4&tn=sitehao123_10_pg&ie=utf-8&usm=2&rsv_pq=db3c426f00010579&rsv_t=287aIiwsDWGL88oRYaPRU%2B%2Fcjcx%2B3goEBdsUAZxlVwiZWN78NjCjKOTKApIq7Ke1hG1smSDNBw&rqlang=cn&rs_src=0&rsv_pq=db3c426f00010579&rsv_t=287aIiwsDWGL88oRYaPRU%2B%2Fcjcx%2B3goEBdsUAZxlVwiZWN78NjCjKOTKApIq7Ke1hG1smSDNBw
2017-09-16 16:02:06,552 - [webpage_parser.py:63] - INFO - procotol:http, hostname:www.baidu.com, new_link:/s?wd=%E6%AF%94%E7%89%B9%E5%B8%81%E4%B8%AD%E5%9B%BD%E5%B0%86%E5%81%9C%E4%BA%A4&pn=10&oq=%E6%AF%94%E7%89%B9%E5%B8%81%E4%B8%AD%E5%9B%BD%E5%B0%86%E5%81%9C%E4%BA%A4&tn=sitehao123_10_pg&ie=utf-8&usm=2&rsv_pq=db3c426f00010579&rsv_t=287aIiwsDWGL88oRYaPRU%2B%2Fcjcx%2B3goEBdsUAZxlVwiZWN78NjCjKOTKApIq7Ke1hG1smSDNBw
2017-09-16 16:02:06,552 - [webpage_parser.py:63] - INFO - procotol:http, hostname:www.baidu.com, new_link:/s?wd=%E6%AF%94%E7%89%B9%E5%B8%81%E4%B8%AD%E5%9B%BD%E5%B0%86%E5%81%9C%E4%BA%A4&pn=20&oq=%E6%AF%94%E7%89%B9%E5%B8%81%E4%B8%AD%E5%9B%BD%E5%B0%86%E5%81%9C%E4%BA%A4&tn=sitehao123_10_pg&ie=utf-8&usm=2&rsv_pq=db3c426f00010579&rsv_t=287aIiwsDWGL88oRYaPRU%2B%2Fcjcx%2B3goEBdsUAZxlVwiZWN78NjCjKOTKApIq7Ke1hG1smSDNBw
2017-09-16 16:02:06,553 - [webpage_parser.py:63] - INFO - procotol:http, hostname:www.baidu.com, new_link:/s?wd=%E6%AF%94%E7%89%B9%E5%B8%81%E4%B8%AD%E5%9B%BD%E5%B0%86%E5%81%9C%E4%BA%A4&pn=30&oq=%E6%AF%94%E7%89%B9%E5%B8%81%E4%B8%AD%E5%9B%BD%E5%B0%86%E5%81%9C%E4%BA%A4&tn=sitehao123_10_pg&ie=utf-8&usm=2&rsv_pq=db3c426f00010579&rsv_t=287aIiwsDWGL88oRYaPRU%2B%2Fcjcx%2B3goEBdsUAZxlVwiZWN78NjCjKOTKApIq7Ke1hG1smSDNBw
2017-09-16 16:02:06,553 - [webpage_parser.py:63] - INFO - procotol:http, hostname:www.baidu.com, new_link:/s?wd=%E6%AF%94%E7%89%B9%E5%B8%81%E4%B8%AD%E5%9B%BD%E5%B0%86%E5%81%9C%E4%BA%A4&pn=40&oq=%E6%AF%94%E7%89%B9%E5%B8%81%E4%B8%AD%E5%9B%BD%E5%B0%86%E5%81%9C%E4%BA%A4&tn=sitehao123_10_pg&ie=utf-8&usm=2&rsv_pq=db3c426f00010579&rsv_t=287aIiwsDWGL88oRYaPRU%2B%2Fcjcx%2B3goEBdsUAZxlVwiZWN78NjCjKOTKApIq7Ke1hG1smSDNBw
2017-09-16 16:02:06,554 - [webpage_parser.py:63] - INFO - procotol:http, hostname:www.baidu.com, new_link:/s?wd=%E6%AF%94%E7%89%B9%E5%B8%81%E4%B8%AD%E5%9B%BD%E5%B0%86%E5%81%9C%E4%BA%A4&pn=50&oq=%E6%AF%94%E7%89%B9%E5%B8%81%E4%B8%AD%E5%9B%BD%E5%B0%86%E5%81%9C%E4%BA%A4&tn=sitehao123_10_pg&ie=utf-8&usm=2&rsv_pq=db3c426f00010579&rsv_t=287aIiwsDWGL88oRYaPRU%2B%2Fcjcx%2B3goEBdsUAZxlVwiZWN78NjCjKOTKApIq7Ke1hG1smSDNBw
2017-09-16 16:02:06,554 - [webpage_parser.py:63] - INFO - procotol:http, hostname:www.baidu.com, new_link:/s?wd=%E6%AF%94%E7%89%B9%E5%B8%81%E4%B8%AD%E5%9B%BD%E5%B0%86%E5%81%9C%E4%BA%A4&pn=60&oq=%E6%AF%94%E7%89%B9%E5%B8%81%E4%B8%AD%E5%9B%BD%E5%B0%86%E5%81%9C%E4%BA%A4&tn=sitehao123_10_pg&ie=utf-8&usm=2&rsv_pq=db3c426f00010579&rsv_t=287aIiwsDWGL88oRYaPRU%2B%2Fcjcx%2B3goEBdsUAZxlVwiZWN78NjCjKOTKApIq7Ke1hG1smSDNBw
2017-09-16 16:02:06,554 - [webpage_parser.py:63] - INFO - procotol:http, hostname:www.baidu.com, new_link:/s?wd=%E6%AF%94%E7%89%B9%E5%B8%81%E4%B8%AD%E5%9B%BD%E5%B0%86%E5%81%9C%E4%BA%A4&pn=70&oq=%E6%AF%94%E7%89%B9%E5%B8%81%E4%B8%AD%E5%9B%BD%E5%B0%86%E5%81%9C%E4%BA%A4&tn=sitehao123_10_pg&ie=utf-8&usm=2&rsv_pq=db3c426f00010579&rsv_t=287aIiwsDWGL88oRYaPRU%2B%2Fcjcx%2B3goEBdsUAZxlVwiZWN78NjCjKOTKApIq7Ke1hG1smSDNBw
2017-09-16 16:02:06,555 - [webpage_parser.py:63] - INFO - procotol:http, hostname:www.baidu.com, new_link:/s?wd=%E6%AF%94%E7%89%B9%E5%B8%81%E4%B8%AD%E5%9B%BD%E5%B0%86%E5%81%9C%E4%BA%A4&pn=80&oq=%E6%AF%94%E7%89%B9%E5%B8%81%E4%B8%AD%E5%9B%BD%E5%B0%86%E5%81%9C%E4%BA%A4&tn=sitehao123_10_pg&ie=utf-8&usm=2&rsv_pq=db3c426f00010579&rsv_t=287aIiwsDWGL88oRYaPRU%2B%2Fcjcx%2B3goEBdsUAZxlVwiZWN78NjCjKOTKApIq7Ke1hG1smSDNBw
2017-09-16 16:02:06,555 - [webpage_parser.py:63] - INFO - procotol:http, hostname:www.baidu.com, new_link:/s?wd=%E6%AF%94%E7%89%B9%E5%B8%81%E4%B8%AD%E5%9B%BD%E5%B0%86%E5%81%9C%E4%BA%A4&pn=90&oq=%E6%AF%94%E7%89%B9%E5%B8%81%E4%B8%AD%E5%9B%BD%E5%B0%86%E5%81%9C%E4%BA%A4&tn=sitehao123_10_pg&ie=utf-8&usm=2&rsv_pq=db3c426f00010579&rsv_t=287aIiwsDWGL88oRYaPRU%2B%2Fcjcx%2B3goEBdsUAZxlVwiZWN78NjCjKOTKApIq7Ke1hG1smSDNBw
2017-09-16 16:02:06,556 - [webpage_parser.py:63] - INFO - procotol:http, hostname:www.baidu.com, new_link:/s?wd=%E6%AF%94%E7%89%B9%E5%B8%81%E4%B8%AD%E5%9B%BD%E5%B0%86%E5%81%9C%E4%BA%A4&pn=10&oq=%E6%AF%94%E7%89%B9%E5%B8%81%E4%B8%AD%E5%9B%BD%E5%B0%86%E5%81%9C%E4%BA%A4&tn=sitehao123_10_pg&ie=utf-8&usm=2&rsv_pq=db3c426f00010579&rsv_t=287aIiwsDWGL88oRYaPRU%2B%2Fcjcx%2B3goEBdsUAZxlVwiZWN78NjCjKOTKApIq7Ke1hG1smSDNBw&rsv_page=1
2017-09-16 16:02:06,558 - [webpage_parser.py:63] - INFO - procotol:http, hostname:www.baidu.com, new_link:javascript:;
2017-09-16 16:02:06,566 - [webpage_saver.py:45] - INFO - url http://www.baidu.com/s?word=%E6%AF%94%E7%89%B9%E5%B8%81%E4%B8%AD%E5%9B%BD%E5%B0%86%E5%81%9C%E4%BA%A4&tn=sitehao123_10_pg&ie=utf-8 is not match
2017-09-16 16:02:06,843 - [webpage_parser.py:63] - INFO - procotol:https, hostname:tieba.baidu.com, new_link:/
2017-09-16 16:02:06,844 - [webpage_parser.py:63] - INFO - procotol:https, hostname:tieba.baidu.com, new_link:/f/index/forumpark?pcn=娱乐明星&pci=0&ct=1&rn=20&pn=1
2017-09-16 16:02:06,845 - [webpage_parser.py:63] - INFO - procotol:https, hostname:tieba.baidu.com, new_link:/f/index/forumpark?cn=港台东南亚明星&ci=0&pcn=娱乐明星&pci=0&ct=1&rn=20&pn=1
2017-09-16 16:02:06,845 - [webpage_parser.py:63] - INFO - procotol:https, hostname:tieba.baidu.com, new_link:/f/index/forumpark?cn=内地明星&ci=0&pcn=娱乐明星&pci=0&ct=1&rn=20&pn=1
2017-09-16 16:02:06,845 - [webpage_parser.py:63] - INFO - procotol:https, hostname:tieba.baidu.com, new_link:/f/index/forumpark?cn=韩国明星&ci=0&pcn=娱乐明星&pci=0&ct=1&rn=20&pn=1
2017-09-16 16:02:06,846 - [webpage_parser.py:63] - INFO - procotol:https, hostname:tieba.baidu.com, new_link:/f/index/forumpark?cn=日本明星&ci=0&pcn=娱乐明星&pci=0&ct=1&rn=20&pn=1
2017-09-16 16:02:06,846 - [webpage_parser.py:63] - INFO - procotol:https, hostname:tieba.baidu.com, new_link:/f/index/forumpark?cn=时尚人物&ci=0&pcn=娱乐明星&pci=0&ct=1&rn=20&pn=1
2017-09-16 16:02:06,846 - [webpage_parser.py:63] - INFO - procotol:https, hostname:tieba.baidu.com, new_link:/f/index/forumpark?cn=欧美明星&ci=0&pcn=娱乐明星&pci=0&ct=1&rn=20&pn=1
2017-09-16 16:02:06,847 - [webpage_parser.py:63] - INFO - procotol:https, hostname:tieba.baidu.com, new_link:/f/index/forumpark?cn=主持人&ci=0&pcn=娱乐明星&pci=0&ct=1&rn=20&pn=1
2017-09-16 16:02:06,847 - [webpage_parser.py:63] - INFO - procotol:https, hostname:tieba.baidu.com, new_link:/f/index/forumpark?cn=其他娱乐明星&ci=0&pcn=娱乐明星&pci=0&ct=1&rn=20&pn=1
2017-09-16 16:02:06,848 - [webpage_parser.py:63] - INFO - procotol:https, hostname:tieba.baidu.com, new_link:/f/index/forumpark?pcn=电视节目&pci=0&ct=1&rn=20&pn=1
2017-09-16 16:02:06,848 - [webpage_parser.py:63] - INFO - procotol:https, hostname:tieba.baidu.com, new_link:/f/index/forumpark?cn=内地综艺&ci=0&pcn=电视节目&pci=0&ct=1&rn=20&pn=1
2017-09-16 16:02:06,848 - [webpage_parser.py:63] - INFO - procotol:https, hostname:tieba.baidu.com, new_link:/f/index/forumpark?cn=台湾综艺&ci=0&pcn=电视节目&pci=0&ct=1&rn=20&pn=1
2017-09-16 16:02:06,849 - [webpage_parser.py:63] - INFO - procotol:https, hostname:tieba.baidu.com, new_link:/f/index/forumpark?cn=韩国综艺&ci=0&pcn=电视节目&pci=0&ct=1&rn=20&pn=1
2017-09-16 16:02:06,849 - [webpage_parser.py:63] - INFO - procotol:https, hostname:tieba.baidu.com, new_link:/f/index/forumpark?cn=时尚·生活服务&ci=0&pcn=电视节目&pci=0&ct=1&rn=20&pn=1
2017-09-16 16:02:06,849 - [webpage_parser.py:63] - INFO - procotol:https, hostname:tieba.baidu.com, new_link:/f/index/forumpark?cn=体育运动·健身&ci=0&pcn=电视节目&pci=0&ct=1&rn=20&pn=1
2017-09-16 16:02:06,850 - [webpage_parser.py:63] - INFO - procotol:https, hostname:tieba.baidu.com, new_link:/f/index/forumpark?cn=财经·职场&ci=0&pcn=电视节目&pci=0&ct=1&rn=20&pn=1
2017-09-16 16:02:06,850 - [webpage_parser.py:63] - INFO - procotol:https, hostname:tieba.baidu.com, new_link:/f/index/forumpark?cn=新闻资讯&ci=0&pcn=电视节目&pci=0&ct=1&rn=20&pn=1
2017-09-16 16:02:06,850 - [webpage_parser.py:63] - INFO - procotol:https, hostname:tieba.baidu.com, new_link:/f/index/forumpark?cn=电视台及频道&ci=0&pcn=电视节目&pci=0&ct=1&rn=20&pn=1
2017-09-16 16:02:06,850 - [webpage_parser.py:63] - INFO - procotol:https, hostname:tieba.baidu.com, new_link:/f/index/forumpark?pcn=电视剧&pci=0&ct=1&rn=20&pn=1
2017-09-16 16:02:06,851 - [webpage_parser.py:63] - INFO - procotol:https, hostname:tieba.baidu.com, new_link:/f/index/forumpark?cn=韩国电视剧&ci=0&pcn=电视剧&pci=0&ct=1&rn=20&pn=1
2017-09-16 16:02:06,851 - [webpage_parser.py:63] - INFO - procotol:https, hostname:tieba.baidu.com, new_link:/f/index/forumpark?cn=香港电视剧&ci=0&pcn=电视剧&pci=0&ct=1&rn=20&pn=1
2017-09-16 16:02:06,852 - [webpage_parser.py:63] - INFO - procotol:https, hostname:tieba.baidu.com, new_link:/f/index/forumpark?cn=美剧&ci=0&pcn=电视剧&pci=0&ct=1&rn=20&pn=1
2017-09-16 16:02:06,852 - [webpage_parser.py:63] - INFO - procotol:https, hostname:tieba.baidu.com, new_link:/f/index/forumpark?cn=日本电视剧&ci=0&pcn=电视剧&pci=0&ct=1&rn=20&pn=1
2017-09-16 16:02:06,852 - [webpage_parser.py:63] - INFO - procotol:https, hostname:tieba.baidu.com, new_link:/f/index/forumpark?cn=内地电视剧&ci=0&pcn=电视剧&pci=0&ct=1&rn=20&pn=1
2017-09-16 16:02:06,853 - [webpage_parser.py:63] - INFO - procotol:https, hostname:tieba.baidu.com, new_link:/f/index/forumpark?cn=台湾电视剧&ci=0&pcn=电视剧&pci=0&ct=1&rn=20&pn=1
2017-09-16 16:02:06,853 - [webpage_parser.py:63] - INFO - procotol:https, hostname:tieba.baidu.com, new_link:/f/index/forumpark?cn=东南亚电视剧&ci=0&pcn=电视剧&pci=0&ct=1&rn=20&pn=1
2017-09-16 16:02:06,853 - [webpage_parser.py:63] - INFO - procotol:https, hostname:tieba.baidu.com, new_link:/f/index/forumpark?cn=其他地区电视剧&ci=0&pcn=电视剧&pci=0&ct=1&rn=20&pn=1
2017-09-16 16:02:06,854 - [webpage_parser.py:63] - INFO - procotol:https, hostname:tieba.baidu.com, new_link:/f/index/forumpark?pcn=电影&pci=0&ct=1&rn=20&pn=1
2017-09-16 16:02:06,854 - [webpage_parser.py:63] - INFO - procotol:https, hostname:tieba.baidu.com, new_link:/f/index/forumpark?cn=香港电影&ci=0&pcn=电影&pci=0&ct=1&rn=20&pn=1
2017-09-16 16:02:06,854 - [webpage_parser.py:63] - INFO - procotol:https, hostname:tieba.baidu.com, new_link:/f/index/forumpark?cn=欧美电影&ci=0&pcn=电影&pci=0&ct=1&rn=20&pn=1
2017-09-16 16:02:06,855 - [webpage_parser.py:63] - INFO - procotol:https, hostname:tieba.baidu.com, new_link:/f/index/forumpark?cn=内地电影&ci=0&pcn=电影&pci=0&ct=1&rn=20&pn=1
2017-09-16 16:02:06,855 - [webpage_parser.py:63] - INFO - procotol:https, hostname:tieba.baidu.com, new_link:/f/index/forumpark?cn=韩国电影&ci=0&pcn=电影&pci=0&ct=1&rn=20&pn=1
2017-09-16 16:02:06,855 - [webpage_parser.py:63] - INFO - procotol:https, hostname:tieba.baidu.com, new_link:/f/index/forumpark?cn=日本电影&ci=0&pcn=电影&pci=0&ct=1&rn=20&pn=1
2017-09-16 16:02:06,856 - [webpage_parser.py:63] - INFO - procotol:https, hostname:tieba.baidu.com, new_link:/f/index/forumpark?cn=台湾电影&ci=0&pcn=电影&pci=0&ct=1&rn=20&pn=1
2017-09-16 16:02:06,856 - [webpage_parser.py:63] - INFO - procotol:https, hostname:tieba.baidu.com, new_link:/f/index/forumpark?cn=电影话题&ci=0&pcn=电影&pci=0&ct=1&rn=20&pn=1
2017-09-16 16:02:06,856 - [webpage_parser.py:63] - INFO - procotol:https, hostname:tieba.baidu.com, new_link:/f/index/forumpark?cn=东南亚电影&ci=0&pcn=电影&pci=0&ct=1&rn=20&pn=1
2017-09-16 16:02:06,857 - [webpage_parser.py:63] - INFO - procotol:https, hostname:tieba.baidu.com, new_link:/f/index/forumpark?pcn=体育迷&pci=275&ct=0&rn=20&pn=1
2017-09-16 16:02:06,857 - [webpage_parser.py:63] - INFO - procotol:https, hostname:tieba.baidu.com, new_link:/f/index/forumpark?cn=足球&ci=276&pcn=体育迷&pci=275&ct=0&rn=20&pn=1
2017-09-16 16:02:06,857 - [webpage_parser.py:63] - INFO - procotol:https, hostname:tieba.baidu.com, new_link:/f/index/forumpark?cn=篮球&ci=277&pcn=体育迷&pci=275&ct=0&rn=20&pn=1
2017-09-16 16:02:06,858 - [webpage_parser.py:63] - INFO - procotol:https, hostname:tieba.baidu.com, new_link:/f/index/forumpark?cn=NBA&ci=278&pcn=体育迷&pci=275&ct=0&rn=20&pn=1
2017-09-16 16:02:06,858 - [webpage_parser.py:63] - INFO - procotol:https, hostname:tieba.baidu.com, new_link:/f/index/forumpark?cn=CBA&ci=279&pcn=体育迷&pci=275&ct=0&rn=20&pn=1
2017-09-16 16:02:06,859 - [webpage_parser.py:63] - INFO - procotol:https, hostname:tieba.baidu.com, new_link:/f/index/forumpark?cn=乒乓球&ci=280&pcn=体育迷&pci=275&ct=0&rn=20&pn=1
2017-09-16 16:02:06,859 - [webpage_parser.py:63] - INFO - procotol:https, hostname:tieba.baidu.com, new_link:/f/index/forumpark?cn=网球&ci=281&pcn=体育迷&pci=275&ct=0&rn=20&pn=1
2017-09-16 16:02:06,859 - [webpage_parser.py:63] - INFO - procotol:https, hostname:tieba.baidu.com, new_link:/f/index/forumpark?cn=舞蹈&ci=283&pcn=体育迷&pci=275&ct=0&rn=20&pn=1
2017-09-16 16:02:06,860 - [webpage_parser.py:63] - INFO - procotol:https, hostname:tieba.baidu.com, new_link:/f/index/forumpark?cn=健身&ci=284&pcn=体育迷&pci=275&ct=0&rn=20&pn=1
2017-09-16 16:02:06,860 - [webpage_parser.py:63] - INFO - procotol:https, hostname:tieba.baidu.com, new_link:/f/index/forumpark?pcn=小说&pci=161&ct=0&rn=20&pn=1
2017-09-16 16:02:06,860 - [webpage_parser.py:63] - INFO - procotol:https, hostname:tieba.baidu.com, new_link:/f/index/forumpark?cn=奇幻&ci=403&pcn=小说&pci=161&ct=0&rn=20&pn=1
2017-09-16 16:02:06,861 - [webpage_parser.py:63] - INFO - procotol:https, hostname:tieba.baidu.com, new_link:/f/index/forumpark?cn=言情&ci=177&pcn=小说&pci=161&ct=0&rn=20&pn=1
2017-09-16 16:02:06,861 - [webpage_parser.py:63] - INFO - procotol:https, hostname:tieba.baidu.com, new_link:/f/index/forumpark?cn=灵异&ci=404&pcn=小说&pci=161&ct=0&rn=20&pn=1
2017-09-16 16:02:06,861 - [webpage_parser.py:63] - INFO - procotol:https, hostname:tieba.baidu.com, new_link:/f/index/forumpark?cn=穿越&ci=162&pcn=小说&pci=161&ct=0&rn=20&pn=1
2017-09-16 16:02:06,862 - [webpage_parser.py:63] - INFO - procotol:https, hostname:tieba.baidu.com, new_link:/f/index/forumpark?cn=连载&ci=169&pcn=小说&pci=161&ct=0&rn=20&pn=1
2017-09-16 16:02:06,862 - [webpage_parser.py:63] - INFO - procotol:https, hostname:tieba.baidu.com, new_link:/f/index/forumpark?cn=修真&ci=412&pcn=小说&pci=161&ct=0&rn=20&pn=1
2017-09-16 16:02:06,862 - [webpage_parser.py:63] - INFO - procotol:https, hostname:tieba.baidu.com, new_link:/f/index/forumpark?cn=历史&ci=121&pcn=小说&pci=161&ct=0&rn=20&pn=1
2017-09-16 16:02:06,863 - [webpage_parser.py:63] - INFO - procotol:https, hostname:tieba.baidu.com, new_link:/f/index/forumpark?cn=架空文&ci=409&pcn=小说&pci=161&ct=0&rn=20&pn=1
2017-09-16 16:02:06,863 - [webpage_parser.py:63] - INFO - procotol:https, hostname:tieba.baidu.com, new_link:/f/index/forumpark?pcn=生活家&pci=214&ct=0&rn=20&pn=1
2017-09-16 16:02:06,863 - [webpage_parser.py:63] - INFO - procotol:https, hostname:tieba.baidu.com, new_link:/f/index/forumpark?cn=小而美&ci=244&pcn=生活家&pci=214&ct=0&rn=20&pn=1
2017-09-16 16:02:06,864 - [webpage_parser.py:63] - INFO - procotol:https, hostname:tieba.baidu.com, new_link:/f/index/forumpark?cn=DIY&ci=72&pcn=生活家&pci=214&ct=0&rn=20&pn=1
2017-09-16 16:02:06,864 - [webpage_parser.py:63] - INFO - procotol:https, hostname:tieba.baidu.com, new_link:/f/index/forumpark?cn=美食&ci=380&pcn=生活家&pci=214&ct=0&rn=20&pn=1
2017-09-16 16:02:06,864 - [webpage_parser.py:63] - INFO - procotol:https, hostname:tieba.baidu.com, new_link:/f/index/forumpark?cn=摄影&ci=82&pcn=生活家&pci=214&ct=0&rn=20&pn=1
2017-09-16 16:02:06,865 - [webpage_parser.py:63] - INFO - procotol:https, hostname:tieba.baidu.com, new_link:/f/index/forumpark?cn=旅行&ci=92&pcn=生活家&pci=214&ct=0&rn=20&pn=1
2017-09-16 16:02:06,865 - [webpage_parser.py:63] - INFO - procotol:https, hostname:tieba.baidu.com, new_link:/f/index/forumpark?cn=变美&ci=520&pcn=生活家&pci=214&ct=0&rn=20&pn=1
2017-09-16 16:02:06,865 - [webpage_parser.py:63] - INFO - procotol:https, hostname:tieba.baidu.com, new_link:/f/index/forumpark?cn=留学移民&ci=521&pcn=生活家&pci=214&ct=0&rn=20&pn=1
2017-09-16 16:02:06,866 - [webpage_parser.py:63] - INFO - procotol:https, hostname:tieba.baidu.com, new_link:/f/index/forumpark?cn=文玩&ci=522&pcn=生活家&pci=214&ct=0&rn=20&pn=1
2017-09-16 16:02:06,866 - [webpage_parser.py:63] - INFO - procotol:https, hostname:tieba.baidu.com, new_link:/f/index/forumpark?pcn=闲·趣&pci=429&ct=0&rn=20&pn=1
2017-09-16 16:02:06,866 - [webpage_parser.py:63] - INFO - procotol:https, hostname:tieba.baidu.com, new_link:/f/index/forumpark?cn=萌宠&ci=4&pcn=闲·趣&pci=429&ct=0&rn=20&pn=1
2017-09-16 16:02:06,867 - [webpage_parser.py:63] - INFO - procotol:https, hostname:tieba.baidu.com, new_link:/f/index/forumpark?cn=萝莉&ci=6&pcn=闲·趣&pci=429&ct=0&rn=20&pn=1
2017-09-16 16:02:06,867 - [webpage_parser.py:63] - INFO - procotol:https, hostname:tieba.baidu.com, new_link:/f/index/forumpark?cn=重口味&ci=257&pcn=闲·趣&pci=429&ct=0&rn=20&pn=1
2017-09-16 16:02:06,867 - [webpage_parser.py:63] - INFO - procotol:https, hostname:tieba.baidu.com, new_link:/f/index/forumpark?cn=吐槽&ci=152&pcn=闲·趣&pci=429&ct=0&rn=20&pn=1
2017-09-16 16:02:06,868 - [webpage_parser.py:63] - INFO - procotol:https, hostname:tieba.baidu.com, new_link:/f/index/forumpark?cn=恐怖&ci=255&pcn=闲·趣&pci=429&ct=0&rn=20&pn=1
2017-09-16 16:02:06,868 - [webpage_parser.py:63] - INFO - procotol:https, hostname:tieba.baidu.com, new_link:/f/index/forumpark?cn=星座&ci=263&pcn=闲·趣&pci=429&ct=0&rn=20&pn=1
2017-09-16 16:02:06,868 - [webpage_parser.py:63] - INFO - procotol:https, hostname:tieba.baidu.com, new_link:/f/index/forumpark?cn=爆料&ci=42&pcn=闲·趣&pci=429&ct=0&rn=20&pn=1
2017-09-16 16:02:06,869 - [webpage_parser.py:63] - INFO - procotol:https, hostname:tieba.baidu.com, new_link:/f/index/forumpark?cn=喵星人&ci=5&pcn=闲·趣&pci=429&ct=0&rn=20&pn=1
2017-09-16 16:02:06,869 - [webpage_parser.py:63] - INFO - procotol:https, hostname:tieba.baidu.com, new_link:/f/index/forumpark?pcn=游戏&pci=0&ct=1&rn=20&pn=1
2017-09-16 16:02:06,869 - [webpage_parser.py:63] - INFO - procotol:https, hostname:tieba.baidu.com, new_link:/f/index/forumpark?cn=客户端网游&ci=0&pcn=游戏&pci=0&ct=1&rn=20&pn=1
2017-09-16 16:02:06,870 - [webpage_parser.py:63] - INFO - procotol:https, hostname:tieba.baidu.com, new_link:/f/index/forumpark?cn=桌游&ci=0&pcn=游戏&pci=0&ct=1&rn=20&pn=1
2017-09-16 16:02:06,870 - [webpage_parser.py:63] - INFO - procotol:https, hostname:tieba.baidu.com, new_link:/f/index/forumpark?cn=游戏角色&ci=0&pcn=游戏&pci=0&ct=1&rn=20&pn=1
2017-09-16 16:02:06,870 - [webpage_parser.py:63] - INFO - procotol:https, hostname:tieba.baidu.com, new_link:/f/index/forumpark?cn=网页版网游&ci=0&pcn=游戏&pci=0&ct=1&rn=20&pn=1
2017-09-16 16:02:06,871 - [webpage_parser.py:63] - INFO - procotol:https, hostname:tieba.baidu.com, new_link:/f/index/forumpark?cn=手机游戏&ci=0&pcn=游戏&pci=0&ct=1&rn=20&pn=1
2017-09-16 16:02:06,871 - [webpage_parser.py:63] - INFO - procotol:https, hostname:tieba.baidu.com, new_link:/f/index/forumpark?cn=小游戏&ci=0&pcn=游戏&pci=0&ct=1&rn=20&pn=1
2017-09-16 16:02:06,871 - [webpage_parser.py:63] - INFO - procotol:https, hostname:tieba.baidu.com, new_link:/f/index/forumpark?cn=单机游戏&ci=0&pcn=游戏&pci=0&ct=1&rn=20&pn=1
2017-09-16 16:02:06,872 - [webpage_parser.py:63] - INFO - procotol:https, hostname:tieba.baidu.com, new_link:/f/index/forumpark?cn=掌机游戏&ci=0&pcn=游戏&pci=0&ct=1&rn=20&pn=1
2017-09-16 16:02:06,872 - [webpage_parser.py:63] - INFO - procotol:https, hostname:tieba.baidu.com, new_link:/f/index/forumpark?pcn=动漫宅&pci=206&ct=0&rn=20&pn=1
2017-09-16 16:02:06,872 - [webpage_parser.py:63] - INFO - procotol:https, hostname:tieba.baidu.com, new_link:/f/index/forumpark?cn=日本动漫&ci=312&pcn=动漫宅&pci=206&ct=0&rn=20&pn=1
2017-09-16 16:02:06,873 - [webpage_parser.py:63] - INFO - procotol:https, hostname:tieba.baidu.com, new_link:/f/index/forumpark?cn=国产动漫&ci=313&pcn=动漫宅&pci=206&ct=0&rn=20&pn=1
2017-09-16 16:02:06,873 - [webpage_parser.py:63] - INFO - procotol:https, hostname:tieba.baidu.com, new_link:/f/index/forumpark?cn=欧美动漫&ci=314&pcn=动漫宅&pci=206&ct=0&rn=20&pn=1
2017-09-16 16:02:06,873 - [webpage_parser.py:63] - INFO - procotol:https, hostname:tieba.baidu.com, new_link:/f/index/forumpark?cn=搞笑漫画&ci=319&pcn=动漫宅&pci=206&ct=0&rn=20&pn=1
2017-09-16 16:02:06,874 - [webpage_parser.py:63] - INFO - procotol:https, hostname:tieba.baidu.com, new_link:/f/index/forumpark?cn=热血动漫&ci=323&pcn=动漫宅&pci=206&ct=0&rn=20&pn=1
2017-09-16 16:02:06,874 - [webpage_parser.py:63] - INFO - procotol:https, hostname:tieba.baidu.com, new_link:/f/index/forumpark?cn=推理&ci=83&pcn=动漫宅&pci=206&ct=0&rn=20&pn=1
2017-09-16 16:02:06,874 - [webpage_parser.py:63] - INFO - procotol:https, hostname:tieba.baidu.com, new_link:/f/index/forumpark?cn=声优&ci=210&pcn=动漫宅&pci=206&ct=0&rn=20&pn=1
2017-09-16 16:02:06,875 - [webpage_parser.py:63] - INFO - procotol:https, hostname:tieba.baidu.com, new_link:/f/index/forumpark?cn=COS&ci=212&pcn=动漫宅&pci=206&ct=0&rn=20&pn=1
2017-09-16 16:02:06,875 - [webpage_parser.py:63] - INFO - procotol:https, hostname:tieba.baidu.com, new_link:/f/index/forumpark?pcn=高等院校&pci=0&ct=1&rn=20&pn=1
2017-09-16 16:02:06,875 - [webpage_parser.py:63] - INFO - procotol:https, hostname:tieba.baidu.com, new_link:/f/index/forumpark?cn=北京院校&ci=0&pcn=高等院校&pci=0&ct=1&rn=20&pn=1
2017-09-16 16:02:06,876 - [webpage_parser.py:63] - INFO - procotol:https, hostname:tieba.baidu.com, new_link:/f/index/forumpark?cn=山东院校&ci=0&pcn=高等院校&pci=0&ct=1&rn=20&pn=1
2017-09-16 16:02:06,876 - [webpage_parser.py:63] - INFO - procotol:https, hostname:tieba.baidu.com, new_link:/f/index/forumpark?cn=江苏院校&ci=0&pcn=高等院校&pci=0&ct=1&rn=20&pn=1
2017-09-16 16:02:06,876 - [webpage_parser.py:63] - INFO - procotol:https, hostname:tieba.baidu.com, new_link:/f/index/forumpark?cn=四川院校&ci=0&pcn=高等院校&pci=0&ct=1&rn=20&pn=1
2017-09-16 16:02:06,877 - [webpage_parser.py:63] - INFO - procotol:https, hostname:tieba.baidu.com, new_link:/f/index/forumpark?cn=湖北院校&ci=0&pcn=高等院校&pci=0&ct=1&rn=20&pn=1
2017-09-16 16:02:06,877 - [webpage_parser.py:63] - INFO - procotol:https, hostname:tieba.baidu.com, new_link:/f/index/forumpark?cn=河北院校&ci=0&pcn=高等院校&pci=0&ct=1&rn=20&pn=1
2017-09-16 16:02:06,877 - [webpage_parser.py:63] - INFO - procotol:https, hostname:tieba.baidu.com, new_link:/f/index/forumpark?cn=安徽院校&ci=0&pcn=高等院校&pci=0&ct=1&rn=20&pn=1
2017-09-16 16:02:06,878 - [webpage_parser.py:63] - INFO - procotol:https, hostname:tieba.baidu.com, new_link:/f/index/forumpark?cn=陕西院校&ci=0&pcn=高等院校&pci=0&ct=1&rn=20&pn=1
2017-09-16 16:02:06,878 - [webpage_parser.py:63] - INFO - procotol:https, hostname:tieba.baidu.com, new_link:/f/index/forumpark?pcn=地区&pci=0&ct=1&rn=20&pn=1
2017-09-16 16:02:06,878 - [webpage_parser.py:63] - INFO - procotol:https, hostname:tieba.baidu.com, new_link:/f/index/forumpark?cn=山东&ci=0&pcn=地区&pci=0&ct=1&rn=20&pn=1
2017-09-16 16:02:06,879 - [webpage_parser.py:63] - INFO - procotol:https, hostname:tieba.baidu.com, new_link:/f/index/forumpark?cn=河北&ci=0&pcn=地区&pci=0&ct=1&rn=20&pn=1
2017-09-16 16:02:06,879 - [webpage_parser.py:63] - INFO - procotol:https, hostname:tieba.baidu.com, new_link:/f/index/forumpark?cn=河南&ci=0&pcn=地区&pci=0&ct=1&rn=20&pn=1
2017-09-16 16:02:06,879 - [webpage_parser.py:63] - INFO - procotol:https, hostname:tieba.baidu.com, new_link:/f/index/forumpark?cn=山西&ci=0&pcn=地区&pci=0&ct=1&rn=20&pn=1
2017-09-16 16:02:06,880 - [webpage_parser.py:63] - INFO - procotol:https, hostname:tieba.baidu.com, new_link:/f/index/forumpark?cn=江苏&ci=0&pcn=地区&pci=0&ct=1&rn=20&pn=1
2017-09-16 16:02:06,880 - [webpage_parser.py:63] - INFO - procotol:https, hostname:tieba.baidu.com, new_link:/f/index/forumpark?cn=辽宁&ci=0&pcn=地区&pci=0&ct=1&rn=20&pn=1
2017-09-16 16:02:06,880 - [webpage_parser.py:63] - INFO - procotol:https, hostname:tieba.baidu.com, new_link:/f/index/forumpark?cn=四川&ci=0&pcn=地区&pci=0&ct=1&rn=20&pn=1
2017-09-16 16:02:06,881 - [webpage_parser.py:63] - INFO - procotol:https, hostname:tieba.baidu.com, new_link:/f/index/forumpark?cn=广东&ci=0&pcn=地区&pci=0&ct=1&rn=20&pn=1
2017-09-16 16:02:06,881 - [webpage_parser.py:63] - INFO - procotol:https, hostname:tieba.baidu.com, new_link:/f/index/forumpark?pcn=人文自然&pci=0&ct=1&rn=20&pn=1
2017-09-16 16:02:06,881 - [webpage_parser.py:63] - INFO - procotol:https, hostname:tieba.baidu.com, new_link:/f/index/forumpark?cn=艺术&ci=0&pcn=人文自然&pci=0&ct=1&rn=20&pn=1
2017-09-16 16:02:06,882 - [webpage_parser.py:63] - INFO - procotol:https, hostname:tieba.baidu.com, new_link:/f/index/forumpark?cn=军事&ci=0&pcn=人文自然&pci=0&ct=1&rn=20&pn=1
2017-09-16 16:02:06,882 - [webpage_parser.py:63] - INFO - procotol:https, hostname:tieba.baidu.com, new_link:/f/index/forumpark?cn=历史&ci=0&pcn=人文自然&pci=0&ct=1&rn=20&pn=1
2017-09-16 16:02:06,882 - [webpage_parser.py:63] - INFO - procotol:https, hostname:tieba.baidu.com, new_link:/f/index/forumpark?cn=自然&ci=0&pcn=人文自然&pci=0&ct=1&rn=20&pn=1
2017-09-16 16:02:06,883 - [webpage_parser.py:63] - INFO - procotol:https, hostname:tieba.baidu.com, new_link:/f/index/forumpark?cn=鉴赏收藏&ci=0&pcn=人文自然&pci=0&ct=1&rn=20&pn=1
2017-09-16 16:02:06,883 - [webpage_parser.py:63] - INFO - procotol:https, hostname:tieba.baidu.com, new_link:/f/index/forumpark?cn=民族文化&ci=0&pcn=人文自然&pci=0&ct=1&rn=20&pn=1
2017-09-16 16:02:06,883 - [webpage_parser.py:63] - INFO - procotol:https, hostname:tieba.baidu.com, new_link:/f/index/forumpark?cn=语言文化&ci=0&pcn=人文自然&pci=0&ct=1&rn=20&pn=1
2017-09-16 16:02:06,883 - [webpage_parser.py:63] - INFO - procotol:https, hostname:tieba.baidu.com, new_link:/f/index/forumclass
2017-09-16 16:02:06,884 - [webpage_parser.py:63] - INFO - procotol:https, hostname:tieba.baidu.com, new_link:/f?kw=%E7%94%BB%E6%B1%9F%E6%B9%96%E4%B9%8B%E6%8D%A2%E4%B8%96%E9%97%A8%E7%94%9F
2017-09-16 16:02:06,884 - [webpage_parser.py:63] - INFO - procotol:https, hostname:tieba.baidu.com, new_link:/f?kw=%E7%94%BB%E6%B1%9F%E6%B9%96%E4%B9%8B%E6%8D%A2%E4%B8%96%E9%97%A8%E7%94%9F
2017-09-16 16:02:06,884 - [webpage_parser.py:63] - INFO - procotol:https, hostname:tieba.baidu.com, new_link:/f?kw=%E7%A5%9E%E9%AC%BC%E4%BC%A0%E5%A5%87%E6%89%8B%E6%B8%B8
2017-09-16 16:02:06,885 - [webpage_parser.py:63] - INFO - procotol:https, hostname:tieba.baidu.com, new_link:/f?kw=%E7%A5%9E%E9%AC%BC%E4%BC%A0%E5%A5%87%E6%89%8B%E6%B8%B8
2017-09-16 16:02:06,885 - [webpage_parser.py:63] - INFO - procotol:https, hostname:tieba.baidu.com, new_link:/f?kw=%E5%8F%9B%E9%80%86%E7%9A%84%E5%8B%92%E9%B2%81%E4%BB%80
2017-09-16 16:02:06,885 - [webpage_parser.py:63] - INFO - procotol:https, hostname:tieba.baidu.com, new_link:/f?kw=%E5%8F%8D%E5%8F%9B%E7%9A%84%E9%B2%81%E8%B7%AF%E4%BF%AE
2017-09-16 16:02:06,886 - [webpage_parser.py:63] - INFO - procotol:https, hostname:tieba.baidu.com, new_link:/f?kw=%E6%9E%A2%E6%9C%A8%E6%9C%B1%E9%9B%80
2017-09-16 16:02:06,886 - [webpage_parser.py:63] - INFO - procotol:https, hostname:tieba.baidu.com, new_link:/f?kw=%E9%B2%81%E9%B2%81%E4%BF%AE
2017-09-16 16:02:06,887 - [webpage_parser.py:63] - INFO - procotol:https, hostname:tieba.baidu.com, new_link:/f?kw=c.c.
2017-09-16 16:02:06,887 - [webpage_parser.py:63] - INFO - procotol:https, hostname:tieba.baidu.com, new_link:/f?kw=%E5%8D%A1%E8%8E%B2.%E4%BC%91%E5%A6%B2%E8%8F%B2%E5%B0%94%E7%89%B9
2017-09-16 16:02:06,887 - [webpage_parser.py:63] - INFO - procotol:https, hostname:tieba.baidu.com, new_link:/f?kw=%E5%A4%8D%E6%B4%BB%E7%9A%84%E9%B2%81%E9%B2%81%E4%BF%AE
2017-09-16 16:02:06,888 - [webpage_parser.py:63] - INFO - procotol:https, hostname:tieba.baidu.com, new_link:/f?kw=%E9%B2%81%E8%B7%AF%E4%BF%AE
2017-09-16 16:02:06,888 - [webpage_parser.py:63] - INFO - procotol:https, hostname:tieba.baidu.com, new_link:/f?kw=lc%E7%8E%8B%E9%81%93
2017-09-16 16:02:06,888 - [webpage_parser.py:63] - INFO - procotol:https, hostname:tieba.baidu.com, new_link:/f?kw=%E6%9C%B1%E4%BF%AE
2017-09-16 16:02:06,889 - [webpage_parser.py:63] - INFO - procotol:https, hostname:tieba.baidu.com, new_link:/f?kw=%E5%B0%A4%E8%8F%B2%E7%B1%B3%E5%A8%85.li.%E5%B8%83%E9%87%8C%E5%A1%94%E5%B0%BC%E4%BA%9A
2017-09-16 16:02:06,889 - [webpage_parser.py:63] - INFO - procotol:https, hostname:tieba.baidu.com, new_link:/f?kw=%E4%BA%A1%E5%9B%BD%E7%9A%84%E9%98%BF%E5%9F%BA%E7%89%B9
2017-09-16 16:02:06,890 - [webpage_parser.py:63] - INFO - procotol:https, hostname:tieba.baidu.com, new_link:/f?kw=%E7%BA%A2%E8%B1%86%E7%88%B1%E9%98%BF%E7%BF%81
2017-09-16 16:02:06,890 - [webpage_parser.py:63] - INFO - procotol:https, hostname:tieba.baidu.com, new_link:/p/5315589173
2017-09-16 16:02:06,890 - [webpage_parser.py:63] - INFO - procotol:https, hostname:tieba.baidu.com, new_link:/home/main?un=%E6%99%93%E9%9B%BE%E6%84%81%E5%BD%BB&fr=index
2017-09-16 16:02:06,891 - [webpage_parser.py:63] - INFO - procotol:https, hostname:tieba.baidu.com, new_link:/f?kw=%E6%89%8B%E6%B8%B8%E5%85%88%E9%94%8B 
2017-09-16 16:02:06,891 - [webpage_parser.py:63] - INFO - procotol:https, hostname:tieba.baidu.com, new_link:/p/5320320013
2017-09-16 16:02:06,891 - [webpage_parser.py:63] - INFO - procotol:https, hostname:tieba.baidu.com, new_link:/home/main?un=%E8%B4%B4%E5%90%A7%E6%89%8B%E6%B8%B8%E5%85%88%E9%94%8B&fr=index
2017-09-16 16:02:06,892 - [webpage_parser.py:63] - INFO - procotol:https, hostname:tieba.baidu.com, new_link:/f?kw=%E7%88%B1%E7%8C%AB%E7%94%9F%E6%B4%BB 
2017-09-16 16:02:06,892 - [webpage_parser.py:63] - INFO - procotol:https, hostname:tieba.baidu.com, new_link:/p/5311315976
2017-09-16 16:02:06,892 - [webpage_parser.py:63] - INFO - procotol:https, hostname:tieba.baidu.com, new_link:/home/main?un=%E7%8C%AB%E7%8C%AB%E5%B0%8F%E6%96%8C&fr=index
2017-09-16 16:02:06,893 - [webpage_parser.py:63] - INFO - procotol:https, hostname:tieba.baidu.com, new_link:/f?kw=%E5%8E%86%E5%8F%B2 
2017-09-16 16:02:06,893 - [webpage_parser.py:63] - INFO - procotol:https, hostname:tieba.baidu.com, new_link:/p/5114639643
2017-09-16 16:02:06,893 - [webpage_parser.py:63] - INFO - procotol:https, hostname:tieba.baidu.com, new_link:/home/main?un=%E5%85%A8%E8%A8%80&fr=index
2017-09-16 16:02:06,894 - [webpage_parser.py:63] - INFO - procotol:https, hostname:tieba.baidu.com, new_link:/f?kw=me0407 
2017-09-16 16:02:06,894 - [webpage_parser.py:63] - INFO - procotol:https, hostname:tieba.baidu.com, new_link:/p/5139671853
2017-09-16 16:02:06,894 - [webpage_parser.py:63] - INFO - procotol:https, hostname:tieba.baidu.com, new_link:/home/main?un=%E5%A3%B6%E5%A4%A9%E8%8A%B1%E8%AF%AD&fr=index
2017-09-16 16:02:06,895 - [webpage_parser.py:63] - INFO - procotol:https, hostname:tieba.baidu.com, new_link:/f?kw=%E7%BD%91%E6%81%8B 
2017-09-16 16:02:06,895 - [webpage_parser.py:63] - INFO - procotol:https, hostname:tieba.baidu.com, new_link:/p/5316578828
2017-09-16 16:02:06,895 - [webpage_parser.py:63] - INFO - procotol:https, hostname:tieba.baidu.com, new_link:/home/main?un=%E5%B1%A0%E5%A4%ABLIL&fr=index
2017-09-16 16:02:06,895 - [webpage_parser.py:63] - INFO - procotol:https, hostname:tieba.baidu.com, new_link:/f?kw=%E5%8F%A4%E8%A3%85%E7%94%B5%E8%A7%86%E5%89%A7 
2017-09-16 16:02:06,896 - [webpage_parser.py:63] - INFO - procotol:https, hostname:tieba.baidu.com, new_link:/p/5153235021
2017-09-16 16:02:06,896 - [webpage_parser.py:63] - INFO - procotol:https, hostname:tieba.baidu.com, new_link:/home/main?un=%E6%B8%A9%E5%AA%97%E5%A6%83&fr=index
2017-09-16 16:02:06,898 - [webpage_parser.py:63] - INFO - procotol:https, hostname:tieba.baidu.com, new_link:/f?kw=%E5%A4%9A%E6%B5%86%E6%A4%8D%E7%89%A9
2017-09-16 16:02:06,898 - [webpage_parser.py:63] - INFO - procotol:https, hostname:tieba.baidu.com, new_link:/p/5171608419
2017-09-16 16:02:06,898 - [webpage_parser.py:63] - INFO - procotol:https, hostname:tieba.baidu.com, new_link:/home/main?un=%E9%A6%99%E8%95%89%E4%BD%A0%E4%B8%AA%E5%8D%9C%E5%A8%9C%E5%91%90&fr=index
2017-09-16 16:02:06,899 - [webpage_parser.py:63] - INFO - procotol:https, hostname:tieba.baidu.com, new_link:/f?kw=%E7%BE%8E%E9%A3%9F
2017-09-16 16:02:06,899 - [webpage_parser.py:63] - INFO - procotol:https, hostname:tieba.baidu.com, new_link:/p/5135007772
2017-09-16 16:02:06,899 - [webpage_parser.py:63] - INFO - procotol:https, hostname:tieba.baidu.com, new_link:/home/main?un=%E7%8C%AB%E7%88%B7%E7%BE%8E%E9%A3%9F%E9%9B%86&fr=index
2017-09-16 16:02:06,900 - [webpage_parser.py:63] - INFO - procotol:https, hostname:tieba.baidu.com, new_link:/f?kw=%E7%BA%A2%E8%B1%86%E7%88%B1%E9%98%BF%E7%BF%81
2017-09-16 16:02:06,900 - [webpage_parser.py:63] - INFO - procotol:https, hostname:tieba.baidu.com, new_link:/p/5286539583
2017-09-16 16:02:06,900 - [webpage_parser.py:63] - INFO - procotol:https, hostname:tieba.baidu.com, new_link:/home/main?un=%E5%A4%95%E9%98%B3%E7%95%99%E5%A2%A8%E9%A6%99&fr=index
2017-09-16 16:02:06,901 - [webpage_parser.py:63] - INFO - procotol:https, hostname:tieba.baidu.com, new_link:/f?kw=%E9%95%BF%E7%9B%B8%E6%80%9D 
2017-09-16 16:02:06,901 - [webpage_parser.py:63] - INFO - procotol:https, hostname:tieba.baidu.com, new_link:/p/5161104407
2017-09-16 16:02:06,901 - [webpage_parser.py:63] - INFO - procotol:https, hostname:tieba.baidu.com, new_link:/home/main?un=%E4%BC%BC%E6%B0%B4%E5%B9%B4%E5%8D%8E%E5%80%BE%E5%A4%A9%E4%B8%8B&fr=index
2017-09-16 16:02:06,902 - [webpage_parser.py:63] - INFO - procotol:https, hostname:tieba.baidu.com, new_link:/f?kw=%E5%A8%B1%E4%B9%90%E5%9C%88
2017-09-16 16:02:06,902 - [webpage_parser.py:63] - INFO - procotol:https, hostname:tieba.baidu.com, new_link:/p/5295629957
2017-09-16 16:02:06,902 - [webpage_parser.py:63] - INFO - procotol:https, hostname:tieba.baidu.com, new_link:/home/main?un=%E4%B8%A8%E5%91%A8%E6%85%A7%E6%95%8F%E4%B8%A8&fr=index
2017-09-16 16:02:06,903 - [webpage_parser.py:63] - INFO - procotol:https, hostname:tieba.baidu.com, new_link:/f?kw=%E6%B8%B8%E6%88%8F%E7%9B%B4%E6%92%AD 
2017-09-16 16:02:06,903 - [webpage_parser.py:63] - INFO - procotol:https, hostname:tieba.baidu.com, new_link:/p/5310630583
2017-09-16 16:02:06,903 - [webpage_parser.py:63] - INFO - procotol:https, hostname:tieba.baidu.com, new_link:/home/main?un=%E4%B9%85%E5%88%A5%E6%95%85%E4%BA%BA&fr=index
2017-09-16 16:02:06,903 - [webpage_parser.py:63] - INFO - procotol:https, hostname:tieba.baidu.com, new_link:/f?kw=%E5%90%89%E4%BB%96
2017-09-16 16:02:06,904 - [webpage_parser.py:63] - INFO - procotol:https, hostname:tieba.baidu.com, new_link:/p/5288183027
2017-09-16 16:02:06,904 - [webpage_parser.py:63] - INFO - procotol:https, hostname:tieba.baidu.com, new_link:/home/main?un=%E7%BB%93%E4%BB%96%E5%B1%8B&fr=index
2017-09-16 16:02:06,904 - [webpage_parser.py:63] - INFO - procotol:https, hostname:tieba.baidu.com, new_link:/f?kw=%E9%A9%AC%E7%94%B2%E7%BA%BF 
2017-09-16 16:02:06,905 - [webpage_parser.py:63] - INFO - procotol:https, hostname:tieba.baidu.com, new_link:/p/5145993701
2017-09-16 16:02:06,905 - [webpage_parser.py:63] - INFO - procotol:https, hostname:tieba.baidu.com, new_link:/home/main?un=%E8%8B%8F%E6%B2%90%E6%9F%93%E7%BA%A2%E8%94%BB&fr=index
2017-09-16 16:02:06,905 - [webpage_parser.py:63] - INFO - procotol:https, hostname:tieba.baidu.com, new_link:/f?kw=%E8%83%8C%E9%94%85 
2017-09-16 16:02:06,906 - [webpage_parser.py:63] - INFO - procotol:https, hostname:tieba.baidu.com, new_link:/p/5280831737
2017-09-16 16:02:06,906 - [webpage_parser.py:63] - INFO - procotol:https, hostname:tieba.baidu.com, new_link:/home/main?un=%E7%83%AD%E6%83%85%E7%9A%84%E9%9A%8F%E4%BE%BF%E4%BD%A0%E6%93%8D&fr=index
2017-09-16 16:02:06,907 - [webpage_parser.py:63] - INFO - procotol:https, hostname:tieba.baidu.com, new_link:/f?kw=%E5%B0%8F%E8%90%9D%E8%8E%89
2017-09-16 16:02:06,907 - [webpage_parser.py:63] - INFO - procotol:https, hostname:tieba.baidu.com, new_link:/p/5289960175
2017-09-16 16:02:06,908 - [webpage_parser.py:63] - INFO - procotol:https, hostname:tieba.baidu.com, new_link:/home/main?un=%E5%BA%9A%E5%93%9F&fr=index
2017-09-16 16:02:06,908 - [webpage_parser.py:63] - INFO - procotol:https, hostname:tieba.baidu.com, new_link:/f?kw=%E6%B8%B8%E6%88%8F%E7%9B%B4%E6%92%AD 
2017-09-16 16:02:06,908 - [webpage_parser.py:63] - INFO - procotol:https, hostname:tieba.baidu.com, new_link:/p/5301072178
2017-09-16 16:02:06,909 - [webpage_parser.py:63] - INFO - procotol:https, hostname:tieba.baidu.com, new_link:/home/main?un=%E4%B9%85%E5%88%A5%E6%95%85%E4%BA%BA&fr=index
2017-09-16 16:02:06,909 - [webpage_parser.py:63] - INFO - procotol:https, hostname:tieba.baidu.com, new_link:/hottopic/browse/topicList?res_type=1
2017-09-16 16:02:06,909 - [webpage_parser.py:63] - INFO - procotol:https, hostname:tieba.baidu.com, new_link:/home/main?un=悲伤的羔羊
2017-09-16 16:02:06,910 - [webpage_parser.py:63] - INFO - procotol:https, hostname:tieba.baidu.com, new_link:/home/main?un=悲伤的羔羊
2017-09-16 16:02:06,910 - [webpage_parser.py:63] - INFO - procotol:https, hostname:tieba.baidu.com, new_link:/f?kw=t豆娱乐城
2017-09-16 16:02:06,910 - [webpage_parser.py:63] - INFO - procotol:https, hostname:tieba.baidu.com, new_link:/home/main?un=无事找清凉
2017-09-16 16:02:06,911 - [webpage_parser.py:63] - INFO - procotol:https, hostname:tieba.baidu.com, new_link:/home/main?un=无事找清凉
2017-09-16 16:02:06,911 - [webpage_parser.py:63] - INFO - procotol:https, hostname:tieba.baidu.com, new_link:/f?kw=天涯明月刀OL
2017-09-16 16:02:06,911 - [webpage_parser.py:63] - INFO - procotol:https, hostname:tieba.baidu.com, new_link:/home/main?un=倩Q1228228888
2017-09-16 16:02:06,912 - [webpage_parser.py:63] - INFO - procotol:https, hostname:tieba.baidu.com, new_link:/home/main?un=倩Q1228228888
2017-09-16 16:02:06,912 - [webpage_parser.py:63] - INFO - procotol:https, hostname:tieba.baidu.com, new_link:/f?kw=亏猫
2017-09-16 16:02:06,912 - [webpage_parser.py:63] - INFO - procotol:https, hostname:tieba.baidu.com, new_link:/home/main?un=大风吹奶罩杯
2017-09-16 16:02:06,913 - [webpage_parser.py:63] - INFO - procotol:https, hostname:tieba.baidu.com, new_link:/home/main?un=大风吹奶罩杯
2017-09-16 16:02:06,913 - [webpage_parser.py:63] - INFO - procotol:https, hostname:tieba.baidu.com, new_link:/f?kw=网络游戏
2017-09-16 16:02:06,913 - [webpage_parser.py:63] - INFO - procotol:https, hostname:tieba.baidu.com, new_link:/home/main?un=神風苏逸
2017-09-16 16:02:06,914 - [webpage_parser.py:63] - INFO - procotol:https, hostname:tieba.baidu.com, new_link:/home/main?un=神風苏逸
2017-09-16 16:02:06,914 - [webpage_parser.py:63] - INFO - procotol:https, hostname:tieba.baidu.com, new_link:/p/5024282186
2017-09-16 16:02:06,914 - [webpage_parser.py:63] - INFO - procotol:https, hostname:tieba.baidu.com, new_link:/home/main?un=蔡丶十一
2017-09-16 16:02:06,915 - [webpage_parser.py:63] - INFO - procotol:https, hostname:tieba.baidu.com, new_link:/home/main?un=蔡丶十一
2017-09-16 16:02:06,915 - [webpage_parser.py:63] - INFO - procotol:https, hostname:tieba.baidu.com, new_link:/p/5319276352
2017-09-16 16:02:06,915 - [webpage_parser.py:63] - INFO - procotol:https, hostname:tieba.baidu.com, new_link:/home/main?un=贴吧熊
2017-09-16 16:02:06,916 - [webpage_parser.py:63] - INFO - procotol:https, hostname:tieba.baidu.com, new_link:/home/main?un=贴吧熊
2017-09-16 16:02:06,916 - [webpage_parser.py:63] - INFO - procotol:https, hostname:tieba.baidu.com, new_link:/p/5252510171
2017-09-16 16:02:06,916 - [webpage_parser.py:63] - INFO - procotol:https, hostname:tieba.baidu.com, new_link:/home/main?un=贴吧会员
2017-09-16 16:02:06,917 - [webpage_parser.py:63] - INFO - procotol:https, hostname:tieba.baidu.com, new_link:/home/main?un=贴吧会员
2017-09-16 16:02:06,917 - [webpage_parser.py:63] - INFO - procotol:https, hostname:tieba.baidu.com, new_link:/p/5324050670
2017-09-16 16:02:06,918 - [webpage_parser.py:63] - INFO - procotol:https, hostname:tieba.baidu.com, new_link:/home/main?un=吴哲晗应援会
2017-09-16 16:02:06,918 - [webpage_parser.py:63] - INFO - procotol:https, hostname:tieba.baidu.com, new_link:/home/main?un=吴哲晗应援会
2017-09-16 16:02:06,918 - [webpage_parser.py:63] - INFO - procotol:https, hostname:tieba.baidu.com, new_link:/p/3292673938
2017-09-16 16:02:06,918 - [webpage_parser.py:63] - INFO - procotol:https, hostname:tieba.baidu.com, new_link:/home/main?un=cloudsayu
2017-09-16 16:02:06,919 - [webpage_parser.py:63] - INFO - procotol:https, hostname:tieba.baidu.com, new_link:/home/main?un=cloudsayu
2017-09-16 16:02:06,919 - [webpage_parser.py:63] - INFO - procotol:https, hostname:tieba.baidu.com, new_link:/p/4748236204
2017-09-16 16:02:06,919 - [webpage_parser.py:63] - INFO - procotol:https, hostname:tieba.baidu.com, new_link:/home/main?un=帝都T渣的擦肩
2017-09-16 16:02:06,920 - [webpage_parser.py:63] - INFO - procotol:https, hostname:tieba.baidu.com, new_link:/home/main?un=帝都T渣的擦肩
2017-09-16 16:02:06,920 - [webpage_parser.py:63] - INFO - procotol:https, hostname:tieba.baidu.com, new_link:/p/3249877592
2017-09-16 16:02:06,920 - [webpage_parser.py:63] - INFO - procotol:https, hostname:tieba.baidu.com, new_link:/home/main?un=lacus84714
2017-09-16 16:02:06,921 - [webpage_parser.py:63] - INFO - procotol:https, hostname:tieba.baidu.com, new_link:/home/main?un=lacus84714
2017-09-16 16:02:06,921 - [webpage_parser.py:63] - INFO - procotol:https, hostname:tieba.baidu.com, new_link:/p/4421655018
2017-09-16 16:02:06,922 - [webpage_parser.py:63] - INFO - procotol:https, hostname:tieba.baidu.com, new_link:Mailto:tiebayule@baidu.com
2017-09-16 16:02:06,922 - [webpage_parser.py:63] - INFO - procotol:https, hostname:tieba.baidu.com, new_link:/f?kw=%E6%B2%AA%E6%B1%9F%E7%BD%91%E6%A0%A1&fr=index
2017-09-16 16:02:06,923 - [webpage_parser.py:63] - INFO - procotol:https, hostname:tieba.baidu.com, new_link:/f?kw=%E6%B2%AA%E6%B1%9F%E7%BD%91%E6%A0%A1&fr=index
2017-09-16 16:02:06,923 - [webpage_parser.py:63] - INFO - procotol:https, hostname:tieba.baidu.com, new_link:/f?kw=%E7%BA%A2%E7%89%9B%E5%AE%98%E6%96%B9&fr=index
2017-09-16 16:02:06,923 - [webpage_parser.py:63] - INFO - procotol:https, hostname:tieba.baidu.com, new_link:/f?kw=%E7%BA%A2%E7%89%9B%E5%AE%98%E6%96%B9&fr=index
2017-09-16 16:02:06,924 - [webpage_parser.py:63] - INFO - procotol:https, hostname:tieba.baidu.com, new_link:/f?kw=%E8%B1%86%E8%94%93%E7%90%86%E8%B4%A2&fr=index
2017-09-16 16:02:06,924 - [webpage_parser.py:63] - INFO - procotol:https, hostname:tieba.baidu.com, new_link:/f?kw=%E8%B1%86%E8%94%93%E7%90%86%E8%B4%A2&fr=index
2017-09-16 16:02:06,924 - [webpage_parser.py:63] - INFO - procotol:https, hostname:tieba.baidu.com, new_link:/f?kw=%E8%89%BA%E7%A6%8F%E5%A0%82&fr=index
2017-09-16 16:02:06,925 - [webpage_parser.py:63] - INFO - procotol:https, hostname:tieba.baidu.com, new_link:/f?kw=%E8%89%BA%E7%A6%8F%E5%A0%82&fr=index
2017-09-16 16:02:06,925 - [webpage_parser.py:63] - INFO - procotol:https, hostname:tieba.baidu.com, new_link:/f?kw=%E9%87%91%E7%AB%8B&fr=index
2017-09-16 16:02:06,925 - [webpage_parser.py:63] - INFO - procotol:https, hostname:tieba.baidu.com, new_link:/f?kw=%E9%87%91%E7%AB%8B&fr=index
2017-09-16 16:02:06,933 - [webpage_saver.py:45] - INFO - url https://tieba.baidu.com/ is not match
2017-09-16 16:02:06,994 - [connectionpool.py:395] - DEBUG - http://www.ctrip.com:80 "GET /?allianceid=1630&sid=1911&ouid=000401app-&utm_medium=&utm_campaign=&utm_source=&isctrip= HTTP/1.1" 200 56513
2017-09-16 16:02:07,046 - [connectionpool.py:395] - DEBUG - https://sec.taobao.com:443 "GET /query.htm?smApp=yellowstone&smPolicy=yellowstone-search_index-anti_Spider-html-checklogin&smCharset=UTF-8&smTag=MTE3LjEwMC4xMDMuMTU3LCw3MjY0YzkwNjY2MjA0MzBlYTU0MTNjMzMxNDUxNDk1Nw%3D%3D&smReturn=https%3A%2F%2Fai.taobao.com%2Fsearch%2Findex.htm%3Fkey%3D%25E6%2596%2587%25E5%2585%25B7%26pid%3Dmm_43125636_4246598_118736310&smSign=l1T8iUvUvRKo2y8oXn%2BOdg%3D%3D HTTP/1.1" 302 0
2017-09-16 16:02:07,057 - [connectionpool.py:818] - DEBUG - Starting new HTTPS connection (1): login.taobao.com
2017-09-16 16:02:07,319 - [connectionpool.py:207] - DEBUG - Starting new HTTP connection (1): www.cctv.com
2017-09-16 16:02:07,451 - [connectionpool.py:207] - DEBUG - Starting new HTTP connection (1): www.baidu.com
2017-09-16 16:02:07,495 - [connectionpool.py:818] - DEBUG - Starting new HTTPS connection (1): www.nuomi.com
2017-09-16 16:02:07,498 - [connectionpool.py:818] - DEBUG - Starting new HTTPS connection (1): pan.baidu.com
2017-09-16 16:02:07,776 - [connectionpool.py:395] - DEBUG - https://login.taobao.com:443 "GET /member/login.jhtml?from=sm&redirectURL=https%3A%2F%2Fsec.taobao.com%2Fquery.htm%3Faction%3DQueryAction%26event_submit_do_login%3Dok%26smApp%3Dyellowstone%26smPolicy%3Dyellowstone-search_index-anti_Spider-html-checklogin%26smCharset%3DUTF-8%26smTag%3DMTE3LjEwMC4xMDMuMTU3LCw3MjY0YzkwNjY2MjA0MzBlYTU0MTNjMzMxNDUxNDk1Nw%253D%253D%26smReturn%3Dhttps%253A%252F%252Fai.taobao.com%252Fsearch%252Findex.htm%253Fkey%253D%2525E6%252596%252587%2525E5%252585%2525B7%2526pid%253Dmm_43125636_4246598_118736310%26smSign%3Dl1T8iUvUvRKo2y8oXn%252BOdg%253D%253D HTTP/1.1" 200 None
2017-09-16 16:02:07,779 - [webpage_parser.py:63] - INFO - procotol:http, hostname:u.ctrip.com, new_link:##
2017-09-16 16:02:07,783 - [connectionpool.py:207] - DEBUG - Starting new HTTP connection (1): mil.huanqiu.com
2017-09-16 16:02:07,791 - [webpage_parser.py:63] - INFO - procotol:http, hostname:u.ctrip.com, new_link:javascript:void(0);
2017-09-16 16:02:07,792 - [webpage_parser.py:63] - INFO - procotol:http, hostname:u.ctrip.com, new_link:javascript:void(0);
2017-09-16 16:02:07,794 - [webpage_parser.py:63] - INFO - procotol:http, hostname:u.ctrip.com, new_link:javascript:void(0);
2017-09-16 16:02:07,796 - [webpage_parser.py:63] - INFO - procotol:http, hostname:u.ctrip.com, new_link:javascript:void(0);
2017-09-16 16:02:07,799 - [webpage_parser.py:63] - INFO - procotol:http, hostname:u.ctrip.com, new_link:javascript:void(0);
2017-09-16 16:02:07,800 - [webpage_parser.py:63] - INFO - procotol:http, hostname:u.ctrip.com, new_link:javascript:;
2017-09-16 16:02:07,801 - [webpage_parser.py:63] - INFO - procotol:http, hostname:u.ctrip.com, new_link:javascript:;
2017-09-16 16:02:07,811 - [webpage_parser.py:63] - INFO - procotol:http, hostname:u.ctrip.com, new_link:javascript:
2017-09-16 16:02:07,815 - [webpage_parser.py:63] - INFO - procotol:http, hostname:u.ctrip.com, new_link:javascript:
2017-09-16 16:02:07,815 - [webpage_parser.py:63] - INFO - procotol:http, hostname:u.ctrip.com, new_link:javascript:;
2017-09-16 16:02:07,856 - [webpage_parser.py:63] - INFO - procotol:http, hostname:u.ctrip.com, new_link:javascript:void(0);
2017-09-16 16:02:07,856 - [webpage_parser.py:63] - INFO - procotol:http, hostname:u.ctrip.com, new_link:javascript:void(0);
2017-09-16 16:02:07,870 - [webpage_parser.py:63] - INFO - procotol:https, hostname:ai.taobao.com, new_link:javascript:;
2017-09-16 16:02:07,871 - [webpage_parser.py:63] - INFO - procotol:http, hostname:u.ctrip.com, new_link:javascript:void(0);
2017-09-16 16:02:07,872 - [webpage_parser.py:63] - INFO - procotol:https, hostname:ai.taobao.com, new_link:mailto:lianzheng@taobao.com
2017-09-16 16:02:07,873 - [webpage_parser.py:63] - INFO - procotol:http, hostname:u.ctrip.com, new_link:javascript:void(0);
2017-09-16 16:02:07,876 - [webpage_saver.py:45] - INFO - url https://ai.taobao.com/search/index.htm?key=%E6%96%87%E5%85%B7&pid=mm_43125636_4246598_118736310 is not match
2017-09-16 16:02:07,876 - [webpage_parser.py:63] - INFO - procotol:http, hostname:u.ctrip.com, new_link:javascript:;
2017-09-16 16:02:07,877 - [webpage_parser.py:63] - INFO - procotol:http, hostname:u.ctrip.com, new_link:##
2017-09-16 16:02:07,878 - [webpage_parser.py:63] - INFO - procotol:http, hostname:u.ctrip.com, new_link:javascript:;
2017-09-16 16:02:07,878 - [webpage_parser.py:63] - INFO - procotol:http, hostname:u.ctrip.com, new_link:javascript:;
2017-09-16 16:02:07,879 - [webpage_parser.py:63] - INFO - procotol:http, hostname:u.ctrip.com, new_link:javascript:void(0);
2017-09-16 16:02:07,879 - [webpage_parser.py:63] - INFO - procotol:http, hostname:u.ctrip.com, new_link:javascript:void(0);
2017-09-16 16:02:07,879 - [webpage_parser.py:63] - INFO - procotol:http, hostname:u.ctrip.com, new_link:javascript:;
2017-09-16 16:02:07,880 - [webpage_parser.py:63] - INFO - procotol:http, hostname:u.ctrip.com, new_link:javascript:;
2017-09-16 16:02:07,882 - [webpage_parser.py:63] - INFO - procotol:http, hostname:u.ctrip.com, new_link:javascript:void(0);
2017-09-16 16:02:07,882 - [webpage_parser.py:63] - INFO - procotol:http, hostname:u.ctrip.com, new_link:javascript:void(0);
2017-09-16 16:02:07,882 - [webpage_parser.py:63] - INFO - procotol:http, hostname:u.ctrip.com, new_link:javascript:void(0);
2017-09-16 16:02:07,883 - [webpage_parser.py:63] - INFO - procotol:http, hostname:u.ctrip.com, new_link:javascript:;
2017-09-16 16:02:07,883 - [webpage_parser.py:63] - INFO - procotol:http, hostname:u.ctrip.com, new_link:javascript:;
2017-09-16 16:02:07,883 - [webpage_parser.py:63] - INFO - procotol:http, hostname:u.ctrip.com, new_link:javascript:;
2017-09-16 16:02:07,884 - [webpage_parser.py:63] - INFO - procotol:http, hostname:u.ctrip.com, new_link:javascript:void(0);
2017-09-16 16:02:07,884 - [webpage_parser.py:63] - INFO - procotol:http, hostname:u.ctrip.com, new_link:javascript:void(0);
2017-09-16 16:02:07,885 - [connectionpool.py:395] - DEBUG - http://www.baidu.com:80 "GET /?tn=sitehao123_15 HTTP/1.1" 200 None
2017-09-16 16:02:07,885 - [webpage_parser.py:63] - INFO - procotol:http, hostname:u.ctrip.com, new_link:javascript:void(0);
2017-09-16 16:02:07,888 - [webpage_parser.py:63] - INFO - procotol:http, hostname:u.ctrip.com, new_link:javascript:void(0);
2017-09-16 16:02:07,888 - [webpage_parser.py:63] - INFO - procotol:http, hostname:u.ctrip.com, new_link:javascript:void(0);
2017-09-16 16:02:07,888 - [webpage_parser.py:63] - INFO - procotol:http, hostname:u.ctrip.com, new_link:javascript:;
2017-09-16 16:02:07,898 - [webpage_saver.py:45] - INFO - url http://www.baidu.com/?tn=sitehao123_15 is not match
2017-09-16 16:02:07,898 - [webpage_parser.py:63] - INFO - procotol:http, hostname:u.ctrip.com, new_link:###
2017-09-16 16:02:07,899 - [webpage_parser.py:63] - INFO - procotol:http, hostname:u.ctrip.com, new_link:##
2017-09-16 16:02:07,899 - [webpage_parser.py:63] - INFO - procotol:http, hostname:u.ctrip.com, new_link:##
2017-09-16 16:02:07,900 - [webpage_parser.py:63] - INFO - procotol:http, hostname:u.ctrip.com, new_link:javascript:void(0);
2017-09-16 16:02:07,900 - [webpage_parser.py:63] - INFO - procotol:http, hostname:u.ctrip.com, new_link:##
2017-09-16 16:02:07,900 - [webpage_parser.py:63] - INFO - procotol:http, hostname:u.ctrip.com, new_link:##
2017-09-16 16:02:07,901 - [webpage_parser.py:63] - INFO - procotol:http, hostname:u.ctrip.com, new_link:javascript:void(0);
2017-09-16 16:02:07,901 - [webpage_parser.py:63] - INFO - procotol:http, hostname:u.ctrip.com, new_link:javascript:void(0);
2017-09-16 16:02:07,901 - [webpage_parser.py:63] - INFO - procotol:http, hostname:u.ctrip.com, new_link:javascript:document.getElementById('v_departure').click();
2017-09-16 16:02:07,902 - [webpage_parser.py:63] - INFO - procotol:http, hostname:u.ctrip.com, new_link:javascript:void(0);
2017-09-16 16:02:07,902 - [webpage_parser.py:63] - INFO - procotol:http, hostname:u.ctrip.com, new_link:javascript:void(0);
2017-09-16 16:02:07,902 - [webpage_parser.py:63] - INFO - procotol:http, hostname:u.ctrip.com, new_link:javascript:void(0);
2017-09-16 16:02:07,903 - [webpage_parser.py:63] - INFO - procotol:http, hostname:u.ctrip.com, new_link:javascript:void(0);
2017-09-16 16:02:07,903 - [webpage_parser.py:63] - INFO - procotol:http, hostname:u.ctrip.com, new_link:javascript:void(0);
2017-09-16 16:02:07,903 - [webpage_parser.py:63] - INFO - procotol:http, hostname:u.ctrip.com, new_link:javascript:void(0);
2017-09-16 16:02:07,903 - [webpage_parser.py:63] - INFO - procotol:http, hostname:u.ctrip.com, new_link:javascript:void(0);
2017-09-16 16:02:07,904 - [webpage_parser.py:63] - INFO - procotol:http, hostname:u.ctrip.com, new_link:javascript:void(0);
2017-09-16 16:02:07,904 - [webpage_parser.py:63] - INFO - procotol:http, hostname:u.ctrip.com, new_link:javascript:void(0);
2017-09-16 16:02:07,904 - [webpage_parser.py:63] - INFO - procotol:http, hostname:u.ctrip.com, new_link:javascript:void(0);
2017-09-16 16:02:07,905 - [webpage_parser.py:63] - INFO - procotol:http, hostname:u.ctrip.com, new_link:javascript:void(0);
2017-09-16 16:02:07,905 - [webpage_parser.py:63] - INFO - procotol:http, hostname:u.ctrip.com, new_link:javascript:void(0);
2017-09-16 16:02:07,906 - [webpage_parser.py:63] - INFO - procotol:http, hostname:u.ctrip.com, new_link:javascript:void(0);
2017-09-16 16:02:07,906 - [webpage_parser.py:63] - INFO - procotol:http, hostname:u.ctrip.com, new_link:javascript:void(0);
2017-09-16 16:02:07,906 - [webpage_parser.py:63] - INFO - procotol:http, hostname:u.ctrip.com, new_link:javascript:void(0);
2017-09-16 16:02:07,907 - [webpage_parser.py:63] - INFO - procotol:http, hostname:u.ctrip.com, new_link:javascript:void(0);
2017-09-16 16:02:07,907 - [webpage_parser.py:63] - INFO - procotol:http, hostname:u.ctrip.com, new_link:javascript:void(0);
2017-09-16 16:02:07,907 - [webpage_parser.py:63] - INFO - procotol:http, hostname:u.ctrip.com, new_link:javascript:void(0);
2017-09-16 16:02:07,908 - [webpage_parser.py:63] - INFO - procotol:http, hostname:u.ctrip.com, new_link:javascript:void(0);
2017-09-16 16:02:07,908 - [webpage_parser.py:63] - INFO - procotol:http, hostname:u.ctrip.com, new_link:javascript:void(0);
2017-09-16 16:02:07,908 - [webpage_parser.py:63] - INFO - procotol:http, hostname:u.ctrip.com, new_link:javascript:void(0);
2017-09-16 16:02:07,909 - [webpage_parser.py:63] - INFO - procotol:http, hostname:u.ctrip.com, new_link:javascript:void(0);
2017-09-16 16:02:07,909 - [webpage_parser.py:63] - INFO - procotol:http, hostname:u.ctrip.com, new_link:javascript:void(0);
2017-09-16 16:02:07,909 - [webpage_parser.py:63] - INFO - procotol:http, hostname:u.ctrip.com, new_link:javascript:void(0);
2017-09-16 16:02:07,910 - [webpage_parser.py:63] - INFO - procotol:http, hostname:u.ctrip.com, new_link:javascript:void(0);
2017-09-16 16:02:07,910 - [webpage_parser.py:63] - INFO - procotol:http, hostname:u.ctrip.com, new_link:javascript:void(0);
2017-09-16 16:02:07,910 - [webpage_parser.py:63] - INFO - procotol:http, hostname:u.ctrip.com, new_link:javascript:void(0);
2017-09-16 16:02:07,911 - [webpage_parser.py:63] - INFO - procotol:http, hostname:u.ctrip.com, new_link:javascript:void(0);
2017-09-16 16:02:07,911 - [webpage_parser.py:63] - INFO - procotol:http, hostname:u.ctrip.com, new_link:javascript:void(0);
2017-09-16 16:02:07,911 - [webpage_parser.py:63] - INFO - procotol:http, hostname:u.ctrip.com, new_link:javascript:void(0);
2017-09-16 16:02:07,912 - [webpage_parser.py:63] - INFO - procotol:http, hostname:u.ctrip.com, new_link:javascript:void(0);
2017-09-16 16:02:07,912 - [webpage_parser.py:63] - INFO - procotol:http, hostname:u.ctrip.com, new_link:javascript:void(0);
2017-09-16 16:02:07,913 - [webpage_parser.py:63] - INFO - procotol:http, hostname:u.ctrip.com, new_link:javascript:void(0);
2017-09-16 16:02:07,913 - [webpage_parser.py:63] - INFO - procotol:http, hostname:u.ctrip.com, new_link:javascript:void(0);
2017-09-16 16:02:07,914 - [webpage_parser.py:63] - INFO - procotol:http, hostname:u.ctrip.com, new_link:javascript:void(0);
2017-09-16 16:02:07,914 - [webpage_parser.py:63] - INFO - procotol:http, hostname:u.ctrip.com, new_link:javascript:void(0);
2017-09-16 16:02:07,914 - [webpage_parser.py:63] - INFO - procotol:http, hostname:u.ctrip.com, new_link:javascript:void(0);
2017-09-16 16:02:07,915 - [webpage_parser.py:63] - INFO - procotol:http, hostname:u.ctrip.com, new_link:javascript:void(0);
2017-09-16 16:02:07,915 - [webpage_parser.py:63] - INFO - procotol:http, hostname:u.ctrip.com, new_link:javascript:void(0);
2017-09-16 16:02:07,915 - [webpage_parser.py:63] - INFO - procotol:http, hostname:u.ctrip.com, new_link:javascript:void(0);
2017-09-16 16:02:07,915 - [webpage_parser.py:63] - INFO - procotol:http, hostname:u.ctrip.com, new_link:javascript:void(0);
2017-09-16 16:02:07,916 - [webpage_parser.py:63] - INFO - procotol:http, hostname:u.ctrip.com, new_link:javascript:void(0);
2017-09-16 16:02:07,916 - [webpage_parser.py:63] - INFO - procotol:http, hostname:u.ctrip.com, new_link:javascript:void(0);
2017-09-16 16:02:07,916 - [webpage_parser.py:63] - INFO - procotol:http, hostname:u.ctrip.com, new_link:javascript:void(0);
2017-09-16 16:02:07,917 - [webpage_parser.py:63] - INFO - procotol:http, hostname:u.ctrip.com, new_link:javascript:void(0);
2017-09-16 16:02:07,917 - [webpage_parser.py:63] - INFO - procotol:http, hostname:u.ctrip.com, new_link:javascript:void(0);
2017-09-16 16:02:07,917 - [webpage_parser.py:63] - INFO - procotol:http, hostname:u.ctrip.com, new_link:javascript:void(0);
2017-09-16 16:02:07,918 - [webpage_parser.py:63] - INFO - procotol:http, hostname:u.ctrip.com, new_link:javascript:void(0);
2017-09-16 16:02:07,918 - [webpage_parser.py:63] - INFO - procotol:http, hostname:u.ctrip.com, new_link:javascript:void(0);
2017-09-16 16:02:07,918 - [webpage_parser.py:63] - INFO - procotol:http, hostname:u.ctrip.com, new_link:javascript:void(0);
2017-09-16 16:02:07,918 - [webpage_parser.py:63] - INFO - procotol:http, hostname:u.ctrip.com, new_link:javascript:void(0);
2017-09-16 16:02:07,919 - [webpage_parser.py:63] - INFO - procotol:http, hostname:u.ctrip.com, new_link:javascript:void(0);
2017-09-16 16:02:07,919 - [webpage_parser.py:63] - INFO - procotol:http, hostname:u.ctrip.com, new_link:javascript:void(0);
2017-09-16 16:02:07,919 - [webpage_parser.py:63] - INFO - procotol:http, hostname:u.ctrip.com, new_link:javascript:void(0);
2017-09-16 16:02:07,920 - [webpage_parser.py:63] - INFO - procotol:http, hostname:u.ctrip.com, new_link:javascript:void(0);
2017-09-16 16:02:07,920 - [webpage_parser.py:63] - INFO - procotol:http, hostname:u.ctrip.com, new_link:javascript:void(0);
2017-09-16 16:02:07,920 - [webpage_parser.py:63] - INFO - procotol:http, hostname:u.ctrip.com, new_link:javascript:void(0);
2017-09-16 16:02:07,921 - [webpage_parser.py:63] - INFO - procotol:http, hostname:u.ctrip.com, new_link:javascript:void(0);
2017-09-16 16:02:07,921 - [webpage_parser.py:63] - INFO - procotol:http, hostname:u.ctrip.com, new_link:javascript:void(0);
2017-09-16 16:02:07,921 - [webpage_parser.py:63] - INFO - procotol:http, hostname:u.ctrip.com, new_link:javascript:void(0);
2017-09-16 16:02:07,922 - [webpage_parser.py:63] - INFO - procotol:http, hostname:u.ctrip.com, new_link:javascript:void(0);
2017-09-16 16:02:07,922 - [webpage_parser.py:63] - INFO - procotol:http, hostname:u.ctrip.com, new_link:javascript:void(0);
2017-09-16 16:02:07,922 - [webpage_parser.py:63] - INFO - procotol:http, hostname:u.ctrip.com, new_link:javascript:void(0);
2017-09-16 16:02:07,922 - [webpage_parser.py:63] - INFO - procotol:http, hostname:u.ctrip.com, new_link:javascript:void(0);
2017-09-16 16:02:07,923 - [webpage_parser.py:63] - INFO - procotol:http, hostname:u.ctrip.com, new_link:javascript:void(0);
2017-09-16 16:02:07,923 - [webpage_parser.py:63] - INFO - procotol:http, hostname:u.ctrip.com, new_link:javascript:void(0);
2017-09-16 16:02:07,923 - [webpage_parser.py:63] - INFO - procotol:http, hostname:u.ctrip.com, new_link:javascript:void(0);
2017-09-16 16:02:07,924 - [webpage_parser.py:63] - INFO - procotol:http, hostname:u.ctrip.com, new_link:javascript:void(0);
2017-09-16 16:02:07,924 - [webpage_parser.py:63] - INFO - procotol:http, hostname:u.ctrip.com, new_link:javascript:void(0);
2017-09-16 16:02:07,925 - [webpage_parser.py:63] - INFO - procotol:http, hostname:u.ctrip.com, new_link:javascript:void(0);
2017-09-16 16:02:07,925 - [webpage_parser.py:63] - INFO - procotol:http, hostname:u.ctrip.com, new_link:javascript:void(0);
2017-09-16 16:02:07,925 - [webpage_parser.py:63] - INFO - procotol:http, hostname:u.ctrip.com, new_link:javascript:void(0);
2017-09-16 16:02:07,925 - [webpage_parser.py:63] - INFO - procotol:http, hostname:u.ctrip.com, new_link:javascript:void(0);
2017-09-16 16:02:07,926 - [webpage_parser.py:63] - INFO - procotol:http, hostname:u.ctrip.com, new_link:javascript:void(0);
2017-09-16 16:02:07,926 - [webpage_parser.py:63] - INFO - procotol:http, hostname:u.ctrip.com, new_link:javascript:void(0);
2017-09-16 16:02:07,926 - [webpage_parser.py:63] - INFO - procotol:http, hostname:u.ctrip.com, new_link:javascript:void(0);
2017-09-16 16:02:07,927 - [webpage_parser.py:63] - INFO - procotol:http, hostname:u.ctrip.com, new_link:javascript:void(0);
2017-09-16 16:02:07,927 - [webpage_parser.py:63] - INFO - procotol:http, hostname:u.ctrip.com, new_link:javascript:void(0);
2017-09-16 16:02:07,927 - [webpage_parser.py:63] - INFO - procotol:http, hostname:u.ctrip.com, new_link:javascript:void(0);
2017-09-16 16:02:07,928 - [webpage_parser.py:63] - INFO - procotol:http, hostname:u.ctrip.com, new_link:javascript:void(0);
2017-09-16 16:02:07,928 - [webpage_parser.py:63] - INFO - procotol:http, hostname:u.ctrip.com, new_link:javascript:void(0);
2017-09-16 16:02:07,928 - [webpage_parser.py:63] - INFO - procotol:http, hostname:u.ctrip.com, new_link:javascript:void(0);
2017-09-16 16:02:07,929 - [webpage_parser.py:63] - INFO - procotol:http, hostname:u.ctrip.com, new_link:javascript:void(0);
2017-09-16 16:02:07,929 - [webpage_parser.py:63] - INFO - procotol:http, hostname:u.ctrip.com, new_link:javascript:void(0);
2017-09-16 16:02:07,929 - [webpage_parser.py:63] - INFO - procotol:http, hostname:u.ctrip.com, new_link:javascript:void(0);
2017-09-16 16:02:07,929 - [webpage_parser.py:63] - INFO - procotol:http, hostname:u.ctrip.com, new_link:javascript:void(0);
2017-09-16 16:02:07,930 - [webpage_parser.py:63] - INFO - procotol:http, hostname:u.ctrip.com, new_link:javascript:void(0);
2017-09-16 16:02:07,930 - [webpage_parser.py:63] - INFO - procotol:http, hostname:u.ctrip.com, new_link:javascript:void(0);
2017-09-16 16:02:07,930 - [webpage_parser.py:63] - INFO - procotol:http, hostname:u.ctrip.com, new_link:javascript:void(0);
2017-09-16 16:02:07,931 - [webpage_parser.py:63] - INFO - procotol:http, hostname:u.ctrip.com, new_link:javascript:void(0);
2017-09-16 16:02:07,931 - [webpage_parser.py:63] - INFO - procotol:http, hostname:u.ctrip.com, new_link:javascript:void(0);
2017-09-16 16:02:07,931 - [webpage_parser.py:63] - INFO - procotol:http, hostname:u.ctrip.com, new_link:javascript:void(0);
2017-09-16 16:02:07,932 - [webpage_parser.py:63] - INFO - procotol:http, hostname:u.ctrip.com, new_link:javascript:void(0);
2017-09-16 16:02:07,932 - [webpage_parser.py:63] - INFO - procotol:http, hostname:u.ctrip.com, new_link:javascript:void(0);
2017-09-16 16:02:07,932 - [webpage_parser.py:63] - INFO - procotol:http, hostname:u.ctrip.com, new_link:javascript:void(0);
2017-09-16 16:02:07,932 - [webpage_parser.py:63] - INFO - procotol:http, hostname:u.ctrip.com, new_link:javascript:void(0);
2017-09-16 16:02:07,933 - [webpage_parser.py:63] - INFO - procotol:http, hostname:u.ctrip.com, new_link:javascript:void(0);
2017-09-16 16:02:07,933 - [webpage_parser.py:63] - INFO - procotol:http, hostname:u.ctrip.com, new_link:javascript:void(0);
2017-09-16 16:02:07,933 - [webpage_parser.py:63] - INFO - procotol:http, hostname:u.ctrip.com, new_link:javascript:void(0);
2017-09-16 16:02:07,934 - [webpage_parser.py:63] - INFO - procotol:http, hostname:u.ctrip.com, new_link:javascript:void(0);
2017-09-16 16:02:07,934 - [webpage_parser.py:63] - INFO - procotol:http, hostname:u.ctrip.com, new_link:javascript:void(0);
2017-09-16 16:02:07,934 - [webpage_parser.py:63] - INFO - procotol:http, hostname:u.ctrip.com, new_link:javascript:void(0);
2017-09-16 16:02:07,935 - [webpage_parser.py:63] - INFO - procotol:http, hostname:u.ctrip.com, new_link:javascript:void(0);
2017-09-16 16:02:07,935 - [webpage_parser.py:63] - INFO - procotol:http, hostname:u.ctrip.com, new_link:javascript:void(0);
2017-09-16 16:02:07,935 - [webpage_parser.py:63] - INFO - procotol:http, hostname:u.ctrip.com, new_link:javascript:void(0);
2017-09-16 16:02:07,935 - [webpage_parser.py:63] - INFO - procotol:http, hostname:u.ctrip.com, new_link:javascript:void(0);
2017-09-16 16:02:07,936 - [webpage_parser.py:63] - INFO - procotol:http, hostname:u.ctrip.com, new_link:javascript:void(0);
2017-09-16 16:02:07,936 - [webpage_parser.py:63] - INFO - procotol:http, hostname:u.ctrip.com, new_link:javascript:void(0);
2017-09-16 16:02:07,936 - [webpage_parser.py:63] - INFO - procotol:http, hostname:u.ctrip.com, new_link:javascript:void(0);
2017-09-16 16:02:07,937 - [webpage_parser.py:63] - INFO - procotol:http, hostname:u.ctrip.com, new_link:javascript:void(0);
2017-09-16 16:02:07,937 - [webpage_parser.py:63] - INFO - procotol:http, hostname:u.ctrip.com, new_link:javascript:void(0);
2017-09-16 16:02:07,937 - [webpage_parser.py:63] - INFO - procotol:http, hostname:u.ctrip.com, new_link:javascript:void(0);
2017-09-16 16:02:07,938 - [webpage_parser.py:63] - INFO - procotol:http, hostname:u.ctrip.com, new_link:javascript:void(0);
2017-09-16 16:02:07,938 - [webpage_parser.py:63] - INFO - procotol:http, hostname:u.ctrip.com, new_link:javascript:void(0);
2017-09-16 16:02:07,938 - [webpage_parser.py:63] - INFO - procotol:http, hostname:u.ctrip.com, new_link:javascript:void(0);
2017-09-16 16:02:07,938 - [webpage_parser.py:63] - INFO - procotol:http, hostname:u.ctrip.com, new_link:javascript:void(0);
2017-09-16 16:02:07,939 - [webpage_parser.py:63] - INFO - procotol:http, hostname:u.ctrip.com, new_link:javascript:void(0);
2017-09-16 16:02:07,939 - [webpage_parser.py:63] - INFO - procotol:http, hostname:u.ctrip.com, new_link:javascript:void(0);
2017-09-16 16:02:07,940 - [webpage_parser.py:63] - INFO - procotol:http, hostname:u.ctrip.com, new_link:javascript:void(0);
2017-09-16 16:02:07,941 - [webpage_parser.py:63] - INFO - procotol:http, hostname:u.ctrip.com, new_link:javascript:void(0);
2017-09-16 16:02:07,943 - [connectionpool.py:207] - DEBUG - Starting new HTTP connection (1): www.baidu.com
2017-09-16 16:02:07,943 - [webpage_parser.py:63] - INFO - procotol:http, hostname:u.ctrip.com, new_link:javascript:void(0);
2017-09-16 16:02:07,944 - [webpage_parser.py:63] - INFO - procotol:http, hostname:u.ctrip.com, new_link:javascript:void(0);
2017-09-16 16:02:07,944 - [webpage_parser.py:63] - INFO - procotol:http, hostname:u.ctrip.com, new_link:javascript:void(0);
2017-09-16 16:02:07,945 - [webpage_parser.py:63] - INFO - procotol:http, hostname:u.ctrip.com, new_link:javascript:void(0);
2017-09-16 16:02:07,945 - [webpage_parser.py:63] - INFO - procotol:http, hostname:u.ctrip.com, new_link:javascript:void(0);
2017-09-16 16:02:07,945 - [webpage_parser.py:63] - INFO - procotol:http, hostname:u.ctrip.com, new_link:javascript:void(0);
2017-09-16 16:02:07,946 - [webpage_parser.py:63] - INFO - procotol:http, hostname:u.ctrip.com, new_link:javascript:void(0);
2017-09-16 16:02:07,946 - [webpage_parser.py:63] - INFO - procotol:http, hostname:u.ctrip.com, new_link:javascript:void(0);
2017-09-16 16:02:07,946 - [webpage_parser.py:63] - INFO - procotol:http, hostname:u.ctrip.com, new_link:javascript:void(0);
2017-09-16 16:02:07,947 - [webpage_parser.py:63] - INFO - procotol:http, hostname:u.ctrip.com, new_link:javascript:void(0);
2017-09-16 16:02:07,947 - [webpage_parser.py:63] - INFO - procotol:http, hostname:u.ctrip.com, new_link:javascript:void(0);
2017-09-16 16:02:07,947 - [webpage_parser.py:63] - INFO - procotol:http, hostname:u.ctrip.com, new_link:javascript:void(0);
2017-09-16 16:02:07,947 - [webpage_parser.py:63] - INFO - procotol:http, hostname:u.ctrip.com, new_link:javascript:void(0);
2017-09-16 16:02:07,948 - [webpage_parser.py:63] - INFO - procotol:http, hostname:u.ctrip.com, new_link:javascript:void(0);
2017-09-16 16:02:07,948 - [webpage_parser.py:63] - INFO - procotol:http, hostname:u.ctrip.com, new_link:javascript:void(0);
2017-09-16 16:02:07,948 - [webpage_parser.py:63] - INFO - procotol:http, hostname:u.ctrip.com, new_link:javascript:void(0);
2017-09-16 16:02:07,949 - [webpage_parser.py:63] - INFO - procotol:http, hostname:u.ctrip.com, new_link:javascript:void(0);
2017-09-16 16:02:07,949 - [webpage_parser.py:63] - INFO - procotol:http, hostname:u.ctrip.com, new_link:javascript:void(0);
2017-09-16 16:02:07,949 - [webpage_parser.py:63] - INFO - procotol:http, hostname:u.ctrip.com, new_link:javascript:void(0);
2017-09-16 16:02:07,950 - [webpage_parser.py:63] - INFO - procotol:http, hostname:u.ctrip.com, new_link:javascript:void(0);
2017-09-16 16:02:07,950 - [webpage_parser.py:63] - INFO - procotol:http, hostname:u.ctrip.com, new_link:javascript:void(0);
2017-09-16 16:02:07,950 - [webpage_parser.py:63] - INFO - procotol:http, hostname:u.ctrip.com, new_link:javascript:void(0);
2017-09-16 16:02:07,950 - [webpage_parser.py:63] - INFO - procotol:http, hostname:u.ctrip.com, new_link:javascript:void(0);
2017-09-16 16:02:07,951 - [webpage_parser.py:63] - INFO - procotol:http, hostname:u.ctrip.com, new_link:javascript:void(0);
2017-09-16 16:02:07,951 - [webpage_parser.py:63] - INFO - procotol:http, hostname:u.ctrip.com, new_link:javascript:void(0);
2017-09-16 16:02:07,951 - [webpage_parser.py:63] - INFO - procotol:http, hostname:u.ctrip.com, new_link:javascript:void(0);
2017-09-16 16:02:07,952 - [webpage_parser.py:63] - INFO - procotol:http, hostname:u.ctrip.com, new_link:javascript:void(0);
2017-09-16 16:02:07,952 - [webpage_parser.py:63] - INFO - procotol:http, hostname:u.ctrip.com, new_link:javascript:void(0);
2017-09-16 16:02:07,952 - [webpage_parser.py:63] - INFO - procotol:http, hostname:u.ctrip.com, new_link:javascript:void(0);
2017-09-16 16:02:07,953 - [webpage_parser.py:63] - INFO - procotol:http, hostname:u.ctrip.com, new_link:javascript:void(0);
2017-09-16 16:02:07,953 - [webpage_parser.py:63] - INFO - procotol:http, hostname:u.ctrip.com, new_link:javascript:void(0);
2017-09-16 16:02:07,953 - [webpage_parser.py:63] - INFO - procotol:http, hostname:u.ctrip.com, new_link:javascript:void(0);
2017-09-16 16:02:07,953 - [webpage_parser.py:63] - INFO - procotol:http, hostname:u.ctrip.com, new_link:javascript:void(0);
2017-09-16 16:02:07,954 - [webpage_parser.py:63] - INFO - procotol:http, hostname:u.ctrip.com, new_link:javascript:void(0);
2017-09-16 16:02:07,954 - [webpage_parser.py:63] - INFO - procotol:http, hostname:u.ctrip.com, new_link:javascript:void(0);
2017-09-16 16:02:07,954 - [webpage_parser.py:63] - INFO - procotol:http, hostname:u.ctrip.com, new_link:javascript:void(0);
2017-09-16 16:02:07,955 - [webpage_parser.py:63] - INFO - procotol:http, hostname:u.ctrip.com, new_link:javascript:void(0);
2017-09-16 16:02:07,955 - [webpage_parser.py:63] - INFO - procotol:http, hostname:u.ctrip.com, new_link:javascript:void(0);
2017-09-16 16:02:07,956 - [webpage_parser.py:63] - INFO - procotol:http, hostname:u.ctrip.com, new_link:javascript:void(0);
2017-09-16 16:02:07,956 - [connectionpool.py:395] - DEBUG - http://www.cctv.com:80 "GET / HTTP/1.1" 200 None
2017-09-16 16:02:07,957 - [webpage_parser.py:63] - INFO - procotol:http, hostname:u.ctrip.com, new_link:javascript:void(0);
2017-09-16 16:02:07,959 - [webpage_parser.py:63] - INFO - procotol:http, hostname:u.ctrip.com, new_link:javascript:void(0);
2017-09-16 16:02:07,960 - [webpage_parser.py:63] - INFO - procotol:http, hostname:u.ctrip.com, new_link:javascript:void(0);
2017-09-16 16:02:07,960 - [webpage_parser.py:63] - INFO - procotol:http, hostname:u.ctrip.com, new_link:javascript:void(0);
2017-09-16 16:02:07,961 - [webpage_parser.py:63] - INFO - procotol:http, hostname:u.ctrip.com, new_link:javascript:void(0);
2017-09-16 16:02:07,961 - [webpage_parser.py:63] - INFO - procotol:http, hostname:u.ctrip.com, new_link:javascript:void(0);
2017-09-16 16:02:07,962 - [webpage_parser.py:63] - INFO - procotol:http, hostname:u.ctrip.com, new_link:javascript:void(0);
2017-09-16 16:02:07,962 - [webpage_parser.py:63] - INFO - procotol:http, hostname:u.ctrip.com, new_link:javascript:void(0);
2017-09-16 16:02:07,963 - [webpage_parser.py:63] - INFO - procotol:http, hostname:u.ctrip.com, new_link:javascript:void(0);
2017-09-16 16:02:07,963 - [webpage_parser.py:63] - INFO - procotol:http, hostname:u.ctrip.com, new_link:javascript:void(0);
2017-09-16 16:02:07,963 - [webpage_parser.py:63] - INFO - procotol:http, hostname:u.ctrip.com, new_link:javascript:void(0);
2017-09-16 16:02:07,964 - [webpage_parser.py:63] - INFO - procotol:http, hostname:u.ctrip.com, new_link:javascript:void(0);
2017-09-16 16:02:07,964 - [webpage_parser.py:63] - INFO - procotol:http, hostname:u.ctrip.com, new_link:javascript:void(0);
2017-09-16 16:02:07,965 - [webpage_parser.py:63] - INFO - procotol:http, hostname:u.ctrip.com, new_link:javascript:void(0);
2017-09-16 16:02:07,965 - [webpage_parser.py:63] - INFO - procotol:http, hostname:u.ctrip.com, new_link:javascript:void(0);
2017-09-16 16:02:07,965 - [webpage_parser.py:63] - INFO - procotol:http, hostname:u.ctrip.com, new_link:javascript:void(0);
2017-09-16 16:02:07,966 - [webpage_parser.py:63] - INFO - procotol:http, hostname:u.ctrip.com, new_link:javascript:void(0);
2017-09-16 16:02:07,966 - [webpage_parser.py:63] - INFO - procotol:http, hostname:u.ctrip.com, new_link:javascript:void(0);
2017-09-16 16:02:07,966 - [webpage_parser.py:63] - INFO - procotol:http, hostname:u.ctrip.com, new_link:javascript:void(0);
2017-09-16 16:02:07,967 - [webpage_parser.py:63] - INFO - procotol:http, hostname:u.ctrip.com, new_link:javascript:void(0);
2017-09-16 16:02:07,967 - [webpage_parser.py:63] - INFO - procotol:http, hostname:u.ctrip.com, new_link:javascript:void(0);
2017-09-16 16:02:07,967 - [webpage_parser.py:63] - INFO - procotol:http, hostname:u.ctrip.com, new_link:javascript:void(0);
2017-09-16 16:02:07,968 - [webpage_parser.py:63] - INFO - procotol:http, hostname:u.ctrip.com, new_link:javascript:void(0);
2017-09-16 16:02:07,968 - [webpage_parser.py:63] - INFO - procotol:http, hostname:u.ctrip.com, new_link:javascript:void(0);
2017-09-16 16:02:07,968 - [webpage_parser.py:63] - INFO - procotol:http, hostname:u.ctrip.com, new_link:javascript:void(0);
2017-09-16 16:02:07,968 - [webpage_parser.py:63] - INFO - procotol:http, hostname:u.ctrip.com, new_link:javascript:void(0);
2017-09-16 16:02:07,969 - [webpage_parser.py:63] - INFO - procotol:http, hostname:u.ctrip.com, new_link:javascript:void(0);
2017-09-16 16:02:07,969 - [webpage_parser.py:63] - INFO - procotol:http, hostname:u.ctrip.com, new_link:javascript:void(0);
2017-09-16 16:02:07,969 - [webpage_parser.py:63] - INFO - procotol:http, hostname:u.ctrip.com, new_link:javascript:void(0);
2017-09-16 16:02:07,970 - [webpage_parser.py:63] - INFO - procotol:http, hostname:u.ctrip.com, new_link:javascript:void(0);
2017-09-16 16:02:07,970 - [webpage_parser.py:63] - INFO - procotol:http, hostname:u.ctrip.com, new_link:javascript:void(0);
2017-09-16 16:02:07,970 - [webpage_parser.py:63] - INFO - procotol:http, hostname:u.ctrip.com, new_link:javascript:void(0);
2017-09-16 16:02:07,971 - [webpage_parser.py:63] - INFO - procotol:http, hostname:u.ctrip.com, new_link:javascript:void(0);
2017-09-16 16:02:07,971 - [webpage_parser.py:63] - INFO - procotol:http, hostname:u.ctrip.com, new_link:javascript:void(0);
2017-09-16 16:02:07,971 - [webpage_parser.py:63] - INFO - procotol:http, hostname:u.ctrip.com, new_link:javascript:void(0);
2017-09-16 16:02:07,971 - [webpage_parser.py:63] - INFO - procotol:http, hostname:u.ctrip.com, new_link:javascript:void(0);
2017-09-16 16:02:07,972 - [webpage_parser.py:63] - INFO - procotol:http, hostname:u.ctrip.com, new_link:javascript:void(0);
2017-09-16 16:02:07,972 - [webpage_parser.py:63] - INFO - procotol:http, hostname:u.ctrip.com, new_link:javascript:void(0);
2017-09-16 16:02:07,972 - [webpage_parser.py:63] - INFO - procotol:http, hostname:u.ctrip.com, new_link:javascript:void(0);
2017-09-16 16:02:07,973 - [webpage_parser.py:63] - INFO - procotol:http, hostname:u.ctrip.com, new_link:javascript:void(0);
2017-09-16 16:02:07,973 - [webpage_parser.py:63] - INFO - procotol:http, hostname:u.ctrip.com, new_link:javascript:void(0);
2017-09-16 16:02:07,973 - [webpage_parser.py:63] - INFO - procotol:http, hostname:u.ctrip.com, new_link:javascript:void(0);
2017-09-16 16:02:07,974 - [webpage_parser.py:63] - INFO - procotol:http, hostname:u.ctrip.com, new_link:javascript:void(0);
2017-09-16 16:02:07,974 - [webpage_parser.py:63] - INFO - procotol:http, hostname:u.ctrip.com, new_link:javascript:void(0);
2017-09-16 16:02:07,974 - [webpage_parser.py:63] - INFO - procotol:http, hostname:u.ctrip.com, new_link:javascript:void(0);
2017-09-16 16:02:07,974 - [webpage_parser.py:63] - INFO - procotol:http, hostname:u.ctrip.com, new_link:javascript:void(0);
2017-09-16 16:02:07,975 - [webpage_parser.py:63] - INFO - procotol:http, hostname:u.ctrip.com, new_link:javascript:void(0);
2017-09-16 16:02:07,975 - [webpage_parser.py:63] - INFO - procotol:http, hostname:u.ctrip.com, new_link:javascript:void(0);
2017-09-16 16:02:07,975 - [webpage_parser.py:63] - INFO - procotol:http, hostname:u.ctrip.com, new_link:javascript:void(0);
2017-09-16 16:02:07,976 - [webpage_parser.py:63] - INFO - procotol:http, hostname:u.ctrip.com, new_link:javascript:void(0);
2017-09-16 16:02:07,976 - [webpage_parser.py:63] - INFO - procotol:http, hostname:u.ctrip.com, new_link:javascript:void(0);
2017-09-16 16:02:07,976 - [webpage_parser.py:63] - INFO - procotol:http, hostname:u.ctrip.com, new_link:javascript:void(0);
2017-09-16 16:02:07,977 - [webpage_parser.py:63] - INFO - procotol:http, hostname:u.ctrip.com, new_link:javascript:void(0);
2017-09-16 16:02:07,977 - [webpage_parser.py:63] - INFO - procotol:http, hostname:u.ctrip.com, new_link:javascript:void(0);
2017-09-16 16:02:07,977 - [webpage_parser.py:63] - INFO - procotol:http, hostname:u.ctrip.com, new_link:javascript:void(0);
2017-09-16 16:02:07,978 - [webpage_parser.py:63] - INFO - procotol:http, hostname:u.ctrip.com, new_link:javascript:void(0);
2017-09-16 16:02:07,978 - [webpage_parser.py:63] - INFO - procotol:http, hostname:u.ctrip.com, new_link:javascript:void(0);
2017-09-16 16:02:07,978 - [webpage_parser.py:63] - INFO - procotol:http, hostname:u.ctrip.com, new_link:javascript:void(0);
2017-09-16 16:02:07,978 - [webpage_parser.py:63] - INFO - procotol:http, hostname:u.ctrip.com, new_link:javascript:void(0);
2017-09-16 16:02:07,979 - [webpage_parser.py:63] - INFO - procotol:http, hostname:u.ctrip.com, new_link:javascript:void(0);
2017-09-16 16:02:07,979 - [webpage_parser.py:63] - INFO - procotol:http, hostname:u.ctrip.com, new_link:javascript:void(0);
2017-09-16 16:02:07,979 - [webpage_parser.py:63] - INFO - procotol:http, hostname:u.ctrip.com, new_link:javascript:void(0);
2017-09-16 16:02:07,980 - [webpage_parser.py:63] - INFO - procotol:http, hostname:u.ctrip.com, new_link:javascript:void(0);
2017-09-16 16:02:07,980 - [webpage_parser.py:63] - INFO - procotol:http, hostname:u.ctrip.com, new_link:javascript:void(0);
2017-09-16 16:02:07,980 - [webpage_parser.py:63] - INFO - procotol:http, hostname:u.ctrip.com, new_link:javascript:void(0);
2017-09-16 16:02:07,981 - [webpage_parser.py:63] - INFO - procotol:http, hostname:u.ctrip.com, new_link:javascript:void(0);
2017-09-16 16:02:07,981 - [webpage_parser.py:63] - INFO - procotol:http, hostname:u.ctrip.com, new_link:javascript:void(0);
2017-09-16 16:02:07,981 - [webpage_parser.py:63] - INFO - procotol:http, hostname:u.ctrip.com, new_link:javascript:void(0);
2017-09-16 16:02:07,982 - [webpage_parser.py:63] - INFO - procotol:http, hostname:u.ctrip.com, new_link:javascript:void(0);
2017-09-16 16:02:07,982 - [webpage_parser.py:63] - INFO - procotol:http, hostname:u.ctrip.com, new_link:javascript:void(0);
2017-09-16 16:02:07,982 - [webpage_parser.py:63] - INFO - procotol:http, hostname:u.ctrip.com, new_link:javascript:void(0);
2017-09-16 16:02:07,982 - [webpage_parser.py:63] - INFO - procotol:http, hostname:u.ctrip.com, new_link:javascript:void(0);
2017-09-16 16:02:07,983 - [webpage_parser.py:63] - INFO - procotol:http, hostname:u.ctrip.com, new_link:javascript:void(0);
2017-09-16 16:02:07,983 - [webpage_parser.py:63] - INFO - procotol:http, hostname:u.ctrip.com, new_link:javascript:void(0);
2017-09-16 16:02:07,983 - [webpage_parser.py:63] - INFO - procotol:http, hostname:u.ctrip.com, new_link:javascript:void(0);
2017-09-16 16:02:07,984 - [webpage_parser.py:63] - INFO - procotol:http, hostname:u.ctrip.com, new_link:javascript:void(0);
2017-09-16 16:02:07,984 - [webpage_parser.py:63] - INFO - procotol:http, hostname:u.ctrip.com, new_link:javascript:void(0);
2017-09-16 16:02:07,984 - [webpage_parser.py:63] - INFO - procotol:http, hostname:u.ctrip.com, new_link:javascript:void(0);
2017-09-16 16:02:07,985 - [webpage_parser.py:63] - INFO - procotol:http, hostname:u.ctrip.com, new_link:javascript:void(0);
2017-09-16 16:02:07,985 - [webpage_parser.py:63] - INFO - procotol:http, hostname:u.ctrip.com, new_link:javascript:void(0);
2017-09-16 16:02:07,985 - [webpage_parser.py:63] - INFO - procotol:http, hostname:u.ctrip.com, new_link:javascript:void(0);
2017-09-16 16:02:07,985 - [webpage_parser.py:63] - INFO - procotol:http, hostname:u.ctrip.com, new_link:javascript:void(0);
2017-09-16 16:02:07,986 - [webpage_parser.py:63] - INFO - procotol:http, hostname:u.ctrip.com, new_link:javascript:void(0);
2017-09-16 16:02:07,986 - [webpage_parser.py:63] - INFO - procotol:http, hostname:u.ctrip.com, new_link:javascript:void(0);
2017-09-16 16:02:07,986 - [webpage_parser.py:63] - INFO - procotol:http, hostname:u.ctrip.com, new_link:javascript:void(0);
2017-09-16 16:02:07,987 - [webpage_parser.py:63] - INFO - procotol:http, hostname:u.ctrip.com, new_link:javascript:void(0);
2017-09-16 16:02:07,987 - [webpage_parser.py:63] - INFO - procotol:http, hostname:u.ctrip.com, new_link:javascript:void(0);
2017-09-16 16:02:07,987 - [webpage_parser.py:63] - INFO - procotol:http, hostname:u.ctrip.com, new_link:javascript:void(0);
2017-09-16 16:02:07,988 - [webpage_parser.py:63] - INFO - procotol:http, hostname:u.ctrip.com, new_link:javascript:void(0);
2017-09-16 16:02:07,988 - [webpage_parser.py:63] - INFO - procotol:http, hostname:u.ctrip.com, new_link:javascript:void(0);
2017-09-16 16:02:07,988 - [webpage_parser.py:63] - INFO - procotol:http, hostname:u.ctrip.com, new_link:javascript:void(0);
2017-09-16 16:02:07,989 - [webpage_parser.py:63] - INFO - procotol:http, hostname:u.ctrip.com, new_link:javascript:void(0);
2017-09-16 16:02:07,989 - [webpage_parser.py:63] - INFO - procotol:http, hostname:u.ctrip.com, new_link:javascript:void(0);
2017-09-16 16:02:07,989 - [webpage_parser.py:63] - INFO - procotol:http, hostname:u.ctrip.com, new_link:javascript:void(0);
2017-09-16 16:02:07,990 - [webpage_parser.py:63] - INFO - procotol:http, hostname:u.ctrip.com, new_link:javascript:void(0);
2017-09-16 16:02:07,990 - [webpage_parser.py:63] - INFO - procotol:http, hostname:u.ctrip.com, new_link:javascript:void(0);
2017-09-16 16:02:07,990 - [webpage_parser.py:63] - INFO - procotol:http, hostname:u.ctrip.com, new_link:javascript:void(0);
2017-09-16 16:02:07,991 - [webpage_parser.py:63] - INFO - procotol:http, hostname:u.ctrip.com, new_link:javascript:void(0);
2017-09-16 16:02:07,991 - [webpage_parser.py:63] - INFO - procotol:http, hostname:u.ctrip.com, new_link:javascript:void(0);
2017-09-16 16:02:07,991 - [webpage_parser.py:63] - INFO - procotol:http, hostname:u.ctrip.com, new_link:javascript:void(0);
2017-09-16 16:02:07,992 - [webpage_parser.py:63] - INFO - procotol:http, hostname:u.ctrip.com, new_link:javascript:void(0);
2017-09-16 16:02:07,992 - [webpage_parser.py:63] - INFO - procotol:http, hostname:u.ctrip.com, new_link:javascript:void(0);
2017-09-16 16:02:07,992 - [webpage_parser.py:63] - INFO - procotol:http, hostname:u.ctrip.com, new_link:javascript:void(0);
2017-09-16 16:02:07,993 - [webpage_parser.py:63] - INFO - procotol:http, hostname:u.ctrip.com, new_link:javascript:void(0);
2017-09-16 16:02:07,993 - [webpage_parser.py:63] - INFO - procotol:http, hostname:u.ctrip.com, new_link:javascript:void(0);
2017-09-16 16:02:07,993 - [webpage_parser.py:63] - INFO - procotol:http, hostname:u.ctrip.com, new_link:javascript:void(0);
2017-09-16 16:02:07,994 - [webpage_parser.py:63] - INFO - procotol:http, hostname:u.ctrip.com, new_link:javascript:void(0);
2017-09-16 16:02:07,994 - [webpage_parser.py:63] - INFO - procotol:http, hostname:u.ctrip.com, new_link:javascript:void(0);
2017-09-16 16:02:07,994 - [webpage_parser.py:63] - INFO - procotol:http, hostname:u.ctrip.com, new_link:javascript:void(0);
2017-09-16 16:02:07,995 - [webpage_parser.py:63] - INFO - procotol:http, hostname:u.ctrip.com, new_link:javascript:void(0);
2017-09-16 16:02:07,996 - [webpage_parser.py:63] - INFO - procotol:http, hostname:u.ctrip.com, new_link:javascript:void(0);
2017-09-16 16:02:07,996 - [webpage_parser.py:63] - INFO - procotol:http, hostname:u.ctrip.com, new_link:javascript:void(0);
2017-09-16 16:02:07,997 - [webpage_parser.py:63] - INFO - procotol:http, hostname:u.ctrip.com, new_link:javascript:void(0);
2017-09-16 16:02:07,998 - [webpage_parser.py:63] - INFO - procotol:http, hostname:u.ctrip.com, new_link:javascript:void(0);
2017-09-16 16:02:07,998 - [webpage_parser.py:63] - INFO - procotol:http, hostname:u.ctrip.com, new_link:javascript:void(0);
2017-09-16 16:02:08,000 - [webpage_parser.py:63] - INFO - procotol:http, hostname:u.ctrip.com, new_link:javascript:void(0);
2017-09-16 16:02:08,001 - [webpage_parser.py:63] - INFO - procotol:http, hostname:u.ctrip.com, new_link:javascript:void(0);
2017-09-16 16:02:08,003 - [webpage_parser.py:63] - INFO - procotol:http, hostname:u.ctrip.com, new_link:javascript:void(0);
2017-09-16 16:02:08,005 - [webpage_parser.py:63] - INFO - procotol:http, hostname:u.ctrip.com, new_link:javascript:void(0);
2017-09-16 16:02:08,007 - [webpage_parser.py:63] - INFO - procotol:http, hostname:u.ctrip.com, new_link:javascript:void(0);
2017-09-16 16:02:08,008 - [webpage_parser.py:63] - INFO - procotol:http, hostname:u.ctrip.com, new_link:javascript:void(0);
2017-09-16 16:02:08,009 - [webpage_parser.py:63] - INFO - procotol:http, hostname:u.ctrip.com, new_link:javascript:void(0);
2017-09-16 16:02:08,010 - [webpage_parser.py:63] - INFO - procotol:http, hostname:u.ctrip.com, new_link:javascript:void(0);
2017-09-16 16:02:08,011 - [webpage_parser.py:63] - INFO - procotol:http, hostname:u.ctrip.com, new_link:javascript:void(0);
2017-09-16 16:02:08,011 - [webpage_parser.py:63] - INFO - procotol:http, hostname:u.ctrip.com, new_link:javascript:void(0);
2017-09-16 16:02:08,012 - [webpage_parser.py:63] - INFO - procotol:http, hostname:u.ctrip.com, new_link:javascript:void(0);
2017-09-16 16:02:08,012 - [webpage_parser.py:63] - INFO - procotol:http, hostname:u.ctrip.com, new_link:###
2017-09-16 16:02:08,014 - [webpage_parser.py:63] - INFO - procotol:http, hostname:u.ctrip.com, new_link:###
2017-09-16 16:02:08,016 - [webpage_parser.py:63] - INFO - procotol:http, hostname:u.ctrip.com, new_link:###
2017-09-16 16:02:08,063 - [webpage_parser.py:63] - INFO - procotol:http, hostname:u.ctrip.com, new_link:###
2017-09-16 16:02:08,199 - [webpage_parser.py:63] - INFO - procotol:http, hostname:u.ctrip.com, new_link:###
2017-09-16 16:02:08,227 - [webpage_parser.py:63] - INFO - procotol:http, hostname:u.ctrip.com, new_link:###
2017-09-16 16:02:08,347 - [webpage_parser.py:63] - INFO - procotol:http, hostname:u.ctrip.com, new_link:###
2017-09-16 16:02:08,435 - [webpage_parser.py:63] - INFO - procotol:http, hostname:u.ctrip.com, new_link:javascript:void(0);
2017-09-16 16:02:08,438 - [webpage_parser.py:63] - INFO - procotol:http, hostname:u.ctrip.com, new_link:javascript:;
2017-09-16 16:02:08,563 - [webpage_parser.py:63] - INFO - procotol:http, hostname:u.ctrip.com, new_link:javascript:;
2017-09-16 16:02:08,570 - [webpage_parser.py:63] - INFO - procotol:http, hostname:u.ctrip.com, new_link:javascript:;
2017-09-16 16:02:08,578 - [webpage_parser.py:63] - INFO - procotol:http, hostname:u.ctrip.com, new_link:javascript:;
2017-09-16 16:02:08,581 - [webpage_parser.py:63] - INFO - procotol:http, hostname:u.ctrip.com, new_link:javascript:;
2017-09-16 16:02:08,592 - [webpage_parser.py:63] - INFO - procotol:http, hostname:u.ctrip.com, new_link:javascript:;
2017-09-16 16:02:08,604 - [webpage_parser.py:63] - INFO - procotol:http, hostname:u.ctrip.com, new_link:javascript:;
2017-09-16 16:02:08,609 - [webpage_parser.py:63] - INFO - procotol:http, hostname:u.ctrip.com, new_link:javascript:;
2017-09-16 16:02:08,609 - [webpage_parser.py:63] - INFO - procotol:http, hostname:u.ctrip.com, new_link:javascript:void(0);
2017-09-16 16:02:08,610 - [webpage_parser.py:63] - INFO - procotol:http, hostname:u.ctrip.com, new_link:javascript:;
2017-09-16 16:02:08,610 - [webpage_parser.py:63] - INFO - procotol:http, hostname:u.ctrip.com, new_link:javascript:;
2017-09-16 16:02:08,610 - [webpage_parser.py:63] - INFO - procotol:http, hostname:u.ctrip.com, new_link:javascript:;
2017-09-16 16:02:08,611 - [webpage_parser.py:63] - INFO - procotol:http, hostname:u.ctrip.com, new_link:javascript:;
2017-09-16 16:02:08,611 - [webpage_parser.py:63] - INFO - procotol:http, hostname:u.ctrip.com, new_link:javascript:;
2017-09-16 16:02:08,611 - [webpage_parser.py:63] - INFO - procotol:http, hostname:u.ctrip.com, new_link:javascript:;
2017-09-16 16:02:08,612 - [webpage_parser.py:63] - INFO - procotol:http, hostname:u.ctrip.com, new_link:javascript:;
2017-09-16 16:02:08,612 - [webpage_parser.py:63] - INFO - procotol:http, hostname:u.ctrip.com, new_link:javascript:;
2017-09-16 16:02:08,612 - [webpage_parser.py:63] - INFO - procotol:http, hostname:u.ctrip.com, new_link:###
2017-09-16 16:02:08,613 - [webpage_parser.py:63] - INFO - procotol:http, hostname:u.ctrip.com, new_link:###
2017-09-16 16:02:08,613 - [webpage_parser.py:63] - INFO - procotol:http, hostname:u.ctrip.com, new_link:###
2017-09-16 16:02:08,613 - [webpage_parser.py:63] - INFO - procotol:http, hostname:u.ctrip.com, new_link:###
2017-09-16 16:02:08,613 - [webpage_parser.py:63] - INFO - procotol:http, hostname:u.ctrip.com, new_link:###
2017-09-16 16:02:08,625 - [webpage_parser.py:63] - INFO - procotol:http, hostname:u.ctrip.com, new_link:###
2017-09-16 16:02:08,627 - [webpage_parser.py:63] - INFO - procotol:http, hostname:u.ctrip.com, new_link:javascript:;
2017-09-16 16:02:08,636 - [webpage_parser.py:63] - INFO - procotol:http, hostname:u.ctrip.com, new_link:javascript:;
2017-09-16 16:02:08,638 - [webpage_parser.py:63] - INFO - procotol:http, hostname:u.ctrip.com, new_link:#ctm_ref=ssc_hp_elevator_tour
2017-09-16 16:02:08,639 - [webpage_parser.py:63] - INFO - procotol:http, hostname:u.ctrip.com, new_link:#ctm_ref=ssc_hp_elevator_hotel
2017-09-16 16:02:08,640 - [webpage_parser.py:63] - INFO - procotol:http, hostname:u.ctrip.com, new_link:#ctm_ref=ssc_hp_elevator_flight
2017-09-16 16:02:08,641 - [webpage_parser.py:63] - INFO - procotol:http, hostname:u.ctrip.com, new_link:#ctm_ref=ssc_hp_elevator_car
2017-09-16 16:02:08,642 - [webpage_parser.py:63] - INFO - procotol:http, hostname:u.ctrip.com, new_link:#ctm_ref=ssc_hp_elevator_huodong
2017-09-16 16:02:08,644 - [webpage_parser.py:63] - INFO - procotol:http, hostname:u.ctrip.com, new_link:#ctm_ref=ssc_hp_elevator_buy
2017-09-16 16:02:08,647 - [webpage_parser.py:63] - INFO - procotol:http, hostname:u.ctrip.com, new_link:#ctm_ref=ssc_hp_elevator_you
2017-09-16 16:02:08,650 - [webpage_parser.py:63] - INFO - procotol:http, hostname:u.ctrip.com, new_link:#ctm_ref=ssc_hp_elevator_service
2017-09-16 16:02:08,653 - [webpage_parser.py:63] - INFO - procotol:http, hostname:u.ctrip.com, new_link:javascript:void(0);
2017-09-16 16:02:08,654 - [webpage_parser.py:63] - INFO - procotol:http, hostname:u.ctrip.com, new_link:javascript:void(0);
2017-09-16 16:02:08,656 - [webpage_parser.py:63] - INFO - procotol:http, hostname:u.ctrip.com, new_link:javascript:void(0);
2017-09-16 16:02:08,657 - [webpage_parser.py:63] - INFO - procotol:http, hostname:u.ctrip.com, new_link:javascript:void(0);
2017-09-16 16:02:08,657 - [webpage_parser.py:63] - INFO - procotol:http, hostname:u.ctrip.com, new_link:javascript:void(0);
2017-09-16 16:02:08,658 - [webpage_parser.py:63] - INFO - procotol:http, hostname:u.ctrip.com, new_link:javascript:void(0);
2017-09-16 16:02:08,665 - [webpage_parser.py:63] - INFO - procotol:http, hostname:u.ctrip.com, new_link:javascript:void(0);
2017-09-16 16:02:08,667 - [webpage_parser.py:63] - INFO - procotol:http, hostname:u.ctrip.com, new_link:javascript:void(0);
2017-09-16 16:02:08,673 - [webpage_parser.py:63] - INFO - procotol:http, hostname:u.ctrip.com, new_link:javascript:void(0);
2017-09-16 16:02:08,674 - [webpage_parser.py:63] - INFO - procotol:http, hostname:u.ctrip.com, new_link:javascript:void(0);
2017-09-16 16:02:08,674 - [webpage_parser.py:63] - INFO - procotol:http, hostname:u.ctrip.com, new_link:javascript:void(0);
2017-09-16 16:02:08,675 - [webpage_parser.py:63] - INFO - procotol:http, hostname:u.ctrip.com, new_link:javascript:void(0);
2017-09-16 16:02:08,676 - [webpage_parser.py:63] - INFO - procotol:http, hostname:u.ctrip.com, new_link:javascript:void(0);
2017-09-16 16:02:08,677 - [webpage_parser.py:63] - INFO - procotol:http, hostname:u.ctrip.com, new_link:javascript:void(0);
2017-09-16 16:02:08,677 - [webpage_parser.py:63] - INFO - procotol:http, hostname:u.ctrip.com, new_link:javascript:void(0);
2017-09-16 16:02:08,678 - [webpage_parser.py:63] - INFO - procotol:http, hostname:u.ctrip.com, new_link:javascript:void(0);
2017-09-16 16:02:08,678 - [webpage_parser.py:63] - INFO - procotol:http, hostname:u.ctrip.com, new_link:javascript:void(0);
2017-09-16 16:02:08,679 - [webpage_parser.py:63] - INFO - procotol:http, hostname:u.ctrip.com, new_link:javascript:void(0);
2017-09-16 16:02:08,679 - [webpage_parser.py:63] - INFO - procotol:http, hostname:u.ctrip.com, new_link:javascript:void(0);
2017-09-16 16:02:08,680 - [webpage_parser.py:63] - INFO - procotol:http, hostname:u.ctrip.com, new_link:javascript:void(0);
2017-09-16 16:02:08,680 - [webpage_parser.py:63] - INFO - procotol:http, hostname:u.ctrip.com, new_link:javascript:void(0);
2017-09-16 16:02:08,727 - [webpage_parser.py:63] - INFO - procotol:http, hostname:www.cctv.com, new_link:javascript:void(0);
2017-09-16 16:02:08,731 - [webpage_parser.py:63] - INFO - procotol:http, hostname:u.ctrip.com, new_link:javascript:void(0);
2017-09-16 16:02:08,732 - [webpage_parser.py:63] - INFO - procotol:http, hostname:www.cctv.com, new_link:javascript:;
2017-09-16 16:02:08,732 - [webpage_parser.py:63] - INFO - procotol:http, hostname:u.ctrip.com, new_link:javascript:void(0);
2017-09-16 16:02:08,733 - [webpage_parser.py:63] - INFO - procotol:http, hostname:www.cctv.com, new_link:javascript:void(0);
2017-09-16 16:02:08,733 - [webpage_parser.py:63] - INFO - procotol:http, hostname:u.ctrip.com, new_link:javascript:void(0);
2017-09-16 16:02:08,734 - [webpage_parser.py:63] - INFO - procotol:http, hostname:www.cctv.com, new_link:javascript:;
2017-09-16 16:02:08,734 - [webpage_parser.py:63] - INFO - procotol:http, hostname:u.ctrip.com, new_link:javascript:void(0);
2017-09-16 16:02:08,735 - [webpage_parser.py:63] - INFO - procotol:http, hostname:www.cctv.com, new_link:javascript:void(0);
2017-09-16 16:02:08,735 - [webpage_parser.py:63] - INFO - procotol:http, hostname:u.ctrip.com, new_link:javascript:void(0);
2017-09-16 16:02:08,736 - [webpage_parser.py:63] - INFO - procotol:http, hostname:www.cctv.com, new_link:javascript:void(0)
2017-09-16 16:02:08,736 - [webpage_parser.py:63] - INFO - procotol:http, hostname:u.ctrip.com, new_link:javascript:void(0);
2017-09-16 16:02:08,737 - [webpage_parser.py:63] - INFO - procotol:http, hostname:www.cctv.com, new_link:javascript:void(0)
2017-09-16 16:02:08,737 - [webpage_parser.py:63] - INFO - procotol:http, hostname:u.ctrip.com, new_link:javascript:void(0);
2017-09-16 16:02:08,738 - [webpage_parser.py:63] - INFO - procotol:http, hostname:www.cctv.com, new_link:javascript:void(0)
2017-09-16 16:02:08,738 - [webpage_parser.py:63] - INFO - procotol:http, hostname:u.ctrip.com, new_link:javascript:void(0);
2017-09-16 16:02:08,740 - [webpage_parser.py:63] - INFO - procotol:http, hostname:www.cctv.com, new_link:javascript:void(0)
2017-09-16 16:02:08,741 - [webpage_parser.py:63] - INFO - procotol:http, hostname:u.ctrip.com, new_link:javascript:void(0);
2017-09-16 16:02:08,741 - [webpage_parser.py:63] - INFO - procotol:http, hostname:www.cctv.com, new_link:javascript:void(0)
2017-09-16 16:02:08,742 - [webpage_parser.py:63] - INFO - procotol:http, hostname:u.ctrip.com, new_link:javascript:void(0);
2017-09-16 16:02:08,746 - [webpage_parser.py:63] - INFO - procotol:http, hostname:www.cctv.com, new_link:javascript:;
2017-09-16 16:02:08,746 - [webpage_parser.py:63] - INFO - procotol:http, hostname:u.ctrip.com, new_link:javascript:void(0);
2017-09-16 16:02:08,747 - [webpage_parser.py:63] - INFO - procotol:http, hostname:www.cctv.com, new_link:javascript:;
2017-09-16 16:02:08,747 - [webpage_parser.py:63] - INFO - procotol:http, hostname:u.ctrip.com, new_link:javascript:void(0);
2017-09-16 16:02:08,749 - [webpage_parser.py:63] - INFO - procotol:http, hostname:www.cctv.com, new_link:javascript:void(0)
2017-09-16 16:02:08,750 - [webpage_parser.py:63] - INFO - procotol:http, hostname:u.ctrip.com, new_link:javascript:void(0);
2017-09-16 16:02:08,750 - [webpage_parser.py:63] - INFO - procotol:http, hostname:www.cctv.com, new_link:javascript:void(0)
2017-09-16 16:02:08,751 - [webpage_parser.py:63] - INFO - procotol:http, hostname:u.ctrip.com, new_link:javascript:void(0);
2017-09-16 16:02:08,753 - [webpage_parser.py:63] - INFO - procotol:http, hostname:www.cctv.com, new_link:javascript:;
2017-09-16 16:02:08,753 - [webpage_parser.py:63] - INFO - procotol:http, hostname:u.ctrip.com, new_link:javascript:void(0);
2017-09-16 16:02:08,754 - [webpage_parser.py:63] - INFO - procotol:http, hostname:www.cctv.com, new_link:javascript:;
2017-09-16 16:02:08,754 - [webpage_parser.py:63] - INFO - procotol:http, hostname:u.ctrip.com, new_link:javascript:void(0);
2017-09-16 16:02:08,763 - [webpage_parser.py:63] - INFO - procotol:http, hostname:www.cctv.com, new_link:javascript:;
2017-09-16 16:02:08,763 - [webpage_parser.py:63] - INFO - procotol:http, hostname:u.ctrip.com, new_link:javascript:void(0);
2017-09-16 16:02:08,763 - [webpage_parser.py:63] - INFO - procotol:http, hostname:www.cctv.com, new_link:javascript:;
2017-09-16 16:02:08,764 - [webpage_parser.py:63] - INFO - procotol:http, hostname:u.ctrip.com, new_link:javascript:void(0);
2017-09-16 16:02:08,781 - [webpage_parser.py:63] - INFO - procotol:http, hostname:u.ctrip.com, new_link:javascript:void(0);
2017-09-16 16:02:08,782 - [webpage_parser.py:63] - INFO - procotol:http, hostname:u.ctrip.com, new_link:javascript:void(0);
2017-09-16 16:02:08,782 - [connectionpool.py:395] - DEBUG - https://www.nuomi.com:443 "GET /pcindex/index/trans?fr=hao123&to=ctrip HTTP/1.1" 301 0
2017-09-16 16:02:08,785 - [webpage_parser.py:63] - INFO - procotol:http, hostname:u.ctrip.com, new_link:javascript:void(0);
2017-09-16 16:02:08,789 - [webpage_parser.py:63] - INFO - procotol:http, hostname:u.ctrip.com, new_link:javascript:void(0);
2017-09-16 16:02:08,792 - [webpage_parser.py:63] - INFO - procotol:http, hostname:u.ctrip.com, new_link:javascript:void(0);
2017-09-16 16:02:08,792 - [webpage_parser.py:63] - INFO - procotol:http, hostname:u.ctrip.com, new_link:javascript:void(0);
2017-09-16 16:02:08,793 - [webpage_parser.py:63] - INFO - procotol:http, hostname:u.ctrip.com, new_link:javascript:void(0);
2017-09-16 16:02:08,793 - [webpage_parser.py:63] - INFO - procotol:http, hostname:u.ctrip.com, new_link:javascript:void(0);
2017-09-16 16:02:08,794 - [connectionpool.py:207] - DEBUG - Starting new HTTP connection (1): www.nuomi.com
2017-09-16 16:02:08,795 - [webpage_parser.py:63] - INFO - procotol:http, hostname:u.ctrip.com, new_link:javascript:void(0);
2017-09-16 16:02:08,796 - [webpage_parser.py:63] - INFO - procotol:http, hostname:u.ctrip.com, new_link:javascript:void(0);
2017-09-16 16:02:08,796 - [webpage_parser.py:63] - INFO - procotol:http, hostname:u.ctrip.com, new_link:javascript:void(0);
2017-09-16 16:02:08,799 - [webpage_parser.py:63] - INFO - procotol:http, hostname:u.ctrip.com, new_link:javascript:void(0);
2017-09-16 16:02:08,804 - [webpage_parser.py:63] - INFO - procotol:http, hostname:u.ctrip.com, new_link:javascript:void(0);
2017-09-16 16:02:08,809 - [webpage_parser.py:63] - INFO - procotol:http, hostname:u.ctrip.com, new_link:javascript:void(0);
2017-09-16 16:02:08,810 - [webpage_parser.py:63] - INFO - procotol:http, hostname:u.ctrip.com, new_link:javascript:void(0);
2017-09-16 16:02:08,813 - [webpage_parser.py:63] - INFO - procotol:http, hostname:u.ctrip.com, new_link:javascript:void(0);
2017-09-16 16:02:08,817 - [webpage_parser.py:63] - INFO - procotol:http, hostname:u.ctrip.com, new_link:javascript:void(0);
2017-09-16 16:02:08,817 - [webpage_parser.py:63] - INFO - procotol:http, hostname:u.ctrip.com, new_link:javascript:void(0);
2017-09-16 16:02:08,818 - [webpage_parser.py:63] - INFO - procotol:http, hostname:u.ctrip.com, new_link:javascript:void(0);
2017-09-16 16:02:08,818 - [webpage_parser.py:63] - INFO - procotol:http, hostname:u.ctrip.com, new_link:javascript:void(0);
2017-09-16 16:02:08,819 - [webpage_parser.py:63] - INFO - procotol:http, hostname:u.ctrip.com, new_link:javascript:void(0);
2017-09-16 16:02:08,821 - [webpage_parser.py:63] - INFO - procotol:http, hostname:u.ctrip.com, new_link:javascript:void(0);
2017-09-16 16:02:08,822 - [webpage_parser.py:63] - INFO - procotol:http, hostname:u.ctrip.com, new_link:javascript:void(0);
2017-09-16 16:02:08,823 - [webpage_parser.py:63] - INFO - procotol:http, hostname:u.ctrip.com, new_link:javascript:void(0);
2017-09-16 16:02:08,825 - [webpage_parser.py:63] - INFO - procotol:http, hostname:u.ctrip.com, new_link:javascript:void(0);
2017-09-16 16:02:08,834 - [webpage_parser.py:63] - INFO - procotol:http, hostname:u.ctrip.com, new_link:javascript:void(0);
2017-09-16 16:02:08,839 - [webpage_parser.py:63] - INFO - procotol:http, hostname:u.ctrip.com, new_link:javascript:void(0);
2017-09-16 16:02:08,840 - [webpage_parser.py:63] - INFO - procotol:http, hostname:u.ctrip.com, new_link:javascript:void(0);
2017-09-16 16:02:08,841 - [webpage_parser.py:63] - INFO - procotol:http, hostname:u.ctrip.com, new_link:javascript:void(0);
2017-09-16 16:02:08,842 - [webpage_parser.py:63] - INFO - procotol:http, hostname:u.ctrip.com, new_link:javascript:void(0);
2017-09-16 16:02:08,843 - [webpage_parser.py:63] - INFO - procotol:http, hostname:u.ctrip.com, new_link:javascript:void(0);
2017-09-16 16:02:08,845 - [webpage_parser.py:63] - INFO - procotol:http, hostname:u.ctrip.com, new_link:javascript:void(0);
2017-09-16 16:02:08,851 - [webpage_parser.py:63] - INFO - procotol:http, hostname:u.ctrip.com, new_link:javascript:void(0);
2017-09-16 16:02:08,854 - [webpage_parser.py:63] - INFO - procotol:http, hostname:u.ctrip.com, new_link:javascript:void(0);
2017-09-16 16:02:08,855 - [webpage_parser.py:63] - INFO - procotol:http, hostname:u.ctrip.com, new_link:javascript:;
2017-09-16 16:02:08,857 - [webpage_parser.py:63] - INFO - procotol:http, hostname:u.ctrip.com, new_link:javascript:;
2017-09-16 16:02:08,858 - [webpage_parser.py:63] - INFO - procotol:http, hostname:u.ctrip.com, new_link:javascript:void(0);
2017-09-16 16:02:08,868 - [connectionpool.py:395] - DEBUG - http://mil.huanqiu.com:80 "GET / HTTP/1.1" 200 80601
2017-09-16 16:02:08,872 - [webpage_saver.py:45] - INFO - url http://www.cctv.com/ is not match
2017-09-16 16:02:08,880 - [connectionpool.py:395] - DEBUG - http://www.baidu.com:80 "GET /s?word=%E6%9D%8E%E9%9B%A8%E6%A1%90%E5%86%8D%E7%88%86%E6%96%99&tn=50000028_hao_pg&ie=utf-8' HTTP/1.1" 200 None
2017-09-16 16:02:08,890 - [connectionpool.py:207] - DEBUG - Starting new HTTP connection (1): news.163.com
2017-09-16 16:02:09,028 - [webpage_parser.py:63] - INFO - procotol:http, hostname:mil.huanqiu.com, new_link:mailto:jubao@huanqiu.com
2017-09-16 16:02:09,030 - [connectionpool.py:395] - DEBUG - https://pan.baidu.com:443 "GET / HTTP/1.1" 404 None
2017-09-16 16:02:09,034 - [connectionpool.py:207] - DEBUG - Starting new HTTP connection (1): video.hao123.baidu.com
2017-09-16 16:02:09,040 - [webpage_crawler.py:115] - ERROR - crawl url https://pan.baidu.com/ failed, status code 404
2017-09-16 16:02:09,073 - [connectionpool.py:395] - DEBUG - http://www.nuomi.com:80 "GET /pcindex/index/trans?fr=hao123&to=ctrip HTTP/1.1" 302 0
2017-09-16 16:02:09,186 - [webpage_parser.py:63] - INFO - procotol:http, hostname:www.baidu.com, new_link:/
2017-09-16 16:02:09,193 - [webpage_parser.py:63] - INFO - procotol:http, hostname:www.baidu.com, new_link:javascript:;
2017-09-16 16:02:09,194 - [connectionpool.py:207] - DEBUG - Starting new HTTP connection (1): vacations.ctrip.com
2017-09-16 16:02:09,195 - [webpage_parser.py:63] - INFO - procotol:http, hostname:www.baidu.com, new_link:javascript:;
2017-09-16 16:02:09,195 - [webpage_parser.py:63] - INFO - procotol:http, hostname:www.baidu.com, new_link:javascript:;
2017-09-16 16:02:09,196 - [webpage_parser.py:63] - INFO - procotol:http, hostname:www.baidu.com, new_link:/
2017-09-16 16:02:09,196 - [webpage_parser.py:63] - INFO - procotol:http, hostname:www.baidu.com, new_link:javascript:;
2017-09-16 16:02:09,197 - [webpage_parser.py:63] - INFO - procotol:http, hostname:www.baidu.com, new_link:/s?tn=50000028_hao_pg&usm=3&wd=%E5%BC%A0%E4%B8%80%E5%B1%B1%E6%8B%8D%E6%88%8F%E9%81%AD%E8%87%AD%E9%AA%82&ie=utf-8&rsv_cq=%E6%9D%8E%E9%9B%A8%E6%A1%90%E5%86%8D%E7%88%86%E6%96%99&rsv_dl=0_right_toplist_20811
2017-09-16 16:02:09,198 - [webpage_parser.py:63] - INFO - procotol:http, hostname:www.baidu.com, new_link:/s?tn=50000028_hao_pg&usm=3&wd=%E6%9D%8E%E6%99%A8%E6%B1%82%E5%A9%9A%E8%8C%83%E5%86%B0%E5%86%B0&ie=utf-8&rsv_cq=%E6%9D%8E%E9%9B%A8%E6%A1%90%E5%86%8D%E7%88%86%E6%96%99&rsv_dl=0_right_toplist_20811
2017-09-16 16:02:09,199 - [webpage_parser.py:63] - INFO - procotol:http, hostname:www.baidu.com, new_link:/s?tn=50000028_hao_pg&usm=3&wd=%E5%91%A8%E6%98%9F%E9%A9%B0%E6%97%A7%E7%85%A7%E6%9B%9D%E5%85%89&ie=utf-8&rsv_cq=%E6%9D%8E%E9%9B%A8%E6%A1%90%E5%86%8D%E7%88%86%E6%96%99&rsv_dl=0_right_toplist_20811
2017-09-16 16:02:09,199 - [webpage_parser.py:63] - INFO - procotol:http, hostname:www.baidu.com, new_link:/s?tn=50000028_hao_pg&usm=3&wd=B%E7%AB%99%E8%AF%B7%E9%81%93%E5%A3%AB%E4%BD%9C%E6%B3%95&ie=utf-8&rsv_cq=%E6%9D%8E%E9%9B%A8%E6%A1%90%E5%86%8D%E7%88%86%E6%96%99&rsv_dl=0_right_toplist_20811
2017-09-16 16:02:09,200 - [webpage_parser.py:63] - INFO - procotol:http, hostname:www.baidu.com, new_link:/s?tn=50000028_hao_pg&usm=3&wd=%E6%9E%97%E5%BF%83%E5%A6%82%E5%BE%8B%E5%B8%88%E5%8F%91%E5%A3%B0%E6%98%8E&ie=utf-8&rsv_cq=%E6%9D%8E%E9%9B%A8%E6%A1%90%E5%86%8D%E7%88%86%E6%96%99&rsv_dl=0_right_toplist_20811
2017-09-16 16:02:09,200 - [webpage_parser.py:63] - INFO - procotol:http, hostname:www.baidu.com, new_link:/s?tn=50000028_hao_pg&usm=3&wd=%E5%BE%AE%E4%BF%A1%E9%9A%90%E7%A7%81%E4%BF%9D%E6%8A%A4%E6%8C%87%E5%BC%95&ie=utf-8&rsv_cq=%E6%9D%8E%E9%9B%A8%E6%A1%90%E5%86%8D%E7%88%86%E6%96%99&rsv_dl=0_right_toplist_20811
2017-09-16 16:02:09,200 - [webpage_parser.py:63] - INFO - procotol:http, hostname:www.baidu.com, new_link:/s?tn=50000028_hao_pg&usm=3&wd=%E9%99%88%E7%BE%BD%E5%87%A1%E5%A4%8D%E5%87%BA&ie=utf-8&rsv_cq=%E6%9D%8E%E9%9B%A8%E6%A1%90%E5%86%8D%E7%88%86%E6%96%99&rsv_dl=0_right_toplist_20811
2017-09-16 16:02:09,201 - [webpage_parser.py:63] - INFO - procotol:http, hostname:www.baidu.com, new_link:/s?tn=50000028_hao_pg&usm=3&wd=%E7%8E%8B%E5%AE%9D%E5%BC%BA%E6%9D%91%E6%B0%91%E8%B0%88%E5%AE%8B%E5%96%86&ie=utf-8&rsv_cq=%E6%9D%8E%E9%9B%A8%E6%A1%90%E5%86%8D%E7%88%86%E6%96%99&rsv_dl=0_right_toplist_20811
2017-09-16 16:02:09,201 - [webpage_parser.py:63] - INFO - procotol:http, hostname:www.baidu.com, new_link:/s?tn=50000028_hao_pg&usm=3&wd=%E4%BC%A6%E6%95%A6%E5%9C%B0%E9%93%81%E5%8F%91%E7%94%9F%E7%88%86%E7%82%B8&ie=utf-8&rsv_cq=%E6%9D%8E%E9%9B%A8%E6%A1%90%E5%86%8D%E7%88%86%E6%96%99&rsv_dl=0_right_toplist_20811
2017-09-16 16:02:09,202 - [webpage_parser.py:63] - INFO - procotol:http, hostname:www.baidu.com, new_link:/s?tn=50000028_hao_pg&usm=3&wd=%E8%B5%9B%E7%90%B3%E5%A8%9C%E6%89%8B%E6%9C%AF&ie=utf-8&rsv_cq=%E6%9D%8E%E9%9B%A8%E6%A1%90%E5%86%8D%E7%88%86%E6%96%99&rsv_dl=0_right_toplist_20811
2017-09-16 16:02:09,202 - [webpage_parser.py:63] - INFO - procotol:http, hostname:www.baidu.com, new_link:/s?tn=50000028_hao_pg&usm=3&wd=%E5%9B%BD%E5%AE%B6%E8%81%8C%E4%B8%9A%E8%B5%84%E6%A0%BC%E7%9B%AE%E5%BD%95&ie=utf-8&rsv_cq=%E6%9D%8E%E9%9B%A8%E6%A1%90%E5%86%8D%E7%88%86%E6%96%99&rsv_dl=0_right_toplist_20811
2017-09-16 16:02:09,203 - [webpage_parser.py:63] - INFO - procotol:http, hostname:www.baidu.com, new_link:/s?tn=50000028_hao_pg&usm=3&wd=%E6%9E%97%E5%BF%97%E7%8E%B2%E5%8D%8A%E8%B9%B2%E9%A2%81%E5%A5%96&ie=utf-8&rsv_cq=%E6%9D%8E%E9%9B%A8%E6%A1%90%E5%86%8D%E7%88%86%E6%96%99&rsv_dl=0_right_toplist_20811
2017-09-16 16:02:09,203 - [webpage_parser.py:63] - INFO - procotol:http, hostname:www.baidu.com, new_link:/s?tn=50000028_hao_pg&usm=3&wd=%E6%9D%8E%E9%9B%A8%E6%A1%90%E5%86%8D%E7%88%86%E6%96%99&ie=utf-8&rsv_cq=%E6%9D%8E%E9%9B%A8%E6%A1%90%E5%86%8D%E7%88%86%E6%96%99&rsv_dl=0_right_toplist_20811
2017-09-16 16:02:09,204 - [webpage_parser.py:63] - INFO - procotol:http, hostname:www.baidu.com, new_link:/s?tn=50000028_hao_pg&usm=3&wd=%E8%8C%83%E5%86%B0%E5%86%B0%E6%9D%8E%E6%99%A8%E6%92%B8%E4%B8%B2&ie=utf-8&rsv_cq=%E6%9D%8E%E9%9B%A8%E6%A1%90%E5%86%8D%E7%88%86%E6%96%99&rsv_dl=0_right_toplist_20811
2017-09-16 16:02:09,204 - [webpage_parser.py:63] - INFO - procotol:http, hostname:www.baidu.com, new_link:/s?tn=50000028_hao_pg&usm=3&wd=%E6%97%A5%E4%BC%81%E5%91%A8%E4%BC%91%E4%B8%89%E6%97%A5&ie=utf-8&rsv_cq=%E6%9D%8E%E9%9B%A8%E6%A1%90%E5%86%8D%E7%88%86%E6%96%99&rsv_dl=0_right_toplist_20811
2017-09-16 16:02:09,205 - [webpage_parser.py:63] - INFO - procotol:http, hostname:www.baidu.com, new_link:/s?tn=50000028_hao_pg&usm=3&wd=%E5%B0%8F%E5%AD%A6%E7%94%9F%E8%8E%B7%E5%9B%BD%E5%AE%B6%E4%B8%93%E5%88%A9&ie=utf-8&rsv_cq=%E6%9D%8E%E9%9B%A8%E6%A1%90%E5%86%8D%E7%88%86%E6%96%99&rsv_dl=0_right_toplist_20811
2017-09-16 16:02:09,205 - [webpage_parser.py:63] - INFO - procotol:http, hostname:www.baidu.com, new_link:/s?tn=50000028_hao_pg&usm=3&wd=%E6%B2%89%E8%BF%B7%E6%B8%B8%E6%88%8F%E7%BD%91%E5%90%A7%E5%90%83%E4%BD%8F&ie=utf-8&rsv_cq=%E6%9D%8E%E9%9B%A8%E6%A1%90%E5%86%8D%E7%88%86%E6%96%99&rsv_dl=0_right_toplist_20811
2017-09-16 16:02:09,206 - [webpage_parser.py:63] - INFO - procotol:http, hostname:www.baidu.com, new_link:/s?tn=50000028_hao_pg&usm=3&wd=8%E5%A4%A9%E9%95%BF%E5%81%876%E5%9C%BA%E5%A9%9A%E7%A4%BC&ie=utf-8&rsv_cq=%E6%9D%8E%E9%9B%A8%E6%A1%90%E5%86%8D%E7%88%86%E6%96%99&rsv_dl=0_right_toplist_20811
2017-09-16 16:02:09,206 - [webpage_parser.py:63] - INFO - procotol:http, hostname:www.baidu.com, new_link:/s?tn=50000028_hao_pg&usm=3&wd=%E9%A9%AC%E4%BC%8A%E7%90%8D%E6%96%B0%E6%88%8F%E6%8E%A5%E9%95%BF%E5%8F%91&ie=utf-8&rsv_cq=%E6%9D%8E%E9%9B%A8%E6%A1%90%E5%86%8D%E7%88%86%E6%96%99&rsv_dl=0_right_toplist_20811
2017-09-16 16:02:09,206 - [webpage_parser.py:63] - INFO - procotol:http, hostname:www.baidu.com, new_link:/s?tn=50000028_hao_pg&usm=3&wd=%E9%AA%91%E5%8D%95%E8%BD%A6%E8%BA%AB%E4%BA%A1%E6%A1%88%E5%BC%80%E5%BA%AD&ie=utf-8&rsv_cq=%E6%9D%8E%E9%9B%A8%E6%A1%90%E5%86%8D%E7%88%86%E6%96%99&rsv_dl=0_right_toplist_20811
2017-09-16 16:02:09,207 - [webpage_parser.py:63] - INFO - procotol:http, hostname:www.baidu.com, new_link:/s?tn=50000028_hao_pg&usm=3&wd=ios11%E6%AD%A3%E5%BC%8F%E7%89%88&ie=utf-8&rsv_cq=%E6%9D%8E%E9%9B%A8%E6%A1%90%E5%86%8D%E7%88%86%E6%96%99&rsv_dl=0_right_toplist_20811
2017-09-16 16:02:09,207 - [webpage_parser.py:63] - INFO - procotol:http, hostname:www.baidu.com, new_link:/s?tn=50000028_hao_pg&usm=3&wd=%E6%9E%97%E6%9B%B4%E6%96%B0%E5%9B%9E%E5%BA%94%E8%A2%AB%E9%AA%82&ie=utf-8&rsv_cq=%E6%9D%8E%E9%9B%A8%E6%A1%90%E5%86%8D%E7%88%86%E6%96%99&rsv_dl=0_right_toplist_20811
2017-09-16 16:02:09,208 - [webpage_parser.py:63] - INFO - procotol:http, hostname:www.baidu.com, new_link:/s?tn=50000028_hao_pg&usm=3&wd=%E8%97%8F%E7%8D%92%E7%BB%8F%E6%B5%8E%E5%B4%A9%E7%9B%98&ie=utf-8&rsv_cq=%E6%9D%8E%E9%9B%A8%E6%A1%90%E5%86%8D%E7%88%86%E6%96%99&rsv_dl=0_right_toplist_20811
2017-09-16 16:02:09,208 - [webpage_parser.py:63] - INFO - procotol:http, hostname:www.baidu.com, new_link:/s?tn=50000028_hao_pg&usm=3&wd=%E6%96%B0%E5%8A%A0%E5%9D%A1%E9%A6%96%E4%BD%8D%E5%A5%B3%E6%80%BB%E7%BB%9F&ie=utf-8&rsv_cq=%E6%9D%8E%E9%9B%A8%E6%A1%90%E5%86%8D%E7%88%86%E6%96%99&rsv_dl=0_right_toplist_20811
2017-09-16 16:02:09,209 - [webpage_parser.py:63] - INFO - procotol:http, hostname:www.baidu.com, new_link:/s?tn=50000028_hao_pg&usm=3&wd=%E9%95%BF%E6%B1%9F%E5%8F%A3%E5%9E%83%E5%9C%BE%E5%80%BE%E5%80%92%E6%A1%88&ie=utf-8&rsv_cq=%E6%9D%8E%E9%9B%A8%E6%A1%90%E5%86%8D%E7%88%86%E6%96%99&rsv_dl=0_right_toplist_20811
2017-09-16 16:02:09,209 - [webpage_parser.py:63] - INFO - procotol:http, hostname:www.baidu.com, new_link:/s?tn=50000028_hao_pg&usm=3&wd=%E5%8D%81%E5%B2%81%E5%A5%B3%E7%AB%A5%E8%80%83%E4%B8%8A%E5%A4%A7%E4%B8%93&ie=utf-8&rsv_cq=%E6%9D%8E%E9%9B%A8%E6%A1%90%E5%86%8D%E7%88%86%E6%96%99&rsv_dl=0_right_toplist_20811
2017-09-16 16:02:09,210 - [webpage_parser.py:63] - INFO - procotol:http, hostname:www.baidu.com, new_link:/s?tn=50000028_hao_pg&usm=3&wd=%E5%8F%8C%E5%8F%B0%E9%A3%8E%E7%BB%93%E5%AF%B9%E6%9D%A5%E8%A2%AD&ie=utf-8&rsv_cq=%E6%9D%8E%E9%9B%A8%E6%A1%90%E5%86%8D%E7%88%86%E6%96%99&rsv_dl=0_right_toplist_20811
2017-09-16 16:02:09,210 - [webpage_parser.py:63] - INFO - procotol:http, hostname:www.baidu.com, new_link:/s?tn=50000028_hao_pg&usm=3&wd=%E4%BA%AC%E4%B8%9C%E8%BF%9B%E5%86%9B%E6%88%BF%E5%9C%B0%E4%BA%A7&ie=utf-8&rsv_cq=%E6%9D%8E%E9%9B%A8%E6%A1%90%E5%86%8D%E7%88%86%E6%96%99&rsv_dl=0_right_toplist_20811
2017-09-16 16:02:09,211 - [webpage_parser.py:63] - INFO - procotol:http, hostname:www.baidu.com, new_link:/s?tn=50000028_hao_pg&usm=3&wd=%E6%AF%94%E7%89%B9%E5%B8%81%E4%B8%AD%E5%9B%BD%E5%B0%86%E5%85%B3%E5%81%9C&ie=utf-8&rsv_cq=%E6%9D%8E%E9%9B%A8%E6%A1%90%E5%86%8D%E7%88%86%E6%96%99&rsv_dl=0_right_toplist_20811
2017-09-16 16:02:09,211 - [webpage_parser.py:63] - INFO - procotol:http, hostname:www.baidu.com, new_link:/s?tn=50000028_hao_pg&usm=3&wd=%E4%BC%A0%E5%A5%87%E5%A4%A7%E7%86%8A%E7%8C%AB%E5%8E%BB%E4%B8%96&ie=utf-8&rsv_cq=%E6%9D%8E%E9%9B%A8%E6%A1%90%E5%86%8D%E7%88%86%E6%96%99&rsv_dl=0_right_toplist_20811
2017-09-16 16:02:09,214 - [webpage_parser.py:63] - INFO - procotol:http, hostname:www.baidu.com, new_link:/s?wd=%E8%96%9B%E4%B9%8B%E8%B0%A6%E5%A5%B3%E5%8F%8B%E6%9D%8E%E9%9B%A8%E6%A1%90&rsf=9&rsp=0&f=1&oq=%E6%9D%8E%E9%9B%A8%E6%A1%90%E5%86%8D%E7%88%86%E6%96%99&tn=50000028_hao_pg&ie=utf-8&usm=3&rsv_pq=f77568830000cd73&rsv_t=69dbC2XnvT4RFmLuWccUICoi0KJA2uhRfwisfCSkr2Y15jOy3v%2BiHn%2BqaIaC9daFJagBQOar&rqlang=cn&rs_src=0&rsv_pq=f77568830000cd73&rsv_t=69dbC2XnvT4RFmLuWccUICoi0KJA2uhRfwisfCSkr2Y15jOy3v%2BiHn%2BqaIaC9daFJagBQOar
2017-09-16 16:02:09,214 - [webpage_parser.py:63] - INFO - procotol:http, hostname:www.baidu.com, new_link:/s?wd=%E6%9D%8E%E9%9B%A8%E6%A1%90&rsf=9&rsp=1&f=1&oq=%E6%9D%8E%E9%9B%A8%E6%A1%90%E5%86%8D%E7%88%86%E6%96%99&tn=50000028_hao_pg&ie=utf-8&usm=3&rsv_pq=f77568830000cd73&rsv_t=69dbC2XnvT4RFmLuWccUICoi0KJA2uhRfwisfCSkr2Y15jOy3v%2BiHn%2BqaIaC9daFJagBQOar&rqlang=cn&rs_src=0&rsv_pq=f77568830000cd73&rsv_t=69dbC2XnvT4RFmLuWccUICoi0KJA2uhRfwisfCSkr2Y15jOy3v%2BiHn%2BqaIaC9daFJagBQOar
2017-09-16 16:02:09,215 - [webpage_parser.py:63] - INFO - procotol:http, hostname:www.baidu.com, new_link:/s?wd=%E8%96%9B%E4%B9%8B%E8%B0%A6%E5%92%8C%E6%9D%8E%E9%9B%A8%E6%A1%90%E5%A4%A9%E6%B6%AF&rsf=9&rsp=2&f=1&oq=%E6%9D%8E%E9%9B%A8%E6%A1%90%E5%86%8D%E7%88%86%E6%96%99&tn=50000028_hao_pg&ie=utf-8&usm=3&rsv_pq=f77568830000cd73&rsv_t=69dbC2XnvT4RFmLuWccUICoi0KJA2uhRfwisfCSkr2Y15jOy3v%2BiHn%2BqaIaC9daFJagBQOar&rqlang=cn&rs_src=0&rsv_pq=f77568830000cd73&rsv_t=69dbC2XnvT4RFmLuWccUICoi0KJA2uhRfwisfCSkr2Y15jOy3v%2BiHn%2BqaIaC9daFJagBQOar
2017-09-16 16:02:09,215 - [webpage_parser.py:63] - INFO - procotol:http, hostname:www.baidu.com, new_link:/s?wd=%E6%9D%8E%E9%9B%A8%E6%A1%90%E5%92%8C%E8%96%9B%E4%B9%8B%E8%B0%A6&rsf=9&rsp=3&f=1&oq=%E6%9D%8E%E9%9B%A8%E6%A1%90%E5%86%8D%E7%88%86%E6%96%99&tn=50000028_hao_pg&ie=utf-8&usm=3&rsv_pq=f77568830000cd73&rsv_t=69dbC2XnvT4RFmLuWccUICoi0KJA2uhRfwisfCSkr2Y15jOy3v%2BiHn%2BqaIaC9daFJagBQOar&rqlang=cn&rs_src=0&rsv_pq=f77568830000cd73&rsv_t=69dbC2XnvT4RFmLuWccUICoi0KJA2uhRfwisfCSkr2Y15jOy3v%2BiHn%2BqaIaC9daFJagBQOar
2017-09-16 16:02:09,216 - [webpage_parser.py:63] - INFO - procotol:http, hostname:www.baidu.com, new_link:/s?wd=%E6%9D%8E%E9%9B%A8%E6%A1%90%E5%92%8C%E8%96%9B%E4%B9%8B%E8%B0%A6%E6%8E%B0%E4%BA%86&rsf=9&rsp=4&f=1&oq=%E6%9D%8E%E9%9B%A8%E6%A1%90%E5%86%8D%E7%88%86%E6%96%99&tn=50000028_hao_pg&ie=utf-8&usm=3&rsv_pq=f77568830000cd73&rsv_t=69dbC2XnvT4RFmLuWccUICoi0KJA2uhRfwisfCSkr2Y15jOy3v%2BiHn%2BqaIaC9daFJagBQOar&rqlang=cn&rs_src=0&rsv_pq=f77568830000cd73&rsv_t=69dbC2XnvT4RFmLuWccUICoi0KJA2uhRfwisfCSkr2Y15jOy3v%2BiHn%2BqaIaC9daFJagBQOar
2017-09-16 16:02:09,216 - [webpage_parser.py:63] - INFO - procotol:http, hostname:www.baidu.com, new_link:/s?wd=%E6%9D%8E%E9%9B%A8%E6%A1%90%20%E8%96%9B%E4%B9%8B%E8%B0%A6&rsf=9&rsp=5&f=1&oq=%E6%9D%8E%E9%9B%A8%E6%A1%90%E5%86%8D%E7%88%86%E6%96%99&tn=50000028_hao_pg&ie=utf-8&usm=3&rsv_pq=f77568830000cd73&rsv_t=69dbC2XnvT4RFmLuWccUICoi0KJA2uhRfwisfCSkr2Y15jOy3v%2BiHn%2BqaIaC9daFJagBQOar&rqlang=cn&rs_src=0&rsv_pq=f77568830000cd73&rsv_t=69dbC2XnvT4RFmLuWccUICoi0KJA2uhRfwisfCSkr2Y15jOy3v%2BiHn%2BqaIaC9daFJagBQOar
2017-09-16 16:02:09,216 - [webpage_parser.py:63] - INFO - procotol:http, hostname:www.baidu.com, new_link:/s?wd=%E6%9D%8E%E9%9B%A8%E6%A1%90%E7%A6%BB%E5%BC%80uujuly&rsf=9&rsp=6&f=1&oq=%E6%9D%8E%E9%9B%A8%E6%A1%90%E5%86%8D%E7%88%86%E6%96%99&tn=50000028_hao_pg&ie=utf-8&usm=3&rsv_pq=f77568830000cd73&rsv_t=69dbC2XnvT4RFmLuWccUICoi0KJA2uhRfwisfCSkr2Y15jOy3v%2BiHn%2BqaIaC9daFJagBQOar&rqlang=cn&rs_src=0&rsv_pq=f77568830000cd73&rsv_t=69dbC2XnvT4RFmLuWccUICoi0KJA2uhRfwisfCSkr2Y15jOy3v%2BiHn%2BqaIaC9daFJagBQOar
2017-09-16 16:02:09,217 - [webpage_parser.py:63] - INFO - procotol:http, hostname:www.baidu.com, new_link:/s?wd=%E8%96%9B%E4%B9%8B%E8%B0%A6%E5%92%8C%E6%9D%8E%E9%9B%A8%E6%A1%90%E9%97%B9%E7%BF%BB&rsf=9&rsp=7&f=1&oq=%E6%9D%8E%E9%9B%A8%E6%A1%90%E5%86%8D%E7%88%86%E6%96%99&tn=50000028_hao_pg&ie=utf-8&usm=3&rsv_pq=f77568830000cd73&rsv_t=69dbC2XnvT4RFmLuWccUICoi0KJA2uhRfwisfCSkr2Y15jOy3v%2BiHn%2BqaIaC9daFJagBQOar&rqlang=cn&rs_src=0&rsv_pq=f77568830000cd73&rsv_t=69dbC2XnvT4RFmLuWccUICoi0KJA2uhRfwisfCSkr2Y15jOy3v%2BiHn%2BqaIaC9daFJagBQOar
2017-09-16 16:02:09,217 - [webpage_parser.py:63] - INFO - procotol:http, hostname:www.baidu.com, new_link:/s?wd=%E8%96%9B%E4%B9%8B%E8%B0%A6%E6%9D%8E%E9%9B%A8%E6%A1%90%E5%88%86%E5%AE%B6&rsf=9&rsp=8&f=1&oq=%E6%9D%8E%E9%9B%A8%E6%A1%90%E5%86%8D%E7%88%86%E6%96%99&tn=50000028_hao_pg&ie=utf-8&usm=3&rsv_pq=f77568830000cd73&rsv_t=69dbC2XnvT4RFmLuWccUICoi0KJA2uhRfwisfCSkr2Y15jOy3v%2BiHn%2BqaIaC9daFJagBQOar&rqlang=cn&rs_src=0&rsv_pq=f77568830000cd73&rsv_t=69dbC2XnvT4RFmLuWccUICoi0KJA2uhRfwisfCSkr2Y15jOy3v%2BiHn%2BqaIaC9daFJagBQOar
2017-09-16 16:02:09,218 - [webpage_parser.py:63] - INFO - procotol:http, hostname:www.baidu.com, new_link:/s?wd=%E6%9D%8E%E9%9B%A8%E6%A1%90%E5%86%8D%E7%88%86%E6%96%99&pn=10&oq=%E6%9D%8E%E9%9B%A8%E6%A1%90%E5%86%8D%E7%88%86%E6%96%99&tn=50000028_hao_pg&ie=utf-8&usm=3&rsv_pq=f77568830000cd73&rsv_t=69dbC2XnvT4RFmLuWccUICoi0KJA2uhRfwisfCSkr2Y15jOy3v%2BiHn%2BqaIaC9daFJagBQOar
2017-09-16 16:02:09,218 - [webpage_parser.py:63] - INFO - procotol:http, hostname:www.baidu.com, new_link:/s?wd=%E6%9D%8E%E9%9B%A8%E6%A1%90%E5%86%8D%E7%88%86%E6%96%99&pn=20&oq=%E6%9D%8E%E9%9B%A8%E6%A1%90%E5%86%8D%E7%88%86%E6%96%99&tn=50000028_hao_pg&ie=utf-8&usm=3&rsv_pq=f77568830000cd73&rsv_t=69dbC2XnvT4RFmLuWccUICoi0KJA2uhRfwisfCSkr2Y15jOy3v%2BiHn%2BqaIaC9daFJagBQOar
2017-09-16 16:02:09,219 - [webpage_parser.py:63] - INFO - procotol:http, hostname:www.baidu.com, new_link:/s?wd=%E6%9D%8E%E9%9B%A8%E6%A1%90%E5%86%8D%E7%88%86%E6%96%99&pn=30&oq=%E6%9D%8E%E9%9B%A8%E6%A1%90%E5%86%8D%E7%88%86%E6%96%99&tn=50000028_hao_pg&ie=utf-8&usm=3&rsv_pq=f77568830000cd73&rsv_t=69dbC2XnvT4RFmLuWccUICoi0KJA2uhRfwisfCSkr2Y15jOy3v%2BiHn%2BqaIaC9daFJagBQOar
2017-09-16 16:02:09,219 - [webpage_parser.py:63] - INFO - procotol:http, hostname:www.baidu.com, new_link:/s?wd=%E6%9D%8E%E9%9B%A8%E6%A1%90%E5%86%8D%E7%88%86%E6%96%99&pn=40&oq=%E6%9D%8E%E9%9B%A8%E6%A1%90%E5%86%8D%E7%88%86%E6%96%99&tn=50000028_hao_pg&ie=utf-8&usm=3&rsv_pq=f77568830000cd73&rsv_t=69dbC2XnvT4RFmLuWccUICoi0KJA2uhRfwisfCSkr2Y15jOy3v%2BiHn%2BqaIaC9daFJagBQOar
2017-09-16 16:02:09,220 - [webpage_parser.py:63] - INFO - procotol:http, hostname:www.baidu.com, new_link:/s?wd=%E6%9D%8E%E9%9B%A8%E6%A1%90%E5%86%8D%E7%88%86%E6%96%99&pn=50&oq=%E6%9D%8E%E9%9B%A8%E6%A1%90%E5%86%8D%E7%88%86%E6%96%99&tn=50000028_hao_pg&ie=utf-8&usm=3&rsv_pq=f77568830000cd73&rsv_t=69dbC2XnvT4RFmLuWccUICoi0KJA2uhRfwisfCSkr2Y15jOy3v%2BiHn%2BqaIaC9daFJagBQOar
2017-09-16 16:02:09,220 - [webpage_parser.py:63] - INFO - procotol:http, hostname:www.baidu.com, new_link:/s?wd=%E6%9D%8E%E9%9B%A8%E6%A1%90%E5%86%8D%E7%88%86%E6%96%99&pn=60&oq=%E6%9D%8E%E9%9B%A8%E6%A1%90%E5%86%8D%E7%88%86%E6%96%99&tn=50000028_hao_pg&ie=utf-8&usm=3&rsv_pq=f77568830000cd73&rsv_t=69dbC2XnvT4RFmLuWccUICoi0KJA2uhRfwisfCSkr2Y15jOy3v%2BiHn%2BqaIaC9daFJagBQOar
2017-09-16 16:02:09,221 - [webpage_parser.py:63] - INFO - procotol:http, hostname:www.baidu.com, new_link:/s?wd=%E6%9D%8E%E9%9B%A8%E6%A1%90%E5%86%8D%E7%88%86%E6%96%99&pn=70&oq=%E6%9D%8E%E9%9B%A8%E6%A1%90%E5%86%8D%E7%88%86%E6%96%99&tn=50000028_hao_pg&ie=utf-8&usm=3&rsv_pq=f77568830000cd73&rsv_t=69dbC2XnvT4RFmLuWccUICoi0KJA2uhRfwisfCSkr2Y15jOy3v%2BiHn%2BqaIaC9daFJagBQOar
2017-09-16 16:02:09,221 - [webpage_parser.py:63] - INFO - procotol:http, hostname:www.baidu.com, new_link:/s?wd=%E6%9D%8E%E9%9B%A8%E6%A1%90%E5%86%8D%E7%88%86%E6%96%99&pn=80&oq=%E6%9D%8E%E9%9B%A8%E6%A1%90%E5%86%8D%E7%88%86%E6%96%99&tn=50000028_hao_pg&ie=utf-8&usm=3&rsv_pq=f77568830000cd73&rsv_t=69dbC2XnvT4RFmLuWccUICoi0KJA2uhRfwisfCSkr2Y15jOy3v%2BiHn%2BqaIaC9daFJagBQOar
2017-09-16 16:02:09,222 - [webpage_parser.py:63] - INFO - procotol:http, hostname:www.baidu.com, new_link:/s?wd=%E6%9D%8E%E9%9B%A8%E6%A1%90%E5%86%8D%E7%88%86%E6%96%99&pn=90&oq=%E6%9D%8E%E9%9B%A8%E6%A1%90%E5%86%8D%E7%88%86%E6%96%99&tn=50000028_hao_pg&ie=utf-8&usm=3&rsv_pq=f77568830000cd73&rsv_t=69dbC2XnvT4RFmLuWccUICoi0KJA2uhRfwisfCSkr2Y15jOy3v%2BiHn%2BqaIaC9daFJagBQOar
2017-09-16 16:02:09,222 - [webpage_parser.py:63] - INFO - procotol:http, hostname:www.baidu.com, new_link:/s?wd=%E6%9D%8E%E9%9B%A8%E6%A1%90%E5%86%8D%E7%88%86%E6%96%99&pn=10&oq=%E6%9D%8E%E9%9B%A8%E6%A1%90%E5%86%8D%E7%88%86%E6%96%99&tn=50000028_hao_pg&ie=utf-8&usm=3&rsv_pq=f77568830000cd73&rsv_t=69dbC2XnvT4RFmLuWccUICoi0KJA2uhRfwisfCSkr2Y15jOy3v%2BiHn%2BqaIaC9daFJagBQOar&rsv_page=1
2017-09-16 16:02:09,223 - [webpage_parser.py:63] - INFO - procotol:http, hostname:www.baidu.com, new_link:javascript:;
2017-09-16 16:02:09,233 - [webpage_saver.py:45] - INFO - url http://mil.huanqiu.com/ is not match
2017-09-16 16:02:09,237 - [webpage_saver.py:45] - INFO - url http://www.baidu.com/s?word=%E6%9D%8E%E9%9B%A8%E6%A1%90%E5%86%8D%E7%88%86%E6%96%99&tn=50000028_hao_pg&ie=utf-8' is not match
2017-09-16 16:02:09,239 - [webpage_saver.py:45] - INFO - url http://u.ctrip.com/union/CtripRedirect.aspx?TypeID=2&Allianceid=1630&sid=1911&OUID=&jumpUrl=http://www.ctrip.com/ is not match
2017-09-16 16:02:09,323 - [connectionpool.py:395] - DEBUG - http://news.163.com:80 "GET / HTTP/1.1" 200 None
2017-09-16 16:02:09,530 - [connectionpool.py:395] - DEBUG - http://video.hao123.baidu.com:80 "GET /dianshi HTTP/1.1" 200 None
2017-09-16 16:02:09,713 - [webpage_parser.py:63] - INFO - procotol:http, hostname:news.163.com, new_link:javascript:void(0);
2017-09-16 16:02:09,722 - [webpage_parser.py:63] - INFO - procotol:http, hostname:news.163.com, new_link:javascript:;
2017-09-16 16:02:09,722 - [webpage_parser.py:63] - INFO - procotol:http, hostname:news.163.com, new_link:{{myState.channelbendiurl}}
2017-09-16 16:02:09,723 - [webpage_parser.py:63] - INFO - procotol:http, hostname:news.163.com, new_link:javascript:;
2017-09-16 16:02:09,723 - [webpage_parser.py:63] - INFO - procotol:http, hostname:news.163.com, new_link:javascript:;
2017-09-16 16:02:09,724 - [webpage_parser.py:63] - INFO - procotol:http, hostname:news.163.com, new_link:{{myState.channelhouseurl}}
2017-09-16 16:02:09,725 - [webpage_parser.py:63] - INFO - procotol:http, hostname:news.163.com, new_link:#prev
2017-09-16 16:02:09,725 - [webpage_parser.py:63] - INFO - procotol:http, hostname:news.163.com, new_link:#next
2017-09-16 16:02:09,735 - [webpage_parser.py:63] - INFO - procotol:http, hostname:news.163.com, new_link: http://jiankang.163.com
2017-09-16 16:02:09,737 - [webpage_parser.py:63] - INFO - procotol:http, hostname:news.163.com, new_link:javascript:;
2017-09-16 16:02:10,022 - [webpage_parser.py:63] - INFO - procotol:http, hostname:video.hao123.baidu.com, new_link:javascript:;
2017-09-16 16:02:10,024 - [webpage_parser.py:63] - INFO - procotol:http, hostname:video.hao123.baidu.com, new_link:javascript:;
2017-09-16 16:02:10,025 - [webpage_parser.py:63] - INFO - procotol:http, hostname:video.hao123.baidu.com, new_link:/v/uc
2017-09-16 16:02:10,025 - [webpage_parser.py:63] - INFO - procotol:http, hostname:video.hao123.baidu.com, new_link:javascript:;
2017-09-16 16:02:10,026 - [webpage_parser.py:63] - INFO - procotol:http, hostname:video.hao123.baidu.com, new_link:/v/uc
2017-09-16 16:02:10,026 - [webpage_parser.py:63] - INFO - procotol:http, hostname:video.hao123.baidu.com, new_link:/v/uc
2017-09-16 16:02:10,027 - [connectionpool.py:207] - DEBUG - Starting new HTTP connection (1): www.sina.com.cn
2017-09-16 16:02:10,027 - [webpage_parser.py:63] - INFO - procotol:http, hostname:video.hao123.baidu.com, new_link:javascript:;
2017-09-16 16:02:10,029 - [webpage_parser.py:63] - INFO - procotol:http, hostname:video.hao123.baidu.com, new_link:javascript:;
2017-09-16 16:02:10,034 - [webpage_parser.py:63] - INFO - procotol:http, hostname:video.hao123.baidu.com, new_link:javascript:;
2017-09-16 16:02:10,039 - [webpage_parser.py:63] - INFO - procotol:http, hostname:video.hao123.baidu.com, new_link:javascript:;
2017-09-16 16:02:10,041 - [webpage_parser.py:63] - INFO - procotol:http, hostname:video.hao123.baidu.com, new_link:/v/search?channel=tvplay&hot=%E8%92%8B%E6%AC%A3
2017-09-16 16:02:10,042 - [webpage_parser.py:63] - INFO - procotol:http, hostname:video.hao123.baidu.com, new_link:/v/search?channel=tvplay&hot=%E4%BD%9F%E5%A4%A7%E4%B8%BA
2017-09-16 16:02:10,042 - [webpage_saver.py:45] - INFO - url http://news.163.com/ is not match
2017-09-16 16:02:10,043 - [webpage_parser.py:63] - INFO - procotol:http, hostname:video.hao123.baidu.com, new_link:/v/search?channel=tvplay&hot=%E9%99%86%E6%AF%85
2017-09-16 16:02:10,043 - [webpage_parser.py:63] - INFO - procotol:http, hostname:video.hao123.baidu.com, new_link:/v/search?channel=tvplay&hot=%E9%A9%AC%E4%BC%8A%E7%90%8D
2017-09-16 16:02:10,044 - [webpage_parser.py:63] - INFO - procotol:http, hostname:video.hao123.baidu.com, new_link:/v/search?channel=tvplay&hot=%E9%98%AE%E7%BB%8F%E5%A4%A9
2017-09-16 16:02:10,044 - [webpage_parser.py:63] - INFO - procotol:http, hostname:video.hao123.baidu.com, new_link:/v/search?channel=tvplay&hot=%E5%88%98%E6%B6%9B
2017-09-16 16:02:10,044 - [webpage_parser.py:63] - INFO - procotol:http, hostname:video.hao123.baidu.com, new_link:/v/search?channel=tvplay&hot=%E9%9D%B3%E4%B8%9C
2017-09-16 16:02:10,045 - [webpage_parser.py:63] - INFO - procotol:http, hostname:video.hao123.baidu.com, new_link:/v/search?channel=tvplay&hot=%E5%88%98%E8%AF%97%E8%AF%97
2017-09-16 16:02:10,045 - [webpage_parser.py:63] - INFO - procotol:http, hostname:video.hao123.baidu.com, new_link:/v/search?channel=tvplay&hot=%E5%BC%A0%E4%B8%80%E5%B1%B1
2017-09-16 16:02:10,045 - [webpage_parser.py:63] - INFO - procotol:http, hostname:video.hao123.baidu.com, new_link:/v/search?channel=tvplay&hot=%E5%85%B3%E6%99%93%E5%BD%A4
2017-09-16 16:02:10,046 - [webpage_parser.py:63] - INFO - procotol:http, hostname:video.hao123.baidu.com, new_link:/v/search?channel=tvplay
2017-09-16 16:02:10,047 - [webpage_parser.py:63] - INFO - procotol:http, hostname:video.hao123.baidu.com, new_link:/v/search?channel=tvplay&category=%E9%83%BD%E5%B8%82
2017-09-16 16:02:10,049 - [webpage_parser.py:63] - INFO - procotol:http, hostname:video.hao123.baidu.com, new_link:/v/search?channel=tvplay&area=%E5%86%85%E5%9C%B0
2017-09-16 16:02:10,050 - [connectionpool.py:818] - DEBUG - Starting new HTTPS connection (1): www.baidu.com
2017-09-16 16:02:10,050 - [webpage_parser.py:63] - INFO - procotol:http, hostname:video.hao123.baidu.com, new_link:/v/search?channel=tvplay&category=%E6%90%9E%E7%AC%91
2017-09-16 16:02:10,051 - [webpage_parser.py:63] - INFO - procotol:http, hostname:video.hao123.baidu.com, new_link:/v/search?channel=tvplay&area=%E7%BE%8E%E5%9B%BD
2017-09-16 16:02:10,051 - [webpage_parser.py:63] - INFO - procotol:http, hostname:video.hao123.baidu.com, new_link:/v/search?channel=tvplay&category=%E5%8E%86%E5%8F%B2
2017-09-16 16:02:10,051 - [webpage_parser.py:63] - INFO - procotol:http, hostname:video.hao123.baidu.com, new_link:/v/search?channel=tvplay&category=%E4%BC%A6%E7%90%86
2017-09-16 16:02:10,052 - [webpage_parser.py:63] - INFO - procotol:http, hostname:video.hao123.baidu.com, new_link:/v/search?channel=tvplay&category=%E5%81%B6%E5%83%8F
2017-09-16 16:02:10,052 - [webpage_parser.py:63] - INFO - procotol:http, hostname:video.hao123.baidu.com, new_link:/v/search?channel=tvplay&area=%E6%97%A5%E6%9C%AC
2017-09-16 16:02:10,052 - [webpage_parser.py:63] - INFO - procotol:http, hostname:video.hao123.baidu.com, new_link:/v/search?channel=tvplay&category=%E7%8E%84%E5%B9%BB
2017-09-16 16:02:10,052 - [webpage_parser.py:63] - INFO - procotol:http, hostname:video.hao123.baidu.com, new_link:/v/search?channel=tvplay&area=%E9%9F%A9%E5%9B%BD
2017-09-16 16:02:10,053 - [webpage_parser.py:63] - INFO - procotol:http, hostname:video.hao123.baidu.com, new_link:/v/search?channel=tvplay&category=%E7%88%B1%E6%83%85
2017-09-16 16:02:10,053 - [webpage_parser.py:63] - INFO - procotol:http, hostname:video.hao123.baidu.com, new_link:/v/search?channel=tvplay&category=%E7%BD%91%E5%89%A7
2017-09-16 16:02:10,053 - [webpage_parser.py:63] - INFO - procotol:http, hostname:video.hao123.baidu.com, new_link:/v/search?channel=tvplay&category=%E8%AD%A6%E5%8C%AA
2017-09-16 16:02:10,054 - [webpage_parser.py:63] - INFO - procotol:http, hostname:video.hao123.baidu.com, new_link:javascript:;
2017-09-16 16:02:10,054 - [webpage_parser.py:63] - INFO - procotol:http, hostname:video.hao123.baidu.com, new_link:javascript:;
2017-09-16 16:02:10,055 - [webpage_parser.py:63] - INFO - procotol:http, hostname:video.hao123.baidu.com, new_link:/v/search?channel=tvplay&area=%E5%86%85%E5%9C%B0
2017-09-16 16:02:10,056 - [webpage_parser.py:63] - INFO - procotol:http, hostname:video.hao123.baidu.com, new_link:/v/search?channel=tvplay&area=%E9%9F%A9%E5%9B%BD
2017-09-16 16:02:10,056 - [webpage_parser.py:63] - INFO - procotol:http, hostname:video.hao123.baidu.com, new_link:/v/search?channel=tvplay&area=%E9%A6%99%E6%B8%AF
2017-09-16 16:02:10,056 - [webpage_parser.py:63] - INFO - procotol:http, hostname:video.hao123.baidu.com, new_link:/v/search?channel=tvplay&area=%E5%8F%B0%E6%B9%BE
2017-09-16 16:02:10,057 - [webpage_parser.py:63] - INFO - procotol:http, hostname:video.hao123.baidu.com, new_link:/v/search?channel=tvplay&area=%E7%BE%8E%E5%9B%BD
2017-09-16 16:02:10,057 - [webpage_parser.py:63] - INFO - procotol:http, hostname:video.hao123.baidu.com, new_link:javascript:;
2017-09-16 16:02:10,058 - [webpage_parser.py:63] - INFO - procotol:http, hostname:video.hao123.baidu.com, new_link:javascript:;
2017-09-16 16:02:10,059 - [webpage_parser.py:63] - INFO - procotol:http, hostname:video.hao123.baidu.com, new_link:javascript:;
2017-09-16 16:02:10,060 - [webpage_parser.py:63] - INFO - procotol:http, hostname:video.hao123.baidu.com, new_link:/v/search?channel=tvplay&category=%E5%81%B6%E5%83%8F
2017-09-16 16:02:10,061 - [webpage_parser.py:63] - INFO - procotol:http, hostname:video.hao123.baidu.com, new_link:/v/search?channel=tvplay&category=%E5%8A%A8%E4%BD%9C
2017-09-16 16:02:10,061 - [webpage_parser.py:63] - INFO - procotol:http, hostname:video.hao123.baidu.com, new_link:/v/search?channel=tvplay&category=%E5%A5%87%E5%B9%BB
2017-09-16 16:02:10,062 - [webpage_parser.py:63] - INFO - procotol:http, hostname:video.hao123.baidu.com, new_link:/v/search?channel=tvplay&category=%E5%96%9C%E5%89%A7
2017-09-16 16:02:10,062 - [webpage_parser.py:63] - INFO - procotol:http, hostname:video.hao123.baidu.com, new_link:/v/search?channel=tvplay&category=%E7%8A%AF%E7%BD%AA
2017-09-16 16:02:10,062 - [webpage_parser.py:63] - INFO - procotol:http, hostname:video.hao123.baidu.com, new_link:/v/search?channel=tvplay&category=%E7%BD%91%E5%89%A7
2017-09-16 16:02:10,063 - [webpage_parser.py:63] - INFO - procotol:http, hostname:video.hao123.baidu.com, new_link:/v/search?channel=tvplay&category=%E5%AE%B6%E5%BA%AD
2017-09-16 16:02:10,063 - [webpage_parser.py:63] - INFO - procotol:http, hostname:video.hao123.baidu.com, new_link:/v/search?channel=tvplay&category=%E4%B9%A1%E6%9D%91
2017-09-16 16:02:10,063 - [webpage_parser.py:63] - INFO - procotol:http, hostname:video.hao123.baidu.com, new_link:/v/search?channel=tvplay&category=%E5%8E%86%E5%8F%B2
2017-09-16 16:02:10,064 - [webpage_parser.py:63] - INFO - procotol:http, hostname:video.hao123.baidu.com, new_link:/v/search?channel=tvplay&category=%E6%88%98%E4%BA%89
2017-09-16 16:02:10,064 - [webpage_parser.py:63] - INFO - procotol:http, hostname:video.hao123.baidu.com, new_link:/v/search?channel=tvplay&category=%E5%8F%A4%E8%A3%85
2017-09-16 16:02:10,065 - [webpage_parser.py:63] - INFO - procotol:http, hostname:video.hao123.baidu.com, new_link:/v/search?channel=tvplay&category=%E9%9D%92%E6%98%A5
2017-09-16 16:02:10,065 - [webpage_parser.py:63] - INFO - procotol:http, hostname:video.hao123.baidu.com, new_link:/v/search?channel=tvplay&category=%E7%8A%AF%E7%BD%AA
2017-09-16 16:02:10,065 - [webpage_parser.py:63] - INFO - procotol:http, hostname:video.hao123.baidu.com, new_link:/v/search?channel=tvplay&category=%E5%A5%87%E5%B9%BB
2017-09-16 16:02:10,066 - [webpage_parser.py:63] - INFO - procotol:http, hostname:video.hao123.baidu.com, new_link:/v/search?channel=tvplay&category=%E5%95%86%E6%88%98
2017-09-16 16:02:10,066 - [webpage_parser.py:63] - INFO - procotol:http, hostname:video.hao123.baidu.com, new_link:/v/search?channel=tvplay&category=%E6%88%98%E4%BA%89
2017-09-16 16:02:10,067 - [webpage_parser.py:63] - INFO - procotol:http, hostname:video.hao123.baidu.com, new_link:/v/search?channel=tvplay&category=%E5%96%9C%E5%89%A7
2017-09-16 16:02:10,067 - [webpage_parser.py:63] - INFO - procotol:http, hostname:video.hao123.baidu.com, new_link:/v/search?channel=tvplay&category=%E5%AE%B6%E5%BA%AD
2017-09-16 16:02:10,067 - [webpage_parser.py:63] - INFO - procotol:http, hostname:video.hao123.baidu.com, new_link:/v/search?channel=tvplay&category=%E7%8A%AF%E7%BD%AA
2017-09-16 16:02:10,067 - [webpage_parser.py:63] - INFO - procotol:http, hostname:video.hao123.baidu.com, new_link:/v/search?channel=tvplay&category=%E5%8A%A8%E4%BD%9C
2017-09-16 16:02:10,070 - [webpage_parser.py:63] - INFO - procotol:http, hostname:video.hao123.baidu.com, new_link:javascript:;
2017-09-16 16:02:10,076 - [webpage_saver.py:45] - INFO - url http://video.hao123.baidu.com/dianshi is not match
2017-09-16 16:02:10,093 - [connectionpool.py:395] - DEBUG - http://vacations.ctrip.com:80 "GET /?allianceid=263187&sid=712549&ouid=hao123_zhongjianlan HTTP/1.1" 200 18319
2017-09-16 16:02:10,370 - [webpage_parser.py:63] - INFO - procotol:https, hostname:www.nuomi.com, new_link:##
2017-09-16 16:02:10,374 - [webpage_parser.py:63] - INFO - procotol:https, hostname:www.nuomi.com, new_link:javascript:
2017-09-16 16:02:10,377 - [connectionpool.py:207] - DEBUG - Starting new HTTP connection (1): www.hao123.com
2017-09-16 16:02:10,377 - [connectionpool.py:207] - DEBUG - Starting new HTTP connection (1): www.eastmoney.com
2017-09-16 16:02:10,378 - [webpage_parser.py:63] - INFO - procotol:https, hostname:www.nuomi.com, new_link:javascript:
2017-09-16 16:02:10,378 - [connectionpool.py:818] - DEBUG - Starting new HTTPS connection (1): game.hao123.com
2017-09-16 16:02:10,379 - [webpage_parser.py:63] - INFO - procotol:https, hostname:www.nuomi.com, new_link:javascript:
2017-09-16 16:02:10,380 - [webpage_parser.py:63] - INFO - procotol:https, hostname:www.nuomi.com, new_link:javascript:
2017-09-16 16:02:10,380 - [webpage_parser.py:63] - INFO - procotol:https, hostname:www.nuomi.com, new_link:javascript:
2017-09-16 16:02:10,381 - [webpage_parser.py:63] - INFO - procotol:https, hostname:www.nuomi.com, new_link:javascript:
2017-09-16 16:02:10,381 - [webpage_parser.py:63] - INFO - procotol:https, hostname:www.nuomi.com, new_link:javascript:
2017-09-16 16:02:10,381 - [webpage_parser.py:63] - INFO - procotol:https, hostname:www.nuomi.com, new_link:javascript:
2017-09-16 16:02:10,381 - [webpage_parser.py:63] - INFO - procotol:https, hostname:www.nuomi.com, new_link:javascript:
2017-09-16 16:02:10,382 - [webpage_parser.py:63] - INFO - procotol:https, hostname:www.nuomi.com, new_link:javascript:
2017-09-16 16:02:10,382 - [webpage_parser.py:63] - INFO - procotol:https, hostname:www.nuomi.com, new_link:javascript:
2017-09-16 16:02:10,383 - [webpage_parser.py:63] - INFO - procotol:https, hostname:www.nuomi.com, new_link:javascript:
2017-09-16 16:02:10,383 - [webpage_parser.py:63] - INFO - procotol:https, hostname:www.nuomi.com, new_link:javascript:
2017-09-16 16:02:10,384 - [webpage_parser.py:63] - INFO - procotol:https, hostname:www.nuomi.com, new_link:javascript:
2017-09-16 16:02:10,384 - [webpage_parser.py:63] - INFO - procotol:https, hostname:www.nuomi.com, new_link:javascript:;
2017-09-16 16:02:10,384 - [webpage_parser.py:63] - INFO - procotol:https, hostname:www.nuomi.com, new_link:javascript:;
2017-09-16 16:02:10,385 - [webpage_parser.py:63] - INFO - procotol:https, hostname:www.nuomi.com, new_link:/themetravel
2017-09-16 16:02:10,385 - [webpage_parser.py:63] - INFO - procotol:https, hostname:www.nuomi.com, new_link:/whole-0B126/?searchValue=%E7%88%B8%E5%A6%88%E6%94%BE%E5%BF%83%E6%B8%B8&searchText=%E7%88%B8%E5%A6%88%E6%94%BE%E5%BF%83%E6%B8%B8
2017-09-16 16:02:10,386 - [webpage_parser.py:63] - INFO - procotol:https, hostname:www.nuomi.com, new_link:/tours/d-shanghaidisneyresort-1446916
2017-09-16 16:02:10,386 - [webpage_parser.py:63] - INFO - procotol:https, hostname:www.nuomi.com, new_link:/whole-0B126/?searchValue=%E8%9C%9C%E6%9C%88%E6%B8%B8&searchText=%E8%9C%9C%E6%9C%88%E6%B8%B8
2017-09-16 16:02:10,386 - [webpage_parser.py:63] - INFO - procotol:https, hostname:www.nuomi.com, new_link:/themetravel/tubu
2017-09-16 16:02:10,387 - [webpage_parser.py:63] - INFO - procotol:https, hostname:www.nuomi.com, new_link:/themetravel/yueyezijia
2017-09-16 16:02:10,387 - [webpage_parser.py:63] - INFO - procotol:https, hostname:www.nuomi.com, new_link:/whole-B126/?searchValue=%E5%91%A8%E8%BE%B9&searchText=%E5%91%A8%E8%BE%B9&from=do
2017-09-16 16:02:10,387 - [webpage_parser.py:63] - INFO - procotol:https, hostname:www.nuomi.com, new_link:/tours/d-hangzhou-14
2017-09-16 16:02:10,388 - [webpage_parser.py:63] - INFO - procotol:https, hostname:www.nuomi.com, new_link:/tours/d-qiandaohu-17
2017-09-16 16:02:10,388 - [webpage_parser.py:63] - INFO - procotol:https, hostname:www.nuomi.com, new_link:/tours/d-putuoshan-16
2017-09-16 16:02:10,389 - [webpage_parser.py:63] - INFO - procotol:https, hostname:www.nuomi.com, new_link:/tours/d-huangshan-19
2017-09-16 16:02:10,389 - [webpage_parser.py:63] - INFO - procotol:https, hostname:www.nuomi.com, new_link:/tours/d-nanjing-9
2017-09-16 16:02:10,389 - [webpage_parser.py:63] - INFO - procotol:https, hostname:www.nuomi.com, new_link:/tours/d-xitang-15
2017-09-16 16:02:10,390 - [webpage_parser.py:63] - INFO - procotol:https, hostname:www.nuomi.com, new_link:/tours/d-wuzhen-508
2017-09-16 16:02:10,390 - [webpage_parser.py:63] - INFO - procotol:https, hostname:www.nuomi.com, new_link:/tours/d-sanya-61
2017-09-16 16:02:10,391 - [webpage_parser.py:63] - INFO - procotol:https, hostname:www.nuomi.com, new_link:/tours/d-lijiang-32
2017-09-16 16:02:10,391 - [webpage_parser.py:63] - INFO - procotol:https, hostname:www.nuomi.com, new_link:/tours/d-dalian-4
2017-09-16 16:02:10,391 - [webpage_parser.py:63] - INFO - procotol:https, hostname:www.nuomi.com, new_link:/tours/d-xiamen-21
2017-09-16 16:02:10,392 - [webpage_parser.py:63] - INFO - procotol:https, hostname:www.nuomi.com, new_link:/tours/d-beijing-1
2017-09-16 16:02:10,392 - [webpage_parser.py:63] - INFO - procotol:https, hostname:www.nuomi.com, new_link:/tours/d-qingdao-5
2017-09-16 16:02:10,392 - [webpage_parser.py:63] - INFO - procotol:https, hostname:www.nuomi.com, new_link:/tours/d-zhangjiajie-23
2017-09-16 16:02:10,393 - [webpage_parser.py:63] - INFO - procotol:https, hostname:www.nuomi.com, new_link:/tours/d-guilin-28
2017-09-16 16:02:10,393 - [webpage_parser.py:63] - INFO - procotol:https, hostname:www.nuomi.com, new_link:/tours/d-huangshan-19
2017-09-16 16:02:10,393 - [webpage_parser.py:63] - INFO - procotol:https, hostname:www.nuomi.com, new_link:/tours/d-xian-7
2017-09-16 16:02:10,394 - [webpage_parser.py:63] - INFO - procotol:https, hostname:www.nuomi.com, new_link:/tours/d-changjiangsanxia-109
2017-09-16 16:02:10,394 - [webpage_parser.py:63] - INFO - procotol:https, hostname:www.nuomi.com, new_link:/tours/d-lhasa-36
2017-09-16 16:02:10,394 - [webpage_parser.py:63] - INFO - procotol:https, hostname:www.nuomi.com, new_link:/tours/d-chengdu-104
2017-09-16 16:02:10,395 - [webpage_parser.py:63] - INFO - procotol:https, hostname:www.nuomi.com, new_link:/tours/d-hongkong-38
2017-09-16 16:02:10,395 - [webpage_parser.py:63] - INFO - procotol:https, hostname:www.nuomi.com, new_link:/tours/d-macau-39
2017-09-16 16:02:10,395 - [webpage_parser.py:63] - INFO - procotol:https, hostname:www.nuomi.com, new_link:/tours/d-taiwan-100076
2017-09-16 16:02:10,396 - [webpage_parser.py:63] - INFO - procotol:https, hostname:www.nuomi.com, new_link:/tours/s-hongkong-10558849
2017-09-16 16:02:10,396 - [webpage_parser.py:63] - INFO - procotol:https, hostname:www.nuomi.com, new_link:/tours/d-taipeicity-360
2017-09-16 16:02:10,396 - [webpage_parser.py:63] - INFO - procotol:https, hostname:www.nuomi.com, new_link:/tours/d-SunmoonLake-120492
2017-09-16 16:02:10,396 - [webpage_parser.py:63] - INFO - procotol:https, hostname:www.nuomi.com, new_link:/tours/d-gaoxiong-756
2017-09-16 16:02:10,397 - [webpage_parser.py:63] - INFO - procotol:https, hostname:www.nuomi.com, new_link:/tours/d-kenting-1380
2017-09-16 16:02:10,397 - [webpage_parser.py:63] - INFO - procotol:https, hostname:www.nuomi.com, new_link:/tours/d-japan-100041
2017-09-16 16:02:10,397 - [webpage_parser.py:63] - INFO - procotol:https, hostname:www.nuomi.com, new_link:/tours/d-mongolia-20391
2017-09-16 16:02:10,398 - [webpage_parser.py:63] - INFO - procotol:https, hostname:www.nuomi.com, new_link:/tours/d-tokyo-294
2017-09-16 16:02:10,398 - [webpage_parser.py:63] - INFO - procotol:https, hostname:www.nuomi.com, new_link:/tours/d-osaka-293
2017-09-16 16:02:10,398 - [webpage_parser.py:63] - INFO - procotol:https, hostname:www.nuomi.com, new_link:/tours/d-hokkaido-296
2017-09-16 16:02:10,399 - [webpage_parser.py:63] - INFO - procotol:https, hostname:www.nuomi.com, new_link:/tours/d-okinawa-292
2017-09-16 16:02:10,399 - [webpage_parser.py:63] - INFO - procotol:https, hostname:www.nuomi.com, new_link:/tours/r-dongnanya-110
2017-09-16 16:02:10,400 - [webpage_parser.py:63] - INFO - procotol:https, hostname:www.nuomi.com, new_link:/tours/r-nanya-109
2017-09-16 16:02:10,400 - [webpage_parser.py:63] - INFO - procotol:https, hostname:www.nuomi.com, new_link:/tours/d-maldives-330
2017-09-16 16:02:10,400 - [webpage_parser.py:63] - INFO - procotol:https, hostname:www.nuomi.com, new_link:/tours/d-bali-438
2017-09-16 16:02:10,401 - [webpage_parser.py:63] - INFO - procotol:https, hostname:www.nuomi.com, new_link:/tours/d-thailand-100021
2017-09-16 16:02:10,401 - [webpage_parser.py:63] - INFO - procotol:https, hostname:www.nuomi.com, new_link:/tours/d-singapore-21396
2017-09-16 16:02:10,401 - [webpage_parser.py:63] - INFO - procotol:https, hostname:www.nuomi.com, new_link:/tours/d-philippines-100044
2017-09-16 16:02:10,402 - [webpage_parser.py:63] - INFO - procotol:https, hostname:www.nuomi.com, new_link:/tours/d-cambodia-100081
2017-09-16 16:02:10,402 - [webpage_parser.py:63] - INFO - procotol:https, hostname:www.nuomi.com, new_link:/tours/d-srilanka-100084
2017-09-16 16:02:10,402 - [webpage_parser.py:63] - INFO - procotol:https, hostname:www.nuomi.com, new_link:/tours/d-saipan-569
2017-09-16 16:02:10,403 - [webpage_parser.py:63] - INFO - procotol:https, hostname:www.nuomi.com, new_link:/tours/r-europe-120002
2017-09-16 16:02:10,403 - [webpage_parser.py:63] - INFO - procotol:https, hostname:www.nuomi.com, new_link:/tours/d-italy-100026
2017-09-16 16:02:10,403 - [webpage_parser.py:63] - INFO - procotol:https, hostname:www.nuomi.com, new_link:/tours/d-unitedkingdom-20354
2017-09-16 16:02:10,403 - [webpage_parser.py:63] - INFO - procotol:https, hostname:www.nuomi.com, new_link:/tours/d-spain-100035
2017-09-16 16:02:10,404 - [webpage_parser.py:63] - INFO - procotol:https, hostname:www.nuomi.com, new_link:/tours/d-france-100024
2017-09-16 16:02:10,404 - [webpage_parser.py:63] - INFO - procotol:https, hostname:www.nuomi.com, new_link:/tours/d-switzerland-100050
2017-09-16 16:02:10,404 - [webpage_parser.py:63] - INFO - procotol:https, hostname:www.nuomi.com, new_link:/tours/d-germany-100025
2017-09-16 16:02:10,405 - [webpage_parser.py:63] - INFO - procotol:https, hostname:www.nuomi.com, new_link:/tours/d-greece-100036
2017-09-16 16:02:10,405 - [webpage_parser.py:63] - INFO - procotol:https, hostname:www.nuomi.com, new_link:/tours/d-russia-100083
2017-09-16 16:02:10,405 - [webpage_parser.py:63] - INFO - procotol:https, hostname:www.nuomi.com, new_link:/tours/r-meizhou-102
2017-09-16 16:02:10,406 - [webpage_parser.py:63] - INFO - procotol:https, hostname:www.nuomi.com, new_link:/tours/d-unitedstates-100047
2017-09-16 16:02:10,406 - [webpage_parser.py:63] - INFO - procotol:https, hostname:www.nuomi.com, new_link:/tours/d-hawaii-251
2017-09-16 16:02:10,406 - [webpage_parser.py:63] - INFO - procotol:https, hostname:www.nuomi.com, new_link:/tours/d-canada-100029
2017-09-16 16:02:10,407 - [webpage_parser.py:63] - INFO - procotol:https, hostname:www.nuomi.com, new_link:/tours/d-losangeles-250
2017-09-16 16:02:10,407 - [webpage_parser.py:63] - INFO - procotol:https, hostname:www.nuomi.com, new_link:/tours/d-newyork-248
2017-09-16 16:02:10,407 - [webpage_parser.py:63] - INFO - procotol:https, hostname:www.nuomi.com, new_link:/tours/d-guam-1422
2017-09-16 16:02:10,407 - [webpage_parser.py:63] - INFO - procotol:https, hostname:www.nuomi.com, new_link:/tours/d-sanfrancisco-249
2017-09-16 16:02:10,408 - [webpage_parser.py:63] - INFO - procotol:https, hostname:www.nuomi.com, new_link:/tours/d-brasil-100109
2017-09-16 16:02:10,408 - [webpage_parser.py:63] - INFO - procotol:https, hostname:www.nuomi.com, new_link:/tours/r-axnt-114
2017-09-16 16:02:10,408 - [webpage_parser.py:63] - INFO - procotol:https, hostname:www.nuomi.com, new_link:/tours/r-zhongdongfei-113
2017-09-16 16:02:10,409 - [webpage_parser.py:63] - INFO - procotol:https, hostname:www.nuomi.com, new_link:/tours/d-australia-100048
2017-09-16 16:02:10,409 - [webpage_parser.py:63] - INFO - procotol:https, hostname:www.nuomi.com, new_link:/tours/d-newzealand-100078
2017-09-16 16:02:10,409 - [webpage_parser.py:63] - INFO - procotol:https, hostname:www.nuomi.com, new_link:/tours/d-mauritius-444
2017-09-16 16:02:10,410 - [webpage_parser.py:63] - INFO - procotol:https, hostname:www.nuomi.com, new_link:/tours/d-dubai-1062
2017-09-16 16:02:10,410 - [webpage_parser.py:63] - INFO - procotol:https, hostname:www.nuomi.com, new_link:/tours/d-egypt-100030
2017-09-16 16:02:10,410 - [webpage_parser.py:63] - INFO - procotol:https, hostname:www.nuomi.com, new_link:/tours/d-seychelles-100153
2017-09-16 16:02:10,411 - [webpage_parser.py:63] - INFO - procotol:https, hostname:www.nuomi.com, new_link:/tours/d-kenya-100087
2017-09-16 16:02:10,411 - [webpage_parser.py:63] - INFO - procotol:https, hostname:www.nuomi.com, new_link:/Package-Booking-VacationsOnlineSiteUI/NoticeDetail.aspx?id=566
2017-09-16 16:02:10,412 - [webpage_parser.py:63] - INFO - procotol:https, hostname:www.nuomi.com, new_link:/Package-Booking-VacationsOnlineSiteUI/NoticeDetail.aspx?id=564
2017-09-16 16:02:10,412 - [webpage_parser.py:63] - INFO - procotol:https, hostname:www.nuomi.com, new_link:/Package-Booking-VacationsOnlineSiteUI/NoticeDetail.aspx?id=563
2017-09-16 16:02:10,412 - [webpage_parser.py:63] - INFO - procotol:https, hostname:www.nuomi.com, new_link:/Package-Booking-VacationsOnlineSiteUI/NoticeDetail.aspx?id=562
2017-09-16 16:02:10,413 - [webpage_parser.py:63] - INFO - procotol:https, hostname:www.nuomi.com, new_link:/Package-Booking-VacationsOnlineSiteUI/NoticeDetail.aspx?id=561
2017-09-16 16:02:10,413 - [webpage_parser.py:63] - INFO - procotol:https, hostname:www.nuomi.com, new_link:/Package-Booking-VacationsOnlineSiteUI/NoticeDetail.aspx?id=560
2017-09-16 16:02:10,413 - [webpage_parser.py:63] - INFO - procotol:https, hostname:www.nuomi.com, new_link:/Package-Booking-VacationsOnlineSiteUI/NoticeDetail.aspx?id=559
2017-09-16 16:02:10,413 - [webpage_parser.py:63] - INFO - procotol:https, hostname:www.nuomi.com, new_link:/Package-Booking-VacationsOnlineSiteUI/NoticeDetail.aspx?id=558
2017-09-16 16:02:10,414 - [webpage_parser.py:63] - INFO - procotol:https, hostname:www.nuomi.com, new_link:/Package-Booking-VacationsOnlineSiteUI/NoticeDetail.aspx?id=555
2017-09-16 16:02:10,414 - [webpage_parser.py:63] - INFO - procotol:https, hostname:www.nuomi.com, new_link:/Package-Booking-VacationsOnlineSiteUI/NoticeDetail.aspx?id=554
2017-09-16 16:02:10,414 - [webpage_parser.py:63] - INFO - procotol:https, hostname:www.nuomi.com, new_link:/Package-Booking-VacationsOnlineSiteUI/NoticeDetail.aspx?id=553
2017-09-16 16:02:10,415 - [webpage_parser.py:63] - INFO - procotol:https, hostname:www.nuomi.com, new_link:/Package-Booking-VacationsOnlineSiteUI/NoticeDetail.aspx?id=552
2017-09-16 16:02:10,415 - [webpage_parser.py:63] - INFO - procotol:https, hostname:www.nuomi.com, new_link:/Package-Booking-VacationsOnlineSiteUI/NoticeDetail.aspx?id=551
2017-09-16 16:02:10,415 - [webpage_parser.py:63] - INFO - procotol:https, hostname:www.nuomi.com, new_link:/Package-Booking-VacationsOnlineSiteUI/NoticeDetail.aspx?id=550
2017-09-16 16:02:10,416 - [webpage_parser.py:63] - INFO - procotol:https, hostname:www.nuomi.com, new_link:/Package-Booking-VacationsOnlineSiteUI/NoticeDetail.aspx?id=548
2017-09-16 16:02:10,416 - [webpage_parser.py:63] - INFO - procotol:https, hostname:www.nuomi.com, new_link:/Package-Booking-VacationsOnlineSiteUI/NoticeDetail.aspx?id=543
2017-09-16 16:02:10,416 - [webpage_parser.py:63] - INFO - procotol:https, hostname:www.nuomi.com, new_link:/Package-Booking-VacationsOnlineSiteUI/NoticeDetail.aspx?id=542
2017-09-16 16:02:10,417 - [webpage_parser.py:63] - INFO - procotol:https, hostname:www.nuomi.com, new_link:/Package-Booking-VacationsOnlineSiteUI/NoticeDetail.aspx?id=541
2017-09-16 16:02:10,417 - [webpage_parser.py:63] - INFO - procotol:https, hostname:www.nuomi.com, new_link:/Package-Booking-VacationsOnlineSiteUI/NoticeDetail.aspx?id=539
2017-09-16 16:02:10,417 - [webpage_parser.py:63] - INFO - procotol:https, hostname:www.nuomi.com, new_link:/Package-Booking-VacationsOnlineSiteUI/NoticeDetail.aspx?id=535
2017-09-16 16:02:10,418 - [webpage_parser.py:63] - INFO - procotol:https, hostname:www.nuomi.com, new_link:/Package-Booking-VacationsOnlineSiteUI/NoticeDetail.aspx?id=517
2017-09-16 16:02:10,418 - [webpage_parser.py:63] - INFO - procotol:https, hostname:www.nuomi.com, new_link:/Package-Booking-VacationsOnlineSiteUI/NoticeList.aspx
2017-09-16 16:02:10,420 - [webpage_parser.py:63] - INFO - procotol:https, hostname:www.nuomi.com, new_link:/tours
2017-09-16 16:02:10,420 - [webpage_parser.py:63] - INFO - procotol:https, hostname:www.nuomi.com, new_link:/tours/inter
2017-09-16 16:02:10,420 - [webpage_parser.py:63] - INFO - procotol:https, hostname:www.nuomi.com, new_link:/tours/d-yunnan-100007
2017-09-16 16:02:10,421 - [webpage_parser.py:63] - INFO - procotol:https, hostname:www.nuomi.com, new_link:/tours/d-hainan-100001
2017-09-16 16:02:10,421 - [webpage_parser.py:63] - INFO - procotol:https, hostname:www.nuomi.com, new_link:/tours/d-xizang-100003
2017-09-16 16:02:10,421 - [webpage_parser.py:63] - INFO - procotol:https, hostname:www.nuomi.com, new_link:/tours/d-sichuan-100009
2017-09-16 16:02:10,422 - [webpage_parser.py:63] - INFO - procotol:https, hostname:www.nuomi.com, new_link:/tours/d-taiwan-100076
2017-09-16 16:02:10,422 - [webpage_parser.py:63] - INFO - procotol:https, hostname:www.nuomi.com, new_link:/tours/d-zhejiang-100065
2017-09-16 16:02:10,422 - [webpage_parser.py:63] - INFO - procotol:https, hostname:www.nuomi.com, new_link:/tours/d-shanxi-100056
2017-09-16 16:02:10,422 - [webpage_parser.py:63] - INFO - procotol:https, hostname:www.nuomi.com, new_link:/tours/d-shandong-100039
2017-09-16 16:02:10,423 - [webpage_parser.py:63] - INFO - procotol:https, hostname:www.nuomi.com, new_link:/tours/d-xinjiang-100008
2017-09-16 16:02:10,423 - [webpage_parser.py:63] - INFO - procotol:https, hostname:www.nuomi.com, new_link:/tours/d-heilongjiang-100055
2017-09-16 16:02:10,423 - [webpage_parser.py:63] - INFO - procotol:https, hostname:www.nuomi.com, new_link:/tours/d-jilin-100031
2017-09-16 16:02:10,424 - [webpage_parser.py:63] - INFO - procotol:https, hostname:www.nuomi.com, new_link:/tours/d-liaoning-100061
2017-09-16 16:02:10,424 - [webpage_parser.py:63] - INFO - procotol:https, hostname:www.nuomi.com, new_link:/tours/d-hebei-100059
2017-09-16 16:02:10,424 - [webpage_parser.py:63] - INFO - procotol:https, hostname:www.nuomi.com, new_link:/tours/d-henan-100058
2017-09-16 16:02:10,425 - [webpage_parser.py:63] - INFO - procotol:https, hostname:www.nuomi.com, new_link:/tours/d-shanxi-100057
2017-09-16 16:02:10,425 - [webpage_parser.py:63] - INFO - procotol:https, hostname:www.nuomi.com, new_link:/tours/d-gansu-100060
2017-09-16 16:02:10,425 - [webpage_parser.py:63] - INFO - procotol:https, hostname:www.nuomi.com, new_link:/tours/d-ningxia-100063
2017-09-16 16:02:10,426 - [webpage_parser.py:63] - INFO - procotol:https, hostname:www.nuomi.com, new_link:/tours/d-jiangsu-100066
2017-09-16 16:02:10,426 - [webpage_parser.py:63] - INFO - procotol:https, hostname:www.nuomi.com, new_link:/tours/d-anhui-100068
2017-09-16 16:02:10,426 - [webpage_parser.py:63] - INFO - procotol:https, hostname:www.nuomi.com, new_link:/tours/d-jiangxi-100054
2017-09-16 16:02:10,427 - [webpage_parser.py:63] - INFO - procotol:https, hostname:www.nuomi.com, new_link:/tours/d-fujian-100038
2017-09-16 16:02:10,427 - [webpage_parser.py:63] - INFO - procotol:https, hostname:www.nuomi.com, new_link:/tours/d-hubei-100067
2017-09-16 16:02:10,427 - [webpage_parser.py:63] - INFO - procotol:https, hostname:www.nuomi.com, new_link:/tours/d-hunan-100053
2017-09-16 16:02:10,428 - [webpage_parser.py:63] - INFO - procotol:https, hostname:www.nuomi.com, new_link:/tours/d-guangdong-100051
2017-09-16 16:02:10,428 - [webpage_parser.py:63] - INFO - procotol:https, hostname:www.nuomi.com, new_link:/tours/d-guangxi-100052
2017-09-16 16:02:10,428 - [webpage_parser.py:63] - INFO - procotol:https, hostname:www.nuomi.com, new_link:/tours/d-guizhou-100064
2017-09-16 16:02:10,428 - [webpage_parser.py:63] - INFO - procotol:https, hostname:www.nuomi.com, new_link:/tours/d-qinghai-100032
2017-09-16 16:02:10,429 - [webpage_parser.py:63] - INFO - procotol:https, hostname:www.nuomi.com, new_link:/tours/d-neimenggu-100062
2017-09-16 16:02:10,429 - [webpage_parser.py:63] - INFO - procotol:https, hostname:www.nuomi.com, new_link:/tours/d-hongkong-38
2017-09-16 16:02:10,429 - [webpage_parser.py:63] - INFO - procotol:https, hostname:www.nuomi.com, new_link:/tours/d-xiamen-21
2017-09-16 16:02:10,430 - [webpage_parser.py:63] - INFO - procotol:https, hostname:www.nuomi.com, new_link:/tours/d-qingdao-5
2017-09-16 16:02:10,430 - [webpage_parser.py:63] - INFO - procotol:https, hostname:www.nuomi.com, new_link:/tours/d-guilin-28
2017-09-16 16:02:10,430 - [webpage_parser.py:63] - INFO - procotol:https, hostname:www.nuomi.com, new_link:/tours/d-beijing-1
2017-09-16 16:02:10,431 - [webpage_parser.py:63] - INFO - procotol:https, hostname:www.nuomi.com, new_link:/tours/d-hangzhou-14
2017-09-16 16:02:10,431 - [webpage_parser.py:63] - INFO - procotol:https, hostname:www.nuomi.com, new_link:/tours/d-lijiang-32
2017-09-16 16:02:10,431 - [webpage_parser.py:63] - INFO - procotol:https, hostname:www.nuomi.com, new_link:/tours/d-shanghai-2
2017-09-16 16:02:10,432 - [webpage_parser.py:63] - INFO - procotol:https, hostname:www.nuomi.com, new_link:/tours/d-sanya-61
2017-09-16 16:02:10,432 - [webpage_parser.py:63] - INFO - procotol:https, hostname:www.nuomi.com, new_link:/tours/d-nanjing-9
2017-09-16 16:02:10,432 - [webpage_parser.py:63] - INFO - procotol:https, hostname:www.nuomi.com, new_link:/tours/d-dali-31
2017-09-16 16:02:10,433 - [webpage_parser.py:63] - INFO - procotol:https, hostname:www.nuomi.com, new_link:/tours/d-dalian-4
2017-09-16 16:02:10,433 - [webpage_parser.py:63] - INFO - procotol:https, hostname:www.nuomi.com, new_link:/tours/d-tianjin-154
2017-09-16 16:02:10,433 - [webpage_parser.py:63] - INFO - procotol:https, hostname:www.nuomi.com, new_link:/tours/d-jinan-128
2017-09-16 16:02:10,433 - [webpage_parser.py:63] - INFO - procotol:https, hostname:www.nuomi.com, new_link:/tours/d-changsha-148
2017-09-16 16:02:10,434 - [webpage_parser.py:63] - INFO - procotol:https, hostname:www.nuomi.com, new_link:/tours/d-zhuhai-27
2017-09-16 16:02:10,434 - [webpage_parser.py:63] - INFO - procotol:https, hostname:www.nuomi.com, new_link:/tours/d-wuxi-10
2017-09-16 16:02:10,434 - [webpage_parser.py:63] - INFO - procotol:https, hostname:www.nuomi.com, new_link:/tours/d-yangzhou-12
2017-09-16 16:02:10,435 - [webpage_parser.py:63] - INFO - procotol:https, hostname:www.nuomi.com, new_link:/tours/d-ningbo-83
2017-09-16 16:02:10,435 - [webpage_parser.py:63] - INFO - procotol:https, hostname:www.nuomi.com, new_link:/tours/d-lushan-20
2017-09-16 16:02:10,435 - [webpage_parser.py:63] - INFO - procotol:https, hostname:www.nuomi.com, new_link:/tours/d-dunhuang-8
2017-09-16 16:02:10,436 - [webpage_parser.py:63] - INFO - procotol:https, hostname:www.nuomi.com, new_link:/tours/d-luoyang-198
2017-09-16 16:02:10,436 - [webpage_parser.py:63] - INFO - procotol:https, hostname:www.nuomi.com, new_link:/tours/d-wuhan-145
2017-09-16 16:02:10,436 - [webpage_parser.py:63] - INFO - procotol:https, hostname:www.nuomi.com, new_link:/tours/d-taishan-6
2017-09-16 16:02:10,437 - [webpage_parser.py:63] - INFO - procotol:https, hostname:www.nuomi.com, new_link:/tours/d-guangzhou-152
2017-09-16 16:02:10,437 - [webpage_parser.py:63] - INFO - procotol:https, hostname:www.nuomi.com, new_link:/tours/d-kunming-29
2017-09-16 16:02:10,437 - [webpage_parser.py:63] - INFO - procotol:https, hostname:www.nuomi.com, new_link:/tours/d-suzhou-11
2017-09-16 16:02:10,438 - [webpage_parser.py:63] - INFO - procotol:https, hostname:www.nuomi.com, new_link:/tours/d-xian-7
2017-09-16 16:02:10,438 - [webpage_parser.py:63] - INFO - procotol:https, hostname:www.nuomi.com, new_link:/tours/d-huangshan-19
2017-09-16 16:02:10,438 - [webpage_parser.py:63] - INFO - procotol:https, hostname:www.nuomi.com, new_link:/tours/d-shenzhen-26
2017-09-16 16:02:10,438 - [webpage_parser.py:63] - INFO - procotol:https, hostname:www.nuomi.com, new_link:/tours/d-chengdu-104
2017-09-16 16:02:10,439 - [webpage_parser.py:63] - INFO - procotol:https, hostname:www.nuomi.com, new_link:/tours/d-zhangjiajie-23
2017-09-16 16:02:10,439 - [webpage_parser.py:63] - INFO - procotol:https, hostname:www.nuomi.com, new_link:/tours/d-jiuzhaigouhu-25
2017-09-16 16:02:10,439 - [webpage_parser.py:63] - INFO - procotol:https, hostname:www.nuomi.com, new_link:/tours/d-lianyungang-238
2017-09-16 16:02:10,440 - [webpage_parser.py:63] - INFO - procotol:https, hostname:www.nuomi.com, new_link:/tours/d-qinhuangdao-132
2017-09-16 16:02:10,440 - [webpage_parser.py:63] - INFO - procotol:https, hostname:www.nuomi.com, new_link:/tours/d-changbaishan-268
2017-09-16 16:02:10,440 - [webpage_parser.py:63] - INFO - procotol:https, hostname:www.nuomi.com, new_link:/tours/d-xishuangbanna-30
2017-09-16 16:02:10,441 - [webpage_parser.py:63] - INFO - procotol:https, hostname:www.nuomi.com, new_link:/tours/d-sanxia-109
2017-09-16 16:02:10,441 - [webpage_parser.py:63] - INFO - procotol:https, hostname:www.nuomi.com, new_link:/tours/d-xianggelila-106
2017-09-16 16:02:10,441 - [webpage_parser.py:63] - INFO - procotol:https, hostname:www.nuomi.com, new_link:/tours
2017-09-16 16:02:10,442 - [webpage_parser.py:63] - INFO - procotol:https, hostname:www.nuomi.com, new_link:/tours/d-thailand-100021
2017-09-16 16:02:10,442 - [webpage_parser.py:63] - INFO - procotol:https, hostname:www.nuomi.com, new_link:/tours/d-france-100024
2017-09-16 16:02:10,442 - [webpage_parser.py:63] - INFO - procotol:https, hostname:www.nuomi.com, new_link:/tours/d-unitedkingdom-20354
2017-09-16 16:02:10,443 - [webpage_parser.py:63] - INFO - procotol:https, hostname:www.nuomi.com, new_link:/tours/d-northkorea-100103
2017-09-16 16:02:10,443 - [webpage_parser.py:63] - INFO - procotol:https, hostname:www.nuomi.com, new_link:/tours/d-vietnam-100046
2017-09-16 16:02:10,443 - [webpage_parser.py:63] - INFO - procotol:https, hostname:www.nuomi.com, new_link:/tours/d-japan-100041
2017-09-16 16:02:10,444 - [webpage_parser.py:63] - INFO - procotol:https, hostname:www.nuomi.com, new_link:/tours/d-unitedstates-100047
2017-09-16 16:02:10,444 - [webpage_parser.py:63] - INFO - procotol:https, hostname:www.nuomi.com, new_link:/tours/d-republicofkorea-100042
2017-09-16 16:02:10,445 - [webpage_parser.py:63] - INFO - procotol:https, hostname:www.nuomi.com, new_link:/tours/d-russia-100083
2017-09-16 16:02:10,445 - [webpage_parser.py:63] - INFO - procotol:https, hostname:www.nuomi.com, new_link:/tours/d-turkey-100073
2017-09-16 16:02:10,446 - [webpage_parser.py:63] - INFO - procotol:https, hostname:www.nuomi.com, new_link:/tours/d-nepal-100079
2017-09-16 16:02:10,446 - [webpage_parser.py:63] - INFO - procotol:https, hostname:www.nuomi.com, new_link:/tours/d-newzealand-100078
2017-09-16 16:02:10,447 - [webpage_parser.py:63] - INFO - procotol:https, hostname:www.nuomi.com, new_link:/tours/d-malaysia-100022
2017-09-16 16:02:10,447 - [webpage_parser.py:63] - INFO - procotol:https, hostname:www.nuomi.com, new_link:/tours/d-australia-100048
2017-09-16 16:02:10,448 - [webpage_parser.py:63] - INFO - procotol:https, hostname:www.nuomi.com, new_link:/tours/d-dubai-1062
2017-09-16 16:02:10,448 - [webpage_parser.py:63] - INFO - procotol:https, hostname:www.nuomi.com, new_link:/tours/d-sabah-538
2017-09-16 16:02:10,449 - [webpage_parser.py:63] - INFO - procotol:https, hostname:www.nuomi.com, new_link:/tours/d-hawaii-251
2017-09-16 16:02:10,449 - [webpage_parser.py:63] - INFO - procotol:https, hostname:www.nuomi.com, new_link:/tours/d-saipan-569
2017-09-16 16:02:10,450 - [webpage_parser.py:63] - INFO - procotol:https, hostname:www.nuomi.com, new_link:/tours/d-phuket-364
2017-09-16 16:02:10,451 - [webpage_parser.py:63] - INFO - procotol:https, hostname:www.nuomi.com, new_link:/tours/d-bali-438
2017-09-16 16:02:10,452 - [webpage_parser.py:63] - INFO - procotol:https, hostname:www.nuomi.com, new_link:/tours/d-singapore-53
2017-09-16 16:02:10,452 - [webpage_parser.py:63] - INFO - procotol:https, hostname:www.nuomi.com, new_link:/tours/d-jejuisland-297
2017-09-16 16:02:10,453 - [webpage_parser.py:63] - INFO - procotol:https, hostname:www.nuomi.com, new_link:/tours/d-seychelles-100153
2017-09-16 16:02:10,453 - [webpage_parser.py:63] - INFO - procotol:https, hostname:www.nuomi.com, new_link:/tours/d-maldives-330
2017-09-16 16:02:10,454 - [webpage_parser.py:63] - INFO - procotol:https, hostname:www.nuomi.com, new_link:/tours/d-mauritius-444
2017-09-16 16:02:10,454 - [webpage_parser.py:63] - INFO - procotol:https, hostname:www.nuomi.com, new_link:/tours/inter
2017-09-16 16:02:10,456 - [connectionpool.py:395] - DEBUG - http://www.sina.com.cn:80 "GET / HTTP/1.1" 200 133147
2017-09-16 16:02:10,459 - [webpage_parser.py:63] - INFO - procotol:https, hostname:www.nuomi.com, new_link:javascript:void(0);
2017-09-16 16:02:10,475 - [webpage_saver.py:45] - INFO - url https://www.nuomi.com/pcindex/index/trans?fr=hao123&to=ctrip is not match
2017-09-16 16:02:10,498 - [connectionpool.py:395] - DEBUG - http://www.eastmoney.com:80 "GET / HTTP/1.1" 200 None
2017-09-16 16:02:10,539 - [connectionpool.py:395] - DEBUG - http://www.hao123.com:80 "GET /gaoxiao HTTP/1.1" 200 None
2017-09-16 16:02:10,596 - [connectionpool.py:395] - DEBUG - https://www.baidu.com:443 "GET /s?word=%E9%99%88%E7%BE%BD%E5%87%A1%E5%A4%8D%E5%87%BA&50000105_hao_pg HTTP/1.1" 200 227
2017-09-16 16:02:10,741 - [webpage_saver.py:45] - INFO - url https://www.baidu.com/s?word=%E9%99%88%E7%BE%BD%E5%87%A1%E5%A4%8D%E5%87%BA&50000105_hao_pg is not match
2017-09-16 16:02:10,899 - [webpage_parser.py:63] - INFO - procotol:http, hostname:www.hao123.com, new_link:javascript:void(0)
2017-09-16 16:02:10,905 - [webpage_parser.py:63] - INFO - procotol:http, hostname:www.hao123.com, new_link:javascript:;
2017-09-16 16:02:10,923 - [webpage_parser.py:63] - INFO - procotol:http, hostname:www.hao123.com, new_link:/gaoxiao/detail/369221
2017-09-16 16:02:10,928 - [webpage_parser.py:63] - INFO - procotol:http, hostname:www.hao123.com, new_link:/gaoxiao/detail/369221
2017-09-16 16:02:10,944 - [webpage_parser.py:63] - INFO - procotol:http, hostname:www.hao123.com, new_link:/gaoxiao/detail/368924
2017-09-16 16:02:10,951 - [webpage_parser.py:63] - INFO - procotol:http, hostname:www.hao123.com, new_link:/gaoxiao/detail/368924
2017-09-16 16:02:10,965 - [webpage_parser.py:63] - INFO - procotol:http, hostname:www.hao123.com, new_link:/gaoxiao/detail/368675
2017-09-16 16:02:10,966 - [webpage_parser.py:63] - INFO - procotol:http, hostname:www.hao123.com, new_link:/gaoxiao/detail/368675
2017-09-16 16:02:10,966 - [webpage_parser.py:63] - INFO - procotol:http, hostname:www.hao123.com, new_link:/gaoxiao/detail/369415
2017-09-16 16:02:10,966 - [webpage_parser.py:63] - INFO - procotol:http, hostname:www.hao123.com, new_link:/gaoxiao/detail/369415
2017-09-16 16:02:10,967 - [webpage_parser.py:63] - INFO - procotol:http, hostname:www.hao123.com, new_link:/gaoxiao/detail/369214
2017-09-16 16:02:11,001 - [webpage_parser.py:63] - INFO - procotol:http, hostname:www.hao123.com, new_link:/gaoxiao/detail/369214
2017-09-16 16:02:11,005 - [webpage_parser.py:63] - INFO - procotol:http, hostname:www.hao123.com, new_link:/gaoxiao/detail/368764
2017-09-16 16:02:11,006 - [webpage_parser.py:63] - INFO - procotol:http, hostname:www.hao123.com, new_link:/gaoxiao/detail/368764
2017-09-16 16:02:11,039 - [webpage_parser.py:63] - INFO - procotol:http, hostname:www.hao123.com, new_link:/gaoxiao/detail/369208
2017-09-16 16:02:11,044 - [webpage_parser.py:63] - INFO - procotol:http, hostname:www.hao123.com, new_link:/gaoxiao/detail/369208
2017-09-16 16:02:11,050 - [webpage_parser.py:63] - INFO - procotol:http, hostname:www.hao123.com, new_link:/gaoxiao/detail/368768
2017-09-16 16:02:11,056 - [connectionpool.py:818] - DEBUG - Starting new HTTPS connection (1): www.baidu.com
2017-09-16 16:02:11,057 - [webpage_parser.py:63] - INFO - procotol:http, hostname:www.hao123.com, new_link:/gaoxiao/detail/368768
2017-09-16 16:02:11,059 - [webpage_parser.py:63] - INFO - procotol:http, hostname:www.hao123.com, new_link:/gaoxiao/detail/368928
2017-09-16 16:02:11,060 - [webpage_parser.py:63] - INFO - procotol:http, hostname:www.hao123.com, new_link:/gaoxiao/detail/368928
2017-09-16 16:02:11,061 - [webpage_parser.py:63] - INFO - procotol:http, hostname:www.hao123.com, new_link:/gaoxiao/detail/368922
2017-09-16 16:02:11,062 - [webpage_parser.py:63] - INFO - procotol:http, hostname:www.hao123.com, new_link:/gaoxiao/detail/368922
2017-09-16 16:02:11,062 - [webpage_parser.py:63] - INFO - procotol:http, hostname:www.hao123.com, new_link:/gaoxiao/detail/368933
2017-09-16 16:02:11,065 - [webpage_parser.py:63] - INFO - procotol:http, hostname:www.hao123.com, new_link:/gaoxiao/detail/368933
2017-09-16 16:02:11,065 - [webpage_parser.py:63] - INFO - procotol:http, hostname:www.hao123.com, new_link:/gaoxiao/detail/368921
2017-09-16 16:02:11,066 - [webpage_parser.py:63] - INFO - procotol:http, hostname:www.hao123.com, new_link:/gaoxiao/detail/368921
2017-09-16 16:02:11,068 - [webpage_parser.py:63] - INFO - procotol:http, hostname:www.hao123.com, new_link:/gaoxiao/detail/369211
2017-09-16 16:02:11,068 - [webpage_parser.py:63] - INFO - procotol:http, hostname:www.hao123.com, new_link:/gaoxiao/detail/369211
2017-09-16 16:02:11,068 - [webpage_parser.py:63] - INFO - procotol:http, hostname:www.hao123.com, new_link:/gaoxiao/detail/369784
2017-09-16 16:02:11,069 - [webpage_parser.py:63] - INFO - procotol:http, hostname:www.hao123.com, new_link:/gaoxiao/detail/369784
2017-09-16 16:02:11,069 - [webpage_parser.py:63] - INFO - procotol:http, hostname:www.hao123.com, new_link:/gaoxiao/detail/368565
2017-09-16 16:02:11,070 - [webpage_parser.py:63] - INFO - procotol:http, hostname:www.hao123.com, new_link:/gaoxiao/detail/368565
2017-09-16 16:02:11,070 - [webpage_parser.py:63] - INFO - procotol:http, hostname:www.hao123.com, new_link:/gaoxiao/detail/369445
2017-09-16 16:02:11,070 - [webpage_parser.py:63] - INFO - procotol:http, hostname:www.hao123.com, new_link:/gaoxiao/detail/369445
2017-09-16 16:02:11,071 - [webpage_parser.py:63] - INFO - procotol:http, hostname:www.hao123.com, new_link:/gaoxiao/detail/369447
2017-09-16 16:02:11,071 - [webpage_parser.py:63] - INFO - procotol:http, hostname:www.hao123.com, new_link:/gaoxiao/detail/369447
2017-09-16 16:02:11,072 - [webpage_parser.py:63] - INFO - procotol:http, hostname:www.hao123.com, new_link:/gaoxiao/detail/369210
2017-09-16 16:02:11,073 - [webpage_parser.py:63] - INFO - procotol:http, hostname:www.hao123.com, new_link:/gaoxiao/detail/369210
2017-09-16 16:02:11,075 - [webpage_parser.py:63] - INFO - procotol:http, hostname:www.hao123.com, new_link:/gaoxiao/detail/369446
2017-09-16 16:02:11,075 - [webpage_parser.py:63] - INFO - procotol:http, hostname:www.hao123.com, new_link:/gaoxiao/detail/369446
2017-09-16 16:02:11,076 - [webpage_parser.py:63] - INFO - procotol:http, hostname:www.hao123.com, new_link:/gaoxiao/detail/368770
2017-09-16 16:02:11,076 - [webpage_parser.py:63] - INFO - procotol:http, hostname:www.hao123.com, new_link:/gaoxiao/detail/368770
2017-09-16 16:02:11,077 - [webpage_parser.py:63] - INFO - procotol:http, hostname:www.hao123.com, new_link:/gaoxiao/detail/368615
2017-09-16 16:02:11,078 - [webpage_parser.py:63] - INFO - procotol:http, hostname:www.hao123.com, new_link:/gaoxiao/detail/368615
2017-09-16 16:02:11,079 - [webpage_parser.py:63] - INFO - procotol:http, hostname:www.hao123.com, new_link:/gaoxiao/detail/368568
2017-09-16 16:02:11,083 - [webpage_parser.py:63] - INFO - procotol:http, hostname:www.hao123.com, new_link:/gaoxiao/detail/368568
2017-09-16 16:02:11,091 - [webpage_parser.py:63] - INFO - procotol:http, hostname:www.hao123.com, new_link:/gaoxiao/detail/369216
2017-09-16 16:02:11,091 - [connectionpool.py:207] - DEBUG - Starting new HTTP connection (1): v.hao123.baidu.com
2017-09-16 16:02:11,092 - [webpage_parser.py:63] - INFO - procotol:http, hostname:www.hao123.com, new_link:/gaoxiao/detail/369216
2017-09-16 16:02:11,093 - [webpage_parser.py:63] - INFO - procotol:http, hostname:www.hao123.com, new_link:/gaoxiao/detail/369206
2017-09-16 16:02:11,094 - [webpage_parser.py:63] - INFO - procotol:http, hostname:www.hao123.com, new_link:/gaoxiao/detail/369206
2017-09-16 16:02:11,095 - [webpage_parser.py:63] - INFO - procotol:http, hostname:www.hao123.com, new_link:/gaoxiao/detail/368739
2017-09-16 16:02:11,096 - [webpage_parser.py:63] - INFO - procotol:http, hostname:www.hao123.com, new_link:/gaoxiao/detail/368739
2017-09-16 16:02:11,097 - [webpage_parser.py:63] - INFO - procotol:http, hostname:www.hao123.com, new_link:/gaoxiao/detail/369444
2017-09-16 16:02:11,098 - [webpage_parser.py:63] - INFO - procotol:http, hostname:www.hao123.com, new_link:/gaoxiao/detail/369444
2017-09-16 16:02:11,098 - [webpage_parser.py:63] - INFO - procotol:http, hostname:www.hao123.com, new_link:/gaoxiao/detail/368929
2017-09-16 16:02:11,099 - [webpage_parser.py:63] - INFO - procotol:http, hostname:www.hao123.com, new_link:/gaoxiao/detail/368929
2017-09-16 16:02:11,101 - [webpage_parser.py:63] - INFO - procotol:http, hostname:www.hao123.com, new_link:/gaoxiao/detail/369209
2017-09-16 16:02:11,103 - [webpage_parser.py:63] - INFO - procotol:http, hostname:www.hao123.com, new_link:/gaoxiao/detail/369209
2017-09-16 16:02:11,104 - [webpage_parser.py:63] - INFO - procotol:http, hostname:www.hao123.com, new_link:/gaoxiao/detail/368932
2017-09-16 16:02:11,105 - [webpage_parser.py:63] - INFO - procotol:http, hostname:www.hao123.com, new_link:/gaoxiao/detail/368932
2017-09-16 16:02:11,105 - [webpage_parser.py:63] - INFO - procotol:http, hostname:www.hao123.com, new_link:/gaoxiao/detail/369217
2017-09-16 16:02:11,106 - [webpage_parser.py:63] - INFO - procotol:http, hostname:www.hao123.com, new_link:/gaoxiao/detail/369217
2017-09-16 16:02:11,115 - [webpage_parser.py:63] - INFO - procotol:http, hostname:www.hao123.com, new_link:?pn=2
2017-09-16 16:02:11,116 - [webpage_parser.py:63] - INFO - procotol:http, hostname:www.hao123.com, new_link:?pn=3
2017-09-16 16:02:11,116 - [webpage_parser.py:63] - INFO - procotol:http, hostname:www.hao123.com, new_link:?pn=4
2017-09-16 16:02:11,117 - [webpage_parser.py:63] - INFO - procotol:http, hostname:www.hao123.com, new_link:?pn=200
2017-09-16 16:02:11,119 - [webpage_parser.py:63] - INFO - procotol:http, hostname:www.hao123.com, new_link:?pn=2
2017-09-16 16:02:11,126 - [webpage_parser.py:63] - INFO - procotol:http, hostname:www.hao123.com, new_link:javascript:void(0);
2017-09-16 16:02:11,130 - [webpage_parser.py:63] - INFO - procotol:http, hostname:www.hao123.com, new_link:javascript:;
2017-09-16 16:02:11,141 - [connectionpool.py:395] - DEBUG - https://www.baidu.com:443 "GET /s?word=%E7%8E%A9%E5%9C%A8%E8%A5%BF%E5%85%83%E5%89%8D&tn=50000016_hao_pg&ie=utf-8 HTTP/1.1" 200 227
2017-09-16 16:02:11,161 - [webpage_saver.py:45] - INFO - url https://www.baidu.com/s?word=%E7%8E%A9%E5%9C%A8%E8%A5%BF%E5%85%83%E5%89%8D&tn=50000016_hao_pg&ie=utf-8 is not match
2017-09-16 16:02:11,174 - [webpage_saver.py:45] - INFO - url http://www.hao123.com/gaoxiao is not match
2017-09-16 16:02:11,183 - [connectionpool.py:395] - DEBUG - http://v.hao123.baidu.com:80 "GET /zongyi/ HTTP/1.1" 200 None
2017-09-16 16:02:11,227 - [connectionpool.py:395] - DEBUG - https://game.hao123.com:443 "GET / HTTP/1.1" 200 42343
2017-09-16 16:02:11,578 - [connectionpool.py:818] - DEBUG - Starting new HTTPS connection (1): ai.taobao.com
2017-09-16 16:02:11,633 - [webpage_crawler.py:77] - ERROR - Connection Error url http://www.eastmoney.com
2017-09-16 16:02:11,639 - [webpage_crawler.py:115] - ERROR - crawl url http://www.eastmoney.com failed, status code 4
2017-09-16 16:02:11,858 - [connectionpool.py:207] - DEBUG - Starting new HTTP connection (1): tejia.hao123.com
2017-09-16 16:02:12,086 - [connectionpool.py:395] - DEBUG - https://ai.taobao.com:443 "GET /search/index.htm?key=%E9%9B%B6%E9%A3%9F&pid=mm_43125636_4246598_118736310 HTTP/1.1" 302 0
2017-09-16 16:02:12,126 - [webpage_parser.py:63] - INFO - procotol:http, hostname:v.hao123.baidu.com, new_link:javascript:;
2017-09-16 16:02:12,172 - [webpage_parser.py:63] - INFO - procotol:http, hostname:v.hao123.baidu.com, new_link:javascript:void(0);
2017-09-16 16:02:12,202 - [webpage_parser.py:63] - INFO - procotol:http, hostname:www.sina.com.cn, new_link:javascript:;
2017-09-16 16:02:12,226 - [webpage_parser.py:63] - INFO - procotol:http, hostname:www.sina.com.cn, new_link:javascript:;
2017-09-16 16:02:12,227 - [webpage_parser.py:63] - INFO - procotol:http, hostname:www.sina.com.cn, new_link:javascript:;
2017-09-16 16:02:12,227 - [webpage_parser.py:63] - INFO - procotol:http, hostname:www.sina.com.cn, new_link:javascript:;
2017-09-16 16:02:12,227 - [webpage_parser.py:63] - INFO - procotol:http, hostname:www.sina.com.cn, new_link:javascript:;
2017-09-16 16:02:12,228 - [webpage_parser.py:63] - INFO - procotol:http, hostname:www.sina.com.cn, new_link:javascript:;
2017-09-16 16:02:12,228 - [webpage_parser.py:63] - INFO - procotol:http, hostname:www.sina.com.cn, new_link:#jump0
2017-09-16 16:02:12,230 - [webpage_parser.py:63] - INFO - procotol:http, hostname:www.sina.com.cn, new_link:javascript:;
2017-09-16 16:02:12,231 - [webpage_parser.py:63] - INFO - procotol:http, hostname:www.sina.com.cn, new_link:javascript:;
2017-09-16 16:02:12,231 - [webpage_parser.py:63] - INFO - procotol:http, hostname:www.sina.com.cn, new_link:javascript:;
2017-09-16 16:02:12,223 - [webpage_parser.py:63] - INFO - procotol:http, hostname:v.hao123.baidu.com, new_link:/zongyi_index/order-pubtime_pn-1
2017-09-16 16:02:12,225 - [connectionpool.py:207] - DEBUG - Starting new HTTP connection (1): clickc.admaster.com.cn
2017-09-16 16:02:12,235 - [webpage_parser.py:63] - INFO - procotol:http, hostname:www.sina.com.cn, new_link:javascript:;
2017-09-16 16:02:12,292 - [webpage_parser.py:63] - INFO - procotol:https, hostname:game.hao123.com, new_link:javascript:;
2017-09-16 16:02:12,294 - [webpage_parser.py:63] - INFO - procotol:http, hostname:v.hao123.baidu.com, new_link:/zongyi_index/order-pubtime_pn-1
2017-09-16 16:02:12,295 - [webpage_parser.py:63] - INFO - procotol:http, hostname:www.sina.com.cn, new_link:javascript:;
2017-09-16 16:02:12,296 - [connectionpool.py:818] - DEBUG - Starting new HTTPS connection (1): sec.taobao.com
2017-09-16 16:02:12,297 - [webpage_parser.py:63] - INFO - procotol:https, hostname:game.hao123.com, new_link:javascript:;
2017-09-16 16:02:12,300 - [connectionpool.py:207] - DEBUG - Starting new HTTP connection (1): www.ce.cn
2017-09-16 16:02:12,301 - [webpage_parser.py:63] - INFO - procotol:http, hostname:www.sina.com.cn, new_link:javascript:;
2017-09-16 16:02:12,302 - [webpage_parser.py:63] - INFO - procotol:http, hostname:v.hao123.baidu.com, new_link:javascript:void(0);
2017-09-16 16:02:12,303 - [webpage_parser.py:63] - INFO - procotol:https, hostname:game.hao123.com, new_link:javascript:void(0);
2017-09-16 16:02:12,319 - [connectionpool.py:395] - DEBUG - http://tejia.hao123.com:80 "GET /?tn=xqdh HTTP/1.1" 200 None
2017-09-16 16:02:12,325 - [webpage_parser.py:63] - INFO - procotol:http, hostname:www.sina.com.cn, new_link: http://match.sports.sina.com.cn/
2017-09-16 16:02:12,326 - [webpage_parser.py:63] - INFO - procotol:https, hostname:game.hao123.com, new_link:javascript:void(0);
2017-09-16 16:02:12,332 - [webpage_parser.py:63] - INFO - procotol:http, hostname:www.sina.com.cn, new_link: http://sports.sina.com.cn/hdphoto/
2017-09-16 16:02:12,334 - [webpage_parser.py:63] - INFO - procotol:https, hostname:game.hao123.com, new_link:javascript:void(0);
2017-09-16 16:02:12,342 - [webpage_parser.py:63] - INFO - procotol:http, hostname:www.sina.com.cn, new_link:javascript:;
2017-09-16 16:02:12,343 - [webpage_parser.py:63] - INFO - procotol:https, hostname:game.hao123.com, new_link:javascript:void(0);
2017-09-16 16:02:12,344 - [webpage_parser.py:63] - INFO - procotol:http, hostname:www.sina.com.cn, new_link:javascript:;
2017-09-16 16:02:12,345 - [webpage_parser.py:63] - INFO - procotol:https, hostname:game.hao123.com, new_link:javascript:void(0);
2017-09-16 16:02:12,348 - [webpage_parser.py:63] - INFO - procotol:http, hostname:www.sina.com.cn, new_link:javascript:;
2017-09-16 16:02:12,349 - [webpage_parser.py:63] - INFO - procotol:https, hostname:game.hao123.com, new_link:javascript:void(0);
2017-09-16 16:02:12,349 - [webpage_saver.py:45] - INFO - url http://v.hao123.baidu.com/zongyi/ is not match
2017-09-16 16:02:12,350 - [webpage_parser.py:63] - INFO - procotol:http, hostname:www.sina.com.cn, new_link:javascript:;
2017-09-16 16:02:12,350 - [webpage_parser.py:63] - INFO - procotol:https, hostname:game.hao123.com, new_link:javascript:void(0);
2017-09-16 16:02:12,353 - [webpage_parser.py:63] - INFO - procotol:http, hostname:www.sina.com.cn, new_link: http://blog.sina.com.cn/s/blog_17a646aa10102wzh9.html
2017-09-16 16:02:12,354 - [webpage_parser.py:63] - INFO - procotol:https, hostname:game.hao123.com, new_link:javascript:void(0);
2017-09-16 16:02:12,355 - [webpage_parser.py:63] - INFO - procotol:http, hostname:www.sina.com.cn, new_link:javascript:;
2017-09-16 16:02:12,360 - [webpage_parser.py:63] - INFO - procotol:https, hostname:game.hao123.com, new_link:javascript:void(0)
2017-09-16 16:02:12,360 - [webpage_parser.py:63] - INFO - procotol:http, hostname:www.sina.com.cn, new_link:javascript:;
2017-09-16 16:02:12,518 - [webpage_parser.py:63] - INFO - procotol:https, hostname:game.hao123.com, new_link:javascript:void(0)
2017-09-16 16:02:12,525 - [webpage_parser.py:63] - INFO - procotol:http, hostname:www.sina.com.cn, new_link:javascript:;
2017-09-16 16:02:12,527 - [webpage_parser.py:63] - INFO - procotol:https, hostname:game.hao123.com, new_link:javascript:;
2017-09-16 16:02:12,527 - [webpage_parser.py:63] - INFO - procotol:http, hostname:tejia.hao123.com, new_link:javascript:void(0)
2017-09-16 16:02:12,528 - [webpage_parser.py:63] - INFO - procotol:http, hostname:www.sina.com.cn, new_link:javascript:;
2017-09-16 16:02:12,528 - [webpage_parser.py:63] - INFO - procotol:https, hostname:game.hao123.com, new_link:javascript:;
2017-09-16 16:02:12,532 - [webpage_parser.py:63] - INFO - procotol:http, hostname:tejia.hao123.com, new_link:javascript:;
2017-09-16 16:02:12,534 - [webpage_parser.py:63] - INFO - procotol:http, hostname:www.sina.com.cn, new_link:javascript:;
2017-09-16 16:02:12,535 - [webpage_parser.py:63] - INFO - procotol:https, hostname:game.hao123.com, new_link:javascript:;
2017-09-16 16:02:12,539 - [webpage_parser.py:63] - INFO - procotol:http, hostname:tejia.hao123.com, new_link:javascript:;
2017-09-16 16:02:12,540 - [webpage_parser.py:63] - INFO - procotol:http, hostname:www.sina.com.cn, new_link:javascript:;
2017-09-16 16:02:12,541 - [webpage_parser.py:63] - INFO - procotol:https, hostname:game.hao123.com, new_link:javascript:;
2017-09-16 16:02:12,541 - [webpage_parser.py:63] - INFO - procotol:http, hostname:tejia.hao123.com, new_link:javascript:;
2017-09-16 16:02:12,542 - [webpage_parser.py:63] - INFO - procotol:http, hostname:www.sina.com.cn, new_link:javascript:;
2017-09-16 16:02:12,543 - [webpage_parser.py:63] - INFO - procotol:https, hostname:game.hao123.com, new_link:javascript:;
2017-09-16 16:02:12,544 - [webpage_parser.py:63] - INFO - procotol:http, hostname:tejia.hao123.com, new_link:javascript:;
2017-09-16 16:02:12,545 - [webpage_parser.py:63] - INFO - procotol:http, hostname:www.sina.com.cn, new_link:javascript:;
2017-09-16 16:02:12,546 - [webpage_parser.py:63] - INFO - procotol:https, hostname:game.hao123.com, new_link:javascript:void(0)
2017-09-16 16:02:12,546 - [webpage_parser.py:63] - INFO - procotol:http, hostname:tejia.hao123.com, new_link:javascript:;
2017-09-16 16:02:12,547 - [webpage_parser.py:63] - INFO - procotol:http, hostname:www.sina.com.cn, new_link:javascript:;
2017-09-16 16:02:12,547 - [webpage_parser.py:63] - INFO - procotol:https, hostname:game.hao123.com, new_link:javascript:void(0)
2017-09-16 16:02:12,549 - [webpage_parser.py:63] - INFO - procotol:http, hostname:tejia.hao123.com, new_link:javascript:;
2017-09-16 16:02:12,549 - [webpage_parser.py:63] - INFO - procotol:http, hostname:www.sina.com.cn, new_link:javascript:;
2017-09-16 16:02:12,554 - [webpage_parser.py:63] - INFO - procotol:https, hostname:game.hao123.com, new_link:javascript:;
2017-09-16 16:02:12,555 - [webpage_parser.py:63] - INFO - procotol:http, hostname:tejia.hao123.com, new_link:javascript:;
2017-09-16 16:02:12,558 - [webpage_parser.py:63] - INFO - procotol:http, hostname:www.sina.com.cn, new_link:javascript:;
2017-09-16 16:02:12,564 - [webpage_parser.py:63] - INFO - procotol:http, hostname:tejia.hao123.com, new_link:javascript:;
2017-09-16 16:02:12,564 - [webpage_parser.py:63] - INFO - procotol:http, hostname:www.sina.com.cn, new_link:javascript:;
2017-09-16 16:02:12,567 - [webpage_parser.py:63] - INFO - procotol:http, hostname:tejia.hao123.com, new_link:javascript:;
2017-09-16 16:02:12,568 - [webpage_parser.py:63] - INFO - procotol:http, hostname:tejia.hao123.com, new_link:javascript:;
2017-09-16 16:02:12,571 - [webpage_parser.py:63] - INFO - procotol:http, hostname:www.sina.com.cn, new_link:javascript:;
2017-09-16 16:02:12,572 - [webpage_parser.py:63] - INFO - procotol:http, hostname:tejia.hao123.com, new_link:javascript:;
2017-09-16 16:02:12,574 - [webpage_parser.py:63] - INFO - procotol:http, hostname:www.sina.com.cn, new_link:javascript:;
2017-09-16 16:02:12,575 - [webpage_parser.py:63] - INFO - procotol:http, hostname:tejia.hao123.com, new_link:javascript:;
2017-09-16 16:02:12,575 - [webpage_parser.py:63] - INFO - procotol:http, hostname:www.sina.com.cn, new_link:javascript:;
2017-09-16 16:02:12,579 - [webpage_parser.py:63] - INFO - procotol:http, hostname:tejia.hao123.com, new_link:javascript:;
2017-09-16 16:02:12,584 - [webpage_parser.py:63] - INFO - procotol:http, hostname:tejia.hao123.com, new_link:javascript:;
2017-09-16 16:02:12,587 - [webpage_parser.py:63] - INFO - procotol:http, hostname:www.sina.com.cn, new_link:javascript:;
2017-09-16 16:02:12,589 - [webpage_parser.py:63] - INFO - procotol:http, hostname:tejia.hao123.com, new_link:javascript:;
2017-09-16 16:02:12,589 - [webpage_saver.py:45] - INFO - url https://game.hao123.com is not match
2017-09-16 16:02:12,590 - [webpage_parser.py:63] - INFO - procotol:http, hostname:www.sina.com.cn, new_link:javascript:;
2017-09-16 16:02:12,590 - [webpage_parser.py:63] - INFO - procotol:http, hostname:tejia.hao123.com, new_link:javascript:;
2017-09-16 16:02:12,591 - [webpage_parser.py:63] - INFO - procotol:http, hostname:www.sina.com.cn, new_link:javascript:;
2017-09-16 16:02:12,591 - [webpage_parser.py:63] - INFO - procotol:http, hostname:tejia.hao123.com, new_link:javascript:;
2017-09-16 16:02:12,592 - [webpage_parser.py:63] - INFO - procotol:http, hostname:www.sina.com.cn, new_link:javascript:;
2017-09-16 16:02:12,592 - [webpage_parser.py:63] - INFO - procotol:http, hostname:tejia.hao123.com, new_link:javascript:;
2017-09-16 16:02:12,592 - [webpage_parser.py:63] - INFO - procotol:http, hostname:www.sina.com.cn, new_link:javascript:;
2017-09-16 16:02:12,593 - [webpage_parser.py:63] - INFO - procotol:http, hostname:tejia.hao123.com, new_link:javascript:;
2017-09-16 16:02:12,593 - [webpage_parser.py:63] - INFO - procotol:http, hostname:www.sina.com.cn, new_link:javascript:;
2017-09-16 16:02:12,593 - [webpage_parser.py:63] - INFO - procotol:http, hostname:tejia.hao123.com, new_link:javascript:;
2017-09-16 16:02:12,594 - [webpage_parser.py:63] - INFO - procotol:http, hostname:www.sina.com.cn, new_link:javascript:;
2017-09-16 16:02:12,594 - [webpage_parser.py:63] - INFO - procotol:http, hostname:tejia.hao123.com, new_link:javascript:;
2017-09-16 16:02:12,594 - [webpage_parser.py:63] - INFO - procotol:http, hostname:www.sina.com.cn, new_link:javascript:;
2017-09-16 16:02:12,595 - [webpage_parser.py:63] - INFO - procotol:http, hostname:tejia.hao123.com, new_link:javascript:;
2017-09-16 16:02:12,596 - [webpage_parser.py:63] - INFO - procotol:http, hostname:www.sina.com.cn, new_link:javascript:;
2017-09-16 16:02:12,596 - [webpage_parser.py:63] - INFO - procotol:http, hostname:tejia.hao123.com, new_link:javascript:;
2017-09-16 16:02:12,596 - [webpage_parser.py:63] - INFO - procotol:http, hostname:www.sina.com.cn, new_link:javascript:;
2017-09-16 16:02:12,597 - [webpage_parser.py:63] - INFO - procotol:http, hostname:tejia.hao123.com, new_link:javascript:;
2017-09-16 16:02:12,597 - [webpage_parser.py:63] - INFO - procotol:http, hostname:www.sina.com.cn, new_link:javascript:;
2017-09-16 16:02:12,597 - [webpage_parser.py:63] - INFO - procotol:http, hostname:tejia.hao123.com, new_link:javascript:;
2017-09-16 16:02:12,600 - [webpage_parser.py:63] - INFO - procotol:http, hostname:tejia.hao123.com, new_link:javascript:;
2017-09-16 16:02:12,601 - [webpage_parser.py:63] - INFO - procotol:http, hostname:www.sina.com.cn, new_link:javascript:;
2017-09-16 16:02:12,603 - [webpage_saver.py:45] - INFO - url http://tejia.hao123.com/?tn=xqdh is not match
2017-09-16 16:02:12,606 - [webpage_parser.py:63] - INFO - procotol:http, hostname:www.sina.com.cn, new_link:javascript:;
2017-09-16 16:02:12,607 - [webpage_parser.py:63] - INFO - procotol:http, hostname:www.sina.com.cn, new_link:javascript:;
2017-09-16 16:02:12,607 - [webpage_parser.py:63] - INFO - procotol:http, hostname:www.sina.com.cn, new_link: http://edu.sina.com.cn/a/
2017-09-16 16:02:12,609 - [webpage_parser.py:63] - INFO - procotol:http, hostname:www.sina.com.cn, new_link: http://edu.sina.com.cn/zxx/2017-09-15/doc-ifykymue6226720.shtml
2017-09-16 16:02:12,616 - [webpage_parser.py:63] - INFO - procotol:http, hostname:www.sina.com.cn, new_link:javascript:;
2017-09-16 16:02:12,616 - [webpage_parser.py:63] - INFO - procotol:http, hostname:www.sina.com.cn, new_link:javascript:;
2017-09-16 16:02:12,617 - [webpage_parser.py:63] - INFO - procotol:http, hostname:www.sina.com.cn, new_link:javascript:;
2017-09-16 16:02:12,617 - [webpage_parser.py:63] - INFO - procotol:http, hostname:www.sina.com.cn, new_link:javascript:;
2017-09-16 16:02:12,620 - [webpage_parser.py:63] - INFO - procotol:http, hostname:www.sina.com.cn, new_link:javascript:void(0)
2017-09-16 16:02:12,621 - [webpage_parser.py:63] - INFO - procotol:http, hostname:www.sina.com.cn, new_link:javascript:void(0)
2017-09-16 16:02:12,621 - [webpage_parser.py:63] - INFO - procotol:http, hostname:www.sina.com.cn, new_link:javascript:void(0)
2017-09-16 16:02:12,622 - [webpage_parser.py:63] - INFO - procotol:http, hostname:www.sina.com.cn, new_link:javascript:;
2017-09-16 16:02:12,625 - [webpage_parser.py:63] - INFO - procotol:http, hostname:www.sina.com.cn, new_link:javascript:;
2017-09-16 16:02:12,625 - [webpage_parser.py:63] - INFO - procotol:http, hostname:www.sina.com.cn, new_link:javascript:;
2017-09-16 16:02:12,627 - [webpage_parser.py:63] - INFO - procotol:http, hostname:www.sina.com.cn, new_link:javascript:void 0;
2017-09-16 16:02:12,627 - [webpage_parser.py:63] - INFO - procotol:http, hostname:www.sina.com.cn, new_link:javascript:void 0;
2017-09-16 16:02:12,628 - [webpage_parser.py:63] - INFO - procotol:http, hostname:www.sina.com.cn, new_link:javascript:;
2017-09-16 16:02:12,629 - [webpage_parser.py:63] - INFO - procotol:http, hostname:www.sina.com.cn, new_link:javascript:;
2017-09-16 16:02:12,630 - [webpage_parser.py:63] - INFO - procotol:http, hostname:www.sina.com.cn, new_link:javascript:void 0;
2017-09-16 16:02:12,630 - [webpage_parser.py:63] - INFO - procotol:http, hostname:www.sina.com.cn, new_link:javascript:void 0;
2017-09-16 16:02:12,631 - [webpage_parser.py:63] - INFO - procotol:http, hostname:www.sina.com.cn, new_link:mailto:jubao@vip.sina.com
2017-09-16 16:02:12,648 - [connectionpool.py:207] - DEBUG - Starting new HTTP connection (1): www.hao123.com
2017-09-16 16:02:12,703 - [webpage_saver.py:45] - INFO - url http://www.sina.com.cn/ is not match
2017-09-16 16:02:12,780 - [connectionpool.py:395] - DEBUG - http://clickc.admaster.com.cn:80 "GET /c/a93044,b1932074,c1165,i0,m101,8a1,8b2,h HTTP/1.1" 302 0
2017-09-16 16:02:12,788 - [connectionpool.py:818] - DEBUG - Starting new HTTPS connection (1): www.vmall.com
2017-09-16 16:02:12,923 - [connectionpool.py:395] - DEBUG - https://sec.taobao.com:443 "GET /query.htm?smApp=yellowstone&smPolicy=yellowstone-search_index-anti_Spider-html-checklogin&smCharset=UTF-8&smTag=MTE3LjEwMC4xMDMuMTU3LCw1MDY1ZmQ2MTZiNTU0Y2NhYWM4Yjk2NTI3ZDI2OGE4Mw%3D%3D&smReturn=https%3A%2F%2Fai.taobao.com%2Fsearch%2Findex.htm%3Fkey%3D%25E9%259B%25B6%25E9%25A3%259F%26pid%3Dmm_43125636_4246598_118736310&smSign=0iArapCPaRmSai7LR%2BPQOw%3D%3D HTTP/1.1" 302 0
2017-09-16 16:02:12,933 - [connectionpool.py:818] - DEBUG - Starting new HTTPS connection (1): login.taobao.com
2017-09-16 16:02:13,153 - [connectionpool.py:395] - DEBUG - http://www.ce.cn:80 "GET / HTTP/1.1" 200 None
2017-09-16 16:02:13,207 - [sjisprober.py:61] - DEBUG - CP932 Japanese prober hit error at byte 626
2017-09-16 16:02:13,218 - [connectionpool.py:395] - DEBUG - http://www.hao123.com:80 "GET /sports HTTP/1.1" 200 None
2017-09-16 16:02:13,384 - [connectionpool.py:395] - DEBUG - https://www.vmall.com:443 "GET / HTTP/1.1" 200 43135
2017-09-16 16:02:13,531 - [connectionpool.py:207] - DEBUG - Starting new HTTP connection (1): www.hao123.com
2017-09-16 16:02:13,625 - [connectionpool.py:818] - DEBUG - Starting new HTTPS connection (1): union-click.jd.com
2017-09-16 16:02:13,626 - [connectionpool.py:395] - DEBUG - http://www.hao123.com:80 "GET /api/ajax?menu=xyx_kp HTTP/1.1" 302 0
2017-09-16 16:02:13,670 - [connectionpool.py:207] - DEBUG - Starting new HTTP connection (1): www.baidu.com
2017-09-16 16:02:13,721 - [connectionpool.py:395] - DEBUG - https://login.taobao.com:443 "GET /member/login.jhtml?from=sm&redirectURL=https%3A%2F%2Fsec.taobao.com%2Fquery.htm%3Faction%3DQueryAction%26event_submit_do_login%3Dok%26smApp%3Dyellowstone%26smPolicy%3Dyellowstone-search_index-anti_Spider-html-checklogin%26smCharset%3DUTF-8%26smTag%3DMTE3LjEwMC4xMDMuMTU3LCw1MDY1ZmQ2MTZiNTU0Y2NhYWM4Yjk2NTI3ZDI2OGE4Mw%253D%253D%26smReturn%3Dhttps%253A%252F%252Fai.taobao.com%252Fsearch%252Findex.htm%253Fkey%253D%2525E9%25259B%2525B6%2525E9%2525A3%25259F%2526pid%253Dmm_43125636_4246598_118736310%26smSign%3D0iArapCPaRmSai7LR%252BPQOw%253D%253D HTTP/1.1" 200 None
2017-09-16 16:02:13,722 - [connectionpool.py:395] - DEBUG - http://www.hao123.com:80 "GET /?menu=xyx_kp HTTP/1.1" 200 None
2017-09-16 16:02:13,783 - [connectionpool.py:395] - DEBUG - http://www.baidu.com:80 "GET /s?word=%E9%82%A3%E5%B9%B4%E8%8A%B1%E5%BC%80%E6%9C%88%E6%AD%A3%E5%9C%86&tn=sitehao123_10_pg&ie=utf-8 HTTP/1.1" 200 None
2017-09-16 16:02:13,807 - [connectionpool.py:818] - DEBUG - Starting new HTTPS connection (1): www.baidu.com
2017-09-16 16:02:13,968 - [connectionpool.py:395] - DEBUG - https://union-click.jd.com:443 "GET /jdc?d=iEZf6v HTTP/1.1" 200 None
2017-09-16 16:02:14,427 - [webpage_parser.py:63] - INFO - procotol:http, hostname:clickc.admaster.com.cn, new_link:javascript:;
2017-09-16 16:02:14,454 - [webpage_parser.py:63] - INFO - procotol:http, hostname:clickc.admaster.com.cn, new_link:/cart?t=1505548918532timestamp
2017-09-16 16:02:14,556 - [connectionpool.py:395] - DEBUG - https://www.baidu.com:443 "GET /s?word=%E4%B9%BE%E5%9D%A4%E6%88%98%E7%BA%AA&tn=50000016_hao_pg&ie=utf-8 HTTP/1.1" 200 227
2017-09-16 16:02:14,571 - [webpage_parser.py:63] - INFO - procotol:http, hostname:clickc.admaster.com.cn, new_link:javascript:;
2017-09-16 16:02:14,659 - [webpage_parser.py:63] - INFO - procotol:http, hostname:clickc.admaster.com.cn, new_link:/product/{#lst.id}.html{#skuId}
2017-09-16 16:02:14,686 - [webpage_parser.py:63] - INFO - procotol:http, hostname:clickc.admaster.com.cn, new_link:/product/{#lst.id}.html{#skuId}
2017-09-16 16:02:14,709 - [webpage_parser.py:63] - INFO - procotol:https, hostname:ai.taobao.com, new_link:javascript:;
2017-09-16 16:02:14,741 - [webpage_saver.py:45] - INFO - url https://www.baidu.com/s?word=%E4%B9%BE%E5%9D%A4%E6%88%98%E7%BA%AA&tn=50000016_hao_pg&ie=utf-8 is not match
2017-09-16 16:02:14,794 - [webpage_parser.py:63] - INFO - procotol:https, hostname:ai.taobao.com, new_link:mailto:lianzheng@taobao.com
2017-09-16 16:02:14,795 - [webpage_parser.py:63] - INFO - procotol:http, hostname:clickc.admaster.com.cn, new_link:javascript:;
2017-09-16 16:02:14,836 - [eucjpprober.py:62] - DEBUG - EUC-JP Japanese prober hit error at byte 75017
2017-09-16 16:02:14,841 - [webpage_parser.py:63] - INFO - procotol:http, hostname:clickc.admaster.com.cn, new_link:/product/{#item.id}.html{#skuId}
2017-09-16 16:02:14,856 - [webpage_saver.py:45] - INFO - url https://ai.taobao.com/search/index.htm?key=%E9%9B%B6%E9%A3%9F&pid=mm_43125636_4246598_118736310 is not match
2017-09-16 16:02:14,882 - [webpage_parser.py:63] - INFO - procotol:http, hostname:clickc.admaster.com.cn, new_link:/product/{#item.id}.html{#skuId}
2017-09-16 16:02:14,952 - [webpage_parser.py:63] - INFO - procotol:http, hostname:clickc.admaster.com.cn, new_link:javascript:;
2017-09-16 16:02:14,987 - [webpage_parser.py:63] - INFO - procotol:http, hostname:clickc.admaster.com.cn, new_link:javascript:;
2017-09-16 16:02:14,994 - [charsetgroupprober.py:100] - DEBUG - utf-8  confidence = 0.99
2017-09-16 16:02:15,000 - [webpage_parser.py:63] - INFO - procotol:http, hostname:clickc.admaster.com.cn, new_link:javascript:;
2017-09-16 16:02:15,002 - [charsetgroupprober.py:100] - DEBUG - SHIFT_JIS Japanese confidence = 0.01
2017-09-16 16:02:15,014 - [webpage_parser.py:63] - INFO - procotol:http, hostname:clickc.admaster.com.cn, new_link:javascript:;
2017-09-16 16:02:15,060 - [webpage_parser.py:63] - INFO - procotol:http, hostname:clickc.admaster.com.cn, new_link:javascript:;
2017-09-16 16:02:15,069 - [charsetgroupprober.py:100] - DEBUG - EUC-JP Japanese confidence = 0.01
2017-09-16 16:02:15,289 - [webpage_parser.py:63] - INFO - procotol:http, hostname:clickc.admaster.com.cn, new_link:javascript:;
2017-09-16 16:02:15,329 - [charsetgroupprober.py:100] - DEBUG - GB2312 Chinese confidence = 0.01
2017-09-16 16:02:15,390 - [webpage_parser.py:63] - INFO - procotol:http, hostname:www.hao123.com, new_link:www.hao123.com/sports
2017-09-16 16:02:15,411 - [webpage_parser.py:63] - INFO - procotol:http, hostname:clickc.admaster.com.cn, new_link:javascript:;
2017-09-16 16:02:15,412 - [charsetgroupprober.py:100] - DEBUG - EUC-KR Korean confidence = 0.01
2017-09-16 16:02:15,449 - [webpage_parser.py:63] - INFO - procotol:http, hostname:www.hao123.com, new_link:javascript:void(0)
2017-09-16 16:02:15,453 - [webpage_parser.py:63] - INFO - procotol:http, hostname:clickc.admaster.com.cn, new_link:javascript:;
2017-09-16 16:02:15,520 - [webpage_parser.py:63] - INFO - procotol:http, hostname:www.hao123.com, new_link:javascript:;
2017-09-16 16:02:15,520 - [charsetgroupprober.py:100] - DEBUG - CP949 Korean confidence = 0.01
2017-09-16 16:02:15,522 - [webpage_parser.py:63] - INFO - procotol:http, hostname:clickc.admaster.com.cn, new_link:/search?keyword=HUAWEI+nova+2
2017-09-16 16:02:15,547 - [webpage_parser.py:63] - INFO - procotol:http, hostname:www.hao123.com, new_link:javascript:;
2017-09-16 16:02:15,548 - [charsetgroupprober.py:100] - DEBUG - Big5 Chinese confidence = 0.01
2017-09-16 16:02:15,649 - [webpage_parser.py:63] - INFO - procotol:http, hostname:clickc.admaster.com.cn, new_link:/search?keyword=%E8%8D%A3%E8%80%808%E9%9D%92%E6%98%A5%E7%89%88
2017-09-16 16:02:15,665 - [webpage_parser.py:63] - INFO - procotol:http, hostname:www.hao123.com, new_link:javascript:;
2017-09-16 16:02:15,673 - [webpage_parser.py:63] - INFO - procotol:http, hostname:clickc.admaster.com.cn, new_link:/list-36
2017-09-16 16:02:15,679 - [webpage_parser.py:63] - INFO - procotol:http, hostname:www.hao123.com, new_link:javascript:;
2017-09-16 16:02:15,686 - [charsetgroupprober.py:100] - DEBUG - EUC-TW Taiwan confidence = 0.01
2017-09-16 16:02:15,698 - [webpage_parser.py:63] - INFO - procotol:http, hostname:clickc.admaster.com.cn, new_link:/list-75
2017-09-16 16:02:15,700 - [webpage_parser.py:63] - INFO - procotol:http, hostname:www.hao123.com, new_link:#top
2017-09-16 16:02:15,701 - [charsetgroupprober.py:100] - DEBUG - windows-1251 Russian confidence = 0.01
2017-09-16 16:02:15,722 - [webpage_parser.py:63] - INFO - procotol:http, hostname:clickc.admaster.com.cn, new_link:/list-285
2017-09-16 16:02:15,730 - [webpage_parser.py:63] - INFO - procotol:http, hostname:www.hao123.com, new_link:javascript:;
2017-09-16 16:02:15,732 - [charsetgroupprober.py:100] - DEBUG - KOI8-R Russian confidence = 0.01
2017-09-16 16:02:15,736 - [webpage_parser.py:63] - INFO - procotol:http, hostname:clickc.admaster.com.cn, new_link:/list-36
2017-09-16 16:02:15,794 - [charsetgroupprober.py:100] - DEBUG - ISO-8859-5 Russian confidence = 0.0
2017-09-16 16:02:15,860 - [webpage_parser.py:63] - INFO - procotol:http, hostname:clickc.admaster.com.cn, new_link:/list-75
2017-09-16 16:02:15,954 - [webpage_parser.py:63] - INFO - procotol:http, hostname:www.hao123.com, new_link:javascript:;
2017-09-16 16:02:15,956 - [charsetgroupprober.py:100] - DEBUG - MacCyrillic Russian confidence = 0.0
2017-09-16 16:02:16,152 - [webpage_parser.py:63] - INFO - procotol:http, hostname:clickc.admaster.com.cn, new_link:/list-285
2017-09-16 16:02:16,161 - [charsetgroupprober.py:100] - DEBUG - IBM866 Russian confidence = 0.0
2017-09-16 16:02:16,225 - [webpage_parser.py:63] - INFO - procotol:http, hostname:www.baidu.com, new_link:/
2017-09-16 16:02:16,227 - [webpage_parser.py:63] - INFO - procotol:http, hostname:www.hao123.com, new_link:/api/ajax?skintype=0&toggle=1
2017-09-16 16:02:16,238 - [connectionpool.py:818] - DEBUG - Starting new HTTPS connection (1): www.baidu.com
2017-09-16 16:02:16,240 - [connectionpool.py:818] - DEBUG - Starting new HTTPS connection (1): www.baidu.com
2017-09-16 16:02:16,241 - [webpage_parser.py:63] - INFO - procotol:http, hostname:clickc.admaster.com.cn, new_link:/list-77
2017-09-16 16:02:16,244 - [charsetgroupprober.py:100] - DEBUG - IBM855 Russian confidence = 0.0
2017-09-16 16:02:16,295 - [webpage_parser.py:63] - INFO - procotol:http, hostname:www.baidu.com, new_link:javascript:;
2017-09-16 16:02:16,321 - [webpage_parser.py:63] - INFO - procotol:http, hostname:www.hao123.com, new_link:/api/ajax?menu=index
2017-09-16 16:02:16,346 - [webpage_parser.py:63] - INFO - procotol:http, hostname:clickc.admaster.com.cn, new_link:/list-76
2017-09-16 16:02:16,426 - [webpage_parser.py:63] - INFO - procotol:http, hostname:www.hao123.com, new_link:/api/ajax?menu=tv_kp
2017-09-16 16:02:16,459 - [webpage_parser.py:63] - INFO - procotol:http, hostname:www.baidu.com, new_link:javascript:;
2017-09-16 16:02:16,488 - [charsetgroupprober.py:100] - DEBUG - ISO-8859-7 Greek confidence = 0.0
2017-09-16 16:02:16,495 - [webpage_parser.py:63] - INFO - procotol:http, hostname:clickc.admaster.com.cn, new_link:/list-277
2017-09-16 16:02:16,498 - [webpage_parser.py:63] - INFO - procotol:http, hostname:www.hao123.com, new_link:/api/ajax?menu=movie_kp
2017-09-16 16:02:16,522 - [webpage_parser.py:63] - INFO - procotol:http, hostname:www.baidu.com, new_link:javascript:;
2017-09-16 16:02:16,546 - [charsetgroupprober.py:100] - DEBUG - windows-1253 Greek confidence = 0.0
2017-09-16 16:02:16,547 - [webpage_parser.py:63] - INFO - procotol:http, hostname:clickc.admaster.com.cn, new_link:/list-81
2017-09-16 16:02:16,548 - [webpage_parser.py:63] - INFO - procotol:http, hostname:www.hao123.com, new_link:/api/ajax?menu=news_kp
2017-09-16 16:02:16,558 - [webpage_parser.py:63] - INFO - procotol:http, hostname:www.baidu.com, new_link:/
2017-09-16 16:02:16,559 - [charsetgroupprober.py:100] - DEBUG - ISO-8859-5 Bulgairan confidence = 0.0
2017-09-16 16:02:16,561 - [webpage_parser.py:63] - INFO - procotol:http, hostname:clickc.admaster.com.cn, new_link:/list-275
2017-09-16 16:02:16,563 - [connectionpool.py:395] - DEBUG - https://www.baidu.com:443 "GET /s?word=%E7%90%86%E8%B4%A2%E6%96%B0%E8%B6%8B%E5%8A%BF&tn=50000017_hao_pg&ie=utf-8 HTTP/1.1" 200 227
2017-09-16 16:02:16,646 - [webpage_parser.py:63] - INFO - procotol:http, hostname:www.hao123.com, new_link:/api/ajax?menu=bagua_kp
2017-09-16 16:02:16,647 - [connectionpool.py:395] - DEBUG - https://www.baidu.com:443 "GET /s?word=%E6%96%B0%E8%83%BD%E6%BA%90SUV&tn=50000017_hao_pg&ie=utf-8 HTTP/1.1" 200 227
2017-09-16 16:02:16,670 - [webpage_parser.py:63] - INFO - procotol:http, hostname:www.baidu.com, new_link:javascript:;
2017-09-16 16:02:16,694 - [charsetgroupprober.py:100] - DEBUG - windows-1251 Bulgarian confidence = 0.0
2017-09-16 16:02:16,701 - [webpage_parser.py:63] - INFO - procotol:http, hostname:clickc.admaster.com.cn, new_link:/list-38
2017-09-16 16:02:16,715 - [webpage_parser.py:63] - INFO - procotol:http, hostname:www.hao123.com, new_link:/api/ajax?menu=military_kp
2017-09-16 16:02:16,833 - [sbcharsetprober.py:119] - DEBUG - windows-1251 confidence = 0.00362494165786, below negative shortcut threshhold 0.05
2017-09-16 16:02:16,834 - [webpage_parser.py:63] - INFO - procotol:http, hostname:www.baidu.com, new_link:javascript:;
2017-09-16 16:02:16,836 - [webpage_saver.py:45] - INFO - url https://www.baidu.com/s?word=%E7%90%86%E8%B4%A2%E6%96%B0%E8%B6%8B%E5%8A%BF&tn=50000017_hao_pg&ie=utf-8 is not match
2017-09-16 16:02:16,838 - [webpage_saver.py:45] - INFO - url https://www.baidu.com/s?word=%E6%96%B0%E8%83%BD%E6%BA%90SUV&tn=50000017_hao_pg&ie=utf-8 is not match
2017-09-16 16:02:16,838 - [charsetgroupprober.py:100] - DEBUG - TIS-620 Thai confidence = 0.0
2017-09-16 16:02:16,838 - [webpage_parser.py:63] - INFO - procotol:http, hostname:clickc.admaster.com.cn, new_link:/list-40
2017-09-16 16:02:16,839 - [webpage_parser.py:63] - INFO - procotol:http, hostname:www.hao123.com, new_link:/api/ajax?menu=game_kp
2017-09-16 16:02:16,849 - [webpage_parser.py:63] - INFO - procotol:http, hostname:www.baidu.com, new_link:/s?tn=sitehao123_10_pg&usm=6&wd=%E7%83%88%E7%81%AB%E5%A6%82%E6%AD%8C&ie=utf-8&rsv_cq=%E9%82%A3%E5%B9%B4%E8%8A%B1%E5%BC%80%E6%9C%88%E6%AD%A3%E5%9C%86&rsv_dl=0_right_recommends_merge_21102&cq=%E9%82%A3%E5%B9%B4%E8%8A%B1%E5%BC%80%E6%9C%88%E6%AD%A3%E5%9C%86&srcid=28310&rt=%E7%9B%B8%E5%85%B3%E5%BD%B1%E8%A7%86%E4%BD%9C%E5%93%81&recid=21102&euri=43002a3cb17049b6934671b1580e78f5
2017-09-16 16:02:16,921 - [charsetgroupprober.py:100] - DEBUG - ISO-8859-9 Turkish confidence = 0.477231091044
2017-09-16 16:02:16,923 - [webpage_parser.py:63] - INFO - procotol:http, hostname:clickc.admaster.com.cn, new_link:/list-41
2017-09-16 16:02:16,924 - [webpage_parser.py:63] - INFO - procotol:http, hostname:www.hao123.com, new_link:/api/ajax?menu=tejia_kp
2017-09-16 16:02:16,928 - [webpage_parser.py:63] - INFO - procotol:http, hostname:www.baidu.com, new_link:/s?tn=sitehao123_10_pg&usm=6&wd=%E7%83%88%E7%81%AB%E5%A6%82%E6%AD%8C&ie=utf-8&rsv_cq=%E9%82%A3%E5%B9%B4%E8%8A%B1%E5%BC%80%E6%9C%88%E6%AD%A3%E5%9C%86&rsv_dl=0_right_recommends_merge_21102&cq=%E9%82%A3%E5%B9%B4%E8%8A%B1%E5%BC%80%E6%9C%88%E6%AD%A3%E5%9C%86&srcid=28310&rt=%E7%9B%B8%E5%85%B3%E5%BD%B1%E8%A7%86%E4%BD%9C%E5%93%81&recid=21102&euri=43002a3cb17049b6934671b1580e78f5
2017-09-16 16:02:16,928 - [charsetgroupprober.py:100] - DEBUG - windows-1255 Hebrew confidence = 0.0
2017-09-16 16:02:16,933 - [webpage_parser.py:63] - INFO - procotol:http, hostname:clickc.admaster.com.cn, new_link:/list-42
2017-09-16 16:02:16,934 - [webpage_parser.py:63] - INFO - procotol:http, hostname:www.hao123.com, new_link:/api/ajax?menu=travel_kp
2017-09-16 16:02:16,935 - [charsetgroupprober.py:100] - DEBUG - windows-1255 Hebrew confidence = 0.0
2017-09-16 16:02:16,936 - [webpage_parser.py:63] - INFO - procotol:http, hostname:clickc.admaster.com.cn, new_link:/list-40
2017-09-16 16:02:16,938 - [webpage_parser.py:63] - INFO - procotol:http, hostname:www.hao123.com, new_link:/api/ajax?menu=auto_kp
2017-09-16 16:02:16,942 - [webpage_parser.py:63] - INFO - procotol:http, hostname:www.baidu.com, new_link:/s?tn=sitehao123_10_pg&usm=6&wd=%E6%88%91%E4%BB%AC%E7%9A%84%E7%88%B1&ie=utf-8&rsv_cq=%E9%82%A3%E5%B9%B4%E8%8A%B1%E5%BC%80%E6%9C%88%E6%AD%A3%E5%9C%86&rsv_dl=0_right_recommends_merge_21102&cq=%E9%82%A3%E5%B9%B4%E8%8A%B1%E5%BC%80%E6%9C%88%E6%AD%A3%E5%9C%86&srcid=28310&rt=%E7%9B%B8%E5%85%B3%E5%BD%B1%E8%A7%86%E4%BD%9C%E5%93%81&recid=21102&euri=0f359792ede44739af6dab9f8678e378
2017-09-16 16:02:16,943 - [charsetgroupprober.py:100] - DEBUG - windows-1255 Hebrew confidence = 0.0
2017-09-16 16:02:16,947 - [webpage_parser.py:63] - INFO - procotol:http, hostname:clickc.admaster.com.cn, new_link:/list-41
2017-09-16 16:02:17,013 - [webpage_parser.py:63] - INFO - procotol:http, hostname:www.baidu.com, new_link:/s?tn=sitehao123_10_pg&usm=6&wd=%E6%88%91%E4%BB%AC%E7%9A%84%E7%88%B1&ie=utf-8&rsv_cq=%E9%82%A3%E5%B9%B4%E8%8A%B1%E5%BC%80%E6%9C%88%E6%AD%A3%E5%9C%86&rsv_dl=0_right_recommends_merge_21102&cq=%E9%82%A3%E5%B9%B4%E8%8A%B1%E5%BC%80%E6%9C%88%E6%AD%A3%E5%9C%86&srcid=28310&rt=%E7%9B%B8%E5%85%B3%E5%BD%B1%E8%A7%86%E4%BD%9C%E5%93%81&recid=21102&euri=0f359792ede44739af6dab9f8678e378
2017-09-16 16:02:17,018 - [webpage_parser.py:63] - INFO - procotol:http, hostname:clickc.admaster.com.cn, new_link:/list-42
2017-09-16 16:02:17,019 - [charsetgroupprober.py:100] - DEBUG - utf-8  confidence = 0.99
2017-09-16 16:02:17,029 - [webpage_parser.py:63] - INFO - procotol:http, hostname:www.baidu.com, new_link:/s?tn=sitehao123_10_pg&usm=6&wd=%E5%A6%82%E6%87%BF%E4%BC%A0&ie=utf-8&rsv_cq=%E9%82%A3%E5%B9%B4%E8%8A%B1%E5%BC%80%E6%9C%88%E6%AD%A3%E5%9C%86&rsv_dl=0_right_recommends_merge_21102&cq=%E9%82%A3%E5%B9%B4%E8%8A%B1%E5%BC%80%E6%9C%88%E6%AD%A3%E5%9C%86&srcid=28310&rt=%E7%9B%B8%E5%85%B3%E5%BD%B1%E8%A7%86%E4%BD%9C%E5%93%81&recid=21102&euri=1c5ec2513f9549258358569da28eef77
2017-09-16 16:02:17,033 - [sbcharsetprober.py:119] - DEBUG - ISO-8859-7 confidence = 0.00705512244264, below negative shortcut threshhold 0.05
2017-09-16 16:02:17,033 - [webpage_parser.py:63] - INFO - procotol:http, hostname:clickc.admaster.com.cn, new_link:/list-317
2017-09-16 16:02:17,034 - [charsetgroupprober.py:100] - DEBUG - SHIFT_JIS Japanese confidence = 0.01
2017-09-16 16:02:17,034 - [webpage_parser.py:63] - INFO - procotol:http, hostname:www.baidu.com, new_link:/s?tn=sitehao123_10_pg&usm=6&wd=%E5%A6%82%E6%87%BF%E4%BC%A0&ie=utf-8&rsv_cq=%E9%82%A3%E5%B9%B4%E8%8A%B1%E5%BC%80%E6%9C%88%E6%AD%A3%E5%9C%86&rsv_dl=0_right_recommends_merge_21102&cq=%E9%82%A3%E5%B9%B4%E8%8A%B1%E5%BC%80%E6%9C%88%E6%AD%A3%E5%9C%86&srcid=28310&rt=%E7%9B%B8%E5%85%B3%E5%BD%B1%E8%A7%86%E4%BD%9C%E5%93%81&recid=21102&euri=1c5ec2513f9549258358569da28eef77
2017-09-16 16:02:17,046 - [webpage_parser.py:63] - INFO - procotol:http, hostname:clickc.admaster.com.cn, new_link:/list-59
2017-09-16 16:02:17,047 - [charsetgroupprober.py:100] - DEBUG - EUC-JP Japanese confidence = 0.01
2017-09-16 16:02:17,052 - [webpage_parser.py:63] - INFO - procotol:http, hostname:clickc.admaster.com.cn, new_link:/list-241
2017-09-16 16:02:17,053 - [webpage_parser.py:63] - INFO - procotol:http, hostname:www.baidu.com, new_link:/s?tn=sitehao123_10_pg&usm=6&wd=%E7%9B%B2%E7%BA%A6&ie=utf-8&rsv_cq=%E9%82%A3%E5%B9%B4%E8%8A%B1%E5%BC%80%E6%9C%88%E6%AD%A3%E5%9C%86&rsv_dl=0_right_recommends_merge_21102&cq=%E9%82%A3%E5%B9%B4%E8%8A%B1%E5%BC%80%E6%9C%88%E6%AD%A3%E5%9C%86&srcid=28310&rt=%E7%9B%B8%E5%85%B3%E5%BD%B1%E8%A7%86%E4%BD%9C%E5%93%81&recid=21102&euri=9e0845fa143111e694e82c600c837d53
2017-09-16 16:02:17,068 - [sbcharsetprober.py:119] - DEBUG - windows-1253 confidence = 0.00745047808532, below negative shortcut threshhold 0.05
2017-09-16 16:02:17,069 - [charsetgroupprober.py:100] - DEBUG - GB2312 Chinese confidence = 0.01
2017-09-16 16:02:17,069 - [webpage_parser.py:63] - INFO - procotol:http, hostname:clickc.admaster.com.cn, new_link:/list-247
2017-09-16 16:02:17,070 - [webpage_parser.py:63] - INFO - procotol:http, hostname:www.baidu.com, new_link:/s?tn=sitehao123_10_pg&usm=6&wd=%E7%9B%B2%E7%BA%A6&ie=utf-8&rsv_cq=%E9%82%A3%E5%B9%B4%E8%8A%B1%E5%BC%80%E6%9C%88%E6%AD%A3%E5%9C%86&rsv_dl=0_right_recommends_merge_21102&cq=%E9%82%A3%E5%B9%B4%E8%8A%B1%E5%BC%80%E6%9C%88%E6%AD%A3%E5%9C%86&srcid=28310&rt=%E7%9B%B8%E5%85%B3%E5%BD%B1%E8%A7%86%E4%BD%9C%E5%93%81&recid=21102&euri=9e0845fa143111e694e82c600c837d53
2017-09-16 16:02:17,070 - [charsetgroupprober.py:100] - DEBUG - EUC-KR Korean confidence = 0.01
2017-09-16 16:02:17,082 - [webpage_parser.py:63] - INFO - procotol:http, hostname:clickc.admaster.com.cn, new_link:/list-59
2017-09-16 16:02:17,086 - [webpage_parser.py:63] - INFO - procotol:http, hostname:www.baidu.com, new_link:/s?tn=sitehao123_10_pg&usm=6&wd=%E5%A4%A7%E5%94%90%E8%8D%A3%E8%80%80&ie=utf-8&rsv_cq=%E9%82%A3%E5%B9%B4%E8%8A%B1%E5%BC%80%E6%9C%88%E6%AD%A3%E5%9C%86&rsv_dl=0_right_recommends_merge_21102&cq=%E9%82%A3%E5%B9%B4%E8%8A%B1%E5%BC%80%E6%9C%88%E6%AD%A3%E5%9C%86&srcid=28310&rt=%E7%9B%B8%E5%85%B3%E5%BD%B1%E8%A7%86%E4%BD%9C%E5%93%81&recid=21102&euri=4b208b6c14fa11e6b24a2c600c837e5f
2017-09-16 16:02:17,100 - [charsetgroupprober.py:100] - DEBUG - CP949 Korean confidence = 0.01
2017-09-16 16:02:17,100 - [webpage_parser.py:63] - INFO - procotol:http, hostname:clickc.admaster.com.cn, new_link:/list-241
2017-09-16 16:02:17,101 - [webpage_parser.py:63] - INFO - procotol:http, hostname:www.baidu.com, new_link:/s?tn=sitehao123_10_pg&usm=6&wd=%E5%A4%A7%E5%94%90%E8%8D%A3%E8%80%80&ie=utf-8&rsv_cq=%E9%82%A3%E5%B9%B4%E8%8A%B1%E5%BC%80%E6%9C%88%E6%AD%A3%E5%9C%86&rsv_dl=0_right_recommends_merge_21102&cq=%E9%82%A3%E5%B9%B4%E8%8A%B1%E5%BC%80%E6%9C%88%E6%AD%A3%E5%9C%86&srcid=28310&rt=%E7%9B%B8%E5%85%B3%E5%BD%B1%E8%A7%86%E4%BD%9C%E5%93%81&recid=21102&euri=4b208b6c14fa11e6b24a2c600c837e5f
2017-09-16 16:02:17,124 - [charsetgroupprober.py:100] - DEBUG - Big5 Chinese confidence = 0.01
2017-09-16 16:02:17,127 - [webpage_parser.py:63] - INFO - procotol:http, hostname:clickc.admaster.com.cn, new_link:/list-247
2017-09-16 16:02:17,129 - [webpage_parser.py:63] - INFO - procotol:http, hostname:www.baidu.com, new_link:/s?tn=sitehao123_10_pg&usm=6&wd=%E8%8A%B1%E8%B0%A2%E8%8A%B1%E9%A3%9E%E8%8A%B1%E6%BB%A1%E5%A4%A9&ie=utf-8&rsv_cq=%E9%82%A3%E5%B9%B4%E8%8A%B1%E5%BC%80%E6%9C%88%E6%AD%A3%E5%9C%86&rsv_dl=0_right_recommends_merge_21102&cq=%E9%82%A3%E5%B9%B4%E8%8A%B1%E5%BC%80%E6%9C%88%E6%AD%A3%E5%9C%86&srcid=28310&rt=%E7%9B%B8%E5%85%B3%E5%BD%B1%E8%A7%86%E4%BD%9C%E5%93%81&recid=21102&euri=9d9e0d8ec0d9498e89785e2427f5082d
2017-09-16 16:02:17,133 - [charsetgroupprober.py:100] - DEBUG - EUC-TW Taiwan confidence = 0.01
2017-09-16 16:02:17,134 - [webpage_saver.py:45] - INFO - url http://www.hao123.com/sports is not match
2017-09-16 16:02:17,137 - [webpage_parser.py:63] - INFO - procotol:http, hostname:clickc.admaster.com.cn, new_link:/list-43
2017-09-16 16:02:17,141 - [webpage_saver.py:45] - INFO - url https://union-click.jd.com/jdc?d=iEZf6v is not match
2017-09-16 16:02:17,145 - [webpage_parser.py:63] - INFO - procotol:http, hostname:www.baidu.com, new_link:/s?tn=sitehao123_10_pg&usm=6&wd=%E8%8A%B1%E8%B0%A2%E8%8A%B1%E9%A3%9E%E8%8A%B1%E6%BB%A1%E5%A4%A9&ie=utf-8&rsv_cq=%E9%82%A3%E5%B9%B4%E8%8A%B1%E5%BC%80%E6%9C%88%E6%AD%A3%E5%9C%86&rsv_dl=0_right_recommends_merge_21102&cq=%E9%82%A3%E5%B9%B4%E8%8A%B1%E5%BC%80%E6%9C%88%E6%AD%A3%E5%9C%86&srcid=28310&rt=%E7%9B%B8%E5%85%B3%E5%BD%B1%E8%A7%86%E4%BD%9C%E5%93%81&recid=21102&euri=9d9e0d8ec0d9498e89785e2427f5082d
2017-09-16 16:02:17,146 - [webpage_saver.py:45] - INFO - url http://www.hao123.com/api/ajax?menu=xyx_kp is not match
2017-09-16 16:02:17,152 - [webpage_parser.py:63] - INFO - procotol:http, hostname:clickc.admaster.com.cn, new_link:/list-263
2017-09-16 16:02:17,155 - [webpage_parser.py:63] - INFO - procotol:http, hostname:www.baidu.com, new_link:/s?tn=sitehao123_10_pg&usm=6&wd=%E6%9F%9C%E4%B8%AD%E7%BE%8E%E4%BA%BA&ie=utf-8&rsv_cq=%E9%82%A3%E5%B9%B4%E8%8A%B1%E5%BC%80%E6%9C%88%E6%AD%A3%E5%9C%86&rsv_dl=0_right_recommends_merge_21102&cq=%E9%82%A3%E5%B9%B4%E8%8A%B1%E5%BC%80%E6%9C%88%E6%AD%A3%E5%9C%86&srcid=28310&rt=%E7%9B%B8%E5%85%B3%E5%BD%B1%E8%A7%86%E4%BD%9C%E5%93%81&recid=21102&euri=1da32e626d364d11950df001810b1b5d
2017-09-16 16:02:17,157 - [webpage_parser.py:63] - INFO - procotol:http, hostname:clickc.admaster.com.cn, new_link:/list-46
2017-09-16 16:02:17,164 - [webpage_parser.py:63] - INFO - procotol:http, hostname:www.baidu.com, new_link:/s?tn=sitehao123_10_pg&usm=6&wd=%E6%9F%9C%E4%B8%AD%E7%BE%8E%E4%BA%BA&ie=utf-8&rsv_cq=%E9%82%A3%E5%B9%B4%E8%8A%B1%E5%BC%80%E6%9C%88%E6%AD%A3%E5%9C%86&rsv_dl=0_right_recommends_merge_21102&cq=%E9%82%A3%E5%B9%B4%E8%8A%B1%E5%BC%80%E6%9C%88%E6%AD%A3%E5%9C%86&srcid=28310&rt=%E7%9B%B8%E5%85%B3%E5%BD%B1%E8%A7%86%E4%BD%9C%E5%93%81&recid=21102&euri=1da32e626d364d11950df001810b1b5d
2017-09-16 16:02:17,165 - [webpage_parser.py:63] - INFO - procotol:http, hostname:clickc.admaster.com.cn, new_link:/list-45
2017-09-16 16:02:17,166 - [webpage_parser.py:63] - INFO - procotol:http, hostname:www.baidu.com, new_link:/s?tn=sitehao123_10_pg&usm=6&wd=%E7%8B%AC%E5%AD%A4%E5%A4%A9%E4%B8%8B&ie=utf-8&rsv_cq=%E9%82%A3%E5%B9%B4%E8%8A%B1%E5%BC%80%E6%9C%88%E6%AD%A3%E5%9C%86&rsv_dl=0_right_recommends_merge_21102&cq=%E9%82%A3%E5%B9%B4%E8%8A%B1%E5%BC%80%E6%9C%88%E6%AD%A3%E5%9C%86&srcid=28310&rt=%E7%9B%B8%E5%85%B3%E5%BD%B1%E8%A7%86%E4%BD%9C%E5%93%81&recid=21102&euri=56320fe63bf048b889ab1ced9378399a
2017-09-16 16:02:17,167 - [sbcharsetprober.py:119] - DEBUG - windows-1251 confidence = 0.00988234031, below negative shortcut threshhold 0.05
2017-09-16 16:02:17,168 - [webpage_parser.py:63] - INFO - procotol:http, hostname:clickc.admaster.com.cn, new_link:/list-43
2017-09-16 16:02:17,169 - [webpage_parser.py:63] - INFO - procotol:http, hostname:www.baidu.com, new_link:/s?tn=sitehao123_10_pg&usm=6&wd=%E7%8B%AC%E5%AD%A4%E5%A4%A9%E4%B8%8B&ie=utf-8&rsv_cq=%E9%82%A3%E5%B9%B4%E8%8A%B1%E5%BC%80%E6%9C%88%E6%AD%A3%E5%9C%86&rsv_dl=0_right_recommends_merge_21102&cq=%E9%82%A3%E5%B9%B4%E8%8A%B1%E5%BC%80%E6%9C%88%E6%AD%A3%E5%9C%86&srcid=28310&rt=%E7%9B%B8%E5%85%B3%E5%BD%B1%E8%A7%86%E4%BD%9C%E5%93%81&recid=21102&euri=56320fe63bf048b889ab1ced9378399a
2017-09-16 16:02:17,198 - [webpage_parser.py:63] - INFO - procotol:http, hostname:clickc.admaster.com.cn, new_link:/list-263
2017-09-16 16:02:17,204 - [webpage_parser.py:63] - INFO - procotol:http, hostname:www.baidu.com, new_link:/s?tn=sitehao123_10_pg&usm=6&wd=%E5%86%9B%E5%B8%88%E8%81%94%E7%9B%9F&ie=utf-8&rsv_cq=%E9%82%A3%E5%B9%B4%E8%8A%B1%E5%BC%80%E6%9C%88%E6%AD%A3%E5%9C%86&rsv_dl=0_right_recommends_merge_21102&cq=%E9%82%A3%E5%B9%B4%E8%8A%B1%E5%BC%80%E6%9C%88%E6%AD%A3%E5%9C%86&srcid=28310&rt=%E7%9B%B8%E5%85%B3%E5%BD%B1%E8%A7%86%E4%BD%9C%E5%93%81&recid=21102&euri=d6932130650e45a5a52396f22bf90394
2017-09-16 16:02:17,224 - [webpage_parser.py:63] - INFO - procotol:http, hostname:clickc.admaster.com.cn, new_link:/list-46
2017-09-16 16:02:17,224 - [webpage_parser.py:63] - INFO - procotol:http, hostname:www.baidu.com, new_link:/s?tn=sitehao123_10_pg&usm=6&wd=%E5%86%9B%E5%B8%88%E8%81%94%E7%9B%9F&ie=utf-8&rsv_cq=%E9%82%A3%E5%B9%B4%E8%8A%B1%E5%BC%80%E6%9C%88%E6%AD%A3%E5%9C%86&rsv_dl=0_right_recommends_merge_21102&cq=%E9%82%A3%E5%B9%B4%E8%8A%B1%E5%BC%80%E6%9C%88%E6%AD%A3%E5%9C%86&srcid=28310&rt=%E7%9B%B8%E5%85%B3%E5%BD%B1%E8%A7%86%E4%BD%9C%E5%93%81&recid=21102&euri=d6932130650e45a5a52396f22bf90394
2017-09-16 16:02:17,225 - [webpage_parser.py:63] - INFO - procotol:http, hostname:clickc.admaster.com.cn, new_link:/list-45
2017-09-16 16:02:17,248 - [webpage_parser.py:63] - INFO - procotol:http, hostname:www.baidu.com, new_link:/s?tn=sitehao123_10_pg&usm=6&wd=%E7%B9%81%E6%98%9F%E5%9B%9B%E6%9C%88&ie=utf-8&rsv_cq=%E9%82%A3%E5%B9%B4%E8%8A%B1%E5%BC%80%E6%9C%88%E6%AD%A3%E5%9C%86&rsv_dl=0_right_recommends_merge_21102&cq=%E9%82%A3%E5%B9%B4%E8%8A%B1%E5%BC%80%E6%9C%88%E6%AD%A3%E5%9C%86&srcid=28310&rt=%E7%9B%B8%E5%85%B3%E5%BD%B1%E8%A7%86%E4%BD%9C%E5%93%81&recid=21102&euri=4fc4181ece4111e5a3f72c600c837d5f
2017-09-16 16:02:17,248 - [webpage_parser.py:63] - INFO - procotol:http, hostname:clickc.admaster.com.cn, new_link:/list-44
2017-09-16 16:02:17,250 - [webpage_parser.py:63] - INFO - procotol:http, hostname:www.baidu.com, new_link:/s?tn=sitehao123_10_pg&usm=6&wd=%E7%B9%81%E6%98%9F%E5%9B%9B%E6%9C%88&ie=utf-8&rsv_cq=%E9%82%A3%E5%B9%B4%E8%8A%B1%E5%BC%80%E6%9C%88%E6%AD%A3%E5%9C%86&rsv_dl=0_right_recommends_merge_21102&cq=%E9%82%A3%E5%B9%B4%E8%8A%B1%E5%BC%80%E6%9C%88%E6%AD%A3%E5%9C%86&srcid=28310&rt=%E7%9B%B8%E5%85%B3%E5%BD%B1%E8%A7%86%E4%BD%9C%E5%93%81&recid=21102&euri=4fc4181ece4111e5a3f72c600c837d5f
2017-09-16 16:02:17,250 - [webpage_parser.py:63] - INFO - procotol:http, hostname:clickc.admaster.com.cn, new_link:/list-97
2017-09-16 16:02:17,259 - [webpage_parser.py:63] - INFO - procotol:http, hostname:www.baidu.com, new_link:/s?tn=sitehao123_10_pg&usm=6&wd=%E7%89%B9%E5%B7%A5%E7%9A%87%E5%A6%83%E6%A5%9A%E4%B9%94%E4%BC%A0&ie=utf-8&rsv_cq=%E9%82%A3%E5%B9%B4%E8%8A%B1%E5%BC%80%E6%9C%88%E6%AD%A3%E5%9C%86&rsv_dl=0_right_recommends_merge_21102&cq=%E9%82%A3%E5%B9%B4%E8%8A%B1%E5%BC%80%E6%9C%88%E6%AD%A3%E5%9C%86&srcid=28310&rt=%E7%9B%B8%E5%85%B3%E5%BD%B1%E8%A7%86%E4%BD%9C%E5%93%81&recid=21102&euri=45f8d78c11d711e68aa42c600c838327
2017-09-16 16:02:17,259 - [webpage_parser.py:63] - INFO - procotol:http, hostname:clickc.admaster.com.cn, new_link:/list-283
2017-09-16 16:02:17,260 - [webpage_parser.py:63] - INFO - procotol:http, hostname:www.baidu.com, new_link:/s?tn=sitehao123_10_pg&usm=6&wd=%E7%89%B9%E5%B7%A5%E7%9A%87%E5%A6%83%E6%A5%9A%E4%B9%94%E4%BC%A0&ie=utf-8&rsv_cq=%E9%82%A3%E5%B9%B4%E8%8A%B1%E5%BC%80%E6%9C%88%E6%AD%A3%E5%9C%86&rsv_dl=0_right_recommends_merge_21102&cq=%E9%82%A3%E5%B9%B4%E8%8A%B1%E5%BC%80%E6%9C%88%E6%AD%A3%E5%9C%86&srcid=28310&rt=%E7%9B%B8%E5%85%B3%E5%BD%B1%E8%A7%86%E4%BD%9C%E5%93%81&recid=21102&euri=45f8d78c11d711e68aa42c600c838327
2017-09-16 16:02:17,282 - [webpage_parser.py:63] - INFO - procotol:http, hostname:clickc.admaster.com.cn, new_link:/list-54
2017-09-16 16:02:17,282 - [webpage_parser.py:63] - INFO - procotol:http, hostname:www.baidu.com, new_link:/s?tn=sitehao123_10_pg&usm=6&wd=%E7%8C%8E%E5%9C%BA&ie=utf-8&rsv_cq=%E9%82%A3%E5%B9%B4%E8%8A%B1%E5%BC%80%E6%9C%88%E6%AD%A3%E5%9C%86&rsv_dl=0_right_recommends_merge_21102&cq=%E9%82%A3%E5%B9%B4%E8%8A%B1%E5%BC%80%E6%9C%88%E6%AD%A3%E5%9C%86&srcid=28310&rt=%E7%9B%B8%E5%85%B3%E5%BD%B1%E8%A7%86%E4%BD%9C%E5%93%81&recid=21102&euri=8bfa422da6b94ba19b686d31e315a6a4
2017-09-16 16:02:17,292 - [webpage_parser.py:63] - INFO - procotol:http, hostname:clickc.admaster.com.cn, new_link:/list-56
2017-09-16 16:02:17,293 - [webpage_parser.py:63] - INFO - procotol:http, hostname:www.baidu.com, new_link:/s?tn=sitehao123_10_pg&usm=6&wd=%E7%8C%8E%E5%9C%BA&ie=utf-8&rsv_cq=%E9%82%A3%E5%B9%B4%E8%8A%B1%E5%BC%80%E6%9C%88%E6%AD%A3%E5%9C%86&rsv_dl=0_right_recommends_merge_21102&cq=%E9%82%A3%E5%B9%B4%E8%8A%B1%E5%BC%80%E6%9C%88%E6%AD%A3%E5%9C%86&srcid=28310&rt=%E7%9B%B8%E5%85%B3%E5%BD%B1%E8%A7%86%E4%BD%9C%E5%93%81&recid=21102&euri=8bfa422da6b94ba19b686d31e315a6a4
2017-09-16 16:02:17,309 - [webpage_parser.py:63] - INFO - procotol:http, hostname:clickc.admaster.com.cn, new_link:/list-229
2017-09-16 16:02:17,319 - [webpage_parser.py:63] - INFO - procotol:http, hostname:www.baidu.com, new_link:/s?tn=sitehao123_10_pg&usm=6&wd=%E4%B8%80%E8%B7%AF%E7%B9%81%E8%8A%B1%E7%9B%B8%E9%80%81&ie=utf-8&rsv_cq=%E9%82%A3%E5%B9%B4%E8%8A%B1%E5%BC%80%E6%9C%88%E6%AD%A3%E5%9C%86&rsv_dl=0_right_recommends_merge_21102&cq=%E9%82%A3%E5%B9%B4%E8%8A%B1%E5%BC%80%E6%9C%88%E6%AD%A3%E5%9C%86&srcid=28310&rt=%E7%9B%B8%E5%85%B3%E5%BD%B1%E8%A7%86%E4%BD%9C%E5%93%81&recid=21102&euri=5975dc5a023f40b1b411000cf288b3b4
2017-09-16 16:02:17,328 - [webpage_parser.py:63] - INFO - procotol:http, hostname:clickc.admaster.com.cn, new_link:/list-55
2017-09-16 16:02:17,331 - [webpage_parser.py:63] - INFO - procotol:http, hostname:www.baidu.com, new_link:/s?tn=sitehao123_10_pg&usm=6&wd=%E4%B8%80%E8%B7%AF%E7%B9%81%E8%8A%B1%E7%9B%B8%E9%80%81&ie=utf-8&rsv_cq=%E9%82%A3%E5%B9%B4%E8%8A%B1%E5%BC%80%E6%9C%88%E6%AD%A3%E5%9C%86&rsv_dl=0_right_recommends_merge_21102&cq=%E9%82%A3%E5%B9%B4%E8%8A%B1%E5%BC%80%E6%9C%88%E6%AD%A3%E5%9C%86&srcid=28310&rt=%E7%9B%B8%E5%85%B3%E5%BD%B1%E8%A7%86%E4%BD%9C%E5%93%81&recid=21102&euri=5975dc5a023f40b1b411000cf288b3b4
2017-09-16 16:02:17,334 - [webpage_parser.py:63] - INFO - procotol:http, hostname:clickc.admaster.com.cn, new_link:/list-54
2017-09-16 16:02:17,336 - [webpage_parser.py:63] - INFO - procotol:http, hostname:www.baidu.com, new_link:/s?tn=sitehao123_10_pg&usm=6&wd=%E6%B8%85%E6%9E%AB%E4%BC%A0%E5%A5%87&ie=utf-8&rsv_cq=%E9%82%A3%E5%B9%B4%E8%8A%B1%E5%BC%80%E6%9C%88%E6%AD%A3%E5%9C%86&rsv_dl=0_right_recommends_merge_21102&cq=%E9%82%A3%E5%B9%B4%E8%8A%B1%E5%BC%80%E6%9C%88%E6%AD%A3%E5%9C%86&srcid=28310&rt=%E7%9B%B8%E5%85%B3%E5%BD%B1%E8%A7%86%E4%BD%9C%E5%93%81&recid=21102&euri=aaf63614339f4b50a856e07036a9baa8
2017-09-16 16:02:17,337 - [webpage_parser.py:63] - INFO - procotol:http, hostname:clickc.admaster.com.cn, new_link:/list-56
2017-09-16 16:02:17,340 - [webpage_parser.py:63] - INFO - procotol:http, hostname:www.baidu.com, new_link:/s?tn=sitehao123_10_pg&usm=6&wd=%E6%B8%85%E6%9E%AB%E4%BC%A0%E5%A5%87&ie=utf-8&rsv_cq=%E9%82%A3%E5%B9%B4%E8%8A%B1%E5%BC%80%E6%9C%88%E6%AD%A3%E5%9C%86&rsv_dl=0_right_recommends_merge_21102&cq=%E9%82%A3%E5%B9%B4%E8%8A%B1%E5%BC%80%E6%9C%88%E6%AD%A3%E5%9C%86&srcid=28310&rt=%E7%9B%B8%E5%85%B3%E5%BD%B1%E8%A7%86%E4%BD%9C%E5%93%81&recid=21102&euri=aaf63614339f4b50a856e07036a9baa8
2017-09-16 16:02:17,345 - [webpage_parser.py:63] - INFO - procotol:http, hostname:clickc.admaster.com.cn, new_link:/list-229
2017-09-16 16:02:17,354 - [webpage_parser.py:63] - INFO - procotol:http, hostname:www.baidu.com, new_link:/s?tn=sitehao123_10_pg&usm=6&wd=%E8%83%AD%E8%84%82&ie=utf-8&rsv_cq=%E9%82%A3%E5%B9%B4%E8%8A%B1%E5%BC%80%E6%9C%88%E6%AD%A3%E5%9C%86&rsv_dl=0_right_recommends_merge_21102&cq=%E9%82%A3%E5%B9%B4%E8%8A%B1%E5%BC%80%E6%9C%88%E6%AD%A3%E5%9C%86&srcid=28310&rt=%E7%9B%B8%E5%85%B3%E5%BD%B1%E8%A7%86%E4%BD%9C%E5%93%81&recid=21102&euri=b583429c3b674694b043b58a8f5ee926
2017-09-16 16:02:17,356 - [webpage_parser.py:63] - INFO - procotol:http, hostname:clickc.admaster.com.cn, new_link:/list-55
2017-09-16 16:02:17,357 - [webpage_parser.py:63] - INFO - procotol:http, hostname:www.baidu.com, new_link:/s?tn=sitehao123_10_pg&usm=6&wd=%E8%83%AD%E8%84%82&ie=utf-8&rsv_cq=%E9%82%A3%E5%B9%B4%E8%8A%B1%E5%BC%80%E6%9C%88%E6%AD%A3%E5%9C%86&rsv_dl=0_right_recommends_merge_21102&cq=%E9%82%A3%E5%B9%B4%E8%8A%B1%E5%BC%80%E6%9C%88%E6%AD%A3%E5%9C%86&srcid=28310&rt=%E7%9B%B8%E5%85%B3%E5%BD%B1%E8%A7%86%E4%BD%9C%E5%93%81&recid=21102&euri=b583429c3b674694b043b58a8f5ee926
2017-09-16 16:02:17,358 - [webpage_parser.py:63] - INFO - procotol:http, hostname:clickc.admaster.com.cn, new_link:/list-231
2017-09-16 16:02:17,361 - [webpage_parser.py:63] - INFO - procotol:http, hostname:www.baidu.com, new_link:/s?tn=sitehao123_10_pg&usm=6&wd=%E7%BF%A1%E7%BF%A0%E6%81%8B%E4%BA%BA&ie=utf-8&rsv_cq=%E9%82%A3%E5%B9%B4%E8%8A%B1%E5%BC%80%E6%9C%88%E6%AD%A3%E5%9C%86&rsv_dl=0_right_recommends_merge_21102&cq=%E9%82%A3%E5%B9%B4%E8%8A%B1%E5%BC%80%E6%9C%88%E6%AD%A3%E5%9C%86&srcid=28310&rt=%E7%9B%B8%E5%85%B3%E5%BD%B1%E8%A7%86%E4%BD%9C%E5%93%81&recid=21102&euri=fcb93fe71ef741df98465bdf477eb90a
2017-09-16 16:02:17,400 - [webpage_parser.py:63] - INFO - procotol:http, hostname:clickc.admaster.com.cn, new_link:/list-58
2017-09-16 16:02:17,409 - [sbcharsetprober.py:119] - DEBUG - windows-1255 confidence = 0.00253401934677, below negative shortcut threshhold 0.05
2017-09-16 16:02:17,409 - [webpage_parser.py:63] - INFO - procotol:http, hostname:www.baidu.com, new_link:/s?tn=sitehao123_10_pg&usm=6&wd=%E7%BF%A1%E7%BF%A0%E6%81%8B%E4%BA%BA&ie=utf-8&rsv_cq=%E9%82%A3%E5%B9%B4%E8%8A%B1%E5%BC%80%E6%9C%88%E6%AD%A3%E5%9C%86&rsv_dl=0_right_recommends_merge_21102&cq=%E9%82%A3%E5%B9%B4%E8%8A%B1%E5%BC%80%E6%9C%88%E6%AD%A3%E5%9C%86&srcid=28310&rt=%E7%9B%B8%E5%85%B3%E5%BD%B1%E8%A7%86%E4%BD%9C%E5%93%81&recid=21102&euri=fcb93fe71ef741df98465bdf477eb90a
2017-09-16 16:02:17,409 - [webpage_parser.py:63] - INFO - procotol:http, hostname:clickc.admaster.com.cn, new_link:/list-83
2017-09-16 16:02:17,436 - [sbcharsetprober.py:119] - DEBUG - windows-1255 confidence = 0.00994115282195, below negative shortcut threshhold 0.05
2017-09-16 16:02:17,436 - [webpage_parser.py:63] - INFO - procotol:http, hostname:www.baidu.com, new_link:javascript:;
2017-09-16 16:02:17,437 - [webpage_parser.py:63] - INFO - procotol:http, hostname:clickc.admaster.com.cn, new_link:/list-233
2017-09-16 16:02:17,563 - [webpage_parser.py:63] - INFO - procotol:http, hostname:www.baidu.com, new_link:/s?tn=sitehao123_10_pg&usm=6&wd=%E5%B0%91%E5%A5%B3%E7%94%84%E5%AC%9B&ie=utf-8&rsv_cq=%E9%82%A3%E5%B9%B4%E8%8A%B1%E5%BC%80%E6%9C%88%E6%AD%A3%E5%9C%86&rsv_dl=0_right_recommends_merge_21102&cq=%E9%82%A3%E5%B9%B4%E8%8A%B1%E5%BC%80%E6%9C%88%E6%AD%A3%E5%9C%86&srcid=28310&rt=%E4%B8%AD%E5%9B%BD%E5%BD%B1%E8%A7%86%E4%BD%9C%E5%93%81&recid=21102&euri=ece9b9d68f8d45b687eb9aec7f164489
2017-09-16 16:02:17,564 - [webpage_parser.py:63] - INFO - procotol:http, hostname:clickc.admaster.com.cn, new_link:/list-235
2017-09-16 16:02:17,565 - [webpage_parser.py:63] - INFO - procotol:http, hostname:www.baidu.com, new_link:/s?tn=sitehao123_10_pg&usm=6&wd=%E5%B0%91%E5%A5%B3%E7%94%84%E5%AC%9B&ie=utf-8&rsv_cq=%E9%82%A3%E5%B9%B4%E8%8A%B1%E5%BC%80%E6%9C%88%E6%AD%A3%E5%9C%86&rsv_dl=0_right_recommends_merge_21102&cq=%E9%82%A3%E5%B9%B4%E8%8A%B1%E5%BC%80%E6%9C%88%E6%AD%A3%E5%9C%86&srcid=28310&rt=%E4%B8%AD%E5%9B%BD%E5%BD%B1%E8%A7%86%E4%BD%9C%E5%93%81&recid=21102&euri=ece9b9d68f8d45b687eb9aec7f164489
2017-09-16 16:02:17,567 - [webpage_parser.py:63] - INFO - procotol:http, hostname:clickc.admaster.com.cn, new_link:/list-239
2017-09-16 16:02:17,568 - [webpage_parser.py:63] - INFO - procotol:http, hostname:www.baidu.com, new_link:/s?tn=sitehao123_10_pg&usm=6&wd=%E7%9C%B8%E5%80%BE%E4%BC%A0%E5%A5%87&ie=utf-8&rsv_cq=%E9%82%A3%E5%B9%B4%E8%8A%B1%E5%BC%80%E6%9C%88%E6%AD%A3%E5%9C%86&rsv_dl=0_right_recommends_merge_21102&cq=%E9%82%A3%E5%B9%B4%E8%8A%B1%E5%BC%80%E6%9C%88%E6%AD%A3%E5%9C%86&srcid=28310&rt=%E4%B8%AD%E5%9B%BD%E5%BD%B1%E8%A7%86%E4%BD%9C%E5%93%81&recid=21102&euri=d4f9efc99d234956821498e7c3eb867a
2017-09-16 16:02:17,570 - [webpage_parser.py:63] - INFO - procotol:http, hostname:clickc.admaster.com.cn, new_link:/list-237
2017-09-16 16:02:17,572 - [webpage_parser.py:63] - INFO - procotol:http, hostname:www.baidu.com, new_link:/s?tn=sitehao123_10_pg&usm=6&wd=%E7%9C%B8%E5%80%BE%E4%BC%A0%E5%A5%87&ie=utf-8&rsv_cq=%E9%82%A3%E5%B9%B4%E8%8A%B1%E5%BC%80%E6%9C%88%E6%AD%A3%E5%9C%86&rsv_dl=0_right_recommends_merge_21102&cq=%E9%82%A3%E5%B9%B4%E8%8A%B1%E5%BC%80%E6%9C%88%E6%AD%A3%E5%9C%86&srcid=28310&rt=%E4%B8%AD%E5%9B%BD%E5%BD%B1%E8%A7%86%E4%BD%9C%E5%93%81&recid=21102&euri=d4f9efc99d234956821498e7c3eb867a
2017-09-16 16:02:17,574 - [webpage_parser.py:63] - INFO - procotol:http, hostname:clickc.admaster.com.cn, new_link:/list-47
2017-09-16 16:02:17,576 - [webpage_parser.py:63] - INFO - procotol:http, hostname:www.baidu.com, new_link:/s?tn=sitehao123_10_pg&usm=6&wd=%E7%9A%93%E9%95%A7%E4%BC%A0&ie=utf-8&rsv_cq=%E9%82%A3%E5%B9%B4%E8%8A%B1%E5%BC%80%E6%9C%88%E6%AD%A3%E5%9C%86&rsv_dl=0_right_recommends_merge_21102&cq=%E9%82%A3%E5%B9%B4%E8%8A%B1%E5%BC%80%E6%9C%88%E6%AD%A3%E5%9C%86&srcid=28310&rt=%E4%B8%AD%E5%9B%BD%E5%BD%B1%E8%A7%86%E4%BD%9C%E5%93%81&recid=21102&euri=a2ea16dd598447ec918145c102aba826
2017-09-16 16:02:17,577 - [webpage_parser.py:63] - INFO - procotol:http, hostname:clickc.admaster.com.cn, new_link:/list-48
2017-09-16 16:02:17,578 - [webpage_parser.py:63] - INFO - procotol:http, hostname:www.baidu.com, new_link:/s?tn=sitehao123_10_pg&usm=6&wd=%E7%9A%93%E9%95%A7%E4%BC%A0&ie=utf-8&rsv_cq=%E9%82%A3%E5%B9%B4%E8%8A%B1%E5%BC%80%E6%9C%88%E6%AD%A3%E5%9C%86&rsv_dl=0_right_recommends_merge_21102&cq=%E9%82%A3%E5%B9%B4%E8%8A%B1%E5%BC%80%E6%9C%88%E6%AD%A3%E5%9C%86&srcid=28310&rt=%E4%B8%AD%E5%9B%BD%E5%BD%B1%E8%A7%86%E4%BD%9C%E5%93%81&recid=21102&euri=a2ea16dd598447ec918145c102aba826
2017-09-16 16:02:17,579 - [webpage_parser.py:63] - INFO - procotol:http, hostname:clickc.admaster.com.cn, new_link:/list-49
2017-09-16 16:02:17,579 - [webpage_parser.py:63] - INFO - procotol:http, hostname:www.baidu.com, new_link:/s?tn=sitehao123_10_pg&usm=6&wd=%E9%82%A3%E5%B9%B4%E9%9D%92%E6%98%A5%E6%88%91%E4%BB%AC%E6%AD%A3%E5%A5%BD&ie=utf-8&rsv_cq=%E9%82%A3%E5%B9%B4%E8%8A%B1%E5%BC%80%E6%9C%88%E6%AD%A3%E5%9C%86&rsv_dl=0_right_recommends_merge_21102&cq=%E9%82%A3%E5%B9%B4%E8%8A%B1%E5%BC%80%E6%9C%88%E6%AD%A3%E5%9C%86&srcid=28310&rt=%E4%B8%AD%E5%9B%BD%E5%BD%B1%E8%A7%86%E4%BD%9C%E5%93%81&recid=21102&euri=26e9eb7c0f654217ba396b52e3cd7611
2017-09-16 16:02:17,583 - [webpage_parser.py:63] - INFO - procotol:http, hostname:clickc.admaster.com.cn, new_link:/list-50
2017-09-16 16:02:17,585 - [webpage_parser.py:63] - INFO - procotol:http, hostname:clickc.admaster.com.cn, new_link:/list-47
2017-09-16 16:02:17,586 - [webpage_parser.py:63] - INFO - procotol:http, hostname:www.baidu.com, new_link:/s?tn=sitehao123_10_pg&usm=6&wd=%E9%82%A3%E5%B9%B4%E9%9D%92%E6%98%A5%E6%88%91%E4%BB%AC%E6%AD%A3%E5%A5%BD&ie=utf-8&rsv_cq=%E9%82%A3%E5%B9%B4%E8%8A%B1%E5%BC%80%E6%9C%88%E6%AD%A3%E5%9C%86&rsv_dl=0_right_recommends_merge_21102&cq=%E9%82%A3%E5%B9%B4%E8%8A%B1%E5%BC%80%E6%9C%88%E6%AD%A3%E5%9C%86&srcid=28310&rt=%E4%B8%AD%E5%9B%BD%E5%BD%B1%E8%A7%86%E4%BD%9C%E5%93%81&recid=21102&euri=26e9eb7c0f654217ba396b52e3cd7611
2017-09-16 16:02:17,586 - [webpage_parser.py:63] - INFO - procotol:http, hostname:clickc.admaster.com.cn, new_link:/list-48
2017-09-16 16:02:17,587 - [webpage_parser.py:63] - INFO - procotol:http, hostname:www.baidu.com, new_link:/s?tn=sitehao123_10_pg&usm=6&wd=%E8%8A%B1%E5%BC%80%E5%8D%8A%E5%A4%8F&ie=utf-8&rsv_cq=%E9%82%A3%E5%B9%B4%E8%8A%B1%E5%BC%80%E6%9C%88%E6%AD%A3%E5%9C%86&rsv_dl=0_right_recommends_merge_21102&cq=%E9%82%A3%E5%B9%B4%E8%8A%B1%E5%BC%80%E6%9C%88%E6%AD%A3%E5%9C%86&srcid=28310&rt=%E4%B8%AD%E5%9B%BD%E5%BD%B1%E8%A7%86%E4%BD%9C%E5%93%81&recid=21102&euri=873febf531a24b16947271db50ef9e0a
2017-09-16 16:02:17,587 - [webpage_parser.py:63] - INFO - procotol:http, hostname:clickc.admaster.com.cn, new_link:/list-49
2017-09-16 16:02:17,592 - [webpage_parser.py:63] - INFO - procotol:http, hostname:www.baidu.com, new_link:/s?tn=sitehao123_10_pg&usm=6&wd=%E8%8A%B1%E5%BC%80%E5%8D%8A%E5%A4%8F&ie=utf-8&rsv_cq=%E9%82%A3%E5%B9%B4%E8%8A%B1%E5%BC%80%E6%9C%88%E6%AD%A3%E5%9C%86&rsv_dl=0_right_recommends_merge_21102&cq=%E9%82%A3%E5%B9%B4%E8%8A%B1%E5%BC%80%E6%9C%88%E6%AD%A3%E5%9C%86&srcid=28310&rt=%E4%B8%AD%E5%9B%BD%E5%BD%B1%E8%A7%86%E4%BD%9C%E5%93%81&recid=21102&euri=873febf531a24b16947271db50ef9e0a
2017-09-16 16:02:17,595 - [webpage_parser.py:63] - INFO - procotol:http, hostname:clickc.admaster.com.cn, new_link:/list-50
2017-09-16 16:02:17,596 - [webpage_parser.py:63] - INFO - procotol:http, hostname:www.baidu.com, new_link:/s?tn=sitehao123_10_pg&usm=6&wd=%E5%A8%98%E9%81%93&ie=utf-8&rsv_cq=%E9%82%A3%E5%B9%B4%E8%8A%B1%E5%BC%80%E6%9C%88%E6%AD%A3%E5%9C%86&rsv_dl=0_right_recommends_merge_21102&cq=%E9%82%A3%E5%B9%B4%E8%8A%B1%E5%BC%80%E6%9C%88%E6%AD%A3%E5%9C%86&srcid=28310&rt=%E4%B8%AD%E5%9B%BD%E5%BD%B1%E8%A7%86%E4%BD%9C%E5%93%81&recid=21102&euri=89250cf8fdae485bb9c58b5d7acf7783
2017-09-16 16:02:17,607 - [webpage_parser.py:63] - INFO - procotol:http, hostname:clickc.admaster.com.cn, new_link:/list-223
2017-09-16 16:02:17,607 - [webpage_parser.py:63] - INFO - procotol:http, hostname:www.baidu.com, new_link:/s?tn=sitehao123_10_pg&usm=6&wd=%E5%A8%98%E9%81%93&ie=utf-8&rsv_cq=%E9%82%A3%E5%B9%B4%E8%8A%B1%E5%BC%80%E6%9C%88%E6%AD%A3%E5%9C%86&rsv_dl=0_right_recommends_merge_21102&cq=%E9%82%A3%E5%B9%B4%E8%8A%B1%E5%BC%80%E6%9C%88%E6%AD%A3%E5%9C%86&srcid=28310&rt=%E4%B8%AD%E5%9B%BD%E5%BD%B1%E8%A7%86%E4%BD%9C%E5%93%81&recid=21102&euri=89250cf8fdae485bb9c58b5d7acf7783
2017-09-16 16:02:17,609 - [webpage_parser.py:63] - INFO - procotol:http, hostname:www.baidu.com, new_link:/s?tn=sitehao123_10_pg&usm=6&wd=%E7%BE%8E%E4%BA%BA%E5%A6%82%E7%8E%89&ie=utf-8&rsv_cq=%E9%82%A3%E5%B9%B4%E8%8A%B1%E5%BC%80%E6%9C%88%E6%AD%A3%E5%9C%86&rsv_dl=0_right_recommends_merge_21102&cq=%E9%82%A3%E5%B9%B4%E8%8A%B1%E5%BC%80%E6%9C%88%E6%AD%A3%E5%9C%86&srcid=28310&rt=%E4%B8%AD%E5%9B%BD%E5%BD%B1%E8%A7%86%E4%BD%9C%E5%93%81&recid=21102&euri=c3d871be9d474d8e818d889499c43f06
2017-09-16 16:02:17,614 - [webpage_parser.py:63] - INFO - procotol:http, hostname:www.baidu.com, new_link:/s?tn=sitehao123_10_pg&usm=6&wd=%E7%BE%8E%E4%BA%BA%E5%A6%82%E7%8E%89&ie=utf-8&rsv_cq=%E9%82%A3%E5%B9%B4%E8%8A%B1%E5%BC%80%E6%9C%88%E6%AD%A3%E5%9C%86&rsv_dl=0_right_recommends_merge_21102&cq=%E9%82%A3%E5%B9%B4%E8%8A%B1%E5%BC%80%E6%9C%88%E6%AD%A3%E5%9C%86&srcid=28310&rt=%E4%B8%AD%E5%9B%BD%E5%BD%B1%E8%A7%86%E4%BD%9C%E5%93%81&recid=21102&euri=c3d871be9d474d8e818d889499c43f06
2017-09-16 16:02:17,614 - [webpage_parser.py:63] - INFO - procotol:http, hostname:www.baidu.com, new_link:/s?tn=sitehao123_10_pg&usm=6&wd=%E7%90%85%E7%90%8A%E6%A6%9C&ie=utf-8&rsv_cq=%E9%82%A3%E5%B9%B4%E8%8A%B1%E5%BC%80%E6%9C%88%E6%AD%A3%E5%9C%86&rsv_dl=0_right_recommends_merge_21102&cq=%E9%82%A3%E5%B9%B4%E8%8A%B1%E5%BC%80%E6%9C%88%E6%AD%A3%E5%9C%86&srcid=28310&rt=%E4%B8%AD%E5%9B%BD%E5%BD%B1%E8%A7%86%E4%BD%9C%E5%93%81&recid=21102&euri=a4f91f97fba148a69be7016fa5dc7835
2017-09-16 16:02:17,618 - [webpage_parser.py:63] - INFO - procotol:http, hostname:clickc.admaster.com.cn, new_link:/list-225
2017-09-16 16:02:17,618 - [webpage_parser.py:63] - INFO - procotol:http, hostname:www.baidu.com, new_link:/s?tn=sitehao123_10_pg&usm=6&wd=%E7%90%85%E7%90%8A%E6%A6%9C&ie=utf-8&rsv_cq=%E9%82%A3%E5%B9%B4%E8%8A%B1%E5%BC%80%E6%9C%88%E6%AD%A3%E5%9C%86&rsv_dl=0_right_recommends_merge_21102&cq=%E9%82%A3%E5%B9%B4%E8%8A%B1%E5%BC%80%E6%9C%88%E6%AD%A3%E5%9C%86&srcid=28310&rt=%E4%B8%AD%E5%9B%BD%E5%BD%B1%E8%A7%86%E4%BD%9C%E5%93%81&recid=21102&euri=a4f91f97fba148a69be7016fa5dc7835
2017-09-16 16:02:17,619 - [webpage_parser.py:63] - INFO - procotol:http, hostname:clickc.admaster.com.cn, new_link:/member?t=1505548918539timestamp
2017-09-16 16:02:17,619 - [webpage_parser.py:63] - INFO - procotol:http, hostname:www.baidu.com, new_link:/s?tn=sitehao123_10_pg&usm=6&wd=%E5%A4%A7%E4%B9%89%E7%A7%A6%E5%95%86&ie=utf-8&rsv_cq=%E9%82%A3%E5%B9%B4%E8%8A%B1%E5%BC%80%E6%9C%88%E6%AD%A3%E5%9C%86&rsv_dl=0_right_recommends_merge_21102&cq=%E9%82%A3%E5%B9%B4%E8%8A%B1%E5%BC%80%E6%9C%88%E6%AD%A3%E5%9C%86&srcid=28310&rt=%E4%B8%AD%E5%9B%BD%E5%BD%B1%E8%A7%86%E4%BD%9C%E5%93%81&recid=21102&euri=e7d65c49d0274bf599d5f4c5f70d16b9
2017-09-16 16:02:17,629 - [webpage_parser.py:63] - INFO - procotol:http, hostname:clickc.admaster.com.cn, new_link:/member/msg?t=1505548918539timestamp
2017-09-16 16:02:17,630 - [webpage_parser.py:63] - INFO - procotol:http, hostname:www.baidu.com, new_link:/s?tn=sitehao123_10_pg&usm=6&wd=%E5%A4%A7%E4%B9%89%E7%A7%A6%E5%95%86&ie=utf-8&rsv_cq=%E9%82%A3%E5%B9%B4%E8%8A%B1%E5%BC%80%E6%9C%88%E6%AD%A3%E5%9C%86&rsv_dl=0_right_recommends_merge_21102&cq=%E9%82%A3%E5%B9%B4%E8%8A%B1%E5%BC%80%E6%9C%88%E6%AD%A3%E5%9C%86&srcid=28310&rt=%E4%B8%AD%E5%9B%BD%E5%BD%B1%E8%A7%86%E4%BD%9C%E5%93%81&recid=21102&euri=e7d65c49d0274bf599d5f4c5f70d16b9
2017-09-16 16:02:17,630 - [webpage_parser.py:63] - INFO - procotol:http, hostname:clickc.admaster.com.cn, new_link:/privilege
2017-09-16 16:02:17,631 - [webpage_parser.py:63] - INFO - procotol:http, hostname:www.baidu.com, new_link:/s?tn=sitehao123_10_pg&usm=6&wd=%E5%B8%9D%E9%94%A6&ie=utf-8&rsv_cq=%E9%82%A3%E5%B9%B4%E8%8A%B1%E5%BC%80%E6%9C%88%E6%AD%A3%E5%9C%86&rsv_dl=0_right_recommends_merge_21102&cq=%E9%82%A3%E5%B9%B4%E8%8A%B1%E5%BC%80%E6%9C%88%E6%AD%A3%E5%9C%86&srcid=28310&rt=%E4%B8%AD%E5%9B%BD%E5%BD%B1%E8%A7%86%E4%BD%9C%E5%93%81&recid=21102&euri=32507d0c67664fc3b42bcc45bc7144ee
2017-09-16 16:02:17,633 - [webpage_parser.py:63] - INFO - procotol:http, hostname:clickc.admaster.com.cn, new_link:/privilege
2017-09-16 16:02:17,640 - [webpage_parser.py:63] - INFO - procotol:http, hostname:www.baidu.com, new_link:/s?tn=sitehao123_10_pg&usm=6&wd=%E5%B8%9D%E9%94%A6&ie=utf-8&rsv_cq=%E9%82%A3%E5%B9%B4%E8%8A%B1%E5%BC%80%E6%9C%88%E6%AD%A3%E5%9C%86&rsv_dl=0_right_recommends_merge_21102&cq=%E9%82%A3%E5%B9%B4%E8%8A%B1%E5%BC%80%E6%9C%88%E6%AD%A3%E5%9C%86&srcid=28310&rt=%E4%B8%AD%E5%9B%BD%E5%BD%B1%E8%A7%86%E4%BD%9C%E5%93%81&recid=21102&euri=32507d0c67664fc3b42bcc45bc7144ee
2017-09-16 16:02:17,644 - [webpage_parser.py:63] - INFO - procotol:http, hostname:www.baidu.com, new_link:/s?tn=sitehao123_10_pg&usm=6&wd=%E5%A4%A7%E7%8E%89%E5%84%BF%E4%BC%A0%E5%A5%87&ie=utf-8&rsv_cq=%E9%82%A3%E5%B9%B4%E8%8A%B1%E5%BC%80%E6%9C%88%E6%AD%A3%E5%9C%86&rsv_dl=0_right_recommends_merge_21102&cq=%E9%82%A3%E5%B9%B4%E8%8A%B1%E5%BC%80%E6%9C%88%E6%AD%A3%E5%9C%86&srcid=28310&rt=%E4%B8%AD%E5%9B%BD%E5%BD%B1%E8%A7%86%E4%BD%9C%E5%93%81&recid=21102&euri=6d5d692052db46ef8e471d96ebcfb535
2017-09-16 16:02:17,652 - [webpage_parser.py:63] - INFO - procotol:http, hostname:www.baidu.com, new_link:/s?tn=sitehao123_10_pg&usm=6&wd=%E5%A4%A7%E7%8E%89%E5%84%BF%E4%BC%A0%E5%A5%87&ie=utf-8&rsv_cq=%E9%82%A3%E5%B9%B4%E8%8A%B1%E5%BC%80%E6%9C%88%E6%AD%A3%E5%9C%86&rsv_dl=0_right_recommends_merge_21102&cq=%E9%82%A3%E5%B9%B4%E8%8A%B1%E5%BC%80%E6%9C%88%E6%AD%A3%E5%9C%86&srcid=28310&rt=%E4%B8%AD%E5%9B%BD%E5%BD%B1%E8%A7%86%E4%BD%9C%E5%93%81&recid=21102&euri=6d5d692052db46ef8e471d96ebcfb535
2017-09-16 16:02:17,652 - [webpage_parser.py:63] - INFO - procotol:http, hostname:clickc.admaster.com.cn, new_link:/notice-list
2017-09-16 16:02:17,656 - [webpage_parser.py:63] - INFO - procotol:http, hostname:www.baidu.com, new_link:/s?tn=sitehao123_10_pg&usm=6&wd=%E8%8A%88%E6%9C%88%E4%BC%A0&ie=utf-8&rsv_cq=%E9%82%A3%E5%B9%B4%E8%8A%B1%E5%BC%80%E6%9C%88%E6%AD%A3%E5%9C%86&rsv_dl=0_right_recommends_merge_21102&cq=%E9%82%A3%E5%B9%B4%E8%8A%B1%E5%BC%80%E6%9C%88%E6%AD%A3%E5%9C%86&srcid=28310&rt=%E4%B8%AD%E5%9B%BD%E5%BD%B1%E8%A7%86%E4%BD%9C%E5%93%81&recid=21102&euri=6afcfcaec9744139ab7e3949b22404de
2017-09-16 16:02:17,657 - [webpage_parser.py:63] - INFO - procotol:http, hostname:clickc.admaster.com.cn, new_link:/notice-3519
2017-09-16 16:02:17,658 - [webpage_parser.py:63] - INFO - procotol:http, hostname:www.baidu.com, new_link:/s?tn=sitehao123_10_pg&usm=6&wd=%E8%8A%88%E6%9C%88%E4%BC%A0&ie=utf-8&rsv_cq=%E9%82%A3%E5%B9%B4%E8%8A%B1%E5%BC%80%E6%9C%88%E6%AD%A3%E5%9C%86&rsv_dl=0_right_recommends_merge_21102&cq=%E9%82%A3%E5%B9%B4%E8%8A%B1%E5%BC%80%E6%9C%88%E6%AD%A3%E5%9C%86&srcid=28310&rt=%E4%B8%AD%E5%9B%BD%E5%BD%B1%E8%A7%86%E4%BD%9C%E5%93%81&recid=21102&euri=6afcfcaec9744139ab7e3949b22404de
2017-09-16 16:02:17,658 - [webpage_parser.py:63] - INFO - procotol:http, hostname:clickc.admaster.com.cn, new_link:/notice-3507
2017-09-16 16:02:17,659 - [webpage_parser.py:63] - INFO - procotol:http, hostname:www.baidu.com, new_link:/s?tn=sitehao123_10_pg&usm=6&wd=%E5%A4%A7%E7%A7%A6%E5%B8%9D%E5%9B%BD%E4%B9%8B%E7%BA%B5%E6%A8%AA&ie=utf-8&rsv_cq=%E9%82%A3%E5%B9%B4%E8%8A%B1%E5%BC%80%E6%9C%88%E6%AD%A3%E5%9C%86&rsv_dl=0_right_recommends_merge_21102&cq=%E9%82%A3%E5%B9%B4%E8%8A%B1%E5%BC%80%E6%9C%88%E6%AD%A3%E5%9C%86&srcid=28310&rt=%E4%B8%AD%E5%9B%BD%E5%BD%B1%E8%A7%86%E4%BD%9C%E5%93%81&recid=21102&euri=f34eed5b7fa8402fbae0763868d79603
2017-09-16 16:02:17,659 - [webpage_parser.py:63] - INFO - procotol:http, hostname:clickc.admaster.com.cn, new_link:/notice-3501
2017-09-16 16:02:17,660 - [webpage_parser.py:63] - INFO - procotol:http, hostname:www.baidu.com, new_link:/s?tn=sitehao123_10_pg&usm=6&wd=%E5%A4%A7%E7%A7%A6%E5%B8%9D%E5%9B%BD%E4%B9%8B%E7%BA%B5%E6%A8%AA&ie=utf-8&rsv_cq=%E9%82%A3%E5%B9%B4%E8%8A%B1%E5%BC%80%E6%9C%88%E6%AD%A3%E5%9C%86&rsv_dl=0_right_recommends_merge_21102&cq=%E9%82%A3%E5%B9%B4%E8%8A%B1%E5%BC%80%E6%9C%88%E6%AD%A3%E5%9C%86&srcid=28310&rt=%E4%B8%AD%E5%9B%BD%E5%BD%B1%E8%A7%86%E4%BD%9C%E5%93%81&recid=21102&euri=f34eed5b7fa8402fbae0763868d79603
2017-09-16 16:02:17,661 - [webpage_parser.py:63] - INFO - procotol:http, hostname:clickc.admaster.com.cn, new_link:/notice-3495
2017-09-16 16:02:17,665 - [webpage_parser.py:63] - INFO - procotol:http, hostname:www.baidu.com, new_link:javascript:;
2017-09-16 16:02:17,666 - [webpage_parser.py:63] - INFO - procotol:http, hostname:clickc.admaster.com.cn, new_link:/notice-3483
2017-09-16 16:02:17,666 - [webpage_parser.py:63] - INFO - procotol:http, hostname:www.baidu.com, new_link:/s?tn=sitehao123_10_pg&usm=6&wd=%E6%9D%8E%E6%B2%81&ie=utf-8&rsv_cq=%E9%82%A3%E5%B9%B4%E8%8A%B1%E5%BC%80%E6%9C%88%E6%AD%A3%E5%9C%86&rsv_dl=0_right_recommends_merge_21102&cq=%E9%82%A3%E5%B9%B4%E8%8A%B1%E5%BC%80%E6%9C%88%E6%AD%A3%E5%9C%86&srcid=28310&rt=%E4%B8%AD%E5%9B%BD%E6%BC%94%E5%91%98&recid=21102&euri=f585d4473d324505a008f751135003cc
2017-09-16 16:02:17,667 - [webpage_parser.py:63] - INFO - procotol:http, hostname:clickc.admaster.com.cn, new_link:/product/738677717.html
2017-09-16 16:02:17,668 - [webpage_parser.py:63] - INFO - procotol:http, hostname:www.baidu.com, new_link:/s?tn=sitehao123_10_pg&usm=6&wd=%E6%9D%8E%E6%B2%81&ie=utf-8&rsv_cq=%E9%82%A3%E5%B9%B4%E8%8A%B1%E5%BC%80%E6%9C%88%E6%AD%A3%E5%9C%86&rsv_dl=0_right_recommends_merge_21102&cq=%E9%82%A3%E5%B9%B4%E8%8A%B1%E5%BC%80%E6%9C%88%E6%AD%A3%E5%9C%86&srcid=28310&rt=%E4%B8%AD%E5%9B%BD%E6%BC%94%E5%91%98&recid=21102&euri=f585d4473d324505a008f751135003cc
2017-09-16 16:02:17,671 - [webpage_parser.py:63] - INFO - procotol:http, hostname:clickc.admaster.com.cn, new_link:/product/781507151.html
2017-09-16 16:02:17,672 - [webpage_parser.py:63] - INFO - procotol:http, hostname:www.baidu.com, new_link:/s?tn=sitehao123_10_pg&usm=6&wd=%E6%9D%8E%E6%B2%81&ie=utf-8&rsv_cq=%E9%82%A3%E5%B9%B4%E8%8A%B1%E5%BC%80%E6%9C%88%E6%AD%A3%E5%9C%86&rsv_dl=0_right_recommends_merge_21102&cq=%E9%82%A3%E5%B9%B4%E8%8A%B1%E5%BC%80%E6%9C%88%E6%AD%A3%E5%9C%86&srcid=28310&rt=%E4%B8%AD%E5%9B%BD%E6%BC%94%E5%91%98&recid=21102&euri=f585d4473d324505a008f751135003cc
2017-09-16 16:02:17,673 - [webpage_parser.py:63] - INFO - procotol:http, hostname:clickc.admaster.com.cn, new_link:/product/938665621.html
2017-09-16 16:02:17,674 - [webpage_parser.py:63] - INFO - procotol:http, hostname:www.baidu.com, new_link:/s?tn=sitehao123_10_pg&usm=6&wd=%E5%BC%A0%E9%9B%AA%E8%BF%8E&ie=utf-8&rsv_cq=%E9%82%A3%E5%B9%B4%E8%8A%B1%E5%BC%80%E6%9C%88%E6%AD%A3%E5%9C%86&rsv_dl=0_right_recommends_merge_21102&cq=%E9%82%A3%E5%B9%B4%E8%8A%B1%E5%BC%80%E6%9C%88%E6%AD%A3%E5%9C%86&srcid=28310&rt=%E4%B8%AD%E5%9B%BD%E6%BC%94%E5%91%98&recid=21102&euri=47c4cf85b2ed4b579e33dcd75f65ae6e
2017-09-16 16:02:17,675 - [webpage_parser.py:63] - INFO - procotol:http, hostname:clickc.admaster.com.cn, new_link:/product/988240628.html
2017-09-16 16:02:17,676 - [webpage_parser.py:63] - INFO - procotol:http, hostname:www.baidu.com, new_link:/s?tn=sitehao123_10_pg&usm=6&wd=%E5%BC%A0%E9%9B%AA%E8%BF%8E&ie=utf-8&rsv_cq=%E9%82%A3%E5%B9%B4%E8%8A%B1%E5%BC%80%E6%9C%88%E6%AD%A3%E5%9C%86&rsv_dl=0_right_recommends_merge_21102&cq=%E9%82%A3%E5%B9%B4%E8%8A%B1%E5%BC%80%E6%9C%88%E6%AD%A3%E5%9C%86&srcid=28310&rt=%E4%B8%AD%E5%9B%BD%E6%BC%94%E5%91%98&recid=21102&euri=47c4cf85b2ed4b579e33dcd75f65ae6e
2017-09-16 16:02:17,677 - [webpage_parser.py:63] - INFO - procotol:http, hostname:clickc.admaster.com.cn, new_link:/product/877078156.html
2017-09-16 16:02:17,682 - [webpage_parser.py:63] - INFO - procotol:http, hostname:www.baidu.com, new_link:/s?tn=sitehao123_10_pg&usm=6&wd=%E5%BC%A0%E9%9B%AA%E8%BF%8E&ie=utf-8&rsv_cq=%E9%82%A3%E5%B9%B4%E8%8A%B1%E5%BC%80%E6%9C%88%E6%AD%A3%E5%9C%86&rsv_dl=0_right_recommends_merge_21102&cq=%E9%82%A3%E5%B9%B4%E8%8A%B1%E5%BC%80%E6%9C%88%E6%AD%A3%E5%9C%86&srcid=28310&rt=%E4%B8%AD%E5%9B%BD%E6%BC%94%E5%91%98&recid=21102&euri=47c4cf85b2ed4b579e33dcd75f65ae6e
2017-09-16 16:02:17,683 - [webpage_parser.py:63] - INFO - procotol:http, hostname:clickc.admaster.com.cn, new_link:/product/798789671.html
2017-09-16 16:02:17,684 - [webpage_parser.py:63] - INFO - procotol:http, hostname:www.baidu.com, new_link:/s?tn=sitehao123_10_pg&usm=6&wd=angelababy&ie=utf-8&rsv_cq=%E9%82%A3%E5%B9%B4%E8%8A%B1%E5%BC%80%E6%9C%88%E6%AD%A3%E5%9C%86&rsv_dl=0_right_recommends_merge_21102&cq=%E9%82%A3%E5%B9%B4%E8%8A%B1%E5%BC%80%E6%9C%88%E6%AD%A3%E5%9C%86&srcid=28310&rt=%E4%B8%AD%E5%9B%BD%E6%BC%94%E5%91%98&recid=21102&euri=b0874c57d7e942c2848aeaa9e8c4c9fa
2017-09-16 16:02:17,685 - [webpage_parser.py:63] - INFO - procotol:http, hostname:clickc.admaster.com.cn, new_link:/product/658947392.html
2017-09-16 16:02:17,685 - [webpage_parser.py:63] - INFO - procotol:http, hostname:www.baidu.com, new_link:/s?tn=sitehao123_10_pg&usm=6&wd=angelababy&ie=utf-8&rsv_cq=%E9%82%A3%E5%B9%B4%E8%8A%B1%E5%BC%80%E6%9C%88%E6%AD%A3%E5%9C%86&rsv_dl=0_right_recommends_merge_21102&cq=%E9%82%A3%E5%B9%B4%E8%8A%B1%E5%BC%80%E6%9C%88%E6%AD%A3%E5%9C%86&srcid=28310&rt=%E4%B8%AD%E5%9B%BD%E6%BC%94%E5%91%98&recid=21102&euri=b0874c57d7e942c2848aeaa9e8c4c9fa
2017-09-16 16:02:17,686 - [webpage_parser.py:63] - INFO - procotol:http, hostname:clickc.admaster.com.cn, new_link:/product/993405255.html
2017-09-16 16:02:17,688 - [webpage_parser.py:63] - INFO - procotol:http, hostname:www.baidu.com, new_link:/s?tn=sitehao123_10_pg&usm=6&wd=angelababy&ie=utf-8&rsv_cq=%E9%82%A3%E5%B9%B4%E8%8A%B1%E5%BC%80%E6%9C%88%E6%AD%A3%E5%9C%86&rsv_dl=0_right_recommends_merge_21102&cq=%E9%82%A3%E5%B9%B4%E8%8A%B1%E5%BC%80%E6%9C%88%E6%AD%A3%E5%9C%86&srcid=28310&rt=%E4%B8%AD%E5%9B%BD%E6%BC%94%E5%91%98&recid=21102&euri=b0874c57d7e942c2848aeaa9e8c4c9fa
2017-09-16 16:02:17,689 - [webpage_parser.py:63] - INFO - procotol:http, hostname:clickc.admaster.com.cn, new_link:/product/241920871.html
2017-09-16 16:02:17,691 - [webpage_parser.py:63] - INFO - procotol:http, hostname:www.baidu.com, new_link:/s?tn=sitehao123_10_pg&usm=6&wd=%E9%B9%BF%E6%99%97&ie=utf-8&rsv_cq=%E9%82%A3%E5%B9%B4%E8%8A%B1%E5%BC%80%E6%9C%88%E6%AD%A3%E5%9C%86&rsv_dl=0_right_recommends_merge_21102&cq=%E9%82%A3%E5%B9%B4%E8%8A%B1%E5%BC%80%E6%9C%88%E6%AD%A3%E5%9C%86&srcid=28310&rt=%E4%B8%AD%E5%9B%BD%E6%BC%94%E5%91%98&recid=21102&euri=d89d0319f3384d679737d6d0b58d582d
2017-09-16 16:02:17,691 - [webpage_parser.py:63] - INFO - procotol:http, hostname:clickc.admaster.com.cn, new_link:/product/369652507.html
2017-09-16 16:02:17,693 - [webpage_parser.py:63] - INFO - procotol:http, hostname:www.baidu.com, new_link:/s?tn=sitehao123_10_pg&usm=6&wd=%E9%B9%BF%E6%99%97&ie=utf-8&rsv_cq=%E9%82%A3%E5%B9%B4%E8%8A%B1%E5%BC%80%E6%9C%88%E6%AD%A3%E5%9C%86&rsv_dl=0_right_recommends_merge_21102&cq=%E9%82%A3%E5%B9%B4%E8%8A%B1%E5%BC%80%E6%9C%88%E6%AD%A3%E5%9C%86&srcid=28310&rt=%E4%B8%AD%E5%9B%BD%E6%BC%94%E5%91%98&recid=21102&euri=d89d0319f3384d679737d6d0b58d582d
2017-09-16 16:02:17,693 - [webpage_parser.py:63] - INFO - procotol:http, hostname:clickc.admaster.com.cn, new_link:/product/121879018.html
2017-09-16 16:02:17,694 - [webpage_parser.py:63] - INFO - procotol:http, hostname:www.baidu.com, new_link:/s?tn=sitehao123_10_pg&usm=6&wd=%E9%B9%BF%E6%99%97&ie=utf-8&rsv_cq=%E9%82%A3%E5%B9%B4%E8%8A%B1%E5%BC%80%E6%9C%88%E6%AD%A3%E5%9C%86&rsv_dl=0_right_recommends_merge_21102&cq=%E9%82%A3%E5%B9%B4%E8%8A%B1%E5%BC%80%E6%9C%88%E6%AD%A3%E5%9C%86&srcid=28310&rt=%E4%B8%AD%E5%9B%BD%E6%BC%94%E5%91%98&recid=21102&euri=d89d0319f3384d679737d6d0b58d582d
2017-09-16 16:02:17,694 - [charsetgroupprober.py:97] - DEBUG - utf-8 not active
2017-09-16 16:02:17,695 - [webpage_parser.py:63] - INFO - procotol:http, hostname:clickc.admaster.com.cn, new_link:/product/75380481.html
2017-09-16 16:02:17,695 - [webpage_parser.py:63] - INFO - procotol:http, hostname:www.baidu.com, new_link:/s?tn=sitehao123_10_pg&usm=6&wd=%E8%B5%B5%E4%B8%BD%E9%A2%96&ie=utf-8&rsv_cq=%E9%82%A3%E5%B9%B4%E8%8A%B1%E5%BC%80%E6%9C%88%E6%AD%A3%E5%9C%86&rsv_dl=0_right_recommends_merge_21102&cq=%E9%82%A3%E5%B9%B4%E8%8A%B1%E5%BC%80%E6%9C%88%E6%AD%A3%E5%9C%86&srcid=28310&rt=%E4%B8%AD%E5%9B%BD%E6%BC%94%E5%91%98&recid=21102&euri=b93aaadfee204c94b0a9d88dd54354cf
2017-09-16 16:02:17,696 - [charsetgroupprober.py:97] - DEBUG - CP932 not active
2017-09-16 16:02:17,696 - [webpage_parser.py:63] - INFO - procotol:http, hostname:clickc.admaster.com.cn, new_link:/product/306161153.html
2017-09-16 16:02:17,696 - [webpage_parser.py:63] - INFO - procotol:http, hostname:www.baidu.com, new_link:/s?tn=sitehao123_10_pg&usm=6&wd=%E8%B5%B5%E4%B8%BD%E9%A2%96&ie=utf-8&rsv_cq=%E9%82%A3%E5%B9%B4%E8%8A%B1%E5%BC%80%E6%9C%88%E6%AD%A3%E5%9C%86&rsv_dl=0_right_recommends_merge_21102&cq=%E9%82%A3%E5%B9%B4%E8%8A%B1%E5%BC%80%E6%9C%88%E6%AD%A3%E5%9C%86&srcid=28310&rt=%E4%B8%AD%E5%9B%BD%E6%BC%94%E5%91%98&recid=21102&euri=b93aaadfee204c94b0a9d88dd54354cf
2017-09-16 16:02:17,696 - [charsetgroupprober.py:97] - DEBUG - EUC-JP not active
2017-09-16 16:02:17,697 - [webpage_parser.py:63] - INFO - procotol:http, hostname:clickc.admaster.com.cn, new_link:/product/310439420.html
2017-09-16 16:02:17,697 - [webpage_parser.py:63] - INFO - procotol:http, hostname:www.baidu.com, new_link:/s?tn=sitehao123_10_pg&usm=6&wd=%E8%B5%B5%E4%B8%BD%E9%A2%96&ie=utf-8&rsv_cq=%E9%82%A3%E5%B9%B4%E8%8A%B1%E5%BC%80%E6%9C%88%E6%AD%A3%E5%9C%86&rsv_dl=0_right_recommends_merge_21102&cq=%E9%82%A3%E5%B9%B4%E8%8A%B1%E5%BC%80%E6%9C%88%E6%AD%A3%E5%9C%86&srcid=28310&rt=%E4%B8%AD%E5%9B%BD%E6%BC%94%E5%91%98&recid=21102&euri=b93aaadfee204c94b0a9d88dd54354cf
2017-09-16 16:02:17,697 - [charsetgroupprober.py:100] - DEBUG - GB2312 Chinese confidence = 0.99
2017-09-16 16:02:17,698 - [webpage_parser.py:63] - INFO - procotol:http, hostname:clickc.admaster.com.cn, new_link:/list-75
2017-09-16 16:02:17,698 - [webpage_parser.py:63] - INFO - procotol:http, hostname:www.baidu.com, new_link:/s?tn=sitehao123_10_pg&usm=6&wd=%E9%BB%84%E8%BD%A9&ie=utf-8&rsv_cq=%E9%82%A3%E5%B9%B4%E8%8A%B1%E5%BC%80%E6%9C%88%E6%AD%A3%E5%9C%86&rsv_dl=0_right_recommends_merge_21102&cq=%E9%82%A3%E5%B9%B4%E8%8A%B1%E5%BC%80%E6%9C%88%E6%AD%A3%E5%9C%86&srcid=28310&rt=%E4%B8%AD%E5%9B%BD%E6%BC%94%E5%91%98&recid=21102&euri=f00951d1db8044d5851a9cba00d08c54
2017-09-16 16:02:17,699 - [charsetgroupprober.py:100] - DEBUG - EUC-KR Korean confidence = 0.01
2017-09-16 16:02:17,699 - [webpage_parser.py:63] - INFO - procotol:http, hostname:clickc.admaster.com.cn, new_link:/list-285
2017-09-16 16:02:17,699 - [webpage_parser.py:63] - INFO - procotol:http, hostname:www.baidu.com, new_link:/s?tn=sitehao123_10_pg&usm=6&wd=%E9%BB%84%E8%BD%A9&ie=utf-8&rsv_cq=%E9%82%A3%E5%B9%B4%E8%8A%B1%E5%BC%80%E6%9C%88%E6%AD%A3%E5%9C%86&rsv_dl=0_right_recommends_merge_21102&cq=%E9%82%A3%E5%B9%B4%E8%8A%B1%E5%BC%80%E6%9C%88%E6%AD%A3%E5%9C%86&srcid=28310&rt=%E4%B8%AD%E5%9B%BD%E6%BC%94%E5%91%98&recid=21102&euri=f00951d1db8044d5851a9cba00d08c54
2017-09-16 16:02:17,700 - [charsetgroupprober.py:100] - DEBUG - CP949 Korean confidence = 0.01
2017-09-16 16:02:17,700 - [webpage_parser.py:63] - INFO - procotol:http, hostname:clickc.admaster.com.cn, new_link:/list-77
2017-09-16 16:02:17,700 - [webpage_parser.py:63] - INFO - procotol:http, hostname:www.baidu.com, new_link:/s?tn=sitehao123_10_pg&usm=6&wd=%E9%BB%84%E8%BD%A9&ie=utf-8&rsv_cq=%E9%82%A3%E5%B9%B4%E8%8A%B1%E5%BC%80%E6%9C%88%E6%AD%A3%E5%9C%86&rsv_dl=0_right_recommends_merge_21102&cq=%E9%82%A3%E5%B9%B4%E8%8A%B1%E5%BC%80%E6%9C%88%E6%AD%A3%E5%9C%86&srcid=28310&rt=%E4%B8%AD%E5%9B%BD%E6%BC%94%E5%91%98&recid=21102&euri=f00951d1db8044d5851a9cba00d08c54
2017-09-16 16:02:17,701 - [charsetgroupprober.py:100] - DEBUG - Big5 Chinese confidence = 0.01
2017-09-16 16:02:17,701 - [webpage_parser.py:63] - INFO - procotol:http, hostname:clickc.admaster.com.cn, new_link:/list-76
2017-09-16 16:02:17,702 - [webpage_parser.py:63] - INFO - procotol:http, hostname:www.baidu.com, new_link:/s?tn=sitehao123_10_pg&usm=6&wd=%E6%9E%97%E5%BF%83%E5%A6%82&ie=utf-8&rsv_cq=%E9%82%A3%E5%B9%B4%E8%8A%B1%E5%BC%80%E6%9C%88%E6%AD%A3%E5%9C%86&rsv_dl=0_right_recommends_merge_21102&cq=%E9%82%A3%E5%B9%B4%E8%8A%B1%E5%BC%80%E6%9C%88%E6%AD%A3%E5%9C%86&srcid=28310&rt=%E4%B8%AD%E5%9B%BD%E6%BC%94%E5%91%98&recid=21102&euri=c912178f074c46ecafeb796e3d3abb0f
2017-09-16 16:02:17,702 - [charsetgroupprober.py:100] - DEBUG - EUC-TW Taiwan confidence = 0.01
2017-09-16 16:02:17,702 - [webpage_parser.py:63] - INFO - procotol:http, hostname:clickc.admaster.com.cn, new_link:/list-277
2017-09-16 16:02:17,703 - [webpage_parser.py:63] - INFO - procotol:http, hostname:www.baidu.com, new_link:/s?tn=sitehao123_10_pg&usm=6&wd=%E6%9E%97%E5%BF%83%E5%A6%82&ie=utf-8&rsv_cq=%E9%82%A3%E5%B9%B4%E8%8A%B1%E5%BC%80%E6%9C%88%E6%AD%A3%E5%9C%86&rsv_dl=0_right_recommends_merge_21102&cq=%E9%82%A3%E5%B9%B4%E8%8A%B1%E5%BC%80%E6%9C%88%E6%AD%A3%E5%9C%86&srcid=28310&rt=%E4%B8%AD%E5%9B%BD%E6%BC%94%E5%91%98&recid=21102&euri=c912178f074c46ecafeb796e3d3abb0f
2017-09-16 16:02:17,703 - [charsetgroupprober.py:97] - DEBUG - windows-1251 not active
2017-09-16 16:02:17,703 - [webpage_parser.py:63] - INFO - procotol:http, hostname:clickc.admaster.com.cn, new_link:/list-81
2017-09-16 16:02:17,703 - [webpage_parser.py:63] - INFO - procotol:http, hostname:www.baidu.com, new_link:/s?tn=sitehao123_10_pg&usm=6&wd=%E6%9E%97%E5%BF%83%E5%A6%82&ie=utf-8&rsv_cq=%E9%82%A3%E5%B9%B4%E8%8A%B1%E5%BC%80%E6%9C%88%E6%AD%A3%E5%9C%86&rsv_dl=0_right_recommends_merge_21102&cq=%E9%82%A3%E5%B9%B4%E8%8A%B1%E5%BC%80%E6%9C%88%E6%AD%A3%E5%9C%86&srcid=28310&rt=%E4%B8%AD%E5%9B%BD%E6%BC%94%E5%91%98&recid=21102&euri=c912178f074c46ecafeb796e3d3abb0f
2017-09-16 16:02:17,704 - [charsetgroupprober.py:100] - DEBUG - KOI8-R Russian confidence = 0.133125882384
2017-09-16 16:02:17,704 - [webpage_parser.py:63] - INFO - procotol:http, hostname:clickc.admaster.com.cn, new_link:/list-275
2017-09-16 16:02:17,704 - [webpage_parser.py:63] - INFO - procotol:http, hostname:www.baidu.com, new_link:/s?tn=sitehao123_10_pg&usm=6&wd=%E5%AD%99%E6%80%A1&ie=utf-8&rsv_cq=%E9%82%A3%E5%B9%B4%E8%8A%B1%E5%BC%80%E6%9C%88%E6%AD%A3%E5%9C%86&rsv_dl=0_right_recommends_merge_21102&cq=%E9%82%A3%E5%B9%B4%E8%8A%B1%E5%BC%80%E6%9C%88%E6%AD%A3%E5%9C%86&srcid=28310&rt=%E4%B8%AD%E5%9B%BD%E6%BC%94%E5%91%98&recid=21102&euri=add89234d04248ea890e916723d69896
2017-09-16 16:02:17,705 - [charsetgroupprober.py:100] - DEBUG - ISO-8859-5 Russian confidence = 0.0594756239144
2017-09-16 16:02:17,705 - [webpage_parser.py:63] - INFO - procotol:http, hostname:clickc.admaster.com.cn, new_link:/list-38
2017-09-16 16:02:17,705 - [webpage_parser.py:63] - INFO - procotol:http, hostname:www.baidu.com, new_link:/s?tn=sitehao123_10_pg&usm=6&wd=%E5%AD%99%E6%80%A1&ie=utf-8&rsv_cq=%E9%82%A3%E5%B9%B4%E8%8A%B1%E5%BC%80%E6%9C%88%E6%AD%A3%E5%9C%86&rsv_dl=0_right_recommends_merge_21102&cq=%E9%82%A3%E5%B9%B4%E8%8A%B1%E5%BC%80%E6%9C%88%E6%AD%A3%E5%9C%86&srcid=28310&rt=%E4%B8%AD%E5%9B%BD%E6%BC%94%E5%91%98&recid=21102&euri=add89234d04248ea890e916723d69896
2017-09-16 16:02:17,706 - [charsetgroupprober.py:100] - DEBUG - MacCyrillic Russian confidence = 0.0206172840726
2017-09-16 16:02:17,706 - [webpage_parser.py:63] - INFO - procotol:http, hostname:clickc.admaster.com.cn, new_link:/list-36
2017-09-16 16:02:17,706 - [webpage_parser.py:63] - INFO - procotol:http, hostname:www.baidu.com, new_link:/s?tn=sitehao123_10_pg&usm=6&wd=%E5%AD%99%E6%80%A1&ie=utf-8&rsv_cq=%E9%82%A3%E5%B9%B4%E8%8A%B1%E5%BC%80%E6%9C%88%E6%AD%A3%E5%9C%86&rsv_dl=0_right_recommends_merge_21102&cq=%E9%82%A3%E5%B9%B4%E8%8A%B1%E5%BC%80%E6%9C%88%E6%AD%A3%E5%9C%86&srcid=28310&rt=%E4%B8%AD%E5%9B%BD%E6%BC%94%E5%91%98&recid=21102&euri=add89234d04248ea890e916723d69896
2017-09-16 16:02:17,707 - [charsetgroupprober.py:100] - DEBUG - IBM866 Russian confidence = 0.0298548148085
2017-09-16 16:02:17,707 - [webpage_parser.py:63] - INFO - procotol:http, hostname:clickc.admaster.com.cn, new_link:/product/659208669.html
2017-09-16 16:02:17,708 - [webpage_parser.py:63] - INFO - procotol:http, hostname:www.baidu.com, new_link:/s?tn=sitehao123_10_pg&usm=6&wd=%E9%82%93%E8%B6%85&ie=utf-8&rsv_cq=%E9%82%A3%E5%B9%B4%E8%8A%B1%E5%BC%80%E6%9C%88%E6%AD%A3%E5%9C%86&rsv_dl=0_right_recommends_merge_21102&cq=%E9%82%A3%E5%B9%B4%E8%8A%B1%E5%BC%80%E6%9C%88%E6%AD%A3%E5%9C%86&srcid=28310&rt=%E4%B8%AD%E5%9B%BD%E6%BC%94%E5%91%98&recid=21102&euri=4a9a8696068040fc93831d4b891c3eb1
2017-09-16 16:02:17,708 - [charsetgroupprober.py:100] - DEBUG - IBM855 Russian confidence = 0.0929123569298
2017-09-16 16:02:17,708 - [webpage_parser.py:63] - INFO - procotol:http, hostname:clickc.admaster.com.cn, new_link:/product/221281208.html
2017-09-16 16:02:17,709 - [webpage_parser.py:63] - INFO - procotol:http, hostname:www.baidu.com, new_link:/s?tn=sitehao123_10_pg&usm=6&wd=%E9%82%93%E8%B6%85&ie=utf-8&rsv_cq=%E9%82%A3%E5%B9%B4%E8%8A%B1%E5%BC%80%E6%9C%88%E6%AD%A3%E5%9C%86&rsv_dl=0_right_recommends_merge_21102&cq=%E9%82%A3%E5%B9%B4%E8%8A%B1%E5%BC%80%E6%9C%88%E6%AD%A3%E5%9C%86&srcid=28310&rt=%E4%B8%AD%E5%9B%BD%E6%BC%94%E5%91%98&recid=21102&euri=4a9a8696068040fc93831d4b891c3eb1
2017-09-16 16:02:17,710 - [charsetgroupprober.py:97] - DEBUG - ISO-8859-7 not active
2017-09-16 16:02:17,710 - [webpage_parser.py:63] - INFO - procotol:http, hostname:clickc.admaster.com.cn, new_link:/product/337476941.html
2017-09-16 16:02:17,710 - [webpage_parser.py:63] - INFO - procotol:http, hostname:www.baidu.com, new_link:/s?tn=sitehao123_10_pg&usm=6&wd=%E9%82%93%E8%B6%85&ie=utf-8&rsv_cq=%E9%82%A3%E5%B9%B4%E8%8A%B1%E5%BC%80%E6%9C%88%E6%AD%A3%E5%9C%86&rsv_dl=0_right_recommends_merge_21102&cq=%E9%82%A3%E5%B9%B4%E8%8A%B1%E5%BC%80%E6%9C%88%E6%AD%A3%E5%9C%86&srcid=28310&rt=%E4%B8%AD%E5%9B%BD%E6%BC%94%E5%91%98&recid=21102&euri=4a9a8696068040fc93831d4b891c3eb1
2017-09-16 16:02:17,711 - [charsetgroupprober.py:97] - DEBUG - windows-1253 not active
2017-09-16 16:02:17,711 - [webpage_parser.py:63] - INFO - procotol:http, hostname:clickc.admaster.com.cn, new_link:/list-41
2017-09-16 16:02:17,712 - [webpage_parser.py:63] - INFO - procotol:http, hostname:www.baidu.com, new_link:/s?tn=sitehao123_10_pg&usm=6&wd=%E5%BC%A0%E8%8B%A5%E6%98%80&ie=utf-8&rsv_cq=%E9%82%A3%E5%B9%B4%E8%8A%B1%E5%BC%80%E6%9C%88%E6%AD%A3%E5%9C%86&rsv_dl=0_right_recommends_merge_21102&cq=%E9%82%A3%E5%B9%B4%E8%8A%B1%E5%BC%80%E6%9C%88%E6%AD%A3%E5%9C%86&srcid=28310&rt=%E4%B8%AD%E5%9B%BD%E6%BC%94%E5%91%98&recid=21102&euri=bb90a4fd70f241cba1f459b004112fed
2017-09-16 16:02:17,712 - [charsetgroupprober.py:100] - DEBUG - ISO-8859-5 Bulgairan confidence = 0.0592926684879
2017-09-16 16:02:17,712 - [webpage_parser.py:63] - INFO - procotol:http, hostname:clickc.admaster.com.cn, new_link:/list-42
2017-09-16 16:02:17,712 - [webpage_parser.py:63] - INFO - procotol:http, hostname:www.baidu.com, new_link:/s?tn=sitehao123_10_pg&usm=6&wd=%E5%BC%A0%E8%8B%A5%E6%98%80&ie=utf-8&rsv_cq=%E9%82%A3%E5%B9%B4%E8%8A%B1%E5%BC%80%E6%9C%88%E6%AD%A3%E5%9C%86&rsv_dl=0_right_recommends_merge_21102&cq=%E9%82%A3%E5%B9%B4%E8%8A%B1%E5%BC%80%E6%9C%88%E6%AD%A3%E5%9C%86&srcid=28310&rt=%E4%B8%AD%E5%9B%BD%E6%BC%94%E5%91%98&recid=21102&euri=bb90a4fd70f241cba1f459b004112fed
2017-09-16 16:02:17,713 - [charsetgroupprober.py:97] - DEBUG - windows-1251 not active
2017-09-16 16:02:17,713 - [webpage_parser.py:63] - INFO - procotol:http, hostname:clickc.admaster.com.cn, new_link:/list-317
2017-09-16 16:02:17,713 - [webpage_parser.py:63] - INFO - procotol:http, hostname:www.baidu.com, new_link:/s?tn=sitehao123_10_pg&usm=6&wd=%E5%BC%A0%E8%8B%A5%E6%98%80&ie=utf-8&rsv_cq=%E9%82%A3%E5%B9%B4%E8%8A%B1%E5%BC%80%E6%9C%88%E6%AD%A3%E5%9C%86&rsv_dl=0_right_recommends_merge_21102&cq=%E9%82%A3%E5%B9%B4%E8%8A%B1%E5%BC%80%E6%9C%88%E6%AD%A3%E5%9C%86&srcid=28310&rt=%E4%B8%AD%E5%9B%BD%E6%BC%94%E5%91%98&recid=21102&euri=bb90a4fd70f241cba1f459b004112fed
2017-09-16 16:02:17,714 - [charsetgroupprober.py:100] - DEBUG - TIS-620 Thai confidence = 0.0906105690289
2017-09-16 16:02:17,714 - [webpage_parser.py:63] - INFO - procotol:http, hostname:clickc.admaster.com.cn, new_link:/list-40
2017-09-16 16:02:17,714 - [webpage_parser.py:63] - INFO - procotol:http, hostname:www.baidu.com, new_link:/s?tn=sitehao123_10_pg&usm=6&wd=%E6%99%AF%E7%94%9C&ie=utf-8&rsv_cq=%E9%82%A3%E5%B9%B4%E8%8A%B1%E5%BC%80%E6%9C%88%E6%AD%A3%E5%9C%86&rsv_dl=0_right_recommends_merge_21102&cq=%E9%82%A3%E5%B9%B4%E8%8A%B1%E5%BC%80%E6%9C%88%E6%AD%A3%E5%9C%86&srcid=28310&rt=%E4%B8%AD%E5%9B%BD%E6%BC%94%E5%91%98&recid=21102&euri=93c8b9dbb6324a439c57638bad8acd09
2017-09-16 16:02:17,715 - [charsetgroupprober.py:100] - DEBUG - ISO-8859-9 Turkish confidence = 0.44410799648
2017-09-16 16:02:17,715 - [webpage_parser.py:63] - INFO - procotol:http, hostname:clickc.admaster.com.cn, new_link:/product/21046116.html
2017-09-16 16:02:17,716 - [webpage_parser.py:63] - INFO - procotol:http, hostname:www.baidu.com, new_link:/s?tn=sitehao123_10_pg&usm=6&wd=%E6%99%AF%E7%94%9C&ie=utf-8&rsv_cq=%E9%82%A3%E5%B9%B4%E8%8A%B1%E5%BC%80%E6%9C%88%E6%AD%A3%E5%9C%86&rsv_dl=0_right_recommends_merge_21102&cq=%E9%82%A3%E5%B9%B4%E8%8A%B1%E5%BC%80%E6%9C%88%E6%AD%A3%E5%9C%86&srcid=28310&rt=%E4%B8%AD%E5%9B%BD%E6%BC%94%E5%91%98&recid=21102&euri=93c8b9dbb6324a439c57638bad8acd09
2017-09-16 16:02:17,716 - [charsetgroupprober.py:100] - DEBUG - windows-1255 Hebrew confidence = 0.0
2017-09-16 16:02:17,716 - [webpage_parser.py:63] - INFO - procotol:http, hostname:clickc.admaster.com.cn, new_link:/product/889979598.html
2017-09-16 16:02:17,717 - [webpage_parser.py:63] - INFO - procotol:http, hostname:www.baidu.com, new_link:/s?tn=sitehao123_10_pg&usm=6&wd=%E6%99%AF%E7%94%9C&ie=utf-8&rsv_cq=%E9%82%A3%E5%B9%B4%E8%8A%B1%E5%BC%80%E6%9C%88%E6%AD%A3%E5%9C%86&rsv_dl=0_right_recommends_merge_21102&cq=%E9%82%A3%E5%B9%B4%E8%8A%B1%E5%BC%80%E6%9C%88%E6%AD%A3%E5%9C%86&srcid=28310&rt=%E4%B8%AD%E5%9B%BD%E6%BC%94%E5%91%98&recid=21102&euri=93c8b9dbb6324a439c57638bad8acd09
2017-09-16 16:02:17,717 - [charsetgroupprober.py:97] - DEBUG - windows-1255 not active
2017-09-16 16:02:17,717 - [webpage_parser.py:63] - INFO - procotol:http, hostname:clickc.admaster.com.cn, new_link:/product/965498680.html
2017-09-16 16:02:17,718 - [webpage_parser.py:63] - INFO - procotol:http, hostname:www.baidu.com, new_link:/s?tn=sitehao123_10_pg&usm=6&wd=%E5%88%98%E8%AF%97%E8%AF%97&ie=utf-8&rsv_cq=%E9%82%A3%E5%B9%B4%E8%8A%B1%E5%BC%80%E6%9C%88%E6%AD%A3%E5%9C%86&rsv_dl=0_right_recommends_merge_21102&cq=%E9%82%A3%E5%B9%B4%E8%8A%B1%E5%BC%80%E6%9C%88%E6%AD%A3%E5%9C%86&srcid=28310&rt=%E4%B8%AD%E5%9B%BD%E6%BC%94%E5%91%98&recid=21102&euri=16d9a92d3edf41ff9458d5783c3ea54f
2017-09-16 16:02:17,718 - [charsetgroupprober.py:97] - DEBUG - windows-1255 not active
2017-09-16 16:02:17,718 - [webpage_parser.py:63] - INFO - procotol:http, hostname:clickc.admaster.com.cn, new_link:/list-41
2017-09-16 16:02:17,719 - [webpage_parser.py:63] - INFO - procotol:http, hostname:www.baidu.com, new_link:/s?tn=sitehao123_10_pg&usm=6&wd=%E5%88%98%E8%AF%97%E8%AF%97&ie=utf-8&rsv_cq=%E9%82%A3%E5%B9%B4%E8%8A%B1%E5%BC%80%E6%9C%88%E6%AD%A3%E5%9C%86&rsv_dl=0_right_recommends_merge_21102&cq=%E9%82%A3%E5%B9%B4%E8%8A%B1%E5%BC%80%E6%9C%88%E6%AD%A3%E5%9C%86&srcid=28310&rt=%E4%B8%AD%E5%9B%BD%E6%BC%94%E5%91%98&recid=21102&euri=16d9a92d3edf41ff9458d5783c3ea54f
2017-09-16 16:02:17,719 - [charsetgroupprober.py:97] - DEBUG - utf-8 not active
2017-09-16 16:02:17,719 - [webpage_parser.py:63] - INFO - procotol:http, hostname:clickc.admaster.com.cn, new_link:/list-42
2017-09-16 16:02:17,720 - [webpage_parser.py:63] - INFO - procotol:http, hostname:www.baidu.com, new_link:/s?tn=sitehao123_10_pg&usm=6&wd=%E5%88%98%E8%AF%97%E8%AF%97&ie=utf-8&rsv_cq=%E9%82%A3%E5%B9%B4%E8%8A%B1%E5%BC%80%E6%9C%88%E6%AD%A3%E5%9C%86&rsv_dl=0_right_recommends_merge_21102&cq=%E9%82%A3%E5%B9%B4%E8%8A%B1%E5%BC%80%E6%9C%88%E6%AD%A3%E5%9C%86&srcid=28310&rt=%E4%B8%AD%E5%9B%BD%E6%BC%94%E5%91%98&recid=21102&euri=16d9a92d3edf41ff9458d5783c3ea54f
2017-09-16 16:02:17,720 - [charsetgroupprober.py:97] - DEBUG - CP932 not active
2017-09-16 16:02:17,720 - [webpage_parser.py:63] - INFO - procotol:http, hostname:clickc.admaster.com.cn, new_link:/list-317
2017-09-16 16:02:17,721 - [webpage_parser.py:63] - INFO - procotol:http, hostname:www.baidu.com, new_link:/s?tn=sitehao123_10_pg&usm=6&wd=%E5%88%98%E6%B6%9B&ie=utf-8&rsv_cq=%E9%82%A3%E5%B9%B4%E8%8A%B1%E5%BC%80%E6%9C%88%E6%AD%A3%E5%9C%86&rsv_dl=0_right_recommends_merge_21102&cq=%E9%82%A3%E5%B9%B4%E8%8A%B1%E5%BC%80%E6%9C%88%E6%AD%A3%E5%9C%86&srcid=28310&rt=%E4%B8%AD%E5%9B%BD%E6%BC%94%E5%91%98&recid=21102&euri=e6e6b782ee124688ac2a694be8696601
2017-09-16 16:02:17,721 - [charsetgroupprober.py:97] - DEBUG - EUC-JP not active
2017-09-16 16:02:17,721 - [webpage_parser.py:63] - INFO - procotol:http, hostname:clickc.admaster.com.cn, new_link:/list-40
2017-09-16 16:02:17,722 - [webpage_parser.py:63] - INFO - procotol:http, hostname:www.baidu.com, new_link:/s?tn=sitehao123_10_pg&usm=6&wd=%E5%88%98%E6%B6%9B&ie=utf-8&rsv_cq=%E9%82%A3%E5%B9%B4%E8%8A%B1%E5%BC%80%E6%9C%88%E6%AD%A3%E5%9C%86&rsv_dl=0_right_recommends_merge_21102&cq=%E9%82%A3%E5%B9%B4%E8%8A%B1%E5%BC%80%E6%9C%88%E6%AD%A3%E5%9C%86&srcid=28310&rt=%E4%B8%AD%E5%9B%BD%E6%BC%94%E5%91%98&recid=21102&euri=e6e6b782ee124688ac2a694be8696601
2017-09-16 16:02:17,722 - [charsetgroupprober.py:100] - DEBUG - GB2312 Chinese confidence = 0.99
2017-09-16 16:02:17,722 - [webpage_parser.py:63] - INFO - procotol:http, hostname:clickc.admaster.com.cn, new_link:/product/312318362.html
2017-09-16 16:02:17,723 - [webpage_parser.py:63] - INFO - procotol:http, hostname:www.baidu.com, new_link:/s?tn=sitehao123_10_pg&usm=6&wd=%E5%88%98%E6%B6%9B&ie=utf-8&rsv_cq=%E9%82%A3%E5%B9%B4%E8%8A%B1%E5%BC%80%E6%9C%88%E6%AD%A3%E5%9C%86&rsv_dl=0_right_recommends_merge_21102&cq=%E9%82%A3%E5%B9%B4%E8%8A%B1%E5%BC%80%E6%9C%88%E6%AD%A3%E5%9C%86&srcid=28310&rt=%E4%B8%AD%E5%9B%BD%E6%BC%94%E5%91%98&recid=21102&euri=e6e6b782ee124688ac2a694be8696601
2017-09-16 16:02:17,723 - [charsetgroupprober.py:100] - DEBUG - EUC-KR Korean confidence = 0.01
2017-09-16 16:02:17,723 - [webpage_parser.py:63] - INFO - procotol:http, hostname:clickc.admaster.com.cn, new_link:/product/121879018.html
2017-09-16 16:02:17,724 - [webpage_parser.py:63] - INFO - procotol:http, hostname:www.baidu.com, new_link:/s?tn=sitehao123_10_pg&usm=6&wd=%E9%87%91%E6%99%A8&ie=utf-8&rsv_cq=%E9%82%A3%E5%B9%B4%E8%8A%B1%E5%BC%80%E6%9C%88%E6%AD%A3%E5%9C%86&rsv_dl=0_right_recommends_merge_21102&cq=%E9%82%A3%E5%B9%B4%E8%8A%B1%E5%BC%80%E6%9C%88%E6%AD%A3%E5%9C%86&srcid=28310&rt=%E4%B8%AD%E5%9B%BD%E6%BC%94%E5%91%98&recid=21102&euri=906861b501ea4f4399f1e10553ff2943
2017-09-16 16:02:17,724 - [charsetgroupprober.py:100] - DEBUG - CP949 Korean confidence = 0.01
2017-09-16 16:02:17,724 - [webpage_parser.py:63] - INFO - procotol:http, hostname:clickc.admaster.com.cn, new_link:/product/142312570.html
2017-09-16 16:02:17,725 - [webpage_parser.py:63] - INFO - procotol:http, hostname:www.baidu.com, new_link:/s?tn=sitehao123_10_pg&usm=6&wd=%E9%87%91%E6%99%A8&ie=utf-8&rsv_cq=%E9%82%A3%E5%B9%B4%E8%8A%B1%E5%BC%80%E6%9C%88%E6%AD%A3%E5%9C%86&rsv_dl=0_right_recommends_merge_21102&cq=%E9%82%A3%E5%B9%B4%E8%8A%B1%E5%BC%80%E6%9C%88%E6%AD%A3%E5%9C%86&srcid=28310&rt=%E4%B8%AD%E5%9B%BD%E6%BC%94%E5%91%98&recid=21102&euri=906861b501ea4f4399f1e10553ff2943
2017-09-16 16:02:17,725 - [charsetgroupprober.py:100] - DEBUG - Big5 Chinese confidence = 0.01
2017-09-16 16:02:17,725 - [webpage_parser.py:63] - INFO - procotol:http, hostname:clickc.admaster.com.cn, new_link:/product/306161153.html
2017-09-16 16:02:17,726 - [webpage_parser.py:63] - INFO - procotol:http, hostname:www.baidu.com, new_link:/s?tn=sitehao123_10_pg&usm=6&wd=%E9%87%91%E6%99%A8&ie=utf-8&rsv_cq=%E9%82%A3%E5%B9%B4%E8%8A%B1%E5%BC%80%E6%9C%88%E6%AD%A3%E5%9C%86&rsv_dl=0_right_recommends_merge_21102&cq=%E9%82%A3%E5%B9%B4%E8%8A%B1%E5%BC%80%E6%9C%88%E6%AD%A3%E5%9C%86&srcid=28310&rt=%E4%B8%AD%E5%9B%BD%E6%BC%94%E5%91%98&recid=21102&euri=906861b501ea4f4399f1e10553ff2943
2017-09-16 16:02:17,726 - [charsetgroupprober.py:100] - DEBUG - EUC-TW Taiwan confidence = 0.01
2017-09-16 16:02:17,726 - [webpage_parser.py:63] - INFO - procotol:http, hostname:clickc.admaster.com.cn, new_link:/product/241920871.html
2017-09-16 16:02:17,727 - [webpage_parser.py:63] - INFO - procotol:http, hostname:www.baidu.com, new_link:/s?tn=sitehao123_10_pg&usm=6&wd=%E7%99%BD%E6%95%AC%E4%BA%AD&ie=utf-8&rsv_cq=%E9%82%A3%E5%B9%B4%E8%8A%B1%E5%BC%80%E6%9C%88%E6%AD%A3%E5%9C%86&rsv_dl=0_right_recommends_merge_21102&cq=%E9%82%A3%E5%B9%B4%E8%8A%B1%E5%BC%80%E6%9C%88%E6%AD%A3%E5%9C%86&srcid=28310&rt=%E4%B8%AD%E5%9B%BD%E6%BC%94%E5%91%98&recid=21102&euri=6177d77555f84e94982a5bda2dea81de
2017-09-16 16:02:17,734 - [webpage_parser.py:63] - INFO - procotol:http, hostname:clickc.admaster.com.cn, new_link:/product/13278818.html
2017-09-16 16:02:17,734 - [webpage_parser.py:63] - INFO - procotol:http, hostname:www.baidu.com, new_link:/s?tn=sitehao123_10_pg&usm=6&wd=%E7%99%BD%E6%95%AC%E4%BA%AD&ie=utf-8&rsv_cq=%E9%82%A3%E5%B9%B4%E8%8A%B1%E5%BC%80%E6%9C%88%E6%AD%A3%E5%9C%86&rsv_dl=0_right_recommends_merge_21102&cq=%E9%82%A3%E5%B9%B4%E8%8A%B1%E5%BC%80%E6%9C%88%E6%AD%A3%E5%9C%86&srcid=28310&rt=%E4%B8%AD%E5%9B%BD%E6%BC%94%E5%91%98&recid=21102&euri=6177d77555f84e94982a5bda2dea81de
2017-09-16 16:02:17,750 - [webpage_parser.py:63] - INFO - procotol:http, hostname:clickc.admaster.com.cn, new_link:/product/1987.html
2017-09-16 16:02:17,752 - [webpage_parser.py:63] - INFO - procotol:http, hostname:www.baidu.com, new_link:/s?tn=sitehao123_10_pg&usm=6&wd=%E7%99%BD%E6%95%AC%E4%BA%AD&ie=utf-8&rsv_cq=%E9%82%A3%E5%B9%B4%E8%8A%B1%E5%BC%80%E6%9C%88%E6%AD%A3%E5%9C%86&rsv_dl=0_right_recommends_merge_21102&cq=%E9%82%A3%E5%B9%B4%E8%8A%B1%E5%BC%80%E6%9C%88%E6%AD%A3%E5%9C%86&srcid=28310&rt=%E4%B8%AD%E5%9B%BD%E6%BC%94%E5%91%98&recid=21102&euri=6177d77555f84e94982a5bda2dea81de
2017-09-16 16:02:17,767 - [webpage_parser.py:63] - INFO - procotol:http, hostname:clickc.admaster.com.cn, new_link:/list-241
2017-09-16 16:02:17,768 - [webpage_parser.py:63] - INFO - procotol:http, hostname:www.baidu.com, new_link:/s?tn=sitehao123_10_pg&usm=6&wd=%E9%99%88%E6%99%93&ie=utf-8&rsv_cq=%E9%82%A3%E5%B9%B4%E8%8A%B1%E5%BC%80%E6%9C%88%E6%AD%A3%E5%9C%86&rsv_dl=0_right_recommends_merge_21102&cq=%E9%82%A3%E5%B9%B4%E8%8A%B1%E5%BC%80%E6%9C%88%E6%AD%A3%E5%9C%86&srcid=28310&rt=%E4%B8%AD%E5%9B%BD%E6%BC%94%E5%91%98&recid=21102&euri=41bc51584b744ec5933f679237c193c5
2017-09-16 16:02:17,768 - [webpage_parser.py:63] - INFO - procotol:http, hostname:clickc.admaster.com.cn, new_link:/list-247
2017-09-16 16:02:17,769 - [webpage_parser.py:63] - INFO - procotol:http, hostname:www.baidu.com, new_link:/s?tn=sitehao123_10_pg&usm=6&wd=%E9%99%88%E6%99%93&ie=utf-8&rsv_cq=%E9%82%A3%E5%B9%B4%E8%8A%B1%E5%BC%80%E6%9C%88%E6%AD%A3%E5%9C%86&rsv_dl=0_right_recommends_merge_21102&cq=%E9%82%A3%E5%B9%B4%E8%8A%B1%E5%BC%80%E6%9C%88%E6%AD%A3%E5%9C%86&srcid=28310&rt=%E4%B8%AD%E5%9B%BD%E6%BC%94%E5%91%98&recid=21102&euri=41bc51584b744ec5933f679237c193c5
2017-09-16 16:02:17,769 - [webpage_parser.py:63] - INFO - procotol:http, hostname:www.baidu.com, new_link:/s?tn=sitehao123_10_pg&usm=6&wd=%E9%99%88%E6%99%93&ie=utf-8&rsv_cq=%E9%82%A3%E5%B9%B4%E8%8A%B1%E5%BC%80%E6%9C%88%E6%AD%A3%E5%9C%86&rsv_dl=0_right_recommends_merge_21102&cq=%E9%82%A3%E5%B9%B4%E8%8A%B1%E5%BC%80%E6%9C%88%E6%AD%A3%E5%9C%86&srcid=28310&rt=%E4%B8%AD%E5%9B%BD%E6%BC%94%E5%91%98&recid=21102&euri=41bc51584b744ec5933f679237c193c5
2017-09-16 16:02:17,770 - [webpage_parser.py:63] - INFO - procotol:http, hostname:clickc.admaster.com.cn, new_link:/list-59
2017-09-16 16:02:17,770 - [webpage_parser.py:63] - INFO - procotol:http, hostname:www.baidu.com, new_link:/s?tn=sitehao123_10_pg&usm=6&wd=%E9%82%A3%E5%B9%B4%E8%8A%B1%E5%BC%80%E6%9C%88%E6%AD%A3%E5%9C%86&ie=utf-8&rsv_cq=%E9%82%A3%E5%B9%B4%E8%8A%B1%E5%BC%80%E6%9C%88%E6%AD%A3%E5%9C%86&rsv_dl=0_right_toplist_20526
2017-09-16 16:02:17,771 - [webpage_parser.py:63] - INFO - procotol:http, hostname:clickc.admaster.com.cn, new_link:/product/798789671.html
2017-09-16 16:02:17,772 - [webpage_parser.py:63] - INFO - procotol:http, hostname:www.baidu.com, new_link:/s?tn=sitehao123_10_pg&usm=6&wd=%E7%99%BD%E5%A4%9C%E8%BF%BD%E5%87%B6&ie=utf-8&rsv_cq=%E9%82%A3%E5%B9%B4%E8%8A%B1%E5%BC%80%E6%9C%88%E6%AD%A3%E5%9C%86&rsv_dl=0_right_toplist_20526
2017-09-16 16:02:17,773 - [webpage_parser.py:63] - INFO - procotol:http, hostname:clickc.admaster.com.cn, new_link:/product/369652507.html
2017-09-16 16:02:17,774 - [webpage_parser.py:63] - INFO - procotol:http, hostname:www.baidu.com, new_link:/s?tn=sitehao123_10_pg&usm=6&wd=%E6%97%A0%E5%BF%83%E6%B3%95%E5%B8%88&ie=utf-8&rsv_cq=%E9%82%A3%E5%B9%B4%E8%8A%B1%E5%BC%80%E6%9C%88%E6%AD%A3%E5%9C%86&rsv_dl=0_right_toplist_20526
2017-09-16 16:02:17,774 - [webpage_parser.py:63] - INFO - procotol:http, hostname:clickc.admaster.com.cn, new_link:/product/184868333.html
2017-09-16 16:02:17,775 - [webpage_parser.py:63] - INFO - procotol:http, hostname:www.baidu.com, new_link:/s?tn=sitehao123_10_pg&usm=6&wd=%E6%98%A5%E9%A3%8E%E5%8D%81%E9%87%8C%E4%B8%8D%E5%A6%82%E4%BD%A0&ie=utf-8&rsv_cq=%E9%82%A3%E5%B9%B4%E8%8A%B1%E5%BC%80%E6%9C%88%E6%AD%A3%E5%9C%86&rsv_dl=0_right_toplist_20526
2017-09-16 16:02:17,776 - [webpage_parser.py:63] - INFO - procotol:http, hostname:clickc.admaster.com.cn, new_link:/product/2323.html
2017-09-16 16:02:17,776 - [webpage_parser.py:63] - INFO - procotol:http, hostname:www.baidu.com, new_link:/s?tn=sitehao123_10_pg&usm=6&wd=%E4%BA%BA%E9%97%B4%E8%87%B3%E5%91%B3%E6%98%AF%E6%B8%85%E6%AC%A2&ie=utf-8&rsv_cq=%E9%82%A3%E5%B9%B4%E8%8A%B1%E5%BC%80%E6%9C%88%E6%AD%A3%E5%9C%86&rsv_dl=0_right_toplist_20526
2017-09-16 16:02:17,779 - [webpage_parser.py:63] - INFO - procotol:http, hostname:clickc.admaster.com.cn, new_link:/list-263
2017-09-16 16:02:17,783 - [webpage_parser.py:63] - INFO - procotol:http, hostname:www.baidu.com, new_link:/s?tn=sitehao123_10_pg&usm=6&wd=%E6%88%91%E7%9A%84%E5%89%8D%E5%8D%8A%E7%94%9F&ie=utf-8&rsv_cq=%E9%82%A3%E5%B9%B4%E8%8A%B1%E5%BC%80%E6%9C%88%E6%AD%A3%E5%9C%86&rsv_dl=0_right_toplist_20526
2017-09-16 16:02:17,783 - [webpage_parser.py:63] - INFO - procotol:http, hostname:clickc.admaster.com.cn, new_link:/list-46
2017-09-16 16:02:17,784 - [webpage_parser.py:63] - INFO - procotol:http, hostname:www.baidu.com, new_link:/s?tn=sitehao123_10_pg&usm=6&wd=%E7%A7%A6%E6%97%B6%E4%B8%BD%E4%BA%BA%E6%98%8E%E6%9C%88%E5%BF%83&ie=utf-8&rsv_cq=%E9%82%A3%E5%B9%B4%E8%8A%B1%E5%BC%80%E6%9C%88%E6%AD%A3%E5%9C%86&rsv_dl=0_right_toplist_20526
2017-09-16 16:02:17,785 - [webpage_parser.py:63] - INFO - procotol:http, hostname:clickc.admaster.com.cn, new_link:/list-45
2017-09-16 16:02:17,785 - [webpage_parser.py:63] - INFO - procotol:http, hostname:www.baidu.com, new_link:/s?tn=sitehao123_10_pg&usm=6&wd=%E9%AC%BC%E5%90%B9%E7%81%AF%E4%B9%8B%E7%89%A7%E9%87%8E%E8%AF%A1%E4%BA%8B&ie=utf-8&rsv_cq=%E9%82%A3%E5%B9%B4%E8%8A%B1%E5%BC%80%E6%9C%88%E6%AD%A3%E5%9C%86&rsv_dl=0_right_toplist_20526
2017-09-16 16:02:17,789 - [webpage_parser.py:63] - INFO - procotol:http, hostname:clickc.admaster.com.cn, new_link:/list-44
2017-09-16 16:02:17,790 - [webpage_parser.py:63] - INFO - procotol:http, hostname:www.baidu.com, new_link:/s?tn=sitehao123_10_pg&usm=6&wd=%E6%B2%B3%E7%A5%9E&ie=utf-8&rsv_cq=%E9%82%A3%E5%B9%B4%E8%8A%B1%E5%BC%80%E6%9C%88%E6%AD%A3%E5%9C%86&rsv_dl=0_right_toplist_20526
2017-09-16 16:02:17,790 - [webpage_parser.py:63] - INFO - procotol:http, hostname:clickc.admaster.com.cn, new_link:/list-97
2017-09-16 16:02:17,791 - [webpage_parser.py:63] - INFO - procotol:http, hostname:www.baidu.com, new_link:/s?tn=sitehao123_10_pg&usm=6&wd=%E4%B8%89%E7%94%9F%E4%B8%89%E4%B8%96%E5%8D%81%E9%87%8C%E6%A1%83%E8%8A%B1&ie=utf-8&rsv_cq=%E9%82%A3%E5%B9%B4%E8%8A%B1%E5%BC%80%E6%9C%88%E6%AD%A3%E5%9C%86&rsv_dl=0_right_toplist_20526
2017-09-16 16:02:17,793 - [webpage_parser.py:63] - INFO - procotol:http, hostname:clickc.admaster.com.cn, new_link:/list-283
2017-09-16 16:02:17,794 - [webpage_parser.py:63] - INFO - procotol:http, hostname:www.baidu.com, new_link:/s?tn=sitehao123_10_pg&usm=6&wd=%E9%82%A3%E5%B9%B4%E8%8A%B1%E5%BC%80%E6%9C%88%E6%AD%A3%E5%9C%86%E4%BB%80%E4%B9%88%E6%97%B6%E5%80%99%E6%92%AD%E5%87%BA&ie=utf-8&rsv_cq=%E9%82%A3%E5%B9%B4%E8%8A%B1%E5%BC%80%E6%9C%88%E6%AD%A3%E5%9C%86&rsv_dl=0_right_toplist_20824
2017-09-16 16:02:17,798 - [webpage_parser.py:63] - INFO - procotol:http, hostname:clickc.admaster.com.cn, new_link:/list-43
2017-09-16 16:02:17,802 - [webpage_parser.py:63] - INFO - procotol:http, hostname:www.baidu.com, new_link:/s?tn=sitehao123_10_pg&usm=6&wd=%E9%82%A3%E5%B9%B4%E8%8A%B1%E5%BC%80%E6%9C%88%E6%AD%A3%E5%9C%86%E4%B9%B1%E4%B8%96%E6%B5%AE%E6%B2%89%E6%9B%9D%E5%89%A7%E7%85%A7&ie=utf-8&rsv_cq=%E9%82%A3%E5%B9%B4%E8%8A%B1%E5%BC%80%E6%9C%88%E6%AD%A3%E5%9C%86&rsv_dl=0_right_toplist_20824
2017-09-16 16:02:17,804 - [webpage_parser.py:63] - INFO - procotol:http, hostname:clickc.admaster.com.cn, new_link:/product/3055.html
2017-09-16 16:02:17,806 - [webpage_parser.py:63] - INFO - procotol:http, hostname:www.baidu.com, new_link:/s?tn=sitehao123_10_pg&usm=6&wd=%E9%82%A3%E5%B9%B4%E8%8A%B1%E5%BC%80%E6%9C%88%E6%AD%A3%E5%9C%86%E5%91%A8%E8%8E%B9%E5%8E%86%E5%8F%B2%E7%9C%9F%E5%AE%9E%E5%8E%9F%E5%9E%8B%E4%BB%8B%E7%BB%8D&ie=utf-8&rsv_cq=%E9%82%A3%E5%B9%B4%E8%8A%B1%E5%BC%80%E6%9C%88%E6%AD%A3%E5%9C%86&rsv_dl=0_right_toplist_20824
2017-09-16 16:02:17,806 - [webpage_parser.py:63] - INFO - procotol:http, hostname:clickc.admaster.com.cn, new_link:/product/538499714.html
2017-09-16 16:02:17,807 - [webpage_parser.py:63] - INFO - procotol:http, hostname:www.baidu.com, new_link:/s?tn=sitehao123_10_pg&usm=6&wd=%E9%82%A3%E5%B9%B4%E8%8A%B1%E5%BC%80%E6%9C%88%E6%AD%A3%E5%9C%86%E5%90%B4%E8%81%98%E6%98%AF%E8%B0%81%E6%BC%94%E7%9A%84&ie=utf-8&rsv_cq=%E9%82%A3%E5%B9%B4%E8%8A%B1%E5%BC%80%E6%9C%88%E6%AD%A3%E5%9C%86&rsv_dl=0_right_toplist_20824
2017-09-16 16:02:17,807 - [webpage_parser.py:63] - INFO - procotol:http, hostname:clickc.admaster.com.cn, new_link:/product/690174055.html
2017-09-16 16:02:17,808 - [webpage_parser.py:63] - INFO - procotol:http, hostname:www.baidu.com, new_link:/s?tn=sitehao123_10_pg&usm=6&wd=%E9%82%A3%E5%B9%B4%E8%8A%B1%E5%BC%80%E6%9C%88%E6%AD%A3%E5%9C%86%E9%99%88%E6%99%93%E6%90%AD%E6%95%91%E5%AD%99%E4%BF%AA&ie=utf-8&rsv_cq=%E9%82%A3%E5%B9%B4%E8%8A%B1%E5%BC%80%E6%9C%88%E6%AD%A3%E5%9C%86&rsv_dl=0_right_toplist_20824
2017-09-16 16:02:17,809 - [webpage_parser.py:63] - INFO - procotol:http, hostname:clickc.admaster.com.cn, new_link:/product/746829270.html
2017-09-16 16:02:17,810 - [webpage_parser.py:63] - INFO - procotol:http, hostname:www.baidu.com, new_link:/s?tn=sitehao123_10_pg&usm=6&wd=%E5%BC%A0%E4%B8%80%E5%B1%B1%E6%8B%8D%E6%88%8F%E9%81%AD%E8%87%AD%E9%AA%82&ie=utf-8&rsv_cq=%E9%82%A3%E5%B9%B4%E8%8A%B1%E5%BC%80%E6%9C%88%E6%AD%A3%E5%9C%86&rsv_dl=0_right_toplist_20811
2017-09-16 16:02:17,812 - [webpage_parser.py:63] - INFO - procotol:http, hostname:clickc.admaster.com.cn, new_link:/product/23860218.html
2017-09-16 16:02:17,814 - [webpage_parser.py:63] - INFO - procotol:http, hostname:www.baidu.com, new_link:/s?tn=sitehao123_10_pg&usm=6&wd=%E6%9D%8E%E6%99%A8%E6%B1%82%E5%A9%9A%E8%8C%83%E5%86%B0%E5%86%B0&ie=utf-8&rsv_cq=%E9%82%A3%E5%B9%B4%E8%8A%B1%E5%BC%80%E6%9C%88%E6%AD%A3%E5%9C%86&rsv_dl=0_right_toplist_20811
2017-09-16 16:02:17,816 - [webpage_parser.py:63] - INFO - procotol:http, hostname:clickc.admaster.com.cn, new_link:/product/314884726.html
2017-09-16 16:02:17,896 - [webpage_parser.py:63] - INFO - procotol:http, hostname:www.baidu.com, new_link:/s?tn=sitehao123_10_pg&usm=6&wd=%E5%91%A8%E6%98%9F%E9%A9%B0%E6%97%A7%E7%85%A7%E6%9B%9D%E5%85%89&ie=utf-8&rsv_cq=%E9%82%A3%E5%B9%B4%E8%8A%B1%E5%BC%80%E6%9C%88%E6%AD%A3%E5%9C%86&rsv_dl=0_right_toplist_20811
2017-09-16 16:02:17,897 - [webpage_parser.py:63] - INFO - procotol:http, hostname:clickc.admaster.com.cn, new_link:/product/3061.html
2017-09-16 16:02:17,994 - [connectionpool.py:207] - DEBUG - Starting new HTTP connection (1): www.beian.gov.cn
2017-09-16 16:02:18,019 - [webpage_parser.py:63] - INFO - procotol:http, hostname:www.baidu.com, new_link:/s?tn=sitehao123_10_pg&usm=6&wd=B%E7%AB%99%E8%AF%B7%E9%81%93%E5%A3%AB%E4%BD%9C%E6%B3%95&ie=utf-8&rsv_cq=%E9%82%A3%E5%B9%B4%E8%8A%B1%E5%BC%80%E6%9C%88%E6%AD%A3%E5%9C%86&rsv_dl=0_right_toplist_20811
2017-09-16 16:02:18,020 - [webpage_parser.py:63] - INFO - procotol:http, hostname:clickc.admaster.com.cn, new_link:/product/1822.html
2017-09-16 16:02:18,028 - [webpage_parser.py:63] - INFO - procotol:http, hostname:www.ce.cn, new_link:javascript:void(0)
2017-09-16 16:02:18,029 - [webpage_parser.py:63] - INFO - procotol:http, hostname:www.baidu.com, new_link:/s?tn=sitehao123_10_pg&usm=6&wd=%E6%9E%97%E5%BF%83%E5%A6%82%E5%BE%8B%E5%B8%88%E5%8F%91%E5%A3%B0%E6%98%8E&ie=utf-8&rsv_cq=%E9%82%A3%E5%B9%B4%E8%8A%B1%E5%BC%80%E6%9C%88%E6%AD%A3%E5%9C%86&rsv_dl=0_right_toplist_20811
2017-09-16 16:02:18,029 - [connectionpool.py:818] - DEBUG - Starting new HTTPS connection (1): s.click.taobao.com
2017-09-16 16:02:18,030 - [webpage_parser.py:63] - INFO - procotol:http, hostname:clickc.admaster.com.cn, new_link:/product/2380.html
2017-09-16 16:02:18,030 - [webpage_parser.py:63] - INFO - procotol:http, hostname:www.ce.cn, new_link:mailto:jiucuo@ce.cn
2017-09-16 16:02:18,031 - [webpage_parser.py:63] - INFO - procotol:http, hostname:www.baidu.com, new_link:/s?tn=sitehao123_10_pg&usm=6&wd=%E5%BE%AE%E4%BF%A1%E9%9A%90%E7%A7%81%E4%BF%9D%E6%8A%A4%E6%8C%87%E5%BC%95&ie=utf-8&rsv_cq=%E9%82%A3%E5%B9%B4%E8%8A%B1%E5%BC%80%E6%9C%88%E6%AD%A3%E5%9C%86&rsv_dl=0_right_toplist_20811
2017-09-16 16:02:18,031 - [webpage_parser.py:63] - INFO - procotol:http, hostname:clickc.admaster.com.cn, new_link:/product/3053.html
2017-09-16 16:02:18,033 - [webpage_parser.py:63] - INFO - procotol:http, hostname:www.baidu.com, new_link:/s?tn=sitehao123_10_pg&usm=6&wd=%E9%99%88%E7%BE%BD%E5%87%A1%E5%A4%8D%E5%87%BA&ie=utf-8&rsv_cq=%E9%82%A3%E5%B9%B4%E8%8A%B1%E5%BC%80%E6%9C%88%E6%AD%A3%E5%9C%86&rsv_dl=0_right_toplist_20811
2017-09-16 16:02:18,038 - [webpage_parser.py:63] - INFO - procotol:http, hostname:www.ce.cn, new_link:./xwzx/gnsz/gdxw/201709/16/t20170916_26023506.shtml
2017-09-16 16:02:18,038 - [webpage_parser.py:63] - INFO - procotol:http, hostname:clickc.admaster.com.cn, new_link:/product/582146467.html
2017-09-16 16:02:18,039 - [webpage_parser.py:63] - INFO - procotol:http, hostname:www.baidu.com, new_link:/s?tn=sitehao123_10_pg&usm=6&wd=%E7%8E%8B%E5%AE%9D%E5%BC%BA%E6%9D%91%E6%B0%91%E8%B0%88%E5%AE%8B%E5%96%86&ie=utf-8&rsv_cq=%E9%82%A3%E5%B9%B4%E8%8A%B1%E5%BC%80%E6%9C%88%E6%AD%A3%E5%9C%86&rsv_dl=0_right_toplist_20811
2017-09-16 16:02:18,039 - [webpage_parser.py:63] - INFO - procotol:http, hostname:www.ce.cn, new_link:./xwzx/kj/201709/15/t20170915_25984724.shtml
2017-09-16 16:02:18,040 - [webpage_parser.py:63] - INFO - procotol:http, hostname:clickc.admaster.com.cn, new_link:/list-56
2017-09-16 16:02:18,040 - [webpage_parser.py:63] - INFO - procotol:http, hostname:www.baidu.com, new_link:/s?tn=sitehao123_10_pg&usm=6&wd=%E4%BC%A6%E6%95%A6%E5%9C%B0%E9%93%81%E5%8F%91%E7%94%9F%E7%88%86%E7%82%B8&ie=utf-8&rsv_cq=%E9%82%A3%E5%B9%B4%E8%8A%B1%E5%BC%80%E6%9C%88%E6%AD%A3%E5%9C%86&rsv_dl=0_right_toplist_20811
2017-09-16 16:02:18,041 - [webpage_parser.py:63] - INFO - procotol:http, hostname:www.ce.cn, new_link:./xwzx/kj/201709/15/t20170915_25986055.shtml
2017-09-16 16:02:18,041 - [webpage_parser.py:63] - INFO - procotol:http, hostname:clickc.admaster.com.cn, new_link:/list-229
2017-09-16 16:02:18,042 - [webpage_parser.py:63] - INFO - procotol:http, hostname:www.baidu.com, new_link:/s?tn=sitehao123_10_pg&usm=6&wd=%E8%B5%9B%E7%90%B3%E5%A8%9C%E6%89%8B%E6%9C%AF&ie=utf-8&rsv_cq=%E9%82%A3%E5%B9%B4%E8%8A%B1%E5%BC%80%E6%9C%88%E6%AD%A3%E5%9C%86&rsv_dl=0_right_toplist_20811
2017-09-16 16:02:18,043 - [webpage_parser.py:63] - INFO - procotol:http, hostname:www.ce.cn, new_link:./xwzx/shgj/gdxw/201709/16/t20170916_26023402.shtml
2017-09-16 16:02:18,043 - [webpage_parser.py:63] - INFO - procotol:http, hostname:clickc.admaster.com.cn, new_link:/list-58
2017-09-16 16:02:18,044 - [webpage_parser.py:63] - INFO - procotol:http, hostname:www.baidu.com, new_link:/s?tn=sitehao123_10_pg&usm=6&wd=%E5%9B%BD%E5%AE%B6%E8%81%8C%E4%B8%9A%E8%B5%84%E6%A0%BC%E7%9B%AE%E5%BD%95&ie=utf-8&rsv_cq=%E9%82%A3%E5%B9%B4%E8%8A%B1%E5%BC%80%E6%9C%88%E6%AD%A3%E5%9C%86&rsv_dl=0_right_toplist_20811
2017-09-16 16:02:18,044 - [webpage_parser.py:63] - INFO - procotol:http, hostname:www.ce.cn, new_link:./xwzx/shgj/gdxw/201709/16/t20170916_26023395.shtml
2017-09-16 16:02:18,045 - [webpage_parser.py:63] - INFO - procotol:http, hostname:clickc.admaster.com.cn, new_link:/list-231
2017-09-16 16:02:18,045 - [webpage_parser.py:63] - INFO - procotol:http, hostname:www.baidu.com, new_link:/s?tn=sitehao123_10_pg&usm=6&wd=%E6%9E%97%E5%BF%97%E7%8E%B2%E5%8D%8A%E8%B9%B2%E9%A2%81%E5%A5%96&ie=utf-8&rsv_cq=%E9%82%A3%E5%B9%B4%E8%8A%B1%E5%BC%80%E6%9C%88%E6%AD%A3%E5%9C%86&rsv_dl=0_right_toplist_20811
2017-09-16 16:02:18,045 - [webpage_parser.py:63] - INFO - procotol:http, hostname:www.ce.cn, new_link:./xwzx/shgj/gdxw/201709/16/t20170916_26023370.shtml
2017-09-16 16:02:18,046 - [webpage_parser.py:63] - INFO - procotol:http, hostname:clickc.admaster.com.cn, new_link:/list-55
2017-09-16 16:02:18,046 - [webpage_parser.py:63] - INFO - procotol:http, hostname:www.baidu.com, new_link:/s?tn=sitehao123_10_pg&usm=6&wd=%E6%9D%8E%E9%9B%A8%E6%A1%90%E5%86%8D%E7%88%86%E6%96%99&ie=utf-8&rsv_cq=%E9%82%A3%E5%B9%B4%E8%8A%B1%E5%BC%80%E6%9C%88%E6%AD%A3%E5%9C%86&rsv_dl=0_right_toplist_20811
2017-09-16 16:02:18,046 - [webpage_parser.py:63] - INFO - procotol:http, hostname:www.ce.cn, new_link:./xwzx/shgj/gdxw/201709/16/t20170916_26023345.shtml
2017-09-16 16:02:18,047 - [webpage_parser.py:63] - INFO - procotol:http, hostname:clickc.admaster.com.cn, new_link:/list-83
2017-09-16 16:02:18,047 - [webpage_parser.py:63] - INFO - procotol:http, hostname:www.baidu.com, new_link:/s?tn=sitehao123_10_pg&usm=6&wd=%E8%8C%83%E5%86%B0%E5%86%B0%E6%9D%8E%E6%99%A8%E6%92%B8%E4%B8%B2&ie=utf-8&rsv_cq=%E9%82%A3%E5%B9%B4%E8%8A%B1%E5%BC%80%E6%9C%88%E6%AD%A3%E5%9C%86&rsv_dl=0_right_toplist_20811
2017-09-16 16:02:18,048 - [webpage_parser.py:63] - INFO - procotol:http, hostname:www.ce.cn, new_link:./xwzx/fazhi/201709/16/t20170916_26023244.shtml
2017-09-16 16:02:18,048 - [webpage_parser.py:63] - INFO - procotol:http, hostname:clickc.admaster.com.cn, new_link:/list-233
2017-09-16 16:02:18,048 - [webpage_parser.py:63] - INFO - procotol:http, hostname:www.baidu.com, new_link:/s?tn=sitehao123_10_pg&usm=6&wd=%E6%97%A5%E4%BC%81%E5%91%A8%E4%BC%91%E4%B8%89%E6%97%A5&ie=utf-8&rsv_cq=%E9%82%A3%E5%B9%B4%E8%8A%B1%E5%BC%80%E6%9C%88%E6%AD%A3%E5%9C%86&rsv_dl=0_right_toplist_20811
2017-09-16 16:02:18,049 - [webpage_parser.py:63] - INFO - procotol:http, hostname:www.ce.cn, new_link:./xwzx/fazhi/201709/16/t20170916_26023222.shtml
2017-09-16 16:02:18,049 - [webpage_parser.py:63] - INFO - procotol:http, hostname:clickc.admaster.com.cn, new_link:/list-235
2017-09-16 16:02:18,049 - [webpage_parser.py:63] - INFO - procotol:http, hostname:www.baidu.com, new_link:/s?tn=sitehao123_10_pg&usm=6&wd=%E5%B0%8F%E5%AD%A6%E7%94%9F%E8%8E%B7%E5%9B%BD%E5%AE%B6%E4%B8%93%E5%88%A9&ie=utf-8&rsv_cq=%E9%82%A3%E5%B9%B4%E8%8A%B1%E5%BC%80%E6%9C%88%E6%AD%A3%E5%9C%86&rsv_dl=0_right_toplist_20811
2017-09-16 16:02:18,050 - [webpage_parser.py:63] - INFO - procotol:http, hostname:www.ce.cn, new_link:./xwzx/fazhi/201709/16/t20170916_26023173.shtml
2017-09-16 16:02:18,050 - [webpage_parser.py:63] - INFO - procotol:http, hostname:clickc.admaster.com.cn, new_link:/list-239
2017-09-16 16:02:18,051 - [webpage_parser.py:63] - INFO - procotol:http, hostname:www.baidu.com, new_link:/s?tn=sitehao123_10_pg&usm=6&wd=%E6%B2%89%E8%BF%B7%E6%B8%B8%E6%88%8F%E7%BD%91%E5%90%A7%E5%90%83%E4%BD%8F&ie=utf-8&rsv_cq=%E9%82%A3%E5%B9%B4%E8%8A%B1%E5%BC%80%E6%9C%88%E6%AD%A3%E5%9C%86&rsv_dl=0_right_toplist_20811
2017-09-16 16:02:18,051 - [webpage_parser.py:63] - INFO - procotol:http, hostname:www.ce.cn, new_link:./xwzx/gnsz/gdxw/201709/16/t20170916_26023142.shtml
2017-09-16 16:02:18,051 - [webpage_parser.py:63] - INFO - procotol:http, hostname:clickc.admaster.com.cn, new_link:/list-237
2017-09-16 16:02:18,052 - [webpage_parser.py:63] - INFO - procotol:http, hostname:www.baidu.com, new_link:/s?tn=sitehao123_10_pg&usm=6&wd=8%E5%A4%A9%E9%95%BF%E5%81%876%E5%9C%BA%E5%A9%9A%E7%A4%BC&ie=utf-8&rsv_cq=%E9%82%A3%E5%B9%B4%E8%8A%B1%E5%BC%80%E6%9C%88%E6%AD%A3%E5%9C%86&rsv_dl=0_right_toplist_20811
2017-09-16 16:02:18,058 - [webpage_parser.py:63] - INFO - procotol:http, hostname:www.ce.cn, new_link:../../cysc/sp/info/201709/16/t20170916_26030727.shtml
2017-09-16 16:02:18,059 - [webpage_parser.py:63] - INFO - procotol:http, hostname:clickc.admaster.com.cn, new_link:/list-54
2017-09-16 16:02:18,060 - [webpage_parser.py:63] - INFO - procotol:http, hostname:www.baidu.com, new_link:/s?tn=sitehao123_10_pg&usm=6&wd=%E9%A9%AC%E4%BC%8A%E7%90%8D%E6%96%B0%E6%88%8F%E6%8E%A5%E9%95%BF%E5%8F%91&ie=utf-8&rsv_cq=%E9%82%A3%E5%B9%B4%E8%8A%B1%E5%BC%80%E6%9C%88%E6%AD%A3%E5%9C%86&rsv_dl=0_right_toplist_20811
2017-09-16 16:02:18,060 - [webpage_parser.py:63] - INFO - procotol:http, hostname:www.ce.cn, new_link:../../cysc/sp/info/201709/16/t20170916_26030549.shtml
2017-09-16 16:02:18,061 - [webpage_parser.py:63] - INFO - procotol:http, hostname:clickc.admaster.com.cn, new_link:/product/794044956.html
2017-09-16 16:02:18,061 - [webpage_parser.py:63] - INFO - procotol:http, hostname:www.baidu.com, new_link:/s?tn=sitehao123_10_pg&usm=6&wd=%E9%AA%91%E5%8D%95%E8%BD%A6%E8%BA%AB%E4%BA%A1%E6%A1%88%E5%BC%80%E5%BA%AD&ie=utf-8&rsv_cq=%E9%82%A3%E5%B9%B4%E8%8A%B1%E5%BC%80%E6%9C%88%E6%AD%A3%E5%9C%86&rsv_dl=0_right_toplist_20811
2017-09-16 16:02:18,062 - [webpage_parser.py:63] - INFO - procotol:http, hostname:www.ce.cn, new_link:../../xwzx/gnsz/gdxw/201709/16/t20170916_26030470.shtml
2017-09-16 16:02:18,062 - [webpage_parser.py:63] - INFO - procotol:http, hostname:clickc.admaster.com.cn, new_link:/product/291811909.html
2017-09-16 16:02:18,062 - [webpage_parser.py:63] - INFO - procotol:http, hostname:www.baidu.com, new_link:/s?tn=sitehao123_10_pg&usm=6&wd=ios11%E6%AD%A3%E5%BC%8F%E7%89%88&ie=utf-8&rsv_cq=%E9%82%A3%E5%B9%B4%E8%8A%B1%E5%BC%80%E6%9C%88%E6%AD%A3%E5%9C%86&rsv_dl=0_right_toplist_20811
2017-09-16 16:02:18,063 - [webpage_parser.py:63] - INFO - procotol:http, hostname:www.ce.cn, new_link:../../cysc/zljd/gd/201709/16/t20170916_26030227.shtml
2017-09-16 16:02:18,063 - [webpage_parser.py:63] - INFO - procotol:http, hostname:clickc.admaster.com.cn, new_link:/product/259735704.html
2017-09-16 16:02:18,063 - [webpage_parser.py:63] - INFO - procotol:http, hostname:www.baidu.com, new_link:/s?tn=sitehao123_10_pg&usm=6&wd=%E6%9E%97%E6%9B%B4%E6%96%B0%E5%9B%9E%E5%BA%94%E8%A2%AB%E9%AA%82&ie=utf-8&rsv_cq=%E9%82%A3%E5%B9%B4%E8%8A%B1%E5%BC%80%E6%9C%88%E6%AD%A3%E5%9C%86&rsv_dl=0_right_toplist_20811
2017-09-16 16:02:18,064 - [webpage_parser.py:63] - INFO - procotol:http, hostname:www.ce.cn, new_link:../../cysc/zljd/gd/201709/16/t20170916_26030205.shtml
2017-09-16 16:02:18,064 - [webpage_parser.py:63] - INFO - procotol:http, hostname:clickc.admaster.com.cn, new_link:/product/735640556.html
2017-09-16 16:02:18,064 - [webpage_parser.py:63] - INFO - procotol:http, hostname:www.baidu.com, new_link:/s?tn=sitehao123_10_pg&usm=6&wd=%E8%97%8F%E7%8D%92%E7%BB%8F%E6%B5%8E%E5%B4%A9%E7%9B%98&ie=utf-8&rsv_cq=%E9%82%A3%E5%B9%B4%E8%8A%B1%E5%BC%80%E6%9C%88%E6%AD%A3%E5%9C%86&rsv_dl=0_right_toplist_20811
2017-09-16 16:02:18,065 - [webpage_parser.py:63] - INFO - procotol:http, hostname:www.ce.cn, new_link:../../cysc/zljd/gd/201709/16/t20170916_26030204.shtml
2017-09-16 16:02:18,065 - [webpage_parser.py:63] - INFO - procotol:http, hostname:clickc.admaster.com.cn, new_link:/product/706470980.html
2017-09-16 16:02:18,066 - [webpage_parser.py:63] - INFO - procotol:http, hostname:www.baidu.com, new_link:/s?tn=sitehao123_10_pg&usm=6&wd=%E6%96%B0%E5%8A%A0%E5%9D%A1%E9%A6%96%E4%BD%8D%E5%A5%B3%E6%80%BB%E7%BB%9F&ie=utf-8&rsv_cq=%E9%82%A3%E5%B9%B4%E8%8A%B1%E5%BC%80%E6%9C%88%E6%AD%A3%E5%9C%86&rsv_dl=0_right_toplist_20811
2017-09-16 16:02:18,066 - [webpage_parser.py:63] - INFO - procotol:http, hostname:www.ce.cn, new_link:../../cysc/zljd/gd/201709/16/t20170916_26030186.shtml
2017-09-16 16:02:18,066 - [webpage_parser.py:63] - INFO - procotol:http, hostname:clickc.admaster.com.cn, new_link:/product/875753311.html
2017-09-16 16:02:18,067 - [webpage_parser.py:63] - INFO - procotol:http, hostname:www.baidu.com, new_link:/s?tn=sitehao123_10_pg&usm=6&wd=%E9%95%BF%E6%B1%9F%E5%8F%A3%E5%9E%83%E5%9C%BE%E5%80%BE%E5%80%92%E6%A1%88&ie=utf-8&rsv_cq=%E9%82%A3%E5%B9%B4%E8%8A%B1%E5%BC%80%E6%9C%88%E6%AD%A3%E5%9C%86&rsv_dl=0_right_toplist_20811
2017-09-16 16:02:18,067 - [webpage_parser.py:63] - INFO - procotol:http, hostname:www.ce.cn, new_link:../../cysc/sp/info/201709/16/t20170916_26029552.shtml
2017-09-16 16:02:18,068 - [webpage_parser.py:63] - INFO - procotol:http, hostname:clickc.admaster.com.cn, new_link:/product/944393591.html
2017-09-16 16:02:18,069 - [webpage_parser.py:63] - INFO - procotol:http, hostname:www.baidu.com, new_link:/s?tn=sitehao123_10_pg&usm=6&wd=%E5%8D%81%E5%B2%81%E5%A5%B3%E7%AB%A5%E8%80%83%E4%B8%8A%E5%A4%A7%E4%B8%93&ie=utf-8&rsv_cq=%E9%82%A3%E5%B9%B4%E8%8A%B1%E5%BC%80%E6%9C%88%E6%AD%A3%E5%9C%86&rsv_dl=0_right_toplist_20811
2017-09-16 16:02:18,069 - [webpage_parser.py:63] - INFO - procotol:http, hostname:www.ce.cn, new_link:../../xwzx/gnsz/gdxw/201709/16/t20170916_26031456.shtml
2017-09-16 16:02:18,069 - [webpage_parser.py:63] - INFO - procotol:http, hostname:clickc.admaster.com.cn, new_link:/product/148576155.html
2017-09-16 16:02:18,070 - [webpage_parser.py:63] - INFO - procotol:http, hostname:www.baidu.com, new_link:/s?tn=sitehao123_10_pg&usm=6&wd=%E5%8F%8C%E5%8F%B0%E9%A3%8E%E7%BB%93%E5%AF%B9%E6%9D%A5%E8%A2%AD&ie=utf-8&rsv_cq=%E9%82%A3%E5%B9%B4%E8%8A%B1%E5%BC%80%E6%9C%88%E6%AD%A3%E5%9C%86&rsv_dl=0_right_toplist_20811
2017-09-16 16:02:18,070 - [webpage_parser.py:63] - INFO - procotol:http, hostname:www.ce.cn, new_link:../../xwzx/gnsz/gdxw/201709/16/t20170916_26031227.shtml
2017-09-16 16:02:18,071 - [webpage_parser.py:63] - INFO - procotol:http, hostname:clickc.admaster.com.cn, new_link:/product/973611543.html
2017-09-16 16:02:18,071 - [webpage_parser.py:63] - INFO - procotol:http, hostname:www.baidu.com, new_link:/s?tn=sitehao123_10_pg&usm=6&wd=%E4%BA%AC%E4%B8%9C%E8%BF%9B%E5%86%9B%E6%88%BF%E5%9C%B0%E4%BA%A7&ie=utf-8&rsv_cq=%E9%82%A3%E5%B9%B4%E8%8A%B1%E5%BC%80%E6%9C%88%E6%AD%A3%E5%9C%86&rsv_dl=0_right_toplist_20811
2017-09-16 16:02:18,071 - [webpage_parser.py:63] - INFO - procotol:http, hostname:www.ce.cn, new_link:../../xwzx/gnsz/gdxw/201709/16/t20170916_26031119.shtml
2017-09-16 16:02:18,072 - [webpage_parser.py:63] - INFO - procotol:http, hostname:clickc.admaster.com.cn, new_link:/product/430223039.html
2017-09-16 16:02:18,072 - [webpage_parser.py:63] - INFO - procotol:http, hostname:www.baidu.com, new_link:/s?tn=sitehao123_10_pg&usm=6&wd=%E6%AF%94%E7%89%B9%E5%B8%81%E4%B8%AD%E5%9B%BD%E5%B0%86%E5%85%B3%E5%81%9C&ie=utf-8&rsv_cq=%E9%82%A3%E5%B9%B4%E8%8A%B1%E5%BC%80%E6%9C%88%E6%AD%A3%E5%9C%86&rsv_dl=0_right_toplist_20811
2017-09-16 16:02:18,073 - [webpage_parser.py:63] - INFO - procotol:http, hostname:www.ce.cn, new_link:../../xwzx/gnsz/gdxw/201709/16/t20170916_26030677.shtml
2017-09-16 16:02:18,073 - [webpage_parser.py:63] - INFO - procotol:http, hostname:clickc.admaster.com.cn, new_link:/product/75380481.html
2017-09-16 16:02:18,074 - [webpage_parser.py:63] - INFO - procotol:http, hostname:www.baidu.com, new_link:/s?tn=sitehao123_10_pg&usm=6&wd=%E4%BC%A0%E5%A5%87%E5%A4%A7%E7%86%8A%E7%8C%AB%E5%8E%BB%E4%B8%96&ie=utf-8&rsv_cq=%E9%82%A3%E5%B9%B4%E8%8A%B1%E5%BC%80%E6%9C%88%E6%AD%A3%E5%9C%86&rsv_dl=0_right_toplist_20811
2017-09-16 16:02:18,074 - [webpage_parser.py:63] - INFO - procotol:http, hostname:www.ce.cn, new_link:../../xwzx/gnsz/gdxw/201709/16/t20170916_26030470.shtml
2017-09-16 16:02:18,074 - [webpage_parser.py:63] - INFO - procotol:http, hostname:clickc.admaster.com.cn, new_link:/product/927153142.html
2017-09-16 16:02:18,075 - [webpage_parser.py:63] - INFO - procotol:http, hostname:www.baidu.com, new_link:/s?tn=sitehao123_10_pg&usm=6&wd=%E5%AD%99%E4%BF%AA&ie=utf-8&rsv_cq=%E9%82%A3%E5%B9%B4%E8%8A%B1%E5%BC%80%E6%9C%88%E6%AD%A3%E5%9C%86&rsv_dl=0_left_zx_new_tvideo_6869
2017-09-16 16:02:18,076 - [webpage_parser.py:63] - INFO - procotol:http, hostname:www.ce.cn, new_link:../../xwzx/gnsz/gdxw/201709/16/t20170916_26030103.shtml
2017-09-16 16:02:18,076 - [webpage_parser.py:63] - INFO - procotol:http, hostname:clickc.admaster.com.cn, new_link:/product/20999181.html
2017-09-16 16:02:18,077 - [webpage_parser.py:63] - INFO - procotol:http, hostname:www.baidu.com, new_link:/s?tn=sitehao123_10_pg&usm=6&wd=%E9%99%88%E6%99%93&ie=utf-8&rsv_cq=%E9%82%A3%E5%B9%B4%E8%8A%B1%E5%BC%80%E6%9C%88%E6%AD%A3%E5%9C%86&rsv_dl=0_left_zx_new_tvideo_6869
2017-09-16 16:02:18,077 - [webpage_parser.py:63] - INFO - procotol:http, hostname:www.ce.cn, new_link:../../xwzx/gnsz/gdxw/201709/16/t20170916_26029956.shtml
2017-09-16 16:02:18,077 - [webpage_parser.py:63] - INFO - procotol:http, hostname:clickc.admaster.com.cn, new_link:/product/315672466.html
2017-09-16 16:02:18,078 - [webpage_parser.py:63] - INFO - procotol:http, hostname:www.baidu.com, new_link:/s?tn=sitehao123_10_pg&usm=6&wd=%E4%BD%95%E6%B6%A6%E4%B8%9C+&ie=utf-8&rsv_cq=%E9%82%A3%E5%B9%B4%E8%8A%B1%E5%BC%80%E6%9C%88%E6%AD%A3%E5%9C%86&rsv_dl=0_left_zx_new_tvideo_6869
2017-09-16 16:02:18,078 - [webpage_parser.py:63] - INFO - procotol:http, hostname:www.ce.cn, new_link:../../xwzx/gnsz/gdxw/201709/16/t20170916_26029949.shtml
2017-09-16 16:02:18,078 - [webpage_parser.py:63] - INFO - procotol:http, hostname:clickc.admaster.com.cn, new_link:/product/812952235.html
2017-09-16 16:02:18,079 - [webpage_parser.py:63] - INFO - procotol:http, hostname:www.baidu.com, new_link:/s?tn=sitehao123_10_pg&usm=6&wd=%E4%BB%BB%E9%87%8D+&ie=utf-8&rsv_cq=%E9%82%A3%E5%B9%B4%E8%8A%B1%E5%BC%80%E6%9C%88%E6%AD%A3%E5%9C%86&rsv_dl=0_left_zx_new_tvideo_6869
2017-09-16 16:02:18,080 - [webpage_parser.py:63] - INFO - procotol:http, hostname:www.ce.cn, new_link:mailto:dzzs@ced.com.cn
2017-09-16 16:02:18,080 - [webpage_parser.py:63] - INFO - procotol:http, hostname:clickc.admaster.com.cn, new_link:/product/36920771.html
2017-09-16 16:02:18,080 - [webpage_parser.py:63] - INFO - procotol:http, hostname:www.baidu.com, new_link:/s?tn=sitehao123_10_pg&usm=6&wd=%E8%83%A1%E6%9D%8F%E5%84%BF+&ie=utf-8&rsv_cq=%E9%82%A3%E5%B9%B4%E8%8A%B1%E5%BC%80%E6%9C%88%E6%AD%A3%E5%9C%86&rsv_dl=0_left_zx_new_tvideo_6869
2017-09-16 16:02:18,086 - [webpage_parser.py:63] - INFO - procotol:http, hostname:www.ce.cn, new_link:mailto:jiucuo@ce.cn
2017-09-16 16:02:18,086 - [webpage_parser.py:63] - INFO - procotol:http, hostname:clickc.admaster.com.cn, new_link:/product/104065115.html
2017-09-16 16:02:18,087 - [webpage_parser.py:63] - INFO - procotol:http, hostname:www.baidu.com, new_link:/s?tn=sitehao123_10_pg&usm=6&wd=%E5%8F%A4%E8%A3%85%E7%94%B5%E8%A7%86%E5%89%A7&ie=utf-8&rsv_cq=%E9%82%A3%E5%B9%B4%E8%8A%B1%E5%BC%80%E6%9C%88%E6%AD%A3%E5%9C%86&rsv_dl=0_left_zx_new_tvideo_6869
2017-09-16 16:02:18,096 - [webpage_parser.py:63] - INFO - procotol:http, hostname:clickc.admaster.com.cn, new_link:/product/2205.html
2017-09-16 16:02:18,096 - [webpage_parser.py:63] - INFO - procotol:http, hostname:www.baidu.com, new_link:/s?tn=sitehao123_10_pg&usm=6&wd=%E5%B9%B4%E4%BB%A3%E7%94%B5%E8%A7%86%E5%89%A7&ie=utf-8&rsv_cq=%E9%82%A3%E5%B9%B4%E8%8A%B1%E5%BC%80%E6%9C%88%E6%AD%A3%E5%9C%86&rsv_dl=0_left_zx_new_tvideo_6869
2017-09-16 16:02:18,097 - [webpage_parser.py:63] - INFO - procotol:http, hostname:clickc.admaster.com.cn, new_link:/list-56
2017-09-16 16:02:18,101 - [webpage_parser.py:63] - INFO - procotol:http, hostname:www.baidu.com, new_link:javascript:;
2017-09-16 16:02:18,102 - [webpage_parser.py:63] - INFO - procotol:http, hostname:clickc.admaster.com.cn, new_link:/list-229
2017-09-16 16:02:18,103 - [webpage_parser.py:63] - INFO - procotol:http, hostname:www.baidu.com, new_link:/s?wd=%E9%82%A3%E5%B9%B4%E8%8A%B1%E5%BC%80%E6%9C%88%E6%AD%A3%E5%9C%86%E6%BC%94%E5%91%98%E8%A1%A8&rsf=26&rsp=0&f=1&oq=%E9%82%A3%E5%B9%B4%E8%8A%B1%E5%BC%80%E6%9C%88%E6%AD%A3%E5%9C%86&tn=sitehao123_10_pg&ie=utf-8&usm=6&rsv_pq=c82ea69e0000de1d&rsv_t=54e78bUTzW1%2Bsgbq%2BNcL%2BPKTamX41%2FtVpZ2TGLh7u%2FSmqlkGniXVtRPlV%2FU3Fq44spuy9f2q1Q&rqlang=cn&rs_src=0&rsv_pq=c82ea69e0000de1d&rsv_t=54e78bUTzW1%2Bsgbq%2BNcL%2BPKTamX41%2FtVpZ2TGLh7u%2FSmqlkGniXVtRPlV%2FU3Fq44spuy9f2q1Q
2017-09-16 16:02:18,106 - [webpage_parser.py:63] - INFO - procotol:http, hostname:www.baidu.com, new_link:/s?wd=%E9%82%A3%E5%B9%B4%E8%8A%B1%E5%BC%80%E6%9C%88%E6%AD%A3%E5%9C%86%E7%99%BE%E5%BA%A6%E4%BA%91&rsf=26&rsp=1&f=1&oq=%E9%82%A3%E5%B9%B4%E8%8A%B1%E5%BC%80%E6%9C%88%E6%AD%A3%E5%9C%86&tn=sitehao123_10_pg&ie=utf-8&usm=6&rsv_pq=c82ea69e0000de1d&rsv_t=54e78bUTzW1%2Bsgbq%2BNcL%2BPKTamX41%2FtVpZ2TGLh7u%2FSmqlkGniXVtRPlV%2FU3Fq44spuy9f2q1Q&rqlang=cn&rs_src=0&rsv_pq=c82ea69e0000de1d&rsv_t=54e78bUTzW1%2Bsgbq%2BNcL%2BPKTamX41%2FtVpZ2TGLh7u%2FSmqlkGniXVtRPlV%2FU3Fq44spuy9f2q1Q
2017-09-16 16:02:18,106 - [webpage_parser.py:63] - INFO - procotol:http, hostname:clickc.admaster.com.cn, new_link:/list-58
2017-09-16 16:02:18,109 - [webpage_parser.py:63] - INFO - procotol:http, hostname:www.baidu.com, new_link:/s?wd=%E9%82%A3%E5%B9%B4%E8%8A%B1%E5%BC%80%E6%9C%88%E6%AD%A3%E5%9C%86%E5%A4%A7%E7%BB%93%E5%B1%80&rsf=26&rsp=2&f=1&oq=%E9%82%A3%E5%B9%B4%E8%8A%B1%E5%BC%80%E6%9C%88%E6%AD%A3%E5%9C%86&tn=sitehao123_10_pg&ie=utf-8&usm=6&rsv_pq=c82ea69e0000de1d&rsv_t=54e78bUTzW1%2Bsgbq%2BNcL%2BPKTamX41%2FtVpZ2TGLh7u%2FSmqlkGniXVtRPlV%2FU3Fq44spuy9f2q1Q&rqlang=cn&rs_src=0&rsv_pq=c82ea69e0000de1d&rsv_t=54e78bUTzW1%2Bsgbq%2BNcL%2BPKTamX41%2FtVpZ2TGLh7u%2FSmqlkGniXVtRPlV%2FU3Fq44spuy9f2q1Q
2017-09-16 16:02:18,110 - [webpage_parser.py:63] - INFO - procotol:http, hostname:clickc.admaster.com.cn, new_link:/list-231
2017-09-16 16:02:18,111 - [webpage_parser.py:63] - INFO - procotol:http, hostname:www.baidu.com, new_link:/s?wd=%E9%82%A3%E5%B9%B4%E8%8A%B1%E5%BC%80%E6%9C%88%E6%AD%A3%E5%9C%86%E7%BB%93%E5%B1%80&rsf=26&rsp=3&f=1&oq=%E9%82%A3%E5%B9%B4%E8%8A%B1%E5%BC%80%E6%9C%88%E6%AD%A3%E5%9C%86&tn=sitehao123_10_pg&ie=utf-8&usm=6&rsv_pq=c82ea69e0000de1d&rsv_t=54e78bUTzW1%2Bsgbq%2BNcL%2BPKTamX41%2FtVpZ2TGLh7u%2FSmqlkGniXVtRPlV%2FU3Fq44spuy9f2q1Q&rqlang=cn&rs_src=0&rsv_pq=c82ea69e0000de1d&rsv_t=54e78bUTzW1%2Bsgbq%2BNcL%2BPKTamX41%2FtVpZ2TGLh7u%2FSmqlkGniXVtRPlV%2FU3Fq44spuy9f2q1Q
2017-09-16 16:02:18,111 - [webpage_parser.py:63] - INFO - procotol:http, hostname:clickc.admaster.com.cn, new_link:/list-55
2017-09-16 16:02:18,113 - [webpage_parser.py:63] - INFO - procotol:http, hostname:www.baidu.com, new_link:/s?wd=%E9%82%A3%E5%B9%B4%E8%8A%B1%E5%BC%80%E6%9C%88%E6%AD%A3%E5%9C%86%E7%AC%AC%E4%B8%80%E9%9B%86&rsf=26&rsp=4&f=1&oq=%E9%82%A3%E5%B9%B4%E8%8A%B1%E5%BC%80%E6%9C%88%E6%AD%A3%E5%9C%86&tn=sitehao123_10_pg&ie=utf-8&usm=6&rsv_pq=c82ea69e0000de1d&rsv_t=54e78bUTzW1%2Bsgbq%2BNcL%2BPKTamX41%2FtVpZ2TGLh7u%2FSmqlkGniXVtRPlV%2FU3Fq44spuy9f2q1Q&rqlang=cn&rs_src=0&rsv_pq=c82ea69e0000de1d&rsv_t=54e78bUTzW1%2Bsgbq%2BNcL%2BPKTamX41%2FtVpZ2TGLh7u%2FSmqlkGniXVtRPlV%2FU3Fq44spuy9f2q1Q
2017-09-16 16:02:18,114 - [webpage_parser.py:63] - INFO - procotol:http, hostname:clickc.admaster.com.cn, new_link:/list-83
2017-09-16 16:02:18,114 - [webpage_parser.py:63] - INFO - procotol:http, hostname:www.baidu.com, new_link:/s?wd=%E9%82%A3%E5%B9%B4%E8%8A%B1%E5%BC%80%E6%9C%88%E6%AD%A3%E5%9C%86%E7%94%B5%E8%A7%86%E5%89%A7&rsf=26&rsp=5&f=1&oq=%E9%82%A3%E5%B9%B4%E8%8A%B1%E5%BC%80%E6%9C%88%E6%AD%A3%E5%9C%86&tn=sitehao123_10_pg&ie=utf-8&usm=6&rsv_pq=c82ea69e0000de1d&rsv_t=54e78bUTzW1%2Bsgbq%2BNcL%2BPKTamX41%2FtVpZ2TGLh7u%2FSmqlkGniXVtRPlV%2FU3Fq44spuy9f2q1Q&rqlang=cn&rs_src=0&rsv_pq=c82ea69e0000de1d&rsv_t=54e78bUTzW1%2Bsgbq%2BNcL%2BPKTamX41%2FtVpZ2TGLh7u%2FSmqlkGniXVtRPlV%2FU3Fq44spuy9f2q1Q
2017-09-16 16:02:18,115 - [webpage_parser.py:63] - INFO - procotol:http, hostname:clickc.admaster.com.cn, new_link:/list-233
2017-09-16 16:02:18,118 - [webpage_parser.py:63] - INFO - procotol:http, hostname:www.baidu.com, new_link:/s?wd=%E9%82%A3%E5%B9%B4%E8%8A%B1%E5%BC%80%E6%9C%88%E6%AD%A3%E5%9C%86%E5%89%A7%E6%83%85&rsf=26&rsp=6&f=1&oq=%E9%82%A3%E5%B9%B4%E8%8A%B1%E5%BC%80%E6%9C%88%E6%AD%A3%E5%9C%86&tn=sitehao123_10_pg&ie=utf-8&usm=6&rsv_pq=c82ea69e0000de1d&rsv_t=54e78bUTzW1%2Bsgbq%2BNcL%2BPKTamX41%2FtVpZ2TGLh7u%2FSmqlkGniXVtRPlV%2FU3Fq44spuy9f2q1Q&rqlang=cn&rs_src=0&rsv_pq=c82ea69e0000de1d&rsv_t=54e78bUTzW1%2Bsgbq%2BNcL%2BPKTamX41%2FtVpZ2TGLh7u%2FSmqlkGniXVtRPlV%2FU3Fq44spuy9f2q1Q
2017-09-16 16:02:18,119 - [webpage_parser.py:63] - INFO - procotol:http, hostname:clickc.admaster.com.cn, new_link:/list-235
2017-09-16 16:02:18,120 - [webpage_saver.py:45] - INFO - url http://www.ce.cn/ is not match
2017-09-16 16:02:18,120 - [webpage_parser.py:63] - INFO - procotol:http, hostname:www.baidu.com, new_link:/s?wd=%E9%82%A3%E5%B9%B4%E8%8A%B1%E5%BC%80%E6%9C%88%E6%AD%A3%E5%9C%86%E4%B9%A6%E5%8C%85%E7%BD%91&rsf=26&rsp=7&f=1&oq=%E9%82%A3%E5%B9%B4%E8%8A%B1%E5%BC%80%E6%9C%88%E6%AD%A3%E5%9C%86&tn=sitehao123_10_pg&ie=utf-8&usm=6&rsv_pq=c82ea69e0000de1d&rsv_t=54e78bUTzW1%2Bsgbq%2BNcL%2BPKTamX41%2FtVpZ2TGLh7u%2FSmqlkGniXVtRPlV%2FU3Fq44spuy9f2q1Q&rqlang=cn&rs_src=0&rsv_pq=c82ea69e0000de1d&rsv_t=54e78bUTzW1%2Bsgbq%2BNcL%2BPKTamX41%2FtVpZ2TGLh7u%2FSmqlkGniXVtRPlV%2FU3Fq44spuy9f2q1Q
2017-09-16 16:02:18,121 - [webpage_parser.py:63] - INFO - procotol:http, hostname:clickc.admaster.com.cn, new_link:/list-239
2017-09-16 16:02:18,121 - [webpage_parser.py:63] - INFO - procotol:http, hostname:www.baidu.com, new_link:/s?wd=%E9%82%A3%E5%B9%B4%E8%8A%B1%E5%BC%80%E6%9C%88%E6%AD%A3%E5%9C%86txt%E4%B8%8B%E8%BD%BD&rsf=26&rsp=8&f=1&oq=%E9%82%A3%E5%B9%B4%E8%8A%B1%E5%BC%80%E6%9C%88%E6%AD%A3%E5%9C%86&tn=sitehao123_10_pg&ie=utf-8&usm=6&rsv_pq=c82ea69e0000de1d&rsv_t=54e78bUTzW1%2Bsgbq%2BNcL%2BPKTamX41%2FtVpZ2TGLh7u%2FSmqlkGniXVtRPlV%2FU3Fq44spuy9f2q1Q&rqlang=cn&rs_src=0&rsv_pq=c82ea69e0000de1d&rsv_t=54e78bUTzW1%2Bsgbq%2BNcL%2BPKTamX41%2FtVpZ2TGLh7u%2FSmqlkGniXVtRPlV%2FU3Fq44spuy9f2q1Q
2017-09-16 16:02:18,122 - [webpage_parser.py:63] - INFO - procotol:http, hostname:clickc.admaster.com.cn, new_link:/list-237
2017-09-16 16:02:18,122 - [webpage_parser.py:63] - INFO - procotol:http, hostname:www.baidu.com, new_link:/s?wd=%E9%82%A3%E5%B9%B4%E8%8A%B1%E5%BC%80%E6%9C%88%E6%AD%A3%E5%9C%86&pn=10&oq=%E9%82%A3%E5%B9%B4%E8%8A%B1%E5%BC%80%E6%9C%88%E6%AD%A3%E5%9C%86&tn=sitehao123_10_pg&ie=utf-8&usm=6&rsv_pq=c82ea69e0000de1d&rsv_t=54e78bUTzW1%2Bsgbq%2BNcL%2BPKTamX41%2FtVpZ2TGLh7u%2FSmqlkGniXVtRPlV%2FU3Fq44spuy9f2q1Q
2017-09-16 16:02:18,123 - [webpage_parser.py:63] - INFO - procotol:http, hostname:clickc.admaster.com.cn, new_link:/list-54
2017-09-16 16:02:18,123 - [webpage_parser.py:63] - INFO - procotol:http, hostname:www.baidu.com, new_link:/s?wd=%E9%82%A3%E5%B9%B4%E8%8A%B1%E5%BC%80%E6%9C%88%E6%AD%A3%E5%9C%86&pn=20&oq=%E9%82%A3%E5%B9%B4%E8%8A%B1%E5%BC%80%E6%9C%88%E6%AD%A3%E5%9C%86&tn=sitehao123_10_pg&ie=utf-8&usm=6&rsv_pq=c82ea69e0000de1d&rsv_t=54e78bUTzW1%2Bsgbq%2BNcL%2BPKTamX41%2FtVpZ2TGLh7u%2FSmqlkGniXVtRPlV%2FU3Fq44spuy9f2q1Q
2017-09-16 16:02:18,124 - [webpage_parser.py:63] - INFO - procotol:http, hostname:clickc.admaster.com.cn, new_link:/product/1505.html
2017-09-16 16:02:18,124 - [webpage_parser.py:63] - INFO - procotol:http, hostname:www.baidu.com, new_link:/s?wd=%E9%82%A3%E5%B9%B4%E8%8A%B1%E5%BC%80%E6%9C%88%E6%AD%A3%E5%9C%86&pn=30&oq=%E9%82%A3%E5%B9%B4%E8%8A%B1%E5%BC%80%E6%9C%88%E6%AD%A3%E5%9C%86&tn=sitehao123_10_pg&ie=utf-8&usm=6&rsv_pq=c82ea69e0000de1d&rsv_t=54e78bUTzW1%2Bsgbq%2BNcL%2BPKTamX41%2FtVpZ2TGLh7u%2FSmqlkGniXVtRPlV%2FU3Fq44spuy9f2q1Q
2017-09-16 16:02:18,125 - [webpage_parser.py:63] - INFO - procotol:http, hostname:clickc.admaster.com.cn, new_link:/product/436215300.html
2017-09-16 16:02:18,125 - [webpage_parser.py:63] - INFO - procotol:http, hostname:www.baidu.com, new_link:/s?wd=%E9%82%A3%E5%B9%B4%E8%8A%B1%E5%BC%80%E6%9C%88%E6%AD%A3%E5%9C%86&pn=40&oq=%E9%82%A3%E5%B9%B4%E8%8A%B1%E5%BC%80%E6%9C%88%E6%AD%A3%E5%9C%86&tn=sitehao123_10_pg&ie=utf-8&usm=6&rsv_pq=c82ea69e0000de1d&rsv_t=54e78bUTzW1%2Bsgbq%2BNcL%2BPKTamX41%2FtVpZ2TGLh7u%2FSmqlkGniXVtRPlV%2FU3Fq44spuy9f2q1Q
2017-09-16 16:02:18,125 - [webpage_parser.py:63] - INFO - procotol:http, hostname:clickc.admaster.com.cn, new_link:/product/202716192.html
2017-09-16 16:02:18,126 - [webpage_parser.py:63] - INFO - procotol:http, hostname:www.baidu.com, new_link:/s?wd=%E9%82%A3%E5%B9%B4%E8%8A%B1%E5%BC%80%E6%9C%88%E6%AD%A3%E5%9C%86&pn=50&oq=%E9%82%A3%E5%B9%B4%E8%8A%B1%E5%BC%80%E6%9C%88%E6%AD%A3%E5%9C%86&tn=sitehao123_10_pg&ie=utf-8&usm=6&rsv_pq=c82ea69e0000de1d&rsv_t=54e78bUTzW1%2Bsgbq%2BNcL%2BPKTamX41%2FtVpZ2TGLh7u%2FSmqlkGniXVtRPlV%2FU3Fq44spuy9f2q1Q
2017-09-16 16:02:18,126 - [webpage_parser.py:63] - INFO - procotol:http, hostname:clickc.admaster.com.cn, new_link:/product/501364429.html
2017-09-16 16:02:18,126 - [webpage_parser.py:63] - INFO - procotol:http, hostname:www.baidu.com, new_link:/s?wd=%E9%82%A3%E5%B9%B4%E8%8A%B1%E5%BC%80%E6%9C%88%E6%AD%A3%E5%9C%86&pn=60&oq=%E9%82%A3%E5%B9%B4%E8%8A%B1%E5%BC%80%E6%9C%88%E6%AD%A3%E5%9C%86&tn=sitehao123_10_pg&ie=utf-8&usm=6&rsv_pq=c82ea69e0000de1d&rsv_t=54e78bUTzW1%2Bsgbq%2BNcL%2BPKTamX41%2FtVpZ2TGLh7u%2FSmqlkGniXVtRPlV%2FU3Fq44spuy9f2q1Q
2017-09-16 16:02:18,127 - [webpage_parser.py:63] - INFO - procotol:http, hostname:clickc.admaster.com.cn, new_link:/product/284327041.html
2017-09-16 16:02:18,127 - [webpage_parser.py:63] - INFO - procotol:http, hostname:www.baidu.com, new_link:/s?wd=%E9%82%A3%E5%B9%B4%E8%8A%B1%E5%BC%80%E6%9C%88%E6%AD%A3%E5%9C%86&pn=70&oq=%E9%82%A3%E5%B9%B4%E8%8A%B1%E5%BC%80%E6%9C%88%E6%AD%A3%E5%9C%86&tn=sitehao123_10_pg&ie=utf-8&usm=6&rsv_pq=c82ea69e0000de1d&rsv_t=54e78bUTzW1%2Bsgbq%2BNcL%2BPKTamX41%2FtVpZ2TGLh7u%2FSmqlkGniXVtRPlV%2FU3Fq44spuy9f2q1Q
2017-09-16 16:02:18,127 - [webpage_parser.py:63] - INFO - procotol:http, hostname:clickc.admaster.com.cn, new_link:/product/210876330.html
2017-09-16 16:02:18,128 - [webpage_parser.py:63] - INFO - procotol:http, hostname:www.baidu.com, new_link:/s?wd=%E9%82%A3%E5%B9%B4%E8%8A%B1%E5%BC%80%E6%9C%88%E6%AD%A3%E5%9C%86&pn=80&oq=%E9%82%A3%E5%B9%B4%E8%8A%B1%E5%BC%80%E6%9C%88%E6%AD%A3%E5%9C%86&tn=sitehao123_10_pg&ie=utf-8&usm=6&rsv_pq=c82ea69e0000de1d&rsv_t=54e78bUTzW1%2Bsgbq%2BNcL%2BPKTamX41%2FtVpZ2TGLh7u%2FSmqlkGniXVtRPlV%2FU3Fq44spuy9f2q1Q
2017-09-16 16:02:18,128 - [webpage_parser.py:63] - INFO - procotol:http, hostname:clickc.admaster.com.cn, new_link:/product/615182099.html
2017-09-16 16:02:18,129 - [webpage_parser.py:63] - INFO - procotol:http, hostname:www.baidu.com, new_link:/s?wd=%E9%82%A3%E5%B9%B4%E8%8A%B1%E5%BC%80%E6%9C%88%E6%AD%A3%E5%9C%86&pn=90&oq=%E9%82%A3%E5%B9%B4%E8%8A%B1%E5%BC%80%E6%9C%88%E6%AD%A3%E5%9C%86&tn=sitehao123_10_pg&ie=utf-8&usm=6&rsv_pq=c82ea69e0000de1d&rsv_t=54e78bUTzW1%2Bsgbq%2BNcL%2BPKTamX41%2FtVpZ2TGLh7u%2FSmqlkGniXVtRPlV%2FU3Fq44spuy9f2q1Q
2017-09-16 16:02:18,129 - [webpage_parser.py:63] - INFO - procotol:http, hostname:clickc.admaster.com.cn, new_link:/product/687825279.html
2017-09-16 16:02:18,129 - [webpage_parser.py:63] - INFO - procotol:http, hostname:www.baidu.com, new_link:/s?wd=%E9%82%A3%E5%B9%B4%E8%8A%B1%E5%BC%80%E6%9C%88%E6%AD%A3%E5%9C%86&pn=10&oq=%E9%82%A3%E5%B9%B4%E8%8A%B1%E5%BC%80%E6%9C%88%E6%AD%A3%E5%9C%86&tn=sitehao123_10_pg&ie=utf-8&usm=6&rsv_pq=c82ea69e0000de1d&rsv_t=54e78bUTzW1%2Bsgbq%2BNcL%2BPKTamX41%2FtVpZ2TGLh7u%2FSmqlkGniXVtRPlV%2FU3Fq44spuy9f2q1Q&rsv_page=1
2017-09-16 16:02:18,130 - [webpage_parser.py:63] - INFO - procotol:http, hostname:clickc.admaster.com.cn, new_link:/product/2615.html
2017-09-16 16:02:18,130 - [webpage_parser.py:63] - INFO - procotol:http, hostname:www.baidu.com, new_link:javascript:;
2017-09-16 16:02:18,130 - [webpage_parser.py:63] - INFO - procotol:http, hostname:clickc.admaster.com.cn, new_link:/product/1858.html
2017-09-16 16:02:18,131 - [webpage_parser.py:63] - INFO - procotol:http, hostname:www.baidu.com, new_link:/s?tn=sitehao123_10_pg&usm=6&wd=%E9%82%A3%E5%B9%B4%E8%8A%B1%E5%BC%80%E6%9C%88%E6%AD%A3%E5%9C%86%E6%B2%88%E6%98%9F%E7%A7%BB&ie=utf-8&rsv_rq=2&rsv_cq=%E9%82%A3%E5%B9%B4%E8%8A%B1%E5%BC%80%E6%9C%88%E6%AD%A3%E5%9C%86
2017-09-16 16:02:18,131 - [webpage_parser.py:63] - INFO - procotol:http, hostname:clickc.admaster.com.cn, new_link:/product/898148996.html
2017-09-16 16:02:18,132 - [webpage_parser.py:63] - INFO - procotol:http, hostname:www.baidu.com, new_link:/s?tn=sitehao123_10_pg&usm=6&wd=%E9%82%A3%E5%B9%B4%E8%8A%B1%E5%BC%80%E6%9C%88%E6%AD%A3%E5%9C%86%E5%B0%8F%E8%AF%B4&ie=utf-8&rsv_rq=2&rsv_cq=%E9%82%A3%E5%B9%B4%E8%8A%B1%E5%BC%80%E6%9C%88%E6%AD%A3%E5%9C%86
2017-09-16 16:02:18,132 - [webpage_parser.py:63] - INFO - procotol:http, hostname:clickc.admaster.com.cn, new_link:/product/398295485.html
2017-09-16 16:02:18,132 - [webpage_parser.py:63] - INFO - procotol:http, hostname:www.baidu.com, new_link:/s?tn=sitehao123_10_pg&usm=6&wd=%E5%A6%82%E6%87%BF%E4%BC%A0%E4%BB%80%E4%B9%88%E6%97%B6%E5%80%99%E6%92%AD%E5%87%BA&ie=utf-8&rsv_rq=2&rsv_cq=%E9%82%A3%E5%B9%B4%E8%8A%B1%E5%BC%80%E6%9C%88%E6%AD%A3%E5%9C%86
2017-09-16 16:02:18,133 - [webpage_parser.py:63] - INFO - procotol:http, hostname:clickc.admaster.com.cn, new_link:/product/3161.html
2017-09-16 16:02:18,133 - [webpage_parser.py:63] - INFO - procotol:http, hostname:www.baidu.com, new_link:/s?tn=sitehao123_10_pg&usm=6&wd=%E5%A6%82%E6%87%BF%E4%BC%A0&ie=utf-8&rsv_rq=2&rsv_cq=%E9%82%A3%E5%B9%B4%E8%8A%B1%E5%BC%80%E6%9C%88%E6%AD%A3%E5%9C%86
2017-09-16 16:02:18,134 - [webpage_parser.py:63] - INFO - procotol:http, hostname:clickc.admaster.com.cn, new_link:/product/616112956.html
2017-09-16 16:02:18,134 - [webpage_parser.py:63] - INFO - procotol:http, hostname:www.baidu.com, new_link:/s?tn=sitehao123_10_pg&usm=6&wd=%E5%91%A8%E8%8E%B9&ie=utf-8&rsv_rq=2&rsv_cq=%E9%82%A3%E5%B9%B4%E8%8A%B1%E5%BC%80%E6%9C%88%E6%AD%A3%E5%9C%86
2017-09-16 16:02:18,134 - [webpage_parser.py:63] - INFO - procotol:http, hostname:clickc.admaster.com.cn, new_link:/product/68025481.html
2017-09-16 16:02:18,135 - [webpage_parser.py:63] - INFO - procotol:http, hostname:www.baidu.com, new_link:/s?tn=sitehao123_10_pg&usm=6&wd=%E6%A5%9A%E4%B9%94%E4%BC%A0&ie=utf-8&rsv_rq=2&rsv_cq=%E9%82%A3%E5%B9%B4%E8%8A%B1%E5%BC%80%E6%9C%88%E6%AD%A3%E5%9C%86
2017-09-16 16:02:18,135 - [webpage_parser.py:63] - INFO - procotol:http, hostname:clickc.admaster.com.cn, new_link:/product/660927237.html
2017-09-16 16:02:18,138 - [webpage_parser.py:63] - INFO - procotol:http, hostname:clickc.admaster.com.cn, new_link:/product/1840.html
2017-09-16 16:02:18,139 - [webpage_parser.py:63] - INFO - procotol:http, hostname:clickc.admaster.com.cn, new_link:javascript:;
2017-09-16 16:02:18,140 - [webpage_parser.py:63] - INFO - procotol:http, hostname:clickc.admaster.com.cn, new_link:javascript:;
2017-09-16 16:02:18,142 - [webpage_parser.py:63] - INFO - procotol:http, hostname:clickc.admaster.com.cn, new_link:javascript:;
2017-09-16 16:02:18,146 - [webpage_parser.py:63] - INFO - procotol:http, hostname:clickc.admaster.com.cn, new_link:javascript:;
2017-09-16 16:02:18,149 - [webpage_saver.py:45] - INFO - url http://www.baidu.com/s?word=%E9%82%A3%E5%B9%B4%E8%8A%B1%E5%BC%80%E6%9C%88%E6%AD%A3%E5%9C%86&tn=sitehao123_10_pg&ie=utf-8 is not match
2017-09-16 16:02:18,149 - [webpage_parser.py:63] - INFO - procotol:http, hostname:clickc.admaster.com.cn, new_link:javascript:;
2017-09-16 16:02:18,150 - [webpage_parser.py:63] - INFO - procotol:http, hostname:clickc.admaster.com.cn, new_link:javascript:;
2017-09-16 16:02:18,150 - [webpage_parser.py:63] - INFO - procotol:http, hostname:clickc.admaster.com.cn, new_link:javascript:;
2017-09-16 16:02:18,151 - [webpage_parser.py:63] - INFO - procotol:http, hostname:clickc.admaster.com.cn, new_link:javascript:;
2017-09-16 16:02:18,151 - [webpage_parser.py:63] - INFO - procotol:http, hostname:clickc.admaster.com.cn, new_link:javascript:;
2017-09-16 16:02:18,152 - [webpage_parser.py:63] - INFO - procotol:http, hostname:clickc.admaster.com.cn, new_link:javascript:;
2017-09-16 16:02:18,154 - [connectionpool.py:207] - DEBUG - Starting new HTTP connection (1): www.baidu.com
2017-09-16 16:02:18,155 - [webpage_parser.py:63] - INFO - procotol:http, hostname:clickc.admaster.com.cn, new_link:javascript:;
2017-09-16 16:02:18,156 - [webpage_parser.py:63] - INFO - procotol:http, hostname:clickc.admaster.com.cn, new_link:javascript:;
2017-09-16 16:02:18,156 - [webpage_parser.py:63] - INFO - procotol:http, hostname:clickc.admaster.com.cn, new_link:javascript:;
2017-09-16 16:02:18,159 - [connectionpool.py:207] - DEBUG - Starting new HTTP connection (1): dl.hao123.com
2017-09-16 16:02:18,160 - [webpage_parser.py:63] - INFO - procotol:http, hostname:clickc.admaster.com.cn, new_link:javascript:;
2017-09-16 16:02:18,173 - [connectionpool.py:818] - DEBUG - Starting new HTTPS connection (1): www.baidu.com
2017-09-16 16:02:18,181 - [webpage_saver.py:45] - INFO - url http://clickc.admaster.com.cn/c/a93044,b1932074,c1165,i0,m101,8a1,8b2,h is not match
2017-09-16 16:02:18,186 - [connectionpool.py:395] - DEBUG - http://dl.hao123.com:80 "GET /waphao123/n_apk/hao1231019956s.apk HTTP/1.1" 200 None
2017-09-16 16:02:18,197 - [connectionpool.py:395] - DEBUG - http://www.baidu.com:80 "GET /s?word=%E4%B8%89%E4%BA%9A%E8%88%AA%E7%8F%AD%E5%8F%96%E6%B6%88&tn=50000028_hao_pg&ie=utf-8' HTTP/1.1" 200 None
2017-09-16 16:02:18,207 - [connectionpool.py:395] - DEBUG - http://www.beian.gov.cn:80 "GET /portal/registerSystemInfo?recordcode=11000002000001 HTTP/1.1" 200 8560
2017-09-16 16:02:18,248 - [webpage_parser.py:63] - INFO - procotol:http, hostname:www.beian.gov.cn, new_link:/portal/index
2017-09-16 16:02:18,250 - [webpage_parser.py:63] - INFO - procotol:http, hostname:www.beian.gov.cn, new_link:/portal/recordQuery
2017-09-16 16:02:18,250 - [webpage_parser.py:63] - INFO - procotol:http, hostname:www.beian.gov.cn, new_link:/portal/recordInform
2017-09-16 16:02:18,251 - [webpage_parser.py:63] - INFO - procotol:http, hostname:www.beian.gov.cn, new_link:/portal/recordIssue
2017-09-16 16:02:18,252 - [webpage_parser.py:63] - INFO - procotol:http, hostname:www.beian.gov.cn, new_link:/portal/recordNotice
2017-09-16 16:02:18,254 - [webpage_parser.py:63] - INFO - procotol:http, hostname:www.beian.gov.cn, new_link:/portal/recordPolicies
2017-09-16 16:02:18,256 - [webpage_parser.py:63] - INFO - procotol:http, hostname:www.beian.gov.cn, new_link:/portal/recordShow
2017-09-16 16:02:18,257 - [webpage_parser.py:63] - INFO - procotol:http, hostname:www.beian.gov.cn, new_link:mailto:support@beian.gov.cn
2017-09-16 16:02:18,259 - [webpage_saver.py:45] - INFO - url http://www.beian.gov.cn/portal/registerSystemInfo?recordcode=11000002000001 is not match
2017-09-16 16:02:18,271 - [connectionpool.py:395] - DEBUG - https://s.click.taobao.com:443 "GET /Z6beuAx HTTP/1.1" 302 0
2017-09-16 16:02:18,306 - [connectionpool.py:395] - DEBUG - https://www.baidu.com:443 "GET /s?word=%E4%BF%A1%E5%8F%B7%E6%94%BE%E5%A4%A7%E5%99%A8&tn=50000019_hao_pg&ie=utf-8 HTTP/1.1" 200 227
2017-09-16 16:02:18,315 - [webpage_saver.py:45] - INFO - url https://www.baidu.com/s?word=%E4%BF%A1%E5%8F%B7%E6%94%BE%E5%A4%A7%E5%99%A8&tn=50000019_hao_pg&ie=utf-8 is not match
2017-09-16 16:02:18,348 - [sjisprober.py:61] - DEBUG - SHIFT_JIS Japanese prober hit error at byte 16
2017-09-16 16:02:18,349 - [connectionpool.py:395] - DEBUG - https://s.click.taobao.com:443 "GET /t?e=m%3D2%26s%3DuyHr%2FoXUm7QcQipKwQzePCperVdZeJvipRe%2F8jaAHci5VBFTL4hn2UEvbTRte%2FZvz%2BnB8CFd%2BwJzjTpHnJi8xolYJcHXrm7objots4FOYS3cp%2FSCsCq1RkAUQdVyQjtvdXLFE7SC8Xix379%2FgWHD1l5j7LRuVuGxxiXvDf8DaRs%3D&sc=Z6beuAx HTTP/1.1" 302 None
2017-09-16 16:02:18,358 - [eucjpprober.py:62] - DEBUG - EUC-JP Japanese prober hit error at byte 11
2017-09-16 16:02:18,369 - [mbcharsetprober.py:66] - DEBUG - GB2312 Chinese prober hit error at byte 18
2017-09-16 16:02:18,377 - [mbcharsetprober.py:66] - DEBUG - EUC-KR Korean prober hit error at byte 11
2017-09-16 16:02:18,386 - [mbcharsetprober.py:66] - DEBUG - CP949 Korean prober hit error at byte 16
2017-09-16 16:02:18,395 - [mbcharsetprober.py:66] - DEBUG - Big5 Chinese prober hit error at byte 11
2017-09-16 16:02:18,403 - [mbcharsetprober.py:66] - DEBUG - EUC-TW Taiwan prober hit error at byte 11
2017-09-16 16:02:18,458 - [connectionpool.py:395] - DEBUG - https://s.click.taobao.com:443 "GET /t_js?tu=https%3A%2F%2Fs.click.taobao.com%2Ft%3Fe%3Dm%253D2%2526s%253DuyHr%252FoXUm7QcQipKwQzePCperVdZeJvipRe%252F8jaAHci5VBFTL4hn2UEvbTRte%252FZvz%252BnB8CFd%252BwJzjTpHnJi8xolYJcHXrm7objots4FOYS3cp%252FSCsCq1RkAUQdVyQjtvdXLFE7SC8Xix379%252FgWHD1l5j7LRuVuGxxiXvDf8DaRs%253D%26sc%3DZ6beuAx%26ref%3D%26et%3DUxZ9bBrDO9tplLsB6zWLvumqA%252BR0RX35 HTTP/1.1" 200 None
2017-09-16 16:02:18,471 - [webpage_saver.py:45] - INFO - url https://s.click.taobao.com/Z6beuAx is not match
2017-09-16 16:02:18,831 - [webpage_parser.py:63] - INFO - procotol:http, hostname:www.baidu.com, new_link:/
2017-09-16 16:02:18,832 - [webpage_parser.py:63] - INFO - procotol:http, hostname:www.baidu.com, new_link:javascript:;
2017-09-16 16:02:18,833 - [webpage_parser.py:63] - INFO - procotol:http, hostname:www.baidu.com, new_link:javascript:;
2017-09-16 16:02:18,833 - [webpage_parser.py:63] - INFO - procotol:http, hostname:www.baidu.com, new_link:javascript:;
2017-09-16 16:02:18,833 - [webpage_parser.py:63] - INFO - procotol:http, hostname:www.baidu.com, new_link:/
2017-09-16 16:02:18,834 - [webpage_parser.py:63] - INFO - procotol:http, hostname:www.baidu.com, new_link:javascript:;
2017-09-16 16:02:18,835 - [webpage_parser.py:63] - INFO - procotol:http, hostname:www.baidu.com, new_link:/s?tn=50000028_hao_pg&usm=3&wd=%E5%8D%97%E6%96%B9%E8%88%AA%E7%A9%BA&ie=utf-8&rsv_cq=%E4%B8%89%E4%BA%9A%E8%88%AA%E7%8F%AD%E5%8F%96%E6%B6%88&rsv_dl=0_right_recommends_merge_21102&euri=d796977761d94a1896cd67b5e8747266
2017-09-16 16:02:18,835 - [webpage_parser.py:63] - INFO - procotol:http, hostname:www.baidu.com, new_link:/s?tn=50000028_hao_pg&usm=3&wd=%E5%8D%97%E6%96%B9%E8%88%AA%E7%A9%BA&ie=utf-8&rsv_cq=%E4%B8%89%E4%BA%9A%E8%88%AA%E7%8F%AD%E5%8F%96%E6%B6%88&rsv_dl=0_right_recommends_merge_21102&euri=d796977761d94a1896cd67b5e8747266
2017-09-16 16:02:18,836 - [webpage_parser.py:63] - INFO - procotol:http, hostname:www.baidu.com, new_link:/s?tn=50000028_hao_pg&usm=3&wd=%E5%8D%97%E6%96%B9%E8%88%AA%E7%A9%BA&ie=utf-8&rsv_cq=%E4%B8%89%E4%BA%9A%E8%88%AA%E7%8F%AD%E5%8F%96%E6%B6%88&rsv_dl=0_right_recommends_merge_21102&euri=d796977761d94a1896cd67b5e8747266
2017-09-16 16:02:18,836 - [webpage_parser.py:63] - INFO - procotol:http, hostname:www.baidu.com, new_link:/s?tn=50000028_hao_pg&usm=3&wd=%E6%B5%B7%E5%8D%97%E8%88%AA%E7%A9%BA&ie=utf-8&rsv_cq=%E4%B8%89%E4%BA%9A%E8%88%AA%E7%8F%AD%E5%8F%96%E6%B6%88&rsv_dl=0_right_recommends_merge_21102&euri=36e0613ae6874138acce8bab6441026f
2017-09-16 16:02:18,836 - [webpage_parser.py:63] - INFO - procotol:http, hostname:www.baidu.com, new_link:/s?tn=50000028_hao_pg&usm=3&wd=%E6%B5%B7%E5%8D%97%E8%88%AA%E7%A9%BA&ie=utf-8&rsv_cq=%E4%B8%89%E4%BA%9A%E8%88%AA%E7%8F%AD%E5%8F%96%E6%B6%88&rsv_dl=0_right_recommends_merge_21102&euri=36e0613ae6874138acce8bab6441026f
2017-09-16 16:02:18,837 - [webpage_parser.py:63] - INFO - procotol:http, hostname:www.baidu.com, new_link:/s?tn=50000028_hao_pg&usm=3&wd=%E6%B5%B7%E5%8D%97%E8%88%AA%E7%A9%BA&ie=utf-8&rsv_cq=%E4%B8%89%E4%BA%9A%E8%88%AA%E7%8F%AD%E5%8F%96%E6%B6%88&rsv_dl=0_right_recommends_merge_21102&euri=36e0613ae6874138acce8bab6441026f
2017-09-16 16:02:18,837 - [webpage_parser.py:63] - INFO - procotol:http, hostname:www.baidu.com, new_link:/s?tn=50000028_hao_pg&usm=3&wd=%E5%9B%9B%E5%B7%9D%E8%88%AA%E7%A9%BA&ie=utf-8&rsv_cq=%E4%B8%89%E4%BA%9A%E8%88%AA%E7%8F%AD%E5%8F%96%E6%B6%88&rsv_dl=0_right_recommends_merge_21102&euri=f78cd0eb176b4586b9aca6cb5fde491d
2017-09-16 16:02:18,837 - [webpage_parser.py:63] - INFO - procotol:http, hostname:www.baidu.com, new_link:/s?tn=50000028_hao_pg&usm=3&wd=%E5%9B%9B%E5%B7%9D%E8%88%AA%E7%A9%BA&ie=utf-8&rsv_cq=%E4%B8%89%E4%BA%9A%E8%88%AA%E7%8F%AD%E5%8F%96%E6%B6%88&rsv_dl=0_right_recommends_merge_21102&euri=f78cd0eb176b4586b9aca6cb5fde491d
2017-09-16 16:02:18,838 - [webpage_parser.py:63] - INFO - procotol:http, hostname:www.baidu.com, new_link:/s?tn=50000028_hao_pg&usm=3&wd=%E5%9B%9B%E5%B7%9D%E8%88%AA%E7%A9%BA&ie=utf-8&rsv_cq=%E4%B8%89%E4%BA%9A%E8%88%AA%E7%8F%AD%E5%8F%96%E6%B6%88&rsv_dl=0_right_recommends_merge_21102&euri=f78cd0eb176b4586b9aca6cb5fde491d
2017-09-16 16:02:18,838 - [webpage_parser.py:63] - INFO - procotol:http, hostname:www.baidu.com, new_link:/s?tn=50000028_hao_pg&usm=3&wd=%E5%BC%A0%E4%B8%80%E5%B1%B1%E6%8B%8D%E6%88%8F%E9%81%AD%E8%87%AD%E9%AA%82&ie=utf-8&rsv_cq=%E4%B8%89%E4%BA%9A%E8%88%AA%E7%8F%AD%E5%8F%96%E6%B6%88&rsv_dl=0_right_toplist_20811
2017-09-16 16:02:18,838 - [webpage_parser.py:63] - INFO - procotol:http, hostname:www.baidu.com, new_link:/s?tn=50000028_hao_pg&usm=3&wd=%E6%9D%8E%E6%99%A8%E6%B1%82%E5%A9%9A%E8%8C%83%E5%86%B0%E5%86%B0&ie=utf-8&rsv_cq=%E4%B8%89%E4%BA%9A%E8%88%AA%E7%8F%AD%E5%8F%96%E6%B6%88&rsv_dl=0_right_toplist_20811
2017-09-16 16:02:18,839 - [webpage_parser.py:63] - INFO - procotol:http, hostname:www.baidu.com, new_link:/s?tn=50000028_hao_pg&usm=3&wd=%E5%91%A8%E6%98%9F%E9%A9%B0%E6%97%A7%E7%85%A7%E6%9B%9D%E5%85%89&ie=utf-8&rsv_cq=%E4%B8%89%E4%BA%9A%E8%88%AA%E7%8F%AD%E5%8F%96%E6%B6%88&rsv_dl=0_right_toplist_20811
2017-09-16 16:02:18,839 - [webpage_parser.py:63] - INFO - procotol:http, hostname:www.baidu.com, new_link:/s?tn=50000028_hao_pg&usm=3&wd=B%E7%AB%99%E8%AF%B7%E9%81%93%E5%A3%AB%E4%BD%9C%E6%B3%95&ie=utf-8&rsv_cq=%E4%B8%89%E4%BA%9A%E8%88%AA%E7%8F%AD%E5%8F%96%E6%B6%88&rsv_dl=0_right_toplist_20811
2017-09-16 16:02:18,839 - [webpage_parser.py:63] - INFO - procotol:http, hostname:www.baidu.com, new_link:/s?tn=50000028_hao_pg&usm=3&wd=%E6%9E%97%E5%BF%83%E5%A6%82%E5%BE%8B%E5%B8%88%E5%8F%91%E5%A3%B0%E6%98%8E&ie=utf-8&rsv_cq=%E4%B8%89%E4%BA%9A%E8%88%AA%E7%8F%AD%E5%8F%96%E6%B6%88&rsv_dl=0_right_toplist_20811
2017-09-16 16:02:18,840 - [webpage_parser.py:63] - INFO - procotol:http, hostname:www.baidu.com, new_link:/s?tn=50000028_hao_pg&usm=3&wd=%E5%BE%AE%E4%BF%A1%E9%9A%90%E7%A7%81%E4%BF%9D%E6%8A%A4%E6%8C%87%E5%BC%95&ie=utf-8&rsv_cq=%E4%B8%89%E4%BA%9A%E8%88%AA%E7%8F%AD%E5%8F%96%E6%B6%88&rsv_dl=0_right_toplist_20811
2017-09-16 16:02:18,840 - [webpage_parser.py:63] - INFO - procotol:http, hostname:www.baidu.com, new_link:/s?tn=50000028_hao_pg&usm=3&wd=%E9%99%88%E7%BE%BD%E5%87%A1%E5%A4%8D%E5%87%BA&ie=utf-8&rsv_cq=%E4%B8%89%E4%BA%9A%E8%88%AA%E7%8F%AD%E5%8F%96%E6%B6%88&rsv_dl=0_right_toplist_20811
2017-09-16 16:02:18,841 - [webpage_parser.py:63] - INFO - procotol:http, hostname:www.baidu.com, new_link:/s?tn=50000028_hao_pg&usm=3&wd=%E7%8E%8B%E5%AE%9D%E5%BC%BA%E6%9D%91%E6%B0%91%E8%B0%88%E5%AE%8B%E5%96%86&ie=utf-8&rsv_cq=%E4%B8%89%E4%BA%9A%E8%88%AA%E7%8F%AD%E5%8F%96%E6%B6%88&rsv_dl=0_right_toplist_20811
2017-09-16 16:02:18,841 - [webpage_parser.py:63] - INFO - procotol:http, hostname:www.baidu.com, new_link:/s?tn=50000028_hao_pg&usm=3&wd=%E4%BC%A6%E6%95%A6%E5%9C%B0%E9%93%81%E5%8F%91%E7%94%9F%E7%88%86%E7%82%B8&ie=utf-8&rsv_cq=%E4%B8%89%E4%BA%9A%E8%88%AA%E7%8F%AD%E5%8F%96%E6%B6%88&rsv_dl=0_right_toplist_20811
2017-09-16 16:02:18,842 - [webpage_parser.py:63] - INFO - procotol:http, hostname:www.baidu.com, new_link:/s?tn=50000028_hao_pg&usm=3&wd=%E8%B5%9B%E7%90%B3%E5%A8%9C%E6%89%8B%E6%9C%AF&ie=utf-8&rsv_cq=%E4%B8%89%E4%BA%9A%E8%88%AA%E7%8F%AD%E5%8F%96%E6%B6%88&rsv_dl=0_right_toplist_20811
2017-09-16 16:02:18,843 - [webpage_parser.py:63] - INFO - procotol:http, hostname:www.baidu.com, new_link:/s?tn=50000028_hao_pg&usm=3&wd=%E5%9B%BD%E5%AE%B6%E8%81%8C%E4%B8%9A%E8%B5%84%E6%A0%BC%E7%9B%AE%E5%BD%95&ie=utf-8&rsv_cq=%E4%B8%89%E4%BA%9A%E8%88%AA%E7%8F%AD%E5%8F%96%E6%B6%88&rsv_dl=0_right_toplist_20811
2017-09-16 16:02:18,844 - [webpage_parser.py:63] - INFO - procotol:http, hostname:www.baidu.com, new_link:/s?tn=50000028_hao_pg&usm=3&wd=%E6%9E%97%E5%BF%97%E7%8E%B2%E5%8D%8A%E8%B9%B2%E9%A2%81%E5%A5%96&ie=utf-8&rsv_cq=%E4%B8%89%E4%BA%9A%E8%88%AA%E7%8F%AD%E5%8F%96%E6%B6%88&rsv_dl=0_right_toplist_20811
2017-09-16 16:02:18,845 - [webpage_parser.py:63] - INFO - procotol:http, hostname:www.baidu.com, new_link:/s?tn=50000028_hao_pg&usm=3&wd=%E6%9D%8E%E9%9B%A8%E6%A1%90%E5%86%8D%E7%88%86%E6%96%99&ie=utf-8&rsv_cq=%E4%B8%89%E4%BA%9A%E8%88%AA%E7%8F%AD%E5%8F%96%E6%B6%88&rsv_dl=0_right_toplist_20811
2017-09-16 16:02:18,845 - [webpage_parser.py:63] - INFO - procotol:http, hostname:www.baidu.com, new_link:/s?tn=50000028_hao_pg&usm=3&wd=%E8%8C%83%E5%86%B0%E5%86%B0%E6%9D%8E%E6%99%A8%E6%92%B8%E4%B8%B2&ie=utf-8&rsv_cq=%E4%B8%89%E4%BA%9A%E8%88%AA%E7%8F%AD%E5%8F%96%E6%B6%88&rsv_dl=0_right_toplist_20811
2017-09-16 16:02:18,847 - [webpage_parser.py:63] - INFO - procotol:http, hostname:www.baidu.com, new_link:/s?tn=50000028_hao_pg&usm=3&wd=%E6%97%A5%E4%BC%81%E5%91%A8%E4%BC%91%E4%B8%89%E6%97%A5&ie=utf-8&rsv_cq=%E4%B8%89%E4%BA%9A%E8%88%AA%E7%8F%AD%E5%8F%96%E6%B6%88&rsv_dl=0_right_toplist_20811
2017-09-16 16:02:18,851 - [webpage_parser.py:63] - INFO - procotol:http, hostname:www.baidu.com, new_link:/s?tn=50000028_hao_pg&usm=3&wd=%E5%B0%8F%E5%AD%A6%E7%94%9F%E8%8E%B7%E5%9B%BD%E5%AE%B6%E4%B8%93%E5%88%A9&ie=utf-8&rsv_cq=%E4%B8%89%E4%BA%9A%E8%88%AA%E7%8F%AD%E5%8F%96%E6%B6%88&rsv_dl=0_right_toplist_20811
2017-09-16 16:02:18,856 - [webpage_parser.py:63] - INFO - procotol:http, hostname:www.baidu.com, new_link:/s?tn=50000028_hao_pg&usm=3&wd=%E6%B2%89%E8%BF%B7%E6%B8%B8%E6%88%8F%E7%BD%91%E5%90%A7%E5%90%83%E4%BD%8F&ie=utf-8&rsv_cq=%E4%B8%89%E4%BA%9A%E8%88%AA%E7%8F%AD%E5%8F%96%E6%B6%88&rsv_dl=0_right_toplist_20811
2017-09-16 16:02:18,856 - [webpage_parser.py:63] - INFO - procotol:http, hostname:www.baidu.com, new_link:/s?tn=50000028_hao_pg&usm=3&wd=8%E5%A4%A9%E9%95%BF%E5%81%876%E5%9C%BA%E5%A9%9A%E7%A4%BC&ie=utf-8&rsv_cq=%E4%B8%89%E4%BA%9A%E8%88%AA%E7%8F%AD%E5%8F%96%E6%B6%88&rsv_dl=0_right_toplist_20811
2017-09-16 16:02:18,857 - [webpage_parser.py:63] - INFO - procotol:http, hostname:www.baidu.com, new_link:/s?tn=50000028_hao_pg&usm=3&wd=%E9%A9%AC%E4%BC%8A%E7%90%8D%E6%96%B0%E6%88%8F%E6%8E%A5%E9%95%BF%E5%8F%91&ie=utf-8&rsv_cq=%E4%B8%89%E4%BA%9A%E8%88%AA%E7%8F%AD%E5%8F%96%E6%B6%88&rsv_dl=0_right_toplist_20811
2017-09-16 16:02:18,859 - [webpage_parser.py:63] - INFO - procotol:http, hostname:www.baidu.com, new_link:/s?tn=50000028_hao_pg&usm=3&wd=%E9%AA%91%E5%8D%95%E8%BD%A6%E8%BA%AB%E4%BA%A1%E6%A1%88%E5%BC%80%E5%BA%AD&ie=utf-8&rsv_cq=%E4%B8%89%E4%BA%9A%E8%88%AA%E7%8F%AD%E5%8F%96%E6%B6%88&rsv_dl=0_right_toplist_20811
2017-09-16 16:02:18,860 - [webpage_parser.py:63] - INFO - procotol:http, hostname:www.baidu.com, new_link:/s?tn=50000028_hao_pg&usm=3&wd=ios11%E6%AD%A3%E5%BC%8F%E7%89%88&ie=utf-8&rsv_cq=%E4%B8%89%E4%BA%9A%E8%88%AA%E7%8F%AD%E5%8F%96%E6%B6%88&rsv_dl=0_right_toplist_20811
2017-09-16 16:02:18,861 - [webpage_parser.py:63] - INFO - procotol:http, hostname:www.baidu.com, new_link:/s?tn=50000028_hao_pg&usm=3&wd=%E6%9E%97%E6%9B%B4%E6%96%B0%E5%9B%9E%E5%BA%94%E8%A2%AB%E9%AA%82&ie=utf-8&rsv_cq=%E4%B8%89%E4%BA%9A%E8%88%AA%E7%8F%AD%E5%8F%96%E6%B6%88&rsv_dl=0_right_toplist_20811
2017-09-16 16:02:18,861 - [webpage_parser.py:63] - INFO - procotol:http, hostname:www.baidu.com, new_link:/s?tn=50000028_hao_pg&usm=3&wd=%E8%97%8F%E7%8D%92%E7%BB%8F%E6%B5%8E%E5%B4%A9%E7%9B%98&ie=utf-8&rsv_cq=%E4%B8%89%E4%BA%9A%E8%88%AA%E7%8F%AD%E5%8F%96%E6%B6%88&rsv_dl=0_right_toplist_20811
2017-09-16 16:02:18,862 - [webpage_parser.py:63] - INFO - procotol:http, hostname:www.baidu.com, new_link:/s?tn=50000028_hao_pg&usm=3&wd=%E6%96%B0%E5%8A%A0%E5%9D%A1%E9%A6%96%E4%BD%8D%E5%A5%B3%E6%80%BB%E7%BB%9F&ie=utf-8&rsv_cq=%E4%B8%89%E4%BA%9A%E8%88%AA%E7%8F%AD%E5%8F%96%E6%B6%88&rsv_dl=0_right_toplist_20811
2017-09-16 16:02:18,864 - [webpage_parser.py:63] - INFO - procotol:http, hostname:www.baidu.com, new_link:/s?tn=50000028_hao_pg&usm=3&wd=%E9%95%BF%E6%B1%9F%E5%8F%A3%E5%9E%83%E5%9C%BE%E5%80%BE%E5%80%92%E6%A1%88&ie=utf-8&rsv_cq=%E4%B8%89%E4%BA%9A%E8%88%AA%E7%8F%AD%E5%8F%96%E6%B6%88&rsv_dl=0_right_toplist_20811
2017-09-16 16:02:18,864 - [webpage_parser.py:63] - INFO - procotol:http, hostname:www.baidu.com, new_link:/s?tn=50000028_hao_pg&usm=3&wd=%E5%8D%81%E5%B2%81%E5%A5%B3%E7%AB%A5%E8%80%83%E4%B8%8A%E5%A4%A7%E4%B8%93&ie=utf-8&rsv_cq=%E4%B8%89%E4%BA%9A%E8%88%AA%E7%8F%AD%E5%8F%96%E6%B6%88&rsv_dl=0_right_toplist_20811
2017-09-16 16:02:18,865 - [webpage_parser.py:63] - INFO - procotol:http, hostname:www.baidu.com, new_link:/s?tn=50000028_hao_pg&usm=3&wd=%E5%8F%8C%E5%8F%B0%E9%A3%8E%E7%BB%93%E5%AF%B9%E6%9D%A5%E8%A2%AD&ie=utf-8&rsv_cq=%E4%B8%89%E4%BA%9A%E8%88%AA%E7%8F%AD%E5%8F%96%E6%B6%88&rsv_dl=0_right_toplist_20811
2017-09-16 16:02:18,865 - [webpage_parser.py:63] - INFO - procotol:http, hostname:www.baidu.com, new_link:/s?tn=50000028_hao_pg&usm=3&wd=%E4%BA%AC%E4%B8%9C%E8%BF%9B%E5%86%9B%E6%88%BF%E5%9C%B0%E4%BA%A7&ie=utf-8&rsv_cq=%E4%B8%89%E4%BA%9A%E8%88%AA%E7%8F%AD%E5%8F%96%E6%B6%88&rsv_dl=0_right_toplist_20811
2017-09-16 16:02:18,865 - [webpage_parser.py:63] - INFO - procotol:http, hostname:www.baidu.com, new_link:/s?tn=50000028_hao_pg&usm=3&wd=%E6%AF%94%E7%89%B9%E5%B8%81%E4%B8%AD%E5%9B%BD%E5%B0%86%E5%85%B3%E5%81%9C&ie=utf-8&rsv_cq=%E4%B8%89%E4%BA%9A%E8%88%AA%E7%8F%AD%E5%8F%96%E6%B6%88&rsv_dl=0_right_toplist_20811
2017-09-16 16:02:18,866 - [webpage_parser.py:63] - INFO - procotol:http, hostname:www.baidu.com, new_link:/s?tn=50000028_hao_pg&usm=3&wd=%E4%BC%A0%E5%A5%87%E5%A4%A7%E7%86%8A%E7%8C%AB%E5%8E%BB%E4%B8%96&ie=utf-8&rsv_cq=%E4%B8%89%E4%BA%9A%E8%88%AA%E7%8F%AD%E5%8F%96%E6%B6%88&rsv_dl=0_right_toplist_20811
2017-09-16 16:02:18,868 - [webpage_parser.py:63] - INFO - procotol:http, hostname:www.baidu.com, new_link:/s?wd=%E6%9C%80%E6%96%B0%E4%B8%89%E4%BA%9A%E8%88%AA%E7%8F%AD%E5%8F%96%E6%B6%88&rsf=1&rsp=0&f=1&oq=%E4%B8%89%E4%BA%9A%E8%88%AA%E7%8F%AD%E5%8F%96%E6%B6%88&tn=50000028_hao_pg&ie=utf-8&usm=3&rsv_pq=ed6e17c20000e78b&rsv_t=510cSx%2FiMNCn8TfiTRWPu6FkbO4oUGe4B4gW8mSfLjND8E%2BC5qVN%2BOhl5evvFCj5FgE82xT4&rqlang=cn&rs_src=0&rsv_pq=ed6e17c20000e78b&rsv_t=510cSx%2FiMNCn8TfiTRWPu6FkbO4oUGe4B4gW8mSfLjND8E%2BC5qVN%2BOhl5evvFCj5FgE82xT4
2017-09-16 16:02:18,869 - [webpage_parser.py:63] - INFO - procotol:http, hostname:www.baidu.com, new_link:/s?wd=%E4%B8%89%E4%BA%9A%E5%8F%B0%E9%A3%8E%E8%88%AA%E7%8F%AD%E5%8F%96%E6%B6%88&rsf=1&rsp=1&f=1&oq=%E4%B8%89%E4%BA%9A%E8%88%AA%E7%8F%AD%E5%8F%96%E6%B6%88&tn=50000028_hao_pg&ie=utf-8&usm=3&rsv_pq=ed6e17c20000e78b&rsv_t=510cSx%2FiMNCn8TfiTRWPu6FkbO4oUGe4B4gW8mSfLjND8E%2BC5qVN%2BOhl5evvFCj5FgE82xT4&rqlang=cn&rs_src=0&rsv_pq=ed6e17c20000e78b&rsv_t=510cSx%2FiMNCn8TfiTRWPu6FkbO4oUGe4B4gW8mSfLjND8E%2BC5qVN%2BOhl5evvFCj5FgE82xT4
2017-09-16 16:02:18,872 - [webpage_parser.py:63] - INFO - procotol:http, hostname:www.baidu.com, new_link:/s?wd=%E4%B8%89%E4%BA%9A%E8%88%AA%E7%8F%AD%E5%8F%96%E6%B6%88%E4%BA%86%E5%90%97&rsf=2&rsp=2&f=1&oq=%E4%B8%89%E4%BA%9A%E8%88%AA%E7%8F%AD%E5%8F%96%E6%B6%88&tn=50000028_hao_pg&ie=utf-8&usm=3&rsv_pq=ed6e17c20000e78b&rsv_t=510cSx%2FiMNCn8TfiTRWPu6FkbO4oUGe4B4gW8mSfLjND8E%2BC5qVN%2BOhl5evvFCj5FgE82xT4&rqlang=cn&rs_src=0&rsv_pq=ed6e17c20000e78b&rsv_t=510cSx%2FiMNCn8TfiTRWPu6FkbO4oUGe4B4gW8mSfLjND8E%2BC5qVN%2BOhl5evvFCj5FgE82xT4
2017-09-16 16:02:18,883 - [webpage_parser.py:63] - INFO - procotol:http, hostname:www.baidu.com, new_link:/s?wd=%E8%88%AA%E7%8F%AD%E4%BB%80%E4%B9%88%E6%83%85%E5%86%B5%E4%B8%8B%E4%BC%9A%E5%8F%96%E6%B6%88&rsf=1&rsp=3&f=1&oq=%E4%B8%89%E4%BA%9A%E8%88%AA%E7%8F%AD%E5%8F%96%E6%B6%88&tn=50000028_hao_pg&ie=utf-8&usm=3&rsv_pq=ed6e17c20000e78b&rsv_t=510cSx%2FiMNCn8TfiTRWPu6FkbO4oUGe4B4gW8mSfLjND8E%2BC5qVN%2BOhl5evvFCj5FgE82xT4&rqlang=cn&rs_src=0&rsv_pq=ed6e17c20000e78b&rsv_t=510cSx%2FiMNCn8TfiTRWPu6FkbO4oUGe4B4gW8mSfLjND8E%2BC5qVN%2BOhl5evvFCj5FgE82xT4
2017-09-16 16:02:18,884 - [webpage_parser.py:63] - INFO - procotol:http, hostname:www.baidu.com, new_link:/s?wd=%E4%BB%8A%E5%A4%A9%E4%B8%89%E4%BA%9A%E8%88%AA%E7%8F%AD%E5%8F%96%E6%B6%88%E5%90%97%3F&rsf=1&rsp=4&f=1&oq=%E4%B8%89%E4%BA%9A%E8%88%AA%E7%8F%AD%E5%8F%96%E6%B6%88&tn=50000028_hao_pg&ie=utf-8&usm=3&rsv_pq=ed6e17c20000e78b&rsv_t=510cSx%2FiMNCn8TfiTRWPu6FkbO4oUGe4B4gW8mSfLjND8E%2BC5qVN%2BOhl5evvFCj5FgE82xT4&rqlang=cn&rs_src=0&rsv_pq=ed6e17c20000e78b&rsv_t=510cSx%2FiMNCn8TfiTRWPu6FkbO4oUGe4B4gW8mSfLjND8E%2BC5qVN%2BOhl5evvFCj5FgE82xT4
2017-09-16 16:02:18,885 - [webpage_parser.py:63] - INFO - procotol:http, hostname:www.baidu.com, new_link:/s?wd=%E4%B8%89%E4%BA%9A%E5%8F%B0%E9%A3%8E%E8%88%AA%E7%8F%AD%E5%8F%96%E6%B6%88%E5%A4%A9%E9%B8%BD&rsf=1&rsp=5&f=1&oq=%E4%B8%89%E4%BA%9A%E8%88%AA%E7%8F%AD%E5%8F%96%E6%B6%88&tn=50000028_hao_pg&ie=utf-8&usm=3&rsv_pq=ed6e17c20000e78b&rsv_t=510cSx%2FiMNCn8TfiTRWPu6FkbO4oUGe4B4gW8mSfLjND8E%2BC5qVN%2BOhl5evvFCj5FgE82xT4&rqlang=cn&rs_src=0&rsv_pq=ed6e17c20000e78b&rsv_t=510cSx%2FiMNCn8TfiTRWPu6FkbO4oUGe4B4gW8mSfLjND8E%2BC5qVN%2BOhl5evvFCj5FgE82xT4
2017-09-16 16:02:18,888 - [webpage_parser.py:63] - INFO - procotol:http, hostname:www.baidu.com, new_link:/s?wd=%E5%A4%A9%E9%B8%BD%20%E4%B8%89%E4%BA%9A%E8%88%AA%E7%8F%AD%E5%8F%96%E6%B6%88&rsf=1&rsp=6&f=1&oq=%E4%B8%89%E4%BA%9A%E8%88%AA%E7%8F%AD%E5%8F%96%E6%B6%88&tn=50000028_hao_pg&ie=utf-8&usm=3&rsv_pq=ed6e17c20000e78b&rsv_t=510cSx%2FiMNCn8TfiTRWPu6FkbO4oUGe4B4gW8mSfLjND8E%2BC5qVN%2BOhl5evvFCj5FgE82xT4&rqlang=cn&rs_src=0&rsv_pq=ed6e17c20000e78b&rsv_t=510cSx%2FiMNCn8TfiTRWPu6FkbO4oUGe4B4gW8mSfLjND8E%2BC5qVN%2BOhl5evvFCj5FgE82xT4
2017-09-16 16:02:18,888 - [webpage_parser.py:63] - INFO - procotol:http, hostname:www.baidu.com, new_link:/s?wd=%E5%8C%97%E4%BA%AC%E9%A3%9E%E4%B8%89%E4%BA%9A%E7%9A%84%E8%88%AA%E7%8F%AD%E5%8F%96%E6%B6%88&rsf=1&rsp=7&f=1&oq=%E4%B8%89%E4%BA%9A%E8%88%AA%E7%8F%AD%E5%8F%96%E6%B6%88&tn=50000028_hao_pg&ie=utf-8&usm=3&rsv_pq=ed6e17c20000e78b&rsv_t=510cSx%2FiMNCn8TfiTRWPu6FkbO4oUGe4B4gW8mSfLjND8E%2BC5qVN%2BOhl5evvFCj5FgE82xT4&rqlang=cn&rs_src=0&rsv_pq=ed6e17c20000e78b&rsv_t=510cSx%2FiMNCn8TfiTRWPu6FkbO4oUGe4B4gW8mSfLjND8E%2BC5qVN%2BOhl5evvFCj5FgE82xT4
2017-09-16 16:02:18,891 - [webpage_parser.py:63] - INFO - procotol:http, hostname:www.baidu.com, new_link:/s?wd=%E8%88%AA%E7%8F%AD%E5%8F%96%E6%B6%88%E5%AE%89%E6%8E%92%E4%BD%8F%E5%AE%BF%E5%90%97&rsf=1&rsp=8&f=1&oq=%E4%B8%89%E4%BA%9A%E8%88%AA%E7%8F%AD%E5%8F%96%E6%B6%88&tn=50000028_hao_pg&ie=utf-8&usm=3&rsv_pq=ed6e17c20000e78b&rsv_t=510cSx%2FiMNCn8TfiTRWPu6FkbO4oUGe4B4gW8mSfLjND8E%2BC5qVN%2BOhl5evvFCj5FgE82xT4&rqlang=cn&rs_src=0&rsv_pq=ed6e17c20000e78b&rsv_t=510cSx%2FiMNCn8TfiTRWPu6FkbO4oUGe4B4gW8mSfLjND8E%2BC5qVN%2BOhl5evvFCj5FgE82xT4
2017-09-16 16:02:18,891 - [webpage_parser.py:63] - INFO - procotol:http, hostname:www.baidu.com, new_link:/s?wd=%E4%B8%89%E4%BA%9A%E8%88%AA%E7%8F%AD%E5%8F%96%E6%B6%88&pn=10&oq=%E4%B8%89%E4%BA%9A%E8%88%AA%E7%8F%AD%E5%8F%96%E6%B6%88&tn=50000028_hao_pg&ie=utf-8&usm=3&rsv_pq=ed6e17c20000e78b&rsv_t=510cSx%2FiMNCn8TfiTRWPu6FkbO4oUGe4B4gW8mSfLjND8E%2BC5qVN%2BOhl5evvFCj5FgE82xT4
2017-09-16 16:02:18,892 - [webpage_parser.py:63] - INFO - procotol:http, hostname:www.baidu.com, new_link:/s?wd=%E4%B8%89%E4%BA%9A%E8%88%AA%E7%8F%AD%E5%8F%96%E6%B6%88&pn=20&oq=%E4%B8%89%E4%BA%9A%E8%88%AA%E7%8F%AD%E5%8F%96%E6%B6%88&tn=50000028_hao_pg&ie=utf-8&usm=3&rsv_pq=ed6e17c20000e78b&rsv_t=510cSx%2FiMNCn8TfiTRWPu6FkbO4oUGe4B4gW8mSfLjND8E%2BC5qVN%2BOhl5evvFCj5FgE82xT4
2017-09-16 16:02:18,892 - [webpage_parser.py:63] - INFO - procotol:http, hostname:www.baidu.com, new_link:/s?wd=%E4%B8%89%E4%BA%9A%E8%88%AA%E7%8F%AD%E5%8F%96%E6%B6%88&pn=30&oq=%E4%B8%89%E4%BA%9A%E8%88%AA%E7%8F%AD%E5%8F%96%E6%B6%88&tn=50000028_hao_pg&ie=utf-8&usm=3&rsv_pq=ed6e17c20000e78b&rsv_t=510cSx%2FiMNCn8TfiTRWPu6FkbO4oUGe4B4gW8mSfLjND8E%2BC5qVN%2BOhl5evvFCj5FgE82xT4
2017-09-16 16:02:18,892 - [webpage_parser.py:63] - INFO - procotol:http, hostname:www.baidu.com, new_link:/s?wd=%E4%B8%89%E4%BA%9A%E8%88%AA%E7%8F%AD%E5%8F%96%E6%B6%88&pn=40&oq=%E4%B8%89%E4%BA%9A%E8%88%AA%E7%8F%AD%E5%8F%96%E6%B6%88&tn=50000028_hao_pg&ie=utf-8&usm=3&rsv_pq=ed6e17c20000e78b&rsv_t=510cSx%2FiMNCn8TfiTRWPu6FkbO4oUGe4B4gW8mSfLjND8E%2BC5qVN%2BOhl5evvFCj5FgE82xT4
2017-09-16 16:02:18,893 - [webpage_parser.py:63] - INFO - procotol:http, hostname:www.baidu.com, new_link:/s?wd=%E4%B8%89%E4%BA%9A%E8%88%AA%E7%8F%AD%E5%8F%96%E6%B6%88&pn=50&oq=%E4%B8%89%E4%BA%9A%E8%88%AA%E7%8F%AD%E5%8F%96%E6%B6%88&tn=50000028_hao_pg&ie=utf-8&usm=3&rsv_pq=ed6e17c20000e78b&rsv_t=510cSx%2FiMNCn8TfiTRWPu6FkbO4oUGe4B4gW8mSfLjND8E%2BC5qVN%2BOhl5evvFCj5FgE82xT4
2017-09-16 16:02:18,894 - [webpage_parser.py:63] - INFO - procotol:http, hostname:www.baidu.com, new_link:/s?wd=%E4%B8%89%E4%BA%9A%E8%88%AA%E7%8F%AD%E5%8F%96%E6%B6%88&pn=60&oq=%E4%B8%89%E4%BA%9A%E8%88%AA%E7%8F%AD%E5%8F%96%E6%B6%88&tn=50000028_hao_pg&ie=utf-8&usm=3&rsv_pq=ed6e17c20000e78b&rsv_t=510cSx%2FiMNCn8TfiTRWPu6FkbO4oUGe4B4gW8mSfLjND8E%2BC5qVN%2BOhl5evvFCj5FgE82xT4
2017-09-16 16:02:18,895 - [webpage_parser.py:63] - INFO - procotol:http, hostname:www.baidu.com, new_link:/s?wd=%E4%B8%89%E4%BA%9A%E8%88%AA%E7%8F%AD%E5%8F%96%E6%B6%88&pn=70&oq=%E4%B8%89%E4%BA%9A%E8%88%AA%E7%8F%AD%E5%8F%96%E6%B6%88&tn=50000028_hao_pg&ie=utf-8&usm=3&rsv_pq=ed6e17c20000e78b&rsv_t=510cSx%2FiMNCn8TfiTRWPu6FkbO4oUGe4B4gW8mSfLjND8E%2BC5qVN%2BOhl5evvFCj5FgE82xT4
2017-09-16 16:02:18,896 - [webpage_parser.py:63] - INFO - procotol:http, hostname:www.baidu.com, new_link:/s?wd=%E4%B8%89%E4%BA%9A%E8%88%AA%E7%8F%AD%E5%8F%96%E6%B6%88&pn=80&oq=%E4%B8%89%E4%BA%9A%E8%88%AA%E7%8F%AD%E5%8F%96%E6%B6%88&tn=50000028_hao_pg&ie=utf-8&usm=3&rsv_pq=ed6e17c20000e78b&rsv_t=510cSx%2FiMNCn8TfiTRWPu6FkbO4oUGe4B4gW8mSfLjND8E%2BC5qVN%2BOhl5evvFCj5FgE82xT4
2017-09-16 16:02:18,896 - [webpage_parser.py:63] - INFO - procotol:http, hostname:www.baidu.com, new_link:/s?wd=%E4%B8%89%E4%BA%9A%E8%88%AA%E7%8F%AD%E5%8F%96%E6%B6%88&pn=90&oq=%E4%B8%89%E4%BA%9A%E8%88%AA%E7%8F%AD%E5%8F%96%E6%B6%88&tn=50000028_hao_pg&ie=utf-8&usm=3&rsv_pq=ed6e17c20000e78b&rsv_t=510cSx%2FiMNCn8TfiTRWPu6FkbO4oUGe4B4gW8mSfLjND8E%2BC5qVN%2BOhl5evvFCj5FgE82xT4
2017-09-16 16:02:18,897 - [webpage_parser.py:63] - INFO - procotol:http, hostname:www.baidu.com, new_link:/s?wd=%E4%B8%89%E4%BA%9A%E8%88%AA%E7%8F%AD%E5%8F%96%E6%B6%88&pn=10&oq=%E4%B8%89%E4%BA%9A%E8%88%AA%E7%8F%AD%E5%8F%96%E6%B6%88&tn=50000028_hao_pg&ie=utf-8&usm=3&rsv_pq=ed6e17c20000e78b&rsv_t=510cSx%2FiMNCn8TfiTRWPu6FkbO4oUGe4B4gW8mSfLjND8E%2BC5qVN%2BOhl5evvFCj5FgE82xT4&rsv_page=1
2017-09-16 16:02:18,898 - [webpage_parser.py:63] - INFO - procotol:http, hostname:www.baidu.com, new_link:javascript:;
2017-09-16 16:02:18,904 - [webpage_saver.py:45] - INFO - url http://www.baidu.com/s?word=%E4%B8%89%E4%BA%9A%E8%88%AA%E7%8F%AD%E5%8F%96%E6%B6%88&tn=50000028_hao_pg&ie=utf-8' is not match
2017-09-16 16:02:19,128 - [connectionpool.py:207] - DEBUG - Starting new HTTP connection (1): www.gmw.cn
2017-09-16 16:02:19,159 - [connectionpool.py:818] - DEBUG - Starting new HTTPS connection (1): ai.taobao.com
2017-09-16 16:02:19,192 - [connectionpool.py:207] - DEBUG - Starting new HTTP connection (1): www.sohu.com
2017-09-16 16:02:19,236 - [sbcharsetprober.py:119] - DEBUG - windows-1251 confidence = 0.0454311166085, below negative shortcut threshhold 0.05
2017-09-16 16:02:19,352 - [connectionpool.py:818] - DEBUG - Starting new HTTPS connection (1): www.baidu.com
2017-09-16 16:02:19,355 - [connectionpool.py:207] - DEBUG - Starting new HTTP connection (1): xyx.hao123.com
2017-09-16 16:02:19,478 - [connectionpool.py:818] - DEBUG - Starting new HTTPS connection (1): www.suning.com
2017-09-16 16:02:19,589 - [connectionpool.py:395] - DEBUG - http://www.sohu.com:80 "GET / HTTP/1.1" 200 None
2017-09-16 16:02:19,634 - [connectionpool.py:395] - DEBUG - http://xyx.hao123.com:80 "GET / HTTP/1.1" 200 39871
2017-09-16 16:02:19,757 - [connectionpool.py:395] - DEBUG - https://www.baidu.com:443 "GET /s?word=%E6%97%A9%E6%95%99%E5%8A%A0%E7%9B%9F&tn=50000019_hao_pg&ie=utf-8 HTTP/1.1" 200 227
2017-09-16 16:02:19,986 - [webpage_saver.py:45] - INFO - url https://www.baidu.com/s?word=%E6%97%A9%E6%95%99%E5%8A%A0%E7%9B%9F&tn=50000019_hao_pg&ie=utf-8 is not match
2017-09-16 16:02:20,060 - [webpage_parser.py:63] - INFO - procotol:http, hostname:www.sohu.com, new_link:/
2017-09-16 16:02:20,061 - [connectionpool.py:395] - DEBUG - http://www.gmw.cn:80 "GET / HTTP/1.1" 200 31991
2017-09-16 16:02:20,065 - [webpage_parser.py:63] - INFO - procotol:http, hostname:www.sohu.com, new_link:javascript:void(0)
2017-09-16 16:02:20,066 - [connectionpool.py:395] - DEBUG - https://ai.taobao.com:443 "GET /search/index.htm?key=%E5%85%BB%E7%94%9F%E4%BF%9D%E5%81%A5&pid=mm_43125636_4246598_118736310 HTTP/1.1" 302 0
2017-09-16 16:02:20,067 - [webpage_parser.py:63] - INFO - procotol:http, hostname:www.sohu.com, new_link:javascript:void(0)
2017-09-16 16:02:20,086 - [connectionpool.py:207] - DEBUG - Starting new HTTP connection (1): www.renrenche.com
2017-09-16 16:02:20,091 - [connectionpool.py:818] - DEBUG - Starting new HTTPS connection (1): sec.taobao.com
2017-09-16 16:02:20,098 - [webpage_parser.py:63] - INFO - procotol:http, hostname:www.sohu.com, new_link: http://db.auto.sohu.com/home/
2017-09-16 16:02:20,103 - [webpage_parser.py:63] - INFO - procotol:http, hostname:www.sohu.com, new_link: http://2sc.sohu.com
2017-09-16 16:02:20,106 - [webpage_parser.py:63] - INFO - procotol:http, hostname:www.sohu.com, new_link: http://fashion.sohu.com/1045
2017-09-16 16:02:20,174 - [webpage_parser.py:63] - INFO - procotol:http, hostname:www.sohu.com, new_link: http://learning.sohu.com/
2017-09-16 16:02:20,220 - [connectionpool.py:395] - DEBUG - http://www.renrenche.com:80 "GET /?fr=1465&tg_aid=10050666 HTTP/1.1" 301 178
2017-09-16 16:02:20,421 - [webpage_parser.py:63] - INFO - procotol:http, hostname:www.sohu.com, new_link: http://travel.sohu.com/1446
2017-09-16 16:02:20,457 - [connectionpool.py:395] - DEBUG - https://www.suning.com:443 "GET /?utm_source=hao123&utm_medium=mingzhan HTTP/1.1" 200 24977
2017-09-16 16:02:20,492 - [webpage_parser.py:63] - INFO - procotol:http, hostname:www.sohu.com, new_link: http://travel.sohu.com/1448
2017-09-16 16:02:20,499 - [webpage_parser.py:63] - INFO - procotol:http, hostname:www.sohu.com, new_link: http://chihe.sohu.com/
2017-09-16 16:02:20,651 - [webpage_parser.py:63] - INFO - procotol:http, hostname:www.sohu.com, new_link: http://chihe.sohu.com/1441
2017-09-16 16:02:20,698 - [connectionpool.py:818] - DEBUG - Starting new HTTPS connection (1): www.renrenche.com
2017-09-16 16:02:20,700 - [webpage_parser.py:63] - INFO - procotol:http, hostname:www.sohu.com, new_link: http://chihe.sohu.com/1443
2017-09-16 16:02:20,784 - [webpage_parser.py:63] - INFO - procotol:http, hostname:www.sohu.com, new_link: http://chihe.sohu.com/1445
2017-09-16 16:02:20,841 - [connectionpool.py:395] - DEBUG - https://sec.taobao.com:443 "GET /query.htm?smApp=yellowstone&smPolicy=yellowstone-search_index-anti_Spider-html-checklogin&smCharset=UTF-8&smTag=MTE3LjEwMC4xMDMuMTU3LCwyMzZjYWVlMDMzMmY0M2E1YjZmNjNlMTY4NThmYjViMw%3D%3D&smReturn=https%3A%2F%2Fai.taobao.com%2Fsearch%2Findex.htm%3Fkey%3D%25E5%2585%25BB%25E7%2594%259F%25E4%25BF%259D%25E5%2581%25A5%26pid%3Dmm_43125636_4246598_118736310&smSign=F7bHrvuspD2O7FTYrid7Lg%3D%3D HTTP/1.1" 302 0
2017-09-16 16:02:20,878 - [webpage_parser.py:63] - INFO - procotol:http, hostname:www.sohu.com, new_link: http://health.sohu.com
2017-09-16 16:02:21,063 - [webpage_parser.py:63] - INFO - procotol:http, hostname:xyx.hao123.com, new_link:/
2017-09-16 16:02:21,064 - [webpage_parser.py:63] - INFO - procotol:http, hostname:www.sohu.com, new_link: http://www.sohu.com/tag/69615 
2017-09-16 16:02:21,188 - [webpage_parser.py:63] - INFO - procotol:http, hostname:xyx.hao123.com, new_link: http://web.7k7k.com/games/cqby/997744/997744-1122334.html?k=14
2017-09-16 16:02:21,292 - [webpage_parser.py:63] - INFO - procotol:http, hostname:www.sohu.com, new_link: http://baobao.sohu.com/
2017-09-16 16:02:21,324 - [connectionpool.py:818] - DEBUG - Starting new HTTPS connection (1): login.taobao.com
2017-09-16 16:02:21,324 - [webpage_parser.py:63] - INFO - procotol:http, hostname:xyx.hao123.com, new_link: http://web.7k7k.com/games/ssss/997744/997744-7298392.html?k=672324 
2017-09-16 16:02:21,364 - [connectionpool.py:395] - DEBUG - https://www.renrenche.com:443 "GET /?fr=1465&tg_aid=10050666 HTTP/1.1" 200 None
2017-09-16 16:02:21,365 - [connectionpool.py:818] - DEBUG - Starting new HTTPS connection (1): s.click.taobao.com
2017-09-16 16:02:21,514 - [webpage_parser.py:63] - INFO - procotol:http, hostname:www.sohu.com, new_link: http://baobao.sohu.com/1477
2017-09-16 16:02:21,514 - [webpage_parser.py:63] - INFO - procotol:http, hostname:xyx.hao123.com, new_link: http://web.7k7k.com/games/fbdl/997744/997744-1122334.html?k=16
2017-09-16 16:02:21,551 - [webpage_parser.py:63] - INFO - procotol:http, hostname:www.gmw.cn, new_link:index/2017-08/21/content_26128653.htm
2017-09-16 16:02:21,590 - [webpage_parser.py:63] - INFO - procotol:http, hostname:www.sohu.com, new_link: http://baobao.sohu.com/1475
2017-09-16 16:02:21,683 - [webpage_parser.py:63] - INFO - procotol:https, hostname:www.suning.com, new_link:javascript:void(0);
2017-09-16 16:02:21,691 - [webpage_parser.py:63] - INFO - procotol:http, hostname:xyx.hao123.com, new_link: http://web.7k7k.com/games/sdyxz/997744/997744-7298392.html?k=72382
2017-09-16 16:02:21,692 - [webpage_parser.py:63] - INFO - procotol:http, hostname:www.gmw.cn, new_link:index/2017-01/26/content_23593835.htm
2017-09-16 16:02:21,693 - [webpage_parser.py:63] - INFO - procotol:http, hostname:www.sohu.com, new_link: http://history.sohu.com/1338
2017-09-16 16:02:21,694 - [webpage_parser.py:63] - INFO - procotol:https, hostname:www.suning.com, new_link:javascript:void(0);
2017-09-16 16:02:21,699 - [webpage_parser.py:63] - INFO - procotol:http, hostname:xyx.hao123.com, new_link:/top
2017-09-16 16:02:21,699 - [webpage_parser.py:63] - INFO - procotol:http, hostname:www.gmw.cn, new_link:jiandu/
2017-09-16 16:02:21,701 - [webpage_parser.py:63] - INFO - procotol:http, hostname:www.sohu.com, new_link: http://history.sohu.com/1423
2017-09-16 16:02:21,703 - [webpage_parser.py:63] - INFO - procotol:http, hostname:xyx.hao123.com, new_link:/top
2017-09-16 16:02:21,704 - [webpage_parser.py:63] - INFO - procotol:http, hostname:www.sohu.com, new_link: http://cul.sohu.com/
2017-09-16 16:02:21,707 - [webpage_parser.py:63] - INFO - procotol:http, hostname:www.gmw.cn, new_link:index/node_4841.htm
2017-09-16 16:02:21,708 - [webpage_parser.py:63] - INFO - procotol:https, hostname:www.suning.com, new_link:javascript:void(0);
2017-09-16 16:02:21,708 - [webpage_parser.py:63] - INFO - procotol:http, hostname:xyx.hao123.com, new_link:/game/559047.html
2017-09-16 16:02:21,709 - [webpage_parser.py:63] - INFO - procotol:http, hostname:www.sohu.com, new_link: http://cul.sohu.com/1401
2017-09-16 16:02:21,712 - [webpage_parser.py:63] - INFO - procotol:http, hostname:www.gmw.cn, new_link:content/node_40694.htm
2017-09-16 16:02:21,718 - [webpage_parser.py:63] - INFO - procotol:http, hostname:xyx.hao123.com, new_link:/game/558836.html
2017-09-16 16:02:21,720 - [webpage_parser.py:63] - INFO - procotol:http, hostname:xyx.hao123.com, new_link:/game/558344.html
2017-09-16 16:02:21,720 - [webpage_parser.py:63] - INFO - procotol:http, hostname:www.sohu.com, new_link: http://cul.sohu.com/1351
2017-09-16 16:02:21,720 - [webpage_parser.py:63] - INFO - procotol:https, hostname:www.suning.com, new_link:javascript:void(0)
2017-09-16 16:02:21,722 - [webpage_parser.py:63] - INFO - procotol:http, hostname:www.gmw.cn, new_link:content/2017-09/06/content_26043542.htm
2017-09-16 16:02:21,722 - [webpage_parser.py:63] - INFO - procotol:http, hostname:xyx.hao123.com, new_link:/game/557682.html
2017-09-16 16:02:21,723 - [webpage_parser.py:63] - INFO - procotol:http, hostname:www.sohu.com, new_link: http://mil.sohu.com/1468
2017-09-16 16:02:21,730 - [webpage_parser.py:63] - INFO - procotol:http, hostname:www.gmw.cn, new_link:01wzb/
2017-09-16 16:02:21,732 - [webpage_parser.py:63] - INFO - procotol:http, hostname:xyx.hao123.com, new_link:/game/557623.html
2017-09-16 16:02:21,733 - [webpage_parser.py:63] - INFO - procotol:https, hostname:www.suning.com, new_link:javascript:SFE.base.logoff();
2017-09-16 16:02:21,735 - [webpage_parser.py:63] - INFO - procotol:http, hostname:www.sohu.com, new_link: http://mil.sohu.com/1469
2017-09-16 16:02:21,749 - [webpage_parser.py:63] - INFO - procotol:http, hostname:xyx.hao123.com, new_link:/game/556937.html
2017-09-16 16:02:21,754 - [webpage_parser.py:63] - INFO - procotol:http, hostname:www.sohu.com, new_link: http://mil.sohu.com/1470
2017-09-16 16:02:21,755 - [webpage_parser.py:63] - INFO - procotol:http, hostname:www.gmw.cn, new_link: http://cm.health.gmw.cn/
2017-09-16 16:02:21,759 - [webpage_parser.py:63] - INFO - procotol:http, hostname:www.sohu.com, new_link: http://society.sohu.com/
2017-09-16 16:02:21,761 - [webpage_parser.py:63] - INFO - procotol:http, hostname:xyx.hao123.com, new_link:/game/556889.html
2017-09-16 16:02:21,762 - [webpage_parser.py:63] - INFO - procotol:https, hostname:www.suning.com, new_link:javascript:SFE.base.logonurl();
2017-09-16 16:02:21,772 - [webpage_parser.py:63] - INFO - procotol:http, hostname:www.sohu.com, new_link: http://society.sohu.com/1452
2017-09-16 16:02:21,773 - [webpage_parser.py:63] - INFO - procotol:http, hostname:xyx.hao123.com, new_link:/game/556058.html
2017-09-16 16:02:21,781 - [webpage_parser.py:63] - INFO - procotol:http, hostname:www.sohu.com, new_link: http://society.sohu.com/1455
2017-09-16 16:02:21,782 - [webpage_parser.py:63] - INFO - procotol:http, hostname:xyx.hao123.com, new_link:/game/362340.html
2017-09-16 16:02:21,782 - [webpage_parser.py:63] - INFO - procotol:http, hostname:www.sohu.com, new_link: http://astro.sohu.com/
2017-09-16 16:02:21,783 - [webpage_parser.py:63] - INFO - procotol:http, hostname:xyx.hao123.com, new_link:/game/325430.html
2017-09-16 16:02:21,784 - [webpage_parser.py:63] - INFO - procotol:https, hostname:www.suning.com, new_link:javascript:SFE.base.logonurl();
2017-09-16 16:02:21,790 - [webpage_parser.py:63] - INFO - procotol:http, hostname:xyx.hao123.com, new_link:/game/305267.html
2017-09-16 16:02:21,791 - [webpage_parser.py:63] - INFO - procotol:http, hostname:www.sohu.com, new_link: http://astro.sohu.com/1417
2017-09-16 16:02:21,797 - [webpage_parser.py:63] - INFO - procotol:http, hostname:xyx.hao123.com, new_link:/game/182873.html
2017-09-16 16:02:21,798 - [webpage_parser.py:63] - INFO - procotol:https, hostname:www.suning.com, new_link:javascript:void(0);
2017-09-16 16:02:21,800 - [webpage_parser.py:63] - INFO - procotol:http, hostname:xyx.hao123.com, new_link:/game/562152.html
2017-09-16 16:02:21,808 - [webpage_parser.py:63] - INFO - procotol:https, hostname:www.suning.com, new_link:javascript:findpass();
2017-09-16 16:02:21,809 - [webpage_parser.py:63] - INFO - procotol:http, hostname:www.sohu.com, new_link: http://pets.sohu.com/
2017-09-16 16:02:21,810 - [webpage_parser.py:63] - INFO - procotol:http, hostname:xyx.hao123.com, new_link:/game/562145.html
2017-09-16 16:02:21,815 - [sbcharsetprober.py:119] - DEBUG - KOI8-R confidence = 0.0395338366908, below negative shortcut threshhold 0.05
2017-09-16 16:02:21,818 - [webpage_parser.py:63] - INFO - procotol:http, hostname:www.sohu.com, new_link: http://acg.sohu.com/
2017-09-16 16:02:21,818 - [webpage_parser.py:63] - INFO - procotol:http, hostname:xyx.hao123.com, new_link:/game/562125.html
2017-09-16 16:02:21,821 - [webpage_parser.py:63] - INFO - procotol:https, hostname:www.suning.com, new_link:javascript:;
2017-09-16 16:02:21,929 - [connectionpool.py:395] - DEBUG - https://login.taobao.com:443 "GET /member/login.jhtml?from=sm&redirectURL=https%3A%2F%2Fsec.taobao.com%2Fquery.htm%3Faction%3DQueryAction%26event_submit_do_login%3Dok%26smApp%3Dyellowstone%26smPolicy%3Dyellowstone-search_index-anti_Spider-html-checklogin%26smCharset%3DUTF-8%26smTag%3DMTE3LjEwMC4xMDMuMTU3LCwyMzZjYWVlMDMzMmY0M2E1YjZmNjNlMTY4NThmYjViMw%253D%253D%26smReturn%3Dhttps%253A%252F%252Fai.taobao.com%252Fsearch%252Findex.htm%253Fkey%253D%2525E5%252585%2525BB%2525E7%252594%25259F%2525E4%2525BF%25259D%2525E5%252581%2525A5%2526pid%253Dmm_43125636_4246598_118736310%26smSign%3DF7bHrvuspD2O7FTYrid7Lg%253D%253D HTTP/1.1" 200 None
2017-09-16 16:02:21,937 - [webpage_parser.py:63] - INFO - procotol:http, hostname:www.sohu.com, new_link: http://game.sohu.com/
2017-09-16 16:02:21,949 - [webpage_parser.py:63] - INFO - procotol:http, hostname:xyx.hao123.com, new_link:/game/562117.html
2017-09-16 16:02:21,956 - [webpage_parser.py:63] - INFO - procotol:https, hostname:www.suning.com, new_link:javascript:;
2017-09-16 16:02:21,966 - [webpage_parser.py:63] - INFO - procotol:http, hostname:www.sohu.com, new_link:mailto:kf@vip.sohu.com
2017-09-16 16:02:21,984 - [webpage_parser.py:63] - INFO - procotol:http, hostname:xyx.hao123.com, new_link:/game/562112.html
2017-09-16 16:02:21,984 - [webpage_parser.py:63] - INFO - procotol:https, hostname:www.suning.com, new_link:javascript:SFE.base.logonurl();
2017-09-16 16:02:22,063 - [webpage_parser.py:63] - INFO - procotol:http, hostname:www.sohu.com, new_link:mailto:jubao@contact.sohu.com
2017-09-16 16:02:22,066 - [connectionpool.py:395] - DEBUG - https://s.click.taobao.com:443 "GET /qvi0lew HTTP/1.1" 302 0
2017-09-16 16:02:22,066 - [webpage_parser.py:63] - INFO - procotol:http, hostname:xyx.hao123.com, new_link:/game/562103.html
2017-09-16 16:02:22,070 - [webpage_parser.py:63] - INFO - procotol:https, hostname:www.suning.com, new_link:javascript:SFE.base.logonurl();
2017-09-16 16:02:22,128 - [webpage_parser.py:63] - INFO - procotol:https, hostname:ai.taobao.com, new_link:javascript:;
2017-09-16 16:02:22,153 - [webpage_parser.py:63] - INFO - procotol:http, hostname:xyx.hao123.com, new_link:/game/562084.html
2017-09-16 16:02:22,155 - [webpage_parser.py:63] - INFO - procotol:https, hostname:www.suning.com, new_link:javascript:;
2017-09-16 16:02:22,158 - [webpage_parser.py:63] - INFO - procotol:https, hostname:ai.taobao.com, new_link:mailto:lianzheng@taobao.com
2017-09-16 16:02:22,168 - [webpage_parser.py:63] - INFO - procotol:http, hostname:xyx.hao123.com, new_link:/game/562075.html
2017-09-16 16:02:22,171 - [webpage_parser.py:63] - INFO - procotol:https, hostname:www.suning.com, new_link:javascript:;
2017-09-16 16:02:22,179 - [webpage_parser.py:63] - INFO - procotol:http, hostname:xyx.hao123.com, new_link:/game/562061.html
2017-09-16 16:02:22,182 - [webpage_parser.py:63] - INFO - procotol:https, hostname:www.suning.com, new_link:javascript:;
2017-09-16 16:02:22,183 - [webpage_parser.py:63] - INFO - procotol:http, hostname:xyx.hao123.com, new_link:/game/562020.html
2017-09-16 16:02:22,187 - [webpage_parser.py:63] - INFO - procotol:https, hostname:www.suning.com, new_link:javascript:;
2017-09-16 16:02:22,188 - [webpage_parser.py:63] - INFO - procotol:http, hostname:xyx.hao123.com, new_link:/game/562012.html
2017-09-16 16:02:22,191 - [webpage_parser.py:63] - INFO - procotol:https, hostname:www.suning.com, new_link:javascript:;
2017-09-16 16:02:22,193 - [webpage_parser.py:63] - INFO - procotol:http, hostname:xyx.hao123.com, new_link:/game/562011.html
2017-09-16 16:02:22,196 - [webpage_parser.py:63] - INFO - procotol:https, hostname:www.suning.com, new_link:javascript:;
2017-09-16 16:02:22,197 - [webpage_parser.py:63] - INFO - procotol:http, hostname:xyx.hao123.com, new_link:/game/561991.html
2017-09-16 16:02:22,203 - [webpage_parser.py:63] - INFO - procotol:https, hostname:www.suning.com, new_link:javascript:;
2017-09-16 16:02:22,207 - [webpage_parser.py:63] - INFO - procotol:http, hostname:xyx.hao123.com, new_link:/game/561979.html
2017-09-16 16:02:22,208 - [webpage_parser.py:63] - INFO - procotol:http, hostname:xyx.hao123.com, new_link:/game/561968.html
2017-09-16 16:02:22,208 - [webpage_parser.py:63] - INFO - procotol:https, hostname:www.suning.com, new_link:javascript:;
2017-09-16 16:02:22,211 - [webpage_parser.py:63] - INFO - procotol:http, hostname:xyx.hao123.com, new_link:/game/561958.html
2017-09-16 16:02:22,217 - [connectionpool.py:395] - DEBUG - https://s.click.taobao.com:443 "GET /t?e=m%3D2%26s%3DEbHrhuRcSeccQipKwQzePCperVdZeJviEViQ0P1Vf2kguMN8XjClAoXtqWWZcAm0KwkmtwvPLCb7%2Bk46yyCXGt74LZ%2FadEN670tE0ILKKyenZrmIFnbZXlW00662PG2K8Cm%2FwUl4ESHO54LQ%2FVw1L7SqdkxH6LRFnaYpFBIfC%2F2orLd93QuCUMYOae24fhW0&sc=qvi0lew HTTP/1.1" 302 None
2017-09-16 16:02:22,218 - [webpage_parser.py:63] - INFO - procotol:https, hostname:www.suning.com, new_link:javascript:;
2017-09-16 16:02:22,223 - [webpage_parser.py:63] - INFO - procotol:http, hostname:xyx.hao123.com, new_link:/game/561949.html
2017-09-16 16:02:22,238 - [webpage_parser.py:63] - INFO - procotol:https, hostname:www.suning.com, new_link:javascript:;
2017-09-16 16:02:22,238 - [webpage_parser.py:63] - INFO - procotol:http, hostname:xyx.hao123.com, new_link:/game/561944.html
2017-09-16 16:02:22,248 - [webpage_parser.py:63] - INFO - procotol:https, hostname:www.suning.com, new_link:javascript:;
2017-09-16 16:02:22,249 - [webpage_parser.py:63] - INFO - procotol:http, hostname:xyx.hao123.com, new_link:/game/561882.html
2017-09-16 16:02:22,250 - [webpage_parser.py:63] - INFO - procotol:https, hostname:www.suning.com, new_link:javascript:;
2017-09-16 16:02:22,254 - [webpage_parser.py:63] - INFO - procotol:http, hostname:xyx.hao123.com, new_link:/game/561835.html
2017-09-16 16:02:22,255 - [webpage_parser.py:63] - INFO - procotol:https, hostname:www.suning.com, new_link:javascript:;
2017-09-16 16:02:22,273 - [webpage_parser.py:63] - INFO - procotol:http, hostname:xyx.hao123.com, new_link:/game/561790.html
2017-09-16 16:02:22,313 - [webpage_parser.py:63] - INFO - procotol:https, hostname:www.suning.com, new_link:javascript:;
2017-09-16 16:02:22,341 - [webpage_parser.py:63] - INFO - procotol:http, hostname:xyx.hao123.com, new_link:/game/561720.html
2017-09-16 16:02:22,352 - [connectionpool.py:395] - DEBUG - https://s.click.taobao.com:443 "GET /t_js?tu=https%3A%2F%2Fs.click.taobao.com%2Ft%3Fe%3Dm%253D2%2526s%253DEbHrhuRcSeccQipKwQzePCperVdZeJviEViQ0P1Vf2kguMN8XjClAoXtqWWZcAm0KwkmtwvPLCb7%252Bk46yyCXGt74LZ%252FadEN670tE0ILKKyenZrmIFnbZXlW00662PG2K8Cm%252FwUl4ESHO54LQ%252FVw1L7SqdkxH6LRFnaYpFBIfC%252F2orLd93QuCUMYOae24fhW0%26sc%3Dqvi0lew%26ref%3D%26et%3Dm7jkrUhJjMdplLsB6zWLvkRilup5fBNR HTTP/1.1" 200 None
2017-09-16 16:02:22,355 - [webpage_parser.py:63] - INFO - procotol:https, hostname:www.suning.com, new_link:javascript:;
2017-09-16 16:02:22,412 - [webpage_parser.py:63] - INFO - procotol:http, hostname:xyx.hao123.com, new_link:/game/561716.html
2017-09-16 16:02:22,451 - [webpage_parser.py:63] - INFO - procotol:https, hostname:www.suning.com, new_link:javascript:;
2017-09-16 16:02:22,567 - [webpage_parser.py:63] - INFO - procotol:http, hostname:xyx.hao123.com, new_link:/game/561650.html
2017-09-16 16:02:22,585 - [webpage_saver.py:45] - INFO - url https://s.click.taobao.com/qvi0lew is not match
2017-09-16 16:02:22,618 - [webpage_parser.py:63] - INFO - procotol:https, hostname:www.suning.com, new_link:javascript:;
2017-09-16 16:02:22,643 - [webpage_parser.py:63] - INFO - procotol:http, hostname:xyx.hao123.com, new_link:/game/561535.html
2017-09-16 16:02:22,806 - [webpage_parser.py:63] - INFO - procotol:http, hostname:xyx.hao123.com, new_link:/game/561521.html
2017-09-16 16:02:22,831 - [webpage_parser.py:63] - INFO - procotol:http, hostname:www.renrenche.com, new_link:/bj/
2017-09-16 16:02:22,832 - [webpage_parser.py:63] - INFO - procotol:https, hostname:www.suning.com, new_link:javascript:;
2017-09-16 16:02:22,836 - [webpage_parser.py:63] - INFO - procotol:http, hostname:xyx.hao123.com, new_link:/game/561506.html
2017-09-16 16:02:22,847 - [webpage_parser.py:63] - INFO - procotol:http, hostname:www.renrenche.com, new_link:javascript:void(0);
2017-09-16 16:02:22,847 - [webpage_parser.py:63] - INFO - procotol:https, hostname:www.suning.com, new_link:javascript:;
2017-09-16 16:02:22,875 - [webpage_parser.py:63] - INFO - procotol:http, hostname:xyx.hao123.com, new_link:/game/561500.html
2017-09-16 16:02:22,875 - [webpage_parser.py:63] - INFO - procotol:http, hostname:www.renrenche.com, new_link:javascript:void(0);
2017-09-16 16:02:22,878 - [webpage_parser.py:63] - INFO - procotol:https, hostname:www.suning.com, new_link:javascript:;
2017-09-16 16:02:22,895 - [webpage_parser.py:63] - INFO - procotol:http, hostname:xyx.hao123.com, new_link:/game/561483.html
2017-09-16 16:02:22,896 - [webpage_parser.py:63] - INFO - procotol:http, hostname:www.renrenche.com, new_link:javascript:void(0);
2017-09-16 16:02:22,897 - [webpage_parser.py:63] - INFO - procotol:https, hostname:www.suning.com, new_link:javascript:;
2017-09-16 16:02:22,910 - [webpage_parser.py:63] - INFO - procotol:http, hostname:xyx.hao123.com, new_link:/game/561466.html
2017-09-16 16:02:22,913 - [webpage_parser.py:63] - INFO - procotol:http, hostname:www.renrenche.com, new_link:javascript:void(0);
2017-09-16 16:02:22,915 - [webpage_parser.py:63] - INFO - procotol:https, hostname:www.suning.com, new_link:javascript:;
2017-09-16 16:02:22,916 - [webpage_parser.py:63] - INFO - procotol:http, hostname:xyx.hao123.com, new_link:/game/561462.html
2017-09-16 16:02:22,918 - [webpage_parser.py:63] - INFO - procotol:http, hostname:www.renrenche.com, new_link:javascript:void(0);
2017-09-16 16:02:22,919 - [webpage_parser.py:63] - INFO - procotol:https, hostname:www.suning.com, new_link:javascript:;
2017-09-16 16:02:22,920 - [webpage_parser.py:63] - INFO - procotol:http, hostname:xyx.hao123.com, new_link:/game/561454.html
2017-09-16 16:02:22,921 - [webpage_parser.py:63] - INFO - procotol:http, hostname:www.renrenche.com, new_link:javascript:void(0);
2017-09-16 16:02:22,923 - [webpage_parser.py:63] - INFO - procotol:https, hostname:www.suning.com, new_link:javascript:;
2017-09-16 16:02:22,925 - [webpage_parser.py:63] - INFO - procotol:http, hostname:xyx.hao123.com, new_link:/game/561437.html
2017-09-16 16:02:22,926 - [webpage_saver.py:45] - INFO - url https://ai.taobao.com/search/index.htm?key=%E5%85%BB%E7%94%9F%E4%BF%9D%E5%81%A5&pid=mm_43125636_4246598_118736310 is not match
2017-09-16 16:02:22,926 - [webpage_parser.py:63] - INFO - procotol:http, hostname:www.renrenche.com, new_link:javascript:void(0);
2017-09-16 16:02:22,927 - [webpage_parser.py:63] - INFO - procotol:http, hostname:xyx.hao123.com, new_link:/game/561423.html
2017-09-16 16:02:22,927 - [webpage_parser.py:63] - INFO - procotol:https, hostname:www.suning.com, new_link:javascript:;
2017-09-16 16:02:22,945 - [webpage_parser.py:63] - INFO - procotol:http, hostname:www.renrenche.com, new_link:javascript:void(0);
2017-09-16 16:02:22,945 - [webpage_parser.py:63] - INFO - procotol:http, hostname:xyx.hao123.com, new_link:/game/561411.html
2017-09-16 16:02:22,948 - [webpage_parser.py:63] - INFO - procotol:https, hostname:www.suning.com, new_link:javascript:;
2017-09-16 16:02:22,948 - [webpage_parser.py:63] - INFO - procotol:http, hostname:www.renrenche.com, new_link:javascript:void(0);
2017-09-16 16:02:22,952 - [webpage_parser.py:63] - INFO - procotol:http, hostname:xyx.hao123.com, new_link:/game/561404.html
2017-09-16 16:02:22,957 - [webpage_parser.py:63] - INFO - procotol:https, hostname:www.suning.com, new_link:javascript:;
2017-09-16 16:02:22,957 - [webpage_parser.py:63] - INFO - procotol:http, hostname:www.renrenche.com, new_link:javascript:void(0);
2017-09-16 16:02:22,965 - [webpage_parser.py:63] - INFO - procotol:http, hostname:xyx.hao123.com, new_link:/game/561370.html
2017-09-16 16:02:22,971 - [webpage_parser.py:63] - INFO - procotol:http, hostname:www.renrenche.com, new_link:javascript:void(0);
2017-09-16 16:02:22,978 - [webpage_parser.py:63] - INFO - procotol:http, hostname:xyx.hao123.com, new_link:/game/561355.html
2017-09-16 16:02:22,980 - [webpage_parser.py:63] - INFO - procotol:http, hostname:www.renrenche.com, new_link:javascript:void(0);
2017-09-16 16:02:22,984 - [webpage_parser.py:63] - INFO - procotol:http, hostname:xyx.hao123.com, new_link:/game/561340.html
2017-09-16 16:02:22,987 - [webpage_parser.py:63] - INFO - procotol:http, hostname:xyx.hao123.com, new_link:/game/561312.html
2017-09-16 16:02:22,989 - [webpage_parser.py:63] - INFO - procotol:http, hostname:xyx.hao123.com, new_link:/game/561299.html
2017-09-16 16:02:22,991 - [webpage_parser.py:63] - INFO - procotol:http, hostname:www.renrenche.com, new_link:javascript:void(0);
2017-09-16 16:02:22,993 - [webpage_parser.py:63] - INFO - procotol:http, hostname:xyx.hao123.com, new_link:/game/561268.html
2017-09-16 16:02:22,993 - [webpage_parser.py:63] - INFO - procotol:http, hostname:www.renrenche.com, new_link:javascript:void(0);
2017-09-16 16:02:22,995 - [webpage_parser.py:63] - INFO - procotol:http, hostname:xyx.hao123.com, new_link:/game/561260.html
2017-09-16 16:02:22,996 - [webpage_parser.py:63] - INFO - procotol:http, hostname:www.renrenche.com, new_link:javascript:void(0);
2017-09-16 16:02:22,997 - [webpage_parser.py:63] - INFO - procotol:http, hostname:xyx.hao123.com, new_link:/game/561258.html
2017-09-16 16:02:23,003 - [webpage_parser.py:63] - INFO - procotol:http, hostname:www.renrenche.com, new_link:javascript:void(0);
2017-09-16 16:02:23,009 - [webpage_parser.py:63] - INFO - procotol:http, hostname:xyx.hao123.com, new_link:/game/561226.html
2017-09-16 16:02:23,013 - [webpage_parser.py:63] - INFO - procotol:http, hostname:www.renrenche.com, new_link:javascript:void(0);
2017-09-16 16:02:23,017 - [webpage_parser.py:63] - INFO - procotol:http, hostname:xyx.hao123.com, new_link:/game/561225.html
2017-09-16 16:02:23,020 - [webpage_parser.py:63] - INFO - procotol:http, hostname:www.renrenche.com, new_link:javascript:void(0);
2017-09-16 16:02:23,021 - [webpage_parser.py:63] - INFO - procotol:http, hostname:xyx.hao123.com, new_link:/game/561198.html
2017-09-16 16:02:23,023 - [webpage_parser.py:63] - INFO - procotol:http, hostname:www.renrenche.com, new_link:javascript:void(0);
2017-09-16 16:02:23,029 - [webpage_parser.py:63] - INFO - procotol:http, hostname:xyx.hao123.com, new_link:/game/561190.html
2017-09-16 16:02:23,033 - [webpage_parser.py:63] - INFO - procotol:http, hostname:xyx.hao123.com, new_link:/game/561178.html
2017-09-16 16:02:23,035 - [webpage_parser.py:63] - INFO - procotol:http, hostname:www.renrenche.com, new_link:javascript:void(0);
2017-09-16 16:02:23,038 - [webpage_parser.py:63] - INFO - procotol:http, hostname:xyx.hao123.com, new_link:/game/561168.html
2017-09-16 16:02:23,043 - [webpage_parser.py:63] - INFO - procotol:http, hostname:www.renrenche.com, new_link:javascript:void(0);
2017-09-16 16:02:23,045 - [webpage_parser.py:63] - INFO - procotol:http, hostname:xyx.hao123.com, new_link:/game/561163.html
2017-09-16 16:02:23,047 - [webpage_parser.py:63] - INFO - procotol:http, hostname:www.renrenche.com, new_link:javascript:void(0);
2017-09-16 16:02:23,050 - [webpage_parser.py:63] - INFO - procotol:http, hostname:xyx.hao123.com, new_link:/game/561155.html
2017-09-16 16:02:23,052 - [webpage_parser.py:63] - INFO - procotol:http, hostname:www.renrenche.com, new_link:/tj/
2017-09-16 16:02:23,057 - [webpage_parser.py:63] - INFO - procotol:http, hostname:xyx.hao123.com, new_link:/game/561117.html
2017-09-16 16:02:23,061 - [webpage_parser.py:63] - INFO - procotol:http, hostname:www.renrenche.com, new_link:/bd/
2017-09-16 16:02:23,062 - [webpage_parser.py:63] - INFO - procotol:http, hostname:xyx.hao123.com, new_link:/game/561109.html
2017-09-16 16:02:23,066 - [webpage_parser.py:63] - INFO - procotol:http, hostname:www.renrenche.com, new_link:/ts/
2017-09-16 16:02:23,072 - [webpage_parser.py:63] - INFO - procotol:http, hostname:xyx.hao123.com, new_link:/game/561094.html
2017-09-16 16:02:23,072 - [webpage_parser.py:63] - INFO - procotol:http, hostname:www.renrenche.com, new_link:/bj/
2017-09-16 16:02:23,078 - [webpage_parser.py:63] - INFO - procotol:http, hostname:xyx.hao123.com, new_link:/game/561086.html
2017-09-16 16:02:23,081 - [webpage_parser.py:63] - INFO - procotol:http, hostname:www.renrenche.com, new_link:/cn/
2017-09-16 16:02:23,083 - [webpage_parser.py:63] - INFO - procotol:http, hostname:xyx.hao123.com, new_link:/game/561074.html
2017-09-16 16:02:23,085 - [webpage_parser.py:63] - INFO - procotol:http, hostname:www.renrenche.com, new_link:/cq/
2017-09-16 16:02:23,086 - [webpage_parser.py:63] - INFO - procotol:http, hostname:xyx.hao123.com, new_link:/game/561065.html
2017-09-16 16:02:23,089 - [webpage_parser.py:63] - INFO - procotol:http, hostname:www.renrenche.com, new_link:/sh/
2017-09-16 16:02:23,090 - [webpage_parser.py:63] - INFO - procotol:http, hostname:xyx.hao123.com, new_link:/game/561043.html
2017-09-16 16:02:23,094 - [webpage_parser.py:63] - INFO - procotol:http, hostname:www.renrenche.com, new_link:/ay/
2017-09-16 16:02:23,095 - [webpage_parser.py:63] - INFO - procotol:http, hostname:xyx.hao123.com, new_link:/game/561027.html
2017-09-16 16:02:23,095 - [webpage_parser.py:63] - INFO - procotol:http, hostname:www.renrenche.com, new_link:/bd/
2017-09-16 16:02:23,096 - [webpage_parser.py:63] - INFO - procotol:http, hostname:xyx.hao123.com, new_link:/game/561011.html
2017-09-16 16:02:23,099 - [webpage_parser.py:63] - INFO - procotol:http, hostname:www.renrenche.com, new_link:/bj/
2017-09-16 16:02:23,106 - [webpage_parser.py:63] - INFO - procotol:http, hostname:www.renrenche.com, new_link:/bt/
2017-09-16 16:02:23,106 - [webpage_parser.py:63] - INFO - procotol:http, hostname:www.renrenche.com, new_link:/cs/
2017-09-16 16:02:23,111 - [webpage_parser.py:63] - INFO - procotol:http, hostname:xyx.hao123.com, new_link:/game/560978.html
2017-09-16 16:02:23,119 - [webpage_parser.py:63] - INFO - procotol:http, hostname:www.renrenche.com, new_link:/cc/
2017-09-16 16:02:23,123 - [webpage_parser.py:63] - INFO - procotol:http, hostname:xyx.hao123.com, new_link:/game/560975.html
2017-09-16 16:02:23,127 - [webpage_parser.py:63] - INFO - procotol:http, hostname:www.renrenche.com, new_link:/cd/
2017-09-16 16:02:23,128 - [webpage_parser.py:63] - INFO - procotol:http, hostname:xyx.hao123.com, new_link:/game/560918.html
2017-09-16 16:02:23,131 - [webpage_parser.py:63] - INFO - procotol:http, hostname:www.renrenche.com, new_link:/cq/
2017-09-16 16:02:23,135 - [webpage_parser.py:63] - INFO - procotol:http, hostname:xyx.hao123.com, new_link:/game/560858.html
2017-09-16 16:02:23,137 - [webpage_parser.py:63] - INFO - procotol:http, hostname:www.renrenche.com, new_link:/cz/
2017-09-16 16:02:23,142 - [webpage_parser.py:63] - INFO - procotol:http, hostname:www.renrenche.com, new_link:/dg/
2017-09-16 16:02:23,142 - [webpage_parser.py:63] - INFO - procotol:http, hostname:www.renrenche.com, new_link:/dt/
2017-09-16 16:02:23,143 - [webpage_parser.py:63] - INFO - procotol:http, hostname:www.renrenche.com, new_link:/dl/
2017-09-16 16:02:23,143 - [webpage_parser.py:63] - INFO - procotol:http, hostname:www.renrenche.com, new_link:/dq/
2017-09-16 16:02:23,141 - [webpage_parser.py:63] - INFO - procotol:http, hostname:xyx.hao123.com, new_link:/game/560827.html
2017-09-16 16:02:23,144 - [webpage_parser.py:63] - INFO - procotol:http, hostname:www.renrenche.com, new_link:/deyang/
2017-09-16 16:02:23,161 - [webpage_parser.py:63] - INFO - procotol:http, hostname:xyx.hao123.com, new_link: 
2017-09-16 16:02:23,162 - [webpage_parser.py:63] - INFO - procotol:http, hostname:www.renrenche.com, new_link:/fs/
2017-09-16 16:02:23,177 - [webpage_parser.py:63] - INFO - procotol:http, hostname:xyx.hao123.com, new_link: 
2017-09-16 16:02:23,177 - [webpage_parser.py:63] - INFO - procotol:http, hostname:www.renrenche.com, new_link:/fz/
2017-09-16 16:02:23,186 - [webpage_parser.py:63] - INFO - procotol:http, hostname:xyx.hao123.com, new_link: 
2017-09-16 16:02:23,187 - [webpage_parser.py:63] - INFO - procotol:http, hostname:www.renrenche.com, new_link:/gz/
2017-09-16 16:02:23,189 - [webpage_parser.py:63] - INFO - procotol:http, hostname:xyx.hao123.com, new_link:/zt/
2017-09-16 16:02:23,195 - [webpage_parser.py:63] - INFO - procotol:http, hostname:www.renrenche.com, new_link:/gy/
2017-09-16 16:02:23,198 - [webpage_parser.py:63] - INFO - procotol:http, hostname:xyx.hao123.com, new_link:/zt/
2017-09-16 16:02:23,200 - [webpage_parser.py:63] - INFO - procotol:http, hostname:www.renrenche.com, new_link:/huizhou/
2017-09-16 16:02:23,201 - [webpage_parser.py:63] - INFO - procotol:http, hostname:xyx.hao123.com, new_link:/ztlb/
2017-09-16 16:02:23,207 - [webpage_parser.py:63] - INFO - procotol:http, hostname:www.renrenche.com, new_link:/hu/
2017-09-16 16:02:23,211 - [webpage_parser.py:63] - INFO - procotol:http, hostname:www.renrenche.com, new_link:/hrb/
2017-09-16 16:02:23,217 - [webpage_parser.py:63] - INFO - procotol:http, hostname:xyx.hao123.com, new_link:/ztlb/
2017-09-16 16:02:23,219 - [webpage_parser.py:63] - INFO - procotol:http, hostname:www.renrenche.com, new_link:/heze/
2017-09-16 16:02:23,226 - [webpage_parser.py:63] - INFO - procotol:http, hostname:xyx.hao123.com, new_link:/pic_rank_1_0_0_0_4_1.html
2017-09-16 16:02:23,228 - [webpage_parser.py:63] - INFO - procotol:http, hostname:www.renrenche.com, new_link:/hf/
2017-09-16 16:02:23,237 - [webpage_parser.py:63] - INFO - procotol:http, hostname:xyx.hao123.com, new_link:/pic_rank_1_0_0_0_1_1.html
2017-09-16 16:02:23,238 - [webpage_parser.py:63] - INFO - procotol:http, hostname:www.renrenche.com, new_link:/hz/
2017-09-16 16:02:23,242 - [webpage_parser.py:63] - INFO - procotol:http, hostname:xyx.hao123.com, new_link:/pic_rank_1_0_0_0_2_1.html
2017-09-16 16:02:23,244 - [webpage_parser.py:63] - INFO - procotol:http, hostname:www.renrenche.com, new_link:/jinzhou/
2017-09-16 16:02:23,245 - [webpage_parser.py:63] - INFO - procotol:http, hostname:xyx.hao123.com, new_link:/pic_rank_1_0_0_0_11_1.html
2017-09-16 16:02:23,251 - [webpage_parser.py:63] - INFO - procotol:http, hostname:xyx.hao123.com, new_link:/pic_rank_1_0_0_0_15_1.html
2017-09-16 16:02:23,260 - [webpage_parser.py:63] - INFO - procotol:http, hostname:www.renrenche.com, new_link:/jl/
2017-09-16 16:02:23,266 - [webpage_parser.py:63] - INFO - procotol:http, hostname:xyx.hao123.com, new_link:javascript:void(0)
2017-09-16 16:02:23,269 - [webpage_parser.py:63] - INFO - procotol:http, hostname:www.renrenche.com, new_link:/jh/
2017-09-16 16:02:23,273 - [webpage_parser.py:63] - INFO - procotol:http, hostname:xyx.hao123.com, new_link:#hot_rec
2017-09-16 16:02:23,275 - [webpage_parser.py:63] - INFO - procotol:http, hostname:www.renrenche.com, new_link:/jn/
2017-09-16 16:02:23,281 - [webpage_parser.py:63] - INFO - procotol:http, hostname:xyx.hao123.com, new_link:#heji
2017-09-16 16:02:23,283 - [webpage_parser.py:63] - INFO - procotol:http, hostname:www.renrenche.com, new_link:/jx/
2017-09-16 16:02:23,284 - [webpage_parser.py:63] - INFO - procotol:http, hostname:xyx.hao123.com, new_link:#game_rank
2017-09-16 16:02:23,287 - [webpage_parser.py:63] - INFO - procotol:http, hostname:www.renrenche.com, new_link:/km/
2017-09-16 16:02:23,292 - [webpage_parser.py:63] - INFO - procotol:http, hostname:www.renrenche.com, new_link:/liuzhou/
2017-09-16 16:02:23,294 - [webpage_parser.py:63] - INFO - procotol:http, hostname:www.renrenche.com, new_link:/luoyang/
2017-09-16 16:02:23,299 - [webpage_parser.py:63] - INFO - procotol:http, hostname:xyx.hao123.com, new_link:#pro_avtive
2017-09-16 16:02:23,301 - [webpage_parser.py:63] - INFO - procotol:http, hostname:www.renrenche.com, new_link:/lz/
2017-09-16 16:02:23,304 - [webpage_parser.py:63] - INFO - procotol:http, hostname:xyx.hao123.com, new_link:#girl_zone
2017-09-16 16:02:23,305 - [webpage_parser.py:63] - INFO - procotol:http, hostname:www.renrenche.com, new_link:/linyi/
2017-09-16 16:02:23,306 - [webpage_parser.py:63] - INFO - procotol:http, hostname:xyx.hao123.com, new_link:#original
2017-09-16 16:02:23,310 - [webpage_parser.py:63] - INFO - procotol:http, hostname:www.renrenche.com, new_link:/my/
2017-09-16 16:02:23,313 - [webpage_parser.py:63] - INFO - procotol:http, hostname:xyx.hao123.com, new_link:#special_mob
2017-09-16 16:02:23,318 - [webpage_parser.py:63] - INFO - procotol:http, hostname:www.renrenche.com, new_link:/nn/
2017-09-16 16:02:23,320 - [webpage_parser.py:63] - INFO - procotol:http, hostname:xyx.hao123.com, new_link:#classify_rank
2017-09-16 16:02:23,321 - [webpage_parser.py:63] - INFO - procotol:http, hostname:www.renrenche.com, new_link:/nc/
2017-09-16 16:02:23,322 - [webpage_parser.py:63] - INFO - procotol:http, hostname:xyx.hao123.com, new_link:javascript:void(0)
2017-09-16 16:02:23,324 - [webpage_parser.py:63] - INFO - procotol:http, hostname:www.renrenche.com, new_link:/ny/
2017-09-16 16:02:23,325 - [webpage_parser.py:63] - INFO - procotol:http, hostname:www.renrenche.com, new_link:/nb/
2017-09-16 16:02:23,329 - [webpage_parser.py:63] - INFO - procotol:http, hostname:www.renrenche.com, new_link:/nj/
2017-09-16 16:02:23,332 - [webpage_parser.py:63] - INFO - procotol:http, hostname:www.renrenche.com, new_link:/nt/
2017-09-16 16:02:23,334 - [webpage_parser.py:63] - INFO - procotol:http, hostname:www.renrenche.com, new_link:/qd/
2017-09-16 16:02:23,338 - [webpage_parser.py:63] - INFO - procotol:http, hostname:www.renrenche.com, new_link:/st/
2017-09-16 16:02:23,339 - [webpage_parser.py:63] - INFO - procotol:http, hostname:www.renrenche.com, new_link:/sz/
2017-09-16 16:02:23,339 - [webpage_parser.py:63] - INFO - procotol:http, hostname:www.renrenche.com, new_link:/sjz/
2017-09-16 16:02:23,340 - [webpage_parser.py:63] - INFO - procotol:http, hostname:www.renrenche.com, new_link:/sy/
2017-09-16 16:02:23,341 - [webpage_parser.py:63] - INFO - procotol:http, hostname:www.renrenche.com, new_link:/sh/
2017-09-16 16:02:23,344 - [webpage_parser.py:63] - INFO - procotol:http, hostname:www.renrenche.com, new_link:/suz/
2017-09-16 16:02:23,348 - [webpage_parser.py:63] - INFO - procotol:http, hostname:www.renrenche.com, new_link:/tj/
2017-09-16 16:02:23,353 - [webpage_parser.py:63] - INFO - procotol:http, hostname:www.renrenche.com, new_link:/ts/
2017-09-16 16:02:23,355 - [webpage_parser.py:63] - INFO - procotol:http, hostname:www.renrenche.com, new_link:/ty/
2017-09-16 16:02:23,359 - [webpage_parser.py:63] - INFO - procotol:http, hostname:www.renrenche.com, new_link:/taizhou/
2017-09-16 16:02:23,360 - [webpage_parser.py:63] - INFO - procotol:http, hostname:www.renrenche.com, new_link:/wh/
2017-09-16 16:02:23,366 - [webpage_parser.py:63] - INFO - procotol:http, hostname:www.renrenche.com, new_link:/wulu/
2017-09-16 16:02:23,370 - [webpage_parser.py:63] - INFO - procotol:http, hostname:www.renrenche.com, new_link:/wf/
2017-09-16 16:02:23,373 - [webpage_parser.py:63] - INFO - procotol:http, hostname:www.renrenche.com, new_link:/wx/
2017-09-16 16:02:23,378 - [webpage_parser.py:63] - INFO - procotol:http, hostname:www.renrenche.com, new_link:/xm/
2017-09-16 16:02:23,378 - [webpage_parser.py:63] - INFO - procotol:http, hostname:www.renrenche.com, new_link:/xc/
2017-09-16 16:02:23,379 - [webpage_parser.py:63] - INFO - procotol:http, hostname:www.renrenche.com, new_link:/xx/
2017-09-16 16:02:23,380 - [webpage_parser.py:63] - INFO - procotol:http, hostname:www.renrenche.com, new_link:/xy/
2017-09-16 16:02:23,387 - [webpage_parser.py:63] - INFO - procotol:http, hostname:www.renrenche.com, new_link:/xa/
2017-09-16 16:02:23,391 - [webpage_parser.py:63] - INFO - procotol:http, hostname:www.renrenche.com, new_link:/xianyang/
2017-09-16 16:02:23,393 - [webpage_parser.py:63] - INFO - procotol:http, hostname:www.renrenche.com, new_link:/xz/
2017-09-16 16:02:23,397 - [webpage_parser.py:63] - INFO - procotol:http, hostname:www.renrenche.com, new_link:/yancheng/
2017-09-16 16:02:23,399 - [webpage_parser.py:63] - INFO - procotol:http, hostname:www.renrenche.com, new_link:/yt/
2017-09-16 16:02:23,400 - [webpage_parser.py:63] - INFO - procotol:http, hostname:www.renrenche.com, new_link:/yz/
2017-09-16 16:02:23,401 - [webpage_parser.py:63] - INFO - procotol:http, hostname:www.renrenche.com, new_link:/zh/
2017-09-16 16:02:23,402 - [webpage_parser.py:63] - INFO - procotol:http, hostname:www.renrenche.com, new_link:/zq/
2017-09-16 16:02:23,407 - [webpage_parser.py:63] - INFO - procotol:http, hostname:www.renrenche.com, new_link:/zs/
2017-09-16 16:02:23,410 - [webpage_parser.py:63] - INFO - procotol:http, hostname:www.renrenche.com, new_link:/zz/
2017-09-16 16:02:23,414 - [webpage_parser.py:63] - INFO - procotol:http, hostname:www.renrenche.com, new_link:/zj/
2017-09-16 16:02:23,415 - [webpage_parser.py:63] - INFO - procotol:http, hostname:www.renrenche.com, new_link:/bj/ershouche/
2017-09-16 16:02:23,424 - [webpage_parser.py:63] - INFO - procotol:http, hostname:www.renrenche.com, new_link:/bj/sales
2017-09-16 16:02:23,425 - [webpage_parser.py:63] - INFO - procotol:http, hostname:www.renrenche.com, new_link:/bj/credit
2017-09-16 16:02:23,426 - [webpage_parser.py:63] - INFO - procotol:http, hostname:www.renrenche.com, new_link:/bj/service
2017-09-16 16:02:23,429 - [webpage_parser.py:63] - INFO - procotol:http, hostname:www.renrenche.com, new_link:/bj/ershouche/
2017-09-16 16:02:23,431 - [webpage_parser.py:63] - INFO - procotol:http, hostname:www.renrenche.com, new_link:/bj/dazhong/
2017-09-16 16:02:23,432 - [webpage_parser.py:63] - INFO - procotol:http, hostname:www.renrenche.com, new_link:/bj/aodi/
2017-09-16 16:02:23,433 - [webpage_parser.py:63] - INFO - procotol:http, hostname:www.renrenche.com, new_link:/bj/bieke/
2017-09-16 16:02:23,437 - [webpage_parser.py:63] - INFO - procotol:http, hostname:www.renrenche.com, new_link:/bj/baoma/
2017-09-16 16:02:23,441 - [webpage_parser.py:63] - INFO - procotol:http, hostname:www.renrenche.com, new_link:/bj/xiandai/
2017-09-16 16:02:23,441 - [webpage_parser.py:63] - INFO - procotol:http, hostname:www.renrenche.com, new_link:/bj/richan/
2017-09-16 16:02:23,442 - [webpage_parser.py:63] - INFO - procotol:http, hostname:www.renrenche.com, new_link:/bj/benchi/
2017-09-16 16:02:23,443 - [webpage_parser.py:63] - INFO - procotol:http, hostname:www.renrenche.com, new_link:/bj/fengtian/
2017-09-16 16:02:23,444 - [webpage_parser.py:63] - INFO - procotol:http, hostname:www.renrenche.com, new_link:/bj/bentian/
2017-09-16 16:02:23,447 - [webpage_parser.py:63] - INFO - procotol:http, hostname:www.renrenche.com, new_link:/bj/fute/
2017-09-16 16:02:23,450 - [webpage_parser.py:63] - INFO - procotol:http, hostname:www.renrenche.com, new_link:/cn/ershouche/
2017-09-16 16:02:23,451 - [webpage_parser.py:63] - INFO - procotol:http, hostname:www.renrenche.com, new_link:/bj/aodi/
2017-09-16 16:02:23,454 - [webpage_parser.py:63] - INFO - procotol:http, hostname:www.renrenche.com, new_link:/bj/asidunmading/
2017-09-16 16:02:23,456 - [webpage_parser.py:63] - INFO - procotol:http, hostname:www.renrenche.com, new_link:/bj/baojun/
2017-09-16 16:02:23,460 - [webpage_parser.py:63] - INFO - procotol:http, hostname:www.renrenche.com, new_link:/bj/baoma/
2017-09-16 16:02:23,464 - [webpage_parser.py:63] - INFO - procotol:http, hostname:www.renrenche.com, new_link:/bj/baoshijie/
2017-09-16 16:02:23,466 - [webpage_parser.py:63] - INFO - procotol:http, hostname:www.renrenche.com, new_link:/bj/baowo/
2017-09-16 16:02:23,467 - [webpage_parser.py:63] - INFO - procotol:http, hostname:www.renrenche.com, new_link:/bj/beijing/
2017-09-16 16:02:23,469 - [webpage_parser.py:63] - INFO - procotol:http, hostname:www.renrenche.com, new_link:/bj/beiqishenbao/
2017-09-16 16:02:23,473 - [sbcharsetprober.py:119] - DEBUG - ISO-8859-5 confidence = 0.0409355353725, below negative shortcut threshhold 0.05
2017-09-16 16:02:23,475 - [webpage_parser.py:63] - INFO - procotol:http, hostname:www.renrenche.com, new_link:/bj/beiqiweiwang/
2017-09-16 16:02:23,545 - [webpage_parser.py:63] - INFO - procotol:http, hostname:www.renrenche.com, new_link:/bj/beiqixinnengyuan/
2017-09-16 16:02:23,547 - [webpage_parser.py:63] - INFO - procotol:http, hostname:www.renrenche.com, new_link:/bj/beiqizhizao/
2017-09-16 16:02:23,550 - [webpage_parser.py:63] - INFO - procotol:http, hostname:www.renrenche.com, new_link:/bj/benchi/
2017-09-16 16:02:23,567 - [webpage_parser.py:63] - INFO - procotol:http, hostname:www.renrenche.com, new_link:/bj/benteng/
2017-09-16 16:02:23,570 - [webpage_parser.py:63] - INFO - procotol:http, hostname:www.renrenche.com, new_link:/bj/bentian/
2017-09-16 16:02:23,572 - [webpage_parser.py:63] - INFO - procotol:http, hostname:www.renrenche.com, new_link:/bj/biaozhi/
2017-09-16 16:02:23,574 - [webpage_parser.py:63] - INFO - procotol:http, hostname:www.renrenche.com, new_link:/bj/bieke/
2017-09-16 16:02:23,575 - [webpage_parser.py:63] - INFO - procotol:http, hostname:www.renrenche.com, new_link:/bj/binli/
2017-09-16 16:02:23,581 - [webpage_parser.py:63] - INFO - procotol:http, hostname:www.renrenche.com, new_link:/bj/biyadi/
2017-09-16 16:02:23,589 - [webpage_parser.py:63] - INFO - procotol:http, hostname:www.renrenche.com, new_link:/bj/changan/
2017-09-16 16:02:23,597 - [webpage_parser.py:63] - INFO - procotol:http, hostname:www.renrenche.com, new_link:/bj/changanshangyong/
2017-09-16 16:02:23,602 - [webpage_parser.py:63] - INFO - procotol:http, hostname:www.renrenche.com, new_link:/bj/changcheng/
2017-09-16 16:02:23,606 - [webpage_parser.py:63] - INFO - procotol:http, hostname:www.renrenche.com, new_link:/bj/DS/
2017-09-16 16:02:23,608 - [webpage_parser.py:63] - INFO - procotol:http, hostname:www.renrenche.com, new_link:/bj/daoqi/
2017-09-16 16:02:23,621 - [webpage_parser.py:63] - INFO - procotol:http, hostname:www.renrenche.com, new_link:/bj/dazhong/
2017-09-16 16:02:23,635 - [webpage_parser.py:63] - INFO - procotol:http, hostname:www.renrenche.com, new_link:/bj/dongfeng/
2017-09-16 16:02:23,636 - [webpage_parser.py:63] - INFO - procotol:http, hostname:www.renrenche.com, new_link:/bj/dongnan/
2017-09-16 16:02:23,646 - [webpage_parser.py:63] - INFO - procotol:http, hostname:www.renrenche.com, new_link:/bj/feiyate/
2017-09-16 16:02:23,647 - [webpage_parser.py:63] - INFO - procotol:http, hostname:www.renrenche.com, new_link:/bj/fengtian/
2017-09-16 16:02:23,649 - [webpage_parser.py:63] - INFO - procotol:http, hostname:www.renrenche.com, new_link:/bj/fute/
2017-09-16 16:02:23,650 - [webpage_parser.py:63] - INFO - procotol:http, hostname:www.renrenche.com, new_link:/bj/futian/
2017-09-16 16:02:23,652 - [webpage_parser.py:63] - INFO - procotol:http, hostname:www.renrenche.com, new_link:/bj/GMC/
2017-09-16 16:02:23,653 - [webpage_parser.py:63] - INFO - procotol:http, hostname:www.renrenche.com, new_link:/bj/guangqichuanqi/
2017-09-16 16:02:23,656 - [webpage_parser.py:63] - INFO - procotol:http, hostname:www.renrenche.com, new_link:/bj/guanzhi/
2017-09-16 16:02:23,658 - [webpage_parser.py:63] - INFO - procotol:http, hostname:www.renrenche.com, new_link:/bj/hafei/
2017-09-16 16:02:23,664 - [webpage_parser.py:63] - INFO - procotol:http, hostname:www.renrenche.com, new_link:/bj/hafu/
2017-09-16 16:02:23,682 - [webpage_parser.py:63] - INFO - procotol:http, hostname:www.renrenche.com, new_link:/bj/haima/
2017-09-16 16:02:23,685 - [webpage_parser.py:63] - INFO - procotol:http, hostname:www.renrenche.com, new_link:/bj/hanma/
2017-09-16 16:02:23,687 - [webpage_parser.py:63] - INFO - procotol:http, hostname:www.renrenche.com, new_link:/bj/hongqi/
2017-09-16 16:02:23,690 - [webpage_parser.py:63] - INFO - procotol:http, hostname:www.renrenche.com, new_link:/bj/huapu/
2017-09-16 16:02:23,691 - [webpage_parser.py:63] - INFO - procotol:http, hostname:www.renrenche.com, new_link:/bj/huasong/
2017-09-16 16:02:23,707 - [webpage_parser.py:63] - INFO - procotol:http, hostname:www.renrenche.com, new_link:/bj/huatai/
2017-09-16 16:02:23,714 - [webpage_parser.py:63] - INFO - procotol:http, hostname:www.renrenche.com, new_link:/bj/huataixinnengyuan/
2017-09-16 16:02:23,715 - [webpage_parser.py:63] - INFO - procotol:http, hostname:www.renrenche.com, new_link:/bj/Jeep/
2017-09-16 16:02:23,718 - [webpage_parser.py:63] - INFO - procotol:http, hostname:www.renrenche.com, new_link:/bj/jianghuai/
2017-09-16 16:02:23,719 - [webpage_parser.py:63] - INFO - procotol:http, hostname:www.renrenche.com, new_link:/bj/jiebao/
2017-09-16 16:02:23,725 - [webpage_parser.py:63] - INFO - procotol:http, hostname:www.renrenche.com, new_link:/bj/jiliqiche/
2017-09-16 16:02:23,727 - [webpage_parser.py:63] - INFO - procotol:http, hostname:www.renrenche.com, new_link:/bj/jinbei/
2017-09-16 16:02:23,728 - [webpage_parser.py:63] - INFO - procotol:http, hostname:www.renrenche.com, new_link:/bj/jinlv/
2017-09-16 16:02:23,731 - [webpage_parser.py:63] - INFO - procotol:http, hostname:www.renrenche.com, new_link:/bj/kaidilake/
2017-09-16 16:02:23,744 - [webpage_parser.py:63] - INFO - procotol:http, hostname:www.renrenche.com, new_link:/bj/kelaisile/
2017-09-16 16:02:23,757 - [webpage_parser.py:63] - INFO - procotol:http, hostname:www.renrenche.com, new_link:/bj/leikesasi/
2017-09-16 16:02:23,778 - [webpage_parser.py:63] - INFO - procotol:http, hostname:www.renrenche.com, new_link:/bj/leinuo/
2017-09-16 16:02:23,784 - [webpage_parser.py:63] - INFO - procotol:http, hostname:www.renrenche.com, new_link:/bj/lianhuaqiche/
2017-09-16 16:02:23,795 - [webpage_parser.py:63] - INFO - procotol:http, hostname:www.renrenche.com, new_link:/bj/lifan/
2017-09-16 16:02:23,808 - [connectionpool.py:207] - DEBUG - Starting new HTTP connection (1): mil.news.sina.com.cn
2017-09-16 16:02:23,810 - [webpage_parser.py:63] - INFO - procotol:http, hostname:www.renrenche.com, new_link:/bj/lingmu/
2017-09-16 16:02:23,818 - [webpage_saver.py:45] - INFO - url http://www.sohu.com/ is not match
2017-09-16 16:02:23,819 - [webpage_parser.py:63] - INFO - procotol:http, hostname:www.renrenche.com, new_link:/bj/linken/
2017-09-16 16:02:23,836 - [webpage_parser.py:63] - INFO - procotol:http, hostname:www.renrenche.com, new_link:/bj/lufeng/
2017-09-16 16:02:23,858 - [connectionpool.py:395] - DEBUG - http://mil.news.sina.com.cn:80 "GET / HTTP/1.1" 200 40112
2017-09-16 16:02:23,859 - [webpage_parser.py:63] - INFO - procotol:http, hostname:www.renrenche.com, new_link:/bj/luhu/
2017-09-16 16:02:23,867 - [webpage_parser.py:63] - INFO - procotol:http, hostname:www.renrenche.com, new_link:/bj/MG/
2017-09-16 16:02:23,868 - [webpage_parser.py:63] - INFO - procotol:http, hostname:www.renrenche.com, new_link:/bj/MINI/
2017-09-16 16:02:23,871 - [webpage_parser.py:63] - INFO - procotol:http, hostname:www.renrenche.com, new_link:/bj/mashaladi/
2017-09-16 16:02:23,873 - [webpage_parser.py:63] - INFO - procotol:http, hostname:www.renrenche.com, new_link:/bj/mazida/
2017-09-16 16:02:23,874 - [webpage_parser.py:63] - INFO - procotol:http, hostname:www.renrenche.com, new_link:/bj/nazhijie/
2017-09-16 16:02:23,875 - [webpage_parser.py:63] - INFO - procotol:http, hostname:www.renrenche.com, new_link:/bj/oubao/
2017-09-16 16:02:23,877 - [webpage_parser.py:63] - INFO - procotol:http, hostname:www.renrenche.com, new_link:/bj/ouge/
2017-09-16 16:02:23,878 - [webpage_parser.py:63] - INFO - procotol:http, hostname:www.renrenche.com, new_link:/bj/qichen/
2017-09-16 16:02:23,879 - [webpage_parser.py:63] - INFO - procotol:http, hostname:www.renrenche.com, new_link:/bj/qirui/
2017-09-16 16:02:23,881 - [webpage_parser.py:63] - INFO - procotol:http, hostname:www.renrenche.com, new_link:/bj/qiya/
2017-09-16 16:02:23,963 - [webpage_parser.py:63] - INFO - procotol:http, hostname:www.renrenche.com, new_link:/bj/richan/
2017-09-16 16:02:23,978 - [webpage_parser.py:63] - INFO - procotol:http, hostname:www.renrenche.com, new_link:/bj/rongwei/
2017-09-16 16:02:23,980 - [webpage_parser.py:63] - INFO - procotol:http, hostname:www.renrenche.com, new_link:/bj/ruiqi/
2017-09-16 16:02:23,982 - [webpage_parser.py:63] - INFO - procotol:http, hostname:www.renrenche.com, new_link:/bj/sanling/
2017-09-16 16:02:24,033 - [webpage_parser.py:63] - INFO - procotol:http, hostname:www.renrenche.com, new_link:/bj/shangqidatong/
2017-09-16 16:02:24,036 - [webpage_parser.py:63] - INFO - procotol:http, hostname:www.renrenche.com, new_link:/bj/shuanglong/
2017-09-16 16:02:24,041 - [webpage_parser.py:63] - INFO - procotol:http, hostname:www.renrenche.com, new_link:/bj/sibalu/
2017-09-16 16:02:24,048 - [connectionpool.py:818] - DEBUG - Starting new HTTPS connection (1): www.baidu.com
2017-09-16 16:02:24,214 - [webpage_parser.py:63] - INFO - procotol:http, hostname:www.renrenche.com, new_link:/bj/sikeda/
2017-09-16 16:02:24,238 - [webpage_parser.py:63] - INFO - procotol:http, hostname:www.renrenche.com, new_link:/bj/siming/
2017-09-16 16:02:24,283 - [webpage_parser.py:63] - INFO - procotol:http, hostname:www.renrenche.com, new_link:/bj/smart/
2017-09-16 16:02:24,344 - [webpage_parser.py:63] - INFO - procotol:http, hostname:www.renrenche.com, new_link:/bj/tengshi/
2017-09-16 16:02:24,359 - [webpage_parser.py:63] - INFO - procotol:http, hostname:www.renrenche.com, new_link:/bj/tesila/
2017-09-16 16:02:24,390 - [webpage_parser.py:63] - INFO - procotol:http, hostname:www.renrenche.com, new_link:/bj/woerwo/
2017-09-16 16:02:24,399 - [webpage_parser.py:63] - INFO - procotol:http, hostname:www.renrenche.com, new_link:/bj/wulingqiche/
2017-09-16 16:02:24,407 - [webpage_parser.py:63] - INFO - procotol:http, hostname:www.renrenche.com, new_link:/bj/xiandai/
2017-09-16 16:02:24,408 - [webpage_parser.py:63] - INFO - procotol:http, hostname:www.renrenche.com, new_link:/bj/xuefolan/
2017-09-16 16:02:24,452 - [webpage_parser.py:63] - INFO - procotol:http, hostname:www.renrenche.com, new_link:/bj/xuetielong/
2017-09-16 16:02:24,454 - [webpage_parser.py:63] - INFO - procotol:http, hostname:www.renrenche.com, new_link:/bj/yingfeinidi/
2017-09-16 16:02:24,455 - [webpage_parser.py:63] - INFO - procotol:http, hostname:www.renrenche.com, new_link:/bj/yiqi/
2017-09-16 16:02:24,479 - [webpage_parser.py:63] - INFO - procotol:http, hostname:www.renrenche.com, new_link:/bj/zhidou/
2017-09-16 16:02:24,480 - [webpage_parser.py:63] - INFO - procotol:http, hostname:www.renrenche.com, new_link:/bj/zhonghua/
2017-09-16 16:02:24,481 - [webpage_parser.py:63] - INFO - procotol:http, hostname:www.renrenche.com, new_link:/bj/zhongtai/
2017-09-16 16:02:24,521 - [webpage_parser.py:63] - INFO - procotol:http, hostname:www.renrenche.com, new_link:/bj/ershouche/pr-0-3/
2017-09-16 16:02:24,523 - [connectionpool.py:395] - DEBUG - https://www.baidu.com:443 "GET /s?word=%E5%8F%8C%E8%89%B2%E7%90%83&tn=50000103_hao_pg&ie=utf-8 HTTP/1.1" 200 227
2017-09-16 16:02:24,546 - [webpage_parser.py:63] - INFO - procotol:http, hostname:www.renrenche.com, new_link:/bj/ershouche/pr-3-5/
2017-09-16 16:02:24,577 - [webpage_parser.py:63] - INFO - procotol:http, hostname:www.renrenche.com, new_link:/bj/ershouche/pr-5-10/
2017-09-16 16:02:24,589 - [webpage_saver.py:45] - INFO - url https://www.baidu.com/s?word=%E5%8F%8C%E8%89%B2%E7%90%83&tn=50000103_hao_pg&ie=utf-8 is not match
2017-09-16 16:02:24,595 - [webpage_parser.py:63] - INFO - procotol:http, hostname:www.renrenche.com, new_link:/bj/ershouche/pr-10-15/
2017-09-16 16:02:24,634 - [webpage_parser.py:63] - INFO - procotol:http, hostname:www.renrenche.com, new_link:/bj/ershouche/pr-15-20/
2017-09-16 16:02:24,635 - [webpage_parser.py:63] - INFO - procotol:http, hostname:www.renrenche.com, new_link:/bj/ershouche/pr-20-30/
2017-09-16 16:02:24,653 - [webpage_parser.py:63] - INFO - procotol:http, hostname:mil.news.sina.com.cn, new_link:javascript:
2017-09-16 16:02:24,655 - [webpage_parser.py:63] - INFO - procotol:http, hostname:www.renrenche.com, new_link:/bj/ershouche/pr-30-60/
2017-09-16 16:02:24,656 - [webpage_parser.py:63] - INFO - procotol:http, hostname:mil.news.sina.com.cn, new_link:javascript:
2017-09-16 16:02:24,658 - [webpage_parser.py:63] - INFO - procotol:http, hostname:www.renrenche.com, new_link:/bj/ershouche/pr-60-1000/
2017-09-16 16:02:24,671 - [webpage_parser.py:63] - INFO - procotol:http, hostname:mil.news.sina.com.cn, new_link:javascript:;
2017-09-16 16:02:24,673 - [webpage_parser.py:63] - INFO - procotol:http, hostname:www.renrenche.com, new_link:/bj/ershouche/le-suv/
2017-09-16 16:02:24,674 - [webpage_parser.py:63] - INFO - procotol:http, hostname:mil.news.sina.com.cn, new_link:javascript:;
2017-09-16 16:02:24,677 - [webpage_parser.py:63] - INFO - procotol:http, hostname:www.renrenche.com, new_link:/bj/ershouche/le-mpv/
2017-09-16 16:02:24,686 - [webpage_parser.py:63] - INFO - procotol:http, hostname:www.renrenche.com, new_link:/bj/ershouche/le-pao/
2017-09-16 16:02:24,697 - [webpage_parser.py:63] - INFO - procotol:http, hostname:www.renrenche.com, new_link:/bj/jishou/
2017-09-16 16:02:24,708 - [webpage_parser.py:63] - INFO - procotol:http, hostname:www.renrenche.com, new_link:/bj/zhunxinche/
2017-09-16 16:02:24,711 - [webpage_parser.py:63] - INFO - procotol:http, hostname:www.renrenche.com, new_link:/bj/chaozhi/
2017-09-16 16:02:24,717 - [webpage_parser.py:63] - INFO - procotol:http, hostname:www.renrenche.com, new_link:/bj/discount/
2017-09-16 16:02:24,718 - [webpage_saver.py:45] - INFO - url https://www.suning.com/?utm_source=hao123&utm_medium=mingzhan is not match
2017-09-16 16:02:24,719 - [webpage_parser.py:63] - INFO - procotol:http, hostname:www.renrenche.com, new_link:/bj/sales
2017-09-16 16:02:24,724 - [webpage_parser.py:63] - INFO - procotol:http, hostname:www.renrenche.com, new_link:javascript:;
2017-09-16 16:02:24,727 - [webpage_parser.py:63] - INFO - procotol:http, hostname:www.renrenche.com, new_link:/bj/ershouche/le-jin_pr-5-8_chaozhi/
2017-09-16 16:02:24,730 - [webpage_parser.py:63] - INFO - procotol:http, hostname:www.renrenche.com, new_link:/bj/ershouche/le-jin_pr-0-5_chaozhi/
2017-09-16 16:02:24,734 - [webpage_parser.py:63] - INFO - procotol:http, hostname:www.renrenche.com, new_link:/bj/ershouche/le-jin_pr-8-10_chaozhi/
2017-09-16 16:02:24,743 - [webpage_parser.py:63] - INFO - procotol:http, hostname:www.renrenche.com, new_link:/bj/ershouche/le-suv_pr-0-30_chaozhi/
2017-09-16 16:02:24,748 - [webpage_parser.py:63] - INFO - procotol:http, hostname:www.renrenche.com, new_link:/bj/ershouche/pr-0-30_chaozhi_jishou_discount/
2017-09-16 16:02:24,752 - [webpage_parser.py:63] - INFO - procotol:http, hostname:www.renrenche.com, new_link:/bj/ershouche/
2017-09-16 16:02:24,754 - [webpage_parser.py:63] - INFO - procotol:http, hostname:www.renrenche.com, new_link:/bj/car/472b5a7f2110f7cb
2017-09-16 16:02:24,757 - [webpage_parser.py:63] - INFO - procotol:http, hostname:www.renrenche.com, new_link:/bj/car/3c9b5d9c66f5523c
2017-09-16 16:02:24,759 - [webpage_parser.py:63] - INFO - procotol:http, hostname:www.renrenche.com, new_link:/bj/car/162e749731f99e55
2017-09-16 16:02:24,761 - [webpage_parser.py:63] - INFO - procotol:http, hostname:www.renrenche.com, new_link:/bj/car/5c6f02e8b8219847
2017-09-16 16:02:24,768 - [webpage_parser.py:63] - INFO - procotol:http, hostname:www.renrenche.com, new_link:/bj/car/eb43bdf71cc21c08
2017-09-16 16:02:24,770 - [webpage_parser.py:63] - INFO - procotol:http, hostname:www.renrenche.com, new_link:/bj/car/386caff27565a526
2017-09-16 16:02:24,773 - [webpage_parser.py:63] - INFO - procotol:http, hostname:www.renrenche.com, new_link:/bj/car/41aeb5710e6612cd
2017-09-16 16:02:24,776 - [webpage_parser.py:63] - INFO - procotol:http, hostname:www.renrenche.com, new_link:/bj/car/1caa52127b181487
2017-09-16 16:02:24,779 - [webpage_parser.py:63] - INFO - procotol:http, hostname:www.renrenche.com, new_link:/bj/car/a86bb0c828816676
2017-09-16 16:02:24,781 - [webpage_parser.py:63] - INFO - procotol:http, hostname:www.renrenche.com, new_link:/bj/car/e87efa136144e46e
2017-09-16 16:02:24,783 - [webpage_parser.py:63] - INFO - procotol:http, hostname:www.renrenche.com, new_link:/bj/car/5c0a8714085ea6c0
2017-09-16 16:02:24,783 - [webpage_saver.py:45] - INFO - url http://www.gmw.cn/ is not match
2017-09-16 16:02:24,784 - [webpage_parser.py:63] - INFO - procotol:http, hostname:www.renrenche.com, new_link:/bj/car/15c047041e812678
2017-09-16 16:02:24,786 - [webpage_parser.py:63] - INFO - procotol:http, hostname:www.renrenche.com, new_link:/bj/car/05f03cf8c472635b
2017-09-16 16:02:24,790 - [webpage_parser.py:63] - INFO - procotol:http, hostname:www.renrenche.com, new_link:/bj/car/923b0130c40cd6c1
2017-09-16 16:02:24,798 - [webpage_parser.py:63] - INFO - procotol:http, hostname:www.renrenche.com, new_link:/bj/car/b6b7094c97ad4d5c
2017-09-16 16:02:24,801 - [webpage_parser.py:63] - INFO - procotol:http, hostname:www.renrenche.com, new_link:/bj/car/a12e98fd943b3bc1
2017-09-16 16:02:24,803 - [webpage_parser.py:63] - INFO - procotol:http, hostname:www.renrenche.com, new_link:/bj/car/0f8a5d4daf7e8740
2017-09-16 16:02:24,804 - [webpage_parser.py:63] - INFO - procotol:http, hostname:www.renrenche.com, new_link:/bj/car/d9abf587c658efa1
2017-09-16 16:02:24,806 - [webpage_parser.py:63] - INFO - procotol:http, hostname:www.renrenche.com, new_link:/bj/car/5769a857536fbb03
2017-09-16 16:02:24,807 - [webpage_parser.py:63] - INFO - procotol:http, hostname:www.renrenche.com, new_link:/bj/car/78fdf5c6552ef9d2
2017-09-16 16:02:24,811 - [webpage_parser.py:63] - INFO - procotol:http, hostname:www.renrenche.com, new_link:/bj/car/eed182f2038d233f
2017-09-16 16:02:24,816 - [webpage_parser.py:63] - INFO - procotol:http, hostname:www.renrenche.com, new_link:/bj/car/eb43bdf71cc21c08
2017-09-16 16:02:24,819 - [webpage_parser.py:63] - INFO - procotol:http, hostname:www.renrenche.com, new_link:/bj/car/b660572ea7bd9427
2017-09-16 16:02:24,822 - [webpage_parser.py:63] - INFO - procotol:http, hostname:www.renrenche.com, new_link:/bj/car/146033f0a921615e
2017-09-16 16:02:24,822 - [webpage_parser.py:63] - INFO - procotol:http, hostname:www.renrenche.com, new_link:/bj/car/5dfe363c558e96da
2017-09-16 16:02:24,823 - [webpage_parser.py:63] - INFO - procotol:http, hostname:www.renrenche.com, new_link:/bj/car/f7ab0e5c5240bca0
2017-09-16 16:02:24,823 - [webpage_parser.py:63] - INFO - procotol:http, hostname:www.renrenche.com, new_link:/bj/car/04cb60242c0356d4
2017-09-16 16:02:24,824 - [webpage_parser.py:63] - INFO - procotol:http, hostname:www.renrenche.com, new_link:/bj/car/c8917ed250cc5023
2017-09-16 16:02:24,829 - [webpage_parser.py:63] - INFO - procotol:http, hostname:www.renrenche.com, new_link:/bj/car/59b11fc7616fc053
2017-09-16 16:02:24,833 - [webpage_parser.py:63] - INFO - procotol:http, hostname:www.renrenche.com, new_link:/bj/car/ddabb2df3103c8ea
2017-09-16 16:02:24,837 - [webpage_parser.py:63] - INFO - procotol:http, hostname:www.renrenche.com, new_link:/bj/car/e7d3cf2902e3f47a
2017-09-16 16:02:24,839 - [webpage_parser.py:63] - INFO - procotol:http, hostname:www.renrenche.com, new_link:/bj/car/3b400adc4b13f7b6
2017-09-16 16:02:24,844 - [webpage_parser.py:63] - INFO - procotol:http, hostname:www.renrenche.com, new_link:/bj/car/197f8773e8f8a9af
2017-09-16 16:02:24,852 - [webpage_parser.py:63] - INFO - procotol:http, hostname:www.renrenche.com, new_link:/bj/car/67a4915ce363dfa7
2017-09-16 16:02:24,856 - [webpage_parser.py:63] - INFO - procotol:http, hostname:www.renrenche.com, new_link:/bj/car/9c9fbefe5f06ea4d
2017-09-16 16:02:24,856 - [connectionpool.py:207] - DEBUG - Starting new HTTP connection (1): pan.baidu.com
2017-09-16 16:02:24,866 - [webpage_parser.py:63] - INFO - procotol:http, hostname:www.renrenche.com, new_link:/bj/car/91d1d6c7e4897e97
2017-09-16 16:02:24,873 - [webpage_parser.py:63] - INFO - procotol:http, hostname:www.renrenche.com, new_link:/bj/car/162e749731f99e55
2017-09-16 16:02:24,874 - [webpage_parser.py:63] - INFO - procotol:http, hostname:www.renrenche.com, new_link:/bj/car/a86bb0c828816676
2017-09-16 16:02:24,876 - [webpage_parser.py:63] - INFO - procotol:http, hostname:www.renrenche.com, new_link:/bj/car/7b5e35c9ddb6403c
2017-09-16 16:02:24,879 - [webpage_parser.py:63] - INFO - procotol:http, hostname:www.renrenche.com, new_link:/bj/car/e87efa136144e46e
2017-09-16 16:02:24,882 - [webpage_parser.py:63] - INFO - procotol:http, hostname:www.renrenche.com, new_link:/bj/ershouche/
2017-09-16 16:02:24,885 - [webpage_parser.py:63] - INFO - procotol:http, hostname:www.renrenche.com, new_link:/bj/sales?fromSource=pc-keysubmit-banner
2017-09-16 16:02:24,887 - [webpage_parser.py:63] - INFO - procotol:http, hostname:www.renrenche.com, new_link:/bj/p/9
2017-09-16 16:02:24,888 - [webpage_parser.py:63] - INFO - procotol:http, hostname:www.renrenche.com, new_link:/bj/p/9/xiao_ma_da
2017-09-16 16:02:24,894 - [webpage_parser.py:63] - INFO - procotol:http, hostname:www.renrenche.com, new_link:/bj/p/9/yi_ge
2017-09-16 16:02:24,895 - [connectionpool.py:395] - DEBUG - http://pan.baidu.com:80 "GET / HTTP/1.1" 404 None
2017-09-16 16:02:24,896 - [webpage_parser.py:63] - INFO - procotol:http, hostname:www.renrenche.com, new_link:/bj/p/9/a_zhi
2017-09-16 16:02:24,903 - [webpage_parser.py:63] - INFO - procotol:http, hostname:www.renrenche.com, new_link:/bj/p/9/wan_mei_ge
2017-09-16 16:02:24,906 - [webpage_parser.py:63] - INFO - procotol:http, hostname:www.renrenche.com, new_link:/bj/p/9/da_peng
2017-09-16 16:02:24,908 - [webpage_parser.py:63] - INFO - procotol:http, hostname:www.renrenche.com, new_link:/bj/p/9/lao_mao
2017-09-16 16:02:24,911 - [webpage_parser.py:63] - INFO - procotol:http, hostname:www.renrenche.com, new_link:javascript:void(0);
2017-09-16 16:02:24,912 - [webpage_parser.py:63] - INFO - procotol:http, hostname:www.renrenche.com, new_link:/bj/aboutus
2017-09-16 16:02:24,916 - [webpage_parser.py:63] - INFO - procotol:http, hostname:www.renrenche.com, new_link:/bj/contact
2017-09-16 16:02:24,917 - [webpage_crawler.py:115] - ERROR - crawl url http://pan.baidu.com/ failed, status code 404
2017-09-16 16:02:24,918 - [webpage_parser.py:63] - INFO - procotol:http, hostname:www.renrenche.com, new_link:/bj/career
2017-09-16 16:02:24,924 - [webpage_parser.py:63] - INFO - procotol:http, hostname:www.renrenche.com, new_link:/bj/service
2017-09-16 16:02:24,927 - [webpage_parser.py:63] - INFO - procotol:http, hostname:www.renrenche.com, new_link:/bj/sales
2017-09-16 16:02:24,930 - [webpage_parser.py:63] - INFO - procotol:http, hostname:www.renrenche.com, new_link:/bj/p/10/renrenche_yidigouche
2017-09-16 16:02:24,933 - [webpage_parser.py:63] - INFO - procotol:http, hostname:www.renrenche.com, new_link:#weixin
2017-09-16 16:02:24,935 - [webpage_parser.py:63] - INFO - procotol:http, hostname:www.renrenche.com, new_link:#call
2017-09-16 16:02:24,940 - [webpage_parser.py:63] - INFO - procotol:http, hostname:www.renrenche.com, new_link:/bj/sitemap
2017-09-16 16:02:24,943 - [webpage_parser.py:63] - INFO - procotol:http, hostname:www.renrenche.com, new_link:/bj/sitemap_b
2017-09-16 16:02:24,949 - [webpage_parser.py:63] - INFO - procotol:http, hostname:www.renrenche.com, new_link:/bj/sitemap_c
2017-09-16 16:02:24,955 - [webpage_parser.py:63] - INFO - procotol:http, hostname:www.renrenche.com, new_link:/bj/sitemap_d
2017-09-16 16:02:24,956 - [webpage_parser.py:63] - INFO - procotol:http, hostname:www.renrenche.com, new_link:/bj/sitemap_e
2017-09-16 16:02:24,956 - [webpage_parser.py:63] - INFO - procotol:http, hostname:www.renrenche.com, new_link:/bj/sitemap_f
2017-09-16 16:02:24,957 - [webpage_parser.py:63] - INFO - procotol:http, hostname:www.renrenche.com, new_link:/bj/sitemap_g
2017-09-16 16:02:24,958 - [webpage_parser.py:63] - INFO - procotol:http, hostname:www.renrenche.com, new_link:/bj/sitemap_h
2017-09-16 16:02:24,959 - [webpage_parser.py:63] - INFO - procotol:http, hostname:www.renrenche.com, new_link:/bj/sitemap_i
2017-09-16 16:02:24,960 - [webpage_parser.py:63] - INFO - procotol:http, hostname:www.renrenche.com, new_link:/bj/sitemap_j
2017-09-16 16:02:24,962 - [webpage_parser.py:63] - INFO - procotol:http, hostname:www.renrenche.com, new_link:/bj/sitemap_k
2017-09-16 16:02:24,963 - [webpage_parser.py:63] - INFO - procotol:http, hostname:www.renrenche.com, new_link:/bj/sitemap_l
2017-09-16 16:02:24,966 - [webpage_parser.py:63] - INFO - procotol:http, hostname:www.renrenche.com, new_link:/bj/sitemap_m
2017-09-16 16:02:24,968 - [webpage_parser.py:63] - INFO - procotol:http, hostname:www.renrenche.com, new_link:/bj/sitemap_n
2017-09-16 16:02:24,971 - [webpage_parser.py:63] - INFO - procotol:http, hostname:www.renrenche.com, new_link:/bj/sitemap_o
2017-09-16 16:02:24,975 - [webpage_parser.py:63] - INFO - procotol:http, hostname:www.renrenche.com, new_link:/bj/sitemap_p
2017-09-16 16:02:24,977 - [webpage_parser.py:63] - INFO - procotol:http, hostname:www.renrenche.com, new_link:/bj/sitemap_q
2017-09-16 16:02:24,978 - [webpage_parser.py:63] - INFO - procotol:http, hostname:www.renrenche.com, new_link:/bj/sitemap_r
2017-09-16 16:02:24,979 - [webpage_parser.py:63] - INFO - procotol:http, hostname:www.renrenche.com, new_link:/bj/sitemap_s
2017-09-16 16:02:24,979 - [webpage_parser.py:63] - INFO - procotol:http, hostname:www.renrenche.com, new_link:/bj/sitemap_t
2017-09-16 16:02:24,983 - [webpage_parser.py:63] - INFO - procotol:http, hostname:www.renrenche.com, new_link:/bj/sitemap_u
2017-09-16 16:02:24,989 - [webpage_parser.py:63] - INFO - procotol:http, hostname:www.renrenche.com, new_link:/bj/sitemap_v
2017-09-16 16:02:24,990 - [webpage_parser.py:63] - INFO - procotol:http, hostname:www.renrenche.com, new_link:/bj/sitemap_w
2017-09-16 16:02:24,991 - [webpage_parser.py:63] - INFO - procotol:http, hostname:www.renrenche.com, new_link:/bj/sitemap_x
2017-09-16 16:02:24,992 - [webpage_parser.py:63] - INFO - procotol:http, hostname:www.renrenche.com, new_link:/bj/sitemap_y
2017-09-16 16:02:24,997 - [webpage_parser.py:63] - INFO - procotol:http, hostname:www.renrenche.com, new_link:/bj/sitemap_z
2017-09-16 16:02:24,999 - [webpage_parser.py:63] - INFO - procotol:http, hostname:www.renrenche.com, new_link:#index_tag
2017-09-16 16:02:25,003 - [webpage_parser.py:63] - INFO - procotol:http, hostname:www.renrenche.com, new_link:#city_tag
2017-09-16 16:02:25,007 - [webpage_parser.py:63] - INFO - procotol:http, hostname:www.renrenche.com, new_link:#brands_tag
2017-09-16 16:02:25,009 - [webpage_parser.py:63] - INFO - procotol:http, hostname:www.renrenche.com, new_link:#series_tag
2017-09-16 16:02:25,012 - [webpage_parser.py:63] - INFO - procotol:http, hostname:www.renrenche.com, new_link:#full_tag
2017-09-16 16:02:25,015 - [webpage_parser.py:63] - INFO - procotol:http, hostname:www.renrenche.com, new_link:#friendly_link
2017-09-16 16:02:25,017 - [webpage_parser.py:63] - INFO - procotol:http, hostname:www.renrenche.com, new_link:/xa/
2017-09-16 16:02:25,017 - [webpage_parser.py:63] - INFO - procotol:http, hostname:www.renrenche.com, new_link:/hrb/
2017-09-16 16:02:25,018 - [webpage_parser.py:63] - INFO - procotol:http, hostname:www.renrenche.com, new_link:/dg/
2017-09-16 16:02:25,018 - [webpage_parser.py:63] - INFO - procotol:http, hostname:www.renrenche.com, new_link:/gy/
2017-09-16 16:02:25,020 - [webpage_parser.py:63] - INFO - procotol:http, hostname:www.renrenche.com, new_link:/fs/
2017-09-16 16:02:25,022 - [webpage_parser.py:63] - INFO - procotol:http, hostname:www.renrenche.com, new_link:/sy/
2017-09-16 16:02:25,025 - [webpage_parser.py:63] - INFO - procotol:http, hostname:www.renrenche.com, new_link:/hf/
2017-09-16 16:02:25,030 - [webpage_parser.py:63] - INFO - procotol:http, hostname:www.renrenche.com, new_link:/jn/
2017-09-16 16:02:25,034 - [webpage_parser.py:63] - INFO - procotol:http, hostname:www.renrenche.com, new_link:/cc/
2017-09-16 16:02:25,037 - [webpage_parser.py:63] - INFO - procotol:http, hostname:www.renrenche.com, new_link:/nn/
2017-09-16 16:02:25,041 - [webpage_parser.py:63] - INFO - procotol:http, hostname:www.renrenche.com, new_link:/zz/
2017-09-16 16:02:25,042 - [webpage_parser.py:63] - INFO - procotol:http, hostname:www.renrenche.com, new_link:/bj/
2017-09-16 16:02:25,043 - [webpage_parser.py:63] - INFO - procotol:http, hostname:www.renrenche.com, new_link:/km/
2017-09-16 16:02:25,044 - [webpage_parser.py:63] - INFO - procotol:http, hostname:www.renrenche.com, new_link:/sh/
2017-09-16 16:02:25,046 - [webpage_parser.py:63] - INFO - procotol:http, hostname:www.renrenche.com, new_link:/wulu/
2017-09-16 16:02:25,052 - [webpage_parser.py:63] - INFO - procotol:http, hostname:www.renrenche.com, new_link:/cs/
2017-09-16 16:02:25,053 - [webpage_parser.py:63] - INFO - procotol:http, hostname:www.renrenche.com, new_link:/lz/
2017-09-16 16:02:25,055 - [webpage_parser.py:63] - INFO - procotol:http, hostname:www.renrenche.com, new_link:/tj/
2017-09-16 16:02:25,064 - [webpage_parser.py:63] - INFO - procotol:http, hostname:www.renrenche.com, new_link:/suz/
2017-09-16 16:02:25,065 - [webpage_parser.py:63] - INFO - procotol:http, hostname:www.renrenche.com, new_link:/sjz/
2017-09-16 16:02:25,066 - [webpage_parser.py:63] - INFO - procotol:http, hostname:www.renrenche.com, new_link:/yt/
2017-09-16 16:02:25,066 - [webpage_parser.py:63] - INFO - procotol:http, hostname:www.renrenche.com, new_link:/xm/
2017-09-16 16:02:25,066 - [webpage_parser.py:63] - INFO - procotol:http, hostname:www.renrenche.com, new_link:/sz/
2017-09-16 16:02:25,068 - [webpage_parser.py:63] - INFO - procotol:http, hostname:www.renrenche.com, new_link:/bd/
2017-09-16 16:02:25,069 - [webpage_parser.py:63] - INFO - procotol:http, hostname:www.renrenche.com, new_link:/cq/
2017-09-16 16:02:25,070 - [webpage_parser.py:63] - INFO - procotol:http, hostname:www.renrenche.com, new_link:/nt/
2017-09-16 16:02:25,072 - [webpage_parser.py:63] - INFO - procotol:http, hostname:www.renrenche.com, new_link:/ts/
2017-09-16 16:02:25,073 - [webpage_parser.py:63] - INFO - procotol:http, hostname:www.renrenche.com, new_link:/bj/dazhong/
2017-09-16 16:02:25,079 - [webpage_parser.py:63] - INFO - procotol:http, hostname:www.renrenche.com, new_link:/bj/baoma/
2017-09-16 16:02:25,081 - [webpage_parser.py:63] - INFO - procotol:http, hostname:www.renrenche.com, new_link:/bj/bieke/
2017-09-16 16:02:25,082 - [webpage_parser.py:63] - INFO - procotol:http, hostname:www.renrenche.com, new_link:/bj/richan/
2017-09-16 16:02:25,083 - [webpage_parser.py:63] - INFO - procotol:http, hostname:www.renrenche.com, new_link:/bj/bentian/
2017-09-16 16:02:25,086 - [webpage_parser.py:63] - INFO - procotol:http, hostname:www.renrenche.com, new_link:/bj/benchi/
2017-09-16 16:02:25,090 - [webpage_parser.py:63] - INFO - procotol:http, hostname:www.renrenche.com, new_link:/bj/xiandai/
2017-09-16 16:02:25,091 - [webpage_parser.py:63] - INFO - procotol:http, hostname:www.renrenche.com, new_link:/bj/qiya/
2017-09-16 16:02:25,093 - [webpage_parser.py:63] - INFO - procotol:http, hostname:www.renrenche.com, new_link:/bj/qirui/
2017-09-16 16:02:25,096 - [webpage_parser.py:63] - INFO - procotol:http, hostname:www.renrenche.com, new_link:/bj/aodi/
2017-09-16 16:02:25,096 - [webpage_parser.py:63] - INFO - procotol:http, hostname:www.renrenche.com, new_link:/bj/fengtian/
2017-09-16 16:02:25,097 - [webpage_parser.py:63] - INFO - procotol:http, hostname:www.renrenche.com, new_link:/bj/mazida/
2017-09-16 16:02:25,103 - [webpage_parser.py:63] - INFO - procotol:http, hostname:www.renrenche.com, new_link:/bj/changan/
2017-09-16 16:02:25,106 - [webpage_parser.py:63] - INFO - procotol:http, hostname:www.renrenche.com, new_link:/bj/xuetielong/
2017-09-16 16:02:25,110 - [webpage_parser.py:63] - INFO - procotol:http, hostname:www.renrenche.com, new_link:/bj/lingmu/
2017-09-16 16:02:25,112 - [webpage_parser.py:63] - INFO - procotol:http, hostname:www.renrenche.com, new_link:/bj/biyadi/
2017-09-16 16:02:25,113 - [webpage_parser.py:63] - INFO - procotol:http, hostname:www.renrenche.com, new_link:/bj/xuefolan/
2017-09-16 16:02:25,114 - [webpage_parser.py:63] - INFO - procotol:http, hostname:www.renrenche.com, new_link:/bj/fute/
2017-09-16 16:02:25,115 - [webpage_parser.py:63] - INFO - procotol:http, hostname:www.renrenche.com, new_link:/bj/dongnan/
2017-09-16 16:02:25,119 - [webpage_parser.py:63] - INFO - procotol:http, hostname:www.renrenche.com, new_link:/bj/luhu/
2017-09-16 16:02:25,123 - [webpage_parser.py:63] - INFO - procotol:http, hostname:www.renrenche.com, new_link:/bj/MINI/
2017-09-16 16:02:25,127 - [webpage_parser.py:63] - INFO - procotol:http, hostname:www.renrenche.com, new_link:/bj/rongwei/
2017-09-16 16:02:25,130 - [webpage_parser.py:63] - INFO - procotol:http, hostname:www.renrenche.com, new_link:/bj/hafu/
2017-09-16 16:02:25,136 - [webpage_parser.py:63] - INFO - procotol:http, hostname:www.renrenche.com, new_link:/bj/dongfeng/
2017-09-16 16:02:25,138 - [webpage_parser.py:63] - INFO - procotol:http, hostname:www.renrenche.com, new_link:/bj/yiqi/
2017-09-16 16:02:25,140 - [webpage_parser.py:63] - INFO - procotol:http, hostname:www.renrenche.com, new_link:/bj/Jeep/
2017-09-16 16:02:25,142 - [webpage_parser.py:63] - INFO - procotol:http, hostname:www.renrenche.com, new_link:/bj/zhonghua/
2017-09-16 16:02:25,143 - [webpage_parser.py:63] - INFO - procotol:http, hostname:www.renrenche.com, new_link:/bj/baoma_baoma3xi/
2017-09-16 16:02:25,143 - [webpage_saver.py:45] - INFO - url http://mil.news.sina.com.cn/ is not match
2017-09-16 16:02:25,144 - [webpage_parser.py:63] - INFO - procotol:http, hostname:www.renrenche.com, new_link:/bj/mazida_mazida6/
2017-09-16 16:02:25,145 - [webpage_parser.py:63] - INFO - procotol:http, hostname:www.renrenche.com, new_link:/bj/xuefolan_keluzi/
2017-09-16 16:02:25,147 - [webpage_saver.py:45] - INFO - url http://xyx.hao123.com is not match
2017-09-16 16:02:25,148 - [webpage_parser.py:63] - INFO - procotol:http, hostname:www.renrenche.com, new_link:/bj/bentian_yage/
2017-09-16 16:02:25,149 - [webpage_parser.py:63] - INFO - procotol:http, hostname:www.renrenche.com, new_link:/bj/fute_fukesi/
2017-09-16 16:02:25,150 - [webpage_parser.py:63] - INFO - procotol:http, hostname:www.renrenche.com, new_link:/bj/dazhong_maiteng/
2017-09-16 16:02:25,153 - [webpage_parser.py:63] - INFO - procotol:http, hostname:www.renrenche.com, new_link:/bj/dongnan_V3lingyue/
2017-09-16 16:02:25,153 - [webpage_parser.py:63] - INFO - procotol:http, hostname:www.renrenche.com, new_link:/bj/benchi_benchiEji/
2017-09-16 16:02:25,154 - [webpage_parser.py:63] - INFO - procotol:http, hostname:www.renrenche.com, new_link:/bj/fengtian_kaimeirui/
2017-09-16 16:02:25,154 - [webpage_parser.py:63] - INFO - procotol:http, hostname:www.renrenche.com, new_link:/bj/richan_tianlai/
2017-09-16 16:02:25,154 - [webpage_parser.py:63] - INFO - procotol:http, hostname:www.renrenche.com, new_link:/bj/baoshijie_Cayenne/
2017-09-16 16:02:25,155 - [webpage_parser.py:63] - INFO - procotol:http, hostname:www.renrenche.com, new_link:/bj/rongwei_rongwei550/
2017-09-16 16:02:25,156 - [webpage_parser.py:63] - INFO - procotol:http, hostname:www.renrenche.com, new_link:/bj/xuetielong_shijia/
2017-09-16 16:02:25,157 - [webpage_parser.py:63] - INFO - procotol:http, hostname:www.renrenche.com, new_link:/bj/changan_yuexiang/
2017-09-16 16:02:25,158 - [webpage_parser.py:63] - INFO - procotol:http, hostname:www.renrenche.com, new_link:/bj/luhu_lanshengjiguang/
2017-09-16 16:02:25,158 - [webpage_parser.py:63] - INFO - procotol:http, hostname:www.renrenche.com, new_link:/bj/xiandai_yuedong/
2017-09-16 16:02:25,158 - [webpage_parser.py:63] - INFO - procotol:http, hostname:www.renrenche.com, new_link:/bj/dongfeng_lingzhi/
2017-09-16 16:02:25,159 - [webpage_parser.py:63] - INFO - procotol:http, hostname:www.renrenche.com, new_link:/bj/MINI_MINI/
2017-09-16 16:02:25,160 - [webpage_parser.py:63] - INFO - procotol:http, hostname:www.renrenche.com, new_link:/bj/benteng_bentengB70/
2017-09-16 16:02:25,161 - [webpage_parser.py:63] - INFO - procotol:http, hostname:www.renrenche.com, new_link:/bj/sikeda_mingrui/
2017-09-16 16:02:25,162 - [webpage_parser.py:63] - INFO - procotol:http, hostname:www.renrenche.com, new_link:/bj/woerwo_woerwoS80L/
2017-09-16 16:02:25,162 - [webpage_parser.py:63] - INFO - procotol:http, hostname:www.renrenche.com, new_link:/bj/biaozhi_biaozhi307/
2017-09-16 16:02:25,164 - [webpage_parser.py:63] - INFO - procotol:http, hostname:www.renrenche.com, new_link:/bj/smart_smartfortwo/
2017-09-16 16:02:25,171 - [webpage_parser.py:63] - INFO - procotol:http, hostname:www.renrenche.com, new_link:/bj/biyadi_biyadiF3/
2017-09-16 16:02:25,182 - [webpage_parser.py:63] - INFO - procotol:http, hostname:www.renrenche.com, new_link:/bj/bieke_biekeGL8/
2017-09-16 16:02:25,185 - [webpage_parser.py:63] - INFO - procotol:http, hostname:www.renrenche.com, new_link:/bj/qiya_furuidi/
2017-09-16 16:02:25,191 - [webpage_parser.py:63] - INFO - procotol:http, hostname:www.renrenche.com, new_link:/bj/Jeep_zhinanzhe/
2017-09-16 16:02:25,235 - [webpage_saver.py:45] - INFO - url http://www.renrenche.com/?fr=1465&tg_aid=10050666 is not match
2017-09-16 16:02:25,458 - [sbcharsetprober.py:119] - DEBUG - MacCyrillic confidence = 0.0451724657097, below negative shortcut threshhold 0.05
2017-09-16 16:02:25,635 - [connectionpool.py:207] - DEBUG - Starting new HTTP connection (1): www.12377.cn
2017-09-16 16:02:25,748 - [connectionpool.py:207] - DEBUG - Starting new HTTP connection (1): www.hao123.com
2017-09-16 16:02:25,782 - [connectionpool.py:395] - DEBUG - http://www.hao123.com:80 "GET /api/ajax?menu=movie_kp HTTP/1.1" 302 0
2017-09-16 16:02:25,802 - [connectionpool.py:818] - DEBUG - Starting new HTTPS connection (1): www.baidu.com
2017-09-16 16:02:25,879 - [connectionpool.py:395] - DEBUG - http://www.hao123.com:80 "GET /?menu=movie_kp HTTP/1.1" 200 None
2017-09-16 16:02:25,906 - [connectionpool.py:395] - DEBUG - https://www.baidu.com:443 "GET /s?wd=%E5%BF%AB%E9%80%9F%E5%80%9F%E6%AC%BE&tn=50000056_hao_pg&ie=UTF-8 HTTP/1.1" 200 227
2017-09-16 16:02:25,919 - [webpage_saver.py:45] - INFO - url https://www.baidu.com/s?wd=%E5%BF%AB%E9%80%9F%E5%80%9F%E6%AC%BE&tn=50000056_hao_pg&ie=UTF-8 is not match
2017-09-16 16:02:25,944 - [connectionpool.py:207] - DEBUG - Starting new HTTP connection (1): www.baidu.com
2017-09-16 16:02:25,990 - [connectionpool.py:395] - DEBUG - http://www.baidu.com:80 "GET /s?word=%E6%AF%94%E7%89%B9%E5%B8%81%E4%B8%AD%E5%9B%BD%E5%B0%86%E5%85%B3%E5%81%9C&tn=50000028_hao_pg&ie=utf-8' HTTP/1.1" 200 None
2017-09-16 16:02:26,141 - [webpage_parser.py:63] - INFO - procotol:http, hostname:www.hao123.com, new_link:javascript:;
2017-09-16 16:02:26,148 - [webpage_parser.py:63] - INFO - procotol:http, hostname:www.hao123.com, new_link:/api/ajax?skintype=0&toggle=1
2017-09-16 16:02:26,156 - [webpage_parser.py:63] - INFO - procotol:http, hostname:www.hao123.com, new_link:/api/ajax?menu=index
2017-09-16 16:02:26,162 - [webpage_parser.py:63] - INFO - procotol:http, hostname:www.hao123.com, new_link:/api/ajax?menu=tv_kp
2017-09-16 16:02:26,166 - [webpage_parser.py:63] - INFO - procotol:http, hostname:www.hao123.com, new_link:/api/ajax?menu=news_kp
2017-09-16 16:02:26,167 - [webpage_parser.py:63] - INFO - procotol:http, hostname:www.hao123.com, new_link:/api/ajax?menu=bagua_kp
2017-09-16 16:02:26,168 - [webpage_parser.py:63] - INFO - procotol:http, hostname:www.hao123.com, new_link:/api/ajax?menu=military_kp
2017-09-16 16:02:26,168 - [webpage_parser.py:63] - INFO - procotol:http, hostname:www.hao123.com, new_link:/api/ajax?menu=game_kp
2017-09-16 16:02:26,181 - [connectionpool.py:207] - DEBUG - Starting new HTTP connection (1): www.msparis.com
2017-09-16 16:02:26,183 - [webpage_parser.py:63] - INFO - procotol:http, hostname:www.hao123.com, new_link:/api/ajax?menu=xyx_kp
2017-09-16 16:02:26,183 - [connectionpool.py:818] - DEBUG - Starting new HTTPS connection (1): www.baidu.com
2017-09-16 16:02:26,190 - [webpage_parser.py:63] - INFO - procotol:http, hostname:www.hao123.com, new_link:/api/ajax?menu=tejia_kp
2017-09-16 16:02:26,193 - [webpage_parser.py:63] - INFO - procotol:http, hostname:www.hao123.com, new_link:/api/ajax?menu=travel_kp
2017-09-16 16:02:26,197 - [webpage_parser.py:63] - INFO - procotol:http, hostname:www.hao123.com, new_link:/api/ajax?menu=auto_kp
2017-09-16 16:02:26,230 - [webpage_saver.py:45] - INFO - url http://www.hao123.com/api/ajax?menu=movie_kp is not match
2017-09-16 16:02:26,260 - [connectionpool.py:207] - DEBUG - Starting new HTTP connection (1): www.baidu.com
2017-09-16 16:02:26,435 - [webpage_parser.py:63] - INFO - procotol:http, hostname:www.baidu.com, new_link:/
2017-09-16 16:02:26,437 - [webpage_parser.py:63] - INFO - procotol:http, hostname:www.baidu.com, new_link:javascript:;
2017-09-16 16:02:26,451 - [webpage_parser.py:63] - INFO - procotol:http, hostname:www.baidu.com, new_link:javascript:;
2017-09-16 16:02:26,454 - [webpage_parser.py:63] - INFO - procotol:http, hostname:www.baidu.com, new_link:javascript:;
2017-09-16 16:02:26,459 - [webpage_parser.py:63] - INFO - procotol:http, hostname:www.baidu.com, new_link:/
2017-09-16 16:02:26,460 - [webpage_parser.py:63] - INFO - procotol:http, hostname:www.baidu.com, new_link:javascript:;
2017-09-16 16:02:26,468 - [webpage_parser.py:63] - INFO - procotol:http, hostname:www.baidu.com, new_link:/s?tn=50000028_hao_pg&usm=2&wd=%E5%BC%A0%E4%B8%80%E5%B1%B1%E6%8B%8D%E6%88%8F%E9%81%AD%E8%87%AD%E9%AA%82&ie=utf-8&rsv_cq=%E6%AF%94%E7%89%B9%E5%B8%81%E4%B8%AD%E5%9B%BD%E5%B0%86%E5%85%B3%E5%81%9C&rsv_dl=0_right_toplist_20811
2017-09-16 16:02:26,477 - [webpage_parser.py:63] - INFO - procotol:http, hostname:www.baidu.com, new_link:/s?tn=50000028_hao_pg&usm=2&wd=%E6%9D%8E%E6%99%A8%E6%B1%82%E5%A9%9A%E8%8C%83%E5%86%B0%E5%86%B0&ie=utf-8&rsv_cq=%E6%AF%94%E7%89%B9%E5%B8%81%E4%B8%AD%E5%9B%BD%E5%B0%86%E5%85%B3%E5%81%9C&rsv_dl=0_right_toplist_20811
2017-09-16 16:02:26,477 - [webpage_parser.py:63] - INFO - procotol:http, hostname:www.baidu.com, new_link:/s?tn=50000028_hao_pg&usm=2&wd=%E5%91%A8%E6%98%9F%E9%A9%B0%E6%97%A7%E7%85%A7%E6%9B%9D%E5%85%89&ie=utf-8&rsv_cq=%E6%AF%94%E7%89%B9%E5%B8%81%E4%B8%AD%E5%9B%BD%E5%B0%86%E5%85%B3%E5%81%9C&rsv_dl=0_right_toplist_20811
2017-09-16 16:02:26,478 - [webpage_parser.py:63] - INFO - procotol:http, hostname:www.baidu.com, new_link:/s?tn=50000028_hao_pg&usm=2&wd=B%E7%AB%99%E8%AF%B7%E9%81%93%E5%A3%AB%E4%BD%9C%E6%B3%95&ie=utf-8&rsv_cq=%E6%AF%94%E7%89%B9%E5%B8%81%E4%B8%AD%E5%9B%BD%E5%B0%86%E5%85%B3%E5%81%9C&rsv_dl=0_right_toplist_20811
2017-09-16 16:02:26,480 - [webpage_parser.py:63] - INFO - procotol:http, hostname:www.baidu.com, new_link:/s?tn=50000028_hao_pg&usm=2&wd=%E6%9E%97%E5%BF%83%E5%A6%82%E5%BE%8B%E5%B8%88%E5%8F%91%E5%A3%B0%E6%98%8E&ie=utf-8&rsv_cq=%E6%AF%94%E7%89%B9%E5%B8%81%E4%B8%AD%E5%9B%BD%E5%B0%86%E5%85%B3%E5%81%9C&rsv_dl=0_right_toplist_20811
2017-09-16 16:02:26,486 - [webpage_parser.py:63] - INFO - procotol:http, hostname:www.baidu.com, new_link:/s?tn=50000028_hao_pg&usm=2&wd=%E5%BE%AE%E4%BF%A1%E9%9A%90%E7%A7%81%E4%BF%9D%E6%8A%A4%E6%8C%87%E5%BC%95&ie=utf-8&rsv_cq=%E6%AF%94%E7%89%B9%E5%B8%81%E4%B8%AD%E5%9B%BD%E5%B0%86%E5%85%B3%E5%81%9C&rsv_dl=0_right_toplist_20811
2017-09-16 16:02:26,491 - [webpage_parser.py:63] - INFO - procotol:http, hostname:www.baidu.com, new_link:/s?tn=50000028_hao_pg&usm=2&wd=%E9%99%88%E7%BE%BD%E5%87%A1%E5%A4%8D%E5%87%BA&ie=utf-8&rsv_cq=%E6%AF%94%E7%89%B9%E5%B8%81%E4%B8%AD%E5%9B%BD%E5%B0%86%E5%85%B3%E5%81%9C&rsv_dl=0_right_toplist_20811
2017-09-16 16:02:26,494 - [webpage_parser.py:63] - INFO - procotol:http, hostname:www.baidu.com, new_link:/s?tn=50000028_hao_pg&usm=2&wd=%E7%8E%8B%E5%AE%9D%E5%BC%BA%E6%9D%91%E6%B0%91%E8%B0%88%E5%AE%8B%E5%96%86&ie=utf-8&rsv_cq=%E6%AF%94%E7%89%B9%E5%B8%81%E4%B8%AD%E5%9B%BD%E5%B0%86%E5%85%B3%E5%81%9C&rsv_dl=0_right_toplist_20811
2017-09-16 16:02:26,500 - [webpage_parser.py:63] - INFO - procotol:http, hostname:www.baidu.com, new_link:/s?tn=50000028_hao_pg&usm=2&wd=%E4%BC%A6%E6%95%A6%E5%9C%B0%E9%93%81%E5%8F%91%E7%94%9F%E7%88%86%E7%82%B8&ie=utf-8&rsv_cq=%E6%AF%94%E7%89%B9%E5%B8%81%E4%B8%AD%E5%9B%BD%E5%B0%86%E5%85%B3%E5%81%9C&rsv_dl=0_right_toplist_20811
2017-09-16 16:02:26,501 - [webpage_parser.py:63] - INFO - procotol:http, hostname:www.baidu.com, new_link:/s?tn=50000028_hao_pg&usm=2&wd=%E8%B5%9B%E7%90%B3%E5%A8%9C%E6%89%8B%E6%9C%AF&ie=utf-8&rsv_cq=%E6%AF%94%E7%89%B9%E5%B8%81%E4%B8%AD%E5%9B%BD%E5%B0%86%E5%85%B3%E5%81%9C&rsv_dl=0_right_toplist_20811
2017-09-16 16:02:26,514 - [webpage_parser.py:63] - INFO - procotol:http, hostname:www.baidu.com, new_link:/s?tn=50000028_hao_pg&usm=2&wd=%E5%9B%BD%E5%AE%B6%E8%81%8C%E4%B8%9A%E8%B5%84%E6%A0%BC%E7%9B%AE%E5%BD%95&ie=utf-8&rsv_cq=%E6%AF%94%E7%89%B9%E5%B8%81%E4%B8%AD%E5%9B%BD%E5%B0%86%E5%85%B3%E5%81%9C&rsv_dl=0_right_toplist_20811
2017-09-16 16:02:26,514 - [webpage_parser.py:63] - INFO - procotol:http, hostname:www.baidu.com, new_link:/s?tn=50000028_hao_pg&usm=2&wd=%E6%9E%97%E5%BF%97%E7%8E%B2%E5%8D%8A%E8%B9%B2%E9%A2%81%E5%A5%96&ie=utf-8&rsv_cq=%E6%AF%94%E7%89%B9%E5%B8%81%E4%B8%AD%E5%9B%BD%E5%B0%86%E5%85%B3%E5%81%9C&rsv_dl=0_right_toplist_20811
2017-09-16 16:02:26,515 - [webpage_parser.py:63] - INFO - procotol:http, hostname:www.baidu.com, new_link:/s?tn=50000028_hao_pg&usm=2&wd=%E6%9D%8E%E9%9B%A8%E6%A1%90%E5%86%8D%E7%88%86%E6%96%99&ie=utf-8&rsv_cq=%E6%AF%94%E7%89%B9%E5%B8%81%E4%B8%AD%E5%9B%BD%E5%B0%86%E5%85%B3%E5%81%9C&rsv_dl=0_right_toplist_20811
2017-09-16 16:02:26,518 - [webpage_parser.py:63] - INFO - procotol:http, hostname:www.baidu.com, new_link:/s?tn=50000028_hao_pg&usm=2&wd=%E8%8C%83%E5%86%B0%E5%86%B0%E6%9D%8E%E6%99%A8%E6%92%B8%E4%B8%B2&ie=utf-8&rsv_cq=%E6%AF%94%E7%89%B9%E5%B8%81%E4%B8%AD%E5%9B%BD%E5%B0%86%E5%85%B3%E5%81%9C&rsv_dl=0_right_toplist_20811
2017-09-16 16:02:26,519 - [sbcharsetprober.py:119] - DEBUG - IBM866 confidence = 0.0411510927213, below negative shortcut threshhold 0.05
2017-09-16 16:02:26,519 - [webpage_parser.py:63] - INFO - procotol:http, hostname:www.baidu.com, new_link:/s?tn=50000028_hao_pg&usm=2&wd=%E6%97%A5%E4%BC%81%E5%91%A8%E4%BC%91%E4%B8%89%E6%97%A5&ie=utf-8&rsv_cq=%E6%AF%94%E7%89%B9%E5%B8%81%E4%B8%AD%E5%9B%BD%E5%B0%86%E5%85%B3%E5%81%9C&rsv_dl=0_right_toplist_20811
2017-09-16 16:02:26,596 - [webpage_parser.py:63] - INFO - procotol:http, hostname:www.baidu.com, new_link:/s?tn=50000028_hao_pg&usm=2&wd=%E5%B0%8F%E5%AD%A6%E7%94%9F%E8%8E%B7%E5%9B%BD%E5%AE%B6%E4%B8%93%E5%88%A9&ie=utf-8&rsv_cq=%E6%AF%94%E7%89%B9%E5%B8%81%E4%B8%AD%E5%9B%BD%E5%B0%86%E5%85%B3%E5%81%9C&rsv_dl=0_right_toplist_20811
2017-09-16 16:02:26,617 - [webpage_parser.py:63] - INFO - procotol:http, hostname:www.baidu.com, new_link:/s?tn=50000028_hao_pg&usm=2&wd=%E6%B2%89%E8%BF%B7%E6%B8%B8%E6%88%8F%E7%BD%91%E5%90%A7%E5%90%83%E4%BD%8F&ie=utf-8&rsv_cq=%E6%AF%94%E7%89%B9%E5%B8%81%E4%B8%AD%E5%9B%BD%E5%B0%86%E5%85%B3%E5%81%9C&rsv_dl=0_right_toplist_20811
2017-09-16 16:02:26,617 - [webpage_parser.py:63] - INFO - procotol:http, hostname:www.baidu.com, new_link:/s?tn=50000028_hao_pg&usm=2&wd=8%E5%A4%A9%E9%95%BF%E5%81%876%E5%9C%BA%E5%A9%9A%E7%A4%BC&ie=utf-8&rsv_cq=%E6%AF%94%E7%89%B9%E5%B8%81%E4%B8%AD%E5%9B%BD%E5%B0%86%E5%85%B3%E5%81%9C&rsv_dl=0_right_toplist_20811
2017-09-16 16:02:26,630 - [webpage_parser.py:63] - INFO - procotol:http, hostname:www.baidu.com, new_link:/s?tn=50000028_hao_pg&usm=2&wd=%E9%A9%AC%E4%BC%8A%E7%90%8D%E6%96%B0%E6%88%8F%E6%8E%A5%E9%95%BF%E5%8F%91&ie=utf-8&rsv_cq=%E6%AF%94%E7%89%B9%E5%B8%81%E4%B8%AD%E5%9B%BD%E5%B0%86%E5%85%B3%E5%81%9C&rsv_dl=0_right_toplist_20811
2017-09-16 16:02:26,635 - [webpage_parser.py:63] - INFO - procotol:http, hostname:www.baidu.com, new_link:/s?tn=50000028_hao_pg&usm=2&wd=%E9%AA%91%E5%8D%95%E8%BD%A6%E8%BA%AB%E4%BA%A1%E6%A1%88%E5%BC%80%E5%BA%AD&ie=utf-8&rsv_cq=%E6%AF%94%E7%89%B9%E5%B8%81%E4%B8%AD%E5%9B%BD%E5%B0%86%E5%85%B3%E5%81%9C&rsv_dl=0_right_toplist_20811
2017-09-16 16:02:26,672 - [webpage_parser.py:63] - INFO - procotol:http, hostname:www.baidu.com, new_link:/s?tn=50000028_hao_pg&usm=2&wd=ios11%E6%AD%A3%E5%BC%8F%E7%89%88&ie=utf-8&rsv_cq=%E6%AF%94%E7%89%B9%E5%B8%81%E4%B8%AD%E5%9B%BD%E5%B0%86%E5%85%B3%E5%81%9C&rsv_dl=0_right_toplist_20811
2017-09-16 16:02:26,679 - [webpage_parser.py:63] - INFO - procotol:http, hostname:www.baidu.com, new_link:/s?tn=50000028_hao_pg&usm=2&wd=%E6%9E%97%E6%9B%B4%E6%96%B0%E5%9B%9E%E5%BA%94%E8%A2%AB%E9%AA%82&ie=utf-8&rsv_cq=%E6%AF%94%E7%89%B9%E5%B8%81%E4%B8%AD%E5%9B%BD%E5%B0%86%E5%85%B3%E5%81%9C&rsv_dl=0_right_toplist_20811
2017-09-16 16:02:26,680 - [webpage_parser.py:63] - INFO - procotol:http, hostname:www.baidu.com, new_link:/s?tn=50000028_hao_pg&usm=2&wd=%E8%97%8F%E7%8D%92%E7%BB%8F%E6%B5%8E%E5%B4%A9%E7%9B%98&ie=utf-8&rsv_cq=%E6%AF%94%E7%89%B9%E5%B8%81%E4%B8%AD%E5%9B%BD%E5%B0%86%E5%85%B3%E5%81%9C&rsv_dl=0_right_toplist_20811
2017-09-16 16:02:26,702 - [webpage_parser.py:63] - INFO - procotol:http, hostname:www.baidu.com, new_link:/s?tn=50000028_hao_pg&usm=2&wd=%E6%96%B0%E5%8A%A0%E5%9D%A1%E9%A6%96%E4%BD%8D%E5%A5%B3%E6%80%BB%E7%BB%9F&ie=utf-8&rsv_cq=%E6%AF%94%E7%89%B9%E5%B8%81%E4%B8%AD%E5%9B%BD%E5%B0%86%E5%85%B3%E5%81%9C&rsv_dl=0_right_toplist_20811
2017-09-16 16:02:26,744 - [webpage_parser.py:63] - INFO - procotol:http, hostname:www.baidu.com, new_link:/s?tn=50000028_hao_pg&usm=2&wd=%E9%95%BF%E6%B1%9F%E5%8F%A3%E5%9E%83%E5%9C%BE%E5%80%BE%E5%80%92%E6%A1%88&ie=utf-8&rsv_cq=%E6%AF%94%E7%89%B9%E5%B8%81%E4%B8%AD%E5%9B%BD%E5%B0%86%E5%85%B3%E5%81%9C&rsv_dl=0_right_toplist_20811
2017-09-16 16:02:26,745 - [webpage_parser.py:63] - INFO - procotol:http, hostname:www.baidu.com, new_link:/s?tn=50000028_hao_pg&usm=2&wd=%E5%8D%81%E5%B2%81%E5%A5%B3%E7%AB%A5%E8%80%83%E4%B8%8A%E5%A4%A7%E4%B8%93&ie=utf-8&rsv_cq=%E6%AF%94%E7%89%B9%E5%B8%81%E4%B8%AD%E5%9B%BD%E5%B0%86%E5%85%B3%E5%81%9C&rsv_dl=0_right_toplist_20811
2017-09-16 16:02:26,745 - [webpage_parser.py:63] - INFO - procotol:http, hostname:www.baidu.com, new_link:/s?tn=50000028_hao_pg&usm=2&wd=%E5%8F%8C%E5%8F%B0%E9%A3%8E%E7%BB%93%E5%AF%B9%E6%9D%A5%E8%A2%AD&ie=utf-8&rsv_cq=%E6%AF%94%E7%89%B9%E5%B8%81%E4%B8%AD%E5%9B%BD%E5%B0%86%E5%85%B3%E5%81%9C&rsv_dl=0_right_toplist_20811
2017-09-16 16:02:26,763 - [webpage_parser.py:63] - INFO - procotol:http, hostname:www.baidu.com, new_link:/s?tn=50000028_hao_pg&usm=2&wd=%E4%BA%AC%E4%B8%9C%E8%BF%9B%E5%86%9B%E6%88%BF%E5%9C%B0%E4%BA%A7&ie=utf-8&rsv_cq=%E6%AF%94%E7%89%B9%E5%B8%81%E4%B8%AD%E5%9B%BD%E5%B0%86%E5%85%B3%E5%81%9C&rsv_dl=0_right_toplist_20811
2017-09-16 16:02:26,764 - [webpage_parser.py:63] - INFO - procotol:http, hostname:www.baidu.com, new_link:/s?tn=50000028_hao_pg&usm=2&wd=%E6%AF%94%E7%89%B9%E5%B8%81%E4%B8%AD%E5%9B%BD%E5%B0%86%E5%85%B3%E5%81%9C&ie=utf-8&rsv_cq=%E6%AF%94%E7%89%B9%E5%B8%81%E4%B8%AD%E5%9B%BD%E5%B0%86%E5%85%B3%E5%81%9C&rsv_dl=0_right_toplist_20811
2017-09-16 16:02:26,768 - [webpage_parser.py:63] - INFO - procotol:http, hostname:www.baidu.com, new_link:/s?tn=50000028_hao_pg&usm=2&wd=%E4%BC%A0%E5%A5%87%E5%A4%A7%E7%86%8A%E7%8C%AB%E5%8E%BB%E4%B8%96&ie=utf-8&rsv_cq=%E6%AF%94%E7%89%B9%E5%B8%81%E4%B8%AD%E5%9B%BD%E5%B0%86%E5%85%B3%E5%81%9C&rsv_dl=0_right_toplist_20811
2017-09-16 16:02:26,782 - [webpage_parser.py:63] - INFO - procotol:http, hostname:www.baidu.com, new_link:/s?wd=%E6%AF%94%E7%89%B9%E5%B8%81%E7%9F%BF%E5%9C%BA%E5%85%B3%E5%81%9C&rsf=9&rsp=0&f=1&oq=%E6%AF%94%E7%89%B9%E5%B8%81%E4%B8%AD%E5%9B%BD%E5%B0%86%E5%85%B3%E5%81%9C&tn=50000028_hao_pg&ie=utf-8&usm=2&rsv_pq=c3af7ca00000d8fb&rsv_t=ba4auTJE3bKQyPSyirZZrM%2BDr30XbVJdlY2vdeq3rATLTSz5tPTxpCzdCWX%2B0eZQetZOV6f0&rqlang=cn&rs_src=0&rsv_pq=c3af7ca00000d8fb&rsv_t=ba4auTJE3bKQyPSyirZZrM%2BDr30XbVJdlY2vdeq3rATLTSz5tPTxpCzdCWX%2B0eZQetZOV6f0
2017-09-16 16:02:26,783 - [webpage_parser.py:63] - INFO - procotol:http, hostname:www.baidu.com, new_link:/s?wd=%E6%AF%94%E7%89%B9%E5%B8%81%E4%B8%AD%E5%9B%BD&rsf=9&rsp=1&f=1&oq=%E6%AF%94%E7%89%B9%E5%B8%81%E4%B8%AD%E5%9B%BD%E5%B0%86%E5%85%B3%E5%81%9C&tn=50000028_hao_pg&ie=utf-8&usm=2&rsv_pq=c3af7ca00000d8fb&rsv_t=ba4auTJE3bKQyPSyirZZrM%2BDr30XbVJdlY2vdeq3rATLTSz5tPTxpCzdCWX%2B0eZQetZOV6f0&rqlang=cn&rs_src=0&rsv_pq=c3af7ca00000d8fb&rsv_t=ba4auTJE3bKQyPSyirZZrM%2BDr30XbVJdlY2vdeq3rATLTSz5tPTxpCzdCWX%2B0eZQetZOV6f0
2017-09-16 16:02:26,787 - [webpage_parser.py:63] - INFO - procotol:http, hostname:www.baidu.com, new_link:/s?wd=%E6%AF%94%E7%89%B9%E5%B8%81%E4%B8%AD%E5%9B%BD%E4%BA%A4%E6%98%93%E5%B9%B3%E5%8F%B0&rsf=9&rsp=2&f=1&oq=%E6%AF%94%E7%89%B9%E5%B8%81%E4%B8%AD%E5%9B%BD%E5%B0%86%E5%85%B3%E5%81%9C&tn=50000028_hao_pg&ie=utf-8&usm=2&rsv_pq=c3af7ca00000d8fb&rsv_t=ba4auTJE3bKQyPSyirZZrM%2BDr30XbVJdlY2vdeq3rATLTSz5tPTxpCzdCWX%2B0eZQetZOV6f0&rqlang=cn&rs_src=0&rsv_pq=c3af7ca00000d8fb&rsv_t=ba4auTJE3bKQyPSyirZZrM%2BDr30XbVJdlY2vdeq3rATLTSz5tPTxpCzdCWX%2B0eZQetZOV6f0
2017-09-16 16:02:26,788 - [connectionpool.py:395] - DEBUG - http://www.baidu.com:80 "GET /s?word=B%E7%AB%99%E8%AF%B7%E9%81%93%E5%A3%AB%E4%BD%9C%E6%B3%95&tn=sitehao123_10_pg&ie=utf-8 HTTP/1.1" 200 None
2017-09-16 16:02:26,789 - [webpage_parser.py:63] - INFO - procotol:http, hostname:www.baidu.com, new_link:/s?wd=%E6%AF%94%E7%89%B9%E5%B8%81%E4%B8%AD%E5%9B%BD%E5%AE%98%E7%BD%91&rsf=9&rsp=3&f=1&oq=%E6%AF%94%E7%89%B9%E5%B8%81%E4%B8%AD%E5%9B%BD%E5%B0%86%E5%85%B3%E5%81%9C&tn=50000028_hao_pg&ie=utf-8&usm=2&rsv_pq=c3af7ca00000d8fb&rsv_t=ba4auTJE3bKQyPSyirZZrM%2BDr30XbVJdlY2vdeq3rATLTSz5tPTxpCzdCWX%2B0eZQetZOV6f0&rqlang=cn&rs_src=0&rsv_pq=c3af7ca00000d8fb&rsv_t=ba4auTJE3bKQyPSyirZZrM%2BDr30XbVJdlY2vdeq3rATLTSz5tPTxpCzdCWX%2B0eZQetZOV6f0
2017-09-16 16:02:26,801 - [webpage_parser.py:63] - INFO - procotol:http, hostname:www.baidu.com, new_link:/s?wd=%E6%AF%94%E7%89%B9%E5%B8%81%E5%9C%A8%E4%B8%AD%E5%9B%BD%E6%98%AF%E9%AA%97%E5%B1%80%E5%90%97&rsf=9&rsp=4&f=1&oq=%E6%AF%94%E7%89%B9%E5%B8%81%E4%B8%AD%E5%9B%BD%E5%B0%86%E5%85%B3%E5%81%9C&tn=50000028_hao_pg&ie=utf-8&usm=2&rsv_pq=c3af7ca00000d8fb&rsv_t=ba4auTJE3bKQyPSyirZZrM%2BDr30XbVJdlY2vdeq3rATLTSz5tPTxpCzdCWX%2B0eZQetZOV6f0&rqlang=cn&rs_src=0&rsv_pq=c3af7ca00000d8fb&rsv_t=ba4auTJE3bKQyPSyirZZrM%2BDr30XbVJdlY2vdeq3rATLTSz5tPTxpCzdCWX%2B0eZQetZOV6f0
2017-09-16 16:02:26,824 - [webpage_parser.py:63] - INFO - procotol:http, hostname:www.baidu.com, new_link:/s?wd=%E4%B8%AD%E5%9B%BD%E6%AF%94%E7%89%B9%E5%B8%81%E4%BA%A4%E6%98%93%E7%BD%91%E7%AB%99&rsf=9&rsp=5&f=1&oq=%E6%AF%94%E7%89%B9%E5%B8%81%E4%B8%AD%E5%9B%BD%E5%B0%86%E5%85%B3%E5%81%9C&tn=50000028_hao_pg&ie=utf-8&usm=2&rsv_pq=c3af7ca00000d8fb&rsv_t=ba4auTJE3bKQyPSyirZZrM%2BDr30XbVJdlY2vdeq3rATLTSz5tPTxpCzdCWX%2B0eZQetZOV6f0&rqlang=cn&rs_src=0&rsv_pq=c3af7ca00000d8fb&rsv_t=ba4auTJE3bKQyPSyirZZrM%2BDr30XbVJdlY2vdeq3rATLTSz5tPTxpCzdCWX%2B0eZQetZOV6f0
2017-09-16 16:02:26,825 - [connectionpool.py:395] - DEBUG - http://www.msparis.com:80 "GET /?platform=pc&channel=hao123_001 HTTP/1.1" 200 None
2017-09-16 16:02:26,826 - [webpage_parser.py:63] - INFO - procotol:http, hostname:www.baidu.com, new_link:/s?wd=btcchina%E6%AF%94%E7%89%B9%E5%B8%81%E4%B8%AD%E5%9B%BD&rsf=9&rsp=6&f=1&oq=%E6%AF%94%E7%89%B9%E5%B8%81%E4%B8%AD%E5%9B%BD%E5%B0%86%E5%85%B3%E5%81%9C&tn=50000028_hao_pg&ie=utf-8&usm=2&rsv_pq=c3af7ca00000d8fb&rsv_t=ba4auTJE3bKQyPSyirZZrM%2BDr30XbVJdlY2vdeq3rATLTSz5tPTxpCzdCWX%2B0eZQetZOV6f0&rqlang=cn&rs_src=0&rsv_pq=c3af7ca00000d8fb&rsv_t=ba4auTJE3bKQyPSyirZZrM%2BDr30XbVJdlY2vdeq3rATLTSz5tPTxpCzdCWX%2B0eZQetZOV6f0
2017-09-16 16:02:26,830 - [webpage_parser.py:63] - INFO - procotol:http, hostname:www.baidu.com, new_link:/s?wd=%E6%AF%94%E7%89%B9%E5%B8%81%E5%9C%A8%E4%B8%AD%E5%9B%BD%E5%90%88%E6%B3%95%E5%90%97&rsf=9&rsp=7&f=1&oq=%E6%AF%94%E7%89%B9%E5%B8%81%E4%B8%AD%E5%9B%BD%E5%B0%86%E5%85%B3%E5%81%9C&tn=50000028_hao_pg&ie=utf-8&usm=2&rsv_pq=c3af7ca00000d8fb&rsv_t=ba4auTJE3bKQyPSyirZZrM%2BDr30XbVJdlY2vdeq3rATLTSz5tPTxpCzdCWX%2B0eZQetZOV6f0&rqlang=cn&rs_src=0&rsv_pq=c3af7ca00000d8fb&rsv_t=ba4auTJE3bKQyPSyirZZrM%2BDr30XbVJdlY2vdeq3rATLTSz5tPTxpCzdCWX%2B0eZQetZOV6f0
2017-09-16 16:02:26,839 - [webpage_parser.py:63] - INFO - procotol:http, hostname:www.baidu.com, new_link:/s?wd=%E4%B8%AD%E5%9B%BD%E6%9C%80%E5%A4%A7%E6%AF%94%E7%89%B9%E5%B8%81%E4%BA%A4%E6%98%93&rsf=9&rsp=8&f=1&oq=%E6%AF%94%E7%89%B9%E5%B8%81%E4%B8%AD%E5%9B%BD%E5%B0%86%E5%85%B3%E5%81%9C&tn=50000028_hao_pg&ie=utf-8&usm=2&rsv_pq=c3af7ca00000d8fb&rsv_t=ba4auTJE3bKQyPSyirZZrM%2BDr30XbVJdlY2vdeq3rATLTSz5tPTxpCzdCWX%2B0eZQetZOV6f0&rqlang=cn&rs_src=0&rsv_pq=c3af7ca00000d8fb&rsv_t=ba4auTJE3bKQyPSyirZZrM%2BDr30XbVJdlY2vdeq3rATLTSz5tPTxpCzdCWX%2B0eZQetZOV6f0
2017-09-16 16:02:26,839 - [webpage_parser.py:63] - INFO - procotol:http, hostname:www.baidu.com, new_link:/s?wd=%E6%AF%94%E7%89%B9%E5%B8%81%E4%B8%AD%E5%9B%BD%E5%B0%86%E5%85%B3%E5%81%9C&pn=10&oq=%E6%AF%94%E7%89%B9%E5%B8%81%E4%B8%AD%E5%9B%BD%E5%B0%86%E5%85%B3%E5%81%9C&tn=50000028_hao_pg&ie=utf-8&usm=2&rsv_pq=c3af7ca00000d8fb&rsv_t=ba4auTJE3bKQyPSyirZZrM%2BDr30XbVJdlY2vdeq3rATLTSz5tPTxpCzdCWX%2B0eZQetZOV6f0
2017-09-16 16:02:26,840 - [webpage_parser.py:63] - INFO - procotol:http, hostname:www.baidu.com, new_link:/s?wd=%E6%AF%94%E7%89%B9%E5%B8%81%E4%B8%AD%E5%9B%BD%E5%B0%86%E5%85%B3%E5%81%9C&pn=20&oq=%E6%AF%94%E7%89%B9%E5%B8%81%E4%B8%AD%E5%9B%BD%E5%B0%86%E5%85%B3%E5%81%9C&tn=50000028_hao_pg&ie=utf-8&usm=2&rsv_pq=c3af7ca00000d8fb&rsv_t=ba4auTJE3bKQyPSyirZZrM%2BDr30XbVJdlY2vdeq3rATLTSz5tPTxpCzdCWX%2B0eZQetZOV6f0
2017-09-16 16:02:26,843 - [webpage_parser.py:63] - INFO - procotol:http, hostname:www.baidu.com, new_link:/s?wd=%E6%AF%94%E7%89%B9%E5%B8%81%E4%B8%AD%E5%9B%BD%E5%B0%86%E5%85%B3%E5%81%9C&pn=30&oq=%E6%AF%94%E7%89%B9%E5%B8%81%E4%B8%AD%E5%9B%BD%E5%B0%86%E5%85%B3%E5%81%9C&tn=50000028_hao_pg&ie=utf-8&usm=2&rsv_pq=c3af7ca00000d8fb&rsv_t=ba4auTJE3bKQyPSyirZZrM%2BDr30XbVJdlY2vdeq3rATLTSz5tPTxpCzdCWX%2B0eZQetZOV6f0
2017-09-16 16:02:26,844 - [webpage_parser.py:63] - INFO - procotol:http, hostname:www.baidu.com, new_link:/s?wd=%E6%AF%94%E7%89%B9%E5%B8%81%E4%B8%AD%E5%9B%BD%E5%B0%86%E5%85%B3%E5%81%9C&pn=40&oq=%E6%AF%94%E7%89%B9%E5%B8%81%E4%B8%AD%E5%9B%BD%E5%B0%86%E5%85%B3%E5%81%9C&tn=50000028_hao_pg&ie=utf-8&usm=2&rsv_pq=c3af7ca00000d8fb&rsv_t=ba4auTJE3bKQyPSyirZZrM%2BDr30XbVJdlY2vdeq3rATLTSz5tPTxpCzdCWX%2B0eZQetZOV6f0
2017-09-16 16:02:26,845 - [webpage_parser.py:63] - INFO - procotol:http, hostname:www.baidu.com, new_link:/s?wd=%E6%AF%94%E7%89%B9%E5%B8%81%E4%B8%AD%E5%9B%BD%E5%B0%86%E5%85%B3%E5%81%9C&pn=50&oq=%E6%AF%94%E7%89%B9%E5%B8%81%E4%B8%AD%E5%9B%BD%E5%B0%86%E5%85%B3%E5%81%9C&tn=50000028_hao_pg&ie=utf-8&usm=2&rsv_pq=c3af7ca00000d8fb&rsv_t=ba4auTJE3bKQyPSyirZZrM%2BDr30XbVJdlY2vdeq3rATLTSz5tPTxpCzdCWX%2B0eZQetZOV6f0
2017-09-16 16:02:26,856 - [webpage_saver.py:45] - INFO - url http://www.msparis.com/?platform=pc&channel=hao123_001 is not match
2017-09-16 16:02:26,876 - [connectionpool.py:395] - DEBUG - https://www.baidu.com:443 "GET /s?word=%E5%89%B2%E5%8F%8C%E7%9C%BC%E7%9A%AE&tn=50000018_hao_pg&ie=utf-8 HTTP/1.1" 200 227
2017-09-16 16:02:26,877 - [webpage_parser.py:63] - INFO - procotol:http, hostname:www.baidu.com, new_link:/s?wd=%E6%AF%94%E7%89%B9%E5%B8%81%E4%B8%AD%E5%9B%BD%E5%B0%86%E5%85%B3%E5%81%9C&pn=60&oq=%E6%AF%94%E7%89%B9%E5%B8%81%E4%B8%AD%E5%9B%BD%E5%B0%86%E5%85%B3%E5%81%9C&tn=50000028_hao_pg&ie=utf-8&usm=2&rsv_pq=c3af7ca00000d8fb&rsv_t=ba4auTJE3bKQyPSyirZZrM%2BDr30XbVJdlY2vdeq3rATLTSz5tPTxpCzdCWX%2B0eZQetZOV6f0
2017-09-16 16:02:26,902 - [webpage_parser.py:63] - INFO - procotol:http, hostname:www.baidu.com, new_link:/s?wd=%E6%AF%94%E7%89%B9%E5%B8%81%E4%B8%AD%E5%9B%BD%E5%B0%86%E5%85%B3%E5%81%9C&pn=70&oq=%E6%AF%94%E7%89%B9%E5%B8%81%E4%B8%AD%E5%9B%BD%E5%B0%86%E5%85%B3%E5%81%9C&tn=50000028_hao_pg&ie=utf-8&usm=2&rsv_pq=c3af7ca00000d8fb&rsv_t=ba4auTJE3bKQyPSyirZZrM%2BDr30XbVJdlY2vdeq3rATLTSz5tPTxpCzdCWX%2B0eZQetZOV6f0
2017-09-16 16:02:26,914 - [webpage_parser.py:63] - INFO - procotol:http, hostname:www.baidu.com, new_link:/s?wd=%E6%AF%94%E7%89%B9%E5%B8%81%E4%B8%AD%E5%9B%BD%E5%B0%86%E5%85%B3%E5%81%9C&pn=80&oq=%E6%AF%94%E7%89%B9%E5%B8%81%E4%B8%AD%E5%9B%BD%E5%B0%86%E5%85%B3%E5%81%9C&tn=50000028_hao_pg&ie=utf-8&usm=2&rsv_pq=c3af7ca00000d8fb&rsv_t=ba4auTJE3bKQyPSyirZZrM%2BDr30XbVJdlY2vdeq3rATLTSz5tPTxpCzdCWX%2B0eZQetZOV6f0
2017-09-16 16:02:26,929 - [webpage_parser.py:63] - INFO - procotol:http, hostname:www.baidu.com, new_link:/s?wd=%E6%AF%94%E7%89%B9%E5%B8%81%E4%B8%AD%E5%9B%BD%E5%B0%86%E5%85%B3%E5%81%9C&pn=90&oq=%E6%AF%94%E7%89%B9%E5%B8%81%E4%B8%AD%E5%9B%BD%E5%B0%86%E5%85%B3%E5%81%9C&tn=50000028_hao_pg&ie=utf-8&usm=2&rsv_pq=c3af7ca00000d8fb&rsv_t=ba4auTJE3bKQyPSyirZZrM%2BDr30XbVJdlY2vdeq3rATLTSz5tPTxpCzdCWX%2B0eZQetZOV6f0
2017-09-16 16:02:26,930 - [webpage_parser.py:63] - INFO - procotol:http, hostname:www.baidu.com, new_link:/s?wd=%E6%AF%94%E7%89%B9%E5%B8%81%E4%B8%AD%E5%9B%BD%E5%B0%86%E5%85%B3%E5%81%9C&pn=10&oq=%E6%AF%94%E7%89%B9%E5%B8%81%E4%B8%AD%E5%9B%BD%E5%B0%86%E5%85%B3%E5%81%9C&tn=50000028_hao_pg&ie=utf-8&usm=2&rsv_pq=c3af7ca00000d8fb&rsv_t=ba4auTJE3bKQyPSyirZZrM%2BDr30XbVJdlY2vdeq3rATLTSz5tPTxpCzdCWX%2B0eZQetZOV6f0&rsv_page=1
2017-09-16 16:02:26,931 - [webpage_saver.py:45] - INFO - url https://www.baidu.com/s?word=%E5%89%B2%E5%8F%8C%E7%9C%BC%E7%9A%AE&tn=50000018_hao_pg&ie=utf-8 is not match
2017-09-16 16:02:26,941 - [webpage_parser.py:63] - INFO - procotol:http, hostname:www.baidu.com, new_link:javascript:;
2017-09-16 16:02:26,947 - [connectionpool.py:818] - DEBUG - Starting new HTTPS connection (1): s.click.taobao.com
2017-09-16 16:02:26,963 - [webpage_saver.py:45] - INFO - url http://www.baidu.com/s?word=%E6%AF%94%E7%89%B9%E5%B8%81%E4%B8%AD%E5%9B%BD%E5%B0%86%E5%85%B3%E5%81%9C&tn=50000028_hao_pg&ie=utf-8' is not match
2017-09-16 16:02:27,163 - [connectionpool.py:395] - DEBUG - https://s.click.taobao.com:443 "GET /GSNeuAx HTTP/1.1" 302 0
2017-09-16 16:02:27,264 - [webpage_parser.py:63] - INFO - procotol:http, hostname:www.baidu.com, new_link:/
2017-09-16 16:02:27,265 - [connectionpool.py:395] - DEBUG - https://s.click.taobao.com:443 "GET /t?e=m%3D2%26s%3DXrmr%2BezdwlIcQipKwQzePCperVdZeJviK7Vc7tFgwiFRAdhuF14FMWwuBmXa9BOk1aH1Hk3GeOj%2FTrTNBNETjAtOHPHN0vssHfUpkfuR0QZ9cgxTSFmAfKUuZxIcp9pfUIgVEmFmgnbDX0%2BHH2IEVa7A5ve%2FEYDnFveQ9Ld2jopwTqWNBsAwm%2BIKl4JSR4lzxgxdTc00KD8%3D&sc=GSNeuAx HTTP/1.1" 302 None
2017-09-16 16:02:27,268 - [webpage_parser.py:63] - INFO - procotol:http, hostname:www.baidu.com, new_link:javascript:;
2017-09-16 16:02:27,270 - [connectionpool.py:818] - DEBUG - Starting new HTTPS connection (1): www.baidu.com
2017-09-16 16:02:27,276 - [webpage_parser.py:63] - INFO - procotol:http, hostname:www.baidu.com, new_link:javascript:;
2017-09-16 16:02:27,287 - [webpage_parser.py:63] - INFO - procotol:http, hostname:www.baidu.com, new_link:javascript:;
2017-09-16 16:02:27,290 - [webpage_parser.py:63] - INFO - procotol:http, hostname:www.baidu.com, new_link:/
2017-09-16 16:02:27,293 - [webpage_parser.py:63] - INFO - procotol:http, hostname:www.baidu.com, new_link:javascript:;
2017-09-16 16:02:27,295 - [webpage_parser.py:63] - INFO - procotol:http, hostname:www.baidu.com, new_link:/s?tn=sitehao123_10_pg&usm=2&wd=%E5%BC%A0%E4%B8%80%E5%B1%B1%E6%8B%8D%E6%88%8F%E9%81%AD%E8%87%AD%E9%AA%82&ie=utf-8&rsv_cq=B%E7%AB%99%E8%AF%B7%E9%81%93%E5%A3%AB%E4%BD%9C%E6%B3%95&rsv_dl=0_right_toplist_20811
2017-09-16 16:02:27,306 - [webpage_parser.py:63] - INFO - procotol:http, hostname:www.baidu.com, new_link:/s?tn=sitehao123_10_pg&usm=2&wd=%E6%9D%8E%E6%99%A8%E6%B1%82%E5%A9%9A%E8%8C%83%E5%86%B0%E5%86%B0&ie=utf-8&rsv_cq=B%E7%AB%99%E8%AF%B7%E9%81%93%E5%A3%AB%E4%BD%9C%E6%B3%95&rsv_dl=0_right_toplist_20811
2017-09-16 16:02:27,307 - [webpage_parser.py:63] - INFO - procotol:http, hostname:www.baidu.com, new_link:/s?tn=sitehao123_10_pg&usm=2&wd=%E5%91%A8%E6%98%9F%E9%A9%B0%E6%97%A7%E7%85%A7%E6%9B%9D%E5%85%89&ie=utf-8&rsv_cq=B%E7%AB%99%E8%AF%B7%E9%81%93%E5%A3%AB%E4%BD%9C%E6%B3%95&rsv_dl=0_right_toplist_20811
2017-09-16 16:02:27,308 - [webpage_parser.py:63] - INFO - procotol:http, hostname:www.baidu.com, new_link:/s?tn=sitehao123_10_pg&usm=2&wd=B%E7%AB%99%E8%AF%B7%E9%81%93%E5%A3%AB%E4%BD%9C%E6%B3%95&ie=utf-8&rsv_cq=B%E7%AB%99%E8%AF%B7%E9%81%93%E5%A3%AB%E4%BD%9C%E6%B3%95&rsv_dl=0_right_toplist_20811
2017-09-16 16:02:27,309 - [webpage_parser.py:63] - INFO - procotol:http, hostname:www.baidu.com, new_link:/s?tn=sitehao123_10_pg&usm=2&wd=%E6%9E%97%E5%BF%83%E5%A6%82%E5%BE%8B%E5%B8%88%E5%8F%91%E5%A3%B0%E6%98%8E&ie=utf-8&rsv_cq=B%E7%AB%99%E8%AF%B7%E9%81%93%E5%A3%AB%E4%BD%9C%E6%B3%95&rsv_dl=0_right_toplist_20811
2017-09-16 16:02:27,311 - [webpage_parser.py:63] - INFO - procotol:http, hostname:www.baidu.com, new_link:/s?tn=sitehao123_10_pg&usm=2&wd=%E5%BE%AE%E4%BF%A1%E9%9A%90%E7%A7%81%E4%BF%9D%E6%8A%A4%E6%8C%87%E5%BC%95&ie=utf-8&rsv_cq=B%E7%AB%99%E8%AF%B7%E9%81%93%E5%A3%AB%E4%BD%9C%E6%B3%95&rsv_dl=0_right_toplist_20811
2017-09-16 16:02:27,313 - [webpage_parser.py:63] - INFO - procotol:http, hostname:www.baidu.com, new_link:/s?tn=sitehao123_10_pg&usm=2&wd=%E9%99%88%E7%BE%BD%E5%87%A1%E5%A4%8D%E5%87%BA&ie=utf-8&rsv_cq=B%E7%AB%99%E8%AF%B7%E9%81%93%E5%A3%AB%E4%BD%9C%E6%B3%95&rsv_dl=0_right_toplist_20811
2017-09-16 16:02:27,323 - [webpage_parser.py:63] - INFO - procotol:http, hostname:www.baidu.com, new_link:/s?tn=sitehao123_10_pg&usm=2&wd=%E7%8E%8B%E5%AE%9D%E5%BC%BA%E6%9D%91%E6%B0%91%E8%B0%88%E5%AE%8B%E5%96%86&ie=utf-8&rsv_cq=B%E7%AB%99%E8%AF%B7%E9%81%93%E5%A3%AB%E4%BD%9C%E6%B3%95&rsv_dl=0_right_toplist_20811
2017-09-16 16:02:27,332 - [webpage_parser.py:63] - INFO - procotol:http, hostname:www.baidu.com, new_link:/s?tn=sitehao123_10_pg&usm=2&wd=%E4%BC%A6%E6%95%A6%E5%9C%B0%E9%93%81%E5%8F%91%E7%94%9F%E7%88%86%E7%82%B8&ie=utf-8&rsv_cq=B%E7%AB%99%E8%AF%B7%E9%81%93%E5%A3%AB%E4%BD%9C%E6%B3%95&rsv_dl=0_right_toplist_20811
2017-09-16 16:02:27,340 - [webpage_parser.py:63] - INFO - procotol:http, hostname:www.baidu.com, new_link:/s?tn=sitehao123_10_pg&usm=2&wd=%E8%B5%9B%E7%90%B3%E5%A8%9C%E6%89%8B%E6%9C%AF&ie=utf-8&rsv_cq=B%E7%AB%99%E8%AF%B7%E9%81%93%E5%A3%AB%E4%BD%9C%E6%B3%95&rsv_dl=0_right_toplist_20811
2017-09-16 16:02:27,343 - [webpage_parser.py:63] - INFO - procotol:http, hostname:www.baidu.com, new_link:/s?tn=sitehao123_10_pg&usm=2&wd=%E5%9B%BD%E5%AE%B6%E8%81%8C%E4%B8%9A%E8%B5%84%E6%A0%BC%E7%9B%AE%E5%BD%95&ie=utf-8&rsv_cq=B%E7%AB%99%E8%AF%B7%E9%81%93%E5%A3%AB%E4%BD%9C%E6%B3%95&rsv_dl=0_right_toplist_20811
2017-09-16 16:02:27,344 - [webpage_parser.py:63] - INFO - procotol:http, hostname:www.baidu.com, new_link:/s?tn=sitehao123_10_pg&usm=2&wd=%E6%9E%97%E5%BF%97%E7%8E%B2%E5%8D%8A%E8%B9%B2%E9%A2%81%E5%A5%96&ie=utf-8&rsv_cq=B%E7%AB%99%E8%AF%B7%E9%81%93%E5%A3%AB%E4%BD%9C%E6%B3%95&rsv_dl=0_right_toplist_20811
2017-09-16 16:02:27,346 - [connectionpool.py:395] - DEBUG - https://s.click.taobao.com:443 "GET /t_js?tu=https%3A%2F%2Fs.click.taobao.com%2Ft%3Fe%3Dm%253D2%2526s%253DXrmr%252BezdwlIcQipKwQzePCperVdZeJviK7Vc7tFgwiFRAdhuF14FMWwuBmXa9BOk1aH1Hk3GeOj%252FTrTNBNETjAtOHPHN0vssHfUpkfuR0QZ9cgxTSFmAfKUuZxIcp9pfUIgVEmFmgnbDX0%252BHH2IEVa7A5ve%252FEYDnFveQ9Ld2jopwTqWNBsAwm%252BIKl4JSR4lzxgxdTc00KD8%253D%26sc%3DGSNeuAx%26ref%3D%26et%3DxUKtrGP84eJplLsB6zWLvg8VlSE3lNom HTTP/1.1" 200 None
2017-09-16 16:02:27,352 - [webpage_parser.py:63] - INFO - procotol:http, hostname:www.baidu.com, new_link:/s?tn=sitehao123_10_pg&usm=2&wd=%E6%9D%8E%E9%9B%A8%E6%A1%90%E5%86%8D%E7%88%86%E6%96%99&ie=utf-8&rsv_cq=B%E7%AB%99%E8%AF%B7%E9%81%93%E5%A3%AB%E4%BD%9C%E6%B3%95&rsv_dl=0_right_toplist_20811
2017-09-16 16:02:27,360 - [webpage_parser.py:63] - INFO - procotol:http, hostname:www.baidu.com, new_link:/s?tn=sitehao123_10_pg&usm=2&wd=%E8%8C%83%E5%86%B0%E5%86%B0%E6%9D%8E%E6%99%A8%E6%92%B8%E4%B8%B2&ie=utf-8&rsv_cq=B%E7%AB%99%E8%AF%B7%E9%81%93%E5%A3%AB%E4%BD%9C%E6%B3%95&rsv_dl=0_right_toplist_20811
2017-09-16 16:02:27,361 - [webpage_parser.py:63] - INFO - procotol:http, hostname:www.baidu.com, new_link:/s?tn=sitehao123_10_pg&usm=2&wd=%E6%97%A5%E4%BC%81%E5%91%A8%E4%BC%91%E4%B8%89%E6%97%A5&ie=utf-8&rsv_cq=B%E7%AB%99%E8%AF%B7%E9%81%93%E5%A3%AB%E4%BD%9C%E6%B3%95&rsv_dl=0_right_toplist_20811
2017-09-16 16:02:27,374 - [connectionpool.py:395] - DEBUG - https://www.baidu.com:443 "GET /s?word=%E8%A5%BF%E6%B8%B8%E9%9B%B6%E7%BA%AA%E5%85%83&tn=50000016_hao_pg&ie=utf-8 HTTP/1.1" 200 227
2017-09-16 16:02:27,379 - [webpage_parser.py:63] - INFO - procotol:http, hostname:www.baidu.com, new_link:/s?tn=sitehao123_10_pg&usm=2&wd=%E5%B0%8F%E5%AD%A6%E7%94%9F%E8%8E%B7%E5%9B%BD%E5%AE%B6%E4%B8%93%E5%88%A9&ie=utf-8&rsv_cq=B%E7%AB%99%E8%AF%B7%E9%81%93%E5%A3%AB%E4%BD%9C%E6%B3%95&rsv_dl=0_right_toplist_20811
2017-09-16 16:02:27,392 - [webpage_saver.py:45] - INFO - url https://s.click.taobao.com/GSNeuAx is not match
2017-09-16 16:02:27,399 - [webpage_parser.py:63] - INFO - procotol:http, hostname:www.baidu.com, new_link:/s?tn=sitehao123_10_pg&usm=2&wd=%E6%B2%89%E8%BF%B7%E6%B8%B8%E6%88%8F%E7%BD%91%E5%90%A7%E5%90%83%E4%BD%8F&ie=utf-8&rsv_cq=B%E7%AB%99%E8%AF%B7%E9%81%93%E5%A3%AB%E4%BD%9C%E6%B3%95&rsv_dl=0_right_toplist_20811
2017-09-16 16:02:27,406 - [webpage_saver.py:45] - INFO - url https://www.baidu.com/s?word=%E8%A5%BF%E6%B8%B8%E9%9B%B6%E7%BA%AA%E5%85%83&tn=50000016_hao_pg&ie=utf-8 is not match
2017-09-16 16:02:27,409 - [webpage_parser.py:63] - INFO - procotol:http, hostname:www.baidu.com, new_link:/s?tn=sitehao123_10_pg&usm=2&wd=8%E5%A4%A9%E9%95%BF%E5%81%876%E5%9C%BA%E5%A9%9A%E7%A4%BC&ie=utf-8&rsv_cq=B%E7%AB%99%E8%AF%B7%E9%81%93%E5%A3%AB%E4%BD%9C%E6%B3%95&rsv_dl=0_right_toplist_20811
2017-09-16 16:02:27,412 - [webpage_parser.py:63] - INFO - procotol:http, hostname:www.baidu.com, new_link:/s?tn=sitehao123_10_pg&usm=2&wd=%E9%A9%AC%E4%BC%8A%E7%90%8D%E6%96%B0%E6%88%8F%E6%8E%A5%E9%95%BF%E5%8F%91&ie=utf-8&rsv_cq=B%E7%AB%99%E8%AF%B7%E9%81%93%E5%A3%AB%E4%BD%9C%E6%B3%95&rsv_dl=0_right_toplist_20811
2017-09-16 16:02:27,413 - [webpage_parser.py:63] - INFO - procotol:http, hostname:www.baidu.com, new_link:/s?tn=sitehao123_10_pg&usm=2&wd=%E9%AA%91%E5%8D%95%E8%BD%A6%E8%BA%AB%E4%BA%A1%E6%A1%88%E5%BC%80%E5%BA%AD&ie=utf-8&rsv_cq=B%E7%AB%99%E8%AF%B7%E9%81%93%E5%A3%AB%E4%BD%9C%E6%B3%95&rsv_dl=0_right_toplist_20811
2017-09-16 16:02:27,421 - [webpage_parser.py:63] - INFO - procotol:http, hostname:www.baidu.com, new_link:/s?tn=sitehao123_10_pg&usm=2&wd=ios11%E6%AD%A3%E5%BC%8F%E7%89%88&ie=utf-8&rsv_cq=B%E7%AB%99%E8%AF%B7%E9%81%93%E5%A3%AB%E4%BD%9C%E6%B3%95&rsv_dl=0_right_toplist_20811
2017-09-16 16:02:27,434 - [webpage_parser.py:63] - INFO - procotol:http, hostname:www.baidu.com, new_link:/s?tn=sitehao123_10_pg&usm=2&wd=%E6%9E%97%E6%9B%B4%E6%96%B0%E5%9B%9E%E5%BA%94%E8%A2%AB%E9%AA%82&ie=utf-8&rsv_cq=B%E7%AB%99%E8%AF%B7%E9%81%93%E5%A3%AB%E4%BD%9C%E6%B3%95&rsv_dl=0_right_toplist_20811
2017-09-16 16:02:27,434 - [webpage_parser.py:63] - INFO - procotol:http, hostname:www.baidu.com, new_link:/s?tn=sitehao123_10_pg&usm=2&wd=%E8%97%8F%E7%8D%92%E7%BB%8F%E6%B5%8E%E5%B4%A9%E7%9B%98&ie=utf-8&rsv_cq=B%E7%AB%99%E8%AF%B7%E9%81%93%E5%A3%AB%E4%BD%9C%E6%B3%95&rsv_dl=0_right_toplist_20811
2017-09-16 16:02:27,438 - [webpage_parser.py:63] - INFO - procotol:http, hostname:www.baidu.com, new_link:/s?tn=sitehao123_10_pg&usm=2&wd=%E6%96%B0%E5%8A%A0%E5%9D%A1%E9%A6%96%E4%BD%8D%E5%A5%B3%E6%80%BB%E7%BB%9F&ie=utf-8&rsv_cq=B%E7%AB%99%E8%AF%B7%E9%81%93%E5%A3%AB%E4%BD%9C%E6%B3%95&rsv_dl=0_right_toplist_20811
2017-09-16 16:02:27,453 - [sbcharsetprober.py:119] - DEBUG - IBM855 confidence = 0.0422544085614, below negative shortcut threshhold 0.05
2017-09-16 16:02:27,454 - [webpage_parser.py:63] - INFO - procotol:http, hostname:www.baidu.com, new_link:/s?tn=sitehao123_10_pg&usm=2&wd=%E9%95%BF%E6%B1%9F%E5%8F%A3%E5%9E%83%E5%9C%BE%E5%80%BE%E5%80%92%E6%A1%88&ie=utf-8&rsv_cq=B%E7%AB%99%E8%AF%B7%E9%81%93%E5%A3%AB%E4%BD%9C%E6%B3%95&rsv_dl=0_right_toplist_20811
2017-09-16 16:02:27,559 - [webpage_parser.py:63] - INFO - procotol:http, hostname:www.baidu.com, new_link:/s?tn=sitehao123_10_pg&usm=2&wd=%E5%8D%81%E5%B2%81%E5%A5%B3%E7%AB%A5%E8%80%83%E4%B8%8A%E5%A4%A7%E4%B8%93&ie=utf-8&rsv_cq=B%E7%AB%99%E8%AF%B7%E9%81%93%E5%A3%AB%E4%BD%9C%E6%B3%95&rsv_dl=0_right_toplist_20811
2017-09-16 16:02:27,583 - [webpage_parser.py:63] - INFO - procotol:http, hostname:www.baidu.com, new_link:/s?tn=sitehao123_10_pg&usm=2&wd=%E5%8F%8C%E5%8F%B0%E9%A3%8E%E7%BB%93%E5%AF%B9%E6%9D%A5%E8%A2%AD&ie=utf-8&rsv_cq=B%E7%AB%99%E8%AF%B7%E9%81%93%E5%A3%AB%E4%BD%9C%E6%B3%95&rsv_dl=0_right_toplist_20811
2017-09-16 16:02:27,604 - [webpage_parser.py:63] - INFO - procotol:http, hostname:www.baidu.com, new_link:/s?tn=sitehao123_10_pg&usm=2&wd=%E4%BA%AC%E4%B8%9C%E8%BF%9B%E5%86%9B%E6%88%BF%E5%9C%B0%E4%BA%A7&ie=utf-8&rsv_cq=B%E7%AB%99%E8%AF%B7%E9%81%93%E5%A3%AB%E4%BD%9C%E6%B3%95&rsv_dl=0_right_toplist_20811
2017-09-16 16:02:27,612 - [webpage_parser.py:63] - INFO - procotol:http, hostname:www.baidu.com, new_link:/s?tn=sitehao123_10_pg&usm=2&wd=%E6%AF%94%E7%89%B9%E5%B8%81%E4%B8%AD%E5%9B%BD%E5%B0%86%E5%85%B3%E5%81%9C&ie=utf-8&rsv_cq=B%E7%AB%99%E8%AF%B7%E9%81%93%E5%A3%AB%E4%BD%9C%E6%B3%95&rsv_dl=0_right_toplist_20811
2017-09-16 16:02:27,614 - [webpage_parser.py:63] - INFO - procotol:http, hostname:www.baidu.com, new_link:/s?tn=sitehao123_10_pg&usm=2&wd=%E4%BC%A0%E5%A5%87%E5%A4%A7%E7%86%8A%E7%8C%AB%E5%8E%BB%E4%B8%96&ie=utf-8&rsv_cq=B%E7%AB%99%E8%AF%B7%E9%81%93%E5%A3%AB%E4%BD%9C%E6%B3%95&rsv_dl=0_right_toplist_20811
2017-09-16 16:02:27,622 - [webpage_parser.py:63] - INFO - procotol:http, hostname:www.baidu.com, new_link:/s?wd=%E8%8A%B13%E4%B8%87%E8%AF%B7%E9%81%93%E5%A3%AB%E4%BD%9C%E6%B3%95&rsf=9&rsp=0&f=1&oq=B%E7%AB%99%E8%AF%B7%E9%81%93%E5%A3%AB%E4%BD%9C%E6%B3%95&tn=sitehao123_10_pg&ie=utf-8&usm=2&rsv_pq=f668025d0000e48e&rsv_t=c88fTdF81G%2B67weMnwHNU6xNKp3cqei96ru3GZ1%2BD%2Fs2keXB6Ff84cArBZJiWUP7Pt8D8rHM8A&rqlang=cn&rs_src=0&rsv_pq=f668025d0000e48e&rsv_t=c88fTdF81G%2B67weMnwHNU6xNKp3cqei96ru3GZ1%2BD%2Fs2keXB6Ff84cArBZJiWUP7Pt8D8rHM8A
2017-09-16 16:02:27,656 - [webpage_parser.py:63] - INFO - procotol:http, hostname:www.baidu.com, new_link:/s?wd=3%E4%B8%87%E8%AF%B7%E9%81%93%E5%A3%AB%E4%BD%9C%E6%B3%95&rsf=9&rsp=1&f=1&oq=B%E7%AB%99%E8%AF%B7%E9%81%93%E5%A3%AB%E4%BD%9C%E6%B3%95&tn=sitehao123_10_pg&ie=utf-8&usm=2&rsv_pq=f668025d0000e48e&rsv_t=c88fTdF81G%2B67weMnwHNU6xNKp3cqei96ru3GZ1%2BD%2Fs2keXB6Ff84cArBZJiWUP7Pt8D8rHM8A&rqlang=cn&rs_src=0&rsv_pq=f668025d0000e48e&rsv_t=c88fTdF81G%2B67weMnwHNU6xNKp3cqei96ru3GZ1%2BD%2Fs2keXB6Ff84cArBZJiWUP7Pt8D8rHM8A
2017-09-16 16:02:27,669 - [webpage_parser.py:63] - INFO - procotol:http, hostname:www.baidu.com, new_link:/s?wd=%E9%81%93%E5%A3%AB%E4%BD%9C%E6%B3%95&rsf=9&rsp=2&f=1&oq=B%E7%AB%99%E8%AF%B7%E9%81%93%E5%A3%AB%E4%BD%9C%E6%B3%95&tn=sitehao123_10_pg&ie=utf-8&usm=2&rsv_pq=f668025d0000e48e&rsv_t=c88fTdF81G%2B67weMnwHNU6xNKp3cqei96ru3GZ1%2BD%2Fs2keXB6Ff84cArBZJiWUP7Pt8D8rHM8A&rqlang=cn&rs_src=0&rsv_pq=f668025d0000e48e&rsv_t=c88fTdF81G%2B67weMnwHNU6xNKp3cqei96ru3GZ1%2BD%2Fs2keXB6Ff84cArBZJiWUP7Pt8D8rHM8A
2017-09-16 16:02:27,693 - [webpage_parser.py:63] - INFO - procotol:http, hostname:www.baidu.com, new_link:/s?wd=%E6%B5%B7%E5%8D%97%E9%81%93%E5%A3%AB%E4%BD%9C%E6%B3%95%E8%A7%86%E9%A2%91&rsf=9&rsp=3&f=1&oq=B%E7%AB%99%E8%AF%B7%E9%81%93%E5%A3%AB%E4%BD%9C%E6%B3%95&tn=sitehao123_10_pg&ie=utf-8&usm=2&rsv_pq=f668025d0000e48e&rsv_t=c88fTdF81G%2B67weMnwHNU6xNKp3cqei96ru3GZ1%2BD%2Fs2keXB6Ff84cArBZJiWUP7Pt8D8rHM8A&rqlang=cn&rs_src=0&rsv_pq=f668025d0000e48e&rsv_t=c88fTdF81G%2B67weMnwHNU6xNKp3cqei96ru3GZ1%2BD%2Fs2keXB6Ff84cArBZJiWUP7Pt8D8rHM8A
2017-09-16 16:02:27,698 - [webpage_parser.py:63] - INFO - procotol:http, hostname:www.baidu.com, new_link:/s?wd=%E9%81%93%E5%A3%AB%E4%BD%9C%E6%B3%95%E7%9A%84%E5%9C%B0%E6%96%B9%E5%8F%AB%E5%81%9A&rsf=9&rsp=4&f=1&oq=B%E7%AB%99%E8%AF%B7%E9%81%93%E5%A3%AB%E4%BD%9C%E6%B3%95&tn=sitehao123_10_pg&ie=utf-8&usm=2&rsv_pq=f668025d0000e48e&rsv_t=c88fTdF81G%2B67weMnwHNU6xNKp3cqei96ru3GZ1%2BD%2Fs2keXB6Ff84cArBZJiWUP7Pt8D8rHM8A&rqlang=cn&rs_src=0&rsv_pq=f668025d0000e48e&rsv_t=c88fTdF81G%2B67weMnwHNU6xNKp3cqei96ru3GZ1%2BD%2Fs2keXB6Ff84cArBZJiWUP7Pt8D8rHM8A
2017-09-16 16:02:27,702 - [webpage_parser.py:63] - INFO - procotol:http, hostname:www.baidu.com, new_link:/s?wd=%E8%AF%B7%E9%81%93%E5%A3%AB%E5%81%9A%E6%B3%95%E4%BA%8B%E7%9A%84%E5%8D%B1%E5%AE%B3&rsf=9&rsp=5&f=1&oq=B%E7%AB%99%E8%AF%B7%E9%81%93%E5%A3%AB%E4%BD%9C%E6%B3%95&tn=sitehao123_10_pg&ie=utf-8&usm=2&rsv_pq=f668025d0000e48e&rsv_t=c88fTdF81G%2B67weMnwHNU6xNKp3cqei96ru3GZ1%2BD%2Fs2keXB6Ff84cArBZJiWUP7Pt8D8rHM8A&rqlang=cn&rs_src=0&rsv_pq=f668025d0000e48e&rsv_t=c88fTdF81G%2B67weMnwHNU6xNKp3cqei96ru3GZ1%2BD%2Fs2keXB6Ff84cArBZJiWUP7Pt8D8rHM8A
2017-09-16 16:02:27,703 - [webpage_parser.py:63] - INFO - procotol:http, hostname:www.baidu.com, new_link:/s?wd=%E5%8D%97%E5%A4%A7%E7%A2%8E%E5%B0%B8%E6%A1%88%E8%AF%B7%E9%81%93%E5%A3%AB%E6%8B%9B%E9%AD%82&rsf=9&rsp=6&f=1&oq=B%E7%AB%99%E8%AF%B7%E9%81%93%E5%A3%AB%E4%BD%9C%E6%B3%95&tn=sitehao123_10_pg&ie=utf-8&usm=2&rsv_pq=f668025d0000e48e&rsv_t=c88fTdF81G%2B67weMnwHNU6xNKp3cqei96ru3GZ1%2BD%2Fs2keXB6Ff84cArBZJiWUP7Pt8D8rHM8A&rqlang=cn&rs_src=0&rsv_pq=f668025d0000e48e&rsv_t=c88fTdF81G%2B67weMnwHNU6xNKp3cqei96ru3GZ1%2BD%2Fs2keXB6Ff84cArBZJiWUP7Pt8D8rHM8A
2017-09-16 16:02:27,714 - [webpage_parser.py:63] - INFO - procotol:http, hostname:www.baidu.com, new_link:/s?wd=%E4%B8%BA%E4%BB%80%E4%B9%88%E6%AD%BB%E4%BA%BA%E8%AF%B7%E9%81%93%E5%A3%AB%E5%81%9A%E6%B3%95&rsf=9&rsp=7&f=1&oq=B%E7%AB%99%E8%AF%B7%E9%81%93%E5%A3%AB%E4%BD%9C%E6%B3%95&tn=sitehao123_10_pg&ie=utf-8&usm=2&rsv_pq=f668025d0000e48e&rsv_t=c88fTdF81G%2B67weMnwHNU6xNKp3cqei96ru3GZ1%2BD%2Fs2keXB6Ff84cArBZJiWUP7Pt8D8rHM8A&rqlang=cn&rs_src=0&rsv_pq=f668025d0000e48e&rsv_t=c88fTdF81G%2B67weMnwHNU6xNKp3cqei96ru3GZ1%2BD%2Fs2keXB6Ff84cArBZJiWUP7Pt8D8rHM8A
2017-09-16 16:02:27,715 - [webpage_parser.py:63] - INFO - procotol:http, hostname:www.baidu.com, new_link:/s?wd=%E8%8A%B13%E4%B8%87%E8%AF%B7%E9%81%93%E5%A3%AB%E5%81%9A%E6%B3%95%E8%A2%AB%E9%AA%97&rsf=9&rsp=8&f=1&oq=B%E7%AB%99%E8%AF%B7%E9%81%93%E5%A3%AB%E4%BD%9C%E6%B3%95&tn=sitehao123_10_pg&ie=utf-8&usm=2&rsv_pq=f668025d0000e48e&rsv_t=c88fTdF81G%2B67weMnwHNU6xNKp3cqei96ru3GZ1%2BD%2Fs2keXB6Ff84cArBZJiWUP7Pt8D8rHM8A&rqlang=cn&rs_src=0&rsv_pq=f668025d0000e48e&rsv_t=c88fTdF81G%2B67weMnwHNU6xNKp3cqei96ru3GZ1%2BD%2Fs2keXB6Ff84cArBZJiWUP7Pt8D8rHM8A
2017-09-16 16:02:27,717 - [webpage_parser.py:63] - INFO - procotol:http, hostname:www.baidu.com, new_link:/s?wd=B%E7%AB%99%E8%AF%B7%E9%81%93%E5%A3%AB%E4%BD%9C%E6%B3%95&pn=10&oq=B%E7%AB%99%E8%AF%B7%E9%81%93%E5%A3%AB%E4%BD%9C%E6%B3%95&tn=sitehao123_10_pg&ie=utf-8&usm=2&rsv_pq=f668025d0000e48e&rsv_t=c88fTdF81G%2B67weMnwHNU6xNKp3cqei96ru3GZ1%2BD%2Fs2keXB6Ff84cArBZJiWUP7Pt8D8rHM8A
2017-09-16 16:02:27,727 - [webpage_parser.py:63] - INFO - procotol:http, hostname:www.baidu.com, new_link:/s?wd=B%E7%AB%99%E8%AF%B7%E9%81%93%E5%A3%AB%E4%BD%9C%E6%B3%95&pn=20&oq=B%E7%AB%99%E8%AF%B7%E9%81%93%E5%A3%AB%E4%BD%9C%E6%B3%95&tn=sitehao123_10_pg&ie=utf-8&usm=2&rsv_pq=f668025d0000e48e&rsv_t=c88fTdF81G%2B67weMnwHNU6xNKp3cqei96ru3GZ1%2BD%2Fs2keXB6Ff84cArBZJiWUP7Pt8D8rHM8A
2017-09-16 16:02:27,733 - [webpage_parser.py:63] - INFO - procotol:http, hostname:www.baidu.com, new_link:/s?wd=B%E7%AB%99%E8%AF%B7%E9%81%93%E5%A3%AB%E4%BD%9C%E6%B3%95&pn=30&oq=B%E7%AB%99%E8%AF%B7%E9%81%93%E5%A3%AB%E4%BD%9C%E6%B3%95&tn=sitehao123_10_pg&ie=utf-8&usm=2&rsv_pq=f668025d0000e48e&rsv_t=c88fTdF81G%2B67weMnwHNU6xNKp3cqei96ru3GZ1%2BD%2Fs2keXB6Ff84cArBZJiWUP7Pt8D8rHM8A
2017-09-16 16:02:27,738 - [webpage_parser.py:63] - INFO - procotol:http, hostname:www.baidu.com, new_link:/s?wd=B%E7%AB%99%E8%AF%B7%E9%81%93%E5%A3%AB%E4%BD%9C%E6%B3%95&pn=40&oq=B%E7%AB%99%E8%AF%B7%E9%81%93%E5%A3%AB%E4%BD%9C%E6%B3%95&tn=sitehao123_10_pg&ie=utf-8&usm=2&rsv_pq=f668025d0000e48e&rsv_t=c88fTdF81G%2B67weMnwHNU6xNKp3cqei96ru3GZ1%2BD%2Fs2keXB6Ff84cArBZJiWUP7Pt8D8rHM8A
2017-09-16 16:02:27,748 - [webpage_parser.py:63] - INFO - procotol:http, hostname:www.baidu.com, new_link:/s?wd=B%E7%AB%99%E8%AF%B7%E9%81%93%E5%A3%AB%E4%BD%9C%E6%B3%95&pn=50&oq=B%E7%AB%99%E8%AF%B7%E9%81%93%E5%A3%AB%E4%BD%9C%E6%B3%95&tn=sitehao123_10_pg&ie=utf-8&usm=2&rsv_pq=f668025d0000e48e&rsv_t=c88fTdF81G%2B67weMnwHNU6xNKp3cqei96ru3GZ1%2BD%2Fs2keXB6Ff84cArBZJiWUP7Pt8D8rHM8A
2017-09-16 16:02:27,779 - [webpage_parser.py:63] - INFO - procotol:http, hostname:www.baidu.com, new_link:/s?wd=B%E7%AB%99%E8%AF%B7%E9%81%93%E5%A3%AB%E4%BD%9C%E6%B3%95&pn=60&oq=B%E7%AB%99%E8%AF%B7%E9%81%93%E5%A3%AB%E4%BD%9C%E6%B3%95&tn=sitehao123_10_pg&ie=utf-8&usm=2&rsv_pq=f668025d0000e48e&rsv_t=c88fTdF81G%2B67weMnwHNU6xNKp3cqei96ru3GZ1%2BD%2Fs2keXB6Ff84cArBZJiWUP7Pt8D8rHM8A
2017-09-16 16:02:27,797 - [webpage_parser.py:63] - INFO - procotol:http, hostname:www.baidu.com, new_link:/s?wd=B%E7%AB%99%E8%AF%B7%E9%81%93%E5%A3%AB%E4%BD%9C%E6%B3%95&pn=70&oq=B%E7%AB%99%E8%AF%B7%E9%81%93%E5%A3%AB%E4%BD%9C%E6%B3%95&tn=sitehao123_10_pg&ie=utf-8&usm=2&rsv_pq=f668025d0000e48e&rsv_t=c88fTdF81G%2B67weMnwHNU6xNKp3cqei96ru3GZ1%2BD%2Fs2keXB6Ff84cArBZJiWUP7Pt8D8rHM8A
2017-09-16 16:02:27,804 - [webpage_parser.py:63] - INFO - procotol:http, hostname:www.baidu.com, new_link:/s?wd=B%E7%AB%99%E8%AF%B7%E9%81%93%E5%A3%AB%E4%BD%9C%E6%B3%95&pn=80&oq=B%E7%AB%99%E8%AF%B7%E9%81%93%E5%A3%AB%E4%BD%9C%E6%B3%95&tn=sitehao123_10_pg&ie=utf-8&usm=2&rsv_pq=f668025d0000e48e&rsv_t=c88fTdF81G%2B67weMnwHNU6xNKp3cqei96ru3GZ1%2BD%2Fs2keXB6Ff84cArBZJiWUP7Pt8D8rHM8A
2017-09-16 16:02:27,818 - [webpage_parser.py:63] - INFO - procotol:http, hostname:www.baidu.com, new_link:/s?wd=B%E7%AB%99%E8%AF%B7%E9%81%93%E5%A3%AB%E4%BD%9C%E6%B3%95&pn=90&oq=B%E7%AB%99%E8%AF%B7%E9%81%93%E5%A3%AB%E4%BD%9C%E6%B3%95&tn=sitehao123_10_pg&ie=utf-8&usm=2&rsv_pq=f668025d0000e48e&rsv_t=c88fTdF81G%2B67weMnwHNU6xNKp3cqei96ru3GZ1%2BD%2Fs2keXB6Ff84cArBZJiWUP7Pt8D8rHM8A
2017-09-16 16:02:27,819 - [webpage_parser.py:63] - INFO - procotol:http, hostname:www.baidu.com, new_link:/s?wd=B%E7%AB%99%E8%AF%B7%E9%81%93%E5%A3%AB%E4%BD%9C%E6%B3%95&pn=10&oq=B%E7%AB%99%E8%AF%B7%E9%81%93%E5%A3%AB%E4%BD%9C%E6%B3%95&tn=sitehao123_10_pg&ie=utf-8&usm=2&rsv_pq=f668025d0000e48e&rsv_t=c88fTdF81G%2B67weMnwHNU6xNKp3cqei96ru3GZ1%2BD%2Fs2keXB6Ff84cArBZJiWUP7Pt8D8rHM8A&rsv_page=1
2017-09-16 16:02:27,824 - [webpage_parser.py:63] - INFO - procotol:http, hostname:www.baidu.com, new_link:javascript:;
2017-09-16 16:02:27,863 - [webpage_saver.py:45] - INFO - url http://www.baidu.com/s?word=B%E7%AB%99%E8%AF%B7%E9%81%93%E5%A3%AB%E4%BD%9C%E6%B3%95&tn=sitehao123_10_pg&ie=utf-8 is not match
2017-09-16 16:02:27,877 - [connectionpool.py:207] - DEBUG - Starting new HTTP connection (1): www.tuniu.com
2017-09-16 16:02:27,901 - [connectionpool.py:395] - DEBUG - http://www.12377.cn:80 "GET / HTTP/1.1" 200 20679
2017-09-16 16:02:27,989 - [connectionpool.py:207] - DEBUG - Starting new HTTP connection (1): www.hao123.com
2017-09-16 16:02:27,995 - [connectionpool.py:818] - DEBUG - Starting new HTTPS connection (1): www.baidu.com
2017-09-16 16:02:28,003 - [webpage_saver.py:45] - INFO - url http://www.12377.cn/ is not match
2017-09-16 16:02:28,017 - [connectionpool.py:395] - DEBUG - http://www.hao123.com:80 "GET /redian/problem.htm HTTP/1.1" 200 6530
2017-09-16 16:02:28,122 - [webpage_parser.py:63] - INFO - procotol:http, hostname:www.hao123.com, new_link:#explorer
2017-09-16 16:02:28,125 - [webpage_parser.py:63] - INFO - procotol:http, hostname:www.hao123.com, new_link:#suoding
2017-09-16 16:02:28,157 - [connectionpool.py:395] - DEBUG - https://www.baidu.com:443 "GET /s?word=%E4%BA%8C%E6%AC%A1%E5%85%83%E6%89%8B%E5%8A%9E&tn=50000017_hao_pg&ie=utf-8 HTTP/1.1" 200 227
2017-09-16 16:02:28,198 - [webpage_parser.py:63] - INFO - procotol:http, hostname:www.hao123.com, new_link:#zhuye
2017-09-16 16:02:28,202 - [webpage_saver.py:45] - INFO - url https://www.baidu.com/s?word=%E4%BA%8C%E6%AC%A1%E5%85%83%E6%89%8B%E5%8A%9E&tn=50000017_hao_pg&ie=utf-8 is not match
2017-09-16 16:02:28,205 - [webpage_parser.py:63] - INFO - procotol:http, hostname:www.hao123.com, new_link:#search
2017-09-16 16:02:28,218 - [webpage_parser.py:63] - INFO - procotol:http, hostname:www.hao123.com, new_link:#english
2017-09-16 16:02:28,221 - [webpage_parser.py:63] - INFO - procotol:http, hostname:www.hao123.com, new_link:#dizhilan
2017-09-16 16:02:28,221 - [webpage_parser.py:63] - INFO - procotol:http, hostname:www.hao123.com, new_link:#taobao
2017-09-16 16:02:28,229 - [webpage_parser.py:63] - INFO - procotol:http, hostname:www.hao123.com, new_link:#guowai
2017-09-16 16:02:28,230 - [webpage_parser.py:63] - INFO - procotol:http, hostname:www.hao123.com, new_link:#error
2017-09-16 16:02:28,233 - [webpage_parser.py:63] - INFO - procotol:http, hostname:www.hao123.com, new_link:#mail
2017-09-16 16:02:28,248 - [webpage_parser.py:63] - INFO - procotol:http, hostname:www.hao123.com, new_link:#luanma
2017-09-16 16:02:28,366 - [webpage_parser.py:63] - INFO - procotol:http, hostname:www.hao123.com, new_link:#firefox
2017-09-16 16:02:28,369 - [webpage_parser.py:63] - INFO - procotol:http, hostname:www.hao123.com, new_link:#tianqi
2017-09-16 16:02:28,380 - [webpage_parser.py:63] - INFO - procotol:http, hostname:www.hao123.com, new_link:#zhuyedabukai
2017-09-16 16:02:28,407 - [webpage_parser.py:63] - INFO - procotol:http, hostname:www.hao123.com, new_link:#zhuyeziti
2017-09-16 16:02:28,459 - [webpage_parser.py:63] - INFO - procotol:http, hostname:www.hao123.com, new_link:#tanguanggao
2017-09-16 16:02:28,490 - [webpage_parser.py:63] - INFO - procotol:http, hostname:www.hao123.com, new_link:#tiaochu
2017-09-16 16:02:28,492 - [webpage_parser.py:63] - INFO - procotol:http, hostname:www.hao123.com, new_link:#qqcuangai
2017-09-16 16:02:28,493 - [webpage_parser.py:63] - INFO - procotol:http, hostname:www.hao123.com, new_link:#sousuoluanma
2017-09-16 16:02:28,493 - [connectionpool.py:207] - DEBUG - Starting new HTTP connection (1): www.beijing.gov.cn
2017-09-16 16:02:28,499 - [webpage_parser.py:63] - INFO - procotol:http, hostname:www.hao123.com, new_link:#zhuyesuoding
2017-09-16 16:02:28,501 - [connectionpool.py:207] - DEBUG - Starting new HTTP connection (1): www.hao123.com
2017-09-16 16:02:28,507 - [webpage_parser.py:63] - INFO - procotol:http, hostname:www.hao123.com, new_link:#zenmban
2017-09-16 16:02:28,870 - [connectionpool.py:207] - DEBUG - Starting new HTTP connection (1): www.fawan.com
2017-09-16 16:02:28,916 - [webpage_crawler.py:71] - ERROR - read timeout http://www.tuniu.com/?p=15190
2017-09-16 16:02:28,916 - [webpage_crawler.py:115] - ERROR - crawl url http://www.tuniu.com/?p=15190 failed, status code 2
2017-09-16 16:02:29,012 - [connectionpool.py:395] - DEBUG - http://www.hao123.com:80 "GET /licai HTTP/1.1" 200 None
2017-09-16 16:02:29,020 - [connectionpool.py:818] - DEBUG - Starting new HTTPS connection (1): www.baidu.com
2017-09-16 16:02:29,094 - [connectionpool.py:395] - DEBUG - http://www.beijing.gov.cn:80 "GET / HTTP/1.1" 403 None
2017-09-16 16:02:29,448 - [webpage_parser.py:63] - INFO - procotol:http, hostname:www.hao123.com, new_link:javascript:void(0)
2017-09-16 16:02:29,451 - [webpage_parser.py:63] - INFO - procotol:http, hostname:www.hao123.com, new_link:javascript:;
2017-09-16 16:02:29,463 - [webpage_parser.py:63] - INFO - procotol:http, hostname:www.hao123.com, new_link:javascript:void(0)
2017-09-16 16:02:29,464 - [webpage_parser.py:63] - INFO - procotol:http, hostname:www.hao123.com, new_link:javascript:void(0)
2017-09-16 16:02:29,470 - [webpage_parser.py:63] - INFO - procotol:http, hostname:www.hao123.com, new_link:javascript:;
2017-09-16 16:02:29,471 - [webpage_crawler.py:115] - ERROR - crawl url http://www.beijing.gov.cn/ failed, status code 403
2017-09-16 16:02:29,473 - [connectionpool.py:207] - DEBUG - Starting new HTTP connection (1): www.hao123.com
2017-09-16 16:02:29,474 - [connectionpool.py:395] - DEBUG - http://www.fawan.com:80 "GET /2017/09/16/482152t185.html?hao123 HTTP/1.1" 200 None
2017-09-16 16:02:29,549 - [connectionpool.py:395] - DEBUG - http://www.hao123.com:80 "GET /video/wangju HTTP/1.1" 200 None
2017-09-16 16:02:29,558 - [connectionpool.py:207] - DEBUG - Starting new HTTP connection (1): www.hao123.com
2017-09-16 16:02:29,654 - [webpage_parser.py:63] - INFO - procotol:http, hostname:www.hao123.com, new_link:javascript:void(0)
2017-09-16 16:02:29,655 - [connectionpool.py:395] - DEBUG - https://www.baidu.com:443 "GET /s?word=%E9%A2%88%E6%A4%8E%E7%97%85%E6%B2%BB%E7%96%97&tn=50000018_hao_pg&ie=utf-8 HTTP/1.1" 200 227
2017-09-16 16:02:29,658 - [webpage_parser.py:63] - INFO - procotol:http, hostname:www.hao123.com, new_link:javascript:;
2017-09-16 16:02:29,660 - [connectionpool.py:395] - DEBUG - http://www.hao123.com:80 "GET /zt/lcqh HTTP/1.1" 200 None
2017-09-16 16:02:29,668 - [webpage_parser.py:63] - INFO - procotol:http, hostname:www.hao123.com, new_link:javascript:void(0)
2017-09-16 16:02:29,685 - [webpage_parser.py:63] - INFO - procotol:http, hostname:www.hao123.com, new_link:javascript:void(0);
2017-09-16 16:02:29,688 - [webpage_saver.py:45] - INFO - url https://www.baidu.com/s?word=%E9%A2%88%E6%A4%8E%E7%97%85%E6%B2%BB%E7%96%97&tn=50000018_hao_pg&ie=utf-8 is not match
2017-09-16 16:02:29,694 - [webpage_parser.py:63] - INFO - procotol:http, hostname:www.hao123.com, new_link:javascript:;
2017-09-16 16:02:29,732 - [webpage_parser.py:63] - INFO - procotol:http, hostname:www.hao123.com, new_link:javascript:void(0);
2017-09-16 16:02:29,743 - [webpage_parser.py:63] - INFO - procotol:http, hostname:www.hao123.com, new_link:javascript:void(0)
2017-09-16 16:02:29,750 - [webpage_parser.py:63] - INFO - procotol:http, hostname:www.hao123.com, new_link:javascript:;
2017-09-16 16:02:29,759 - [webpage_parser.py:63] - INFO - procotol:http, hostname:www.hao123.com, new_link:javascript:;
2017-09-16 16:02:29,872 - [webpage_saver.py:45] - INFO - url http://www.hao123.com/zt/lcqh is not match
2017-09-16 16:02:29,911 - [webpage_saver.py:45] - INFO - url http://www.fawan.com/2017/09/16/482152t185.html?hao123 is not match
2017-09-16 16:02:29,937 - [connectionpool.py:818] - DEBUG - Starting new HTTPS connection (1): www.baidu.com
2017-09-16 16:02:30,001 - [connectionpool.py:395] - DEBUG - https://www.baidu.com:443 "GET /s?word=%E8%BD%BB%E6%9D%BE%E8%87%B4%E5%AF%8C&tn=50000019_hao_pg&ie=utf-8 HTTP/1.1" 200 227
2017-09-16 16:02:30,016 - [webpage_saver.py:45] - INFO - url https://www.baidu.com/s?word=%E8%BD%BB%E6%9D%BE%E8%87%B4%E5%AF%8C&tn=50000019_hao_pg&ie=utf-8 is not match
2017-09-16 16:02:30,052 - [webpage_saver.py:45] - INFO - url http://www.hao123.com/licai is not match
2017-09-16 16:02:30,059 - [webpage_saver.py:45] - INFO - url http://www.hao123.com/video/wangju is not match
2017-09-16 16:02:30,120 - [sbcharsetprober.py:119] - DEBUG - ISO-8859-5 confidence = 0.0394482916842, below negative shortcut threshhold 0.05
2017-09-16 16:02:30,488 - [connectionpool.py:207] - DEBUG - Starting new HTTP connection (1): www.baidu.com
2017-09-16 16:02:30,526 - [connectionpool.py:395] - DEBUG - http://www.baidu.com:80 "GET /more/ HTTP/1.1" 200 11633
2017-09-16 16:02:30,721 - [connectionpool.py:207] - DEBUG - Starting new HTTP connection (1): www.hao123.com
2017-09-16 16:02:30,774 - [webpage_saver.py:45] - INFO - url http://www.baidu.com/more/ is not match
2017-09-16 16:02:30,820 - [sbcharsetprober.py:119] - DEBUG - windows-1251 confidence = 0.0439528759335, below negative shortcut threshhold 0.05
2017-09-16 16:02:30,943 - [connectionpool.py:395] - DEBUG - http://www.hao123.com:80 "GET /gaoxiao/haomeizi/1011 HTTP/1.1" 200 None
2017-09-16 16:02:30,953 - [connectionpool.py:207] - DEBUG - Starting new HTTP connection (1): v.hao123.baidu.com
2017-09-16 16:02:30,965 - [connectionpool.py:207] - DEBUG - Starting new HTTP connection (1): www.baidu.com
2017-09-16 16:02:31,074 - [connectionpool.py:207] - DEBUG - Starting new HTTP connection (1): www.renrenche.com
2017-09-16 16:02:31,092 - [connectionpool.py:395] - DEBUG - http://v.hao123.baidu.com:80 "GET /dianying/ HTTP/1.1" 200 None
2017-09-16 16:02:31,093 - [connectionpool.py:395] - DEBUG - http://www.baidu.com:80 "GET /s?word=%E4%B8%83%E6%9C%88%E5%BB%BF%E5%85%AD&tn=sitehao123_11_pg&ie=utf-8 HTTP/1.1" 200 None
2017-09-16 16:02:31,184 - [connectionpool.py:395] - DEBUG - http://www.renrenche.com:80 "GET /ershouche?fr=hao123&tg_aid=10029701 HTTP/1.1" 301 178
2017-09-16 16:02:31,186 - [connectionpool.py:207] - DEBUG - Starting new HTTP connection (1): map.baidu.com
2017-09-16 16:02:31,215 - [connectionpool.py:818] - DEBUG - Starting new HTTPS connection (1): www.booking.com
2017-09-16 16:02:31,232 - [webpage_parser.py:63] - INFO - procotol:http, hostname:www.hao123.com, new_link:/gaoxiao/haomeizi/list
2017-09-16 16:02:31,234 - [webpage_parser.py:63] - INFO - procotol:http, hostname:www.hao123.com, new_link:/gaoxiao/haomeizi/1010
2017-09-16 16:02:31,235 - [webpage_parser.py:63] - INFO - procotol:http, hostname:www.hao123.com, new_link:/gaoxiao/haomeizi/1010
2017-09-16 16:02:31,235 - [webpage_parser.py:63] - INFO - procotol:http, hostname:www.hao123.com, new_link:javascript:;
2017-09-16 16:02:31,235 - [connectionpool.py:818] - DEBUG - Starting new HTTPS connection (1): www.renrenche.com
2017-09-16 16:02:31,241 - [webpage_parser.py:63] - INFO - procotol:http, hostname:www.hao123.com, new_link:javascript:;
2017-09-16 16:02:31,244 - [webpage_parser.py:63] - INFO - procotol:http, hostname:www.hao123.com, new_link:/gaoxiao/haomeizi/list
2017-09-16 16:02:31,252 - [webpage_parser.py:63] - INFO - procotol:http, hostname:www.hao123.com, new_link:#J_bazhan520
2017-09-16 16:02:31,263 - [webpage_parser.py:63] - INFO - procotol:http, hostname:www.hao123.com, new_link:#J_meiriyishai
2017-09-16 16:02:31,264 - [webpage_parser.py:63] - INFO - procotol:http, hostname:www.hao123.com, new_link:#J_jinrihudong
2017-09-16 16:02:31,274 - [webpage_parser.py:63] - INFO - procotol:http, hostname:www.hao123.com, new_link:javascript:;
2017-09-16 16:02:31,276 - [webpage_parser.py:63] - INFO - procotol:http, hostname:www.hao123.com, new_link:#J_erjiComment
2017-09-16 16:02:31,286 - [webpage_parser.py:63] - INFO - procotol:http, hostname:www.hao123.com, new_link:javascript:;
2017-09-16 16:02:31,286 - [webpage_parser.py:63] - INFO - procotol:http, hostname:www.hao123.com, new_link:javascript:;
2017-09-16 16:02:31,301 - [webpage_saver.py:45] - INFO - url http://www.hao123.com/gaoxiao/haomeizi/1011 is not match
2017-09-16 16:02:31,323 - [connectionpool.py:395] - DEBUG - http://map.baidu.com:80 "GET /?newmap=1&l=12&s=s%26wd%3D%E9%85%92%E5%BA%97 HTTP/1.1" 200 None
2017-09-16 16:02:31,450 - [webpage_saver.py:45] - INFO - url http://map.baidu.com/?newmap=1&l=12&s=s%26wd%3D%E9%85%92%E5%BA%97 is not match
2017-09-16 16:02:31,673 - [webpage_parser.py:63] - INFO - procotol:http, hostname:www.baidu.com, new_link:/
2017-09-16 16:02:31,678 - [webpage_parser.py:63] - INFO - procotol:http, hostname:www.baidu.com, new_link:javascript:;
2017-09-16 16:02:31,715 - [webpage_parser.py:63] - INFO - procotol:http, hostname:www.baidu.com, new_link:javascript:;
2017-09-16 16:02:31,761 - [webpage_parser.py:63] - INFO - procotol:http, hostname:v.hao123.baidu.com, new_link:javascript:;
2017-09-16 16:02:31,764 - [webpage_parser.py:63] - INFO - procotol:http, hostname:v.hao123.baidu.com, new_link:javascript:void(0);
2017-09-16 16:02:31,764 - [webpage_parser.py:63] - INFO - procotol:http, hostname:www.baidu.com, new_link:javascript:;
2017-09-16 16:02:31,766 - [webpage_parser.py:63] - INFO - procotol:http, hostname:v.hao123.baidu.com, new_link:/dianying_index/order-hot_pn-1
2017-09-16 16:02:31,767 - [webpage_parser.py:63] - INFO - procotol:http, hostname:www.baidu.com, new_link:/
2017-09-16 16:02:31,773 - [webpage_parser.py:63] - INFO - procotol:http, hostname:v.hao123.baidu.com, new_link:/dianying_index/filter-true_order-hot_pn-1
2017-09-16 16:02:31,774 - [webpage_parser.py:63] - INFO - procotol:http, hostname:www.baidu.com, new_link:javascript:;
2017-09-16 16:02:31,776 - [webpage_parser.py:63] - INFO - procotol:http, hostname:v.hao123.baidu.com, new_link:/dianying_index/filter-true_order-hot_pn-1
2017-09-16 16:02:31,777 - [webpage_parser.py:63] - INFO - procotol:http, hostname:www.baidu.com, new_link:javascript:;
2017-09-16 16:02:31,780 - [webpage_parser.py:63] - INFO - procotol:http, hostname:v.hao123.baidu.com, new_link:javascript:void(0);
2017-09-16 16:02:31,783 - [webpage_parser.py:63] - INFO - procotol:http, hostname:www.baidu.com, new_link:/s?tn=sitehao123_11_pg&usm=3&wd=%E6%97%A5%E5%8E%86&ie=utf-8&rsv_cq=%E4%B8%83%E6%9C%88%E5%BB%BF%E5%85%AD&rsv_dl=0_right_recommends_merge_21102&cq=%E4%B8%83%E6%9C%88%E5%BB%BF%E5%85%AD&srcid=28310&rt=%E5%85%B6%E4%BB%96%E4%BA%BA%E8%BF%98%E6%90%9C&recid=21102&euri=f1c177938eb14fabb2c9351171e0055c
2017-09-16 16:02:31,785 - [webpage_parser.py:63] - INFO - procotol:http, hostname:www.baidu.com, new_link:/s?tn=sitehao123_11_pg&usm=3&wd=%E6%97%A5%E5%8E%86&ie=utf-8&rsv_cq=%E4%B8%83%E6%9C%88%E5%BB%BF%E5%85%AD&rsv_dl=0_right_recommends_merge_21102&cq=%E4%B8%83%E6%9C%88%E5%BB%BF%E5%85%AD&srcid=28310&rt=%E5%85%B6%E4%BB%96%E4%BA%BA%E8%BF%98%E6%90%9C&recid=21102&euri=f1c177938eb14fabb2c9351171e0055c
2017-09-16 16:02:31,787 - [webpage_parser.py:63] - INFO - procotol:http, hostname:www.baidu.com, new_link:/s?tn=sitehao123_11_pg&usm=3&wd=%E6%97%A5%E5%8E%86&ie=utf-8&rsv_cq=%E4%B8%83%E6%9C%88%E5%BB%BF%E5%85%AD&rsv_dl=0_right_recommends_merge_21102&cq=%E4%B8%83%E6%9C%88%E5%BB%BF%E5%85%AD&srcid=28310&rt=%E5%85%B6%E4%BB%96%E4%BA%BA%E8%BF%98%E6%90%9C&recid=21102&euri=f1c177938eb14fabb2c9351171e0055c
2017-09-16 16:02:31,788 - [webpage_parser.py:63] - INFO - procotol:http, hostname:www.baidu.com, new_link:/s?tn=sitehao123_11_pg&usm=3&wd=%E5%BB%BF%E4%B8%80&ie=utf-8&rsv_cq=%E4%B8%83%E6%9C%88%E5%BB%BF%E5%85%AD&rsv_dl=0_right_recommends_merge_21102&cq=%E4%B8%83%E6%9C%88%E5%BB%BF%E5%85%AD&srcid=28310&rt=%E5%85%B6%E4%BB%96%E4%BA%BA%E8%BF%98%E6%90%9C&recid=21102&euri=f0d1217f42b64e5c8c868f103a816f06
2017-09-16 16:02:31,790 - [webpage_parser.py:63] - INFO - procotol:http, hostname:www.baidu.com, new_link:/s?tn=sitehao123_11_pg&usm=3&wd=%E5%BB%BF%E4%B8%80&ie=utf-8&rsv_cq=%E4%B8%83%E6%9C%88%E5%BB%BF%E5%85%AD&rsv_dl=0_right_recommends_merge_21102&cq=%E4%B8%83%E6%9C%88%E5%BB%BF%E5%85%AD&srcid=28310&rt=%E5%85%B6%E4%BB%96%E4%BA%BA%E8%BF%98%E6%90%9C&recid=21102&euri=f0d1217f42b64e5c8c868f103a816f06
2017-09-16 16:02:31,791 - [webpage_parser.py:63] - INFO - procotol:http, hostname:www.baidu.com, new_link:/s?tn=sitehao123_11_pg&usm=3&wd=%E5%BB%BF%E4%B8%80&ie=utf-8&rsv_cq=%E4%B8%83%E6%9C%88%E5%BB%BF%E5%85%AD&rsv_dl=0_right_recommends_merge_21102&cq=%E4%B8%83%E6%9C%88%E5%BB%BF%E5%85%AD&srcid=28310&rt=%E5%85%B6%E4%BB%96%E4%BA%BA%E8%BF%98%E6%90%9C&recid=21102&euri=f0d1217f42b64e5c8c868f103a816f06
2017-09-16 16:02:31,793 - [webpage_parser.py:63] - INFO - procotol:http, hostname:www.baidu.com, new_link:/s?tn=sitehao123_11_pg&usm=3&wd=%E8%85%8A%E6%9C%88%E8%8A%82&ie=utf-8&rsv_cq=%E4%B8%83%E6%9C%88%E5%BB%BF%E5%85%AD&rsv_dl=0_right_recommends_merge_21102&cq=%E4%B8%83%E6%9C%88%E5%BB%BF%E5%85%AD&srcid=28310&rt=%E5%85%B6%E4%BB%96%E4%BA%BA%E8%BF%98%E6%90%9C&recid=21102&euri=1b4d437b6fce493293a63c2dafa70ab3
2017-09-16 16:02:31,798 - [webpage_parser.py:63] - INFO - procotol:http, hostname:www.baidu.com, new_link:/s?tn=sitehao123_11_pg&usm=3&wd=%E8%85%8A%E6%9C%88%E8%8A%82&ie=utf-8&rsv_cq=%E4%B8%83%E6%9C%88%E5%BB%BF%E5%85%AD&rsv_dl=0_right_recommends_merge_21102&cq=%E4%B8%83%E6%9C%88%E5%BB%BF%E5%85%AD&srcid=28310&rt=%E5%85%B6%E4%BB%96%E4%BA%BA%E8%BF%98%E6%90%9C&recid=21102&euri=1b4d437b6fce493293a63c2dafa70ab3
2017-09-16 16:02:31,800 - [webpage_parser.py:63] - INFO - procotol:http, hostname:www.baidu.com, new_link:/s?tn=sitehao123_11_pg&usm=3&wd=%E8%85%8A%E6%9C%88%E8%8A%82&ie=utf-8&rsv_cq=%E4%B8%83%E6%9C%88%E5%BB%BF%E5%85%AD&rsv_dl=0_right_recommends_merge_21102&cq=%E4%B8%83%E6%9C%88%E5%BB%BF%E5%85%AD&srcid=28310&rt=%E5%85%B6%E4%BB%96%E4%BA%BA%E8%BF%98%E6%90%9C&recid=21102&euri=1b4d437b6fce493293a63c2dafa70ab3
2017-09-16 16:02:31,802 - [webpage_parser.py:63] - INFO - procotol:http, hostname:www.baidu.com, new_link:/s?tn=sitehao123_11_pg&usm=3&wd=%E5%8D%81%E6%9C%88%E5%88%9D%E4%B8%80&ie=utf-8&rsv_cq=%E4%B8%83%E6%9C%88%E5%BB%BF%E5%85%AD&rsv_dl=0_right_recommends_merge_21102&cq=%E4%B8%83%E6%9C%88%E5%BB%BF%E5%85%AD&srcid=28310&rt=%E5%85%B6%E4%BB%96%E4%BA%BA%E8%BF%98%E6%90%9C&recid=21102&euri=341ac847ecb647c4816bbcd9b0c0f051
2017-09-16 16:02:31,802 - [webpage_parser.py:63] - INFO - procotol:http, hostname:www.baidu.com, new_link:/s?tn=sitehao123_11_pg&usm=3&wd=%E5%8D%81%E6%9C%88%E5%88%9D%E4%B8%80&ie=utf-8&rsv_cq=%E4%B8%83%E6%9C%88%E5%BB%BF%E5%85%AD&rsv_dl=0_right_recommends_merge_21102&cq=%E4%B8%83%E6%9C%88%E5%BB%BF%E5%85%AD&srcid=28310&rt=%E5%85%B6%E4%BB%96%E4%BA%BA%E8%BF%98%E6%90%9C&recid=21102&euri=341ac847ecb647c4816bbcd9b0c0f051
2017-09-16 16:02:31,803 - [webpage_parser.py:63] - INFO - procotol:http, hostname:www.baidu.com, new_link:/s?tn=sitehao123_11_pg&usm=3&wd=%E5%8D%81%E6%9C%88%E5%88%9D%E4%B8%80&ie=utf-8&rsv_cq=%E4%B8%83%E6%9C%88%E5%BB%BF%E5%85%AD&rsv_dl=0_right_recommends_merge_21102&cq=%E4%B8%83%E6%9C%88%E5%BB%BF%E5%85%AD&srcid=28310&rt=%E5%85%B6%E4%BB%96%E4%BA%BA%E8%BF%98%E6%90%9C&recid=21102&euri=341ac847ecb647c4816bbcd9b0c0f051
2017-09-16 16:02:31,804 - [connectionpool.py:207] - DEBUG - Starting new HTTP connection (1): www.37.com
2017-09-16 16:02:31,808 - [webpage_parser.py:63] - INFO - procotol:http, hostname:www.baidu.com, new_link:/s?tn=sitehao123_11_pg&usm=3&wd=%E5%8D%81%E6%9C%88&ie=utf-8&rsv_cq=%E4%B8%83%E6%9C%88%E5%BB%BF%E5%85%AD&rsv_dl=0_right_recommends_merge_21102&cq=%E4%B8%83%E6%9C%88%E5%BB%BF%E5%85%AD&srcid=28310&rt=%E5%85%B6%E4%BB%96%E4%BA%BA%E8%BF%98%E6%90%9C&recid=21102&euri=27ffbe0d6c5340e58cb1702fdaec819f
2017-09-16 16:02:31,809 - [webpage_parser.py:63] - INFO - procotol:http, hostname:www.baidu.com, new_link:/s?tn=sitehao123_11_pg&usm=3&wd=%E5%8D%81%E6%9C%88&ie=utf-8&rsv_cq=%E4%B8%83%E6%9C%88%E5%BB%BF%E5%85%AD&rsv_dl=0_right_recommends_merge_21102&cq=%E4%B8%83%E6%9C%88%E5%BB%BF%E5%85%AD&srcid=28310&rt=%E5%85%B6%E4%BB%96%E4%BA%BA%E8%BF%98%E6%90%9C&recid=21102&euri=27ffbe0d6c5340e58cb1702fdaec819f
2017-09-16 16:02:31,812 - [webpage_parser.py:63] - INFO - procotol:http, hostname:www.baidu.com, new_link:/s?tn=sitehao123_11_pg&usm=3&wd=%E5%8D%81%E6%9C%88&ie=utf-8&rsv_cq=%E4%B8%83%E6%9C%88%E5%BB%BF%E5%85%AD&rsv_dl=0_right_recommends_merge_21102&cq=%E4%B8%83%E6%9C%88%E5%BB%BF%E5%85%AD&srcid=28310&rt=%E5%85%B6%E4%BB%96%E4%BA%BA%E8%BF%98%E6%90%9C&recid=21102&euri=27ffbe0d6c5340e58cb1702fdaec819f
2017-09-16 16:02:31,813 - [webpage_saver.py:45] - INFO - url http://v.hao123.baidu.com/dianying/ is not match
2017-09-16 16:02:31,815 - [webpage_parser.py:63] - INFO - procotol:http, hostname:www.baidu.com, new_link:/s?tn=sitehao123_11_pg&usm=3&wd=2%E6%9C%88&ie=utf-8&rsv_cq=%E4%B8%83%E6%9C%88%E5%BB%BF%E5%85%AD&rsv_dl=0_right_recommends_merge_21102&cq=%E4%B8%83%E6%9C%88%E5%BB%BF%E5%85%AD&srcid=28310&rt=%E5%85%B6%E4%BB%96%E4%BA%BA%E8%BF%98%E6%90%9C&recid=21102&euri=643c5958fe82420b94443f22d428faae
2017-09-16 16:02:31,816 - [webpage_parser.py:63] - INFO - procotol:http, hostname:www.baidu.com, new_link:/s?tn=sitehao123_11_pg&usm=3&wd=2%E6%9C%88&ie=utf-8&rsv_cq=%E4%B8%83%E6%9C%88%E5%BB%BF%E5%85%AD&rsv_dl=0_right_recommends_merge_21102&cq=%E4%B8%83%E6%9C%88%E5%BB%BF%E5%85%AD&srcid=28310&rt=%E5%85%B6%E4%BB%96%E4%BA%BA%E8%BF%98%E6%90%9C&recid=21102&euri=643c5958fe82420b94443f22d428faae
2017-09-16 16:02:31,817 - [webpage_parser.py:63] - INFO - procotol:http, hostname:www.baidu.com, new_link:/s?tn=sitehao123_11_pg&usm=3&wd=2%E6%9C%88&ie=utf-8&rsv_cq=%E4%B8%83%E6%9C%88%E5%BB%BF%E5%85%AD&rsv_dl=0_right_recommends_merge_21102&cq=%E4%B8%83%E6%9C%88%E5%BB%BF%E5%85%AD&srcid=28310&rt=%E5%85%B6%E4%BB%96%E4%BA%BA%E8%BF%98%E6%90%9C&recid=21102&euri=643c5958fe82420b94443f22d428faae
2017-09-16 16:02:31,818 - [webpage_parser.py:63] - INFO - procotol:http, hostname:www.baidu.com, new_link:/s?tn=sitehao123_11_pg&usm=3&wd=%E7%AB%8B%E7%A7%8B&ie=utf-8&rsv_cq=%E4%B8%83%E6%9C%88%E5%BB%BF%E5%85%AD&rsv_dl=0_right_recommends_merge_21102&cq=%E4%B8%83%E6%9C%88%E5%BB%BF%E5%85%AD&srcid=28310&rt=%E5%85%B6%E4%BB%96%E4%BA%BA%E8%BF%98%E6%90%9C&recid=21102&euri=ecbcb3e003f949e6a75c383ba832e50a
2017-09-16 16:02:31,818 - [webpage_parser.py:63] - INFO - procotol:http, hostname:www.baidu.com, new_link:/s?tn=sitehao123_11_pg&usm=3&wd=%E7%AB%8B%E7%A7%8B&ie=utf-8&rsv_cq=%E4%B8%83%E6%9C%88%E5%BB%BF%E5%85%AD&rsv_dl=0_right_recommends_merge_21102&cq=%E4%B8%83%E6%9C%88%E5%BB%BF%E5%85%AD&srcid=28310&rt=%E5%85%B6%E4%BB%96%E4%BA%BA%E8%BF%98%E6%90%9C&recid=21102&euri=ecbcb3e003f949e6a75c383ba832e50a
2017-09-16 16:02:31,818 - [webpage_parser.py:63] - INFO - procotol:http, hostname:www.baidu.com, new_link:/s?tn=sitehao123_11_pg&usm=3&wd=%E7%AB%8B%E7%A7%8B&ie=utf-8&rsv_cq=%E4%B8%83%E6%9C%88%E5%BB%BF%E5%85%AD&rsv_dl=0_right_recommends_merge_21102&cq=%E4%B8%83%E6%9C%88%E5%BB%BF%E5%85%AD&srcid=28310&rt=%E5%85%B6%E4%BB%96%E4%BA%BA%E8%BF%98%E6%90%9C&recid=21102&euri=ecbcb3e003f949e6a75c383ba832e50a
2017-09-16 16:02:31,819 - [webpage_parser.py:63] - INFO - procotol:http, hostname:www.baidu.com, new_link:/s?tn=sitehao123_11_pg&usm=3&wd=8%E6%9C%8828%E6%97%A5&ie=utf-8&rsv_cq=%E4%B8%83%E6%9C%88%E5%BB%BF%E5%85%AD&rsv_dl=0_right_recommends_merge_21102&cq=%E4%B8%83%E6%9C%88%E5%BB%BF%E5%85%AD&srcid=28310&rt=%E5%85%B6%E4%BB%96%E4%BA%BA%E8%BF%98%E6%90%9C&recid=21102&euri=fa70e5c2625f49aa916d865b4c74633b
2017-09-16 16:02:31,819 - [webpage_parser.py:63] - INFO - procotol:http, hostname:www.baidu.com, new_link:/s?tn=sitehao123_11_pg&usm=3&wd=8%E6%9C%8828%E6%97%A5&ie=utf-8&rsv_cq=%E4%B8%83%E6%9C%88%E5%BB%BF%E5%85%AD&rsv_dl=0_right_recommends_merge_21102&cq=%E4%B8%83%E6%9C%88%E5%BB%BF%E5%85%AD&srcid=28310&rt=%E5%85%B6%E4%BB%96%E4%BA%BA%E8%BF%98%E6%90%9C&recid=21102&euri=fa70e5c2625f49aa916d865b4c74633b
2017-09-16 16:02:31,819 - [webpage_parser.py:63] - INFO - procotol:http, hostname:www.baidu.com, new_link:/s?tn=sitehao123_11_pg&usm=3&wd=8%E6%9C%8828%E6%97%A5&ie=utf-8&rsv_cq=%E4%B8%83%E6%9C%88%E5%BB%BF%E5%85%AD&rsv_dl=0_right_recommends_merge_21102&cq=%E4%B8%83%E6%9C%88%E5%BB%BF%E5%85%AD&srcid=28310&rt=%E5%85%B6%E4%BB%96%E4%BA%BA%E8%BF%98%E6%90%9C&recid=21102&euri=fa70e5c2625f49aa916d865b4c74633b
2017-09-16 16:02:31,820 - [webpage_parser.py:63] - INFO - procotol:http, hostname:www.baidu.com, new_link:/s?tn=sitehao123_11_pg&usm=3&wd=1764%E5%B9%B4&ie=utf-8&rsv_cq=%E4%B8%83%E6%9C%88%E5%BB%BF%E5%85%AD&rsv_dl=0_right_recommends_merge_21102&cq=%E4%B8%83%E6%9C%88%E5%BB%BF%E5%85%AD&srcid=28310&rt=%E5%85%B6%E4%BB%96%E4%BA%BA%E8%BF%98%E6%90%9C&recid=21102&euri=efbaefadc5764c17865a86cf49c4a1ec
2017-09-16 16:02:31,820 - [webpage_parser.py:63] - INFO - procotol:http, hostname:www.baidu.com, new_link:/s?tn=sitehao123_11_pg&usm=3&wd=1764%E5%B9%B4&ie=utf-8&rsv_cq=%E4%B8%83%E6%9C%88%E5%BB%BF%E5%85%AD&rsv_dl=0_right_recommends_merge_21102&cq=%E4%B8%83%E6%9C%88%E5%BB%BF%E5%85%AD&srcid=28310&rt=%E5%85%B6%E4%BB%96%E4%BA%BA%E8%BF%98%E6%90%9C&recid=21102&euri=efbaefadc5764c17865a86cf49c4a1ec
2017-09-16 16:02:31,820 - [webpage_parser.py:63] - INFO - procotol:http, hostname:www.baidu.com, new_link:/s?tn=sitehao123_11_pg&usm=3&wd=1764%E5%B9%B4&ie=utf-8&rsv_cq=%E4%B8%83%E6%9C%88%E5%BB%BF%E5%85%AD&rsv_dl=0_right_recommends_merge_21102&cq=%E4%B8%83%E6%9C%88%E5%BB%BF%E5%85%AD&srcid=28310&rt=%E5%85%B6%E4%BB%96%E4%BA%BA%E8%BF%98%E6%90%9C&recid=21102&euri=efbaefadc5764c17865a86cf49c4a1ec
2017-09-16 16:02:31,820 - [webpage_parser.py:63] - INFO - procotol:http, hostname:www.baidu.com, new_link:/s?tn=sitehao123_11_pg&usm=3&wd=%E5%BC%80%E5%B8%82&ie=utf-8&rsv_cq=%E4%B8%83%E6%9C%88%E5%BB%BF%E5%85%AD&rsv_dl=0_right_recommends_merge_21102&cq=%E4%B8%83%E6%9C%88%E5%BB%BF%E5%85%AD&srcid=28310&rt=%E5%85%B6%E4%BB%96%E4%BA%BA%E8%BF%98%E6%90%9C&recid=21102&euri=6d545be6a7824574af2adf81f7fbf132
2017-09-16 16:02:31,821 - [webpage_parser.py:63] - INFO - procotol:http, hostname:www.baidu.com, new_link:/s?tn=sitehao123_11_pg&usm=3&wd=%E5%BC%80%E5%B8%82&ie=utf-8&rsv_cq=%E4%B8%83%E6%9C%88%E5%BB%BF%E5%85%AD&rsv_dl=0_right_recommends_merge_21102&cq=%E4%B8%83%E6%9C%88%E5%BB%BF%E5%85%AD&srcid=28310&rt=%E5%85%B6%E4%BB%96%E4%BA%BA%E8%BF%98%E6%90%9C&recid=21102&euri=6d545be6a7824574af2adf81f7fbf132
2017-09-16 16:02:31,821 - [webpage_parser.py:63] - INFO - procotol:http, hostname:www.baidu.com, new_link:/s?tn=sitehao123_11_pg&usm=3&wd=%E5%BC%80%E5%B8%82&ie=utf-8&rsv_cq=%E4%B8%83%E6%9C%88%E5%BB%BF%E5%85%AD&rsv_dl=0_right_recommends_merge_21102&cq=%E4%B8%83%E6%9C%88%E5%BB%BF%E5%85%AD&srcid=28310&rt=%E5%85%B6%E4%BB%96%E4%BA%BA%E8%BF%98%E6%90%9C&recid=21102&euri=6d545be6a7824574af2adf81f7fbf132
2017-09-16 16:02:31,821 - [webpage_parser.py:63] - INFO - procotol:http, hostname:www.baidu.com, new_link:/s?tn=sitehao123_11_pg&usm=3&wd=%E5%88%9D%E5%85%AD&ie=utf-8&rsv_cq=%E4%B8%83%E6%9C%88%E5%BB%BF%E5%85%AD&rsv_dl=0_right_recommends_merge_21102&cq=%E4%B8%83%E6%9C%88%E5%BB%BF%E5%85%AD&srcid=28310&rt=%E5%85%B6%E4%BB%96%E4%BA%BA%E8%BF%98%E6%90%9C&recid=21102&euri=eb1688830325447cb8ffa97aa56f2aed
2017-09-16 16:02:31,822 - [webpage_parser.py:63] - INFO - procotol:http, hostname:www.baidu.com, new_link:/s?tn=sitehao123_11_pg&usm=3&wd=%E5%88%9D%E5%85%AD&ie=utf-8&rsv_cq=%E4%B8%83%E6%9C%88%E5%BB%BF%E5%85%AD&rsv_dl=0_right_recommends_merge_21102&cq=%E4%B8%83%E6%9C%88%E5%BB%BF%E5%85%AD&srcid=28310&rt=%E5%85%B6%E4%BB%96%E4%BA%BA%E8%BF%98%E6%90%9C&recid=21102&euri=eb1688830325447cb8ffa97aa56f2aed
2017-09-16 16:02:31,823 - [webpage_parser.py:63] - INFO - procotol:http, hostname:www.baidu.com, new_link:/s?tn=sitehao123_11_pg&usm=3&wd=%E5%88%9D%E5%85%AD&ie=utf-8&rsv_cq=%E4%B8%83%E6%9C%88%E5%BB%BF%E5%85%AD&rsv_dl=0_right_recommends_merge_21102&cq=%E4%B8%83%E6%9C%88%E5%BB%BF%E5%85%AD&srcid=28310&rt=%E5%85%B6%E4%BB%96%E4%BA%BA%E8%BF%98%E6%90%9C&recid=21102&euri=eb1688830325447cb8ffa97aa56f2aed
2017-09-16 16:02:31,824 - [webpage_parser.py:63] - INFO - procotol:http, hostname:www.baidu.com, new_link:/s?tn=sitehao123_11_pg&usm=3&wd=%E5%88%9D%E4%BA%94&ie=utf-8&rsv_cq=%E4%B8%83%E6%9C%88%E5%BB%BF%E5%85%AD&rsv_dl=0_right_recommends_merge_21102&cq=%E4%B8%83%E6%9C%88%E5%BB%BF%E5%85%AD&srcid=28310&rt=%E5%85%B6%E4%BB%96%E4%BA%BA%E8%BF%98%E6%90%9C&recid=21102&euri=cc468de07cf64cddbe3bfd07cf0cd95e
2017-09-16 16:02:31,824 - [webpage_parser.py:63] - INFO - procotol:http, hostname:www.baidu.com, new_link:/s?tn=sitehao123_11_pg&usm=3&wd=%E5%88%9D%E4%BA%94&ie=utf-8&rsv_cq=%E4%B8%83%E6%9C%88%E5%BB%BF%E5%85%AD&rsv_dl=0_right_recommends_merge_21102&cq=%E4%B8%83%E6%9C%88%E5%BB%BF%E5%85%AD&srcid=28310&rt=%E5%85%B6%E4%BB%96%E4%BA%BA%E8%BF%98%E6%90%9C&recid=21102&euri=cc468de07cf64cddbe3bfd07cf0cd95e
2017-09-16 16:02:31,825 - [webpage_parser.py:63] - INFO - procotol:http, hostname:www.baidu.com, new_link:/s?tn=sitehao123_11_pg&usm=3&wd=%E5%88%9D%E4%BA%94&ie=utf-8&rsv_cq=%E4%B8%83%E6%9C%88%E5%BB%BF%E5%85%AD&rsv_dl=0_right_recommends_merge_21102&cq=%E4%B8%83%E6%9C%88%E5%BB%BF%E5%85%AD&srcid=28310&rt=%E5%85%B6%E4%BB%96%E4%BA%BA%E8%BF%98%E6%90%9C&recid=21102&euri=cc468de07cf64cddbe3bfd07cf0cd95e
2017-09-16 16:02:31,825 - [webpage_parser.py:63] - INFO - procotol:http, hostname:www.baidu.com, new_link:/s?tn=sitehao123_11_pg&usm=3&wd=%E4%BD%9C%E7%81%B6&ie=utf-8&rsv_cq=%E4%B8%83%E6%9C%88%E5%BB%BF%E5%85%AD&rsv_dl=0_right_recommends_merge_21102&cq=%E4%B8%83%E6%9C%88%E5%BB%BF%E5%85%AD&srcid=28310&rt=%E5%85%B6%E4%BB%96%E4%BA%BA%E8%BF%98%E6%90%9C&recid=21102&euri=d77cc5529d26438f960ae97719e7c2a8
2017-09-16 16:02:31,825 - [webpage_parser.py:63] - INFO - procotol:http, hostname:www.baidu.com, new_link:/s?tn=sitehao123_11_pg&usm=3&wd=%E4%BD%9C%E7%81%B6&ie=utf-8&rsv_cq=%E4%B8%83%E6%9C%88%E5%BB%BF%E5%85%AD&rsv_dl=0_right_recommends_merge_21102&cq=%E4%B8%83%E6%9C%88%E5%BB%BF%E5%85%AD&srcid=28310&rt=%E5%85%B6%E4%BB%96%E4%BA%BA%E8%BF%98%E6%90%9C&recid=21102&euri=d77cc5529d26438f960ae97719e7c2a8
2017-09-16 16:02:31,826 - [webpage_parser.py:63] - INFO - procotol:http, hostname:www.baidu.com, new_link:/s?tn=sitehao123_11_pg&usm=3&wd=%E4%BD%9C%E7%81%B6&ie=utf-8&rsv_cq=%E4%B8%83%E6%9C%88%E5%BB%BF%E5%85%AD&rsv_dl=0_right_recommends_merge_21102&cq=%E4%B8%83%E6%9C%88%E5%BB%BF%E5%85%AD&srcid=28310&rt=%E5%85%B6%E4%BB%96%E4%BA%BA%E8%BF%98%E6%90%9C&recid=21102&euri=d77cc5529d26438f960ae97719e7c2a8
2017-09-16 16:02:31,826 - [webpage_parser.py:63] - INFO - procotol:http, hostname:www.baidu.com, new_link:/s?tn=sitehao123_11_pg&usm=3&wd=%E5%B7%B1%E5%B7%B3&ie=utf-8&rsv_cq=%E4%B8%83%E6%9C%88%E5%BB%BF%E5%85%AD&rsv_dl=0_right_recommends_merge_21102&cq=%E4%B8%83%E6%9C%88%E5%BB%BF%E5%85%AD&srcid=28310&rt=%E5%85%B6%E4%BB%96%E4%BA%BA%E8%BF%98%E6%90%9C&recid=21102&euri=6a5c0384768547dea1f9836385917ac5
2017-09-16 16:02:31,827 - [webpage_parser.py:63] - INFO - procotol:http, hostname:www.baidu.com, new_link:/s?tn=sitehao123_11_pg&usm=3&wd=%E5%B7%B1%E5%B7%B3&ie=utf-8&rsv_cq=%E4%B8%83%E6%9C%88%E5%BB%BF%E5%85%AD&rsv_dl=0_right_recommends_merge_21102&cq=%E4%B8%83%E6%9C%88%E5%BB%BF%E5%85%AD&srcid=28310&rt=%E5%85%B6%E4%BB%96%E4%BA%BA%E8%BF%98%E6%90%9C&recid=21102&euri=6a5c0384768547dea1f9836385917ac5
2017-09-16 16:02:31,827 - [webpage_parser.py:63] - INFO - procotol:http, hostname:www.baidu.com, new_link:/s?tn=sitehao123_11_pg&usm=3&wd=%E5%B7%B1%E5%B7%B3&ie=utf-8&rsv_cq=%E4%B8%83%E6%9C%88%E5%BB%BF%E5%85%AD&rsv_dl=0_right_recommends_merge_21102&cq=%E4%B8%83%E6%9C%88%E5%BB%BF%E5%85%AD&srcid=28310&rt=%E5%85%B6%E4%BB%96%E4%BA%BA%E8%BF%98%E6%90%9C&recid=21102&euri=6a5c0384768547dea1f9836385917ac5
2017-09-16 16:02:31,827 - [webpage_parser.py:63] - INFO - procotol:http, hostname:www.baidu.com, new_link:/s?tn=sitehao123_11_pg&usm=3&wd=%E7%85%9E%E5%8C%97&ie=utf-8&rsv_cq=%E4%B8%83%E6%9C%88%E5%BB%BF%E5%85%AD&rsv_dl=0_right_recommends_merge_21102&cq=%E4%B8%83%E6%9C%88%E5%BB%BF%E5%85%AD&srcid=28310&rt=%E5%85%B6%E4%BB%96%E4%BA%BA%E8%BF%98%E6%90%9C&recid=21102&euri=f1b27175c9974e6b9f4329e86f00e086
2017-09-16 16:02:31,828 - [webpage_parser.py:63] - INFO - procotol:http, hostname:www.baidu.com, new_link:/s?tn=sitehao123_11_pg&usm=3&wd=%E7%85%9E%E5%8C%97&ie=utf-8&rsv_cq=%E4%B8%83%E6%9C%88%E5%BB%BF%E5%85%AD&rsv_dl=0_right_recommends_merge_21102&cq=%E4%B8%83%E6%9C%88%E5%BB%BF%E5%85%AD&srcid=28310&rt=%E5%85%B6%E4%BB%96%E4%BA%BA%E8%BF%98%E6%90%9C&recid=21102&euri=f1b27175c9974e6b9f4329e86f00e086
2017-09-16 16:02:31,828 - [webpage_parser.py:63] - INFO - procotol:http, hostname:www.baidu.com, new_link:/s?tn=sitehao123_11_pg&usm=3&wd=%E7%85%9E%E5%8C%97&ie=utf-8&rsv_cq=%E4%B8%83%E6%9C%88%E5%BB%BF%E5%85%AD&rsv_dl=0_right_recommends_merge_21102&cq=%E4%B8%83%E6%9C%88%E5%BB%BF%E5%85%AD&srcid=28310&rt=%E5%85%B6%E4%BB%96%E4%BA%BA%E8%BF%98%E6%90%9C&recid=21102&euri=f1b27175c9974e6b9f4329e86f00e086
2017-09-16 16:02:31,832 - [webpage_parser.py:63] - INFO - procotol:http, hostname:www.baidu.com, new_link:/s?tn=sitehao123_11_pg&usm=3&wd=%E4%B8%81%E4%B8%91%E6%97%B6&ie=utf-8&rsv_cq=%E4%B8%83%E6%9C%88%E5%BB%BF%E5%85%AD&rsv_dl=0_right_recommends_merge_21102&cq=%E4%B8%83%E6%9C%88%E5%BB%BF%E5%85%AD&srcid=28310&rt=%E5%85%B6%E4%BB%96%E4%BA%BA%E8%BF%98%E6%90%9C&recid=21102&euri=8dd391da245f477993b99f66b5d2fc47
2017-09-16 16:02:31,840 - [webpage_parser.py:63] - INFO - procotol:http, hostname:www.baidu.com, new_link:/s?tn=sitehao123_11_pg&usm=3&wd=%E4%B8%81%E4%B8%91%E6%97%B6&ie=utf-8&rsv_cq=%E4%B8%83%E6%9C%88%E5%BB%BF%E5%85%AD&rsv_dl=0_right_recommends_merge_21102&cq=%E4%B8%83%E6%9C%88%E5%BB%BF%E5%85%AD&srcid=28310&rt=%E5%85%B6%E4%BB%96%E4%BA%BA%E8%BF%98%E6%90%9C&recid=21102&euri=8dd391da245f477993b99f66b5d2fc47
2017-09-16 16:02:31,857 - [webpage_parser.py:63] - INFO - procotol:http, hostname:www.baidu.com, new_link:/s?tn=sitehao123_11_pg&usm=3&wd=%E4%B8%81%E4%B8%91%E6%97%B6&ie=utf-8&rsv_cq=%E4%B8%83%E6%9C%88%E5%BB%BF%E5%85%AD&rsv_dl=0_right_recommends_merge_21102&cq=%E4%B8%83%E6%9C%88%E5%BB%BF%E5%85%AD&srcid=28310&rt=%E5%85%B6%E4%BB%96%E4%BA%BA%E8%BF%98%E6%90%9C&recid=21102&euri=8dd391da245f477993b99f66b5d2fc47
2017-09-16 16:02:31,874 - [webpage_parser.py:63] - INFO - procotol:http, hostname:www.baidu.com, new_link:/s?tn=sitehao123_11_pg&usm=3&wd=1998%E5%B9%B4&ie=utf-8&rsv_cq=%E4%B8%83%E6%9C%88%E5%BB%BF%E5%85%AD&rsv_dl=0_right_recommends_merge_21102&euri=4f69b89deb6b41fc9417eeb4bc1e7297
2017-09-16 16:02:31,875 - [webpage_parser.py:63] - INFO - procotol:http, hostname:www.baidu.com, new_link:/s?tn=sitehao123_11_pg&usm=3&wd=1998%E5%B9%B4&ie=utf-8&rsv_cq=%E4%B8%83%E6%9C%88%E5%BB%BF%E5%85%AD&rsv_dl=0_right_recommends_merge_21102&euri=4f69b89deb6b41fc9417eeb4bc1e7297
2017-09-16 16:02:31,876 - [webpage_parser.py:63] - INFO - procotol:http, hostname:www.baidu.com, new_link:/s?tn=sitehao123_11_pg&usm=3&wd=1998%E5%B9%B4&ie=utf-8&rsv_cq=%E4%B8%83%E6%9C%88%E5%BB%BF%E5%85%AD&rsv_dl=0_right_recommends_merge_21102&euri=4f69b89deb6b41fc9417eeb4bc1e7297
2017-09-16 16:02:31,899 - [webpage_parser.py:63] - INFO - procotol:http, hostname:www.baidu.com, new_link:/s?tn=sitehao123_11_pg&usm=3&wd=%E7%A7%BB%E5%BE%99&ie=utf-8&rsv_cq=%E4%B8%83%E6%9C%88%E5%BB%BF%E5%85%AD&rsv_dl=0_right_recommends_merge_21102&euri=7e0bb36037614293ab0bdb9f3ee43b03
2017-09-16 16:02:31,902 - [webpage_parser.py:63] - INFO - procotol:http, hostname:www.baidu.com, new_link:/s?tn=sitehao123_11_pg&usm=3&wd=%E7%A7%BB%E5%BE%99&ie=utf-8&rsv_cq=%E4%B8%83%E6%9C%88%E5%BB%BF%E5%85%AD&rsv_dl=0_right_recommends_merge_21102&euri=7e0bb36037614293ab0bdb9f3ee43b03
2017-09-16 16:02:31,907 - [webpage_parser.py:63] - INFO - procotol:http, hostname:www.baidu.com, new_link:/s?tn=sitehao123_11_pg&usm=3&wd=%E7%A7%BB%E5%BE%99&ie=utf-8&rsv_cq=%E4%B8%83%E6%9C%88%E5%BB%BF%E5%85%AD&rsv_dl=0_right_recommends_merge_21102&euri=7e0bb36037614293ab0bdb9f3ee43b03
2017-09-16 16:02:31,910 - [webpage_parser.py:63] - INFO - procotol:http, hostname:www.baidu.com, new_link:/s?tn=sitehao123_11_pg&usm=3&wd=%E5%85%A5%E5%AE%85&ie=utf-8&rsv_cq=%E4%B8%83%E6%9C%88%E5%BB%BF%E5%85%AD&rsv_dl=0_right_recommends_merge_21102&euri=19d1827017f7450e80d05c9c60c25a73
2017-09-16 16:02:31,913 - [webpage_parser.py:63] - INFO - procotol:http, hostname:www.baidu.com, new_link:/s?tn=sitehao123_11_pg&usm=3&wd=%E5%85%A5%E5%AE%85&ie=utf-8&rsv_cq=%E4%B8%83%E6%9C%88%E5%BB%BF%E5%85%AD&rsv_dl=0_right_recommends_merge_21102&euri=19d1827017f7450e80d05c9c60c25a73
2017-09-16 16:02:31,916 - [webpage_parser.py:63] - INFO - procotol:http, hostname:www.baidu.com, new_link:/s?tn=sitehao123_11_pg&usm=3&wd=%E5%85%A5%E5%AE%85&ie=utf-8&rsv_cq=%E4%B8%83%E6%9C%88%E5%BB%BF%E5%85%AD&rsv_dl=0_right_recommends_merge_21102&euri=19d1827017f7450e80d05c9c60c25a73
2017-09-16 16:02:31,918 - [webpage_parser.py:63] - INFO - procotol:http, hostname:www.baidu.com, new_link:/s?tn=sitehao123_11_pg&usm=3&wd=%E5%BC%A0%E4%B8%80%E5%B1%B1%E6%8B%8D%E6%88%8F%E9%81%AD%E8%87%AD%E9%AA%82&ie=utf-8&rsv_cq=%E4%B8%83%E6%9C%88%E5%BB%BF%E5%85%AD&rsv_dl=0_right_toplist_20811
2017-09-16 16:02:31,922 - [webpage_parser.py:63] - INFO - procotol:http, hostname:www.baidu.com, new_link:/s?tn=sitehao123_11_pg&usm=3&wd=%E6%9D%8E%E6%99%A8%E6%B1%82%E5%A9%9A%E8%8C%83%E5%86%B0%E5%86%B0&ie=utf-8&rsv_cq=%E4%B8%83%E6%9C%88%E5%BB%BF%E5%85%AD&rsv_dl=0_right_toplist_20811
2017-09-16 16:02:31,923 - [webpage_parser.py:63] - INFO - procotol:http, hostname:www.baidu.com, new_link:/s?tn=sitehao123_11_pg&usm=3&wd=%E5%91%A8%E6%98%9F%E9%A9%B0%E6%97%A7%E7%85%A7%E6%9B%9D%E5%85%89&ie=utf-8&rsv_cq=%E4%B8%83%E6%9C%88%E5%BB%BF%E5%85%AD&rsv_dl=0_right_toplist_20811
2017-09-16 16:02:31,927 - [webpage_parser.py:63] - INFO - procotol:http, hostname:www.baidu.com, new_link:/s?tn=sitehao123_11_pg&usm=3&wd=B%E7%AB%99%E8%AF%B7%E9%81%93%E5%A3%AB%E4%BD%9C%E6%B3%95&ie=utf-8&rsv_cq=%E4%B8%83%E6%9C%88%E5%BB%BF%E5%85%AD&rsv_dl=0_right_toplist_20811
2017-09-16 16:02:31,927 - [webpage_parser.py:63] - INFO - procotol:http, hostname:www.baidu.com, new_link:/s?tn=sitehao123_11_pg&usm=3&wd=%E6%9E%97%E5%BF%83%E5%A6%82%E5%BE%8B%E5%B8%88%E5%8F%91%E5%A3%B0%E6%98%8E&ie=utf-8&rsv_cq=%E4%B8%83%E6%9C%88%E5%BB%BF%E5%85%AD&rsv_dl=0_right_toplist_20811
2017-09-16 16:02:31,930 - [webpage_parser.py:63] - INFO - procotol:http, hostname:www.baidu.com, new_link:/s?tn=sitehao123_11_pg&usm=3&wd=%E5%BE%AE%E4%BF%A1%E9%9A%90%E7%A7%81%E4%BF%9D%E6%8A%A4%E6%8C%87%E5%BC%95&ie=utf-8&rsv_cq=%E4%B8%83%E6%9C%88%E5%BB%BF%E5%85%AD&rsv_dl=0_right_toplist_20811
2017-09-16 16:02:31,930 - [webpage_parser.py:63] - INFO - procotol:http, hostname:www.baidu.com, new_link:/s?tn=sitehao123_11_pg&usm=3&wd=%E9%99%88%E7%BE%BD%E5%87%A1%E5%A4%8D%E5%87%BA&ie=utf-8&rsv_cq=%E4%B8%83%E6%9C%88%E5%BB%BF%E5%85%AD&rsv_dl=0_right_toplist_20811
2017-09-16 16:02:31,932 - [webpage_parser.py:63] - INFO - procotol:http, hostname:www.baidu.com, new_link:/s?tn=sitehao123_11_pg&usm=3&wd=%E7%8E%8B%E5%AE%9D%E5%BC%BA%E6%9D%91%E6%B0%91%E8%B0%88%E5%AE%8B%E5%96%86&ie=utf-8&rsv_cq=%E4%B8%83%E6%9C%88%E5%BB%BF%E5%85%AD&rsv_dl=0_right_toplist_20811
2017-09-16 16:02:31,934 - [webpage_parser.py:63] - INFO - procotol:http, hostname:www.baidu.com, new_link:/s?tn=sitehao123_11_pg&usm=3&wd=%E4%BC%A6%E6%95%A6%E5%9C%B0%E9%93%81%E5%8F%91%E7%94%9F%E7%88%86%E7%82%B8&ie=utf-8&rsv_cq=%E4%B8%83%E6%9C%88%E5%BB%BF%E5%85%AD&rsv_dl=0_right_toplist_20811
2017-09-16 16:02:31,938 - [webpage_parser.py:63] - INFO - procotol:http, hostname:www.baidu.com, new_link:/s?tn=sitehao123_11_pg&usm=3&wd=%E8%B5%9B%E7%90%B3%E5%A8%9C%E6%89%8B%E6%9C%AF&ie=utf-8&rsv_cq=%E4%B8%83%E6%9C%88%E5%BB%BF%E5%85%AD&rsv_dl=0_right_toplist_20811
2017-09-16 16:02:31,943 - [webpage_parser.py:63] - INFO - procotol:http, hostname:www.baidu.com, new_link:/s?tn=sitehao123_11_pg&usm=3&wd=%E5%9B%BD%E5%AE%B6%E8%81%8C%E4%B8%9A%E8%B5%84%E6%A0%BC%E7%9B%AE%E5%BD%95&ie=utf-8&rsv_cq=%E4%B8%83%E6%9C%88%E5%BB%BF%E5%85%AD&rsv_dl=0_right_toplist_20811
2017-09-16 16:02:31,945 - [webpage_parser.py:63] - INFO - procotol:http, hostname:www.baidu.com, new_link:/s?tn=sitehao123_11_pg&usm=3&wd=%E6%9E%97%E5%BF%97%E7%8E%B2%E5%8D%8A%E8%B9%B2%E9%A2%81%E5%A5%96&ie=utf-8&rsv_cq=%E4%B8%83%E6%9C%88%E5%BB%BF%E5%85%AD&rsv_dl=0_right_toplist_20811
2017-09-16 16:02:31,949 - [webpage_parser.py:63] - INFO - procotol:http, hostname:www.baidu.com, new_link:/s?tn=sitehao123_11_pg&usm=3&wd=%E6%9D%8E%E9%9B%A8%E6%A1%90%E5%86%8D%E7%88%86%E6%96%99&ie=utf-8&rsv_cq=%E4%B8%83%E6%9C%88%E5%BB%BF%E5%85%AD&rsv_dl=0_right_toplist_20811
2017-09-16 16:02:31,950 - [webpage_parser.py:63] - INFO - procotol:http, hostname:www.baidu.com, new_link:/s?tn=sitehao123_11_pg&usm=3&wd=%E8%8C%83%E5%86%B0%E5%86%B0%E6%9D%8E%E6%99%A8%E6%92%B8%E4%B8%B2&ie=utf-8&rsv_cq=%E4%B8%83%E6%9C%88%E5%BB%BF%E5%85%AD&rsv_dl=0_right_toplist_20811
2017-09-16 16:02:31,961 - [webpage_parser.py:63] - INFO - procotol:http, hostname:www.baidu.com, new_link:/s?tn=sitehao123_11_pg&usm=3&wd=%E6%97%A5%E4%BC%81%E5%91%A8%E4%BC%91%E4%B8%89%E6%97%A5&ie=utf-8&rsv_cq=%E4%B8%83%E6%9C%88%E5%BB%BF%E5%85%AD&rsv_dl=0_right_toplist_20811
2017-09-16 16:02:31,970 - [webpage_parser.py:63] - INFO - procotol:http, hostname:www.baidu.com, new_link:/s?tn=sitehao123_11_pg&usm=3&wd=%E5%B0%8F%E5%AD%A6%E7%94%9F%E8%8E%B7%E5%9B%BD%E5%AE%B6%E4%B8%93%E5%88%A9&ie=utf-8&rsv_cq=%E4%B8%83%E6%9C%88%E5%BB%BF%E5%85%AD&rsv_dl=0_right_toplist_20811
2017-09-16 16:02:31,986 - [webpage_parser.py:63] - INFO - procotol:http, hostname:www.baidu.com, new_link:/s?tn=sitehao123_11_pg&usm=3&wd=%E6%B2%89%E8%BF%B7%E6%B8%B8%E6%88%8F%E7%BD%91%E5%90%A7%E5%90%83%E4%BD%8F&ie=utf-8&rsv_cq=%E4%B8%83%E6%9C%88%E5%BB%BF%E5%85%AD&rsv_dl=0_right_toplist_20811
2017-09-16 16:02:31,987 - [webpage_parser.py:63] - INFO - procotol:http, hostname:www.baidu.com, new_link:/s?tn=sitehao123_11_pg&usm=3&wd=8%E5%A4%A9%E9%95%BF%E5%81%876%E5%9C%BA%E5%A9%9A%E7%A4%BC&ie=utf-8&rsv_cq=%E4%B8%83%E6%9C%88%E5%BB%BF%E5%85%AD&rsv_dl=0_right_toplist_20811
2017-09-16 16:02:31,994 - [webpage_parser.py:63] - INFO - procotol:http, hostname:www.baidu.com, new_link:/s?tn=sitehao123_11_pg&usm=3&wd=%E9%A9%AC%E4%BC%8A%E7%90%8D%E6%96%B0%E6%88%8F%E6%8E%A5%E9%95%BF%E5%8F%91&ie=utf-8&rsv_cq=%E4%B8%83%E6%9C%88%E5%BB%BF%E5%85%AD&rsv_dl=0_right_toplist_20811
2017-09-16 16:02:32,006 - [webpage_parser.py:63] - INFO - procotol:http, hostname:www.baidu.com, new_link:/s?tn=sitehao123_11_pg&usm=3&wd=%E9%AA%91%E5%8D%95%E8%BD%A6%E8%BA%AB%E4%BA%A1%E6%A1%88%E5%BC%80%E5%BA%AD&ie=utf-8&rsv_cq=%E4%B8%83%E6%9C%88%E5%BB%BF%E5%85%AD&rsv_dl=0_right_toplist_20811
2017-09-16 16:02:32,010 - [webpage_parser.py:63] - INFO - procotol:http, hostname:www.baidu.com, new_link:/s?tn=sitehao123_11_pg&usm=3&wd=ios11%E6%AD%A3%E5%BC%8F%E7%89%88&ie=utf-8&rsv_cq=%E4%B8%83%E6%9C%88%E5%BB%BF%E5%85%AD&rsv_dl=0_right_toplist_20811
2017-09-16 16:02:32,014 - [webpage_parser.py:63] - INFO - procotol:http, hostname:www.baidu.com, new_link:/s?tn=sitehao123_11_pg&usm=3&wd=%E6%9E%97%E6%9B%B4%E6%96%B0%E5%9B%9E%E5%BA%94%E8%A2%AB%E9%AA%82&ie=utf-8&rsv_cq=%E4%B8%83%E6%9C%88%E5%BB%BF%E5%85%AD&rsv_dl=0_right_toplist_20811
2017-09-16 16:02:32,016 - [webpage_parser.py:63] - INFO - procotol:http, hostname:www.baidu.com, new_link:/s?tn=sitehao123_11_pg&usm=3&wd=%E8%97%8F%E7%8D%92%E7%BB%8F%E6%B5%8E%E5%B4%A9%E7%9B%98&ie=utf-8&rsv_cq=%E4%B8%83%E6%9C%88%E5%BB%BF%E5%85%AD&rsv_dl=0_right_toplist_20811
2017-09-16 16:02:32,019 - [webpage_parser.py:63] - INFO - procotol:http, hostname:www.baidu.com, new_link:/s?tn=sitehao123_11_pg&usm=3&wd=%E6%96%B0%E5%8A%A0%E5%9D%A1%E9%A6%96%E4%BD%8D%E5%A5%B3%E6%80%BB%E7%BB%9F&ie=utf-8&rsv_cq=%E4%B8%83%E6%9C%88%E5%BB%BF%E5%85%AD&rsv_dl=0_right_toplist_20811
2017-09-16 16:02:32,020 - [webpage_parser.py:63] - INFO - procotol:http, hostname:www.baidu.com, new_link:/s?tn=sitehao123_11_pg&usm=3&wd=%E9%95%BF%E6%B1%9F%E5%8F%A3%E5%9E%83%E5%9C%BE%E5%80%BE%E5%80%92%E6%A1%88&ie=utf-8&rsv_cq=%E4%B8%83%E6%9C%88%E5%BB%BF%E5%85%AD&rsv_dl=0_right_toplist_20811
2017-09-16 16:02:32,034 - [webpage_parser.py:63] - INFO - procotol:http, hostname:www.baidu.com, new_link:/s?tn=sitehao123_11_pg&usm=3&wd=%E5%8D%81%E5%B2%81%E5%A5%B3%E7%AB%A5%E8%80%83%E4%B8%8A%E5%A4%A7%E4%B8%93&ie=utf-8&rsv_cq=%E4%B8%83%E6%9C%88%E5%BB%BF%E5%85%AD&rsv_dl=0_right_toplist_20811
2017-09-16 16:02:32,041 - [webpage_parser.py:63] - INFO - procotol:http, hostname:www.baidu.com, new_link:/s?tn=sitehao123_11_pg&usm=3&wd=%E5%8F%8C%E5%8F%B0%E9%A3%8E%E7%BB%93%E5%AF%B9%E6%9D%A5%E8%A2%AD&ie=utf-8&rsv_cq=%E4%B8%83%E6%9C%88%E5%BB%BF%E5%85%AD&rsv_dl=0_right_toplist_20811
2017-09-16 16:02:32,041 - [webpage_parser.py:63] - INFO - procotol:http, hostname:www.baidu.com, new_link:/s?tn=sitehao123_11_pg&usm=3&wd=%E4%BA%AC%E4%B8%9C%E8%BF%9B%E5%86%9B%E6%88%BF%E5%9C%B0%E4%BA%A7&ie=utf-8&rsv_cq=%E4%B8%83%E6%9C%88%E5%BB%BF%E5%85%AD&rsv_dl=0_right_toplist_20811
2017-09-16 16:02:32,044 - [sbcharsetprober.py:119] - DEBUG - TIS-620 confidence = 0.0423123716377, below negative shortcut threshhold 0.05
2017-09-16 16:02:32,045 - [webpage_parser.py:63] - INFO - procotol:http, hostname:www.baidu.com, new_link:/s?tn=sitehao123_11_pg&usm=3&wd=%E6%AF%94%E7%89%B9%E5%B8%81%E4%B8%AD%E5%9B%BD%E5%B0%86%E5%85%B3%E5%81%9C&ie=utf-8&rsv_cq=%E4%B8%83%E6%9C%88%E5%BB%BF%E5%85%AD&rsv_dl=0_right_toplist_20811
2017-09-16 16:02:32,049 - [webpage_parser.py:63] - INFO - procotol:http, hostname:www.baidu.com, new_link:/s?tn=sitehao123_11_pg&usm=3&wd=%E4%BC%A0%E5%A5%87%E5%A4%A7%E7%86%8A%E7%8C%AB%E5%8E%BB%E4%B8%96&ie=utf-8&rsv_cq=%E4%B8%83%E6%9C%88%E5%BB%BF%E5%85%AD&rsv_dl=0_right_toplist_20811
2017-09-16 16:02:32,058 - [webpage_parser.py:63] - INFO - procotol:http, hostname:www.baidu.com, new_link:javascript:;
2017-09-16 16:02:32,059 - [webpage_parser.py:63] - INFO - procotol:http, hostname:www.baidu.com, new_link:javascript:;
2017-09-16 16:02:32,069 - [webpage_parser.py:63] - INFO - procotol:http, hostname:www.baidu.com, new_link:javascript:;
2017-09-16 16:02:32,084 - [webpage_parser.py:63] - INFO - procotol:http, hostname:www.baidu.com, new_link:/s?wd=2017%E4%B8%83%E6%9C%88%E5%BB%BF%E5%85%AD&rsf=1&rsp=0&f=1&oq=%E4%B8%83%E6%9C%88%E5%BB%BF%E5%85%AD&tn=sitehao123_11_pg&ie=utf-8&usm=3&rsv_pq=9473546100004597&rsv_t=41b4rvPWlo1hv2TTv%2FOWWJcI0HpR4p1iyKPsDmWKKgTl%2BK%2F9hB5UonsHS%2FeuMcaxDHZsHyy42Q&rqlang=cn&rs_src=0&rsv_pq=9473546100004597&rsv_t=41b4rvPWlo1hv2TTv%2FOWWJcI0HpR4p1iyKPsDmWKKgTl%2BK%2F9hB5UonsHS%2FeuMcaxDHZsHyy42Q
2017-09-16 16:02:32,085 - [connectionpool.py:395] - DEBUG - https://www.renrenche.com:443 "GET /ershouche?fr=hao123&tg_aid=10029701 HTTP/1.1" 301 None
2017-09-16 16:02:32,091 - [webpage_parser.py:63] - INFO - procotol:http, hostname:www.baidu.com, new_link:/s?wd=1998%E5%B9%B4%E4%B8%83%E6%9C%88%E5%BB%BF%E5%85%AD&rsf=1&rsp=1&f=1&oq=%E4%B8%83%E6%9C%88%E5%BB%BF%E5%85%AD&tn=sitehao123_11_pg&ie=utf-8&usm=3&rsv_pq=9473546100004597&rsv_t=41b4rvPWlo1hv2TTv%2FOWWJcI0HpR4p1iyKPsDmWKKgTl%2BK%2F9hB5UonsHS%2FeuMcaxDHZsHyy42Q&rqlang=cn&rs_src=0&rsv_pq=9473546100004597&rsv_t=41b4rvPWlo1hv2TTv%2FOWWJcI0HpR4p1iyKPsDmWKKgTl%2BK%2F9hB5UonsHS%2FeuMcaxDHZsHyy42Q
2017-09-16 16:02:32,094 - [webpage_parser.py:63] - INFO - procotol:http, hostname:www.baidu.com, new_link:/s?wd=2017%E5%B9%B4%E5%86%9C%E5%8E%86%E5%85%AD%E6%9C%88%E5%BB%BF%E5%85%AD&rsf=1&rsp=2&f=1&oq=%E4%B8%83%E6%9C%88%E5%BB%BF%E5%85%AD&tn=sitehao123_11_pg&ie=utf-8&usm=3&rsv_pq=9473546100004597&rsv_t=41b4rvPWlo1hv2TTv%2FOWWJcI0HpR4p1iyKPsDmWKKgTl%2BK%2F9hB5UonsHS%2FeuMcaxDHZsHyy42Q&rqlang=cn&rs_src=0&rsv_pq=9473546100004597&rsv_t=41b4rvPWlo1hv2TTv%2FOWWJcI0HpR4p1iyKPsDmWKKgTl%2BK%2F9hB5UonsHS%2FeuMcaxDHZsHyy42Q
2017-09-16 16:02:32,105 - [webpage_parser.py:63] - INFO - procotol:http, hostname:www.baidu.com, new_link:/s?wd=%E8%BE%9B%E5%B7%B3%E8%9B%87%E5%B9%B4%20%E4%B8%83%E6%9C%88%E5%BB%BF%E5%85%AD&rsf=1&rsp=3&f=1&oq=%E4%B8%83%E6%9C%88%E5%BB%BF%E5%85%AD&tn=sitehao123_11_pg&ie=utf-8&usm=3&rsv_pq=9473546100004597&rsv_t=41b4rvPWlo1hv2TTv%2FOWWJcI0HpR4p1iyKPsDmWKKgTl%2BK%2F9hB5UonsHS%2FeuMcaxDHZsHyy42Q&rqlang=cn&rs_src=0&rsv_pq=9473546100004597&rsv_t=41b4rvPWlo1hv2TTv%2FOWWJcI0HpR4p1iyKPsDmWKKgTl%2BK%2F9hB5UonsHS%2FeuMcaxDHZsHyy42Q
2017-09-16 16:02:32,109 - [webpage_parser.py:63] - INFO - procotol:http, hostname:www.baidu.com, new_link:/s?wd=%E4%B9%9D%E6%9C%88%E5%8F%88%E5%8F%AB%E4%BB%80%E4%B9%88%E6%9C%88&rsf=1&rsp=4&f=1&oq=%E4%B8%83%E6%9C%88%E5%BB%BF%E5%85%AD&tn=sitehao123_11_pg&ie=utf-8&usm=3&rsv_pq=9473546100004597&rsv_t=41b4rvPWlo1hv2TTv%2FOWWJcI0HpR4p1iyKPsDmWKKgTl%2BK%2F9hB5UonsHS%2FeuMcaxDHZsHyy42Q&rqlang=cn&rs_src=0&rsv_pq=9473546100004597&rsv_t=41b4rvPWlo1hv2TTv%2FOWWJcI0HpR4p1iyKPsDmWKKgTl%2BK%2F9hB5UonsHS%2FeuMcaxDHZsHyy42Q
2017-09-16 16:02:32,129 - [webpage_parser.py:63] - INFO - procotol:http, hostname:www.baidu.com, new_link:/s?wd=%E9%98%B4%E5%8E%867%E6%9C%88%E5%87%BA%E7%94%9F%E5%A5%BD%E5%90%97&rsf=1&rsp=5&f=1&oq=%E4%B8%83%E6%9C%88%E5%BB%BF%E5%85%AD&tn=sitehao123_11_pg&ie=utf-8&usm=3&rsv_pq=9473546100004597&rsv_t=41b4rvPWlo1hv2TTv%2FOWWJcI0HpR4p1iyKPsDmWKKgTl%2BK%2F9hB5UonsHS%2FeuMcaxDHZsHyy42Q&rqlang=cn&rs_src=0&rsv_pq=9473546100004597&rsv_t=41b4rvPWlo1hv2TTv%2FOWWJcI0HpR4p1iyKPsDmWKKgTl%2BK%2F9hB5UonsHS%2FeuMcaxDHZsHyy42Q
2017-09-16 16:02:32,132 - [webpage_parser.py:63] - INFO - procotol:http, hostname:www.baidu.com, new_link:/s?wd=%E5%BB%BF%E5%85%AD%E6%98%AF%E4%BB%80%E4%B9%88%E6%84%8F%E6%80%9D&rsf=1&rsp=6&f=1&oq=%E4%B8%83%E6%9C%88%E5%BB%BF%E5%85%AD&tn=sitehao123_11_pg&ie=utf-8&usm=3&rsv_pq=9473546100004597&rsv_t=41b4rvPWlo1hv2TTv%2FOWWJcI0HpR4p1iyKPsDmWKKgTl%2BK%2F9hB5UonsHS%2FeuMcaxDHZsHyy42Q&rqlang=cn&rs_src=0&rsv_pq=9473546100004597&rsv_t=41b4rvPWlo1hv2TTv%2FOWWJcI0HpR4p1iyKPsDmWKKgTl%2BK%2F9hB5UonsHS%2FeuMcaxDHZsHyy42Q
2017-09-16 16:02:32,136 - [webpage_parser.py:63] - INFO - procotol:http, hostname:www.baidu.com, new_link:/s?wd=%E9%98%B4%E5%8E%867%E6%9C%8826%E6%97%A5%E5%AD%90%E6%80%8E%E4%B9%88%E6%A0%B7&rsf=1&rsp=7&f=1&oq=%E4%B8%83%E6%9C%88%E5%BB%BF%E5%85%AD&tn=sitehao123_11_pg&ie=utf-8&usm=3&rsv_pq=9473546100004597&rsv_t=41b4rvPWlo1hv2TTv%2FOWWJcI0HpR4p1iyKPsDmWKKgTl%2BK%2F9hB5UonsHS%2FeuMcaxDHZsHyy42Q&rqlang=cn&rs_src=0&rsv_pq=9473546100004597&rsv_t=41b4rvPWlo1hv2TTv%2FOWWJcI0HpR4p1iyKPsDmWKKgTl%2BK%2F9hB5UonsHS%2FeuMcaxDHZsHyy42Q
2017-09-16 16:02:32,137 - [webpage_parser.py:63] - INFO - procotol:http, hostname:www.baidu.com, new_link:/s?wd=2017%E5%B9%B49%E6%9C%8826%E6%97%A5&rsf=1&rsp=8&f=1&oq=%E4%B8%83%E6%9C%88%E5%BB%BF%E5%85%AD&tn=sitehao123_11_pg&ie=utf-8&usm=3&rsv_pq=9473546100004597&rsv_t=41b4rvPWlo1hv2TTv%2FOWWJcI0HpR4p1iyKPsDmWKKgTl%2BK%2F9hB5UonsHS%2FeuMcaxDHZsHyy42Q&rqlang=cn&rs_src=0&rsv_pq=9473546100004597&rsv_t=41b4rvPWlo1hv2TTv%2FOWWJcI0HpR4p1iyKPsDmWKKgTl%2BK%2F9hB5UonsHS%2FeuMcaxDHZsHyy42Q
2017-09-16 16:02:32,142 - [webpage_parser.py:63] - INFO - procotol:http, hostname:www.baidu.com, new_link:/s?wd=%E4%B8%83%E6%9C%88%E5%BB%BF%E5%85%AD&pn=10&oq=%E4%B8%83%E6%9C%88%E5%BB%BF%E5%85%AD&tn=sitehao123_11_pg&ie=utf-8&usm=3&rsv_pq=9473546100004597&rsv_t=41b4rvPWlo1hv2TTv%2FOWWJcI0HpR4p1iyKPsDmWKKgTl%2BK%2F9hB5UonsHS%2FeuMcaxDHZsHyy42Q
2017-09-16 16:02:32,142 - [webpage_parser.py:63] - INFO - procotol:http, hostname:www.baidu.com, new_link:/s?wd=%E4%B8%83%E6%9C%88%E5%BB%BF%E5%85%AD&pn=20&oq=%E4%B8%83%E6%9C%88%E5%BB%BF%E5%85%AD&tn=sitehao123_11_pg&ie=utf-8&usm=3&rsv_pq=9473546100004597&rsv_t=41b4rvPWlo1hv2TTv%2FOWWJcI0HpR4p1iyKPsDmWKKgTl%2BK%2F9hB5UonsHS%2FeuMcaxDHZsHyy42Q
2017-09-16 16:02:32,146 - [webpage_parser.py:63] - INFO - procotol:http, hostname:www.baidu.com, new_link:/s?wd=%E4%B8%83%E6%9C%88%E5%BB%BF%E5%85%AD&pn=30&oq=%E4%B8%83%E6%9C%88%E5%BB%BF%E5%85%AD&tn=sitehao123_11_pg&ie=utf-8&usm=3&rsv_pq=9473546100004597&rsv_t=41b4rvPWlo1hv2TTv%2FOWWJcI0HpR4p1iyKPsDmWKKgTl%2BK%2F9hB5UonsHS%2FeuMcaxDHZsHyy42Q
2017-09-16 16:02:32,148 - [webpage_parser.py:63] - INFO - procotol:http, hostname:www.baidu.com, new_link:/s?wd=%E4%B8%83%E6%9C%88%E5%BB%BF%E5%85%AD&pn=40&oq=%E4%B8%83%E6%9C%88%E5%BB%BF%E5%85%AD&tn=sitehao123_11_pg&ie=utf-8&usm=3&rsv_pq=9473546100004597&rsv_t=41b4rvPWlo1hv2TTv%2FOWWJcI0HpR4p1iyKPsDmWKKgTl%2BK%2F9hB5UonsHS%2FeuMcaxDHZsHyy42Q
2017-09-16 16:02:32,155 - [webpage_parser.py:63] - INFO - procotol:http, hostname:www.baidu.com, new_link:/s?wd=%E4%B8%83%E6%9C%88%E5%BB%BF%E5%85%AD&pn=50&oq=%E4%B8%83%E6%9C%88%E5%BB%BF%E5%85%AD&tn=sitehao123_11_pg&ie=utf-8&usm=3&rsv_pq=9473546100004597&rsv_t=41b4rvPWlo1hv2TTv%2FOWWJcI0HpR4p1iyKPsDmWKKgTl%2BK%2F9hB5UonsHS%2FeuMcaxDHZsHyy42Q
2017-09-16 16:02:32,156 - [webpage_parser.py:63] - INFO - procotol:http, hostname:www.baidu.com, new_link:/s?wd=%E4%B8%83%E6%9C%88%E5%BB%BF%E5%85%AD&pn=60&oq=%E4%B8%83%E6%9C%88%E5%BB%BF%E5%85%AD&tn=sitehao123_11_pg&ie=utf-8&usm=3&rsv_pq=9473546100004597&rsv_t=41b4rvPWlo1hv2TTv%2FOWWJcI0HpR4p1iyKPsDmWKKgTl%2BK%2F9hB5UonsHS%2FeuMcaxDHZsHyy42Q
2017-09-16 16:02:32,164 - [webpage_parser.py:63] - INFO - procotol:http, hostname:www.baidu.com, new_link:/s?wd=%E4%B8%83%E6%9C%88%E5%BB%BF%E5%85%AD&pn=70&oq=%E4%B8%83%E6%9C%88%E5%BB%BF%E5%85%AD&tn=sitehao123_11_pg&ie=utf-8&usm=3&rsv_pq=9473546100004597&rsv_t=41b4rvPWlo1hv2TTv%2FOWWJcI0HpR4p1iyKPsDmWKKgTl%2BK%2F9hB5UonsHS%2FeuMcaxDHZsHyy42Q
2017-09-16 16:02:32,165 - [webpage_parser.py:63] - INFO - procotol:http, hostname:www.baidu.com, new_link:/s?wd=%E4%B8%83%E6%9C%88%E5%BB%BF%E5%85%AD&pn=80&oq=%E4%B8%83%E6%9C%88%E5%BB%BF%E5%85%AD&tn=sitehao123_11_pg&ie=utf-8&usm=3&rsv_pq=9473546100004597&rsv_t=41b4rvPWlo1hv2TTv%2FOWWJcI0HpR4p1iyKPsDmWKKgTl%2BK%2F9hB5UonsHS%2FeuMcaxDHZsHyy42Q
2017-09-16 16:02:32,166 - [webpage_parser.py:63] - INFO - procotol:http, hostname:www.baidu.com, new_link:/s?wd=%E4%B8%83%E6%9C%88%E5%BB%BF%E5%85%AD&pn=90&oq=%E4%B8%83%E6%9C%88%E5%BB%BF%E5%85%AD&tn=sitehao123_11_pg&ie=utf-8&usm=3&rsv_pq=9473546100004597&rsv_t=41b4rvPWlo1hv2TTv%2FOWWJcI0HpR4p1iyKPsDmWKKgTl%2BK%2F9hB5UonsHS%2FeuMcaxDHZsHyy42Q
2017-09-16 16:02:32,199 - [webpage_parser.py:63] - INFO - procotol:http, hostname:www.baidu.com, new_link:/s?wd=%E4%B8%83%E6%9C%88%E5%BB%BF%E5%85%AD&pn=10&oq=%E4%B8%83%E6%9C%88%E5%BB%BF%E5%85%AD&tn=sitehao123_11_pg&ie=utf-8&usm=3&rsv_pq=9473546100004597&rsv_t=41b4rvPWlo1hv2TTv%2FOWWJcI0HpR4p1iyKPsDmWKKgTl%2BK%2F9hB5UonsHS%2FeuMcaxDHZsHyy42Q&rsv_page=1
2017-09-16 16:02:32,201 - [webpage_parser.py:63] - INFO - procotol:http, hostname:www.baidu.com, new_link:javascript:;
2017-09-16 16:02:32,213 - [webpage_saver.py:45] - INFO - url http://www.baidu.com/s?word=%E4%B8%83%E6%9C%88%E5%BB%BF%E5%85%AD&tn=sitehao123_11_pg&ie=utf-8 is not match
2017-09-16 16:02:32,304 - [connectionpool.py:395] - DEBUG - https://www.renrenche.com:443 "GET /bj/ershouche/?fr=hao123&tg_aid=10029701 HTTP/1.1" 200 None
2017-09-16 16:02:32,322 - [connectionpool.py:395] - DEBUG - http://www.37.com:80 "GET / HTTP/1.1" 200 None
2017-09-16 16:02:32,326 - [connectionpool.py:207] - DEBUG - Starting new HTTP connection (1): www.163.com
2017-09-16 16:02:32,513 - [connectionpool.py:395] - DEBUG - http://www.163.com:80 "GET / HTTP/1.1" 200 None
2017-09-16 16:02:32,536 - [connectionpool.py:395] - DEBUG - https://www.booking.com:443 "GET /index.html?aid=1337411 HTTP/1.1" 301 None
2017-09-16 16:02:32,729 - [connectionpool.py:207] - DEBUG - Starting new HTTP connection (1): xyx.hao123.com
2017-09-16 16:02:32,820 - [webpage_parser.py:63] - INFO - procotol:http, hostname:www.37.com, new_link:javascript:void(0);
2017-09-16 16:02:32,823 - [webpage_parser.py:63] - INFO - procotol:http, hostname:www.37.com, new_link:javascript:;
2017-09-16 16:02:32,825 - [webpage_parser.py:63] - INFO - procotol:http, hostname:www.37.com, new_link:javascript:;
2017-09-16 16:02:32,843 - [webpage_parser.py:63] - INFO - procotol:http, hostname:www.37.com, new_link:javascript:;
2017-09-16 16:02:32,860 - [webpage_parser.py:63] - INFO - procotol:http, hostname:www.37.com, new_link:javascript:;
2017-09-16 16:02:32,890 - [connectionpool.py:207] - DEBUG - Starting new HTTP connection (1): tuijian.hao123.com
2017-09-16 16:02:32,903 - [connectionpool.py:395] - DEBUG - http://xyx.hao123.com:80 "GET / HTTP/1.1" 200 39846
2017-09-16 16:02:32,967 - [connectionpool.py:395] - DEBUG - http://tuijian.hao123.com:80 "GET / HTTP/1.1" 200 None
2017-09-16 16:02:33,344 - [connectionpool.py:207] - DEBUG - Starting new HTTP connection (1): www.baidu.com
2017-09-16 16:02:33,344 - [sbcharsetprober.py:119] - DEBUG - ISO-8859-9 confidence = 0.042801649353, below negative shortcut threshhold 0.05
2017-09-16 16:02:33,568 - [connectionpool.py:395] - DEBUG - http://www.baidu.com:80 "GET /s?word=%E8%96%9B%E4%B9%8B%E8%B0%A6%E5%9B%9E%E5%BA%94%E9%A3%8E%E6%B3%A2&tn=sitehao123_10_pg&ie=utf-8 HTTP/1.1" 200 None
2017-09-16 16:02:33,706 - [connectionpool.py:395] - DEBUG - https://www.booking.com:443 "GET / HTTP/1.1" 200 107240
2017-09-16 16:02:33,803 - [webpage_saver.py:45] - INFO - url http://www.37.com/ is not match
2017-09-16 16:02:34,440 - [webpage_parser.py:63] - INFO - procotol:http, hostname:xyx.hao123.com, new_link:/
2017-09-16 16:02:34,446 - [webpage_parser.py:63] - INFO - procotol:http, hostname:xyx.hao123.com, new_link: http://web.7k7k.com/games/cqby/997744/997744-1122334.html?k=14
2017-09-16 16:02:34,453 - [webpage_parser.py:63] - INFO - procotol:http, hostname:xyx.hao123.com, new_link: http://web.7k7k.com/games/ssss/997744/997744-7298392.html?k=672324 
2017-09-16 16:02:34,458 - [webpage_parser.py:63] - INFO - procotol:http, hostname:xyx.hao123.com, new_link: http://web.7k7k.com/games/fbdl/997744/997744-1122334.html?k=16
2017-09-16 16:02:34,466 - [webpage_parser.py:63] - INFO - procotol:http, hostname:xyx.hao123.com, new_link: http://web.7k7k.com/games/sdyxz/997744/997744-7298392.html?k=72382
2017-09-16 16:02:34,474 - [webpage_parser.py:63] - INFO - procotol:http, hostname:xyx.hao123.com, new_link:/top
2017-09-16 16:02:34,476 - [webpage_parser.py:63] - INFO - procotol:http, hostname:xyx.hao123.com, new_link:/top
2017-09-16 16:02:34,480 - [webpage_parser.py:63] - INFO - procotol:http, hostname:xyx.hao123.com, new_link:/game/559047.html
2017-09-16 16:02:34,518 - [webpage_parser.py:63] - INFO - procotol:http, hostname:xyx.hao123.com, new_link:/game/558836.html
2017-09-16 16:02:34,587 - [webpage_parser.py:63] - INFO - procotol:http, hostname:xyx.hao123.com, new_link:/game/558344.html
2017-09-16 16:02:34,602 - [webpage_parser.py:63] - INFO - procotol:http, hostname:xyx.hao123.com, new_link:/game/557682.html
2017-09-16 16:02:34,610 - [webpage_parser.py:63] - INFO - procotol:http, hostname:xyx.hao123.com, new_link:/game/557623.html
2017-09-16 16:02:34,685 - [webpage_parser.py:63] - INFO - procotol:http, hostname:xyx.hao123.com, new_link:/game/556937.html
2017-09-16 16:02:34,711 - [webpage_parser.py:63] - INFO - procotol:http, hostname:xyx.hao123.com, new_link:/game/556889.html
2017-09-16 16:02:34,714 - [webpage_parser.py:63] - INFO - procotol:http, hostname:xyx.hao123.com, new_link:/game/556058.html
2017-09-16 16:02:34,718 - [webpage_parser.py:63] - INFO - procotol:http, hostname:xyx.hao123.com, new_link:/game/362340.html
2017-09-16 16:02:34,719 - [webpage_parser.py:63] - INFO - procotol:http, hostname:xyx.hao123.com, new_link:/game/325430.html
2017-09-16 16:02:34,721 - [webpage_parser.py:63] - INFO - procotol:http, hostname:xyx.hao123.com, new_link:/game/305267.html
2017-09-16 16:02:34,722 - [webpage_parser.py:63] - INFO - procotol:http, hostname:xyx.hao123.com, new_link:/game/182873.html
2017-09-16 16:02:34,722 - [webpage_parser.py:63] - INFO - procotol:http, hostname:xyx.hao123.com, new_link:/game/562152.html
2017-09-16 16:02:34,723 - [webpage_parser.py:63] - INFO - procotol:http, hostname:xyx.hao123.com, new_link:/game/562145.html
2017-09-16 16:02:34,725 - [webpage_parser.py:63] - INFO - procotol:http, hostname:xyx.hao123.com, new_link:/game/562125.html
2017-09-16 16:02:34,727 - [webpage_parser.py:63] - INFO - procotol:http, hostname:xyx.hao123.com, new_link:/game/562117.html
2017-09-16 16:02:34,727 - [webpage_parser.py:63] - INFO - procotol:http, hostname:xyx.hao123.com, new_link:/game/562112.html
2017-09-16 16:02:34,733 - [webpage_parser.py:63] - INFO - procotol:http, hostname:xyx.hao123.com, new_link:/game/562103.html
2017-09-16 16:02:34,733 - [webpage_parser.py:63] - INFO - procotol:http, hostname:xyx.hao123.com, new_link:/game/562084.html
2017-09-16 16:02:34,736 - [webpage_parser.py:63] - INFO - procotol:http, hostname:xyx.hao123.com, new_link:/game/562075.html
2017-09-16 16:02:34,739 - [webpage_parser.py:63] - INFO - procotol:http, hostname:xyx.hao123.com, new_link:/game/562061.html
2017-09-16 16:02:34,739 - [webpage_parser.py:63] - INFO - procotol:http, hostname:xyx.hao123.com, new_link:/game/562020.html
2017-09-16 16:02:34,745 - [webpage_parser.py:63] - INFO - procotol:http, hostname:xyx.hao123.com, new_link:/game/562012.html
2017-09-16 16:02:34,746 - [webpage_parser.py:63] - INFO - procotol:http, hostname:xyx.hao123.com, new_link:/game/562011.html
2017-09-16 16:02:34,761 - [webpage_parser.py:63] - INFO - procotol:http, hostname:xyx.hao123.com, new_link:/game/561991.html
2017-09-16 16:02:34,764 - [webpage_parser.py:63] - INFO - procotol:http, hostname:xyx.hao123.com, new_link:/game/561979.html
2017-09-16 16:02:34,765 - [webpage_parser.py:63] - INFO - procotol:http, hostname:xyx.hao123.com, new_link:/game/561968.html
2017-09-16 16:02:34,768 - [webpage_parser.py:63] - INFO - procotol:http, hostname:xyx.hao123.com, new_link:/game/561958.html
2017-09-16 16:02:34,768 - [webpage_parser.py:63] - INFO - procotol:http, hostname:xyx.hao123.com, new_link:/game/561949.html
2017-09-16 16:02:34,769 - [webpage_parser.py:63] - INFO - procotol:http, hostname:xyx.hao123.com, new_link:/game/561944.html
2017-09-16 16:02:34,777 - [webpage_parser.py:63] - INFO - procotol:http, hostname:xyx.hao123.com, new_link:/game/561882.html
2017-09-16 16:02:34,780 - [webpage_parser.py:63] - INFO - procotol:http, hostname:xyx.hao123.com, new_link:/game/561835.html
2017-09-16 16:02:34,784 - [webpage_parser.py:63] - INFO - procotol:http, hostname:xyx.hao123.com, new_link:/game/561790.html
2017-09-16 16:02:34,785 - [webpage_parser.py:63] - INFO - procotol:http, hostname:xyx.hao123.com, new_link:/game/561720.html
2017-09-16 16:02:34,786 - [webpage_parser.py:63] - INFO - procotol:http, hostname:xyx.hao123.com, new_link:/game/561716.html
2017-09-16 16:02:34,786 - [webpage_parser.py:63] - INFO - procotol:http, hostname:xyx.hao123.com, new_link:/game/561650.html
2017-09-16 16:02:34,793 - [webpage_parser.py:63] - INFO - procotol:http, hostname:xyx.hao123.com, new_link:/game/561535.html
2017-09-16 16:02:34,794 - [webpage_parser.py:63] - INFO - procotol:http, hostname:xyx.hao123.com, new_link:/game/561521.html
2017-09-16 16:02:34,801 - [webpage_parser.py:63] - INFO - procotol:http, hostname:xyx.hao123.com, new_link:/game/561506.html
2017-09-16 16:02:34,809 - [webpage_parser.py:63] - INFO - procotol:http, hostname:xyx.hao123.com, new_link:/game/561500.html
2017-09-16 16:02:34,817 - [webpage_parser.py:63] - INFO - procotol:http, hostname:xyx.hao123.com, new_link:/game/561483.html
2017-09-16 16:02:34,824 - [webpage_parser.py:63] - INFO - procotol:http, hostname:xyx.hao123.com, new_link:/game/561466.html
2017-09-16 16:02:34,826 - [webpage_parser.py:63] - INFO - procotol:http, hostname:xyx.hao123.com, new_link:/game/561462.html
2017-09-16 16:02:34,835 - [webpage_parser.py:63] - INFO - procotol:http, hostname:xyx.hao123.com, new_link:/game/561454.html
2017-09-16 16:02:34,842 - [webpage_parser.py:63] - INFO - procotol:http, hostname:xyx.hao123.com, new_link:/game/561437.html
2017-09-16 16:02:34,843 - [webpage_parser.py:63] - INFO - procotol:http, hostname:xyx.hao123.com, new_link:/game/561423.html
2017-09-16 16:02:34,913 - [webpage_parser.py:63] - INFO - procotol:http, hostname:xyx.hao123.com, new_link:/game/561411.html
2017-09-16 16:02:34,982 - [connectionpool.py:207] - DEBUG - Starting new HTTP connection (1): news.ifeng.com
2017-09-16 16:02:34,990 - [webpage_parser.py:63] - INFO - procotol:http, hostname:xyx.hao123.com, new_link:/game/561404.html
2017-09-16 16:02:35,046 - [webpage_parser.py:63] - INFO - procotol:http, hostname:xyx.hao123.com, new_link:/game/561370.html
2017-09-16 16:02:35,158 - [webpage_parser.py:63] - INFO - procotol:http, hostname:xyx.hao123.com, new_link:/game/561355.html
2017-09-16 16:02:35,190 - [connectionpool.py:395] - DEBUG - http://news.ifeng.com:80 "GET /a/20170916/52021026_0.shtml?_zbs_hao123_pic HTTP/1.1" 200 None
2017-09-16 16:02:35,191 - [webpage_parser.py:63] - INFO - procotol:http, hostname:xyx.hao123.com, new_link:/game/561340.html
2017-09-16 16:02:35,287 - [webpage_parser.py:63] - INFO - procotol:http, hostname:www.baidu.com, new_link:/
2017-09-16 16:02:35,426 - [webpage_parser.py:63] - INFO - procotol:http, hostname:xyx.hao123.com, new_link:/game/561312.html
2017-09-16 16:02:35,663 - [webpage_parser.py:63] - INFO - procotol:http, hostname:xyx.hao123.com, new_link:/game/561299.html
2017-09-16 16:02:35,766 - [webpage_parser.py:63] - INFO - procotol:http, hostname:xyx.hao123.com, new_link:/game/561268.html
2017-09-16 16:02:35,788 - [webpage_parser.py:63] - INFO - procotol:http, hostname:www.baidu.com, new_link:javascript:;
2017-09-16 16:02:35,958 - [webpage_parser.py:63] - INFO - procotol:http, hostname:xyx.hao123.com, new_link:/game/561260.html
2017-09-16 16:02:36,101 - [webpage_parser.py:63] - INFO - procotol:http, hostname:www.baidu.com, new_link:javascript:;
2017-09-16 16:02:36,128 - [webpage_parser.py:63] - INFO - procotol:http, hostname:xyx.hao123.com, new_link:/game/561258.html
2017-09-16 16:02:36,192 - [webpage_parser.py:63] - INFO - procotol:http, hostname:www.baidu.com, new_link:javascript:;
2017-09-16 16:02:36,255 - [webpage_parser.py:63] - INFO - procotol:http, hostname:xyx.hao123.com, new_link:/game/561226.html
2017-09-16 16:02:36,276 - [webpage_parser.py:63] - INFO - procotol:http, hostname:www.baidu.com, new_link:/
2017-09-16 16:02:36,314 - [webpage_parser.py:63] - INFO - procotol:http, hostname:xyx.hao123.com, new_link:/game/561225.html
2017-09-16 16:02:36,335 - [webpage_parser.py:63] - INFO - procotol:http, hostname:www.baidu.com, new_link:javascript:;
2017-09-16 16:02:36,441 - [webpage_parser.py:63] - INFO - procotol:http, hostname:xyx.hao123.com, new_link:/game/561198.html
2017-09-16 16:02:36,534 - [webpage_parser.py:63] - INFO - procotol:http, hostname:www.baidu.com, new_link:/s?tn=sitehao123_10_pg&usm=2&wd=%E5%BC%A0%E4%B8%80%E5%B1%B1%E6%8B%8D%E6%88%8F%E9%81%AD%E8%87%AD%E9%AA%82&ie=utf-8&rsv_cq=%E8%96%9B%E4%B9%8B%E8%B0%A6%E5%9B%9E%E5%BA%94%E9%A3%8E%E6%B3%A2&rsv_dl=0_right_toplist_20811
2017-09-16 16:02:36,568 - [webpage_parser.py:63] - INFO - procotol:http, hostname:xyx.hao123.com, new_link:/game/561190.html
2017-09-16 16:02:36,600 - [webpage_parser.py:63] - INFO - procotol:http, hostname:www.baidu.com, new_link:/s?tn=sitehao123_10_pg&usm=2&wd=%E6%9D%8E%E6%99%A8%E6%B1%82%E5%A9%9A%E8%8C%83%E5%86%B0%E5%86%B0&ie=utf-8&rsv_cq=%E8%96%9B%E4%B9%8B%E8%B0%A6%E5%9B%9E%E5%BA%94%E9%A3%8E%E6%B3%A2&rsv_dl=0_right_toplist_20811
2017-09-16 16:02:36,804 - [webpage_parser.py:63] - INFO - procotol:http, hostname:xyx.hao123.com, new_link:/game/561178.html
2017-09-16 16:02:36,926 - [webpage_parser.py:63] - INFO - procotol:http, hostname:www.baidu.com, new_link:/s?tn=sitehao123_10_pg&usm=2&wd=%E5%91%A8%E6%98%9F%E9%A9%B0%E6%97%A7%E7%85%A7%E6%9B%9D%E5%85%89&ie=utf-8&rsv_cq=%E8%96%9B%E4%B9%8B%E8%B0%A6%E5%9B%9E%E5%BA%94%E9%A3%8E%E6%B3%A2&rsv_dl=0_right_toplist_20811
2017-09-16 16:02:36,962 - [webpage_parser.py:63] - INFO - procotol:http, hostname:xyx.hao123.com, new_link:/game/561168.html
2017-09-16 16:02:36,968 - [webpage_parser.py:63] - INFO - procotol:http, hostname:www.renrenche.com, new_link:/bj/
2017-09-16 16:02:36,997 - [webpage_parser.py:63] - INFO - procotol:https, hostname:www.booking.com, new_link:#basiclayout
2017-09-16 16:02:37,080 - [webpage_parser.py:63] - INFO - procotol:http, hostname:www.baidu.com, new_link:/s?tn=sitehao123_10_pg&usm=2&wd=B%E7%AB%99%E8%AF%B7%E9%81%93%E5%A3%AB%E4%BD%9C%E6%B3%95&ie=utf-8&rsv_cq=%E8%96%9B%E4%B9%8B%E8%B0%A6%E5%9B%9E%E5%BA%94%E9%A3%8E%E6%B3%A2&rsv_dl=0_right_toplist_20811
2017-09-16 16:02:37,207 - [webpage_parser.py:63] - INFO - procotol:http, hostname:www.renrenche.com, new_link:javascript:void(0);
2017-09-16 16:02:37,227 - [webpage_parser.py:63] - INFO - procotol:http, hostname:xyx.hao123.com, new_link:/game/561163.html
2017-09-16 16:02:37,234 - [webpage_parser.py:63] - INFO - procotol:https, hostname:www.booking.com, new_link:javascript:void(0);
2017-09-16 16:02:37,248 - [webpage_parser.py:63] - INFO - procotol:http, hostname:www.baidu.com, new_link:/s?tn=sitehao123_10_pg&usm=2&wd=%E6%9E%97%E5%BF%83%E5%A6%82%E5%BE%8B%E5%B8%88%E5%8F%91%E5%A3%B0%E6%98%8E&ie=utf-8&rsv_cq=%E8%96%9B%E4%B9%8B%E8%B0%A6%E5%9B%9E%E5%BA%94%E9%A3%8E%E6%B3%A2&rsv_dl=0_right_toplist_20811
2017-09-16 16:02:37,320 - [webpage_parser.py:63] - INFO - procotol:http, hostname:www.renrenche.com, new_link:javascript:void(0);
2017-09-16 16:02:37,393 - [webpage_saver.py:45] - INFO - url http://news.ifeng.com/a/20170916/52021026_0.shtml?_zbs_hao123_pic is not match
2017-09-16 16:02:37,422 - [webpage_parser.py:63] - INFO - procotol:https, hostname:www.booking.com, new_link:javascript:void(0);
2017-09-16 16:02:37,439 - [webpage_parser.py:63] - INFO - procotol:http, hostname:xyx.hao123.com, new_link:/game/561155.html
2017-09-16 16:02:37,487 - [webpage_parser.py:63] - INFO - procotol:http, hostname:www.baidu.com, new_link:/s?tn=sitehao123_10_pg&usm=2&wd=%E5%BE%AE%E4%BF%A1%E9%9A%90%E7%A7%81%E4%BF%9D%E6%8A%A4%E6%8C%87%E5%BC%95&ie=utf-8&rsv_cq=%E8%96%9B%E4%B9%8B%E8%B0%A6%E5%9B%9E%E5%BA%94%E9%A3%8E%E6%B3%A2&rsv_dl=0_right_toplist_20811
2017-09-16 16:02:37,538 - [webpage_parser.py:63] - INFO - procotol:http, hostname:www.renrenche.com, new_link:javascript:void(0);
2017-09-16 16:02:37,614 - [webpage_parser.py:63] - INFO - procotol:https, hostname:www.booking.com, new_link:/index.html
2017-09-16 16:02:37,648 - [webpage_parser.py:63] - INFO - procotol:http, hostname:xyx.hao123.com, new_link:/game/561117.html
2017-09-16 16:02:37,650 - [webpage_parser.py:63] - INFO - procotol:http, hostname:xyx.hao123.com, new_link:/game/561109.html
2017-09-16 16:02:37,656 - [webpage_parser.py:63] - INFO - procotol:http, hostname:xyx.hao123.com, new_link:/game/561094.html
2017-09-16 16:02:37,692 - [webpage_parser.py:63] - INFO - procotol:https, hostname:www.booking.com, new_link:/index.en-gb.html
2017-09-16 16:02:37,696 - [webpage_parser.py:63] - INFO - procotol:http, hostname:tuijian.hao123.com, new_link:javascript:void(0)
2017-09-16 16:02:37,736 - [webpage_parser.py:63] - INFO - procotol:http, hostname:www.baidu.com, new_link:/s?tn=sitehao123_10_pg&usm=2&wd=%E9%99%88%E7%BE%BD%E5%87%A1%E5%A4%8D%E5%87%BA&ie=utf-8&rsv_cq=%E8%96%9B%E4%B9%8B%E8%B0%A6%E5%9B%9E%E5%BA%94%E9%A3%8E%E6%B3%A2&rsv_dl=0_right_toplist_20811
2017-09-16 16:02:37,737 - [webpage_parser.py:63] - INFO - procotol:http, hostname:www.renrenche.com, new_link:javascript:void(0);
2017-09-16 16:02:37,813 - [webpage_parser.py:63] - INFO - procotol:http, hostname:xyx.hao123.com, new_link:/game/561086.html
2017-09-16 16:02:37,855 - [webpage_parser.py:63] - INFO - procotol:https, hostname:www.booking.com, new_link:/index.es.html
2017-09-16 16:02:37,860 - [webpage_parser.py:63] - INFO - procotol:http, hostname:www.163.com, new_link:javascript:void(0);
2017-09-16 16:02:37,877 - [webpage_parser.py:63] - INFO - procotol:http, hostname:tuijian.hao123.com, new_link:javascript:;
2017-09-16 16:02:37,878 - [webpage_parser.py:63] - INFO - procotol:http, hostname:www.baidu.com, new_link:/s?tn=sitehao123_10_pg&usm=2&wd=%E7%8E%8B%E5%AE%9D%E5%BC%BA%E6%9D%91%E6%B0%91%E8%B0%88%E5%AE%8B%E5%96%86&ie=utf-8&rsv_cq=%E8%96%9B%E4%B9%8B%E8%B0%A6%E5%9B%9E%E5%BA%94%E9%A3%8E%E6%B3%A2&rsv_dl=0_right_toplist_20811
2017-09-16 16:02:37,880 - [webpage_parser.py:63] - INFO - procotol:http, hostname:www.renrenche.com, new_link:javascript:void(0);
2017-09-16 16:02:37,882 - [webpage_parser.py:63] - INFO - procotol:http, hostname:xyx.hao123.com, new_link:/game/561074.html
2017-09-16 16:02:37,887 - [webpage_parser.py:63] - INFO - procotol:https, hostname:www.booking.com, new_link:/index.zh-cn.html
2017-09-16 16:02:37,919 - [webpage_parser.py:63] - INFO - procotol:http, hostname:www.163.com, new_link:javascript:;
2017-09-16 16:02:37,933 - [webpage_parser.py:63] - INFO - procotol:http, hostname:tuijian.hao123.com, new_link:javascript:;
2017-09-16 16:02:37,937 - [webpage_parser.py:63] - INFO - procotol:http, hostname:www.baidu.com, new_link:/s?tn=sitehao123_10_pg&usm=2&wd=%E4%BC%A6%E6%95%A6%E5%9C%B0%E9%93%81%E5%8F%91%E7%94%9F%E7%88%86%E7%82%B8&ie=utf-8&rsv_cq=%E8%96%9B%E4%B9%8B%E8%B0%A6%E5%9B%9E%E5%BA%94%E9%A3%8E%E6%B3%A2&rsv_dl=0_right_toplist_20811
2017-09-16 16:02:37,940 - [webpage_parser.py:63] - INFO - procotol:http, hostname:www.renrenche.com, new_link:javascript:void(0);
2017-09-16 16:02:37,943 - [webpage_parser.py:63] - INFO - procotol:http, hostname:xyx.hao123.com, new_link:/game/561065.html
2017-09-16 16:02:37,943 - [webpage_parser.py:63] - INFO - procotol:https, hostname:www.booking.com, new_link:/index.de.html
2017-09-16 16:02:37,944 - [webpage_parser.py:63] - INFO - procotol:http, hostname:www.163.com, new_link:javascript:;
2017-09-16 16:02:37,945 - [webpage_parser.py:63] - INFO - procotol:http, hostname:tuijian.hao123.com, new_link:javascript:;
2017-09-16 16:02:37,947 - [webpage_parser.py:63] - INFO - procotol:http, hostname:www.baidu.com, new_link:/s?tn=sitehao123_10_pg&usm=2&wd=%E8%B5%9B%E7%90%B3%E5%A8%9C%E6%89%8B%E6%9C%AF&ie=utf-8&rsv_cq=%E8%96%9B%E4%B9%8B%E8%B0%A6%E5%9B%9E%E5%BA%94%E9%A3%8E%E6%B3%A2&rsv_dl=0_right_toplist_20811
2017-09-16 16:02:37,951 - [webpage_parser.py:63] - INFO - procotol:http, hostname:www.renrenche.com, new_link:javascript:void(0);
2017-09-16 16:02:37,953 - [webpage_parser.py:63] - INFO - procotol:http, hostname:xyx.hao123.com, new_link:/game/561043.html
2017-09-16 16:02:37,962 - [webpage_parser.py:63] - INFO - procotol:http, hostname:www.baidu.com, new_link:/s?tn=sitehao123_10_pg&usm=2&wd=%E5%9B%BD%E5%AE%B6%E8%81%8C%E4%B8%9A%E8%B5%84%E6%A0%BC%E7%9B%AE%E5%BD%95&ie=utf-8&rsv_cq=%E8%96%9B%E4%B9%8B%E8%B0%A6%E5%9B%9E%E5%BA%94%E9%A3%8E%E6%B3%A2&rsv_dl=0_right_toplist_20811
2017-09-16 16:02:37,965 - [webpage_parser.py:63] - INFO - procotol:http, hostname:tuijian.hao123.com, new_link:javascript:;
2017-09-16 16:02:37,966 - [webpage_parser.py:63] - INFO - procotol:https, hostname:www.booking.com, new_link:/index.fr.html
2017-09-16 16:02:37,969 - [webpage_parser.py:63] - INFO - procotol:http, hostname:www.163.com, new_link:javascript:;
2017-09-16 16:02:37,969 - [webpage_parser.py:63] - INFO - procotol:http, hostname:xyx.hao123.com, new_link:/game/561027.html
2017-09-16 16:02:37,974 - [webpage_parser.py:63] - INFO - procotol:http, hostname:www.renrenche.com, new_link:javascript:void(0);
2017-09-16 16:02:37,975 - [webpage_parser.py:63] - INFO - procotol:http, hostname:www.baidu.com, new_link:/s?tn=sitehao123_10_pg&usm=2&wd=%E6%9E%97%E5%BF%97%E7%8E%B2%E5%8D%8A%E8%B9%B2%E9%A2%81%E5%A5%96&ie=utf-8&rsv_cq=%E8%96%9B%E4%B9%8B%E8%B0%A6%E5%9B%9E%E5%BA%94%E9%A3%8E%E6%B3%A2&rsv_dl=0_right_toplist_20811
2017-09-16 16:02:37,977 - [webpage_parser.py:63] - INFO - procotol:https, hostname:www.booking.com, new_link:/index.en-gb.html
2017-09-16 16:02:37,979 - [webpage_parser.py:63] - INFO - procotol:http, hostname:www.163.com, new_link:javascript:;
2017-09-16 16:02:37,994 - [webpage_parser.py:63] - INFO - procotol:http, hostname:xyx.hao123.com, new_link:/game/561011.html
2017-09-16 16:02:37,995 - [webpage_parser.py:63] - INFO - procotol:http, hostname:www.renrenche.com, new_link:javascript:void(0);
2017-09-16 16:02:37,995 - [webpage_parser.py:63] - INFO - procotol:http, hostname:www.baidu.com, new_link:/s?tn=sitehao123_10_pg&usm=2&wd=%E6%9D%8E%E9%9B%A8%E6%A1%90%E5%86%8D%E7%88%86%E6%96%99&ie=utf-8&rsv_cq=%E8%96%9B%E4%B9%8B%E8%B0%A6%E5%9B%9E%E5%BA%94%E9%A3%8E%E6%B3%A2&rsv_dl=0_right_toplist_20811
2017-09-16 16:02:38,000 - [webpage_parser.py:63] - INFO - procotol:https, hostname:www.booking.com, new_link:/index.html
2017-09-16 16:02:38,002 - [webpage_parser.py:63] - INFO - procotol:http, hostname:www.163.com, new_link:javascript:;
2017-09-16 16:02:38,004 - [webpage_parser.py:63] - INFO - procotol:http, hostname:xyx.hao123.com, new_link:/game/560978.html
2017-09-16 16:02:38,010 - [webpage_parser.py:63] - INFO - procotol:http, hostname:www.renrenche.com, new_link:javascript:void(0);
2017-09-16 16:02:38,016 - [webpage_parser.py:63] - INFO - procotol:http, hostname:www.baidu.com, new_link:/s?tn=sitehao123_10_pg&usm=2&wd=%E8%8C%83%E5%86%B0%E5%86%B0%E6%9D%8E%E6%99%A8%E6%92%B8%E4%B8%B2&ie=utf-8&rsv_cq=%E8%96%9B%E4%B9%8B%E8%B0%A6%E5%9B%9E%E5%BA%94%E9%A3%8E%E6%B3%A2&rsv_dl=0_right_toplist_20811
2017-09-16 16:02:38,019 - [webpage_parser.py:63] - INFO - procotol:https, hostname:www.booking.com, new_link:/index.de.html
2017-09-16 16:02:38,023 - [webpage_saver.py:45] - INFO - url http://tuijian.hao123.com/ is not match
2017-09-16 16:02:38,024 - [webpage_parser.py:63] - INFO - procotol:http, hostname:www.163.com, new_link:javascript:;
2017-09-16 16:02:38,029 - [webpage_parser.py:63] - INFO - procotol:http, hostname:xyx.hao123.com, new_link:/game/560975.html
2017-09-16 16:02:38,031 - [webpage_parser.py:63] - INFO - procotol:http, hostname:www.renrenche.com, new_link:javascript:void(0);
2017-09-16 16:02:38,032 - [webpage_parser.py:63] - INFO - procotol:http, hostname:www.baidu.com, new_link:/s?tn=sitehao123_10_pg&usm=2&wd=%E6%97%A5%E4%BC%81%E5%91%A8%E4%BC%91%E4%B8%89%E6%97%A5&ie=utf-8&rsv_cq=%E8%96%9B%E4%B9%8B%E8%B0%A6%E5%9B%9E%E5%BA%94%E9%A3%8E%E6%B3%A2&rsv_dl=0_right_toplist_20811
2017-09-16 16:02:38,033 - [webpage_parser.py:63] - INFO - procotol:https, hostname:www.booking.com, new_link:/index.nl.html
2017-09-16 16:02:38,037 - [webpage_parser.py:63] - INFO - procotol:http, hostname:www.163.com, new_link:javascript:;
2017-09-16 16:02:38,040 - [webpage_parser.py:63] - INFO - procotol:http, hostname:xyx.hao123.com, new_link:/game/560918.html
2017-09-16 16:02:38,040 - [webpage_parser.py:63] - INFO - procotol:http, hostname:www.renrenche.com, new_link:javascript:void(0);
2017-09-16 16:02:38,043 - [webpage_parser.py:63] - INFO - procotol:http, hostname:www.baidu.com, new_link:/s?tn=sitehao123_10_pg&usm=2&wd=%E5%B0%8F%E5%AD%A6%E7%94%9F%E8%8E%B7%E5%9B%BD%E5%AE%B6%E4%B8%93%E5%88%A9&ie=utf-8&rsv_cq=%E8%96%9B%E4%B9%8B%E8%B0%A6%E5%9B%9E%E5%BA%94%E9%A3%8E%E6%B3%A2&rsv_dl=0_right_toplist_20811
2017-09-16 16:02:38,049 - [webpage_parser.py:63] - INFO - procotol:https, hostname:www.booking.com, new_link:/index.fr.html
2017-09-16 16:02:38,049 - [webpage_parser.py:63] - INFO - procotol:http, hostname:www.163.com, new_link:javascript:;
2017-09-16 16:02:38,056 - [webpage_parser.py:63] - INFO - procotol:http, hostname:xyx.hao123.com, new_link:/game/560858.html
2017-09-16 16:02:38,062 - [webpage_parser.py:63] - INFO - procotol:http, hostname:www.renrenche.com, new_link:javascript:void(0);
2017-09-16 16:02:38,063 - [webpage_parser.py:63] - INFO - procotol:http, hostname:www.baidu.com, new_link:/s?tn=sitehao123_10_pg&usm=2&wd=%E6%B2%89%E8%BF%B7%E6%B8%B8%E6%88%8F%E7%BD%91%E5%90%A7%E5%90%83%E4%BD%8F&ie=utf-8&rsv_cq=%E8%96%9B%E4%B9%8B%E8%B0%A6%E5%9B%9E%E5%BA%94%E9%A3%8E%E6%B3%A2&rsv_dl=0_right_toplist_20811
2017-09-16 16:02:38,064 - [webpage_parser.py:63] - INFO - procotol:http, hostname:www.163.com, new_link:javascript:;
2017-09-16 16:02:38,064 - [webpage_parser.py:63] - INFO - procotol:https, hostname:www.booking.com, new_link:/index.es.html
2017-09-16 16:02:38,067 - [webpage_parser.py:63] - INFO - procotol:http, hostname:xyx.hao123.com, new_link:/game/560827.html
2017-09-16 16:02:38,070 - [webpage_parser.py:63] - INFO - procotol:http, hostname:www.renrenche.com, new_link:javascript:void(0);
2017-09-16 16:02:38,081 - [webpage_parser.py:63] - INFO - procotol:http, hostname:www.baidu.com, new_link:/s?tn=sitehao123_10_pg&usm=2&wd=8%E5%A4%A9%E9%95%BF%E5%81%876%E5%9C%BA%E5%A9%9A%E7%A4%BC&ie=utf-8&rsv_cq=%E8%96%9B%E4%B9%8B%E8%B0%A6%E5%9B%9E%E5%BA%94%E9%A3%8E%E6%B3%A2&rsv_dl=0_right_toplist_20811
2017-09-16 16:02:38,083 - [webpage_parser.py:63] - INFO - procotol:http, hostname:www.163.com, new_link:javascript:;
2017-09-16 16:02:38,085 - [webpage_parser.py:63] - INFO - procotol:https, hostname:www.booking.com, new_link:/index.es-ar.html
2017-09-16 16:02:38,106 - [webpage_parser.py:63] - INFO - procotol:http, hostname:xyx.hao123.com, new_link: 
2017-09-16 16:02:38,113 - [webpage_parser.py:63] - INFO - procotol:http, hostname:www.renrenche.com, new_link:javascript:void(0);
2017-09-16 16:02:38,118 - [webpage_parser.py:63] - INFO - procotol:http, hostname:www.baidu.com, new_link:/s?tn=sitehao123_10_pg&usm=2&wd=%E9%A9%AC%E4%BC%8A%E7%90%8D%E6%96%B0%E6%88%8F%E6%8E%A5%E9%95%BF%E5%8F%91&ie=utf-8&rsv_cq=%E8%96%9B%E4%B9%8B%E8%B0%A6%E5%9B%9E%E5%BA%94%E9%A3%8E%E6%B3%A2&rsv_dl=0_right_toplist_20811
2017-09-16 16:02:38,124 - [webpage_parser.py:63] - INFO - procotol:http, hostname:www.163.com, new_link:javascript:;
2017-09-16 16:02:38,129 - [webpage_parser.py:63] - INFO - procotol:https, hostname:www.booking.com, new_link:/index.ca.html
2017-09-16 16:02:38,132 - [webpage_parser.py:63] - INFO - procotol:http, hostname:xyx.hao123.com, new_link: 
2017-09-16 16:02:38,136 - [webpage_parser.py:63] - INFO - procotol:http, hostname:www.renrenche.com, new_link:javascript:void(0);
2017-09-16 16:02:38,137 - [webpage_parser.py:63] - INFO - procotol:http, hostname:www.baidu.com, new_link:/s?tn=sitehao123_10_pg&usm=2&wd=%E9%AA%91%E5%8D%95%E8%BD%A6%E8%BA%AB%E4%BA%A1%E6%A1%88%E5%BC%80%E5%BA%AD&ie=utf-8&rsv_cq=%E8%96%9B%E4%B9%8B%E8%B0%A6%E5%9B%9E%E5%BA%94%E9%A3%8E%E6%B3%A2&rsv_dl=0_right_toplist_20811
2017-09-16 16:02:38,147 - [webpage_parser.py:63] - INFO - procotol:http, hostname:www.163.com, new_link:javascript:;
2017-09-16 16:02:38,172 - [webpage_parser.py:63] - INFO - procotol:http, hostname:xyx.hao123.com, new_link: 
2017-09-16 16:02:38,172 - [webpage_parser.py:63] - INFO - procotol:https, hostname:www.booking.com, new_link:/index.it.html
2017-09-16 16:02:38,175 - [webpage_parser.py:63] - INFO - procotol:http, hostname:www.renrenche.com, new_link:javascript:void(0);
2017-09-16 16:02:38,176 - [webpage_parser.py:63] - INFO - procotol:http, hostname:www.baidu.com, new_link:/s?tn=sitehao123_10_pg&usm=2&wd=ios11%E6%AD%A3%E5%BC%8F%E7%89%88&ie=utf-8&rsv_cq=%E8%96%9B%E4%B9%8B%E8%B0%A6%E5%9B%9E%E5%BA%94%E9%A3%8E%E6%B3%A2&rsv_dl=0_right_toplist_20811
2017-09-16 16:02:38,176 - [webpage_parser.py:63] - INFO - procotol:http, hostname:www.163.com, new_link:javascript:;
2017-09-16 16:02:38,178 - [webpage_parser.py:63] - INFO - procotol:http, hostname:xyx.hao123.com, new_link:/zt/
2017-09-16 16:02:38,179 - [webpage_parser.py:63] - INFO - procotol:https, hostname:www.booking.com, new_link:/index.pt-pt.html
2017-09-16 16:02:38,180 - [webpage_parser.py:63] - INFO - procotol:http, hostname:www.renrenche.com, new_link:javascript:void(0);
2017-09-16 16:02:38,219 - [webpage_parser.py:63] - INFO - procotol:http, hostname:www.baidu.com, new_link:/s?tn=sitehao123_10_pg&usm=2&wd=%E6%9E%97%E6%9B%B4%E6%96%B0%E5%9B%9E%E5%BA%94%E8%A2%AB%E9%AA%82&ie=utf-8&rsv_cq=%E8%96%9B%E4%B9%8B%E8%B0%A6%E5%9B%9E%E5%BA%94%E9%A3%8E%E6%B3%A2&rsv_dl=0_right_toplist_20811
2017-09-16 16:02:38,235 - [webpage_parser.py:63] - INFO - procotol:http, hostname:www.163.com, new_link:javascript:;
2017-09-16 16:02:38,236 - [webpage_parser.py:63] - INFO - procotol:http, hostname:xyx.hao123.com, new_link:/zt/
2017-09-16 16:02:38,259 - [webpage_parser.py:63] - INFO - procotol:https, hostname:www.booking.com, new_link:/index.pt-br.html
2017-09-16 16:02:38,273 - [webpage_parser.py:63] - INFO - procotol:http, hostname:www.renrenche.com, new_link:javascript:void(0);
2017-09-16 16:02:38,286 - [webpage_parser.py:63] - INFO - procotol:http, hostname:www.baidu.com, new_link:/s?tn=sitehao123_10_pg&usm=2&wd=%E8%97%8F%E7%8D%92%E7%BB%8F%E6%B5%8E%E5%B4%A9%E7%9B%98&ie=utf-8&rsv_cq=%E8%96%9B%E4%B9%8B%E8%B0%A6%E5%9B%9E%E5%BA%94%E9%A3%8E%E6%B3%A2&rsv_dl=0_right_toplist_20811
2017-09-16 16:02:38,293 - [sbcharsetprober.py:119] - DEBUG - windows-1255 confidence = 0.0460957485202, below negative shortcut threshhold 0.05
2017-09-16 16:02:38,294 - [webpage_parser.py:63] - INFO - procotol:http, hostname:www.163.com, new_link:javascript:;
2017-09-16 16:02:38,295 - [webpage_parser.py:63] - INFO - procotol:http, hostname:xyx.hao123.com, new_link:/ztlb/
2017-09-16 16:02:38,295 - [webpage_parser.py:63] - INFO - procotol:https, hostname:www.booking.com, new_link:/index.no.html
2017-09-16 16:02:38,296 - [webpage_parser.py:63] - INFO - procotol:http, hostname:www.renrenche.com, new_link:javascript:void(0);
2017-09-16 16:02:38,298 - [webpage_parser.py:63] - INFO - procotol:http, hostname:www.baidu.com, new_link:/s?tn=sitehao123_10_pg&usm=2&wd=%E6%96%B0%E5%8A%A0%E5%9D%A1%E9%A6%96%E4%BD%8D%E5%A5%B3%E6%80%BB%E7%BB%9F&ie=utf-8&rsv_cq=%E8%96%9B%E4%B9%8B%E8%B0%A6%E5%9B%9E%E5%BA%94%E9%A3%8E%E6%B3%A2&rsv_dl=0_right_toplist_20811
2017-09-16 16:02:38,373 - [webpage_parser.py:63] - INFO - procotol:http, hostname:www.163.com, new_link:javascript:;
2017-09-16 16:02:38,392 - [webpage_parser.py:63] - INFO - procotol:http, hostname:xyx.hao123.com, new_link:/ztlb/
2017-09-16 16:02:38,403 - [webpage_parser.py:63] - INFO - procotol:https, hostname:www.booking.com, new_link:/index.fi.html
2017-09-16 16:02:38,404 - [webpage_parser.py:63] - INFO - procotol:http, hostname:www.renrenche.com, new_link:javascript:void(0);
2017-09-16 16:02:38,425 - [webpage_parser.py:63] - INFO - procotol:http, hostname:www.baidu.com, new_link:/s?tn=sitehao123_10_pg&usm=2&wd=%E9%95%BF%E6%B1%9F%E5%8F%A3%E5%9E%83%E5%9C%BE%E5%80%BE%E5%80%92%E6%A1%88&ie=utf-8&rsv_cq=%E8%96%9B%E4%B9%8B%E8%B0%A6%E5%9B%9E%E5%BA%94%E9%A3%8E%E6%B3%A2&rsv_dl=0_right_toplist_20811
2017-09-16 16:02:38,464 - [webpage_parser.py:63] - INFO - procotol:http, hostname:www.163.com, new_link:javascript:;
2017-09-16 16:02:38,468 - [webpage_parser.py:63] - INFO - procotol:http, hostname:xyx.hao123.com, new_link:/pic_rank_1_0_0_0_4_1.html
2017-09-16 16:02:38,511 - [webpage_parser.py:63] - INFO - procotol:https, hostname:www.booking.com, new_link:/index.sv.html
2017-09-16 16:02:38,513 - [webpage_parser.py:63] - INFO - procotol:http, hostname:www.renrenche.com, new_link:javascript:void(0);
2017-09-16 16:02:38,515 - [webpage_parser.py:63] - INFO - procotol:http, hostname:www.baidu.com, new_link:/s?tn=sitehao123_10_pg&usm=2&wd=%E5%8D%81%E5%B2%81%E5%A5%B3%E7%AB%A5%E8%80%83%E4%B8%8A%E5%A4%A7%E4%B8%93&ie=utf-8&rsv_cq=%E8%96%9B%E4%B9%8B%E8%B0%A6%E5%9B%9E%E5%BA%94%E9%A3%8E%E6%B3%A2&rsv_dl=0_right_toplist_20811
2017-09-16 16:02:38,516 - [webpage_parser.py:63] - INFO - procotol:http, hostname:www.163.com, new_link:javascript:;
2017-09-16 16:02:38,535 - [webpage_parser.py:63] - INFO - procotol:http, hostname:xyx.hao123.com, new_link:/pic_rank_1_0_0_0_1_1.html
2017-09-16 16:02:38,538 - [webpage_parser.py:63] - INFO - procotol:https, hostname:www.booking.com, new_link:/index.da.html
2017-09-16 16:02:38,539 - [webpage_parser.py:63] - INFO - procotol:http, hostname:www.renrenche.com, new_link:/tj/
2017-09-16 16:02:38,549 - [webpage_parser.py:63] - INFO - procotol:http, hostname:www.baidu.com, new_link:/s?tn=sitehao123_10_pg&usm=2&wd=%E5%8F%8C%E5%8F%B0%E9%A3%8E%E7%BB%93%E5%AF%B9%E6%9D%A5%E8%A2%AD&ie=utf-8&rsv_cq=%E8%96%9B%E4%B9%8B%E8%B0%A6%E5%9B%9E%E5%BA%94%E9%A3%8E%E6%B3%A2&rsv_dl=0_right_toplist_20811
2017-09-16 16:02:38,556 - [webpage_parser.py:63] - INFO - procotol:https, hostname:www.booking.com, new_link:/index.cs.html
2017-09-16 16:02:38,555 - [webpage_parser.py:63] - INFO - procotol:http, hostname:xyx.hao123.com, new_link:/pic_rank_1_0_0_0_2_1.html
2017-09-16 16:02:38,550 - [webpage_parser.py:63] - INFO - procotol:http, hostname:www.163.com, new_link:javascript:;
2017-09-16 16:02:38,557 - [webpage_parser.py:63] - INFO - procotol:http, hostname:www.renrenche.com, new_link:/bd/
2017-09-16 16:02:38,559 - [webpage_parser.py:63] - INFO - procotol:http, hostname:www.baidu.com, new_link:/s?tn=sitehao123_10_pg&usm=2&wd=%E4%BA%AC%E4%B8%9C%E8%BF%9B%E5%86%9B%E6%88%BF%E5%9C%B0%E4%BA%A7&ie=utf-8&rsv_cq=%E8%96%9B%E4%B9%8B%E8%B0%A6%E5%9B%9E%E5%BA%94%E9%A3%8E%E6%B3%A2&rsv_dl=0_right_toplist_20811
2017-09-16 16:02:38,559 - [webpage_parser.py:63] - INFO - procotol:https, hostname:www.booking.com, new_link:/index.hu.html
2017-09-16 16:02:38,560 - [webpage_parser.py:63] - INFO - procotol:http, hostname:xyx.hao123.com, new_link:/pic_rank_1_0_0_0_11_1.html
2017-09-16 16:02:38,565 - [webpage_parser.py:63] - INFO - procotol:http, hostname:www.163.com, new_link:javascript:;
2017-09-16 16:02:38,566 - [webpage_parser.py:63] - INFO - procotol:http, hostname:www.renrenche.com, new_link:/ts/
2017-09-16 16:02:38,567 - [webpage_parser.py:63] - INFO - procotol:http, hostname:www.baidu.com, new_link:/s?tn=sitehao123_10_pg&usm=2&wd=%E6%AF%94%E7%89%B9%E5%B8%81%E4%B8%AD%E5%9B%BD%E5%B0%86%E5%85%B3%E5%81%9C&ie=utf-8&rsv_cq=%E8%96%9B%E4%B9%8B%E8%B0%A6%E5%9B%9E%E5%BA%94%E9%A3%8E%E6%B3%A2&rsv_dl=0_right_toplist_20811
2017-09-16 16:02:38,582 - [webpage_parser.py:63] - INFO - procotol:https, hostname:www.booking.com, new_link:/index.ro.html
2017-09-16 16:02:38,582 - [webpage_parser.py:63] - INFO - procotol:http, hostname:xyx.hao123.com, new_link:/pic_rank_1_0_0_0_15_1.html
2017-09-16 16:02:38,586 - [webpage_parser.py:63] - INFO - procotol:http, hostname:www.163.com, new_link:javascript:;
2017-09-16 16:02:38,587 - [webpage_parser.py:63] - INFO - procotol:http, hostname:www.renrenche.com, new_link:/bj/
2017-09-16 16:02:38,588 - [webpage_parser.py:63] - INFO - procotol:http, hostname:www.baidu.com, new_link:/s?tn=sitehao123_10_pg&usm=2&wd=%E4%BC%A0%E5%A5%87%E5%A4%A7%E7%86%8A%E7%8C%AB%E5%8E%BB%E4%B8%96&ie=utf-8&rsv_cq=%E8%96%9B%E4%B9%8B%E8%B0%A6%E5%9B%9E%E5%BA%94%E9%A3%8E%E6%B3%A2&rsv_dl=0_right_toplist_20811
2017-09-16 16:02:38,602 - [webpage_parser.py:63] - INFO - procotol:https, hostname:www.booking.com, new_link:/index.ja.html
2017-09-16 16:02:38,622 - [connectionpool.py:207] - DEBUG - Starting new HTTP connection (1): www.hao123.com
2017-09-16 16:02:38,625 - [webpage_parser.py:63] - INFO - procotol:http, hostname:xyx.hao123.com, new_link:javascript:void(0)
2017-09-16 16:02:38,626 - [webpage_parser.py:63] - INFO - procotol:http, hostname:www.163.com, new_link:javascript:;
2017-09-16 16:02:38,627 - [webpage_parser.py:63] - INFO - procotol:http, hostname:www.renrenche.com, new_link:/cn/
2017-09-16 16:02:38,635 - [webpage_parser.py:63] - INFO - procotol:http, hostname:www.baidu.com, new_link:/s?wd=%E7%AB%A0%E9%BE%84%E4%B9%8B%E5%9B%9E%E5%BA%94%E8%96%9B%E4%B9%8B%E8%B0%A6&rsf=9&rsp=0&f=1&oq=%E8%96%9B%E4%B9%8B%E8%B0%A6%E5%9B%9E%E5%BA%94%E9%A3%8E%E6%B3%A2&tn=sitehao123_10_pg&ie=utf-8&usm=2&rsv_pq=f0375bec0000e405&rsv_t=7729nxJwkEJiZKoDIvS8okciErD3Gkpp6KWNcRFDdN%2FhqwHHYqWIBTEVBj4U89Mv6u%2BdnEavBQ&rqlang=cn&rs_src=0&rsv_pq=f0375bec0000e405&rsv_t=7729nxJwkEJiZKoDIvS8okciErD3Gkpp6KWNcRFDdN%2FhqwHHYqWIBTEVBj4U89Mv6u%2BdnEavBQ
2017-09-16 16:02:38,667 - [webpage_parser.py:63] - INFO - procotol:https, hostname:www.booking.com, new_link:/index.zh-cn.html
2017-09-16 16:02:38,676 - [webpage_parser.py:63] - INFO - procotol:http, hostname:xyx.hao123.com, new_link:#hot_rec
2017-09-16 16:02:38,686 - [webpage_parser.py:63] - INFO - procotol:http, hostname:www.163.com, new_link:javascript:;
2017-09-16 16:02:38,686 - [webpage_parser.py:63] - INFO - procotol:http, hostname:www.renrenche.com, new_link:/cq/
2017-09-16 16:02:38,687 - [webpage_parser.py:63] - INFO - procotol:http, hostname:www.baidu.com, new_link:/s?wd=%E6%9B%B9%E5%8F%AF%E5%87%A1%E5%9B%9E%E5%BA%94%E8%96%9B%E4%B9%8B%E8%B0%A6%E8%A7%86%E9%A2%91&rsf=9&rsp=1&f=1&oq=%E8%96%9B%E4%B9%8B%E8%B0%A6%E5%9B%9E%E5%BA%94%E9%A3%8E%E6%B3%A2&tn=sitehao123_10_pg&ie=utf-8&usm=2&rsv_pq=f0375bec0000e405&rsv_t=7729nxJwkEJiZKoDIvS8okciErD3Gkpp6KWNcRFDdN%2FhqwHHYqWIBTEVBj4U89Mv6u%2BdnEavBQ&rqlang=cn&rs_src=0&rsv_pq=f0375bec0000e405&rsv_t=7729nxJwkEJiZKoDIvS8okciErD3Gkpp6KWNcRFDdN%2FhqwHHYqWIBTEVBj4U89Mv6u%2BdnEavBQ
2017-09-16 16:02:38,687 - [webpage_parser.py:63] - INFO - procotol:https, hostname:www.booking.com, new_link:/index.zh-tw.html
2017-09-16 16:02:38,688 - [webpage_parser.py:63] - INFO - procotol:http, hostname:xyx.hao123.com, new_link:#heji
2017-09-16 16:02:38,694 - [webpage_parser.py:63] - INFO - procotol:http, hostname:www.163.com, new_link:javascript:;
2017-09-16 16:02:38,703 - [webpage_parser.py:63] - INFO - procotol:http, hostname:www.renrenche.com, new_link:/sh/
2017-09-16 16:02:38,704 - [webpage_parser.py:63] - INFO - procotol:http, hostname:www.baidu.com, new_link:/s?wd=%E7%AB%A0%E9%BE%84%E4%B9%8B%E5%9B%9E%E5%BA%94%E8%B7%9F%E8%96%9B%E4%B9%8B%E8%B0%A6&rsf=9&rsp=2&f=1&oq=%E8%96%9B%E4%B9%8B%E8%B0%A6%E5%9B%9E%E5%BA%94%E9%A3%8E%E6%B3%A2&tn=sitehao123_10_pg&ie=utf-8&usm=2&rsv_pq=f0375bec0000e405&rsv_t=7729nxJwkEJiZKoDIvS8okciErD3Gkpp6KWNcRFDdN%2FhqwHHYqWIBTEVBj4U89Mv6u%2BdnEavBQ&rqlang=cn&rs_src=0&rsv_pq=f0375bec0000e405&rsv_t=7729nxJwkEJiZKoDIvS8okciErD3Gkpp6KWNcRFDdN%2FhqwHHYqWIBTEVBj4U89Mv6u%2BdnEavBQ
2017-09-16 16:02:38,704 - [webpage_parser.py:63] - INFO - procotol:https, hostname:www.booking.com, new_link:/index.pl.html
2017-09-16 16:02:38,726 - [webpage_parser.py:63] - INFO - procotol:http, hostname:xyx.hao123.com, new_link:#game_rank
2017-09-16 16:02:38,727 - [webpage_parser.py:63] - INFO - procotol:http, hostname:www.163.com, new_link:javascript:;
2017-09-16 16:02:38,728 - [connectionpool.py:395] - DEBUG - http://www.hao123.com:80 "GET /auto HTTP/1.1" 200 None
2017-09-16 16:02:38,730 - [webpage_parser.py:63] - INFO - procotol:http, hostname:www.renrenche.com, new_link:/ay/
2017-09-16 16:02:38,734 - [webpage_parser.py:63] - INFO - procotol:http, hostname:www.baidu.com, new_link:/s?wd=%E7%AB%A0%E9%BE%84%E4%B9%8B%E5%9B%9E%E5%BA%94%E8%96%9B%E4%B9%8B%E8%B0%A6%E7%B2%89%E4%B8%9D&rsf=9&rsp=3&f=1&oq=%E8%96%9B%E4%B9%8B%E8%B0%A6%E5%9B%9E%E5%BA%94%E9%A3%8E%E6%B3%A2&tn=sitehao123_10_pg&ie=utf-8&usm=2&rsv_pq=f0375bec0000e405&rsv_t=7729nxJwkEJiZKoDIvS8okciErD3Gkpp6KWNcRFDdN%2FhqwHHYqWIBTEVBj4U89Mv6u%2BdnEavBQ&rqlang=cn&rs_src=0&rsv_pq=f0375bec0000e405&rsv_t=7729nxJwkEJiZKoDIvS8okciErD3Gkpp6KWNcRFDdN%2FhqwHHYqWIBTEVBj4U89Mv6u%2BdnEavBQ
2017-09-16 16:02:38,744 - [webpage_parser.py:63] - INFO - procotol:http, hostname:xyx.hao123.com, new_link:#pro_avtive
2017-09-16 16:02:38,746 - [webpage_parser.py:63] - INFO - procotol:https, hostname:www.booking.com, new_link:/index.el.html
2017-09-16 16:02:38,747 - [webpage_parser.py:63] - INFO - procotol:http, hostname:www.163.com, new_link:javascript:;
2017-09-16 16:02:38,756 - [webpage_parser.py:63] - INFO - procotol:http, hostname:www.renrenche.com, new_link:/bd/
2017-09-16 16:02:38,759 - [webpage_parser.py:63] - INFO - procotol:http, hostname:www.baidu.com, new_link:/s?wd=%E8%96%9B%E4%B9%8B%E8%B0%A6%E5%9B%9E%E5%BA%94%E5%A4%8D%E5%90%88&rsf=9&rsp=4&f=1&oq=%E8%96%9B%E4%B9%8B%E8%B0%A6%E5%9B%9E%E5%BA%94%E9%A3%8E%E6%B3%A2&tn=sitehao123_10_pg&ie=utf-8&usm=2&rsv_pq=f0375bec0000e405&rsv_t=7729nxJwkEJiZKoDIvS8okciErD3Gkpp6KWNcRFDdN%2FhqwHHYqWIBTEVBj4U89Mv6u%2BdnEavBQ&rqlang=cn&rs_src=0&rsv_pq=f0375bec0000e405&rsv_t=7729nxJwkEJiZKoDIvS8okciErD3Gkpp6KWNcRFDdN%2FhqwHHYqWIBTEVBj4U89Mv6u%2BdnEavBQ
2017-09-16 16:02:38,762 - [webpage_parser.py:63] - INFO - procotol:https, hostname:www.booking.com, new_link:/index.ru.html
2017-09-16 16:02:38,762 - [webpage_parser.py:63] - INFO - procotol:http, hostname:www.163.com, new_link:javascript:;
2017-09-16 16:02:38,763 - [webpage_parser.py:63] - INFO - procotol:http, hostname:xyx.hao123.com, new_link:#girl_zone
2017-09-16 16:02:38,785 - [webpage_parser.py:63] - INFO - procotol:http, hostname:www.baidu.com, new_link:/s?wd=%E8%96%9B%E4%B9%8B%E8%B0%A6%E5%89%8D%E5%A6%BB%E5%9B%9E%E5%BA%94&rsf=9&rsp=5&f=1&oq=%E8%96%9B%E4%B9%8B%E8%B0%A6%E5%9B%9E%E5%BA%94%E9%A3%8E%E6%B3%A2&tn=sitehao123_10_pg&ie=utf-8&usm=2&rsv_pq=f0375bec0000e405&rsv_t=7729nxJwkEJiZKoDIvS8okciErD3Gkpp6KWNcRFDdN%2FhqwHHYqWIBTEVBj4U89Mv6u%2BdnEavBQ&rqlang=cn&rs_src=0&rsv_pq=f0375bec0000e405&rsv_t=7729nxJwkEJiZKoDIvS8okciErD3Gkpp6KWNcRFDdN%2FhqwHHYqWIBTEVBj4U89Mv6u%2BdnEavBQ
2017-09-16 16:02:38,804 - [webpage_parser.py:63] - INFO - procotol:http, hostname:www.hao123.com, new_link:javascript:void(0)
2017-09-16 16:02:38,804 - [webpage_parser.py:63] - INFO - procotol:http, hostname:www.renrenche.com, new_link:/bj/
2017-09-16 16:02:38,811 - [webpage_parser.py:63] - INFO - procotol:https, hostname:www.booking.com, new_link:/index.tr.html
2017-09-16 16:02:38,818 - [webpage_parser.py:63] - INFO - procotol:http, hostname:www.163.com, new_link:javascript:;
2017-09-16 16:02:38,819 - [webpage_parser.py:63] - INFO - procotol:http, hostname:www.baidu.com, new_link:/s?wd=%E8%96%9B%E4%B9%8B%E8%B0%A6%E5%A4%8D%E5%A9%9A%E5%9B%9E%E5%BA%94&rsf=9&rsp=6&f=1&oq=%E8%96%9B%E4%B9%8B%E8%B0%A6%E5%9B%9E%E5%BA%94%E9%A3%8E%E6%B3%A2&tn=sitehao123_10_pg&ie=utf-8&usm=2&rsv_pq=f0375bec0000e405&rsv_t=7729nxJwkEJiZKoDIvS8okciErD3Gkpp6KWNcRFDdN%2FhqwHHYqWIBTEVBj4U89Mv6u%2BdnEavBQ&rqlang=cn&rs_src=0&rsv_pq=f0375bec0000e405&rsv_t=7729nxJwkEJiZKoDIvS8okciErD3Gkpp6KWNcRFDdN%2FhqwHHYqWIBTEVBj4U89Mv6u%2BdnEavBQ
2017-09-16 16:02:38,820 - [webpage_parser.py:63] - INFO - procotol:http, hostname:xyx.hao123.com, new_link:#original
2017-09-16 16:02:38,822 - [webpage_parser.py:63] - INFO - procotol:http, hostname:www.hao123.com, new_link:javascript:;
2017-09-16 16:02:38,834 - [webpage_parser.py:63] - INFO - procotol:https, hostname:www.booking.com, new_link:/index.bg.html
2017-09-16 16:02:38,868 - [webpage_parser.py:63] - INFO - procotol:http, hostname:www.renrenche.com, new_link:/bt/
2017-09-16 16:02:38,872 - [webpage_parser.py:63] - INFO - procotol:http, hostname:www.163.com, new_link:javascript:;
2017-09-16 16:02:38,874 - [webpage_parser.py:63] - INFO - procotol:http, hostname:www.baidu.com, new_link:/s?wd=%E8%96%9B%E4%B9%8B%E8%B0%A6%E5%9B%9E%E5%BA%94%E7%A6%BB%E5%A9%9A%E4%BC%A0%E9%97%BB&rsf=9&rsp=7&f=1&oq=%E8%96%9B%E4%B9%8B%E8%B0%A6%E5%9B%9E%E5%BA%94%E9%A3%8E%E6%B3%A2&tn=sitehao123_10_pg&ie=utf-8&usm=2&rsv_pq=f0375bec0000e405&rsv_t=7729nxJwkEJiZKoDIvS8okciErD3Gkpp6KWNcRFDdN%2FhqwHHYqWIBTEVBj4U89Mv6u%2BdnEavBQ&rqlang=cn&rs_src=0&rsv_pq=f0375bec0000e405&rsv_t=7729nxJwkEJiZKoDIvS8okciErD3Gkpp6KWNcRFDdN%2FhqwHHYqWIBTEVBj4U89Mv6u%2BdnEavBQ
2017-09-16 16:02:38,909 - [webpage_parser.py:63] - INFO - procotol:http, hostname:xyx.hao123.com, new_link:#special_mob
2017-09-16 16:02:38,916 - [webpage_parser.py:63] - INFO - procotol:http, hostname:www.hao123.com, new_link:javascript:;
2017-09-16 16:02:38,925 - [webpage_parser.py:63] - INFO - procotol:https, hostname:www.booking.com, new_link:/index.ar.html
2017-09-16 16:02:38,926 - [webpage_parser.py:63] - INFO - procotol:http, hostname:www.renrenche.com, new_link:/cs/
2017-09-16 16:02:38,928 - [webpage_parser.py:63] - INFO - procotol:http, hostname:www.163.com, new_link:javascript:;
2017-09-16 16:02:38,931 - [webpage_parser.py:63] - INFO - procotol:http, hostname:xyx.hao123.com, new_link:#classify_rank
2017-09-16 16:02:38,935 - [webpage_parser.py:63] - INFO - procotol:https, hostname:www.booking.com, new_link:/index.ko.html
2017-09-16 16:02:38,939 - [webpage_parser.py:63] - INFO - procotol:http, hostname:www.renrenche.com, new_link:/cc/
2017-09-16 16:02:38,943 - [webpage_parser.py:63] - INFO - procotol:http, hostname:www.baidu.com, new_link:/s?wd=%E8%96%9B%E4%B9%8B%E8%B0%A6%E5%9B%9E%E5%BA%94%E9%A9%AC%E8%93%89&rsf=9&rsp=8&f=1&oq=%E8%96%9B%E4%B9%8B%E8%B0%A6%E5%9B%9E%E5%BA%94%E9%A3%8E%E6%B3%A2&tn=sitehao123_10_pg&ie=utf-8&usm=2&rsv_pq=f0375bec0000e405&rsv_t=7729nxJwkEJiZKoDIvS8okciErD3Gkpp6KWNcRFDdN%2FhqwHHYqWIBTEVBj4U89Mv6u%2BdnEavBQ&rqlang=cn&rs_src=0&rsv_pq=f0375bec0000e405&rsv_t=7729nxJwkEJiZKoDIvS8okciErD3Gkpp6KWNcRFDdN%2FhqwHHYqWIBTEVBj4U89Mv6u%2BdnEavBQ
2017-09-16 16:02:38,943 - [webpage_parser.py:63] - INFO - procotol:http, hostname:www.163.com, new_link:javascript:;
2017-09-16 16:02:38,944 - [webpage_saver.py:45] - INFO - url http://www.hao123.com/auto is not match
2017-09-16 16:02:38,947 - [webpage_parser.py:63] - INFO - procotol:http, hostname:xyx.hao123.com, new_link:javascript:void(0)
2017-09-16 16:02:38,947 - [webpage_parser.py:63] - INFO - procotol:https, hostname:www.booking.com, new_link:/index.he.html
2017-09-16 16:02:38,959 - [webpage_parser.py:63] - INFO - procotol:http, hostname:www.renrenche.com, new_link:/cd/
2017-09-16 16:02:38,969 - [webpage_parser.py:63] - INFO - procotol:http, hostname:www.baidu.com, new_link:/s?wd=%E8%96%9B%E4%B9%8B%E8%B0%A6%E5%9B%9E%E5%BA%94%E9%A3%8E%E6%B3%A2&pn=10&oq=%E8%96%9B%E4%B9%8B%E8%B0%A6%E5%9B%9E%E5%BA%94%E9%A3%8E%E6%B3%A2&tn=sitehao123_10_pg&ie=utf-8&usm=2&rsv_pq=f0375bec0000e405&rsv_t=7729nxJwkEJiZKoDIvS8okciErD3Gkpp6KWNcRFDdN%2FhqwHHYqWIBTEVBj4U89Mv6u%2BdnEavBQ
2017-09-16 16:02:38,971 - [webpage_parser.py:63] - INFO - procotol:http, hostname:www.163.com, new_link:javascript:;
2017-09-16 16:02:38,979 - [webpage_parser.py:63] - INFO - procotol:https, hostname:www.booking.com, new_link:/index.lv.html
2017-09-16 16:02:38,985 - [webpage_parser.py:63] - INFO - procotol:http, hostname:www.renrenche.com, new_link:/cq/
2017-09-16 16:02:38,985 - [webpage_parser.py:63] - INFO - procotol:http, hostname:www.baidu.com, new_link:/s?wd=%E8%96%9B%E4%B9%8B%E8%B0%A6%E5%9B%9E%E5%BA%94%E9%A3%8E%E6%B3%A2&pn=20&oq=%E8%96%9B%E4%B9%8B%E8%B0%A6%E5%9B%9E%E5%BA%94%E9%A3%8E%E6%B3%A2&tn=sitehao123_10_pg&ie=utf-8&usm=2&rsv_pq=f0375bec0000e405&rsv_t=7729nxJwkEJiZKoDIvS8okciErD3Gkpp6KWNcRFDdN%2FhqwHHYqWIBTEVBj4U89Mv6u%2BdnEavBQ
2017-09-16 16:02:38,986 - [webpage_parser.py:63] - INFO - procotol:http, hostname:www.163.com, new_link:javascript:;
2017-09-16 16:02:38,986 - [webpage_parser.py:63] - INFO - procotol:https, hostname:www.booking.com, new_link:/index.uk.html
2017-09-16 16:02:38,993 - [webpage_parser.py:63] - INFO - procotol:http, hostname:www.renrenche.com, new_link:/cz/
2017-09-16 16:02:38,994 - [webpage_parser.py:63] - INFO - procotol:http, hostname:www.baidu.com, new_link:/s?wd=%E8%96%9B%E4%B9%8B%E8%B0%A6%E5%9B%9E%E5%BA%94%E9%A3%8E%E6%B3%A2&pn=30&oq=%E8%96%9B%E4%B9%8B%E8%B0%A6%E5%9B%9E%E5%BA%94%E9%A3%8E%E6%B3%A2&tn=sitehao123_10_pg&ie=utf-8&usm=2&rsv_pq=f0375bec0000e405&rsv_t=7729nxJwkEJiZKoDIvS8okciErD3Gkpp6KWNcRFDdN%2FhqwHHYqWIBTEVBj4U89Mv6u%2BdnEavBQ
2017-09-16 16:02:38,994 - [webpage_parser.py:63] - INFO - procotol:http, hostname:www.163.com, new_link:javascript:;
2017-09-16 16:02:38,999 - [webpage_parser.py:63] - INFO - procotol:https, hostname:www.booking.com, new_link:/index.id.html
2017-09-16 16:02:39,000 - [webpage_parser.py:63] - INFO - procotol:http, hostname:www.renrenche.com, new_link:/dg/
2017-09-16 16:02:39,003 - [webpage_parser.py:63] - INFO - procotol:http, hostname:www.baidu.com, new_link:/s?wd=%E8%96%9B%E4%B9%8B%E8%B0%A6%E5%9B%9E%E5%BA%94%E9%A3%8E%E6%B3%A2&pn=40&oq=%E8%96%9B%E4%B9%8B%E8%B0%A6%E5%9B%9E%E5%BA%94%E9%A3%8E%E6%B3%A2&tn=sitehao123_10_pg&ie=utf-8&usm=2&rsv_pq=f0375bec0000e405&rsv_t=7729nxJwkEJiZKoDIvS8okciErD3Gkpp6KWNcRFDdN%2FhqwHHYqWIBTEVBj4U89Mv6u%2BdnEavBQ
2017-09-16 16:02:39,004 - [webpage_parser.py:63] - INFO - procotol:http, hostname:www.163.com, new_link:javascript:;
2017-09-16 16:02:39,013 - [webpage_parser.py:63] - INFO - procotol:https, hostname:www.booking.com, new_link:/index.ms.html
2017-09-16 16:02:39,018 - [webpage_parser.py:63] - INFO - procotol:http, hostname:www.renrenche.com, new_link:/dt/
2017-09-16 16:02:39,030 - [webpage_parser.py:63] - INFO - procotol:http, hostname:www.baidu.com, new_link:/s?wd=%E8%96%9B%E4%B9%8B%E8%B0%A6%E5%9B%9E%E5%BA%94%E9%A3%8E%E6%B3%A2&pn=50&oq=%E8%96%9B%E4%B9%8B%E8%B0%A6%E5%9B%9E%E5%BA%94%E9%A3%8E%E6%B3%A2&tn=sitehao123_10_pg&ie=utf-8&usm=2&rsv_pq=f0375bec0000e405&rsv_t=7729nxJwkEJiZKoDIvS8okciErD3Gkpp6KWNcRFDdN%2FhqwHHYqWIBTEVBj4U89Mv6u%2BdnEavBQ
2017-09-16 16:02:39,037 - [webpage_parser.py:63] - INFO - procotol:http, hostname:www.163.com, new_link:javascript:;
2017-09-16 16:02:39,038 - [webpage_parser.py:63] - INFO - procotol:https, hostname:www.booking.com, new_link:/index.th.html
2017-09-16 16:02:39,041 - [webpage_parser.py:63] - INFO - procotol:http, hostname:www.renrenche.com, new_link:/dl/
2017-09-16 16:02:39,043 - [webpage_parser.py:63] - INFO - procotol:http, hostname:www.baidu.com, new_link:/s?wd=%E8%96%9B%E4%B9%8B%E8%B0%A6%E5%9B%9E%E5%BA%94%E9%A3%8E%E6%B3%A2&pn=60&oq=%E8%96%9B%E4%B9%8B%E8%B0%A6%E5%9B%9E%E5%BA%94%E9%A3%8E%E6%B3%A2&tn=sitehao123_10_pg&ie=utf-8&usm=2&rsv_pq=f0375bec0000e405&rsv_t=7729nxJwkEJiZKoDIvS8okciErD3Gkpp6KWNcRFDdN%2FhqwHHYqWIBTEVBj4U89Mv6u%2BdnEavBQ
2017-09-16 16:02:39,044 - [connectionpool.py:207] - DEBUG - Starting new HTTP connection (1): tuijian.hao123.com
2017-09-16 16:02:39,063 - [webpage_parser.py:63] - INFO - procotol:http, hostname:www.163.com, new_link:javascript:;
2017-09-16 16:02:39,063 - [webpage_parser.py:63] - INFO - procotol:https, hostname:www.booking.com, new_link:/index.et.html
2017-09-16 16:02:39,067 - [sbcharsetprober.py:119] - DEBUG - windows-1255 confidence = 0.046852940931, below negative shortcut threshhold 0.05
2017-09-16 16:02:39,067 - [webpage_parser.py:63] - INFO - procotol:http, hostname:www.renrenche.com, new_link:/dq/
2017-09-16 16:02:39,068 - [webpage_parser.py:63] - INFO - procotol:http, hostname:www.baidu.com, new_link:/s?wd=%E8%96%9B%E4%B9%8B%E8%B0%A6%E5%9B%9E%E5%BA%94%E9%A3%8E%E6%B3%A2&pn=70&oq=%E8%96%9B%E4%B9%8B%E8%B0%A6%E5%9B%9E%E5%BA%94%E9%A3%8E%E6%B3%A2&tn=sitehao123_10_pg&ie=utf-8&usm=2&rsv_pq=f0375bec0000e405&rsv_t=7729nxJwkEJiZKoDIvS8okciErD3Gkpp6KWNcRFDdN%2FhqwHHYqWIBTEVBj4U89Mv6u%2BdnEavBQ
2017-09-16 16:02:39,069 - [webpage_parser.py:63] - INFO - procotol:http, hostname:www.163.com, new_link:javascript:;
2017-09-16 16:02:39,071 - [webpage_parser.py:63] - INFO - procotol:https, hostname:www.booking.com, new_link:/index.hr.html
2017-09-16 16:02:39,131 - [webpage_parser.py:63] - INFO - procotol:http, hostname:www.renrenche.com, new_link:/deyang/
2017-09-16 16:02:39,223 - [webpage_parser.py:63] - INFO - procotol:http, hostname:www.baidu.com, new_link:/s?wd=%E8%96%9B%E4%B9%8B%E8%B0%A6%E5%9B%9E%E5%BA%94%E9%A3%8E%E6%B3%A2&pn=80&oq=%E8%96%9B%E4%B9%8B%E8%B0%A6%E5%9B%9E%E5%BA%94%E9%A3%8E%E6%B3%A2&tn=sitehao123_10_pg&ie=utf-8&usm=2&rsv_pq=f0375bec0000e405&rsv_t=7729nxJwkEJiZKoDIvS8okciErD3Gkpp6KWNcRFDdN%2FhqwHHYqWIBTEVBj4U89Mv6u%2BdnEavBQ
2017-09-16 16:02:39,245 - [connectionpool.py:395] - DEBUG - http://tuijian.hao123.com:80 "GET /?type=military HTTP/1.1" 200 None
2017-09-16 16:02:39,251 - [webpage_parser.py:63] - INFO - procotol:http, hostname:www.163.com, new_link:javascript:;
2017-09-16 16:02:39,253 - [webpage_parser.py:63] - INFO - procotol:https, hostname:www.booking.com, new_link:/index.lt.html
2017-09-16 16:02:39,254 - [webpage_parser.py:63] - INFO - procotol:http, hostname:www.renrenche.com, new_link:/fs/
2017-09-16 16:02:39,263 - [webpage_parser.py:63] - INFO - procotol:http, hostname:www.baidu.com, new_link:/s?wd=%E8%96%9B%E4%B9%8B%E8%B0%A6%E5%9B%9E%E5%BA%94%E9%A3%8E%E6%B3%A2&pn=90&oq=%E8%96%9B%E4%B9%8B%E8%B0%A6%E5%9B%9E%E5%BA%94%E9%A3%8E%E6%B3%A2&tn=sitehao123_10_pg&ie=utf-8&usm=2&rsv_pq=f0375bec0000e405&rsv_t=7729nxJwkEJiZKoDIvS8okciErD3Gkpp6KWNcRFDdN%2FhqwHHYqWIBTEVBj4U89Mv6u%2BdnEavBQ
2017-09-16 16:02:39,346 - [webpage_parser.py:63] - INFO - procotol:http, hostname:www.163.com, new_link:javascript:;
2017-09-16 16:02:39,354 - [webpage_parser.py:63] - INFO - procotol:https, hostname:www.booking.com, new_link:/index.sk.html
2017-09-16 16:02:39,403 - [webpage_parser.py:63] - INFO - procotol:http, hostname:www.renrenche.com, new_link:/fz/
2017-09-16 16:02:39,454 - [webpage_parser.py:63] - INFO - procotol:http, hostname:www.baidu.com, new_link:/s?wd=%E8%96%9B%E4%B9%8B%E8%B0%A6%E5%9B%9E%E5%BA%94%E9%A3%8E%E6%B3%A2&pn=10&oq=%E8%96%9B%E4%B9%8B%E8%B0%A6%E5%9B%9E%E5%BA%94%E9%A3%8E%E6%B3%A2&tn=sitehao123_10_pg&ie=utf-8&usm=2&rsv_pq=f0375bec0000e405&rsv_t=7729nxJwkEJiZKoDIvS8okciErD3Gkpp6KWNcRFDdN%2FhqwHHYqWIBTEVBj4U89Mv6u%2BdnEavBQ&rsv_page=1
2017-09-16 16:02:39,460 - [webpage_parser.py:63] - INFO - procotol:http, hostname:www.163.com, new_link:javascript:;
2017-09-16 16:02:39,469 - [webpage_parser.py:63] - INFO - procotol:https, hostname:www.booking.com, new_link:/index.sr.html
2017-09-16 16:02:39,478 - [webpage_parser.py:63] - INFO - procotol:http, hostname:www.renrenche.com, new_link:/gz/
2017-09-16 16:02:39,580 - [webpage_parser.py:63] - INFO - procotol:http, hostname:www.baidu.com, new_link:javascript:;
2017-09-16 16:02:39,598 - [webpage_parser.py:63] - INFO - procotol:http, hostname:www.163.com, new_link:javascript:;
2017-09-16 16:02:39,622 - [webpage_parser.py:63] - INFO - procotol:https, hostname:www.booking.com, new_link:/index.sl.html
2017-09-16 16:02:39,653 - [webpage_parser.py:63] - INFO - procotol:http, hostname:www.163.com, new_link:javascript:;
2017-09-16 16:02:39,672 - [webpage_parser.py:63] - INFO - procotol:http, hostname:www.renrenche.com, new_link:/gy/
2017-09-16 16:02:39,678 - [webpage_saver.py:45] - INFO - url http://xyx.hao123.com/ is not match
2017-09-16 16:02:39,688 - [webpage_parser.py:63] - INFO - procotol:https, hostname:www.booking.com, new_link:/index.vi.html
2017-09-16 16:02:39,690 - [webpage_parser.py:63] - INFO - procotol:http, hostname:www.163.com, new_link:javascript:;
2017-09-16 16:02:39,703 - [webpage_parser.py:63] - INFO - procotol:http, hostname:www.renrenche.com, new_link:/huizhou/
2017-09-16 16:02:39,711 - [webpage_parser.py:63] - INFO - procotol:https, hostname:www.booking.com, new_link:/index.tl.html
2017-09-16 16:02:39,769 - [webpage_parser.py:63] - INFO - procotol:http, hostname:www.163.com, new_link:javascript:;
2017-09-16 16:02:39,827 - [webpage_parser.py:63] - INFO - procotol:http, hostname:www.renrenche.com, new_link:/hu/
2017-09-16 16:02:39,831 - [webpage_parser.py:63] - INFO - procotol:https, hostname:www.booking.com, new_link:/index.is.html
2017-09-16 16:02:39,836 - [webpage_parser.py:63] - INFO - procotol:http, hostname:www.163.com, new_link:javascript:;
2017-09-16 16:02:39,865 - [webpage_parser.py:63] - INFO - procotol:http, hostname:www.renrenche.com, new_link:/hrb/
2017-09-16 16:02:39,879 - [webpage_parser.py:63] - INFO - procotol:https, hostname:www.booking.com, new_link:javascript:void(0);
2017-09-16 16:02:39,931 - [charsetgroupprober.py:97] - DEBUG - windows-1251 not active
2017-09-16 16:02:39,931 - [webpage_parser.py:63] - INFO - procotol:http, hostname:www.163.com, new_link:javascript:;
2017-09-16 16:02:39,932 - [webpage_parser.py:63] - INFO - procotol:http, hostname:www.renrenche.com, new_link:/heze/
2017-09-16 16:02:39,932 - [webpage_parser.py:63] - INFO - procotol:https, hostname:www.booking.com, new_link:javascript:void(0);
2017-09-16 16:02:39,933 - [charsetgroupprober.py:97] - DEBUG - KOI8-R not active
2017-09-16 16:02:39,933 - [webpage_parser.py:63] - INFO - procotol:http, hostname:www.163.com, new_link:javascript:;
2017-09-16 16:02:39,935 - [webpage_parser.py:63] - INFO - procotol:http, hostname:www.renrenche.com, new_link:/hf/
2017-09-16 16:02:39,936 - [webpage_parser.py:63] - INFO - procotol:https, hostname:www.booking.com, new_link:/destinationfinder.html
2017-09-16 16:02:39,937 - [charsetgroupprober.py:97] - DEBUG - ISO-8859-5 not active
2017-09-16 16:02:39,938 - [webpage_parser.py:63] - INFO - procotol:http, hostname:www.163.com, new_link:javascript:;
2017-09-16 16:02:39,939 - [webpage_parser.py:63] - INFO - procotol:http, hostname:www.renrenche.com, new_link:/hz/
2017-09-16 16:02:39,940 - [webpage_parser.py:63] - INFO - procotol:https, hostname:www.booking.com, new_link:javascript:void(0);
2017-09-16 16:02:39,941 - [webpage_saver.py:45] - INFO - url http://www.baidu.com/s?word=%E8%96%9B%E4%B9%8B%E8%B0%A6%E5%9B%9E%E5%BA%94%E9%A3%8E%E6%B3%A2&tn=sitehao123_10_pg&ie=utf-8 is not match
2017-09-16 16:02:39,961 - [charsetgroupprober.py:97] - DEBUG - MacCyrillic not active
2017-09-16 16:02:40,021 - [webpage_parser.py:63] - INFO - procotol:http, hostname:www.163.com, new_link:javascript:;
2017-09-16 16:02:40,040 - [webpage_parser.py:63] - INFO - procotol:http, hostname:www.renrenche.com, new_link:/jinzhou/
2017-09-16 16:02:40,062 - [webpage_parser.py:63] - INFO - procotol:https, hostname:www.booking.com, new_link:/reviews.html
2017-09-16 16:02:40,106 - [charsetgroupprober.py:97] - DEBUG - IBM866 not active
2017-09-16 16:02:40,121 - [webpage_parser.py:63] - INFO - procotol:http, hostname:tuijian.hao123.com, new_link:javascript:void(0)
2017-09-16 16:02:40,122 - [webpage_parser.py:63] - INFO - procotol:http, hostname:www.163.com, new_link:javascript:;
2017-09-16 16:02:40,123 - [connectionpool.py:207] - DEBUG - Starting new HTTP connection (1): soft.hao123.com
2017-09-16 16:02:40,123 - [webpage_parser.py:63] - INFO - procotol:http, hostname:www.renrenche.com, new_link:/jl/
2017-09-16 16:02:40,124 - [webpage_parser.py:63] - INFO - procotol:https, hostname:www.booking.com, new_link:
/searchresults.html?city=20088325&

2017-09-16 16:02:40,125 - [charsetgroupprober.py:97] - DEBUG - IBM855 not active
2017-09-16 16:02:40,127 - [webpage_parser.py:63] - INFO - procotol:http, hostname:tuijian.hao123.com, new_link:javascript:;
2017-09-16 16:02:40,128 - [webpage_parser.py:63] - INFO - procotol:http, hostname:www.163.com, new_link:javascript:;
2017-09-16 16:02:40,129 - [webpage_parser.py:63] - INFO - procotol:http, hostname:www.renrenche.com, new_link:/jh/
2017-09-16 16:02:40,130 - [webpage_parser.py:63] - INFO - procotol:https, hostname:www.booking.com, new_link:/searchresults.html?city=20088325&
2017-09-16 16:02:40,131 - [charsetgroupprober.py:100] - DEBUG - ISO-8859-7 Greek confidence = 0.0770511310019
2017-09-16 16:02:40,138 - [webpage_parser.py:63] - INFO - procotol:http, hostname:tuijian.hao123.com, new_link:javascript:;
2017-09-16 16:02:40,139 - [webpage_parser.py:63] - INFO - procotol:http, hostname:www.163.com, new_link:javascript:;
2017-09-16 16:02:40,139 - [webpage_parser.py:63] - INFO - procotol:http, hostname:www.renrenche.com, new_link:/jn/
2017-09-16 16:02:40,140 - [webpage_parser.py:63] - INFO - procotol:https, hostname:www.booking.com, new_link:
/searchresults.html?city=20079110&

2017-09-16 16:02:40,140 - [charsetgroupprober.py:100] - DEBUG - windows-1253 Greek confidence = 0.0784966777615
2017-09-16 16:02:40,143 - [webpage_parser.py:63] - INFO - procotol:http, hostname:www.163.com, new_link:javascript:;
2017-09-16 16:02:40,149 - [charsetgroupprober.py:97] - DEBUG - ISO-8859-5 not active
2017-09-16 16:02:40,149 - [charsetgroupprober.py:97] - DEBUG - windows-1251 not active
2017-09-16 16:02:40,149 - [charsetgroupprober.py:97] - DEBUG - TIS-620 not active
2017-09-16 16:02:40,150 - [charsetgroupprober.py:97] - DEBUG - ISO-8859-9 not active
2017-09-16 16:02:40,150 - [charsetgroupprober.py:100] - DEBUG - windows-1255 Hebrew confidence = 0.0
2017-09-16 16:02:40,150 - [charsetgroupprober.py:97] - DEBUG - windows-1255 not active
2017-09-16 16:02:40,151 - [charsetgroupprober.py:97] - DEBUG - windows-1255 not active
2017-09-16 16:02:40,151 - [universaldetector.py:271] - DEBUG - no probers hit minimum threshold
2017-09-16 16:02:40,152 - [universaldetector.py:280] - DEBUG - utf-8  confidence = 0.01
2017-09-16 16:02:40,152 - [universaldetector.py:280] - DEBUG - SHIFT_JIS Japanese confidence = 0.01
2017-09-16 16:02:40,152 - [universaldetector.py:280] - DEBUG - EUC-JP Japanese confidence = 0.01
2017-09-16 16:02:40,153 - [universaldetector.py:280] - DEBUG - GB2312 Chinese confidence = 0.01
2017-09-16 16:02:40,153 - [universaldetector.py:280] - DEBUG - EUC-KR Korean confidence = 0.01
2017-09-16 16:02:40,153 - [universaldetector.py:280] - DEBUG - CP949 Korean confidence = 0.01
2017-09-16 16:02:40,154 - [universaldetector.py:280] - DEBUG - Big5 Chinese confidence = 0.01
2017-09-16 16:02:40,154 - [universaldetector.py:280] - DEBUG - EUC-TW Taiwan confidence = 0.01
2017-09-16 16:02:40,154 - [universaldetector.py:280] - DEBUG - windows-1251 Russian confidence = 0.0454311166085
2017-09-16 16:02:40,145 - [webpage_parser.py:63] - INFO - procotol:http, hostname:www.renrenche.com, new_link:/jx/
2017-09-16 16:02:40,156 - [webpage_parser.py:63] - INFO - procotol:http, hostname:www.163.com, new_link:javascript:;
2017-09-16 16:02:40,145 - [webpage_parser.py:63] - INFO - procotol:https, hostname:www.booking.com, new_link:/searchresults.html?city=20079110&
2017-09-16 16:02:40,155 - [universaldetector.py:280] - DEBUG - KOI8-R Russian confidence = 0.0395338366908
2017-09-16 16:02:40,148 - [webpage_saver.py:45] - INFO - url http://tuijian.hao123.com/?type=military is not match
2017-09-16 16:02:40,156 - [webpage_parser.py:63] - INFO - procotol:http, hostname:www.163.com, new_link:javascript:;
2017-09-16 16:02:40,157 - [webpage_parser.py:63] - INFO - procotol:http, hostname:www.renrenche.com, new_link:/km/
2017-09-16 16:02:40,158 - [webpage_parser.py:63] - INFO - procotol:https, hostname:www.booking.com, new_link:
/searchresults.html?city=-782831&

2017-09-16 16:02:40,158 - [universaldetector.py:280] - DEBUG - ISO-8859-5 Russian confidence = 0.0409355353725
2017-09-16 16:02:40,161 - [webpage_parser.py:63] - INFO - procotol:http, hostname:www.163.com, new_link:javascript:;
2017-09-16 16:02:40,162 - [webpage_parser.py:63] - INFO - procotol:http, hostname:www.renrenche.com, new_link:/liuzhou/
2017-09-16 16:02:40,163 - [webpage_parser.py:63] - INFO - procotol:https, hostname:www.booking.com, new_link:/searchresults.html?city=-782831&
2017-09-16 16:02:40,163 - [universaldetector.py:280] - DEBUG - MacCyrillic Russian confidence = 0.0451724657097
2017-09-16 16:02:40,163 - [webpage_parser.py:63] - INFO - procotol:http, hostname:www.163.com, new_link:javascript:;
2017-09-16 16:02:40,164 - [webpage_parser.py:63] - INFO - procotol:http, hostname:www.renrenche.com, new_link:/luoyang/
2017-09-16 16:02:40,164 - [webpage_parser.py:63] - INFO - procotol:https, hostname:www.booking.com, new_link:javascript:void(0);
2017-09-16 16:02:40,165 - [universaldetector.py:280] - DEBUG - IBM866 Russian confidence = 0.0411510927213
2017-09-16 16:02:40,165 - [webpage_parser.py:63] - INFO - procotol:http, hostname:www.163.com, new_link:javascript:;
2017-09-16 16:02:40,165 - [webpage_parser.py:63] - INFO - procotol:http, hostname:www.renrenche.com, new_link:/lz/
2017-09-16 16:02:40,166 - [webpage_parser.py:63] - INFO - procotol:https, hostname:www.booking.com, new_link:
/city/us/atlanta.html

2017-09-16 16:02:40,166 - [universaldetector.py:280] - DEBUG - IBM855 Russian confidence = 0.0422544085614
2017-09-16 16:02:40,166 - [webpage_parser.py:63] - INFO - procotol:http, hostname:www.163.com, new_link:javascript:;
2017-09-16 16:02:40,167 - [webpage_parser.py:63] - INFO - procotol:http, hostname:www.renrenche.com, new_link:/linyi/
2017-09-16 16:02:40,167 - [webpage_parser.py:63] - INFO - procotol:https, hostname:www.booking.com, new_link:
/city/us/atlanta.html
;a11y_index_more_dest_top_reasons_click=1
2017-09-16 16:02:40,168 - [universaldetector.py:280] - DEBUG - ISO-8859-7 Greek confidence = 0.0770511310019
2017-09-16 16:02:40,168 - [webpage_parser.py:63] - INFO - procotol:http, hostname:www.163.com, new_link:javascript:;
2017-09-16 16:02:40,168 - [webpage_parser.py:63] - INFO - procotol:http, hostname:www.renrenche.com, new_link:/my/
2017-09-16 16:02:40,169 - [webpage_parser.py:63] - INFO - procotol:https, hostname:www.booking.com, new_link:
/city/us/atlanta.html
;a11y_index_more_dest_top_reasons_click=1
2017-09-16 16:02:40,170 - [universaldetector.py:280] - DEBUG - windows-1253 Greek confidence = 0.0784966777615
2017-09-16 16:02:40,170 - [webpage_parser.py:63] - INFO - procotol:http, hostname:www.163.com, new_link:javascript:;
2017-09-16 16:02:40,171 - [webpage_parser.py:63] - INFO - procotol:http, hostname:www.renrenche.com, new_link:/nn/
2017-09-16 16:02:40,171 - [webpage_parser.py:63] - INFO - procotol:https, hostname:www.booking.com, new_link:/country/us.html
2017-09-16 16:02:40,172 - [universaldetector.py:280] - DEBUG - ISO-8859-5 Bulgairan confidence = 0.0394482916842
2017-09-16 16:02:40,172 - [webpage_parser.py:63] - INFO - procotol:http, hostname:www.163.com, new_link:javascript:;
2017-09-16 16:02:40,172 - [webpage_parser.py:63] - INFO - procotol:http, hostname:www.renrenche.com, new_link:/nc/
2017-09-16 16:02:40,173 - [webpage_parser.py:63] - INFO - procotol:https, hostname:www.booking.com, new_link:/apartments/city/us/atlanta.html
2017-09-16 16:02:40,173 - [universaldetector.py:280] - DEBUG - windows-1251 Bulgarian confidence = 0.0439528759335
2017-09-16 16:02:40,173 - [webpage_parser.py:63] - INFO - procotol:http, hostname:www.163.com, new_link:javascript:;
2017-09-16 16:02:40,174 - [webpage_parser.py:63] - INFO - procotol:http, hostname:www.renrenche.com, new_link:/ny/
2017-09-16 16:02:40,174 - [webpage_parser.py:63] - INFO - procotol:https, hostname:www.booking.com, new_link:/aparthotels/city/us/atlanta.html
2017-09-16 16:02:40,174 - [universaldetector.py:280] - DEBUG - TIS-620 Thai confidence = 0.0423123716377
2017-09-16 16:02:40,175 - [webpage_parser.py:63] - INFO - procotol:http, hostname:www.163.com, new_link:javascript:;
2017-09-16 16:02:40,175 - [webpage_parser.py:63] - INFO - procotol:http, hostname:www.renrenche.com, new_link:/nb/
2017-09-16 16:02:40,176 - [webpage_parser.py:63] - INFO - procotol:https, hostname:www.booking.com, new_link:/motels/city/us/atlanta.html
2017-09-16 16:02:40,176 - [universaldetector.py:280] - DEBUG - ISO-8859-9 Turkish confidence = 0.042801649353
2017-09-16 16:02:40,176 - [webpage_parser.py:63] - INFO - procotol:http, hostname:www.163.com, new_link:javascript:;
2017-09-16 16:02:40,177 - [webpage_parser.py:63] - INFO - procotol:http, hostname:www.renrenche.com, new_link:/nj/
2017-09-16 16:02:40,177 - [webpage_parser.py:63] - INFO - procotol:https, hostname:www.booking.com, new_link:/bed-and-breakfast/city/us/atlanta.html
2017-09-16 16:02:40,177 - [universaldetector.py:280] - DEBUG - windows-1255 Hebrew confidence = 0.0
2017-09-16 16:02:40,178 - [webpage_parser.py:63] - INFO - procotol:http, hostname:www.163.com, new_link:javascript:;
2017-09-16 16:02:40,178 - [webpage_parser.py:63] - INFO - procotol:http, hostname:www.renrenche.com, new_link:/nt/
2017-09-16 16:02:40,178 - [webpage_parser.py:63] - INFO - procotol:https, hostname:www.booking.com, new_link:/homestay/city/us/atlanta.html
2017-09-16 16:02:40,179 - [universaldetector.py:280] - DEBUG - windows-1255 Hebrew confidence = 0.0460957485202
2017-09-16 16:02:40,179 - [webpage_parser.py:63] - INFO - procotol:http, hostname:www.163.com, new_link:javascript:;
2017-09-16 16:02:40,179 - [webpage_parser.py:63] - INFO - procotol:http, hostname:www.renrenche.com, new_link:/qd/
2017-09-16 16:02:40,180 - [webpage_parser.py:63] - INFO - procotol:https, hostname:www.booking.com, new_link:
/city/us/atlanta.html
;a11y_index_more_dest_top_reasons_click=1;a11y_index_more_dest_link_click=1
2017-09-16 16:02:40,180 - [universaldetector.py:280] - DEBUG - windows-1255 Hebrew confidence = 0.046852940931
2017-09-16 16:02:40,181 - [webpage_parser.py:63] - INFO - procotol:http, hostname:www.163.com, new_link:javascript:;
2017-09-16 16:02:40,181 - [webpage_parser.py:63] - INFO - procotol:http, hostname:www.renrenche.com, new_link:/st/
2017-09-16 16:02:40,181 - [webpage_parser.py:63] - INFO - procotol:https, hostname:www.booking.com, new_link:
/city/us/los-angeles.html

2017-09-16 16:02:40,181 - [universaldetector.py:285] - DEBUG - windows-1255 Hebrew confidence = 0.046852940931
2017-09-16 16:02:40,182 - [webpage_parser.py:63] - INFO - procotol:http, hostname:www.163.com, new_link:javascript:;
2017-09-16 16:02:40,182 - [webpage_parser.py:63] - INFO - procotol:http, hostname:www.renrenche.com, new_link:/sz/
2017-09-16 16:02:40,182 - [webpage_parser.py:63] - INFO - procotol:https, hostname:www.booking.com, new_link:
/city/us/los-angeles.html
;a11y_index_more_dest_top_reasons_click=1
2017-09-16 16:02:40,185 - [webpage_parser.py:63] - INFO - procotol:http, hostname:www.163.com, new_link:javascript:;
2017-09-16 16:02:40,190 - [sjisprober.py:61] - DEBUG - SHIFT_JIS Japanese prober hit error at byte 16
2017-09-16 16:02:40,191 - [webpage_parser.py:63] - INFO - procotol:http, hostname:www.renrenche.com, new_link:/sjz/
2017-09-16 16:02:40,191 - [webpage_parser.py:63] - INFO - procotol:https, hostname:www.booking.com, new_link:
/city/us/los-angeles.html
;a11y_index_more_dest_top_reasons_click=1
2017-09-16 16:02:40,192 - [webpage_parser.py:63] - INFO - procotol:http, hostname:www.163.com, new_link:javascript:;
2017-09-16 16:02:40,202 - [eucjpprober.py:62] - DEBUG - EUC-JP Japanese prober hit error at byte 11
2017-09-16 16:02:40,203 - [webpage_parser.py:63] - INFO - procotol:http, hostname:www.renrenche.com, new_link:/sy/
2017-09-16 16:02:40,204 - [webpage_parser.py:63] - INFO - procotol:https, hostname:www.booking.com, new_link:/country/us.html
2017-09-16 16:02:40,204 - [webpage_parser.py:63] - INFO - procotol:http, hostname:www.163.com, new_link:javascript:;
2017-09-16 16:02:40,213 - [mbcharsetprober.py:66] - DEBUG - GB2312 Chinese prober hit error at byte 18
2017-09-16 16:02:40,213 - [webpage_parser.py:63] - INFO - procotol:http, hostname:www.renrenche.com, new_link:/sh/
2017-09-16 16:02:40,214 - [webpage_parser.py:63] - INFO - procotol:https, hostname:www.booking.com, new_link:/apartments/city/us/los-angeles.html
2017-09-16 16:02:40,214 - [webpage_parser.py:63] - INFO - procotol:http, hostname:www.163.com, new_link:javascript:;
2017-09-16 16:02:40,222 - [mbcharsetprober.py:66] - DEBUG - EUC-KR Korean prober hit error at byte 11
2017-09-16 16:02:40,223 - [connectionpool.py:395] - DEBUG - http://soft.hao123.com:80 "GET /?=shouye HTTP/1.1" 200 23871
2017-09-16 16:02:40,224 - [webpage_parser.py:63] - INFO - procotol:http, hostname:www.renrenche.com, new_link:/suz/
2017-09-16 16:02:40,224 - [webpage_parser.py:63] - INFO - procotol:https, hostname:www.booking.com, new_link:/villas/city/us/los-angeles.html
2017-09-16 16:02:40,225 - [webpage_parser.py:63] - INFO - procotol:http, hostname:www.163.com, new_link:javascript:;
2017-09-16 16:02:40,242 - [mbcharsetprober.py:66] - DEBUG - CP949 Korean prober hit error at byte 16
2017-09-16 16:02:40,246 - [webpage_parser.py:63] - INFO - procotol:http, hostname:www.renrenche.com, new_link:/tj/
2017-09-16 16:02:40,246 - [webpage_parser.py:63] - INFO - procotol:https, hostname:www.booking.com, new_link:/motels/city/us/los-angeles.html
2017-09-16 16:02:40,247 - [webpage_parser.py:63] - INFO - procotol:http, hostname:www.163.com, new_link:javascript:;
2017-09-16 16:02:40,262 - [mbcharsetprober.py:66] - DEBUG - Big5 Chinese prober hit error at byte 11
2017-09-16 16:02:40,262 - [webpage_parser.py:63] - INFO - procotol:http, hostname:www.renrenche.com, new_link:/ts/
2017-09-16 16:02:40,263 - [webpage_parser.py:63] - INFO - procotol:https, hostname:www.booking.com, new_link:/hostels/city/us/los-angeles.html
2017-09-16 16:02:40,264 - [webpage_parser.py:63] - INFO - procotol:http, hostname:www.163.com, new_link:javascript:;
2017-09-16 16:02:40,283 - [mbcharsetprober.py:66] - DEBUG - EUC-TW Taiwan prober hit error at byte 11
2017-09-16 16:02:40,284 - [webpage_parser.py:63] - INFO - procotol:http, hostname:www.renrenche.com, new_link:/ty/
2017-09-16 16:02:40,326 - [webpage_parser.py:63] - INFO - procotol:https, hostname:www.booking.com, new_link:/bed-and-breakfast/city/us/los-angeles.html
2017-09-16 16:02:40,327 - [webpage_parser.py:63] - INFO - procotol:http, hostname:www.163.com, new_link:javascript:;
2017-09-16 16:02:40,457 - [webpage_parser.py:63] - INFO - procotol:http, hostname:www.renrenche.com, new_link:/taizhou/
2017-09-16 16:02:40,458 - [webpage_parser.py:63] - INFO - procotol:https, hostname:www.booking.com, new_link:
/city/us/los-angeles.html
;a11y_index_more_dest_top_reasons_click=1;a11y_index_more_dest_link_click=1
2017-09-16 16:02:40,459 - [webpage_parser.py:63] - INFO - procotol:http, hostname:www.163.com, new_link:javascript:;
2017-09-16 16:02:40,475 - [webpage_parser.py:63] - INFO - procotol:http, hostname:www.renrenche.com, new_link:/wh/
2017-09-16 16:02:40,496 - [webpage_parser.py:63] - INFO - procotol:https, hostname:www.booking.com, new_link:
/city/us/san-diego.html

2017-09-16 16:02:40,498 - [webpage_parser.py:63] - INFO - procotol:http, hostname:www.163.com, new_link:javascript:;
2017-09-16 16:02:40,529 - [webpage_parser.py:63] - INFO - procotol:http, hostname:www.renrenche.com, new_link:/wulu/
2017-09-16 16:02:40,541 - [webpage_parser.py:63] - INFO - procotol:https, hostname:www.booking.com, new_link:
/city/us/san-diego.html
;a11y_index_more_dest_top_reasons_click=1
2017-09-16 16:02:40,572 - [webpage_parser.py:63] - INFO - procotol:http, hostname:www.163.com, new_link:javascript:;
2017-09-16 16:02:40,580 - [webpage_parser.py:63] - INFO - procotol:http, hostname:www.renrenche.com, new_link:/wf/
2017-09-16 16:02:40,598 - [webpage_parser.py:63] - INFO - procotol:https, hostname:www.booking.com, new_link:
/city/us/san-diego.html
;a11y_index_more_dest_top_reasons_click=1
2017-09-16 16:02:40,657 - [sjisprober.py:61] - DEBUG - SHIFT_JIS Japanese prober hit error at byte 252
2017-09-16 16:02:40,657 - [webpage_parser.py:63] - INFO - procotol:http, hostname:www.163.com, new_link:javascript:;
2017-09-16 16:02:40,670 - [webpage_parser.py:63] - INFO - procotol:http, hostname:www.renrenche.com, new_link:/wx/
2017-09-16 16:02:40,673 - [webpage_parser.py:63] - INFO - procotol:https, hostname:www.booking.com, new_link:/country/us.html
2017-09-16 16:02:40,692 - [eucjpprober.py:62] - DEBUG - EUC-JP Japanese prober hit error at byte 120
2017-09-16 16:02:40,692 - [webpage_parser.py:63] - INFO - procotol:http, hostname:www.163.com, new_link:javascript:;
2017-09-16 16:02:40,718 - [webpage_parser.py:63] - INFO - procotol:http, hostname:www.renrenche.com, new_link:/xm/
2017-09-16 16:02:40,722 - [webpage_parser.py:63] - INFO - procotol:https, hostname:www.booking.com, new_link:/apartments/city/us/san-diego.html
2017-09-16 16:02:40,731 - [mbcharsetprober.py:66] - DEBUG - GB2312 Chinese prober hit error at byte 197
2017-09-16 16:02:40,732 - [connectionpool.py:207] - DEBUG - Starting new HTTP connection (1): www.baidu.com
2017-09-16 16:02:40,733 - [webpage_parser.py:63] - INFO - procotol:http, hostname:www.163.com, new_link:javascript:;
2017-09-16 16:02:40,734 - [webpage_parser.py:63] - INFO - procotol:http, hostname:www.renrenche.com, new_link:/xc/
2017-09-16 16:02:40,744 - [webpage_parser.py:63] - INFO - procotol:https, hostname:www.booking.com, new_link:/motels/city/us/san-diego.html
2017-09-16 16:02:40,746 - [webpage_parser.py:63] - INFO - procotol:http, hostname:www.renrenche.com, new_link:/xx/
2017-09-16 16:02:40,748 - [webpage_parser.py:63] - INFO - procotol:http, hostname:www.163.com, new_link:javascript:;
2017-09-16 16:02:40,749 - [mbcharsetprober.py:66] - DEBUG - EUC-KR Korean prober hit error at byte 120
2017-09-16 16:02:40,754 - [webpage_parser.py:63] - INFO - procotol:https, hostname:www.booking.com, new_link:/villas/city/us/san-diego.html
2017-09-16 16:02:40,756 - [webpage_parser.py:63] - INFO - procotol:http, hostname:www.renrenche.com, new_link:/xy/
2017-09-16 16:02:40,762 - [webpage_parser.py:63] - INFO - procotol:http, hostname:www.163.com, new_link:javascript:;
2017-09-16 16:02:40,772 - [mbcharsetprober.py:66] - DEBUG - CP949 Korean prober hit error at byte 127
2017-09-16 16:02:40,774 - [webpage_parser.py:63] - INFO - procotol:http, hostname:www.renrenche.com, new_link:/xa/
2017-09-16 16:02:40,775 - [webpage_parser.py:63] - INFO - procotol:https, hostname:www.booking.com, new_link:/hostels/city/us/san-diego.html
2017-09-16 16:02:40,778 - [webpage_parser.py:63] - INFO - procotol:http, hostname:www.163.com, new_link:javascript:;
2017-09-16 16:02:40,791 - [mbcharsetprober.py:66] - DEBUG - Big5 Chinese prober hit error at byte 120
2017-09-16 16:02:40,794 - [webpage_parser.py:63] - INFO - procotol:http, hostname:www.renrenche.com, new_link:/xianyang/
2017-09-16 16:02:40,794 - [webpage_parser.py:63] - INFO - procotol:https, hostname:www.booking.com, new_link:/aparthotels/city/us/san-diego.html
2017-09-16 16:02:40,808 - [webpage_parser.py:63] - INFO - procotol:http, hostname:www.163.com, new_link:javascript:;
2017-09-16 16:02:40,809 - [connectionpool.py:395] - DEBUG - http://www.baidu.com:80 "GET /s?word=%E6%B1%AA%E5%B3%B0%E5%91%8A%E7%99%BD%E7%AB%A0%E5%AD%90%E6%80%A1&tn=sitehao123_10_pg&ie=utf-8 HTTP/1.1" 200 None
2017-09-16 16:02:40,812 - [webpage_parser.py:63] - INFO - procotol:http, hostname:www.renrenche.com, new_link:/xz/
2017-09-16 16:02:40,824 - [mbcharsetprober.py:66] - DEBUG - EUC-TW Taiwan prober hit error at byte 120
2017-09-16 16:02:40,837 - [webpage_parser.py:63] - INFO - procotol:http, hostname:www.163.com, new_link:javascript:;
2017-09-16 16:02:40,838 - [webpage_parser.py:63] - INFO - procotol:http, hostname:www.renrenche.com, new_link:/yancheng/
2017-09-16 16:02:40,851 - [webpage_parser.py:63] - INFO - procotol:https, hostname:www.booking.com, new_link:
/city/us/san-diego.html
;a11y_index_more_dest_top_reasons_click=1;a11y_index_more_dest_link_click=1
2017-09-16 16:02:40,874 - [webpage_parser.py:63] - INFO - procotol:http, hostname:www.163.com, new_link:javascript:;
2017-09-16 16:02:40,878 - [webpage_parser.py:63] - INFO - procotol:http, hostname:www.renrenche.com, new_link:/yt/
2017-09-16 16:02:40,879 - [webpage_parser.py:63] - INFO - procotol:https, hostname:www.booking.com, new_link:
/city/us/san-antonio.html

2017-09-16 16:02:40,880 - [webpage_parser.py:63] - INFO - procotol:http, hostname:www.163.com, new_link:javascript:;
2017-09-16 16:02:40,881 - [webpage_parser.py:63] - INFO - procotol:http, hostname:www.renrenche.com, new_link:/yz/
2017-09-16 16:02:40,882 - [webpage_parser.py:63] - INFO - procotol:https, hostname:www.booking.com, new_link:
/city/us/san-antonio.html
;a11y_index_more_dest_top_reasons_click=1
2017-09-16 16:02:40,883 - [webpage_parser.py:63] - INFO - procotol:http, hostname:www.163.com, new_link:javascript:;
2017-09-16 16:02:40,886 - [webpage_parser.py:63] - INFO - procotol:http, hostname:www.renrenche.com, new_link:/zh/
2017-09-16 16:02:40,889 - [webpage_parser.py:63] - INFO - procotol:http, hostname:www.163.com, new_link:javascript:;
2017-09-16 16:02:40,896 - [webpage_parser.py:63] - INFO - procotol:https, hostname:www.booking.com, new_link:
/city/us/san-antonio.html
;a11y_index_more_dest_top_reasons_click=1
2017-09-16 16:02:40,897 - [webpage_parser.py:63] - INFO - procotol:http, hostname:www.renrenche.com, new_link:/zq/
2017-09-16 16:02:40,898 - [webpage_parser.py:63] - INFO - procotol:http, hostname:www.163.com, new_link:javascript:;
2017-09-16 16:02:40,900 - [webpage_parser.py:63] - INFO - procotol:https, hostname:www.booking.com, new_link:/country/us.html
2017-09-16 16:02:40,901 - [webpage_parser.py:63] - INFO - procotol:http, hostname:www.renrenche.com, new_link:/zs/
2017-09-16 16:02:40,909 - [webpage_parser.py:63] - INFO - procotol:http, hostname:www.163.com, new_link:javascript:;
2017-09-16 16:02:40,911 - [webpage_parser.py:63] - INFO - procotol:https, hostname:www.booking.com, new_link:/motels/city/us/san-antonio.html
2017-09-16 16:02:40,919 - [webpage_parser.py:63] - INFO - procotol:http, hostname:www.renrenche.com, new_link:/zz/
2017-09-16 16:02:40,920 - [webpage_parser.py:63] - INFO - procotol:http, hostname:www.163.com, new_link:javascript:;
2017-09-16 16:02:40,923 - [webpage_parser.py:63] - INFO - procotol:https, hostname:www.booking.com, new_link:/apartments/city/us/san-antonio.html
2017-09-16 16:02:40,927 - [webpage_parser.py:63] - INFO - procotol:http, hostname:www.renrenche.com, new_link:/zj/
2017-09-16 16:02:40,929 - [webpage_parser.py:63] - INFO - procotol:http, hostname:www.163.com, new_link:javascript:;
2017-09-16 16:02:40,932 - [webpage_parser.py:63] - INFO - procotol:https, hostname:www.booking.com, new_link:/resorts/city/us/san-antonio.html
2017-09-16 16:02:40,933 - [webpage_parser.py:63] - INFO - procotol:http, hostname:www.renrenche.com, new_link:/bj/ershouche/
2017-09-16 16:02:40,937 - [webpage_parser.py:63] - INFO - procotol:http, hostname:www.163.com, new_link:javascript:;
2017-09-16 16:02:40,938 - [webpage_parser.py:63] - INFO - procotol:https, hostname:www.booking.com, new_link:/bed-and-breakfast/city/us/san-antonio.html
2017-09-16 16:02:40,941 - [webpage_parser.py:63] - INFO - procotol:http, hostname:www.163.com, new_link:javascript:;
2017-09-16 16:02:40,943 - [webpage_parser.py:63] - INFO - procotol:http, hostname:www.renrenche.com, new_link:/bj/sales
2017-09-16 16:02:40,945 - [webpage_parser.py:63] - INFO - procotol:https, hostname:www.booking.com, new_link:/aparthotels/city/us/san-antonio.html
2017-09-16 16:02:40,967 - [webpage_parser.py:63] - INFO - procotol:http, hostname:www.163.com, new_link:javascript:;
2017-09-16 16:02:40,972 - [webpage_parser.py:63] - INFO - procotol:http, hostname:www.renrenche.com, new_link:/bj/credit
2017-09-16 16:02:40,977 - [webpage_parser.py:63] - INFO - procotol:https, hostname:www.booking.com, new_link:
/city/us/san-antonio.html
;a11y_index_more_dest_top_reasons_click=1;a11y_index_more_dest_link_click=1
2017-09-16 16:02:40,979 - [webpage_parser.py:63] - INFO - procotol:http, hostname:www.163.com, new_link:javascript:;
2017-09-16 16:02:40,982 - [webpage_parser.py:63] - INFO - procotol:http, hostname:www.renrenche.com, new_link:/bj/service
2017-09-16 16:02:40,983 - [webpage_parser.py:63] - INFO - procotol:https, hostname:www.booking.com, new_link:
/city/us/chicago.html

2017-09-16 16:02:40,988 - [webpage_parser.py:63] - INFO - procotol:http, hostname:www.renrenche.com, new_link:/bj/
2017-09-16 16:02:40,991 - [webpage_parser.py:63] - INFO - procotol:https, hostname:www.booking.com, new_link:
/city/us/chicago.html
;a11y_index_more_dest_top_reasons_click=1
2017-09-16 16:02:40,992 - [webpage_parser.py:63] - INFO - procotol:http, hostname:www.renrenche.com, new_link:/bj/ershouche/
2017-09-16 16:02:40,984 - [webpage_parser.py:63] - INFO - procotol:http, hostname:www.163.com, new_link:javascript:;
2017-09-16 16:02:40,998 - [webpage_parser.py:63] - INFO - procotol:https, hostname:www.booking.com, new_link:
/city/us/chicago.html
;a11y_index_more_dest_top_reasons_click=1
2017-09-16 16:02:41,001 - [webpage_parser.py:63] - INFO - procotol:http, hostname:www.renrenche.com, new_link:/bj/dazhong/
2017-09-16 16:02:41,005 - [webpage_parser.py:63] - INFO - procotol:http, hostname:www.163.com, new_link:javascript:;
2017-09-16 16:02:41,006 - [webpage_parser.py:63] - INFO - procotol:https, hostname:www.booking.com, new_link:/country/us.html
2017-09-16 16:02:41,007 - [webpage_parser.py:63] - INFO - procotol:http, hostname:www.renrenche.com, new_link:/bj/aodi/
2017-09-16 16:02:41,007 - [webpage_parser.py:63] - INFO - procotol:http, hostname:www.163.com, new_link:javascript:;
2017-09-16 16:02:41,014 - [webpage_parser.py:63] - INFO - procotol:https, hostname:www.booking.com, new_link:/apartments/city/us/chicago.html
2017-09-16 16:02:41,035 - [webpage_parser.py:63] - INFO - procotol:http, hostname:www.renrenche.com, new_link:/bj/bieke/
2017-09-16 16:02:41,039 - [webpage_parser.py:63] - INFO - procotol:http, hostname:www.163.com, new_link:javascript:;
2017-09-16 16:02:41,039 - [webpage_parser.py:63] - INFO - procotol:https, hostname:www.booking.com, new_link:/aparthotels/city/us/chicago.html
2017-09-16 16:02:41,051 - [webpage_parser.py:63] - INFO - procotol:http, hostname:www.renrenche.com, new_link:/bj/baoma/
2017-09-16 16:02:41,084 - [webpage_parser.py:63] - INFO - procotol:https, hostname:www.booking.com, new_link:/bed-and-breakfast/city/us/chicago.html
2017-09-16 16:02:41,082 - [webpage_parser.py:63] - INFO - procotol:http, hostname:www.163.com, new_link:javascript:;
2017-09-16 16:02:41,088 - [webpage_parser.py:63] - INFO - procotol:http, hostname:www.renrenche.com, new_link:/bj/xiandai/
2017-09-16 16:02:41,090 - [webpage_parser.py:63] - INFO - procotol:https, hostname:www.booking.com, new_link:/hostels/city/us/chicago.html
2017-09-16 16:02:41,090 - [webpage_parser.py:63] - INFO - procotol:http, hostname:www.163.com, new_link:javascript:;
2017-09-16 16:02:41,092 - [webpage_parser.py:63] - INFO - procotol:http, hostname:www.renrenche.com, new_link:/bj/richan/
2017-09-16 16:02:41,094 - [webpage_parser.py:63] - INFO - procotol:https, hostname:www.booking.com, new_link:/motels/city/us/chicago.html
2017-09-16 16:02:41,101 - [webpage_parser.py:63] - INFO - procotol:http, hostname:www.163.com, new_link:javascript:;
2017-09-16 16:02:41,106 - [webpage_parser.py:63] - INFO - procotol:http, hostname:www.renrenche.com, new_link:/bj/benchi/
2017-09-16 16:02:41,109 - [webpage_parser.py:63] - INFO - procotol:https, hostname:www.booking.com, new_link:
/city/us/chicago.html
;a11y_index_more_dest_top_reasons_click=1;a11y_index_more_dest_link_click=1
2017-09-16 16:02:41,116 - [webpage_parser.py:63] - INFO - procotol:http, hostname:www.163.com, new_link:javascript:;
2017-09-16 16:02:41,120 - [webpage_parser.py:63] - INFO - procotol:http, hostname:www.renrenche.com, new_link:/bj/fengtian/
2017-09-16 16:02:41,122 - [webpage_parser.py:63] - INFO - procotol:https, hostname:www.booking.com, new_link:
/city/us/san-francisco.html

2017-09-16 16:02:41,123 - [webpage_parser.py:63] - INFO - procotol:http, hostname:www.163.com, new_link:javascript:;
2017-09-16 16:02:41,132 - [connectionpool.py:207] - DEBUG - Starting new HTTP connection (1): hot.ynet.com
2017-09-16 16:02:41,133 - [webpage_parser.py:63] - INFO - procotol:http, hostname:www.renrenche.com, new_link:/bj/bentian/
2017-09-16 16:02:41,135 - [webpage_parser.py:63] - INFO - procotol:http, hostname:www.163.com, new_link:javascript:;
2017-09-16 16:02:41,138 - [webpage_parser.py:63] - INFO - procotol:https, hostname:www.booking.com, new_link:
/city/us/san-francisco.html
;a11y_index_more_dest_top_reasons_click=1
2017-09-16 16:02:41,141 - [webpage_parser.py:63] - INFO - procotol:http, hostname:www.163.com, new_link:javascript:;
2017-09-16 16:02:41,142 - [webpage_parser.py:63] - INFO - procotol:https, hostname:www.booking.com, new_link:
/city/us/san-francisco.html
;a11y_index_more_dest_top_reasons_click=1
2017-09-16 16:02:41,144 - [webpage_parser.py:63] - INFO - procotol:http, hostname:www.163.com, new_link:javascript:;
2017-09-16 16:02:41,148 - [webpage_parser.py:63] - INFO - procotol:http, hostname:www.renrenche.com, new_link:/bj/fute/
2017-09-16 16:02:41,149 - [webpage_parser.py:63] - INFO - procotol:https, hostname:www.booking.com, new_link:/country/us.html
2017-09-16 16:02:41,149 - [webpage_parser.py:63] - INFO - procotol:http, hostname:www.163.com, new_link:javascript:;
2017-09-16 16:02:41,150 - [webpage_parser.py:63] - INFO - procotol:http, hostname:www.renrenche.com, new_link:/bj/xuefolan/
2017-09-16 16:02:41,152 - [webpage_parser.py:63] - INFO - procotol:http, hostname:www.163.com, new_link:javascript:;
2017-09-16 16:02:41,152 - [webpage_parser.py:63] - INFO - procotol:https, hostname:www.booking.com, new_link:/apartments/city/us/san-francisco.html
2017-09-16 16:02:41,155 - [webpage_parser.py:63] - INFO - procotol:http, hostname:www.renrenche.com, new_link:/bj/mazida/
2017-09-16 16:02:41,158 - [webpage_parser.py:63] - INFO - procotol:http, hostname:www.163.com, new_link:javascript:;
2017-09-16 16:02:41,163 - [webpage_parser.py:63] - INFO - procotol:https, hostname:www.booking.com, new_link:/motels/city/us/san-francisco.html
2017-09-16 16:02:41,164 - [webpage_parser.py:63] - INFO - procotol:http, hostname:www.renrenche.com, new_link:/bj/qirui/
2017-09-16 16:02:41,165 - [webpage_parser.py:63] - INFO - procotol:http, hostname:www.163.com, new_link:javascript:;
2017-09-16 16:02:41,167 - [webpage_crawler.py:74] - ERROR - Invalid url http://www.hao123.comjavascript:;
2017-09-16 16:02:41,170 - [sbcharsetprober.py:119] - DEBUG - ISO-8859-5 confidence = 0.000168156291377, below negative shortcut threshhold 0.05
2017-09-16 16:02:41,172 - [webpage_parser.py:63] - INFO - procotol:https, hostname:www.booking.com, new_link:/hostels/city/us/san-francisco.html
2017-09-16 16:02:41,173 - [webpage_parser.py:63] - INFO - procotol:http, hostname:www.renrenche.com, new_link:/bj/biaozhi/
2017-09-16 16:02:41,175 - [webpage_parser.py:63] - INFO - procotol:http, hostname:www.163.com, new_link:javascript:;
2017-09-16 16:02:41,175 - [webpage_crawler.py:115] - ERROR - crawl url http://www.hao123.comjavascript:; failed, status code 3
2017-09-16 16:02:41,202 - [webpage_parser.py:63] - INFO - procotol:https, hostname:www.booking.com, new_link:/bed-and-breakfast/city/us/san-francisco.html
2017-09-16 16:02:41,206 - [webpage_parser.py:63] - INFO - procotol:http, hostname:www.163.com, new_link:javascript:;
2017-09-16 16:02:41,210 - [webpage_parser.py:63] - INFO - procotol:https, hostname:www.booking.com, new_link:/inns/city/us/san-francisco.html
2017-09-16 16:02:41,210 - [webpage_parser.py:63] - INFO - procotol:http, hostname:www.163.com, new_link:javascript:;
2017-09-16 16:02:41,212 - [webpage_parser.py:63] - INFO - procotol:http, hostname:www.renrenche.com, new_link:/bj/qiya/
2017-09-16 16:02:41,221 - [webpage_parser.py:63] - INFO - procotol:https, hostname:www.booking.com, new_link:
/city/us/san-francisco.html
;a11y_index_more_dest_top_reasons_click=1;a11y_index_more_dest_link_click=1
2017-09-16 16:02:41,224 - [webpage_parser.py:63] - INFO - procotol:http, hostname:www.163.com, new_link:javascript:;
2017-09-16 16:02:41,225 - [webpage_parser.py:63] - INFO - procotol:http, hostname:www.renrenche.com, new_link:/bj/xuetielong/
2017-09-16 16:02:41,225 - [webpage_parser.py:63] - INFO - procotol:https, hostname:www.booking.com, new_link:/destination.html
2017-09-16 16:02:41,226 - [webpage_parser.py:63] - INFO - procotol:http, hostname:www.163.com, new_link:javascript:;
2017-09-16 16:02:41,227 - [webpage_parser.py:63] - INFO - procotol:http, hostname:www.renrenche.com, new_link:/bj/biyadi/
2017-09-16 16:02:41,232 - [webpage_parser.py:63] - INFO - procotol:https, hostname:www.booking.com, new_link:/reviews/au/hotel/oaks-goldsborough-apartments-darling-harbour.html
2017-09-16 16:02:41,233 - [webpage_parser.py:63] - INFO - procotol:http, hostname:www.renrenche.com, new_link:/bj/changan/
2017-09-16 16:02:41,234 - [webpage_parser.py:63] - INFO - procotol:http, hostname:www.163.com, new_link:javascript:;
2017-09-16 16:02:41,238 - [webpage_parser.py:63] - INFO - procotol:http, hostname:www.163.com, new_link:javascript:;
2017-09-16 16:02:41,244 - [sbcharsetprober.py:119] - DEBUG - MacCyrillic confidence = 0.0131940115945, below negative shortcut threshhold 0.05
2017-09-16 16:02:41,251 - [webpage_parser.py:63] - INFO - procotol:https, hostname:www.booking.com, new_link:/reviews/au/hotel/oaks-goldsborough-apartments-darling-harbour/review/82bf15e9f32d447f.html
2017-09-16 16:02:41,253 - [webpage_parser.py:63] - INFO - procotol:http, hostname:www.163.com, new_link:javascript:;
2017-09-16 16:02:41,248 - [webpage_parser.py:63] - INFO - procotol:http, hostname:www.renrenche.com, new_link:/bj/lingmu/
2017-09-16 16:02:41,270 - [webpage_parser.py:63] - INFO - procotol:https, hostname:www.booking.com, new_link:/reviews/gr/hotel/athens-acropolis-myrto.html
2017-09-16 16:02:41,274 - [webpage_parser.py:63] - INFO - procotol:http, hostname:www.163.com, new_link:javascript:;
2017-09-16 16:02:41,277 - [webpage_parser.py:63] - INFO - procotol:http, hostname:www.renrenche.com, new_link:/bj/ershouche/
2017-09-16 16:02:41,285 - [webpage_parser.py:63] - INFO - procotol:https, hostname:www.booking.com, new_link:/reviews/gr/hotel/athens-acropolis-myrto/review/6e26fe329aa42e4e.html
2017-09-16 16:02:41,291 - [webpage_parser.py:63] - INFO - procotol:http, hostname:www.163.com, new_link:javascript:;
2017-09-16 16:02:41,293 - [webpage_parser.py:63] - INFO - procotol:http, hostname:www.renrenche.com, new_link:javascript:void(0)
2017-09-16 16:02:41,293 - [webpage_parser.py:63] - INFO - procotol:https, hostname:www.booking.com, new_link:/reviews/us/hotel/best-western-plus-mountain-lodge-at-banner-elk.html
2017-09-16 16:02:41,303 - [webpage_parser.py:63] - INFO - procotol:http, hostname:www.163.com, new_link:javascript:;
2017-09-16 16:02:41,307 - [webpage_parser.py:63] - INFO - procotol:http, hostname:www.renrenche.com, new_link:/bj/aodi/
2017-09-16 16:02:41,309 - [webpage_parser.py:63] - INFO - procotol:https, hostname:www.booking.com, new_link:/reviews/us/hotel/best-western-plus-mountain-lodge-at-banner-elk/review/6c6749951d2cf69e.html
2017-09-16 16:02:41,322 - [webpage_parser.py:63] - INFO - procotol:http, hostname:www.163.com, new_link:javascript:;
2017-09-16 16:02:41,323 - [webpage_parser.py:63] - INFO - procotol:http, hostname:www.renrenche.com, new_link:/bj/asidunmading/
2017-09-16 16:02:41,326 - [webpage_parser.py:63] - INFO - procotol:https, hostname:www.booking.com, new_link:/reviews/pk/hotel/pearl-continental.html
2017-09-16 16:02:41,348 - [webpage_parser.py:63] - INFO - procotol:http, hostname:www.163.com, new_link:javascript:;
2017-09-16 16:02:41,402 - [webpage_parser.py:63] - INFO - procotol:http, hostname:www.renrenche.com, new_link:/bj/baojun/
2017-09-16 16:02:41,404 - [webpage_parser.py:63] - INFO - procotol:https, hostname:www.booking.com, new_link:/reviews/pk/hotel/pearl-continental/review/239dad1db71e9c85.html
2017-09-16 16:02:41,420 - [webpage_parser.py:63] - INFO - procotol:http, hostname:www.163.com, new_link:javascript:;
2017-09-16 16:02:41,443 - [webpage_parser.py:63] - INFO - procotol:http, hostname:www.renrenche.com, new_link:/bj/baoma/
2017-09-16 16:02:41,444 - [webpage_parser.py:63] - INFO - procotol:https, hostname:www.booking.com, new_link:/reviews/az/hotel/atfk-baku.html
2017-09-16 16:02:41,494 - [webpage_parser.py:63] - INFO - procotol:http, hostname:www.163.com, new_link:javascript:;
2017-09-16 16:02:41,570 - [webpage_parser.py:63] - INFO - procotol:http, hostname:www.renrenche.com, new_link:/bj/baoshijie/
2017-09-16 16:02:41,571 - [webpage_parser.py:63] - INFO - procotol:https, hostname:www.booking.com, new_link:/reviews/az/hotel/atfk-baku/review/ce6928aac3140608.html
2017-09-16 16:02:41,577 - [webpage_parser.py:63] - INFO - procotol:http, hostname:www.163.com, new_link:javascript:;
2017-09-16 16:02:41,586 - [webpage_parser.py:63] - INFO - procotol:http, hostname:www.baidu.com, new_link:/
2017-09-16 16:02:41,589 - [webpage_parser.py:63] - INFO - procotol:http, hostname:www.renrenche.com, new_link:/bj/baowo/
2017-09-16 16:02:41,591 - [webpage_parser.py:63] - INFO - procotol:https, hostname:www.booking.com, new_link:/reviews/hr/hotel/apartmani-jurakovic.html
2017-09-16 16:02:41,593 - [webpage_parser.py:63] - INFO - procotol:http, hostname:www.163.com, new_link:javascript:;
2017-09-16 16:02:41,595 - [webpage_parser.py:63] - INFO - procotol:http, hostname:www.baidu.com, new_link:javascript:;
2017-09-16 16:02:41,597 - [webpage_parser.py:63] - INFO - procotol:http, hostname:www.renrenche.com, new_link:/bj/beijing/
2017-09-16 16:02:41,598 - [webpage_parser.py:63] - INFO - procotol:https, hostname:www.booking.com, new_link:/reviews/hr/hotel/apartmani-jurakovic/review/9b8d507cf8118f96.html
2017-09-16 16:02:41,599 - [webpage_parser.py:63] - INFO - procotol:http, hostname:www.163.com, new_link:javascript:;
2017-09-16 16:02:41,600 - [webpage_parser.py:63] - INFO - procotol:http, hostname:www.baidu.com, new_link:javascript:;
2017-09-16 16:02:41,603 - [webpage_parser.py:63] - INFO - procotol:https, hostname:www.booking.com, new_link:/reviews/it/city/carmiano.html
2017-09-16 16:02:41,607 - [webpage_parser.py:63] - INFO - procotol:http, hostname:www.163.com, new_link:javascript:;
2017-09-16 16:02:41,605 - [webpage_parser.py:63] - INFO - procotol:http, hostname:www.renrenche.com, new_link:/bj/beiqishenbao/
2017-09-16 16:02:41,611 - [webpage_parser.py:63] - INFO - procotol:http, hostname:www.baidu.com, new_link:javascript:;
2017-09-16 16:02:41,611 - [webpage_parser.py:63] - INFO - procotol:https, hostname:www.booking.com, new_link:/reviews/hk/city/hong-kong.html
2017-09-16 16:02:41,616 - [webpage_parser.py:63] - INFO - procotol:http, hostname:www.163.com, new_link:javascript:;
2017-09-16 16:02:41,618 - [webpage_parser.py:63] - INFO - procotol:http, hostname:www.renrenche.com, new_link:/bj/beiqiweiwang/
2017-09-16 16:02:41,622 - [webpage_parser.py:63] - INFO - procotol:http, hostname:www.baidu.com, new_link:/
2017-09-16 16:02:41,624 - [webpage_parser.py:63] - INFO - procotol:https, hostname:www.booking.com, new_link:/reviews/de/city/munich.html
2017-09-16 16:02:41,633 - [webpage_parser.py:63] - INFO - procotol:http, hostname:www.renrenche.com, new_link:/bj/beiqixinnengyuan/
2017-09-16 16:02:41,634 - [webpage_parser.py:63] - INFO - procotol:http, hostname:www.163.com, new_link:javascript:;
2017-09-16 16:02:41,635 - [webpage_parser.py:63] - INFO - procotol:http, hostname:www.baidu.com, new_link:javascript:;
2017-09-16 16:02:41,639 - [webpage_parser.py:63] - INFO - procotol:http, hostname:www.renrenche.com, new_link:/bj/beiqizhizao/
2017-09-16 16:02:41,639 - [webpage_parser.py:63] - INFO - procotol:https, hostname:www.booking.com, new_link:/reviews/us/city/las-vegas.html
2017-09-16 16:02:41,644 - [webpage_parser.py:63] - INFO - procotol:http, hostname:www.163.com, new_link:javascript:;
2017-09-16 16:02:41,651 - [webpage_parser.py:63] - INFO - procotol:http, hostname:www.baidu.com, new_link:javascript:;
2017-09-16 16:02:41,655 - [webpage_parser.py:63] - INFO - procotol:http, hostname:www.renrenche.com, new_link:/bj/benchi/
2017-09-16 16:02:41,658 - [webpage_parser.py:63] - INFO - procotol:https, hostname:www.booking.com, new_link:/reviews/in/city/tirupati.html
2017-09-16 16:02:41,659 - [webpage_parser.py:63] - INFO - procotol:http, hostname:www.163.com, new_link:javascript:;
2017-09-16 16:02:41,670 - [webpage_parser.py:63] - INFO - procotol:http, hostname:www.baidu.com, new_link:/s?tn=sitehao123_10_pg&usm=2&wd=%E8%91%9B%E8%8D%9F%E5%A9%95&ie=utf-8&rsv_cq=%E6%B1%AA%E5%B3%B0%E5%91%8A%E7%99%BD%E7%AB%A0%E5%AD%90%E6%80%A1&rsv_dl=0_right_recommends_merge_21102&cq=%E6%B1%AA%E5%B3%B0%E5%91%8A%E7%99%BD%E7%AB%A0%E5%AD%90%E6%80%A1&srcid=28310&rt=%E4%B8%AD%E5%9B%BD%E8%89%BA%E4%BA%BA&recid=21102&euri=095f4773fc614833bbbe10d6db77aacb
2017-09-16 16:02:41,672 - [webpage_parser.py:63] - INFO - procotol:http, hostname:www.163.com, new_link:javascript:;
2017-09-16 16:02:41,680 - [webpage_parser.py:63] - INFO - procotol:https, hostname:www.booking.com, new_link:/reviews/fr/city/paris.html
2017-09-16 16:02:41,680 - [webpage_parser.py:63] - INFO - procotol:http, hostname:www.baidu.com, new_link:/s?tn=sitehao123_10_pg&usm=2&wd=%E8%91%9B%E8%8D%9F%E5%A9%95&ie=utf-8&rsv_cq=%E6%B1%AA%E5%B3%B0%E5%91%8A%E7%99%BD%E7%AB%A0%E5%AD%90%E6%80%A1&rsv_dl=0_right_recommends_merge_21102&cq=%E6%B1%AA%E5%B3%B0%E5%91%8A%E7%99%BD%E7%AB%A0%E5%AD%90%E6%80%A1&srcid=28310&rt=%E4%B8%AD%E5%9B%BD%E8%89%BA%E4%BA%BA&recid=21102&euri=095f4773fc614833bbbe10d6db77aacb
2017-09-16 16:02:41,686 - [webpage_parser.py:63] - INFO - procotol:http, hostname:www.163.com, new_link:javascript:;
2017-09-16 16:02:41,687 - [webpage_parser.py:63] - INFO - procotol:http, hostname:www.renrenche.com, new_link:/bj/benteng/
2017-09-16 16:02:41,690 - [webpage_parser.py:63] - INFO - procotol:https, hostname:www.booking.com, new_link:/reviews/us/city/san-diego.html
2017-09-16 16:02:41,693 - [webpage_parser.py:63] - INFO - procotol:http, hostname:www.baidu.com, new_link:/s?tn=sitehao123_10_pg&usm=2&wd=%E8%91%9B%E8%8D%9F%E5%A9%95&ie=utf-8&rsv_cq=%E6%B1%AA%E5%B3%B0%E5%91%8A%E7%99%BD%E7%AB%A0%E5%AD%90%E6%80%A1&rsv_dl=0_right_recommends_merge_21102&cq=%E6%B1%AA%E5%B3%B0%E5%91%8A%E7%99%BD%E7%AB%A0%E5%AD%90%E6%80%A1&srcid=28310&rt=%E4%B8%AD%E5%9B%BD%E8%89%BA%E4%BA%BA&recid=21102&euri=095f4773fc614833bbbe10d6db77aacb
2017-09-16 16:02:41,696 - [webpage_parser.py:63] - INFO - procotol:http, hostname:www.163.com, new_link:javascript:;
2017-09-16 16:02:41,697 - [webpage_parser.py:63] - INFO - procotol:http, hostname:www.renrenche.com, new_link:/bj/bentian/
2017-09-16 16:02:41,702 - [webpage_parser.py:63] - INFO - procotol:https, hostname:www.booking.com, new_link:/reviews/au/city/perth.html
2017-09-16 16:02:41,704 - [webpage_parser.py:63] - INFO - procotol:http, hostname:www.baidu.com, new_link:/s?tn=sitehao123_10_pg&usm=2&wd=%E8%8C%83%E5%86%B0%E5%86%B0&ie=utf-8&rsv_cq=%E6%B1%AA%E5%B3%B0%E5%91%8A%E7%99%BD%E7%AB%A0%E5%AD%90%E6%80%A1&rsv_dl=0_right_recommends_merge_21102&cq=%E6%B1%AA%E5%B3%B0%E5%91%8A%E7%99%BD%E7%AB%A0%E5%AD%90%E6%80%A1&srcid=28310&rt=%E4%B8%AD%E5%9B%BD%E8%89%BA%E4%BA%BA&recid=21102&euri=1ad53640a8574b03b4bbf2fe58223ed9
2017-09-16 16:02:41,707 - [webpage_parser.py:63] - INFO - procotol:http, hostname:www.renrenche.com, new_link:/bj/biaozhi/
2017-09-16 16:02:41,711 - [webpage_parser.py:63] - INFO - procotol:https, hostname:www.booking.com, new_link:/reviews/tr/city/istanbul.html
2017-09-16 16:02:41,712 - [webpage_parser.py:63] - INFO - procotol:http, hostname:www.163.com, new_link:javascript:;
2017-09-16 16:02:41,713 - [webpage_parser.py:63] - INFO - procotol:http, hostname:www.baidu.com, new_link:/s?tn=sitehao123_10_pg&usm=2&wd=%E8%8C%83%E5%86%B0%E5%86%B0&ie=utf-8&rsv_cq=%E6%B1%AA%E5%B3%B0%E5%91%8A%E7%99%BD%E7%AB%A0%E5%AD%90%E6%80%A1&rsv_dl=0_right_recommends_merge_21102&cq=%E6%B1%AA%E5%B3%B0%E5%91%8A%E7%99%BD%E7%AB%A0%E5%AD%90%E6%80%A1&srcid=28310&rt=%E4%B8%AD%E5%9B%BD%E8%89%BA%E4%BA%BA&recid=21102&euri=1ad53640a8574b03b4bbf2fe58223ed9
2017-09-16 16:02:41,715 - [webpage_parser.py:63] - INFO - procotol:http, hostname:www.renrenche.com, new_link:/bj/bieke/
2017-09-16 16:02:41,719 - [connectionpool.py:395] - DEBUG - http://hot.ynet.com:80 "GET /2017/09/16/482182t1593.html HTTP/1.1" 200 None
2017-09-16 16:02:41,731 - [webpage_parser.py:63] - INFO - procotol:https, hostname:www.booking.com, new_link:/reviews/es/city/cambrils.html
2017-09-16 16:02:41,734 - [webpage_parser.py:63] - INFO - procotol:http, hostname:www.163.com, new_link:javascript:;
2017-09-16 16:02:41,738 - [webpage_parser.py:63] - INFO - procotol:http, hostname:www.baidu.com, new_link:/s?tn=sitehao123_10_pg&usm=2&wd=%E8%8C%83%E5%86%B0%E5%86%B0&ie=utf-8&rsv_cq=%E6%B1%AA%E5%B3%B0%E5%91%8A%E7%99%BD%E7%AB%A0%E5%AD%90%E6%80%A1&rsv_dl=0_right_recommends_merge_21102&cq=%E6%B1%AA%E5%B3%B0%E5%91%8A%E7%99%BD%E7%AB%A0%E5%AD%90%E6%80%A1&srcid=28310&rt=%E4%B8%AD%E5%9B%BD%E8%89%BA%E4%BA%BA&recid=21102&euri=1ad53640a8574b03b4bbf2fe58223ed9
2017-09-16 16:02:41,764 - [webpage_parser.py:63] - INFO - procotol:http, hostname:www.163.com, new_link:javascript:;
2017-09-16 16:02:41,765 - [webpage_parser.py:63] - INFO - procotol:http, hostname:www.baidu.com, new_link:/s?tn=sitehao123_10_pg&usm=2&wd=%E9%82%A3%E8%8B%B1&ie=utf-8&rsv_cq=%E6%B1%AA%E5%B3%B0%E5%91%8A%E7%99%BD%E7%AB%A0%E5%AD%90%E6%80%A1&rsv_dl=0_right_recommends_merge_21102&cq=%E6%B1%AA%E5%B3%B0%E5%91%8A%E7%99%BD%E7%AB%A0%E5%AD%90%E6%80%A1&srcid=28310&rt=%E4%B8%AD%E5%9B%BD%E8%89%BA%E4%BA%BA&recid=21102&euri=33a454e03ac04ee1b8ecae634d1919de
2017-09-16 16:02:41,765 - [webpage_parser.py:63] - INFO - procotol:http, hostname:www.renrenche.com, new_link:/bj/binli/
2017-09-16 16:02:41,770 - [webpage_parser.py:63] - INFO - procotol:https, hostname:www.booking.com, new_link:/reviews/gb/city/london.html
2017-09-16 16:02:41,772 - [webpage_parser.py:63] - INFO - procotol:http, hostname:www.baidu.com, new_link:/s?tn=sitehao123_10_pg&usm=2&wd=%E9%82%A3%E8%8B%B1&ie=utf-8&rsv_cq=%E6%B1%AA%E5%B3%B0%E5%91%8A%E7%99%BD%E7%AB%A0%E5%AD%90%E6%80%A1&rsv_dl=0_right_recommends_merge_21102&cq=%E6%B1%AA%E5%B3%B0%E5%91%8A%E7%99%BD%E7%AB%A0%E5%AD%90%E6%80%A1&srcid=28310&rt=%E4%B8%AD%E5%9B%BD%E8%89%BA%E4%BA%BA&recid=21102&euri=33a454e03ac04ee1b8ecae634d1919de
2017-09-16 16:02:41,781 - [webpage_parser.py:63] - INFO - procotol:http, hostname:www.renrenche.com, new_link:/bj/biyadi/
2017-09-16 16:02:41,781 - [webpage_parser.py:63] - INFO - procotol:http, hostname:www.163.com, new_link:javascript:;
2017-09-16 16:02:41,782 - [webpage_parser.py:63] - INFO - procotol:https, hostname:www.booking.com, new_link:/reviews/br/city/rio-de-janeiro.html
2017-09-16 16:02:41,783 - [webpage_parser.py:63] - INFO - procotol:http, hostname:www.baidu.com, new_link:/s?tn=sitehao123_10_pg&usm=2&wd=%E9%82%A3%E8%8B%B1&ie=utf-8&rsv_cq=%E6%B1%AA%E5%B3%B0%E5%91%8A%E7%99%BD%E7%AB%A0%E5%AD%90%E6%80%A1&rsv_dl=0_right_recommends_merge_21102&cq=%E6%B1%AA%E5%B3%B0%E5%91%8A%E7%99%BD%E7%AB%A0%E5%AD%90%E6%80%A1&srcid=28310&rt=%E4%B8%AD%E5%9B%BD%E8%89%BA%E4%BA%BA&recid=21102&euri=33a454e03ac04ee1b8ecae634d1919de
2017-09-16 16:02:41,816 - [webpage_parser.py:63] - INFO - procotol:http, hostname:www.renrenche.com, new_link:/bj/changan/
2017-09-16 16:02:41,823 - [webpage_parser.py:63] - INFO - procotol:http, hostname:www.163.com, new_link:javascript:;
2017-09-16 16:02:41,838 - [webpage_parser.py:63] - INFO - procotol:https, hostname:www.booking.com, new_link:/reviews/my/city/kuala-lumpur.html
2017-09-16 16:02:41,911 - [webpage_parser.py:63] - INFO - procotol:http, hostname:www.baidu.com, new_link:/s?tn=sitehao123_10_pg&usm=2&wd=%E8%BF%AA%E4%B8%BD%E7%83%AD%E5%B7%B4&ie=utf-8&rsv_cq=%E6%B1%AA%E5%B3%B0%E5%91%8A%E7%99%BD%E7%AB%A0%E5%AD%90%E6%80%A1&rsv_dl=0_right_recommends_merge_21102&cq=%E6%B1%AA%E5%B3%B0%E5%91%8A%E7%99%BD%E7%AB%A0%E5%AD%90%E6%80%A1&srcid=28310&rt=%E4%B8%AD%E5%9B%BD%E8%89%BA%E4%BA%BA&recid=21102&euri=3850a08a43f54c3ebaefe6d12fff1124
2017-09-16 16:02:41,923 - [webpage_parser.py:63] - INFO - procotol:http, hostname:hot.ynet.com, new_link:mailto:jubao@ynet.com
2017-09-16 16:02:41,931 - [webpage_parser.py:63] - INFO - procotol:http, hostname:www.renrenche.com, new_link:/bj/changanshangyong/
2017-09-16 16:02:41,935 - [webpage_parser.py:63] - INFO - procotol:http, hostname:www.163.com, new_link:javascript:;
2017-09-16 16:02:41,939 - [webpage_parser.py:63] - INFO - procotol:https, hostname:www.booking.com, new_link:/reviews/th/city/chom-thong.html
2017-09-16 16:02:41,941 - [webpage_parser.py:63] - INFO - procotol:http, hostname:www.baidu.com, new_link:/s?tn=sitehao123_10_pg&usm=2&wd=%E8%BF%AA%E4%B8%BD%E7%83%AD%E5%B7%B4&ie=utf-8&rsv_cq=%E6%B1%AA%E5%B3%B0%E5%91%8A%E7%99%BD%E7%AB%A0%E5%AD%90%E6%80%A1&rsv_dl=0_right_recommends_merge_21102&cq=%E6%B1%AA%E5%B3%B0%E5%91%8A%E7%99%BD%E7%AB%A0%E5%AD%90%E6%80%A1&srcid=28310&rt=%E4%B8%AD%E5%9B%BD%E8%89%BA%E4%BA%BA&recid=21102&euri=3850a08a43f54c3ebaefe6d12fff1124
2017-09-16 16:02:41,946 - [webpage_parser.py:63] - INFO - procotol:http, hostname:www.renrenche.com, new_link:/bj/changcheng/
2017-09-16 16:02:41,953 - [webpage_parser.py:63] - INFO - procotol:http, hostname:www.163.com, new_link:javascript:;
2017-09-16 16:02:41,955 - [webpage_parser.py:63] - INFO - procotol:https, hostname:www.booking.com, new_link:/reviews/us/city/miami.html
2017-09-16 16:02:41,956 - [webpage_parser.py:63] - INFO - procotol:http, hostname:www.baidu.com, new_link:/s?tn=sitehao123_10_pg&usm=2&wd=%E8%BF%AA%E4%B8%BD%E7%83%AD%E5%B7%B4&ie=utf-8&rsv_cq=%E6%B1%AA%E5%B3%B0%E5%91%8A%E7%99%BD%E7%AB%A0%E5%AD%90%E6%80%A1&rsv_dl=0_right_recommends_merge_21102&cq=%E6%B1%AA%E5%B3%B0%E5%91%8A%E7%99%BD%E7%AB%A0%E5%AD%90%E6%80%A1&srcid=28310&rt=%E4%B8%AD%E5%9B%BD%E8%89%BA%E4%BA%BA&recid=21102&euri=3850a08a43f54c3ebaefe6d12fff1124
2017-09-16 16:02:41,957 - [webpage_parser.py:63] - INFO - procotol:http, hostname:www.renrenche.com, new_link:/bj/DS/
2017-09-16 16:02:41,958 - [webpage_parser.py:63] - INFO - procotol:http, hostname:www.163.com, new_link:javascript:;
2017-09-16 16:02:41,959 - [webpage_parser.py:63] - INFO - procotol:https, hostname:www.booking.com, new_link:/reviews/tw/city/t-ai-pei.html
2017-09-16 16:02:41,960 - [webpage_parser.py:63] - INFO - procotol:http, hostname:www.baidu.com, new_link:/s?tn=sitehao123_10_pg&usm=2&wd=%E8%B5%B5%E4%B8%BD%E9%A2%96&ie=utf-8&rsv_cq=%E6%B1%AA%E5%B3%B0%E5%91%8A%E7%99%BD%E7%AB%A0%E5%AD%90%E6%80%A1&rsv_dl=0_right_recommends_merge_21102&cq=%E6%B1%AA%E5%B3%B0%E5%91%8A%E7%99%BD%E7%AB%A0%E5%AD%90%E6%80%A1&srcid=28310&rt=%E4%B8%AD%E5%9B%BD%E8%89%BA%E4%BA%BA&recid=21102&euri=b93aaadfee204c94b0a9d88dd54354cf
2017-09-16 16:02:41,965 - [webpage_parser.py:63] - INFO - procotol:http, hostname:www.163.com, new_link:javascript:;
2017-09-16 16:02:41,966 - [webpage_parser.py:63] - INFO - procotol:http, hostname:www.renrenche.com, new_link:/bj/daoqi/
2017-09-16 16:02:41,968 - [webpage_parser.py:63] - INFO - procotol:https, hostname:www.booking.com, new_link:/reviews/th/city/ban-patong.html
2017-09-16 16:02:41,969 - [webpage_parser.py:63] - INFO - procotol:http, hostname:www.baidu.com, new_link:/s?tn=sitehao123_10_pg&usm=2&wd=%E8%B5%B5%E4%B8%BD%E9%A2%96&ie=utf-8&rsv_cq=%E6%B1%AA%E5%B3%B0%E5%91%8A%E7%99%BD%E7%AB%A0%E5%AD%90%E6%80%A1&rsv_dl=0_right_recommends_merge_21102&cq=%E6%B1%AA%E5%B3%B0%E5%91%8A%E7%99%BD%E7%AB%A0%E5%AD%90%E6%80%A1&srcid=28310&rt=%E4%B8%AD%E5%9B%BD%E8%89%BA%E4%BA%BA&recid=21102&euri=b93aaadfee204c94b0a9d88dd54354cf
2017-09-16 16:02:41,973 - [webpage_parser.py:63] - INFO - procotol:http, hostname:www.163.com, new_link:javascript:;
2017-09-16 16:02:41,980 - [sbcharsetprober.py:119] - DEBUG - IBM855 confidence = 0.0407244769514, below negative shortcut threshhold 0.05
2017-09-16 16:02:41,981 - [webpage_parser.py:63] - INFO - procotol:http, hostname:www.baidu.com, new_link:/s?tn=sitehao123_10_pg&usm=2&wd=%E8%B5%B5%E4%B8%BD%E9%A2%96&ie=utf-8&rsv_cq=%E6%B1%AA%E5%B3%B0%E5%91%8A%E7%99%BD%E7%AB%A0%E5%AD%90%E6%80%A1&rsv_dl=0_right_recommends_merge_21102&cq=%E6%B1%AA%E5%B3%B0%E5%91%8A%E7%99%BD%E7%AB%A0%E5%AD%90%E6%80%A1&srcid=28310&rt=%E4%B8%AD%E5%9B%BD%E8%89%BA%E4%BA%BA&recid=21102&euri=b93aaadfee204c94b0a9d88dd54354cf
2017-09-16 16:02:41,982 - [webpage_parser.py:63] - INFO - procotol:https, hostname:www.booking.com, new_link:/reviews/eg/city/sherm-el-sheikh.html
2017-09-16 16:02:41,982 - [webpage_parser.py:63] - INFO - procotol:http, hostname:www.renrenche.com, new_link:/bj/dazhong/
2017-09-16 16:02:41,996 - [webpage_parser.py:63] - INFO - procotol:http, hostname:www.163.com, new_link:javascript:;
2017-09-16 16:02:42,024 - [webpage_parser.py:63] - INFO - procotol:http, hostname:www.baidu.com, new_link:/s?tn=sitehao123_10_pg&usm=2&wd=%E5%91%A8%E6%9D%B0%E4%BC%A6&ie=utf-8&rsv_cq=%E6%B1%AA%E5%B3%B0%E5%91%8A%E7%99%BD%E7%AB%A0%E5%AD%90%E6%80%A1&rsv_dl=0_right_recommends_merge_21102&cq=%E6%B1%AA%E5%B3%B0%E5%91%8A%E7%99%BD%E7%AB%A0%E5%AD%90%E6%80%A1&srcid=28310&rt=%E4%B8%AD%E5%9B%BD%E8%89%BA%E4%BA%BA&recid=21102&euri=bcae2eafd8324bf38602e280dd534bc8
2017-09-16 16:02:42,027 - [webpage_parser.py:63] - INFO - procotol:http, hostname:www.163.com, new_link:javascript:;
2017-09-16 16:02:42,026 - [webpage_parser.py:63] - INFO - procotol:https, hostname:www.booking.com, new_link:/reviews/cn/city/beijing.html
2017-09-16 16:02:42,028 - [webpage_parser.py:63] - INFO - procotol:http, hostname:www.renrenche.com, new_link:/bj/dongfeng/
2017-09-16 16:02:42,030 - [webpage_parser.py:63] - INFO - procotol:http, hostname:www.baidu.com, new_link:/s?tn=sitehao123_10_pg&usm=2&wd=%E5%91%A8%E6%9D%B0%E4%BC%A6&ie=utf-8&rsv_cq=%E6%B1%AA%E5%B3%B0%E5%91%8A%E7%99%BD%E7%AB%A0%E5%AD%90%E6%80%A1&rsv_dl=0_right_recommends_merge_21102&cq=%E6%B1%AA%E5%B3%B0%E5%91%8A%E7%99%BD%E7%AB%A0%E5%AD%90%E6%80%A1&srcid=28310&rt=%E4%B8%AD%E5%9B%BD%E8%89%BA%E4%BA%BA&recid=21102&euri=bcae2eafd8324bf38602e280dd534bc8
2017-09-16 16:02:42,034 - [webpage_parser.py:63] - INFO - procotol:http, hostname:www.163.com, new_link:javascript:;
2017-09-16 16:02:42,035 - [webpage_parser.py:63] - INFO - procotol:https, hostname:www.booking.com, new_link:/reviews/us/city/los-angeles.html
2017-09-16 16:02:42,075 - [webpage_parser.py:63] - INFO - procotol:http, hostname:www.baidu.com, new_link:/s?tn=sitehao123_10_pg&usm=2&wd=%E5%91%A8%E6%9D%B0%E4%BC%A6&ie=utf-8&rsv_cq=%E6%B1%AA%E5%B3%B0%E5%91%8A%E7%99%BD%E7%AB%A0%E5%AD%90%E6%80%A1&rsv_dl=0_right_recommends_merge_21102&cq=%E6%B1%AA%E5%B3%B0%E5%91%8A%E7%99%BD%E7%AB%A0%E5%AD%90%E6%80%A1&srcid=28310&rt=%E4%B8%AD%E5%9B%BD%E8%89%BA%E4%BA%BA&recid=21102&euri=bcae2eafd8324bf38602e280dd534bc8
2017-09-16 16:02:42,081 - [webpage_parser.py:63] - INFO - procotol:http, hostname:www.163.com, new_link:javascript:;
2017-09-16 16:02:42,085 - [webpage_parser.py:63] - INFO - procotol:http, hostname:www.renrenche.com, new_link:/bj/dongnan/
2017-09-16 16:02:42,089 - [webpage_parser.py:63] - INFO - procotol:https, hostname:www.booking.com, new_link:/reviews/de/city/berlin.html
2017-09-16 16:02:42,090 - [webpage_parser.py:63] - INFO - procotol:http, hostname:www.baidu.com, new_link:/s?tn=sitehao123_10_pg&usm=2&wd=%E6%9D%A8%E5%9D%A4&ie=utf-8&rsv_cq=%E6%B1%AA%E5%B3%B0%E5%91%8A%E7%99%BD%E7%AB%A0%E5%AD%90%E6%80%A1&rsv_dl=0_right_recommends_merge_21102&cq=%E6%B1%AA%E5%B3%B0%E5%91%8A%E7%99%BD%E7%AB%A0%E5%AD%90%E6%80%A1&srcid=28310&rt=%E4%B8%AD%E5%9B%BD%E8%89%BA%E4%BA%BA&recid=21102&euri=cf294378db86460d898d12aa0c62119c
2017-09-16 16:02:42,100 - [webpage_parser.py:63] - INFO - procotol:http, hostname:www.163.com, new_link:javascript:;
2017-09-16 16:02:42,140 - [webpage_parser.py:63] - INFO - procotol:http, hostname:www.renrenche.com, new_link:/bj/feiyate/
2017-09-16 16:02:42,142 - [webpage_parser.py:63] - INFO - procotol:https, hostname:www.booking.com, new_link:/reviews/th/city/ko-chang-th.html
2017-09-16 16:02:42,143 - [webpage_parser.py:63] - INFO - procotol:http, hostname:www.baidu.com, new_link:/s?tn=sitehao123_10_pg&usm=2&wd=%E6%9D%A8%E5%9D%A4&ie=utf-8&rsv_cq=%E6%B1%AA%E5%B3%B0%E5%91%8A%E7%99%BD%E7%AB%A0%E5%AD%90%E6%80%A1&rsv_dl=0_right_recommends_merge_21102&cq=%E6%B1%AA%E5%B3%B0%E5%91%8A%E7%99%BD%E7%AB%A0%E5%AD%90%E6%80%A1&srcid=28310&rt=%E4%B8%AD%E5%9B%BD%E8%89%BA%E4%BA%BA&recid=21102&euri=cf294378db86460d898d12aa0c62119c
2017-09-16 16:02:42,150 - [webpage_parser.py:63] - INFO - procotol:http, hostname:www.renrenche.com, new_link:/bj/fengtian/
2017-09-16 16:02:42,155 - [webpage_parser.py:63] - INFO - procotol:http, hostname:www.163.com, new_link:javascript:;
2017-09-16 16:02:42,151 - [webpage_parser.py:63] - INFO - procotol:https, hostname:www.booking.com, new_link:/reviews/no/city/oslo.html
2017-09-16 16:02:42,181 - [webpage_parser.py:63] - INFO - procotol:http, hostname:www.baidu.com, new_link:/s?tn=sitehao123_10_pg&usm=2&wd=%E6%9D%A8%E5%9D%A4&ie=utf-8&rsv_cq=%E6%B1%AA%E5%B3%B0%E5%91%8A%E7%99%BD%E7%AB%A0%E5%AD%90%E6%80%A1&rsv_dl=0_right_recommends_merge_21102&cq=%E6%B1%AA%E5%B3%B0%E5%91%8A%E7%99%BD%E7%AB%A0%E5%AD%90%E6%80%A1&srcid=28310&rt=%E4%B8%AD%E5%9B%BD%E8%89%BA%E4%BA%BA&recid=21102&euri=cf294378db86460d898d12aa0c62119c
2017-09-16 16:02:42,182 - [webpage_parser.py:63] - INFO - procotol:http, hostname:www.renrenche.com, new_link:/bj/fute/
2017-09-16 16:02:42,186 - [webpage_parser.py:63] - INFO - procotol:https, hostname:www.booking.com, new_link:/reviews/it/city/carmiano.html
2017-09-16 16:02:42,187 - [webpage_parser.py:63] - INFO - procotol:http, hostname:www.163.com, new_link:javascript:;
2017-09-16 16:02:42,190 - [webpage_parser.py:63] - INFO - procotol:http, hostname:www.baidu.com, new_link:/s?tn=sitehao123_10_pg&usm=2&wd=%E5%90%B4%E8%8E%AB%E6%84%81&ie=utf-8&rsv_cq=%E6%B1%AA%E5%B3%B0%E5%91%8A%E7%99%BD%E7%AB%A0%E5%AD%90%E6%80%A1&rsv_dl=0_right_recommends_merge_21102&cq=%E6%B1%AA%E5%B3%B0%E5%91%8A%E7%99%BD%E7%AB%A0%E5%AD%90%E6%80%A1&srcid=28310&rt=%E4%B8%AD%E5%9B%BD%E8%89%BA%E4%BA%BA&recid=21102&euri=2deab169b7554f8d9112113b7cf3afca
2017-09-16 16:02:42,191 - [webpage_parser.py:63] - INFO - procotol:http, hostname:www.renrenche.com, new_link:/bj/futian/
2017-09-16 16:02:42,193 - [webpage_parser.py:63] - INFO - procotol:https, hostname:www.booking.com, new_link:/reviews/hk/city/bbs-inns/hong-kong.html
2017-09-16 16:02:42,197 - [webpage_parser.py:63] - INFO - procotol:http, hostname:www.163.com, new_link:javascript:;
2017-09-16 16:02:42,197 - [webpage_parser.py:63] - INFO - procotol:http, hostname:www.baidu.com, new_link:/s?tn=sitehao123_10_pg&usm=2&wd=%E5%90%B4%E8%8E%AB%E6%84%81&ie=utf-8&rsv_cq=%E6%B1%AA%E5%B3%B0%E5%91%8A%E7%99%BD%E7%AB%A0%E5%AD%90%E6%80%A1&rsv_dl=0_right_recommends_merge_21102&cq=%E6%B1%AA%E5%B3%B0%E5%91%8A%E7%99%BD%E7%AB%A0%E5%AD%90%E6%80%A1&srcid=28310&rt=%E4%B8%AD%E5%9B%BD%E8%89%BA%E4%BA%BA&recid=21102&euri=2deab169b7554f8d9112113b7cf3afca
2017-09-16 16:02:42,199 - [webpage_parser.py:63] - INFO - procotol:http, hostname:www.renrenche.com, new_link:/bj/GMC/
2017-09-16 16:02:42,201 - [webpage_parser.py:63] - INFO - procotol:https, hostname:www.booking.com, new_link:/reviews/de/city/bbs-inns/munich.html
2017-09-16 16:02:42,203 - [webpage_parser.py:63] - INFO - procotol:http, hostname:www.163.com, new_link:javascript:;
2017-09-16 16:02:42,207 - [webpage_parser.py:63] - INFO - procotol:http, hostname:www.baidu.com, new_link:/s?tn=sitehao123_10_pg&usm=2&wd=%E5%90%B4%E8%8E%AB%E6%84%81&ie=utf-8&rsv_cq=%E6%B1%AA%E5%B3%B0%E5%91%8A%E7%99%BD%E7%AB%A0%E5%AD%90%E6%80%A1&rsv_dl=0_right_recommends_merge_21102&cq=%E6%B1%AA%E5%B3%B0%E5%91%8A%E7%99%BD%E7%AB%A0%E5%AD%90%E6%80%A1&srcid=28310&rt=%E4%B8%AD%E5%9B%BD%E8%89%BA%E4%BA%BA&recid=21102&euri=2deab169b7554f8d9112113b7cf3afca
2017-09-16 16:02:42,210 - [webpage_parser.py:63] - INFO - procotol:http, hostname:www.renrenche.com, new_link:/bj/guangqichuanqi/
2017-09-16 16:02:42,211 - [webpage_parser.py:63] - INFO - procotol:https, hostname:www.booking.com, new_link:/reviews/us/city/bbs-inns/las-vegas.html
2017-09-16 16:02:42,238 - [webpage_parser.py:63] - INFO - procotol:https, hostname:www.booking.com, new_link:/reviews/in/city/tirupati.html
2017-09-16 16:02:42,239 - [webpage_parser.py:63] - INFO - procotol:https, hostname:www.booking.com, new_link:/reviews/fr/city/bbs-inns/paris.html
2017-09-16 16:02:42,223 - [sbcharsetprober.py:119] - DEBUG - windows-1251 confidence = 0.0454311166085, below negative shortcut threshhold 0.05
2017-09-16 16:02:42,231 - [webpage_parser.py:63] - INFO - procotol:http, hostname:www.baidu.com, new_link:/s?tn=sitehao123_10_pg&usm=2&wd=%E6%9D%A8%E9%92%B0%E8%8E%B9&ie=utf-8&rsv_cq=%E6%B1%AA%E5%B3%B0%E5%91%8A%E7%99%BD%E7%AB%A0%E5%AD%90%E6%80%A1&rsv_dl=0_right_recommends_merge_21102&cq=%E6%B1%AA%E5%B3%B0%E5%91%8A%E7%99%BD%E7%AB%A0%E5%AD%90%E6%80%A1&srcid=28310&rt=%E4%B8%AD%E5%9B%BD%E8%89%BA%E4%BA%BA&recid=21102&euri=b76ea0f56be8453da4c6488bb365afbc
2017-09-16 16:02:42,234 - [webpage_parser.py:63] - INFO - procotol:http, hostname:www.renrenche.com, new_link:/bj/guanzhi/
2017-09-16 16:02:42,218 - [connectionpool.py:207] - DEBUG - Starting new HTTP connection (1): go.hao123.com
2017-09-16 16:02:42,222 - [webpage_parser.py:63] - INFO - procotol:http, hostname:www.163.com, new_link:javascript:;
2017-09-16 16:02:42,244 - [webpage_parser.py:63] - INFO - procotol:https, hostname:www.booking.com, new_link:/reviews/us/city/bbs-inns/san-diego.html
2017-09-16 16:02:42,332 - [webpage_parser.py:63] - INFO - procotol:http, hostname:www.baidu.com, new_link:/s?tn=sitehao123_10_pg&usm=2&wd=%E6%9D%A8%E9%92%B0%E8%8E%B9&ie=utf-8&rsv_cq=%E6%B1%AA%E5%B3%B0%E5%91%8A%E7%99%BD%E7%AB%A0%E5%AD%90%E6%80%A1&rsv_dl=0_right_recommends_merge_21102&cq=%E6%B1%AA%E5%B3%B0%E5%91%8A%E7%99%BD%E7%AB%A0%E5%AD%90%E6%80%A1&srcid=28310&rt=%E4%B8%AD%E5%9B%BD%E8%89%BA%E4%BA%BA&recid=21102&euri=b76ea0f56be8453da4c6488bb365afbc
2017-09-16 16:02:42,333 - [webpage_parser.py:63] - INFO - procotol:http, hostname:www.renrenche.com, new_link:/bj/hafei/
2017-09-16 16:02:42,334 - [sbcharsetprober.py:119] - DEBUG - ISO-8859-5 confidence = 0.0, below negative shortcut threshhold 0.05
2017-09-16 16:02:42,361 - [webpage_parser.py:63] - INFO - procotol:http, hostname:www.163.com, new_link:javascript:;
2017-09-16 16:02:42,363 - [webpage_parser.py:63] - INFO - procotol:https, hostname:www.booking.com, new_link:/reviews/au/city/bbs-inns/perth.html
2017-09-16 16:02:42,364 - [webpage_parser.py:63] - INFO - procotol:http, hostname:www.baidu.com, new_link:/s?tn=sitehao123_10_pg&usm=2&wd=%E6%9D%A8%E9%92%B0%E8%8E%B9&ie=utf-8&rsv_cq=%E6%B1%AA%E5%B3%B0%E5%91%8A%E7%99%BD%E7%AB%A0%E5%AD%90%E6%80%A1&rsv_dl=0_right_recommends_merge_21102&cq=%E6%B1%AA%E5%B3%B0%E5%91%8A%E7%99%BD%E7%AB%A0%E5%AD%90%E6%80%A1&srcid=28310&rt=%E4%B8%AD%E5%9B%BD%E8%89%BA%E4%BA%BA&recid=21102&euri=b76ea0f56be8453da4c6488bb365afbc
2017-09-16 16:02:42,364 - [webpage_parser.py:63] - INFO - procotol:http, hostname:www.renrenche.com, new_link:/bj/hafu/
2017-09-16 16:02:42,385 - [webpage_parser.py:63] - INFO - procotol:http, hostname:www.163.com, new_link:javascript:;
2017-09-16 16:02:42,386 - [webpage_parser.py:63] - INFO - procotol:https, hostname:www.booking.com, new_link:/reviews/tr/city/bbs-inns/istanbul.html
2017-09-16 16:02:42,393 - [webpage_parser.py:63] - INFO - procotol:http, hostname:www.baidu.com, new_link:/s?tn=sitehao123_10_pg&usm=2&wd=%E6%9D%8E%E6%98%93%E5%B3%B0&ie=utf-8&rsv_cq=%E6%B1%AA%E5%B3%B0%E5%91%8A%E7%99%BD%E7%AB%A0%E5%AD%90%E6%80%A1&rsv_dl=0_right_recommends_merge_21102&cq=%E6%B1%AA%E5%B3%B0%E5%91%8A%E7%99%BD%E7%AB%A0%E5%AD%90%E6%80%A1&srcid=28310&rt=%E4%B8%AD%E5%9B%BD%E8%89%BA%E4%BA%BA&recid=21102&euri=563f295251934ad9a92071dd6c6fd5a5
2017-09-16 16:02:42,399 - [webpage_parser.py:63] - INFO - procotol:http, hostname:www.renrenche.com, new_link:/bj/haima/
2017-09-16 16:02:42,402 - [webpage_parser.py:63] - INFO - procotol:http, hostname:www.163.com, new_link:javascript:;
2017-09-16 16:02:42,405 - [webpage_parser.py:63] - INFO - procotol:https, hostname:www.booking.com, new_link:/reviews/es/city/cambrils.html
2017-09-16 16:02:42,409 - [webpage_parser.py:63] - INFO - procotol:http, hostname:www.baidu.com, new_link:/s?tn=sitehao123_10_pg&usm=2&wd=%E6%9D%8E%E6%98%93%E5%B3%B0&ie=utf-8&rsv_cq=%E6%B1%AA%E5%B3%B0%E5%91%8A%E7%99%BD%E7%AB%A0%E5%AD%90%E6%80%A1&rsv_dl=0_right_recommends_merge_21102&cq=%E6%B1%AA%E5%B3%B0%E5%91%8A%E7%99%BD%E7%AB%A0%E5%AD%90%E6%80%A1&srcid=28310&rt=%E4%B8%AD%E5%9B%BD%E8%89%BA%E4%BA%BA&recid=21102&euri=563f295251934ad9a92071dd6c6fd5a5
2017-09-16 16:02:42,422 - [webpage_parser.py:63] - INFO - procotol:http, hostname:www.renrenche.com, new_link:/bj/hanma/
2017-09-16 16:02:42,430 - [webpage_parser.py:63] - INFO - procotol:http, hostname:www.163.com, new_link:javascript:;
2017-09-16 16:02:42,433 - [webpage_parser.py:63] - INFO - procotol:http, hostname:www.baidu.com, new_link:/s?tn=sitehao123_10_pg&usm=2&wd=%E6%9D%8E%E6%98%93%E5%B3%B0&ie=utf-8&rsv_cq=%E6%B1%AA%E5%B3%B0%E5%91%8A%E7%99%BD%E7%AB%A0%E5%AD%90%E6%80%A1&rsv_dl=0_right_recommends_merge_21102&cq=%E6%B1%AA%E5%B3%B0%E5%91%8A%E7%99%BD%E7%AB%A0%E5%AD%90%E6%80%A1&srcid=28310&rt=%E4%B8%AD%E5%9B%BD%E8%89%BA%E4%BA%BA&recid=21102&euri=563f295251934ad9a92071dd6c6fd5a5
2017-09-16 16:02:42,437 - [webpage_parser.py:63] - INFO - procotol:https, hostname:www.booking.com, new_link:/reviews/gb/city/bbs-inns/london.html
2017-09-16 16:02:42,441 - [webpage_parser.py:63] - INFO - procotol:http, hostname:www.renrenche.com, new_link:/bj/hongqi/
2017-09-16 16:02:42,442 - [webpage_parser.py:63] - INFO - procotol:http, hostname:www.163.com, new_link:javascript:;
2017-09-16 16:02:42,454 - [webpage_parser.py:63] - INFO - procotol:http, hostname:www.baidu.com, new_link:/s?tn=sitehao123_10_pg&usm=2&wd=%E5%BC%A0%E7%BF%B0&ie=utf-8&rsv_cq=%E6%B1%AA%E5%B3%B0%E5%91%8A%E7%99%BD%E7%AB%A0%E5%AD%90%E6%80%A1&rsv_dl=0_right_recommends_merge_21102&cq=%E6%B1%AA%E5%B3%B0%E5%91%8A%E7%99%BD%E7%AB%A0%E5%AD%90%E6%80%A1&srcid=28310&rt=%E4%B8%AD%E5%9B%BD%E8%89%BA%E4%BA%BA&recid=21102&euri=e941e590667c476c9baf4091c024870a
2017-09-16 16:02:42,456 - [webpage_parser.py:63] - INFO - procotol:https, hostname:www.booking.com, new_link:/reviews/br/city/bbs-inns/rio-de-janeiro.html
2017-09-16 16:02:42,508 - [webpage_parser.py:63] - INFO - procotol:http, hostname:www.renrenche.com, new_link:/bj/huapu/
2017-09-16 16:02:42,514 - [webpage_parser.py:63] - INFO - procotol:http, hostname:www.163.com, new_link:javascript:;
2017-09-16 16:02:42,521 - [webpage_parser.py:63] - INFO - procotol:https, hostname:www.booking.com, new_link:/reviews/my/city/bbs-inns/kuala-lumpur.html
2017-09-16 16:02:42,537 - [webpage_parser.py:63] - INFO - procotol:http, hostname:www.baidu.com, new_link:/s?tn=sitehao123_10_pg&usm=2&wd=%E5%BC%A0%E7%BF%B0&ie=utf-8&rsv_cq=%E6%B1%AA%E5%B3%B0%E5%91%8A%E7%99%BD%E7%AB%A0%E5%AD%90%E6%80%A1&rsv_dl=0_right_recommends_merge_21102&cq=%E6%B1%AA%E5%B3%B0%E5%91%8A%E7%99%BD%E7%AB%A0%E5%AD%90%E6%80%A1&srcid=28310&rt=%E4%B8%AD%E5%9B%BD%E8%89%BA%E4%BA%BA&recid=21102&euri=e941e590667c476c9baf4091c024870a
2017-09-16 16:02:42,560 - [webpage_parser.py:63] - INFO - procotol:http, hostname:www.baidu.com, new_link:/s?tn=sitehao123_10_pg&usm=2&wd=%E5%BC%A0%E7%BF%B0&ie=utf-8&rsv_cq=%E6%B1%AA%E5%B3%B0%E5%91%8A%E7%99%BD%E7%AB%A0%E5%AD%90%E6%80%A1&rsv_dl=0_right_recommends_merge_21102&cq=%E6%B1%AA%E5%B3%B0%E5%91%8A%E7%99%BD%E7%AB%A0%E5%AD%90%E6%80%A1&srcid=28310&rt=%E4%B8%AD%E5%9B%BD%E8%89%BA%E4%BA%BA&recid=21102&euri=e941e590667c476c9baf4091c024870a
2017-09-16 16:02:42,541 - [webpage_parser.py:63] - INFO - procotol:http, hostname:www.renrenche.com, new_link:/bj/huasong/
2017-09-16 16:02:42,555 - [connectionpool.py:395] - DEBUG - http://go.hao123.com:80 "GET /sales?tn=mxlm HTTP/1.1" 200 None
2017-09-16 16:02:42,557 - [webpage_parser.py:63] - INFO - procotol:https, hostname:www.booking.com, new_link:/reviews/th/city/chom-thong.html
2017-09-16 16:02:42,554 - [webpage_parser.py:63] - INFO - procotol:http, hostname:www.163.com, new_link:javascript:;
2017-09-16 16:02:42,563 - [webpage_parser.py:63] - INFO - procotol:http, hostname:www.baidu.com, new_link:/s?tn=sitehao123_10_pg&usm=2&wd=%E7%AD%A0%E5%AD%90&ie=utf-8&rsv_cq=%E6%B1%AA%E5%B3%B0%E5%91%8A%E7%99%BD%E7%AB%A0%E5%AD%90%E6%80%A1&rsv_dl=0_right_recommends_merge_21102&cq=%E6%B1%AA%E5%B3%B0%E5%91%8A%E7%99%BD%E7%AB%A0%E5%AD%90%E6%80%A1&srcid=28310&rt=%E4%B8%AD%E5%9B%BD%E8%89%BA%E4%BA%BA&recid=21102&euri=d695b6292d8c4dacb34b0808f045a623
2017-09-16 16:02:42,565 - [webpage_parser.py:63] - INFO - procotol:http, hostname:www.renrenche.com, new_link:/bj/huatai/
2017-09-16 16:02:42,596 - [webpage_parser.py:63] - INFO - procotol:https, hostname:www.booking.com, new_link:/reviews/us/city/miami.html
2017-09-16 16:02:42,599 - [webpage_parser.py:63] - INFO - procotol:http, hostname:www.163.com, new_link:javascript:;
2017-09-16 16:02:42,601 - [webpage_parser.py:63] - INFO - procotol:http, hostname:www.baidu.com, new_link:/s?tn=sitehao123_10_pg&usm=2&wd=%E7%AD%A0%E5%AD%90&ie=utf-8&rsv_cq=%E6%B1%AA%E5%B3%B0%E5%91%8A%E7%99%BD%E7%AB%A0%E5%AD%90%E6%80%A1&rsv_dl=0_right_recommends_merge_21102&cq=%E6%B1%AA%E5%B3%B0%E5%91%8A%E7%99%BD%E7%AB%A0%E5%AD%90%E6%80%A1&srcid=28310&rt=%E4%B8%AD%E5%9B%BD%E8%89%BA%E4%BA%BA&recid=21102&euri=d695b6292d8c4dacb34b0808f045a623
2017-09-16 16:02:42,603 - [webpage_parser.py:63] - INFO - procotol:http, hostname:www.renrenche.com, new_link:/bj/huataixinnengyuan/
2017-09-16 16:02:42,607 - [webpage_parser.py:63] - INFO - procotol:http, hostname:www.163.com, new_link:javascript:;
2017-09-16 16:02:42,609 - [webpage_parser.py:63] - INFO - procotol:https, hostname:www.booking.com, new_link:/reviews/tw/city/bbs-inns/t-ai-pei.html
2017-09-16 16:02:42,611 - [webpage_parser.py:63] - INFO - procotol:http, hostname:www.baidu.com, new_link:/s?tn=sitehao123_10_pg&usm=2&wd=%E7%AD%A0%E5%AD%90&ie=utf-8&rsv_cq=%E6%B1%AA%E5%B3%B0%E5%91%8A%E7%99%BD%E7%AB%A0%E5%AD%90%E6%80%A1&rsv_dl=0_right_recommends_merge_21102&cq=%E6%B1%AA%E5%B3%B0%E5%91%8A%E7%99%BD%E7%AB%A0%E5%AD%90%E6%80%A1&srcid=28310&rt=%E4%B8%AD%E5%9B%BD%E8%89%BA%E4%BA%BA&recid=21102&euri=d695b6292d8c4dacb34b0808f045a623
2017-09-16 16:02:42,619 - [webpage_parser.py:63] - INFO - procotol:http, hostname:www.renrenche.com, new_link:/bj/Jeep/
2017-09-16 16:02:42,621 - [webpage_parser.py:63] - INFO - procotol:http, hostname:www.163.com, new_link:javascript:;
2017-09-16 16:02:42,627 - [webpage_parser.py:63] - INFO - procotol:https, hostname:www.booking.com, new_link:/reviews/th/city/bbs-inns/ban-patong.html
2017-09-16 16:02:42,632 - [webpage_parser.py:63] - INFO - procotol:http, hostname:www.baidu.com, new_link:/s?tn=sitehao123_10_pg&usm=2&wd=%E6%9D%A8%E5%B9%82&ie=utf-8&rsv_cq=%E6%B1%AA%E5%B3%B0%E5%91%8A%E7%99%BD%E7%AB%A0%E5%AD%90%E6%80%A1&rsv_dl=0_right_recommends_merge_21102&cq=%E6%B1%AA%E5%B3%B0%E5%91%8A%E7%99%BD%E7%AB%A0%E5%AD%90%E6%80%A1&srcid=28310&rt=%E4%B8%AD%E5%9B%BD%E8%89%BA%E4%BA%BA&recid=21102&euri=2a5187ae9a2b4538bef77aae9144cde4
2017-09-16 16:02:42,633 - [webpage_parser.py:63] - INFO - procotol:http, hostname:www.renrenche.com, new_link:/bj/jianghuai/
2017-09-16 16:02:42,661 - [webpage_parser.py:63] - INFO - procotol:http, hostname:www.163.com, new_link:javascript:;
2017-09-16 16:02:42,662 - [webpage_parser.py:63] - INFO - procotol:https, hostname:www.booking.com, new_link:/reviews/eg/city/sherm-el-sheikh.html
2017-09-16 16:02:42,669 - [webpage_parser.py:63] - INFO - procotol:http, hostname:www.baidu.com, new_link:/s?tn=sitehao123_10_pg&usm=2&wd=%E6%9D%A8%E5%B9%82&ie=utf-8&rsv_cq=%E6%B1%AA%E5%B3%B0%E5%91%8A%E7%99%BD%E7%AB%A0%E5%AD%90%E6%80%A1&rsv_dl=0_right_recommends_merge_21102&cq=%E6%B1%AA%E5%B3%B0%E5%91%8A%E7%99%BD%E7%AB%A0%E5%AD%90%E6%80%A1&srcid=28310&rt=%E4%B8%AD%E5%9B%BD%E8%89%BA%E4%BA%BA&recid=21102&euri=2a5187ae9a2b4538bef77aae9144cde4
2017-09-16 16:02:42,673 - [webpage_parser.py:63] - INFO - procotol:http, hostname:www.renrenche.com, new_link:/bj/jiebao/
2017-09-16 16:02:42,674 - [webpage_parser.py:63] - INFO - procotol:http, hostname:www.163.com, new_link:javascript:;
2017-09-16 16:02:42,675 - [webpage_parser.py:63] - INFO - procotol:https, hostname:www.booking.com, new_link:/reviews/cn/city/bbs-inns/beijing.html
2017-09-16 16:02:42,685 - [webpage_parser.py:63] - INFO - procotol:http, hostname:www.baidu.com, new_link:/s?tn=sitehao123_10_pg&usm=2&wd=%E6%9D%A8%E5%B9%82&ie=utf-8&rsv_cq=%E6%B1%AA%E5%B3%B0%E5%91%8A%E7%99%BD%E7%AB%A0%E5%AD%90%E6%80%A1&rsv_dl=0_right_recommends_merge_21102&cq=%E6%B1%AA%E5%B3%B0%E5%91%8A%E7%99%BD%E7%AB%A0%E5%AD%90%E6%80%A1&srcid=28310&rt=%E4%B8%AD%E5%9B%BD%E8%89%BA%E4%BA%BA&recid=21102&euri=2a5187ae9a2b4538bef77aae9144cde4
2017-09-16 16:02:42,689 - [webpage_parser.py:63] - INFO - procotol:http, hostname:www.renrenche.com, new_link:/bj/jiliqiche/
2017-09-16 16:02:42,760 - [webpage_parser.py:63] - INFO - procotol:http, hostname:www.163.com, new_link:javascript:;
2017-09-16 16:02:42,889 - [webpage_parser.py:63] - INFO - procotol:https, hostname:www.booking.com, new_link:/reviews/us/city/bbs-inns/los-angeles.html
2017-09-16 16:02:42,958 - [webpage_parser.py:63] - INFO - procotol:http, hostname:www.baidu.com, new_link:/s?tn=sitehao123_10_pg&usm=2&wd=%E5%BA%BE%E6%BE%84%E5%BA%86&ie=utf-8&rsv_cq=%E6%B1%AA%E5%B3%B0%E5%91%8A%E7%99%BD%E7%AB%A0%E5%AD%90%E6%80%A1&rsv_dl=0_right_recommends_merge_21102&cq=%E6%B1%AA%E5%B3%B0%E5%91%8A%E7%99%BD%E7%AB%A0%E5%AD%90%E6%80%A1&srcid=28310&rt=%E4%B8%AD%E5%9B%BD%E8%89%BA%E4%BA%BA&recid=21102&euri=0bcbb66bb5114d53a2ef419de8340f97
2017-09-16 16:02:42,986 - [webpage_parser.py:63] - INFO - procotol:http, hostname:go.hao123.com, new_link:javascript:void(0)
2017-09-16 16:02:42,996 - [webpage_parser.py:63] - INFO - procotol:http, hostname:www.renrenche.com, new_link:/bj/jinbei/
2017-09-16 16:02:43,004 - [webpage_parser.py:63] - INFO - procotol:http, hostname:www.163.com, new_link:javascript:;
2017-09-16 16:02:43,005 - [webpage_parser.py:63] - INFO - procotol:https, hostname:www.booking.com, new_link:/reviews/de/city/bbs-inns/berlin.html
2017-09-16 16:02:43,007 - [connectionpool.py:207] - DEBUG - Starting new HTTP connection (1): www.7k7k.com
2017-09-16 16:02:43,008 - [webpage_parser.py:63] - INFO - procotol:http, hostname:www.baidu.com, new_link:/s?tn=sitehao123_10_pg&usm=2&wd=%E5%BA%BE%E6%BE%84%E5%BA%86&ie=utf-8&rsv_cq=%E6%B1%AA%E5%B3%B0%E5%91%8A%E7%99%BD%E7%AB%A0%E5%AD%90%E6%80%A1&rsv_dl=0_right_recommends_merge_21102&cq=%E6%B1%AA%E5%B3%B0%E5%91%8A%E7%99%BD%E7%AB%A0%E5%AD%90%E6%80%A1&srcid=28310&rt=%E4%B8%AD%E5%9B%BD%E8%89%BA%E4%BA%BA&recid=21102&euri=0bcbb66bb5114d53a2ef419de8340f97
2017-09-16 16:02:43,015 - [webpage_parser.py:63] - INFO - procotol:http, hostname:go.hao123.com, new_link:javascript:;
2017-09-16 16:02:43,045 - [webpage_parser.py:63] - INFO - procotol:http, hostname:www.renrenche.com, new_link:/bj/jinlv/
2017-09-16 16:02:43,046 - [webpage_parser.py:63] - INFO - procotol:http, hostname:www.163.com, new_link:javascript:;
2017-09-16 16:02:43,055 - [webpage_parser.py:63] - INFO - procotol:https, hostname:www.booking.com, new_link:/reviews/th/city/bbs-inns/ko-chang-th.html
2017-09-16 16:02:43,063 - [webpage_parser.py:63] - INFO - procotol:http, hostname:www.baidu.com, new_link:/s?tn=sitehao123_10_pg&usm=2&wd=%E5%BA%BE%E6%BE%84%E5%BA%86&ie=utf-8&rsv_cq=%E6%B1%AA%E5%B3%B0%E5%91%8A%E7%99%BD%E7%AB%A0%E5%AD%90%E6%80%A1&rsv_dl=0_right_recommends_merge_21102&cq=%E6%B1%AA%E5%B3%B0%E5%91%8A%E7%99%BD%E7%AB%A0%E5%AD%90%E6%80%A1&srcid=28310&rt=%E4%B8%AD%E5%9B%BD%E8%89%BA%E4%BA%BA&recid=21102&euri=0bcbb66bb5114d53a2ef419de8340f97
2017-09-16 16:02:43,069 - [webpage_parser.py:63] - INFO - procotol:http, hostname:go.hao123.com, new_link:###
2017-09-16 16:02:43,072 - [webpage_parser.py:63] - INFO - procotol:http, hostname:www.renrenche.com, new_link:/bj/kaidilake/
2017-09-16 16:02:43,096 - [webpage_parser.py:63] - INFO - procotol:http, hostname:www.163.com, new_link:javascript:;
2017-09-16 16:02:43,106 - [webpage_parser.py:63] - INFO - procotol:https, hostname:www.booking.com, new_link:/reviews/no/city/oslo.html
2017-09-16 16:02:43,110 - [webpage_parser.py:63] - INFO - procotol:http, hostname:go.hao123.com, new_link:javascript:void(0);
2017-09-16 16:02:43,111 - [webpage_parser.py:63] - INFO - procotol:http, hostname:www.renrenche.com, new_link:/bj/kelaisile/
2017-09-16 16:02:43,116 - [webpage_parser.py:63] - INFO - procotol:http, hostname:www.baidu.com, new_link:/s?tn=sitehao123_10_pg&usm=2&wd=%E5%90%B4%E5%A5%87%E9%9A%86&ie=utf-8&rsv_cq=%E6%B1%AA%E5%B3%B0%E5%91%8A%E7%99%BD%E7%AB%A0%E5%AD%90%E6%80%A1&rsv_dl=0_right_recommends_merge_21102&cq=%E6%B1%AA%E5%B3%B0%E5%91%8A%E7%99%BD%E7%AB%A0%E5%AD%90%E6%80%A1&srcid=28310&rt=%E4%B8%AD%E5%9B%BD%E8%89%BA%E4%BA%BA&recid=21102&euri=83273e6ac09b4fac9e823d9333fffaa1
2017-09-16 16:02:43,131 - [connectionpool.py:395] - DEBUG - http://www.7k7k.com:80 "GET / HTTP/1.1" 200 None
2017-09-16 16:02:43,133 - [webpage_parser.py:63] - INFO - procotol:http, hostname:www.163.com, new_link:javascript:;
2017-09-16 16:02:43,149 - [webpage_parser.py:63] - INFO - procotol:https, hostname:www.booking.com, new_link:/reviews/hk/city/vacation-rentals/hong-kong.html
2017-09-16 16:02:43,150 - [webpage_parser.py:63] - INFO - procotol:http, hostname:go.hao123.com, new_link:javascript:void(0);
2017-09-16 16:02:43,152 - [webpage_parser.py:63] - INFO - procotol:http, hostname:www.renrenche.com, new_link:/bj/leikesasi/
2017-09-16 16:02:43,164 - [webpage_parser.py:63] - INFO - procotol:http, hostname:www.baidu.com, new_link:/s?tn=sitehao123_10_pg&usm=2&wd=%E5%90%B4%E5%A5%87%E9%9A%86&ie=utf-8&rsv_cq=%E6%B1%AA%E5%B3%B0%E5%91%8A%E7%99%BD%E7%AB%A0%E5%AD%90%E6%80%A1&rsv_dl=0_right_recommends_merge_21102&cq=%E6%B1%AA%E5%B3%B0%E5%91%8A%E7%99%BD%E7%AB%A0%E5%AD%90%E6%80%A1&srcid=28310&rt=%E4%B8%AD%E5%9B%BD%E8%89%BA%E4%BA%BA&recid=21102&euri=83273e6ac09b4fac9e823d9333fffaa1
2017-09-16 16:02:43,180 - [webpage_parser.py:63] - INFO - procotol:https, hostname:www.booking.com, new_link:/reviews/de/city/vacation-rentals/munich.html
2017-09-16 16:02:43,183 - [webpage_parser.py:63] - INFO - procotol:http, hostname:go.hao123.com, new_link:javascript:void(0);
2017-09-16 16:02:43,184 - [webpage_parser.py:63] - INFO - procotol:http, hostname:www.renrenche.com, new_link:/bj/leinuo/
2017-09-16 16:02:43,188 - [webpage_parser.py:63] - INFO - procotol:http, hostname:www.baidu.com, new_link:/s?tn=sitehao123_10_pg&usm=2&wd=%E5%90%B4%E5%A5%87%E9%9A%86&ie=utf-8&rsv_cq=%E6%B1%AA%E5%B3%B0%E5%91%8A%E7%99%BD%E7%AB%A0%E5%AD%90%E6%80%A1&rsv_dl=0_right_recommends_merge_21102&cq=%E6%B1%AA%E5%B3%B0%E5%91%8A%E7%99%BD%E7%AB%A0%E5%AD%90%E6%80%A1&srcid=28310&rt=%E4%B8%AD%E5%9B%BD%E8%89%BA%E4%BA%BA&recid=21102&euri=83273e6ac09b4fac9e823d9333fffaa1
2017-09-16 16:02:43,189 - [webpage_parser.py:63] - INFO - procotol:http, hostname:www.163.com, new_link:javascript:;
2017-09-16 16:02:43,193 - [webpage_parser.py:63] - INFO - procotol:https, hostname:www.booking.com, new_link:/reviews/us/city/vacation-rentals/las-vegas.html
2017-09-16 16:02:43,197 - [webpage_parser.py:63] - INFO - procotol:http, hostname:go.hao123.com, new_link:javascript:void(0);
2017-09-16 16:02:43,204 - [webpage_parser.py:63] - INFO - procotol:http, hostname:www.renrenche.com, new_link:/bj/lianhuaqiche/
2017-09-16 16:02:43,205 - [webpage_parser.py:63] - INFO - procotol:http, hostname:www.baidu.com, new_link:/s?tn=sitehao123_10_pg&usm=2&wd=%E6%9D%8E%E6%99%A8&ie=utf-8&rsv_cq=%E6%B1%AA%E5%B3%B0%E5%91%8A%E7%99%BD%E7%AB%A0%E5%AD%90%E6%80%A1&rsv_dl=0_right_recommends_merge_21102&cq=%E6%B1%AA%E5%B3%B0%E5%91%8A%E7%99%BD%E7%AB%A0%E5%AD%90%E6%80%A1&srcid=28310&rt=%E4%B8%AD%E5%9B%BD%E8%89%BA%E4%BA%BA&recid=21102&euri=b8765ab2531f425894c46872dd839f32
2017-09-16 16:02:43,210 - [webpage_parser.py:63] - INFO - procotol:http, hostname:www.163.com, new_link:javascript:;
2017-09-16 16:02:43,211 - [webpage_parser.py:63] - INFO - procotol:https, hostname:www.booking.com, new_link:/reviews/fr/city/vacation-rentals/paris.html
2017-09-16 16:02:43,220 - [webpage_parser.py:63] - INFO - procotol:http, hostname:go.hao123.com, new_link:javascript:void(0);
2017-09-16 16:02:43,226 - [webpage_parser.py:63] - INFO - procotol:http, hostname:www.renrenche.com, new_link:/bj/lifan/
2017-09-16 16:02:43,230 - [webpage_parser.py:63] - INFO - procotol:http, hostname:www.baidu.com, new_link:/s?tn=sitehao123_10_pg&usm=2&wd=%E6%9D%8E%E6%99%A8&ie=utf-8&rsv_cq=%E6%B1%AA%E5%B3%B0%E5%91%8A%E7%99%BD%E7%AB%A0%E5%AD%90%E6%80%A1&rsv_dl=0_right_recommends_merge_21102&cq=%E6%B1%AA%E5%B3%B0%E5%91%8A%E7%99%BD%E7%AB%A0%E5%AD%90%E6%80%A1&srcid=28310&rt=%E4%B8%AD%E5%9B%BD%E8%89%BA%E4%BA%BA&recid=21102&euri=b8765ab2531f425894c46872dd839f32
2017-09-16 16:02:43,234 - [webpage_parser.py:63] - INFO - procotol:https, hostname:www.booking.com, new_link:/reviews/us/city/vacation-rentals/san-diego.html
2017-09-16 16:02:43,239 - [webpage_parser.py:63] - INFO - procotol:http, hostname:www.163.com, new_link:javascript:;
2017-09-16 16:02:43,242 - [webpage_parser.py:63] - INFO - procotol:http, hostname:go.hao123.com, new_link:javascript:void(0)
2017-09-16 16:02:43,253 - [webpage_parser.py:63] - INFO - procotol:http, hostname:www.renrenche.com, new_link:/bj/lingmu/
2017-09-16 16:02:43,255 - [webpage_parser.py:63] - INFO - procotol:http, hostname:www.baidu.com, new_link:/s?tn=sitehao123_10_pg&usm=2&wd=%E6%9D%8E%E6%99%A8&ie=utf-8&rsv_cq=%E6%B1%AA%E5%B3%B0%E5%91%8A%E7%99%BD%E7%AB%A0%E5%AD%90%E6%80%A1&rsv_dl=0_right_recommends_merge_21102&cq=%E6%B1%AA%E5%B3%B0%E5%91%8A%E7%99%BD%E7%AB%A0%E5%AD%90%E6%80%A1&srcid=28310&rt=%E4%B8%AD%E5%9B%BD%E8%89%BA%E4%BA%BA&recid=21102&euri=b8765ab2531f425894c46872dd839f32
2017-09-16 16:02:43,256 - [webpage_parser.py:63] - INFO - procotol:https, hostname:www.booking.com, new_link:/reviews/au/city/vacation-rentals/perth.html
2017-09-16 16:02:43,257 - [webpage_parser.py:63] - INFO - procotol:http, hostname:www.163.com, new_link:javascript:;
2017-09-16 16:02:43,259 - [webpage_parser.py:63] - INFO - procotol:http, hostname:go.hao123.com, new_link:javascript:void(0)
2017-09-16 16:02:43,260 - [webpage_parser.py:63] - INFO - procotol:http, hostname:www.renrenche.com, new_link:/bj/linken/
2017-09-16 16:02:43,267 - [webpage_parser.py:63] - INFO - procotol:http, hostname:www.baidu.com, new_link:/s?tn=sitehao123_10_pg&usm=2&wd=%E7%8E%8B%E5%8A%9B%E5%AE%8F&ie=utf-8&rsv_cq=%E6%B1%AA%E5%B3%B0%E5%91%8A%E7%99%BD%E7%AB%A0%E5%AD%90%E6%80%A1&rsv_dl=0_right_recommends_merge_21102&euri=2b7927287381439b899e1cf73cc50e69
2017-09-16 16:02:43,281 - [webpage_parser.py:63] - INFO - procotol:https, hostname:www.booking.com, new_link:/reviews/tr/city/vacation-rentals/istanbul.html
2017-09-16 16:02:43,283 - [webpage_parser.py:63] - INFO - procotol:http, hostname:www.163.com, new_link:javascript:;
2017-09-16 16:02:43,284 - [webpage_parser.py:63] - INFO - procotol:http, hostname:go.hao123.com, new_link:javascript:void(0)
2017-09-16 16:02:43,285 - [webpage_parser.py:63] - INFO - procotol:http, hostname:www.baidu.com, new_link:/s?tn=sitehao123_10_pg&usm=2&wd=%E7%8E%8B%E5%8A%9B%E5%AE%8F&ie=utf-8&rsv_cq=%E6%B1%AA%E5%B3%B0%E5%91%8A%E7%99%BD%E7%AB%A0%E5%AD%90%E6%80%A1&rsv_dl=0_right_recommends_merge_21102&euri=2b7927287381439b899e1cf73cc50e69
2017-09-16 16:02:43,287 - [webpage_parser.py:63] - INFO - procotol:http, hostname:www.renrenche.com, new_link:/bj/lufeng/
2017-09-16 16:02:43,290 - [webpage_parser.py:63] - INFO - procotol:https, hostname:www.booking.com, new_link:/reviews/gb/city/vacation-rentals/london.html
2017-09-16 16:02:43,294 - [webpage_parser.py:63] - INFO - procotol:http, hostname:www.163.com, new_link:javascript:;
2017-09-16 16:02:43,299 - [webpage_parser.py:63] - INFO - procotol:http, hostname:go.hao123.com, new_link:javascript:void(0)
2017-09-16 16:02:43,360 - [webpage_parser.py:63] - INFO - procotol:http, hostname:www.renrenche.com, new_link:/bj/luhu/
2017-09-16 16:02:43,368 - [webpage_parser.py:63] - INFO - procotol:http, hostname:www.baidu.com, new_link:/s?tn=sitehao123_10_pg&usm=2&wd=%E7%8E%8B%E5%8A%9B%E5%AE%8F&ie=utf-8&rsv_cq=%E6%B1%AA%E5%B3%B0%E5%91%8A%E7%99%BD%E7%AB%A0%E5%AD%90%E6%80%A1&rsv_dl=0_right_recommends_merge_21102&euri=2b7927287381439b899e1cf73cc50e69
2017-09-16 16:02:43,369 - [webpage_parser.py:63] - INFO - procotol:https, hostname:www.booking.com, new_link:/reviews/br/city/vacation-rentals/rio-de-janeiro.html
2017-09-16 16:02:43,402 - [webpage_parser.py:63] - INFO - procotol:http, hostname:www.163.com, new_link:javascript:;
2017-09-16 16:02:43,417 - [webpage_parser.py:63] - INFO - procotol:http, hostname:go.hao123.com, new_link:javascript:void(0)
2017-09-16 16:02:43,423 - [webpage_parser.py:63] - INFO - procotol:http, hostname:www.renrenche.com, new_link:/bj/MG/
2017-09-16 16:02:43,423 - [webpage_parser.py:63] - INFO - procotol:https, hostname:www.booking.com, new_link:/reviews/my/city/vacation-rentals/kuala-lumpur.html
2017-09-16 16:02:43,424 - [webpage_parser.py:63] - INFO - procotol:http, hostname:www.baidu.com, new_link:/s?tn=sitehao123_10_pg&usm=2&wd=%E6%9C%B1%E4%B8%BD%E5%80%A9&ie=utf-8&rsv_cq=%E6%B1%AA%E5%B3%B0%E5%91%8A%E7%99%BD%E7%AB%A0%E5%AD%90%E6%80%A1&rsv_dl=0_right_recommends_merge_21102&euri=a5b6aa21f003499483d94b5019107e56
2017-09-16 16:02:43,425 - [webpage_parser.py:63] - INFO - procotol:http, hostname:www.163.com, new_link:javascript:;
2017-09-16 16:02:43,452 - [webpage_parser.py:63] - INFO - procotol:http, hostname:go.hao123.com, new_link:/ticket?search=北京
2017-09-16 16:02:43,455 - [webpage_parser.py:63] - INFO - procotol:https, hostname:www.booking.com, new_link:/reviews/tw/city/vacation-rentals/t-ai-pei.html
2017-09-16 16:02:43,460 - [webpage_parser.py:63] - INFO - procotol:http, hostname:www.renrenche.com, new_link:/bj/MINI/
2017-09-16 16:02:43,465 - [webpage_parser.py:63] - INFO - procotol:http, hostname:www.baidu.com, new_link:/s?tn=sitehao123_10_pg&usm=2&wd=%E6%9C%B1%E4%B8%BD%E5%80%A9&ie=utf-8&rsv_cq=%E6%B1%AA%E5%B3%B0%E5%91%8A%E7%99%BD%E7%AB%A0%E5%AD%90%E6%80%A1&rsv_dl=0_right_recommends_merge_21102&euri=a5b6aa21f003499483d94b5019107e56
2017-09-16 16:02:43,500 - [webpage_parser.py:63] - INFO - procotol:http, hostname:www.163.com, new_link:javascript:;
2017-09-16 16:02:43,510 - [webpage_parser.py:63] - INFO - procotol:http, hostname:go.hao123.com, new_link:/ticket?search=上海
2017-09-16 16:02:43,520 - [webpage_parser.py:63] - INFO - procotol:https, hostname:www.booking.com, new_link:/reviews/th/city/vacation-rentals/ban-patong.html
2017-09-16 16:02:43,528 - [webpage_parser.py:63] - INFO - procotol:http, hostname:www.renrenche.com, new_link:/bj/mashaladi/
2017-09-16 16:02:43,540 - [webpage_parser.py:63] - INFO - procotol:http, hostname:www.baidu.com, new_link:/s?tn=sitehao123_10_pg&usm=2&wd=%E6%9C%B1%E4%B8%BD%E5%80%A9&ie=utf-8&rsv_cq=%E6%B1%AA%E5%B3%B0%E5%91%8A%E7%99%BD%E7%AB%A0%E5%AD%90%E6%80%A1&rsv_dl=0_right_recommends_merge_21102&euri=a5b6aa21f003499483d94b5019107e56
2017-09-16 16:02:43,552 - [webpage_parser.py:63] - INFO - procotol:http, hostname:www.163.com, new_link:javascript:;
2017-09-16 16:02:43,564 - [webpage_parser.py:63] - INFO - procotol:http, hostname:go.hao123.com, new_link:/ticket?search=广州
2017-09-16 16:02:43,574 - [webpage_parser.py:63] - INFO - procotol:https, hostname:www.booking.com, new_link:/reviews/cn/city/vacation-rentals/beijing.html
2017-09-16 16:02:43,586 - [webpage_parser.py:63] - INFO - procotol:http, hostname:www.renrenche.com, new_link:/bj/mazida/
2017-09-16 16:02:43,613 - [webpage_parser.py:63] - INFO - procotol:http, hostname:www.baidu.com, new_link:/s?tn=sitehao123_10_pg&usm=2&wd=%E9%82%93%E4%B8%BD%E5%90%9B&ie=utf-8&rsv_cq=%E6%B1%AA%E5%B3%B0%E5%91%8A%E7%99%BD%E7%AB%A0%E5%AD%90%E6%80%A1&rsv_dl=0_right_recommends_merge_21102&euri=0d5e555c144e414596c4522138054fc7
2017-09-16 16:02:43,620 - [webpage_parser.py:63] - INFO - procotol:http, hostname:www.163.com, new_link:javascript:;
2017-09-16 16:02:43,628 - [webpage_parser.py:63] - INFO - procotol:https, hostname:www.booking.com, new_link:/reviews/us/city/vacation-rentals/los-angeles.html
2017-09-16 16:02:43,645 - [webpage_parser.py:63] - INFO - procotol:http, hostname:www.renrenche.com, new_link:/bj/nazhijie/
2017-09-16 16:02:43,675 - [webpage_parser.py:63] - INFO - procotol:http, hostname:go.hao123.com, new_link:/ticket?search=深圳
2017-09-16 16:02:43,682 - [webpage_parser.py:63] - INFO - procotol:http, hostname:www.baidu.com, new_link:/s?tn=sitehao123_10_pg&usm=2&wd=%E9%82%93%E4%B8%BD%E5%90%9B&ie=utf-8&rsv_cq=%E6%B1%AA%E5%B3%B0%E5%91%8A%E7%99%BD%E7%AB%A0%E5%AD%90%E6%80%A1&rsv_dl=0_right_recommends_merge_21102&euri=0d5e555c144e414596c4522138054fc7
2017-09-16 16:02:43,688 - [webpage_parser.py:63] - INFO - procotol:http, hostname:www.163.com, new_link:javascript:;
2017-09-16 16:02:43,717 - [webpage_parser.py:63] - INFO - procotol:https, hostname:www.booking.com, new_link:/reviews/de/city/vacation-rentals/berlin.html
2017-09-16 16:02:43,720 - [webpage_parser.py:63] - INFO - procotol:http, hostname:www.renrenche.com, new_link:/bj/oubao/
2017-09-16 16:02:43,746 - [webpage_parser.py:63] - INFO - procotol:http, hostname:www.baidu.com, new_link:/s?tn=sitehao123_10_pg&usm=2&wd=%E9%82%93%E4%B8%BD%E5%90%9B&ie=utf-8&rsv_cq=%E6%B1%AA%E5%B3%B0%E5%91%8A%E7%99%BD%E7%AB%A0%E5%AD%90%E6%80%A1&rsv_dl=0_right_recommends_merge_21102&euri=0d5e555c144e414596c4522138054fc7
2017-09-16 16:02:43,753 - [webpage_parser.py:63] - INFO - procotol:http, hostname:go.hao123.com, new_link:/ticket?search=杭州
2017-09-16 16:02:43,780 - [webpage_parser.py:63] - INFO - procotol:https, hostname:www.booking.com, new_link:/reviews/th/city/vacation-rentals/ko-chang-th.html
2017-09-16 16:02:43,793 - [webpage_parser.py:63] - INFO - procotol:http, hostname:www.renrenche.com, new_link:/bj/ouge/
2017-09-16 16:02:43,794 - [webpage_parser.py:63] - INFO - procotol:http, hostname:www.163.com, new_link:javascript:;
2017-09-16 16:02:43,803 - [webpage_parser.py:63] - INFO - procotol:http, hostname:www.baidu.com, new_link:/s?tn=sitehao123_10_pg&usm=2&wd=%E8%94%A1%E5%B0%91%E8%8A%AC&ie=utf-8&rsv_cq=%E6%B1%AA%E5%B3%B0%E5%91%8A%E7%99%BD%E7%AB%A0%E5%AD%90%E6%80%A1&rsv_dl=0_right_recommends_merge_21102&euri=80375d71be954e768db96e812b1d025d
2017-09-16 16:02:43,827 - [webpage_parser.py:63] - INFO - procotol:http, hostname:go.hao123.com, new_link:/ticket?search=云南
2017-09-16 16:02:43,837 - [webpage_parser.py:63] - INFO - procotol:https, hostname:www.booking.com, new_link:/region/gr/santorini.html
2017-09-16 16:02:43,848 - [webpage_parser.py:63] - INFO - procotol:http, hostname:www.renrenche.com, new_link:/bj/qichen/
2017-09-16 16:02:43,860 - [webpage_parser.py:63] - INFO - procotol:http, hostname:www.163.com, new_link:javascript:;
2017-09-16 16:02:43,873 - [webpage_parser.py:63] - INFO - procotol:http, hostname:www.baidu.com, new_link:/s?tn=sitehao123_10_pg&usm=2&wd=%E8%94%A1%E5%B0%91%E8%8A%AC&ie=utf-8&rsv_cq=%E6%B1%AA%E5%B3%B0%E5%91%8A%E7%99%BD%E7%AB%A0%E5%AD%90%E6%80%A1&rsv_dl=0_right_recommends_merge_21102&euri=80375d71be954e768db96e812b1d025d
2017-09-16 16:02:43,889 - [webpage_parser.py:63] - INFO - procotol:http, hostname:go.hao123.com, new_link:/ticket?search=成都
2017-09-16 16:02:43,897 - [webpage_parser.py:63] - INFO - procotol:https, hostname:www.booking.com, new_link:/region/gb/lake-district.html
2017-09-16 16:02:43,911 - [webpage_parser.py:63] - INFO - procotol:http, hostname:www.renrenche.com, new_link:/bj/qirui/
2017-09-16 16:02:43,919 - [webpage_parser.py:63] - INFO - procotol:http, hostname:www.163.com, new_link:javascript:;
2017-09-16 16:02:43,929 - [webpage_parser.py:63] - INFO - procotol:http, hostname:www.baidu.com, new_link:/s?tn=sitehao123_10_pg&usm=2&wd=%E8%94%A1%E5%B0%91%E8%8A%AC&ie=utf-8&rsv_cq=%E6%B1%AA%E5%B3%B0%E5%91%8A%E7%99%BD%E7%AB%A0%E5%AD%90%E6%80%A1&rsv_dl=0_right_recommends_merge_21102&euri=80375d71be954e768db96e812b1d025d
2017-09-16 16:02:43,939 - [webpage_parser.py:63] - INFO - procotol:http, hostname:go.hao123.com, new_link:/ticket?search=重庆
2017-09-16 16:02:43,956 - [webpage_parser.py:63] - INFO - procotol:https, hostname:www.booking.com, new_link:/region/th/phuket.html
2017-09-16 16:02:43,974 - [webpage_parser.py:63] - INFO - procotol:http, hostname:www.renrenche.com, new_link:/bj/qiya/
2017-09-16 16:02:43,988 - [webpage_parser.py:63] - INFO - procotol:http, hostname:www.163.com, new_link:javascript:;
2017-09-16 16:02:44,014 - [webpage_parser.py:63] - INFO - procotol:http, hostname:www.baidu.com, new_link:/s?tn=sitehao123_10_pg&usm=2&wd=%E5%BC%A0%E4%B8%80%E5%B1%B1%E6%8B%8D%E6%88%8F%E9%81%AD%E8%87%AD%E9%AA%82&ie=utf-8&rsv_cq=%E6%B1%AA%E5%B3%B0%E5%91%8A%E7%99%BD%E7%AB%A0%E5%AD%90%E6%80%A1&rsv_dl=0_right_toplist_20811
2017-09-16 16:02:44,033 - [webpage_parser.py:63] - INFO - procotol:http, hostname:go.hao123.com, new_link:/ticket?search=东京
2017-09-16 16:02:44,061 - [webpage_parser.py:63] - INFO - procotol:https, hostname:www.booking.com, new_link:/region/gb/north-wales.html
2017-09-16 16:02:44,092 - [webpage_parser.py:63] - INFO - procotol:http, hostname:www.renrenche.com, new_link:/bj/richan/
2017-09-16 16:02:44,100 - [webpage_parser.py:63] - INFO - procotol:http, hostname:www.163.com, new_link:javascript:;
2017-09-16 16:02:44,115 - [webpage_parser.py:63] - INFO - procotol:http, hostname:www.baidu.com, new_link:/s?tn=sitehao123_10_pg&usm=2&wd=%E6%9D%8E%E6%99%A8%E6%B1%82%E5%A9%9A%E8%8C%83%E5%86%B0%E5%86%B0&ie=utf-8&rsv_cq=%E6%B1%AA%E5%B3%B0%E5%91%8A%E7%99%BD%E7%AB%A0%E5%AD%90%E6%80%A1&rsv_dl=0_right_toplist_20811
2017-09-16 16:02:44,129 - [webpage_parser.py:63] - INFO - procotol:http, hostname:go.hao123.com, new_link:/ticket?search=新加坡
2017-09-16 16:02:44,143 - [webpage_parser.py:63] - INFO - procotol:https, hostname:www.booking.com, new_link:/region/id/bali.html
2017-09-16 16:02:44,152 - [webpage_parser.py:63] - INFO - procotol:http, hostname:www.renrenche.com, new_link:/bj/rongwei/
2017-09-16 16:02:44,161 - [webpage_parser.py:63] - INFO - procotol:http, hostname:www.163.com, new_link:javascript:;
2017-09-16 16:02:44,176 - [webpage_parser.py:63] - INFO - procotol:http, hostname:www.baidu.com, new_link:/s?tn=sitehao123_10_pg&usm=2&wd=%E5%91%A8%E6%98%9F%E9%A9%B0%E6%97%A7%E7%85%A7%E6%9B%9D%E5%85%89&ie=utf-8&rsv_cq=%E6%B1%AA%E5%B3%B0%E5%91%8A%E7%99%BD%E7%AB%A0%E5%AD%90%E6%80%A1&rsv_dl=0_right_toplist_20811
2017-09-16 16:02:44,184 - [webpage_parser.py:63] - INFO - procotol:http, hostname:go.hao123.com, new_link:/ticket?search=香港
2017-09-16 16:02:44,197 - [webpage_parser.py:63] - INFO - procotol:https, hostname:www.booking.com, new_link:/region/es/tenerife-island.html
2017-09-16 16:02:44,207 - [webpage_parser.py:63] - INFO - procotol:http, hostname:www.renrenche.com, new_link:/bj/ruiqi/
2017-09-16 16:02:44,217 - [webpage_parser.py:63] - INFO - procotol:http, hostname:www.163.com, new_link:javascript:;
2017-09-16 16:02:44,236 - [webpage_parser.py:63] - INFO - procotol:http, hostname:go.hao123.com, new_link:/ticket?search=扬州
2017-09-16 16:02:44,232 - [webpage_parser.py:63] - INFO - procotol:http, hostname:www.baidu.com, new_link:/s?tn=sitehao123_10_pg&usm=2&wd=B%E7%AB%99%E8%AF%B7%E9%81%93%E5%A3%AB%E4%BD%9C%E6%B3%95&ie=utf-8&rsv_cq=%E6%B1%AA%E5%B3%B0%E5%91%8A%E7%99%BD%E7%AB%A0%E5%AD%90%E6%80%A1&rsv_dl=0_right_toplist_20811
2017-09-16 16:02:44,251 - [webpage_parser.py:63] - INFO - procotol:https, hostname:www.booking.com, new_link:/region/gr/mykonos.html
2017-09-16 16:02:44,263 - [webpage_parser.py:63] - INFO - procotol:http, hostname:www.renrenche.com, new_link:/bj/sanling/
2017-09-16 16:02:44,276 - [webpage_parser.py:63] - INFO - procotol:http, hostname:www.163.com, new_link:javascript:;
2017-09-16 16:02:44,285 - [webpage_parser.py:63] - INFO - procotol:http, hostname:go.hao123.com, new_link:/ticket?search=厦门
2017-09-16 16:02:44,293 - [webpage_parser.py:63] - INFO - procotol:http, hostname:www.baidu.com, new_link:/s?tn=sitehao123_10_pg&usm=2&wd=%E6%9E%97%E5%BF%83%E5%A6%82%E5%BE%8B%E5%B8%88%E5%8F%91%E5%A3%B0%E6%98%8E&ie=utf-8&rsv_cq=%E6%B1%AA%E5%B3%B0%E5%91%8A%E7%99%BD%E7%AB%A0%E5%AD%90%E6%80%A1&rsv_dl=0_right_toplist_20811
2017-09-16 16:02:44,308 - [webpage_parser.py:63] - INFO - procotol:https, hostname:www.booking.com, new_link:/region/gb/scotland.html
2017-09-16 16:02:44,322 - [webpage_parser.py:63] - INFO - procotol:http, hostname:www.renrenche.com, new_link:/bj/shangqidatong/
2017-09-16 16:02:44,339 - [webpage_parser.py:63] - INFO - procotol:http, hostname:www.163.com, new_link:javascript:;
2017-09-16 16:02:44,353 - [webpage_parser.py:63] - INFO - procotol:http, hostname:go.hao123.com, new_link:/ticket?search=西安
2017-09-16 16:02:44,358 - [webpage_parser.py:63] - INFO - procotol:http, hostname:www.baidu.com, new_link:/s?tn=sitehao123_10_pg&usm=2&wd=%E5%BE%AE%E4%BF%A1%E9%9A%90%E7%A7%81%E4%BF%9D%E6%8A%A4%E6%8C%87%E5%BC%95&ie=utf-8&rsv_cq=%E6%B1%AA%E5%B3%B0%E5%91%8A%E7%99%BD%E7%AB%A0%E5%AD%90%E6%80%A1&rsv_dl=0_right_toplist_20811
2017-09-16 16:02:44,374 - [webpage_parser.py:63] - INFO - procotol:https, hostname:www.booking.com, new_link:/region/es/mallorca.html
2017-09-16 16:02:44,383 - [webpage_parser.py:63] - INFO - procotol:http, hostname:www.renrenche.com, new_link:/bj/shuanglong/
2017-09-16 16:02:44,393 - [webpage_parser.py:63] - INFO - procotol:http, hostname:www.163.com, new_link:javascript:;
2017-09-16 16:02:44,405 - [webpage_parser.py:63] - INFO - procotol:http, hostname:go.hao123.com, new_link:/ticket?search=南京
2017-09-16 16:02:44,414 - [webpage_parser.py:63] - INFO - procotol:http, hostname:www.baidu.com, new_link:/s?tn=sitehao123_10_pg&usm=2&wd=%E9%99%88%E7%BE%BD%E5%87%A1%E5%A4%8D%E5%87%BA&ie=utf-8&rsv_cq=%E6%B1%AA%E5%B3%B0%E5%91%8A%E7%99%BD%E7%AB%A0%E5%AD%90%E6%80%A1&rsv_dl=0_right_toplist_20811
2017-09-16 16:02:44,426 - [webpage_parser.py:63] - INFO - procotol:https, hostname:www.booking.com, new_link:/region/gb/new-forest.html
2017-09-16 16:02:44,441 - [webpage_parser.py:63] - INFO - procotol:http, hostname:www.renrenche.com, new_link:/bj/sibalu/
2017-09-16 16:02:44,451 - [webpage_parser.py:63] - INFO - procotol:http, hostname:www.163.com, new_link:javascript:;
2017-09-16 16:02:44,459 - [webpage_parser.py:63] - INFO - procotol:http, hostname:go.hao123.com, new_link:/ticket?search=武汉
2017-09-16 16:02:44,467 - [webpage_parser.py:63] - INFO - procotol:http, hostname:www.baidu.com, new_link:/s?tn=sitehao123_10_pg&usm=2&wd=%E7%8E%8B%E5%AE%9D%E5%BC%BA%E6%9D%91%E6%B0%91%E8%B0%88%E5%AE%8B%E5%96%86&ie=utf-8&rsv_cq=%E6%B1%AA%E5%B3%B0%E5%91%8A%E7%99%BD%E7%AB%A0%E5%AD%90%E6%80%A1&rsv_dl=0_right_toplist_20811
2017-09-16 16:02:44,478 - [webpage_parser.py:63] - INFO - procotol:https, hostname:www.booking.com, new_link:/region/jo/dead-sea-jordan.html
2017-09-16 16:02:44,487 - [webpage_parser.py:63] - INFO - procotol:http, hostname:www.renrenche.com, new_link:/bj/sikeda/
2017-09-16 16:02:44,497 - [webpage_parser.py:63] - INFO - procotol:http, hostname:www.163.com, new_link:javascript:;
2017-09-16 16:02:44,508 - [webpage_parser.py:63] - INFO - procotol:http, hostname:go.hao123.com, new_link:/ticket?search=西藏
2017-09-16 16:02:44,516 - [webpage_parser.py:63] - INFO - procotol:http, hostname:www.baidu.com, new_link:/s?tn=sitehao123_10_pg&usm=2&wd=%E4%BC%A6%E6%95%A6%E5%9C%B0%E9%93%81%E5%8F%91%E7%94%9F%E7%88%86%E7%82%B8&ie=utf-8&rsv_cq=%E6%B1%AA%E5%B3%B0%E5%91%8A%E7%99%BD%E7%AB%A0%E5%AD%90%E6%80%A1&rsv_dl=0_right_toplist_20811
2017-09-16 16:02:44,531 - [webpage_parser.py:63] - INFO - procotol:https, hostname:www.booking.com, new_link:/region/gb/cotswold.html
2017-09-16 16:04:04,675 - [mini_spider.py:70] - INFO - Starting mini spider
2017-09-16 16:04:04,692 - [connectionpool.py:207] - DEBUG - Starting new HTTP connection (1): www.baidu.com
2017-09-16 16:04:04,712 - [connectionpool.py:395] - DEBUG - http://www.baidu.com:80 "GET / HTTP/1.1" 200 None
2017-09-16 16:04:04,728 - [webpage_crawler.py:107] - ERROR - url //www.baidu.com/more/ startswith //
2017-09-16 16:04:04,735 - [connectionpool.py:207] - DEBUG - Starting new HTTP connection (1): ir.baidu.com
2017-09-16 16:04:04,736 - [connectionpool.py:207] - DEBUG - Starting new HTTP connection (1): map.baidu.com
2017-09-16 16:04:04,741 - [connectionpool.py:207] - DEBUG - Starting new HTTP connection (1): home.baidu.com
2017-09-16 16:04:04,741 - [connectionpool.py:207] - DEBUG - Starting new HTTP connection (1): jianyi.baidu.com
2017-09-16 16:04:04,742 - [webpage_saver.py:45] - INFO - url http://www.baidu.com
 is not match
2017-09-16 16:04:04,749 - [connectionpool.py:207] - DEBUG - Starting new HTTP connection (1): tieba.baidu.com
2017-09-16 16:04:04,753 - [connectionpool.py:207] - DEBUG - Starting new HTTP connection (1): www.hao123.com
2017-09-16 16:04:04,754 - [connectionpool.py:207] - DEBUG - Starting new HTTP connection (1): news.baidu.com
2017-09-16 16:04:04,778 - [connectionpool.py:395] - DEBUG - http://jianyi.baidu.com:80 "GET / HTTP/1.1" 302 0
2017-09-16 16:04:04,783 - [connectionpool.py:395] - DEBUG - http://home.baidu.com:80 "GET / HTTP/1.1" 200 None
2017-09-16 16:04:04,787 - [connectionpool.py:395] - DEBUG - http://tieba.baidu.com:80 "GET / HTTP/1.1" 302 0
2017-09-16 16:04:04,792 - [connectionpool.py:207] - DEBUG - Starting new HTTP connection (1): help.baidu.com
2017-09-16 16:04:04,803 - [connectionpool.py:818] - DEBUG - Starting new HTTPS connection (1): tieba.baidu.com
2017-09-16 16:04:04,837 - [connectionpool.py:395] - DEBUG - http://map.baidu.com:80 "GET / HTTP/1.1" 200 None
2017-09-16 16:04:04,895 - [connectionpool.py:395] - DEBUG - http://www.hao123.com:80 "GET / HTTP/1.1" 200 None
2017-09-16 16:04:04,966 - [webpage_parser.py:63] - INFO - procotol:http, hostname:home.baidu.com, new_link:/home/index
2017-09-16 16:04:04,967 - [webpage_parser.py:63] - INFO - procotol:http, hostname:home.baidu.com, new_link:/home/index
2017-09-16 16:04:04,967 - [webpage_parser.py:63] - INFO - procotol:http, hostname:home.baidu.com, new_link:/home/index/join_us
2017-09-16 16:04:04,968 - [webpage_parser.py:63] - INFO - procotol:http, hostname:home.baidu.com, new_link:/home/index/contact_us
2017-09-16 16:04:04,969 - [webpage_parser.py:63] - INFO - procotol:http, hostname:home.baidu.com, new_link:/home/index
2017-09-16 16:04:04,969 - [webpage_parser.py:63] - INFO - procotol:http, hostname:home.baidu.com, new_link:/home/index/join_us
2017-09-16 16:04:04,970 - [webpage_parser.py:63] - INFO - procotol:http, hostname:home.baidu.com, new_link:/home/index/contact_us
2017-09-16 16:04:04,970 - [webpage_parser.py:63] - INFO - procotol:http, hostname:home.baidu.com, new_link:/home/index/show_banner_content/id/48
2017-09-16 16:04:04,971 - [webpage_parser.py:63] - INFO - procotol:http, hostname:home.baidu.com, new_link:/home/index/show_banner_content/id/15/type/mobile
2017-09-16 16:04:04,971 - [webpage_parser.py:63] - INFO - procotol:http, hostname:home.baidu.com, new_link:/home/index/show_banner_content/id/38
2017-09-16 16:04:04,972 - [webpage_parser.py:63] - INFO - procotol:http, hostname:home.baidu.com, new_link:/home/index/show_banner_content/id/47
2017-09-16 16:04:04,972 - [webpage_parser.py:63] - INFO - procotol:http, hostname:home.baidu.com, new_link:/home/index/show_mobile_banner_content/id/64
2017-09-16 16:04:04,972 - [webpage_parser.py:63] - INFO - procotol:http, hostname:home.baidu.com, new_link:/home/index/show_mobile_banner_content/id/62
2017-09-16 16:04:04,973 - [webpage_parser.py:63] - INFO - procotol:http, hostname:home.baidu.com, new_link:/home/index/news_list
2017-09-16 16:04:04,973 - [webpage_parser.py:63] - INFO - procotol:http, hostname:home.baidu.com, new_link:/home/index/news_detail/id/17714
2017-09-16 16:04:04,974 - [webpage_parser.py:63] - INFO - procotol:http, hostname:home.baidu.com, new_link:/home/index/news_detail/id/17713
2017-09-16 16:04:04,975 - [webpage_parser.py:63] - INFO - procotol:http, hostname:home.baidu.com, new_link:/home/index/news_detail/id/17712
2017-09-16 16:04:04,975 - [webpage_parser.py:63] - INFO - procotol:http, hostname:home.baidu.com, new_link:/home/index/news_detail/id/17711
2017-09-16 16:04:04,975 - [webpage_parser.py:63] - INFO - procotol:http, hostname:home.baidu.com, new_link:/home/index/news_detail/id/17710
2017-09-16 16:04:04,976 - [webpage_parser.py:63] - INFO - procotol:http, hostname:home.baidu.com, new_link:/home/index/news_detail/id/17709
2017-09-16 16:04:04,976 - [webpage_parser.py:63] - INFO - procotol:http, hostname:home.baidu.com, new_link:/home/index/news_list
2017-09-16 16:04:04,977 - [webpage_parser.py:63] - INFO - procotol:http, hostname:home.baidu.com, new_link:/home/index/special/id/40
2017-09-16 16:04:04,999 - [webpage_saver.py:45] - INFO - url http://map.baidu.com is not match
2017-09-16 16:04:04,999 - [webpage_parser.py:63] - INFO - procotol:http, hostname:home.baidu.com, new_link:/home/index/special/id/29
2017-09-16 16:04:05,000 - [webpage_parser.py:63] - INFO - procotol:http, hostname:home.baidu.com, new_link:/home/index/special/id/34
2017-09-16 16:04:05,001 - [webpage_parser.py:63] - INFO - procotol:http, hostname:home.baidu.com, new_link:/home/index/join_us
2017-09-16 16:04:05,004 - [webpage_parser.py:63] - INFO - procotol:http, hostname:home.baidu.com, new_link:/home/index/company_culture
2017-09-16 16:04:05,005 - [webpage_parser.py:63] - INFO - procotol:http, hostname:home.baidu.com, new_link:/home/index/company
2017-09-16 16:04:05,005 - [webpage_parser.py:63] - INFO - procotol:http, hostname:home.baidu.com, new_link:/home/index/baidu_road
2017-09-16 16:04:05,006 - [webpage_parser.py:63] - INFO - procotol:http, hostname:home.baidu.com, new_link:/home/index/management_team
2017-09-16 16:04:05,010 - [webpage_saver.py:45] - INFO - url http://home.baidu.com is not match
2017-09-16 16:04:05,247 - [webpage_parser.py:63] - INFO - procotol:http, hostname:www.hao123.com, new_link:javascript:;
2017-09-16 16:04:05,250 - [webpage_parser.py:63] - INFO - procotol:http, hostname:www.hao123.com, new_link:/api/ajax?skintype=0&toggle=1
2017-09-16 16:04:05,250 - [webpage_parser.py:63] - INFO - procotol:http, hostname:www.hao123.com, new_link:/api/ajax?menu=tv_kp
2017-09-16 16:04:05,251 - [webpage_parser.py:63] - INFO - procotol:http, hostname:www.hao123.com, new_link:/api/ajax?menu=movie_kp
2017-09-16 16:04:05,252 - [webpage_parser.py:63] - INFO - procotol:http, hostname:www.hao123.com, new_link:/api/ajax?menu=news_kp
2017-09-16 16:04:05,252 - [webpage_parser.py:63] - INFO - procotol:http, hostname:www.hao123.com, new_link:/api/ajax?menu=bagua_kp
2017-09-16 16:04:05,253 - [webpage_parser.py:63] - INFO - procotol:http, hostname:www.hao123.com, new_link:/api/ajax?menu=military_kp
2017-09-16 16:04:05,253 - [webpage_parser.py:63] - INFO - procotol:http, hostname:www.hao123.com, new_link:/api/ajax?menu=game_kp
2017-09-16 16:04:05,253 - [webpage_parser.py:63] - INFO - procotol:http, hostname:www.hao123.com, new_link:/api/ajax?menu=xyx_kp
2017-09-16 16:04:05,254 - [webpage_parser.py:63] - INFO - procotol:http, hostname:www.hao123.com, new_link:/api/ajax?menu=tejia_kp
2017-09-16 16:04:05,254 - [webpage_parser.py:63] - INFO - procotol:http, hostname:www.hao123.com, new_link:/api/ajax?menu=travel_kp
2017-09-16 16:04:05,254 - [webpage_parser.py:63] - INFO - procotol:http, hostname:www.hao123.com, new_link:/api/ajax?menu=auto_kp
2017-09-16 16:04:05,256 - [webpage_parser.py:63] - INFO - procotol:http, hostname:www.hao123.com, new_link:/api/gettop/?t0=1
2017-09-16 16:04:05,256 - [webpage_parser.py:63] - INFO - procotol:http, hostname:www.hao123.com, new_link:/api/gettop/?t0=2
2017-09-16 16:04:05,256 - [webpage_parser.py:63] - INFO - procotol:http, hostname:www.hao123.com, new_link:/api/gettop/?t0=3
2017-09-16 16:04:05,257 - [webpage_parser.py:63] - INFO - procotol:http, hostname:www.hao123.com, new_link:/api/gettop/?t0=4
2017-09-16 16:04:05,258 - [webpage_parser.py:63] - INFO - procotol:http, hostname:www.hao123.com, new_link:javascript:void(0);
2017-09-16 16:04:05,259 - [webpage_parser.py:63] - INFO - procotol:http, hostname:www.hao123.com, new_link:javascript:void(0);
2017-09-16 16:04:05,259 - [webpage_parser.py:63] - INFO - procotol:http, hostname:www.hao123.com, new_link:javascript:void(0);
2017-09-16 16:04:05,272 - [connectionpool.py:395] - DEBUG - http://news.baidu.com:80 "GET / HTTP/1.1" 200 None
2017-09-16 16:04:05,278 - [connectionpool.py:395] - DEBUG - http://ir.baidu.com:80 "GET / HTTP/1.1" 302 749
2017-09-16 16:04:05,282 - [connectionpool.py:395] - DEBUG - http://help.baidu.com:80 "GET / HTTP/1.1" 200 None
2017-09-16 16:04:05,287 - [webpage_saver.py:45] - INFO - url http://www.hao123.com is not match
2017-09-16 16:04:05,417 - [connectionpool.py:395] - DEBUG - http://ir.baidu.com:80 "GET /phoenix.zhtml?c=188488&p=irol-irhome HTTP/1.1" 200 4210
2017-09-16 16:04:05,449 - [webpage_parser.py:63] - INFO - procotol:http, hostname:news.baidu.com, new_link:/
2017-09-16 16:04:05,452 - [webpage_parser.py:63] - INFO - procotol:http, hostname:news.baidu.com, new_link:/guonei
2017-09-16 16:04:05,453 - [webpage_parser.py:63] - INFO - procotol:http, hostname:news.baidu.com, new_link:/guoji
2017-09-16 16:04:05,453 - [webpage_parser.py:63] - INFO - procotol:http, hostname:news.baidu.com, new_link:/mil
2017-09-16 16:04:05,455 - [webpage_parser.py:63] - INFO - procotol:http, hostname:news.baidu.com, new_link:/society
2017-09-16 16:04:05,480 - [webpage_parser.py:63] - INFO - procotol:http, hostname:news.baidu.com, new_link:/finance
2017-09-16 16:04:05,481 - [webpage_parser.py:63] - INFO - procotol:http, hostname:news.baidu.com, new_link:/ent
2017-09-16 16:04:05,482 - [webpage_parser.py:63] - INFO - procotol:http, hostname:news.baidu.com, new_link:/sports
2017-09-16 16:04:05,485 - [webpage_parser.py:63] - INFO - procotol:http, hostname:news.baidu.com, new_link:/internet
2017-09-16 16:04:05,486 - [webpage_parser.py:63] - INFO - procotol:http, hostname:news.baidu.com, new_link:/tech
2017-09-16 16:04:05,487 - [webpage_parser.py:63] - INFO - procotol:http, hostname:news.baidu.com, new_link:/game
2017-09-16 16:04:05,488 - [webpage_parser.py:63] - INFO - procotol:http, hostname:news.baidu.com, new_link:/fashion
2017-09-16 16:04:05,489 - [webpage_parser.py:63] - INFO - procotol:http, hostname:news.baidu.com, new_link:/lady
2017-09-16 16:04:05,524 - [webpage_parser.py:63] - INFO - procotol:http, hostname:news.baidu.com, new_link:/auto
2017-09-16 16:04:05,577 - [webpage_parser.py:63] - INFO - procotol:http, hostname:news.baidu.com, new_link:/house
2017-09-16 16:04:05,596 - [webpage_parser.py:63] - INFO - procotol:http, hostname:news.baidu.com, new_link:/
2017-09-16 16:04:05,617 - [webpage_parser.py:63] - INFO - procotol:http, hostname:jianyi.baidu.com, new_link:/index
2017-09-16 16:04:05,618 - [connectionpool.py:395] - DEBUG - https://tieba.baidu.com:443 "GET /index.html HTTP/1.1" 200 None
2017-09-16 16:04:05,619 - [webpage_parser.py:63] - INFO - procotol:http, hostname:news.baidu.com, new_link:/guonei
2017-09-16 16:04:05,619 - [webpage_parser.py:63] - INFO - procotol:http, hostname:jianyi.baidu.com, new_link:/index
2017-09-16 16:04:05,623 - [webpage_parser.py:63] - INFO - procotol:http, hostname:news.baidu.com, new_link:/guoji
2017-09-16 16:04:05,623 - [webpage_parser.py:63] - INFO - procotol:http, hostname:jianyi.baidu.com, new_link:/question?prod_id=1
2017-09-16 16:04:05,623 - [webpage_parser.py:63] - INFO - procotol:http, hostname:news.baidu.com, new_link:/mil
2017-09-16 16:04:05,624 - [webpage_parser.py:63] - INFO - procotol:http, hostname:jianyi.baidu.com, new_link:/question?prod_id=1
2017-09-16 16:04:05,624 - [webpage_parser.py:63] - INFO - procotol:http, hostname:news.baidu.com, new_link:/society
2017-09-16 16:04:05,624 - [webpage_parser.py:63] - INFO - procotol:http, hostname:jianyi.baidu.com, new_link:/question?prod_id=3
2017-09-16 16:04:05,625 - [webpage_parser.py:63] - INFO - procotol:http, hostname:news.baidu.com, new_link:/finance
2017-09-16 16:04:05,625 - [webpage_parser.py:63] - INFO - procotol:http, hostname:jianyi.baidu.com, new_link:/question?prod_id=3
2017-09-16 16:04:05,626 - [webpage_parser.py:63] - INFO - procotol:http, hostname:news.baidu.com, new_link:/ent
2017-09-16 16:04:05,626 - [webpage_parser.py:63] - INFO - procotol:http, hostname:jianyi.baidu.com, new_link:/question?prod_id=4
2017-09-16 16:04:05,627 - [webpage_parser.py:63] - INFO - procotol:http, hostname:news.baidu.com, new_link:/sports
2017-09-16 16:04:05,627 - [webpage_parser.py:63] - INFO - procotol:http, hostname:jianyi.baidu.com, new_link:/question?prod_id=4
2017-09-16 16:04:05,628 - [webpage_parser.py:63] - INFO - procotol:http, hostname:news.baidu.com, new_link:/internet
2017-09-16 16:04:05,628 - [webpage_parser.py:63] - INFO - procotol:http, hostname:jianyi.baidu.com, new_link:/question?prod_id=9
2017-09-16 16:04:05,629 - [webpage_parser.py:63] - INFO - procotol:http, hostname:news.baidu.com, new_link:/tech
2017-09-16 16:04:05,629 - [webpage_parser.py:63] - INFO - procotol:http, hostname:jianyi.baidu.com, new_link:/question?prod_id=9
2017-09-16 16:04:05,630 - [webpage_parser.py:63] - INFO - procotol:http, hostname:news.baidu.com, new_link:/game
2017-09-16 16:04:05,630 - [webpage_parser.py:63] - INFO - procotol:http, hostname:jianyi.baidu.com, new_link:/question?prod_id=28
2017-09-16 16:04:05,631 - [webpage_parser.py:63] - INFO - procotol:http, hostname:news.baidu.com, new_link:/fashion
2017-09-16 16:04:05,632 - [webpage_parser.py:63] - INFO - procotol:http, hostname:jianyi.baidu.com, new_link:/question?prod_id=28
2017-09-16 16:04:05,633 - [webpage_parser.py:63] - INFO - procotol:http, hostname:news.baidu.com, new_link:/lady
2017-09-16 16:04:05,633 - [webpage_parser.py:63] - INFO - procotol:http, hostname:jianyi.baidu.com, new_link:/question?prod_id=10
2017-09-16 16:04:05,634 - [webpage_parser.py:63] - INFO - procotol:http, hostname:news.baidu.com, new_link:/auto
2017-09-16 16:04:05,634 - [webpage_parser.py:63] - INFO - procotol:http, hostname:jianyi.baidu.com, new_link:/question?prod_id=10
2017-09-16 16:04:05,635 - [webpage_parser.py:63] - INFO - procotol:http, hostname:news.baidu.com, new_link:/house
2017-09-16 16:04:05,635 - [webpage_parser.py:63] - INFO - procotol:http, hostname:jianyi.baidu.com, new_link:/question?prod_id=29
2017-09-16 16:04:05,636 - [webpage_parser.py:63] - INFO - procotol:http, hostname:news.baidu.com, new_link:javascript:;
2017-09-16 16:04:05,636 - [webpage_parser.py:63] - INFO - procotol:http, hostname:jianyi.baidu.com, new_link:/question?prod_id=29
2017-09-16 16:04:05,637 - [webpage_parser.py:63] - INFO - procotol:http, hostname:news.baidu.com, new_link:javascript:;
2017-09-16 16:04:05,638 - [webpage_parser.py:63] - INFO - procotol:http, hostname:jianyi.baidu.com, new_link:/question?prod_id=25
2017-09-16 16:04:05,638 - [webpage_parser.py:63] - INFO - procotol:http, hostname:news.baidu.com, new_link:javascript:;
2017-09-16 16:04:05,639 - [webpage_parser.py:63] - INFO - procotol:http, hostname:jianyi.baidu.com, new_link:/question?prod_id=25
2017-09-16 16:04:05,639 - [webpage_parser.py:63] - INFO - procotol:http, hostname:news.baidu.com, new_link:javascript:;
2017-09-16 16:04:05,640 - [webpage_parser.py:63] - INFO - procotol:http, hostname:jianyi.baidu.com, new_link:/question?prod_id=12
2017-09-16 16:04:05,642 - [webpage_parser.py:63] - INFO - procotol:http, hostname:news.baidu.com, new_link:javascript:;
2017-09-16 16:04:05,643 - [webpage_parser.py:63] - INFO - procotol:http, hostname:jianyi.baidu.com, new_link:/question?prod_id=12
2017-09-16 16:04:05,643 - [webpage_parser.py:63] - INFO - procotol:http, hostname:news.baidu.com, new_link:javascript:;
2017-09-16 16:04:05,643 - [webpage_parser.py:63] - INFO - procotol:http, hostname:jianyi.baidu.com, new_link:/question?prod_id=6
2017-09-16 16:04:05,644 - [webpage_parser.py:63] - INFO - procotol:http, hostname:news.baidu.com, new_link:javascript:void(0);
2017-09-16 16:04:05,645 - [webpage_parser.py:63] - INFO - procotol:http, hostname:jianyi.baidu.com, new_link:/question?prod_id=6
2017-09-16 16:04:05,645 - [webpage_parser.py:63] - INFO - procotol:http, hostname:news.baidu.com, new_link:javascript:void(0);
2017-09-16 16:04:05,645 - [webpage_parser.py:63] - INFO - procotol:http, hostname:jianyi.baidu.com, new_link:/question?prod_id=2
2017-09-16 16:04:05,646 - [webpage_parser.py:63] - INFO - procotol:http, hostname:news.baidu.com, new_link:javascript:void(0)
2017-09-16 16:04:05,646 - [webpage_parser.py:63] - INFO - procotol:http, hostname:jianyi.baidu.com, new_link:/question?prod_id=2
2017-09-16 16:04:05,647 - [webpage_parser.py:63] - INFO - procotol:http, hostname:news.baidu.com, new_link:javascript:void(0)
2017-09-16 16:04:05,647 - [webpage_parser.py:63] - INFO - procotol:http, hostname:jianyi.baidu.com, new_link:#1
2017-09-16 16:04:05,648 - [webpage_parser.py:63] - INFO - procotol:http, hostname:news.baidu.com, new_link:javascript:void(0)
2017-09-16 16:04:05,649 - [webpage_parser.py:63] - INFO - procotol:http, hostname:jianyi.baidu.com, new_link:#2
2017-09-16 16:04:05,649 - [webpage_parser.py:63] - INFO - procotol:http, hostname:news.baidu.com, new_link:javascript:void(0)
2017-09-16 16:04:05,650 - [webpage_parser.py:63] - INFO - procotol:http, hostname:jianyi.baidu.com, new_link:#3
2017-09-16 16:04:05,650 - [webpage_parser.py:63] - INFO - procotol:http, hostname:news.baidu.com, new_link:javascript:void(0)
2017-09-16 16:04:05,651 - [webpage_parser.py:63] - INFO - procotol:http, hostname:jianyi.baidu.com, new_link:#4
2017-09-16 16:04:05,651 - [webpage_parser.py:63] - INFO - procotol:http, hostname:news.baidu.com, new_link:javascript:void(0)
2017-09-16 16:04:05,651 - [webpage_parser.py:63] - INFO - procotol:http, hostname:jianyi.baidu.com, new_link:#5
2017-09-16 16:04:05,663 - [webpage_parser.py:63] - INFO - procotol:http, hostname:news.baidu.com, new_link:javascript:void(0)
2017-09-16 16:04:05,717 - [webpage_parser.py:63] - INFO - procotol:http, hostname:jianyi.baidu.com, new_link:#6
2017-09-16 16:04:05,759 - [webpage_parser.py:63] - INFO - procotol:http, hostname:news.baidu.com, new_link:javascript:void(0)
2017-09-16 16:04:05,800 - [webpage_parser.py:63] - INFO - procotol:http, hostname:jianyi.baidu.com, new_link:#7
2017-09-16 16:04:05,826 - [webpage_parser.py:63] - INFO - procotol:http, hostname:news.baidu.com, new_link:/n?cmd=1&class=reci
2017-09-16 16:04:05,884 - [connectionpool.py:207] - DEBUG - Starting new HTTP connection (1): v.baidu.com
2017-09-16 16:04:05,885 - [webpage_parser.py:63] - INFO - procotol:http, hostname:jianyi.baidu.com, new_link:/question?prod_id=1
2017-09-16 16:04:05,890 - [webpage_parser.py:63] - INFO - procotol:http, hostname:news.baidu.com, new_link:javascript:void(0)
2017-09-16 16:04:05,971 - [webpage_parser.py:63] - INFO - procotol:http, hostname:tieba.baidu.com, new_link:/
2017-09-16 16:04:05,972 - [webpage_parser.py:63] - INFO - procotol:http, hostname:news.baidu.com, new_link:javascript:void(0)
2017-09-16 16:04:05,973 - [webpage_parser.py:63] - INFO - procotol:http, hostname:jianyi.baidu.com, new_link:/question?prod_id=1
2017-09-16 16:04:05,974 - [webpage_parser.py:63] - INFO - procotol:http, hostname:tieba.baidu.com, new_link:/f/index/forumpark?pcn=娱乐明星&pci=0&ct=1&rn=20&pn=1
2017-09-16 16:04:05,975 - [webpage_parser.py:63] - INFO - procotol:http, hostname:news.baidu.com, new_link:javascript:void(0)
2017-09-16 16:04:05,977 - [webpage_parser.py:63] - INFO - procotol:http, hostname:jianyi.baidu.com, new_link:/question?prod_id=2
2017-09-16 16:04:05,978 - [webpage_parser.py:63] - INFO - procotol:http, hostname:tieba.baidu.com, new_link:/f/index/forumpark?cn=港台东南亚明星&ci=0&pcn=娱乐明星&pci=0&ct=1&rn=20&pn=1
2017-09-16 16:04:05,979 - [webpage_parser.py:63] - INFO - procotol:http, hostname:news.baidu.com, new_link:/n?cmd=6&loc=0&name=%B8%DB%B0%C4%CC%A8&locname=%B8%DB%B0%C4%CC%A8
2017-09-16 16:04:05,979 - [webpage_parser.py:63] - INFO - procotol:http, hostname:jianyi.baidu.com, new_link:/question?prod_id=2
2017-09-16 16:04:06,017 - [webpage_parser.py:63] - INFO - procotol:http, hostname:ir.baidu.com, new_link:phoenix.zhtml?c=188488&p=irol-irhome
2017-09-16 16:04:06,024 - [webpage_parser.py:63] - INFO - procotol:http, hostname:news.baidu.com, new_link:javascript:;
2017-09-16 16:04:06,026 - [webpage_parser.py:63] - INFO - procotol:http, hostname:jianyi.baidu.com, new_link:/question?prod_id=7
2017-09-16 16:04:06,028 - [connectionpool.py:207] - DEBUG - Starting new HTTP connection (1): www.baidu.com
2017-09-16 16:04:06,029 - [webpage_parser.py:63] - INFO - procotol:http, hostname:tieba.baidu.com, new_link:/f/index/forumpark?cn=内地明星&ci=0&pcn=娱乐明星&pci=0&ct=1&rn=20&pn=1
2017-09-16 16:04:06,030 - [webpage_parser.py:63] - INFO - procotol:http, hostname:news.baidu.com, new_link:javascript:;
2017-09-16 16:04:06,030 - [webpage_parser.py:63] - INFO - procotol:http, hostname:jianyi.baidu.com, new_link:/question?prod_id=7
2017-09-16 16:04:06,033 - [connectionpool.py:207] - DEBUG - Starting new HTTP connection (1): www.baidu.com
2017-09-16 16:04:06,034 - [webpage_parser.py:63] - INFO - procotol:http, hostname:ir.baidu.com, new_link:phoenix.zhtml?c=188488&p=irol-homeprofile
2017-09-16 16:04:06,035 - [webpage_parser.py:63] - INFO - procotol:http, hostname:tieba.baidu.com, new_link:/f/index/forumpark?cn=韩国明星&ci=0&pcn=娱乐明星&pci=0&ct=1&rn=20&pn=1
2017-09-16 16:04:06,036 - [webpage_parser.py:63] - INFO - procotol:http, hostname:news.baidu.com, new_link:javascript:;
2017-09-16 16:04:06,037 - [webpage_parser.py:63] - INFO - procotol:http, hostname:jianyi.baidu.com, new_link:/question?prod_id=18
2017-09-16 16:04:06,038 - [webpage_parser.py:63] - INFO - procotol:http, hostname:ir.baidu.com, new_link:phoenix.zhtml?c=188488&p=irol-milestones
2017-09-16 16:04:06,038 - [webpage_parser.py:63] - INFO - procotol:http, hostname:tieba.baidu.com, new_link:/f/index/forumpark?cn=日本明星&ci=0&pcn=娱乐明星&pci=0&ct=1&rn=20&pn=1
2017-09-16 16:04:06,039 - [webpage_parser.py:63] - INFO - procotol:http, hostname:news.baidu.com, new_link:javascript:;
2017-09-16 16:04:06,039 - [webpage_parser.py:63] - INFO - procotol:http, hostname:jianyi.baidu.com, new_link:/question?prod_id=18
2017-09-16 16:04:06,040 - [webpage_parser.py:63] - INFO - procotol:http, hostname:ir.baidu.com, new_link:phoenix.zhtml?c=188488&p=irol-govmanage
2017-09-16 16:04:06,041 - [webpage_parser.py:63] - INFO - procotol:http, hostname:tieba.baidu.com, new_link:/f/index/forumpark?cn=时尚人物&ci=0&pcn=娱乐明星&pci=0&ct=1&rn=20&pn=1
2017-09-16 16:04:06,042 - [webpage_parser.py:63] - INFO - procotol:http, hostname:jianyi.baidu.com, new_link:/question?prod_id=4
2017-09-16 16:04:06,044 - [webpage_parser.py:63] - INFO - procotol:http, hostname:tieba.baidu.com, new_link:/f/index/forumpark?cn=欧美明星&ci=0&pcn=娱乐明星&pci=0&ct=1&rn=20&pn=1
2017-09-16 16:04:06,045 - [webpage_parser.py:63] - INFO - procotol:http, hostname:ir.baidu.com, new_link:phoenix.zhtml?c=188488&p=irol-govboard
2017-09-16 16:04:06,046 - [webpage_parser.py:63] - INFO - procotol:http, hostname:jianyi.baidu.com, new_link:/question?prod_id=4
2017-09-16 16:04:06,046 - [webpage_parser.py:63] - INFO - procotol:http, hostname:tieba.baidu.com, new_link:/f/index/forumpark?cn=主持人&ci=0&pcn=娱乐明星&pci=0&ct=1&rn=20&pn=1
2017-09-16 16:04:06,047 - [webpage_parser.py:63] - INFO - procotol:http, hostname:ir.baidu.com, new_link:phoenix.zhtml?c=188488&p=irol-news
2017-09-16 16:04:06,047 - [webpage_parser.py:63] - INFO - procotol:http, hostname:jianyi.baidu.com, new_link:/question?prod_id=5
2017-09-16 16:04:06,048 - [connectionpool.py:395] - DEBUG - http://www.baidu.com:80 "GET /duty/ HTTP/1.1" 200 2451
2017-09-16 16:04:06,049 - [webpage_parser.py:63] - INFO - procotol:http, hostname:tieba.baidu.com, new_link:/f/index/forumpark?cn=其他娱乐明星&ci=0&pcn=娱乐明星&pci=0&ct=1&rn=20&pn=1
2017-09-16 16:04:06,050 - [webpage_parser.py:63] - INFO - procotol:http, hostname:ir.baidu.com, new_link:phoenix.zhtml?c=188488&p=irol-reportsannual
2017-09-16 16:04:06,051 - [connectionpool.py:395] - DEBUG - http://www.baidu.com:80 "GET /bdorz/login.gif?login&tpl=mn&u=http%3A%2F%2Fwww.baidu.com%2f%3fbdorz_come%3d1 HTTP/1.1" 302 161
2017-09-16 16:04:06,051 - [webpage_parser.py:63] - INFO - procotol:http, hostname:jianyi.baidu.com, new_link:/question?prod_id=5
2017-09-16 16:04:06,054 - [webpage_saver.py:45] - INFO - url http://news.baidu.com is not match
2017-09-16 16:04:06,057 - [webpage_parser.py:63] - INFO - procotol:http, hostname:tieba.baidu.com, new_link:/f/index/forumpark?pcn=电视节目&pci=0&ct=1&rn=20&pn=1
2017-09-16 16:04:06,057 - [webpage_parser.py:63] - INFO - procotol:http, hostname:ir.baidu.com, new_link:phoenix.zhtml?c=188488&p=irol-presentations
2017-09-16 16:04:06,061 - [webpage_parser.py:63] - INFO - procotol:http, hostname:jianyi.baidu.com, new_link:/question?prod_id=6
2017-09-16 16:04:06,065 - [webpage_parser.py:63] - INFO - procotol:http, hostname:tieba.baidu.com, new_link:/f/index/forumpark?cn=内地综艺&ci=0&pcn=电视节目&pci=0&ct=1&rn=20&pn=1
2017-09-16 16:04:06,082 - [webpage_parser.py:63] - INFO - procotol:http, hostname:www.baidu.com, new_link:copyright.html
2017-09-16 16:04:06,083 - [webpage_parser.py:63] - INFO - procotol:http, hostname:ir.baidu.com, new_link:phoenix.zhtml?c=188488&p=irol-stockquote
2017-09-16 16:04:06,085 - [webpage_parser.py:63] - INFO - procotol:http, hostname:jianyi.baidu.com, new_link:/question?prod_id=6
2017-09-16 16:04:06,087 - [webpage_parser.py:63] - INFO - procotol:http, hostname:tieba.baidu.com, new_link:/f/index/forumpark?cn=台湾综艺&ci=0&pcn=电视节目&pci=0&ct=1&rn=20&pn=1
2017-09-16 16:04:06,088 - [connectionpool.py:818] - DEBUG - Starting new HTTPS connection (1): passport.baidu.com
2017-09-16 16:04:06,089 - [webpage_parser.py:63] - INFO - procotol:http, hostname:www.baidu.com, new_link:right.html
2017-09-16 16:04:06,090 - [webpage_parser.py:63] - INFO - procotol:http, hostname:ir.baidu.com, new_link:phoenix.zhtml?c=188488&p=irol-sec
2017-09-16 16:04:06,091 - [webpage_parser.py:63] - INFO - procotol:http, hostname:jianyi.baidu.com, new_link:/question?prod_id=159
2017-09-16 16:04:06,091 - [webpage_parser.py:63] - INFO - procotol:http, hostname:tieba.baidu.com, new_link:/f/index/forumpark?cn=韩国综艺&ci=0&pcn=电视节目&pci=0&ct=1&rn=20&pn=1
2017-09-16 16:04:06,092 - [webpage_parser.py:63] - INFO - procotol:http, hostname:www.baidu.com, new_link:yinsiquan.html
2017-09-16 16:04:06,093 - [webpage_parser.py:63] - INFO - procotol:http, hostname:ir.baidu.com, new_link:phoenix.zhtml?c=188488&p=irol-analysts
2017-09-16 16:04:06,093 - [webpage_parser.py:63] - INFO - procotol:http, hostname:jianyi.baidu.com, new_link:/question?prod_id=159
2017-09-16 16:04:06,094 - [webpage_parser.py:63] - INFO - procotol:http, hostname:tieba.baidu.com, new_link:/f/index/forumpark?cn=时尚·生活服务&ci=0&pcn=电视节目&pci=0&ct=1&rn=20&pn=1
2017-09-16 16:04:06,094 - [webpage_parser.py:63] - INFO - procotol:http, hostname:www.baidu.com, new_link:baozhang.html
2017-09-16 16:04:06,094 - [webpage_parser.py:63] - INFO - procotol:http, hostname:ir.baidu.com, new_link:phoenix.zhtml?c=188488&p=irol-calendar
2017-09-16 16:04:06,095 - [webpage_parser.py:63] - INFO - procotol:http, hostname:jianyi.baidu.com, new_link:/question?prod_id=58
2017-09-16 16:04:06,095 - [webpage_parser.py:63] - INFO - procotol:http, hostname:tieba.baidu.com, new_link:/f/index/forumpark?cn=体育运动·健身&ci=0&pcn=电视节目&pci=0&ct=1&rn=20&pn=1
2017-09-16 16:04:06,096 - [webpage_parser.py:63] - INFO - procotol:http, hostname:www.baidu.com, new_link:index.html
2017-09-16 16:04:06,096 - [webpage_parser.py:63] - INFO - procotol:http, hostname:ir.baidu.com, new_link:phoenix.zhtml?c=188488&p=irol-faq
2017-09-16 16:04:06,097 - [webpage_parser.py:63] - INFO - procotol:http, hostname:jianyi.baidu.com, new_link:/question?prod_id=58
2017-09-16 16:04:06,098 - [webpage_parser.py:63] - INFO - procotol:http, hostname:tieba.baidu.com, new_link:/f/index/forumpark?cn=财经·职场&ci=0&pcn=电视节目&pci=0&ct=1&rn=20&pn=1
2017-09-16 16:04:06,099 - [webpage_saver.py:45] - INFO - url http://www.baidu.com/duty/ is not match
2017-09-16 16:04:06,100 - [webpage_parser.py:63] - INFO - procotol:http, hostname:ir.baidu.com, new_link:phoenix.zhtml?c=188488&p=irol-govhighlights
2017-09-16 16:04:06,101 - [webpage_parser.py:63] - INFO - procotol:http, hostname:jianyi.baidu.com, new_link:/question?prod_id=171
2017-09-16 16:04:06,101 - [webpage_parser.py:63] - INFO - procotol:http, hostname:tieba.baidu.com, new_link:/f/index/forumpark?cn=新闻资讯&ci=0&pcn=电视节目&pci=0&ct=1&rn=20&pn=1
2017-09-16 16:04:06,104 - [webpage_parser.py:63] - INFO - procotol:http, hostname:ir.baidu.com, new_link:phoenix.zhtml?c=188488&p=irol-searchservices
2017-09-16 16:04:06,105 - [webpage_parser.py:63] - INFO - procotol:http, hostname:jianyi.baidu.com, new_link:/question?prod_id=171
2017-09-16 16:04:06,106 - [webpage_parser.py:63] - INFO - procotol:http, hostname:tieba.baidu.com, new_link:/f/index/forumpark?cn=电视台及频道&ci=0&pcn=电视节目&pci=0&ct=1&rn=20&pn=1
2017-09-16 16:04:06,107 - [webpage_parser.py:63] - INFO - procotol:http, hostname:ir.baidu.com, new_link:phoenix.zhtml?c=188488&p=irol-transactointservices
2017-09-16 16:04:06,108 - [webpage_parser.py:63] - INFO - procotol:http, hostname:jianyi.baidu.com, new_link:/question?prod_id=69
2017-09-16 16:04:06,108 - [webpage_parser.py:63] - INFO - procotol:http, hostname:tieba.baidu.com, new_link:/f/index/forumpark?pcn=电视剧&pci=0&ct=1&rn=20&pn=1
2017-09-16 16:04:06,109 - [webpage_parser.py:63] - INFO - procotol:http, hostname:ir.baidu.com, new_link:phoenix.zhtml?c=188488&p=irol-iqiyi
2017-09-16 16:04:06,110 - [webpage_parser.py:63] - INFO - procotol:http, hostname:jianyi.baidu.com, new_link:/question?prod_id=69
2017-09-16 16:04:06,110 - [webpage_parser.py:63] - INFO - procotol:http, hostname:tieba.baidu.com, new_link:/f/index/forumpark?cn=韩国电视剧&ci=0&pcn=电视剧&pci=0&ct=1&rn=20&pn=1
2017-09-16 16:04:06,110 - [webpage_parser.py:63] - INFO - procotol:http, hostname:ir.baidu.com, new_link:phoenix.zhtml?c=188488&p=irol-contacts
2017-09-16 16:04:06,111 - [webpage_parser.py:63] - INFO - procotol:http, hostname:jianyi.baidu.com, new_link:/question?prod_id=8
2017-09-16 16:04:06,111 - [webpage_parser.py:63] - INFO - procotol:http, hostname:tieba.baidu.com, new_link:/f/index/forumpark?cn=香港电视剧&ci=0&pcn=电视剧&pci=0&ct=1&rn=20&pn=1
2017-09-16 16:04:06,112 - [webpage_parser.py:63] - INFO - procotol:http, hostname:ir.baidu.com, new_link:phoenix.zhtml?c=188488&p=irol-ipp
2017-09-16 16:04:06,113 - [webpage_parser.py:63] - INFO - procotol:http, hostname:jianyi.baidu.com, new_link:/question?prod_id=8
2017-09-16 16:04:06,114 - [webpage_parser.py:63] - INFO - procotol:http, hostname:tieba.baidu.com, new_link:/f/index/forumpark?cn=美剧&ci=0&pcn=电视剧&pci=0&ct=1&rn=20&pn=1
2017-09-16 16:04:06,114 - [webpage_parser.py:63] - INFO - procotol:http, hostname:ir.baidu.com, new_link:phoenix.zhtml?c=188488&p=irol-searchengine
2017-09-16 16:04:06,115 - [webpage_parser.py:63] - INFO - procotol:http, hostname:jianyi.baidu.com, new_link:/question?prod_id=92
2017-09-16 16:04:06,116 - [webpage_parser.py:63] - INFO - procotol:http, hostname:tieba.baidu.com, new_link:/f/index/forumpark?cn=日本电视剧&ci=0&pcn=电视剧&pci=0&ct=1&rn=20&pn=1
2017-09-16 16:04:06,116 - [webpage_parser.py:63] - INFO - procotol:http, hostname:ir.baidu.com, new_link:phoenix.zhtml?c=188488&p=irol-alerts
2017-09-16 16:04:06,117 - [webpage_parser.py:63] - INFO - procotol:http, hostname:jianyi.baidu.com, new_link:/question?prod_id=92
2017-09-16 16:04:06,118 - [webpage_parser.py:63] - INFO - procotol:http, hostname:tieba.baidu.com, new_link:/f/index/forumpark?cn=内地电视剧&ci=0&pcn=电视剧&pci=0&ct=1&rn=20&pn=1
2017-09-16 16:04:06,118 - [webpage_parser.py:63] - INFO - procotol:http, hostname:ir.baidu.com, new_link:phoenix.zhtml?c=188488&p=irol-homeprofile
2017-09-16 16:04:06,119 - [webpage_parser.py:63] - INFO - procotol:http, hostname:jianyi.baidu.com, new_link:/question?prod_id=24
2017-09-16 16:04:06,120 - [webpage_parser.py:63] - INFO - procotol:http, hostname:tieba.baidu.com, new_link:/f/index/forumpark?cn=台湾电视剧&ci=0&pcn=电视剧&pci=0&ct=1&rn=20&pn=1
2017-09-16 16:04:06,121 - [webpage_parser.py:63] - INFO - procotol:http, hostname:ir.baidu.com, new_link:phoenix.zhtml?c=188488&p=irol-news
2017-09-16 16:04:06,122 - [webpage_parser.py:63] - INFO - procotol:http, hostname:jianyi.baidu.com, new_link:/question?prod_id=24
2017-09-16 16:04:06,124 - [webpage_parser.py:63] - INFO - procotol:http, hostname:tieba.baidu.com, new_link:/f/index/forumpark?cn=东南亚电视剧&ci=0&pcn=电视剧&pci=0&ct=1&rn=20&pn=1
2017-09-16 16:04:06,124 - [webpage_parser.py:63] - INFO - procotol:http, hostname:ir.baidu.com, new_link:phoenix.zhtml?c=188488&p=irol-newsArticle&ID=2295394
2017-09-16 16:04:06,125 - [webpage_parser.py:63] - INFO - procotol:http, hostname:jianyi.baidu.com, new_link:/question?prod_id=113
2017-09-16 16:04:06,125 - [webpage_parser.py:63] - INFO - procotol:http, hostname:tieba.baidu.com, new_link:/f/index/forumpark?cn=其他地区电视剧&ci=0&pcn=电视剧&pci=0&ct=1&rn=20&pn=1
2017-09-16 16:04:06,126 - [webpage_parser.py:63] - INFO - procotol:http, hostname:ir.baidu.com, new_link:phoenix.zhtml?c=188488&p=irol-newsArticle&ID=2294188
2017-09-16 16:04:06,126 - [webpage_parser.py:63] - INFO - procotol:http, hostname:jianyi.baidu.com, new_link:/question?prod_id=113
2017-09-16 16:04:06,127 - [webpage_parser.py:63] - INFO - procotol:http, hostname:tieba.baidu.com, new_link:/f/index/forumpark?pcn=电影&pci=0&ct=1&rn=20&pn=1
2017-09-16 16:04:06,127 - [webpage_parser.py:63] - INFO - procotol:http, hostname:ir.baidu.com, new_link:phoenix.zhtml?c=188488&p=irol-newsArticle&ID=2289721
2017-09-16 16:04:06,128 - [webpage_parser.py:63] - INFO - procotol:http, hostname:jianyi.baidu.com, new_link:/question?prod_id=16
2017-09-16 16:04:06,128 - [webpage_parser.py:63] - INFO - procotol:http, hostname:tieba.baidu.com, new_link:/f/index/forumpark?cn=香港电影&ci=0&pcn=电影&pci=0&ct=1&rn=20&pn=1
2017-09-16 16:04:06,128 - [webpage_parser.py:63] - INFO - procotol:http, hostname:ir.baidu.com, new_link:phoenix.zhtml?c=188488&p=irol-reportsannual
2017-09-16 16:04:06,129 - [webpage_parser.py:63] - INFO - procotol:http, hostname:jianyi.baidu.com, new_link:/question?prod_id=16
2017-09-16 16:04:06,130 - [webpage_parser.py:63] - INFO - procotol:http, hostname:tieba.baidu.com, new_link:/f/index/forumpark?cn=欧美电影&ci=0&pcn=电影&pci=0&ct=1&rn=20&pn=1
2017-09-16 16:04:06,131 - [webpage_parser.py:63] - INFO - procotol:http, hostname:ir.baidu.com, new_link:phoenix.zhtml?c=188488&p=irol-calendar
2017-09-16 16:04:06,132 - [webpage_parser.py:63] - INFO - procotol:http, hostname:jianyi.baidu.com, new_link:/question?prod_id=12
2017-09-16 16:04:06,133 - [webpage_parser.py:63] - INFO - procotol:http, hostname:tieba.baidu.com, new_link:/f/index/forumpark?cn=内地电影&ci=0&pcn=电影&pci=0&ct=1&rn=20&pn=1
2017-09-16 16:04:06,133 - [webpage_parser.py:63] - INFO - procotol:http, hostname:ir.baidu.com, new_link:phoenix.zhtml?c=188488&p=irol-sec
2017-09-16 16:04:06,135 - [webpage_parser.py:63] - INFO - procotol:http, hostname:jianyi.baidu.com, new_link:/question?prod_id=12
2017-09-16 16:04:06,136 - [webpage_parser.py:63] - INFO - procotol:http, hostname:tieba.baidu.com, new_link:/f/index/forumpark?cn=韩国电影&ci=0&pcn=电影&pci=0&ct=1&rn=20&pn=1
2017-09-16 16:04:06,138 - [webpage_parser.py:63] - INFO - procotol:http, hostname:ir.baidu.com, new_link:phoenix.zhtml?c=188488&p=irol-stockquote
2017-09-16 16:04:06,139 - [webpage_parser.py:63] - INFO - procotol:http, hostname:jianyi.baidu.com, new_link:/question?prod_id=10
2017-09-16 16:04:06,140 - [webpage_parser.py:63] - INFO - procotol:http, hostname:tieba.baidu.com, new_link:/f/index/forumpark?cn=日本电影&ci=0&pcn=电影&pci=0&ct=1&rn=20&pn=1
2017-09-16 16:04:06,140 - [webpage_parser.py:63] - INFO - procotol:http, hostname:ir.baidu.com, new_link:phoenix.zhtml?c=188488&p=irol-faq
2017-09-16 16:04:06,141 - [webpage_parser.py:63] - INFO - procotol:http, hostname:jianyi.baidu.com, new_link:/question?prod_id=10
2017-09-16 16:04:06,141 - [webpage_parser.py:63] - INFO - procotol:http, hostname:tieba.baidu.com, new_link:/f/index/forumpark?cn=台湾电影&ci=0&pcn=电影&pci=0&ct=1&rn=20&pn=1
2017-09-16 16:04:06,142 - [webpage_parser.py:63] - INFO - procotol:http, hostname:ir.baidu.com, new_link:phoenix.zhtml?c=188488&p=irol-alerts
2017-09-16 16:04:06,142 - [webpage_parser.py:63] - INFO - procotol:http, hostname:jianyi.baidu.com, new_link:/question?prod_id=3
2017-09-16 16:04:06,143 - [webpage_parser.py:63] - INFO - procotol:http, hostname:tieba.baidu.com, new_link:/f/index/forumpark?cn=电影话题&ci=0&pcn=电影&pci=0&ct=1&rn=20&pn=1
2017-09-16 16:04:06,143 - [webpage_parser.py:63] - INFO - procotol:http, hostname:ir.baidu.com, new_link:phoenix.zhtml?c=188488&p=irol-govhighlights
2017-09-16 16:04:06,144 - [webpage_parser.py:63] - INFO - procotol:http, hostname:jianyi.baidu.com, new_link:/question?prod_id=3
2017-09-16 16:04:06,144 - [webpage_parser.py:63] - INFO - procotol:http, hostname:tieba.baidu.com, new_link:/f/index/forumpark?cn=东南亚电影&ci=0&pcn=电影&pci=0&ct=1&rn=20&pn=1
2017-09-16 16:04:06,145 - [webpage_parser.py:63] - INFO - procotol:http, hostname:ir.baidu.com, new_link:phoenix.zhtml?c=188488&p=irol-analysts
2017-09-16 16:04:06,145 - [webpage_parser.py:63] - INFO - procotol:http, hostname:jianyi.baidu.com, new_link:/question?prod_id=9
2017-09-16 16:04:06,146 - [webpage_parser.py:63] - INFO - procotol:http, hostname:tieba.baidu.com, new_link:/f/index/forumpark?pcn=体育迷&pci=275&ct=0&rn=20&pn=1
2017-09-16 16:04:06,147 - [webpage_parser.py:63] - INFO - procotol:http, hostname:ir.baidu.com, new_link:phoenix.zhtml?c=188488&p=irol-contacts
2017-09-16 16:04:06,148 - [webpage_parser.py:63] - INFO - procotol:http, hostname:jianyi.baidu.com, new_link:/question?prod_id=9
2017-09-16 16:04:06,150 - [webpage_parser.py:63] - INFO - procotol:http, hostname:tieba.baidu.com, new_link:/f/index/forumpark?cn=足球&ci=276&pcn=体育迷&pci=275&ct=0&rn=20&pn=1
2017-09-16 16:04:06,153 - [webpage_parser.py:63] - INFO - procotol:http, hostname:ir.baidu.com, new_link:phoenix.zhtml?c=188488&p=disclaimer
2017-09-16 16:04:06,154 - [webpage_parser.py:63] - INFO - procotol:http, hostname:jianyi.baidu.com, new_link:/question?prod_id=17
2017-09-16 16:04:06,154 - [webpage_parser.py:63] - INFO - procotol:http, hostname:tieba.baidu.com, new_link:/f/index/forumpark?cn=篮球&ci=277&pcn=体育迷&pci=275&ct=0&rn=20&pn=1
2017-09-16 16:04:06,155 - [webpage_parser.py:63] - INFO - procotol:http, hostname:ir.baidu.com, new_link:phoenix.zhtml?c=188488&p=privacy
2017-09-16 16:04:06,155 - [webpage_parser.py:63] - INFO - procotol:http, hostname:jianyi.baidu.com, new_link:/question?prod_id=17
2017-09-16 16:04:06,156 - [webpage_parser.py:63] - INFO - procotol:http, hostname:tieba.baidu.com, new_link:/f/index/forumpark?cn=NBA&ci=278&pcn=体育迷&pci=275&ct=0&rn=20&pn=1
2017-09-16 16:04:06,157 - [webpage_parser.py:63] - INFO - procotol:http, hostname:jianyi.baidu.com, new_link:/question?prod_id=31
2017-09-16 16:04:06,159 - [webpage_saver.py:45] - INFO - url http://ir.baidu.com is not match
2017-09-16 16:04:06,159 - [webpage_parser.py:63] - INFO - procotol:http, hostname:tieba.baidu.com, new_link:/f/index/forumpark?cn=CBA&ci=279&pcn=体育迷&pci=275&ct=0&rn=20&pn=1
2017-09-16 16:04:06,159 - [webpage_parser.py:63] - INFO - procotol:http, hostname:jianyi.baidu.com, new_link:/question?prod_id=31
2017-09-16 16:04:06,160 - [webpage_parser.py:63] - INFO - procotol:http, hostname:tieba.baidu.com, new_link:/f/index/forumpark?cn=乒乓球&ci=280&pcn=体育迷&pci=275&ct=0&rn=20&pn=1
2017-09-16 16:04:06,161 - [webpage_parser.py:63] - INFO - procotol:http, hostname:jianyi.baidu.com, new_link:/question?prod_id=13
2017-09-16 16:04:06,161 - [webpage_parser.py:63] - INFO - procotol:http, hostname:tieba.baidu.com, new_link:/f/index/forumpark?cn=网球&ci=281&pcn=体育迷&pci=275&ct=0&rn=20&pn=1
2017-09-16 16:04:06,161 - [webpage_parser.py:63] - INFO - procotol:http, hostname:jianyi.baidu.com, new_link:/question?prod_id=13
2017-09-16 16:04:06,162 - [webpage_parser.py:63] - INFO - procotol:http, hostname:tieba.baidu.com, new_link:/f/index/forumpark?cn=舞蹈&ci=283&pcn=体育迷&pci=275&ct=0&rn=20&pn=1
2017-09-16 16:04:06,163 - [webpage_parser.py:63] - INFO - procotol:http, hostname:jianyi.baidu.com, new_link:/question?prod_id=117
2017-09-16 16:04:06,165 - [webpage_parser.py:63] - INFO - procotol:http, hostname:tieba.baidu.com, new_link:/f/index/forumpark?cn=健身&ci=284&pcn=体育迷&pci=275&ct=0&rn=20&pn=1
2017-09-16 16:04:06,166 - [webpage_parser.py:63] - INFO - procotol:http, hostname:jianyi.baidu.com, new_link:/question?prod_id=117
2017-09-16 16:04:06,168 - [webpage_parser.py:63] - INFO - procotol:http, hostname:tieba.baidu.com, new_link:/f/index/forumpark?pcn=小说&pci=161&ct=0&rn=20&pn=1
2017-09-16 16:04:06,169 - [webpage_parser.py:63] - INFO - procotol:http, hostname:jianyi.baidu.com, new_link:/question?prod_id=27
2017-09-16 16:04:06,170 - [webpage_parser.py:63] - INFO - procotol:http, hostname:tieba.baidu.com, new_link:/f/index/forumpark?cn=奇幻&ci=403&pcn=小说&pci=161&ct=0&rn=20&pn=1
2017-09-16 16:04:06,170 - [webpage_parser.py:63] - INFO - procotol:http, hostname:jianyi.baidu.com, new_link:/question?prod_id=27
2017-09-16 16:04:06,171 - [webpage_parser.py:63] - INFO - procotol:http, hostname:tieba.baidu.com, new_link:/f/index/forumpark?cn=言情&ci=177&pcn=小说&pci=161&ct=0&rn=20&pn=1
2017-09-16 16:04:06,171 - [webpage_parser.py:63] - INFO - procotol:http, hostname:jianyi.baidu.com, new_link:/question?prod_id=147
2017-09-16 16:04:06,172 - [webpage_parser.py:63] - INFO - procotol:http, hostname:tieba.baidu.com, new_link:/f/index/forumpark?cn=灵异&ci=404&pcn=小说&pci=161&ct=0&rn=20&pn=1
2017-09-16 16:04:06,172 - [webpage_parser.py:63] - INFO - procotol:http, hostname:jianyi.baidu.com, new_link:/question?prod_id=147
2017-09-16 16:04:06,173 - [webpage_parser.py:63] - INFO - procotol:http, hostname:tieba.baidu.com, new_link:/f/index/forumpark?cn=穿越&ci=162&pcn=小说&pci=161&ct=0&rn=20&pn=1
2017-09-16 16:04:06,173 - [webpage_parser.py:63] - INFO - procotol:http, hostname:jianyi.baidu.com, new_link:/question?prod_id=25
2017-09-16 16:04:06,174 - [webpage_parser.py:63] - INFO - procotol:http, hostname:tieba.baidu.com, new_link:/f/index/forumpark?cn=连载&ci=169&pcn=小说&pci=161&ct=0&rn=20&pn=1
2017-09-16 16:04:06,174 - [webpage_parser.py:63] - INFO - procotol:http, hostname:jianyi.baidu.com, new_link:/question?prod_id=25
2017-09-16 16:04:06,175 - [webpage_parser.py:63] - INFO - procotol:http, hostname:tieba.baidu.com, new_link:/f/index/forumpark?cn=修真&ci=412&pcn=小说&pci=161&ct=0&rn=20&pn=1
2017-09-16 16:04:06,175 - [webpage_parser.py:63] - INFO - procotol:http, hostname:jianyi.baidu.com, new_link:/question?prod_id=29
2017-09-16 16:04:06,176 - [webpage_parser.py:63] - INFO - procotol:http, hostname:tieba.baidu.com, new_link:/f/index/forumpark?cn=历史&ci=121&pcn=小说&pci=161&ct=0&rn=20&pn=1
2017-09-16 16:04:06,176 - [webpage_parser.py:63] - INFO - procotol:http, hostname:jianyi.baidu.com, new_link:/question?prod_id=29
2017-09-16 16:04:06,178 - [webpage_parser.py:63] - INFO - procotol:http, hostname:tieba.baidu.com, new_link:/f/index/forumpark?cn=架空文&ci=409&pcn=小说&pci=161&ct=0&rn=20&pn=1
2017-09-16 16:04:06,179 - [webpage_parser.py:63] - INFO - procotol:http, hostname:jianyi.baidu.com, new_link:/question?prod_id=176
2017-09-16 16:04:06,184 - [webpage_parser.py:63] - INFO - procotol:http, hostname:tieba.baidu.com, new_link:/f/index/forumpark?pcn=生活家&pci=214&ct=0&rn=20&pn=1
2017-09-16 16:04:06,186 - [webpage_parser.py:63] - INFO - procotol:http, hostname:tieba.baidu.com, new_link:/f/index/forumpark?cn=小而美&ci=244&pcn=生活家&pci=214&ct=0&rn=20&pn=1
2017-09-16 16:04:06,187 - [webpage_parser.py:63] - INFO - procotol:http, hostname:jianyi.baidu.com, new_link:/question?prod_id=176
2017-09-16 16:04:06,188 - [webpage_parser.py:63] - INFO - procotol:http, hostname:tieba.baidu.com, new_link:/f/index/forumpark?cn=DIY&ci=72&pcn=生活家&pci=214&ct=0&rn=20&pn=1
2017-09-16 16:04:06,188 - [webpage_parser.py:63] - INFO - procotol:http, hostname:tieba.baidu.com, new_link:/f/index/forumpark?cn=美食&ci=380&pcn=生活家&pci=214&ct=0&rn=20&pn=1
2017-09-16 16:04:06,189 - [webpage_parser.py:63] - INFO - procotol:http, hostname:tieba.baidu.com, new_link:/f/index/forumpark?cn=摄影&ci=82&pcn=生活家&pci=214&ct=0&rn=20&pn=1
2017-09-16 16:04:06,190 - [webpage_parser.py:63] - INFO - procotol:http, hostname:tieba.baidu.com, new_link:/f/index/forumpark?cn=旅行&ci=92&pcn=生活家&pci=214&ct=0&rn=20&pn=1
2017-09-16 16:04:06,191 - [webpage_parser.py:63] - INFO - procotol:http, hostname:jianyi.baidu.com, new_link:/question?prod_id=131
2017-09-16 16:04:06,192 - [webpage_parser.py:63] - INFO - procotol:http, hostname:tieba.baidu.com, new_link:/f/index/forumpark?cn=变美&ci=520&pcn=生活家&pci=214&ct=0&rn=20&pn=1
2017-09-16 16:04:06,194 - [webpage_parser.py:63] - INFO - procotol:http, hostname:jianyi.baidu.com, new_link:/question?prod_id=131
2017-09-16 16:04:06,196 - [webpage_parser.py:63] - INFO - procotol:http, hostname:tieba.baidu.com, new_link:/f/index/forumpark?cn=留学移民&ci=521&pcn=生活家&pci=214&ct=0&rn=20&pn=1
2017-09-16 16:04:06,198 - [webpage_parser.py:63] - INFO - procotol:http, hostname:jianyi.baidu.com, new_link:/question?prod_id=95
2017-09-16 16:04:06,200 - [webpage_parser.py:63] - INFO - procotol:http, hostname:tieba.baidu.com, new_link:/f/index/forumpark?cn=文玩&ci=522&pcn=生活家&pci=214&ct=0&rn=20&pn=1
2017-09-16 16:04:06,203 - [webpage_parser.py:63] - INFO - procotol:http, hostname:jianyi.baidu.com, new_link:/question?prod_id=95
2017-09-16 16:04:06,204 - [webpage_parser.py:63] - INFO - procotol:http, hostname:tieba.baidu.com, new_link:/f/index/forumpark?pcn=闲·趣&pci=429&ct=0&rn=20&pn=1
2017-09-16 16:04:06,205 - [webpage_parser.py:63] - INFO - procotol:http, hostname:jianyi.baidu.com, new_link:/question?prod_id=60
2017-09-16 16:04:06,206 - [webpage_parser.py:63] - INFO - procotol:http, hostname:tieba.baidu.com, new_link:/f/index/forumpark?cn=萌宠&ci=4&pcn=闲·趣&pci=429&ct=0&rn=20&pn=1
2017-09-16 16:04:06,207 - [webpage_parser.py:63] - INFO - procotol:http, hostname:jianyi.baidu.com, new_link:/question?prod_id=60
2017-09-16 16:04:06,208 - [webpage_parser.py:63] - INFO - procotol:http, hostname:tieba.baidu.com, new_link:/f/index/forumpark?cn=萝莉&ci=6&pcn=闲·趣&pci=429&ct=0&rn=20&pn=1
2017-09-16 16:04:06,208 - [webpage_parser.py:63] - INFO - procotol:http, hostname:jianyi.baidu.com, new_link:/question?prod_id=64
2017-09-16 16:04:06,209 - [webpage_parser.py:63] - INFO - procotol:http, hostname:tieba.baidu.com, new_link:/f/index/forumpark?cn=重口味&ci=257&pcn=闲·趣&pci=429&ct=0&rn=20&pn=1
2017-09-16 16:04:06,209 - [webpage_parser.py:63] - INFO - procotol:http, hostname:jianyi.baidu.com, new_link:/question?prod_id=64
2017-09-16 16:04:06,210 - [webpage_parser.py:63] - INFO - procotol:http, hostname:tieba.baidu.com, new_link:/f/index/forumpark?cn=吐槽&ci=152&pcn=闲·趣&pci=429&ct=0&rn=20&pn=1
2017-09-16 16:04:06,211 - [webpage_parser.py:63] - INFO - procotol:http, hostname:jianyi.baidu.com, new_link:/question?prod_id=62
2017-09-16 16:04:06,211 - [webpage_parser.py:63] - INFO - procotol:http, hostname:tieba.baidu.com, new_link:/f/index/forumpark?cn=恐怖&ci=255&pcn=闲·趣&pci=429&ct=0&rn=20&pn=1
2017-09-16 16:04:06,213 - [webpage_parser.py:63] - INFO - procotol:http, hostname:tieba.baidu.com, new_link:/f/index/forumpark?cn=星座&ci=263&pcn=闲·趣&pci=429&ct=0&rn=20&pn=1
2017-09-16 16:04:06,213 - [webpage_parser.py:63] - INFO - procotol:http, hostname:tieba.baidu.com, new_link:/f/index/forumpark?cn=爆料&ci=42&pcn=闲·趣&pci=429&ct=0&rn=20&pn=1
2017-09-16 16:04:06,212 - [webpage_parser.py:63] - INFO - procotol:http, hostname:jianyi.baidu.com, new_link:/question?prod_id=62
2017-09-16 16:04:06,214 - [webpage_parser.py:63] - INFO - procotol:http, hostname:tieba.baidu.com, new_link:/f/index/forumpark?cn=喵星人&ci=5&pcn=闲·趣&pci=429&ct=0&rn=20&pn=1
2017-09-16 16:04:06,214 - [webpage_parser.py:63] - INFO - procotol:http, hostname:jianyi.baidu.com, new_link:/question?prod_id=98
2017-09-16 16:04:06,216 - [webpage_parser.py:63] - INFO - procotol:http, hostname:jianyi.baidu.com, new_link:/question?prod_id=98
2017-09-16 16:04:06,216 - [webpage_parser.py:63] - INFO - procotol:http, hostname:tieba.baidu.com, new_link:/f/index/forumpark?pcn=游戏&pci=0&ct=1&rn=20&pn=1
2017-09-16 16:04:06,218 - [webpage_parser.py:63] - INFO - procotol:http, hostname:jianyi.baidu.com, new_link:/question?prod_id=99
2017-09-16 16:04:06,219 - [webpage_parser.py:63] - INFO - procotol:http, hostname:tieba.baidu.com, new_link:/f/index/forumpark?cn=客户端网游&ci=0&pcn=游戏&pci=0&ct=1&rn=20&pn=1
2017-09-16 16:04:06,220 - [webpage_parser.py:63] - INFO - procotol:http, hostname:tieba.baidu.com, new_link:/f/index/forumpark?cn=桌游&ci=0&pcn=游戏&pci=0&ct=1&rn=20&pn=1
2017-09-16 16:04:06,220 - [webpage_parser.py:63] - INFO - procotol:http, hostname:tieba.baidu.com, new_link:/f/index/forumpark?cn=游戏角色&ci=0&pcn=游戏&pci=0&ct=1&rn=20&pn=1
2017-09-16 16:04:06,221 - [webpage_parser.py:63] - INFO - procotol:http, hostname:tieba.baidu.com, new_link:/f/index/forumpark?cn=网页版网游&ci=0&pcn=游戏&pci=0&ct=1&rn=20&pn=1
2017-09-16 16:04:06,222 - [webpage_parser.py:63] - INFO - procotol:http, hostname:jianyi.baidu.com, new_link:/question?prod_id=99
2017-09-16 16:04:06,223 - [webpage_parser.py:63] - INFO - procotol:http, hostname:jianyi.baidu.com, new_link:/question?prod_id=100
2017-09-16 16:04:06,223 - [webpage_parser.py:63] - INFO - procotol:http, hostname:jianyi.baidu.com, new_link:/question?prod_id=100
2017-09-16 16:04:06,223 - [webpage_parser.py:63] - INFO - procotol:http, hostname:jianyi.baidu.com, new_link:/question?prod_id=66
2017-09-16 16:04:06,224 - [webpage_parser.py:63] - INFO - procotol:http, hostname:jianyi.baidu.com, new_link:/question?prod_id=66
2017-09-16 16:04:06,224 - [webpage_parser.py:63] - INFO - procotol:http, hostname:jianyi.baidu.com, new_link:/question?prod_id=102
2017-09-16 16:04:06,222 - [webpage_parser.py:63] - INFO - procotol:http, hostname:tieba.baidu.com, new_link:/f/index/forumpark?cn=手机游戏&ci=0&pcn=游戏&pci=0&ct=1&rn=20&pn=1
2017-09-16 16:04:06,226 - [webpage_parser.py:63] - INFO - procotol:http, hostname:tieba.baidu.com, new_link:/f/index/forumpark?cn=小游戏&ci=0&pcn=游戏&pci=0&ct=1&rn=20&pn=1
2017-09-16 16:04:06,225 - [webpage_parser.py:63] - INFO - procotol:http, hostname:jianyi.baidu.com, new_link:/question?prod_id=102
2017-09-16 16:04:06,226 - [webpage_parser.py:63] - INFO - procotol:http, hostname:tieba.baidu.com, new_link:/f/index/forumpark?cn=单机游戏&ci=0&pcn=游戏&pci=0&ct=1&rn=20&pn=1
2017-09-16 16:04:06,227 - [webpage_parser.py:63] - INFO - procotol:http, hostname:tieba.baidu.com, new_link:/f/index/forumpark?cn=掌机游戏&ci=0&pcn=游戏&pci=0&ct=1&rn=20&pn=1
2017-09-16 16:04:06,227 - [webpage_parser.py:63] - INFO - procotol:http, hostname:tieba.baidu.com, new_link:/f/index/forumpark?pcn=动漫宅&pci=206&ct=0&rn=20&pn=1
2017-09-16 16:04:06,226 - [webpage_parser.py:63] - INFO - procotol:http, hostname:jianyi.baidu.com, new_link:/question?prod_id=120
2017-09-16 16:04:06,227 - [webpage_parser.py:63] - INFO - procotol:http, hostname:tieba.baidu.com, new_link:/f/index/forumpark?cn=日本动漫&ci=312&pcn=动漫宅&pci=206&ct=0&rn=20&pn=1
2017-09-16 16:04:06,228 - [webpage_parser.py:63] - INFO - procotol:http, hostname:jianyi.baidu.com, new_link:/question?prod_id=120
2017-09-16 16:04:06,228 - [webpage_parser.py:63] - INFO - procotol:http, hostname:tieba.baidu.com, new_link:/f/index/forumpark?cn=国产动漫&ci=313&pcn=动漫宅&pci=206&ct=0&rn=20&pn=1
2017-09-16 16:04:06,229 - [webpage_parser.py:63] - INFO - procotol:http, hostname:jianyi.baidu.com, new_link:/question?prod_id=59
2017-09-16 16:04:06,230 - [webpage_parser.py:63] - INFO - procotol:http, hostname:jianyi.baidu.com, new_link:/question?prod_id=59
2017-09-16 16:04:06,229 - [webpage_parser.py:63] - INFO - procotol:http, hostname:tieba.baidu.com, new_link:/f/index/forumpark?cn=欧美动漫&ci=314&pcn=动漫宅&pci=206&ct=0&rn=20&pn=1
2017-09-16 16:04:06,230 - [webpage_parser.py:63] - INFO - procotol:http, hostname:jianyi.baidu.com, new_link:/question?prod_id=40
2017-09-16 16:04:06,231 - [webpage_parser.py:63] - INFO - procotol:http, hostname:jianyi.baidu.com, new_link:/question?prod_id=40
2017-09-16 16:04:06,231 - [webpage_parser.py:63] - INFO - procotol:http, hostname:jianyi.baidu.com, new_link:/question?prod_id=103
2017-09-16 16:04:06,230 - [webpage_parser.py:63] - INFO - procotol:http, hostname:tieba.baidu.com, new_link:/f/index/forumpark?cn=搞笑漫画&ci=319&pcn=动漫宅&pci=206&ct=0&rn=20&pn=1
2017-09-16 16:04:06,232 - [webpage_parser.py:63] - INFO - procotol:http, hostname:tieba.baidu.com, new_link:/f/index/forumpark?cn=热血动漫&ci=323&pcn=动漫宅&pci=206&ct=0&rn=20&pn=1
2017-09-16 16:04:06,232 - [webpage_parser.py:63] - INFO - procotol:http, hostname:tieba.baidu.com, new_link:/f/index/forumpark?cn=推理&ci=83&pcn=动漫宅&pci=206&ct=0&rn=20&pn=1
2017-09-16 16:04:06,232 - [webpage_parser.py:63] - INFO - procotol:http, hostname:tieba.baidu.com, new_link:/f/index/forumpark?cn=声优&ci=210&pcn=动漫宅&pci=206&ct=0&rn=20&pn=1
2017-09-16 16:04:06,231 - [webpage_parser.py:63] - INFO - procotol:http, hostname:jianyi.baidu.com, new_link:/question?prod_id=103
2017-09-16 16:04:06,233 - [webpage_parser.py:63] - INFO - procotol:http, hostname:tieba.baidu.com, new_link:/f/index/forumpark?cn=COS&ci=212&pcn=动漫宅&pci=206&ct=0&rn=20&pn=1
2017-09-16 16:04:06,233 - [webpage_parser.py:63] - INFO - procotol:http, hostname:jianyi.baidu.com, new_link:/question?prod_id=41
2017-09-16 16:04:06,234 - [webpage_parser.py:63] - INFO - procotol:http, hostname:tieba.baidu.com, new_link:/f/index/forumpark?pcn=高等院校&pci=0&ct=1&rn=20&pn=1
2017-09-16 16:04:06,234 - [webpage_parser.py:63] - INFO - procotol:http, hostname:jianyi.baidu.com, new_link:/question?prod_id=41
2017-09-16 16:04:06,235 - [webpage_parser.py:63] - INFO - procotol:http, hostname:tieba.baidu.com, new_link:/f/index/forumpark?cn=北京院校&ci=0&pcn=高等院校&pci=0&ct=1&rn=20&pn=1
2017-09-16 16:04:06,235 - [webpage_parser.py:63] - INFO - procotol:http, hostname:tieba.baidu.com, new_link:/f/index/forumpark?cn=山东院校&ci=0&pcn=高等院校&pci=0&ct=1&rn=20&pn=1
2017-09-16 16:04:06,236 - [webpage_parser.py:63] - INFO - procotol:http, hostname:tieba.baidu.com, new_link:/f/index/forumpark?cn=江苏院校&ci=0&pcn=高等院校&pci=0&ct=1&rn=20&pn=1
2017-09-16 16:04:06,236 - [webpage_parser.py:63] - INFO - procotol:http, hostname:tieba.baidu.com, new_link:/f/index/forumpark?cn=四川院校&ci=0&pcn=高等院校&pci=0&ct=1&rn=20&pn=1
2017-09-16 16:04:06,236 - [webpage_parser.py:63] - INFO - procotol:http, hostname:tieba.baidu.com, new_link:/f/index/forumpark?cn=湖北院校&ci=0&pcn=高等院校&pci=0&ct=1&rn=20&pn=1
2017-09-16 16:04:06,236 - [webpage_parser.py:63] - INFO - procotol:http, hostname:tieba.baidu.com, new_link:/f/index/forumpark?cn=河北院校&ci=0&pcn=高等院校&pci=0&ct=1&rn=20&pn=1
2017-09-16 16:04:06,237 - [webpage_parser.py:63] - INFO - procotol:http, hostname:tieba.baidu.com, new_link:/f/index/forumpark?cn=安徽院校&ci=0&pcn=高等院校&pci=0&ct=1&rn=20&pn=1
2017-09-16 16:04:06,237 - [webpage_parser.py:63] - INFO - procotol:http, hostname:tieba.baidu.com, new_link:/f/index/forumpark?cn=陕西院校&ci=0&pcn=高等院校&pci=0&ct=1&rn=20&pn=1
2017-09-16 16:04:06,237 - [webpage_parser.py:63] - INFO - procotol:http, hostname:tieba.baidu.com, new_link:/f/index/forumpark?pcn=地区&pci=0&ct=1&rn=20&pn=1
2017-09-16 16:04:06,238 - [webpage_parser.py:63] - INFO - procotol:http, hostname:tieba.baidu.com, new_link:/f/index/forumpark?cn=山东&ci=0&pcn=地区&pci=0&ct=1&rn=20&pn=1
2017-09-16 16:04:06,238 - [webpage_parser.py:63] - INFO - procotol:http, hostname:tieba.baidu.com, new_link:/f/index/forumpark?cn=河北&ci=0&pcn=地区&pci=0&ct=1&rn=20&pn=1
2017-09-16 16:04:06,238 - [webpage_parser.py:63] - INFO - procotol:http, hostname:tieba.baidu.com, new_link:/f/index/forumpark?cn=河南&ci=0&pcn=地区&pci=0&ct=1&rn=20&pn=1
2017-09-16 16:04:06,238 - [webpage_parser.py:63] - INFO - procotol:http, hostname:tieba.baidu.com, new_link:/f/index/forumpark?cn=山西&ci=0&pcn=地区&pci=0&ct=1&rn=20&pn=1
2017-09-16 16:04:06,239 - [webpage_parser.py:63] - INFO - procotol:http, hostname:tieba.baidu.com, new_link:/f/index/forumpark?cn=江苏&ci=0&pcn=地区&pci=0&ct=1&rn=20&pn=1
2017-09-16 16:04:06,239 - [webpage_parser.py:63] - INFO - procotol:http, hostname:tieba.baidu.com, new_link:/f/index/forumpark?cn=辽宁&ci=0&pcn=地区&pci=0&ct=1&rn=20&pn=1
2017-09-16 16:04:06,239 - [webpage_parser.py:63] - INFO - procotol:http, hostname:tieba.baidu.com, new_link:/f/index/forumpark?cn=四川&ci=0&pcn=地区&pci=0&ct=1&rn=20&pn=1
2017-09-16 16:04:06,240 - [webpage_parser.py:63] - INFO - procotol:http, hostname:tieba.baidu.com, new_link:/f/index/forumpark?cn=广东&ci=0&pcn=地区&pci=0&ct=1&rn=20&pn=1
2017-09-16 16:04:06,240 - [webpage_parser.py:63] - INFO - procotol:http, hostname:tieba.baidu.com, new_link:/f/index/forumpark?pcn=人文自然&pci=0&ct=1&rn=20&pn=1
2017-09-16 16:04:06,235 - [webpage_parser.py:63] - INFO - procotol:http, hostname:jianyi.baidu.com, new_link:/question?prod_id=150
2017-09-16 16:04:06,241 - [webpage_parser.py:63] - INFO - procotol:http, hostname:tieba.baidu.com, new_link:/f/index/forumpark?cn=艺术&ci=0&pcn=人文自然&pci=0&ct=1&rn=20&pn=1
2017-09-16 16:04:06,242 - [webpage_parser.py:63] - INFO - procotol:http, hostname:tieba.baidu.com, new_link:/f/index/forumpark?cn=军事&ci=0&pcn=人文自然&pci=0&ct=1&rn=20&pn=1
2017-09-16 16:04:06,244 - [webpage_parser.py:63] - INFO - procotol:http, hostname:tieba.baidu.com, new_link:/f/index/forumpark?cn=历史&ci=0&pcn=人文自然&pci=0&ct=1&rn=20&pn=1
2017-09-16 16:04:06,243 - [webpage_parser.py:63] - INFO - procotol:http, hostname:jianyi.baidu.com, new_link:/question?prod_id=150
2017-09-16 16:04:06,245 - [webpage_parser.py:63] - INFO - procotol:http, hostname:jianyi.baidu.com, new_link:/question?prod_id=167
2017-09-16 16:04:06,245 - [webpage_parser.py:63] - INFO - procotol:http, hostname:jianyi.baidu.com, new_link:/question?prod_id=167
2017-09-16 16:04:06,245 - [webpage_parser.py:63] - INFO - procotol:http, hostname:jianyi.baidu.com, new_link:/question?prod_id=200
2017-09-16 16:04:06,246 - [webpage_parser.py:63] - INFO - procotol:http, hostname:jianyi.baidu.com, new_link:/question?prod_id=200
2017-09-16 16:04:06,244 - [webpage_parser.py:63] - INFO - procotol:http, hostname:tieba.baidu.com, new_link:/f/index/forumpark?cn=自然&ci=0&pcn=人文自然&pci=0&ct=1&rn=20&pn=1
2017-09-16 16:04:06,246 - [webpage_parser.py:63] - INFO - procotol:http, hostname:tieba.baidu.com, new_link:/f/index/forumpark?cn=鉴赏收藏&ci=0&pcn=人文自然&pci=0&ct=1&rn=20&pn=1
2017-09-16 16:04:06,247 - [webpage_parser.py:63] - INFO - procotol:http, hostname:tieba.baidu.com, new_link:/f/index/forumpark?cn=民族文化&ci=0&pcn=人文自然&pci=0&ct=1&rn=20&pn=1
2017-09-16 16:04:06,247 - [webpage_parser.py:63] - INFO - procotol:http, hostname:tieba.baidu.com, new_link:/f/index/forumpark?cn=语言文化&ci=0&pcn=人文自然&pci=0&ct=1&rn=20&pn=1
2017-09-16 16:04:06,247 - [webpage_parser.py:63] - INFO - procotol:http, hostname:tieba.baidu.com, new_link:/f/index/forumclass
2017-09-16 16:04:06,248 - [webpage_parser.py:63] - INFO - procotol:http, hostname:tieba.baidu.com, new_link:/f?kw=%E7%94%BB%E6%B1%9F%E6%B9%96%E4%B9%8B%E6%8D%A2%E4%B8%96%E9%97%A8%E7%94%9F
2017-09-16 16:04:06,246 - [webpage_parser.py:63] - INFO - procotol:http, hostname:jianyi.baidu.com, new_link:/question?prod_id=28
2017-09-16 16:04:06,248 - [webpage_parser.py:63] - INFO - procotol:http, hostname:tieba.baidu.com, new_link:/f?kw=%E7%94%BB%E6%B1%9F%E6%B9%96%E4%B9%8B%E6%8D%A2%E4%B8%96%E9%97%A8%E7%94%9F
2017-09-16 16:04:06,249 - [webpage_parser.py:63] - INFO - procotol:http, hostname:jianyi.baidu.com, new_link:/question?prod_id=28
2017-09-16 16:04:06,250 - [webpage_parser.py:63] - INFO - procotol:http, hostname:tieba.baidu.com, new_link:/f?kw=%E7%A5%9E%E9%AC%BC%E4%BC%A0%E5%A5%87%E6%89%8B%E6%B8%B8
2017-09-16 16:04:06,251 - [webpage_parser.py:63] - INFO - procotol:http, hostname:jianyi.baidu.com, new_link:/question?prod_id=26
2017-09-16 16:04:06,251 - [webpage_parser.py:63] - INFO - procotol:http, hostname:tieba.baidu.com, new_link:/f?kw=%E7%A5%9E%E9%AC%BC%E4%BC%A0%E5%A5%87%E6%89%8B%E6%B8%B8
2017-09-16 16:04:06,252 - [webpage_parser.py:63] - INFO - procotol:http, hostname:tieba.baidu.com, new_link:/f?kw=%E5%8F%9B%E9%80%86%E7%9A%84%E5%8B%92%E9%B2%81%E4%BB%80
2017-09-16 16:04:06,252 - [webpage_parser.py:63] - INFO - procotol:http, hostname:tieba.baidu.com, new_link:/f?kw=%E5%8F%8D%E5%8F%9B%E7%9A%84%E9%B2%81%E8%B7%AF%E4%BF%AE
2017-09-16 16:04:06,252 - [webpage_parser.py:63] - INFO - procotol:http, hostname:tieba.baidu.com, new_link:/f?kw=%E6%9E%A2%E6%9C%A8%E6%9C%B1%E9%9B%80
2017-09-16 16:04:06,251 - [webpage_parser.py:63] - INFO - procotol:http, hostname:jianyi.baidu.com, new_link:/question?prod_id=26
2017-09-16 16:04:06,253 - [webpage_parser.py:63] - INFO - procotol:http, hostname:jianyi.baidu.com, new_link:/question?prod_id=15
2017-09-16 16:04:06,253 - [webpage_parser.py:63] - INFO - procotol:http, hostname:jianyi.baidu.com, new_link:/question?prod_id=15
2017-09-16 16:04:06,254 - [webpage_parser.py:63] - INFO - procotol:http, hostname:jianyi.baidu.com, new_link:/question?prod_id=23
2017-09-16 16:04:06,253 - [webpage_parser.py:63] - INFO - procotol:http, hostname:tieba.baidu.com, new_link:/f?kw=%E9%B2%81%E9%B2%81%E4%BF%AE
2017-09-16 16:04:06,254 - [webpage_parser.py:63] - INFO - procotol:http, hostname:tieba.baidu.com, new_link:/f?kw=c.c.
2017-09-16 16:04:06,255 - [webpage_parser.py:63] - INFO - procotol:http, hostname:tieba.baidu.com, new_link:/f?kw=%E5%8D%A1%E8%8E%B2.%E4%BC%91%E5%A6%B2%E8%8F%B2%E5%B0%94%E7%89%B9
2017-09-16 16:04:06,254 - [webpage_parser.py:63] - INFO - procotol:http, hostname:jianyi.baidu.com, new_link:/question?prod_id=23
2017-09-16 16:04:06,255 - [webpage_parser.py:63] - INFO - procotol:http, hostname:tieba.baidu.com, new_link:/f?kw=%E5%A4%8D%E6%B4%BB%E7%9A%84%E9%B2%81%E9%B2%81%E4%BF%AE
2017-09-16 16:04:06,255 - [webpage_parser.py:63] - INFO - procotol:http, hostname:jianyi.baidu.com, new_link:/question?prod_id=61
2017-09-16 16:04:06,256 - [webpage_parser.py:63] - INFO - procotol:http, hostname:tieba.baidu.com, new_link:/f?kw=%E9%B2%81%E8%B7%AF%E4%BF%AE
2017-09-16 16:04:06,256 - [webpage_parser.py:63] - INFO - procotol:http, hostname:tieba.baidu.com, new_link:/f?kw=lc%E7%8E%8B%E9%81%93
2017-09-16 16:04:06,257 - [webpage_parser.py:63] - INFO - procotol:http, hostname:tieba.baidu.com, new_link:/f?kw=%E6%9C%B1%E4%BF%AE
2017-09-16 16:04:06,257 - [webpage_parser.py:63] - INFO - procotol:http, hostname:tieba.baidu.com, new_link:/f?kw=%E5%B0%A4%E8%8F%B2%E7%B1%B3%E5%A8%85.li.%E5%B8%83%E9%87%8C%E5%A1%94%E5%B0%BC%E4%BA%9A
2017-09-16 16:04:06,256 - [webpage_parser.py:63] - INFO - procotol:http, hostname:jianyi.baidu.com, new_link:/question?prod_id=61
2017-09-16 16:04:06,257 - [webpage_parser.py:63] - INFO - procotol:http, hostname:tieba.baidu.com, new_link:/f?kw=%E4%BA%A1%E5%9B%BD%E7%9A%84%E9%98%BF%E5%9F%BA%E7%89%B9
2017-09-16 16:04:06,259 - [webpage_parser.py:63] - INFO - procotol:http, hostname:tieba.baidu.com, new_link:/f?kw=%E7%BA%A2%E8%B1%86%E7%88%B1%E9%98%BF%E7%BF%81
2017-09-16 16:04:06,258 - [webpage_parser.py:63] - INFO - procotol:http, hostname:jianyi.baidu.com, new_link:/question?prod_id=170
2017-09-16 16:04:06,259 - [webpage_parser.py:63] - INFO - procotol:http, hostname:tieba.baidu.com, new_link:/p/5315589173
2017-09-16 16:04:06,260 - [webpage_parser.py:63] - INFO - procotol:http, hostname:tieba.baidu.com, new_link:/home/main?un=%E6%99%93%E9%9B%BE%E6%84%81%E5%BD%BB&fr=index
2017-09-16 16:04:06,260 - [webpage_parser.py:63] - INFO - procotol:http, hostname:tieba.baidu.com, new_link:/f?kw=%E6%89%8B%E6%B8%B8%E5%85%88%E9%94%8B 
2017-09-16 16:04:06,260 - [webpage_parser.py:63] - INFO - procotol:http, hostname:jianyi.baidu.com, new_link:/question?prod_id=170
2017-09-16 16:04:06,261 - [webpage_parser.py:63] - INFO - procotol:http, hostname:jianyi.baidu.com, new_link:/zhifu
2017-09-16 16:04:06,261 - [webpage_parser.py:63] - INFO - procotol:http, hostname:tieba.baidu.com, new_link:/p/5320320013
2017-09-16 16:04:06,264 - [webpage_parser.py:63] - INFO - procotol:http, hostname:tieba.baidu.com, new_link:/home/main?un=%E8%B4%B4%E5%90%A7%E6%89%8B%E6%B8%B8%E5%85%88%E9%94%8B&fr=index
2017-09-16 16:04:06,265 - [webpage_parser.py:63] - INFO - procotol:http, hostname:tieba.baidu.com, new_link:/f?kw=%E7%88%B1%E7%8C%AB%E7%94%9F%E6%B4%BB 
2017-09-16 16:04:06,265 - [webpage_parser.py:63] - INFO - procotol:http, hostname:tieba.baidu.com, new_link:/p/5311315976
2017-09-16 16:04:06,265 - [webpage_parser.py:63] - INFO - procotol:http, hostname:tieba.baidu.com, new_link:/home/main?un=%E7%8C%AB%E7%8C%AB%E5%B0%8F%E6%96%8C&fr=index
2017-09-16 16:04:06,264 - [webpage_saver.py:45] - INFO - url http://jianyi.baidu.com/ is not match
2017-09-16 16:04:06,266 - [webpage_parser.py:63] - INFO - procotol:http, hostname:tieba.baidu.com, new_link:/f?kw=%E5%8E%86%E5%8F%B2 
2017-09-16 16:04:06,266 - [webpage_parser.py:63] - INFO - procotol:http, hostname:tieba.baidu.com, new_link:/p/5114639643
2017-09-16 16:04:06,267 - [webpage_parser.py:63] - INFO - procotol:http, hostname:tieba.baidu.com, new_link:/home/main?un=%E5%85%A8%E8%A8%80&fr=index
2017-09-16 16:04:06,267 - [webpage_parser.py:63] - INFO - procotol:http, hostname:tieba.baidu.com, new_link:/f?kw=me0407 
2017-09-16 16:04:06,267 - [webpage_parser.py:63] - INFO - procotol:http, hostname:tieba.baidu.com, new_link:/p/5139671853
2017-09-16 16:04:06,267 - [webpage_parser.py:63] - INFO - procotol:http, hostname:tieba.baidu.com, new_link:/home/main?un=%E5%A3%B6%E5%A4%A9%E8%8A%B1%E8%AF%AD&fr=index
2017-09-16 16:04:06,268 - [webpage_parser.py:63] - INFO - procotol:http, hostname:tieba.baidu.com, new_link:/f?kw=%E7%BD%91%E6%81%8B 
2017-09-16 16:04:06,268 - [webpage_parser.py:63] - INFO - procotol:http, hostname:tieba.baidu.com, new_link:/p/5316578828
2017-09-16 16:04:06,268 - [webpage_parser.py:63] - INFO - procotol:http, hostname:tieba.baidu.com, new_link:/home/main?un=%E5%B1%A0%E5%A4%ABLIL&fr=index
2017-09-16 16:04:06,269 - [webpage_parser.py:63] - INFO - procotol:http, hostname:tieba.baidu.com, new_link:/f?kw=%E5%8F%A4%E8%A3%85%E7%94%B5%E8%A7%86%E5%89%A7 
2017-09-16 16:04:06,269 - [webpage_parser.py:63] - INFO - procotol:http, hostname:tieba.baidu.com, new_link:/p/5153235021
2017-09-16 16:04:06,269 - [webpage_parser.py:63] - INFO - procotol:http, hostname:tieba.baidu.com, new_link:/home/main?un=%E6%B8%A9%E5%AA%97%E5%A6%83&fr=index
2017-09-16 16:04:06,270 - [webpage_parser.py:63] - INFO - procotol:http, hostname:tieba.baidu.com, new_link:/f?kw=%E5%A4%9A%E6%B5%86%E6%A4%8D%E7%89%A9
2017-09-16 16:04:06,270 - [webpage_parser.py:63] - INFO - procotol:http, hostname:tieba.baidu.com, new_link:/p/5171608419
2017-09-16 16:04:06,270 - [webpage_parser.py:63] - INFO - procotol:http, hostname:tieba.baidu.com, new_link:/home/main?un=%E9%A6%99%E8%95%89%E4%BD%A0%E4%B8%AA%E5%8D%9C%E5%A8%9C%E5%91%90&fr=index
2017-09-16 16:04:06,271 - [webpage_parser.py:63] - INFO - procotol:http, hostname:tieba.baidu.com, new_link:/f?kw=%E7%BE%8E%E9%A3%9F
2017-09-16 16:04:06,271 - [webpage_parser.py:63] - INFO - procotol:http, hostname:tieba.baidu.com, new_link:/p/5135007772
2017-09-16 16:04:06,271 - [webpage_parser.py:63] - INFO - procotol:http, hostname:tieba.baidu.com, new_link:/home/main?un=%E7%8C%AB%E7%88%B7%E7%BE%8E%E9%A3%9F%E9%9B%86&fr=index
2017-09-16 16:04:06,272 - [webpage_parser.py:63] - INFO - procotol:http, hostname:tieba.baidu.com, new_link:/f?kw=%E7%BA%A2%E8%B1%86%E7%88%B1%E9%98%BF%E7%BF%81
2017-09-16 16:04:06,272 - [webpage_parser.py:63] - INFO - procotol:http, hostname:tieba.baidu.com, new_link:/p/5286539583
2017-09-16 16:04:06,272 - [webpage_parser.py:63] - INFO - procotol:http, hostname:tieba.baidu.com, new_link:/home/main?un=%E5%A4%95%E9%98%B3%E7%95%99%E5%A2%A8%E9%A6%99&fr=index
2017-09-16 16:04:06,273 - [webpage_parser.py:63] - INFO - procotol:http, hostname:tieba.baidu.com, new_link:/f?kw=%E9%95%BF%E7%9B%B8%E6%80%9D 
2017-09-16 16:04:06,273 - [webpage_parser.py:63] - INFO - procotol:http, hostname:tieba.baidu.com, new_link:/p/5161104407
2017-09-16 16:04:06,273 - [webpage_parser.py:63] - INFO - procotol:http, hostname:tieba.baidu.com, new_link:/home/main?un=%E4%BC%BC%E6%B0%B4%E5%B9%B4%E5%8D%8E%E5%80%BE%E5%A4%A9%E4%B8%8B&fr=index
2017-09-16 16:04:06,274 - [webpage_parser.py:63] - INFO - procotol:http, hostname:tieba.baidu.com, new_link:/f?kw=%E5%A8%B1%E4%B9%90%E5%9C%88
2017-09-16 16:04:06,274 - [webpage_parser.py:63] - INFO - procotol:http, hostname:tieba.baidu.com, new_link:/p/5295629957
2017-09-16 16:04:06,274 - [webpage_parser.py:63] - INFO - procotol:http, hostname:tieba.baidu.com, new_link:/home/main?un=%E4%B8%A8%E5%91%A8%E6%85%A7%E6%95%8F%E4%B8%A8&fr=index
2017-09-16 16:04:06,275 - [webpage_parser.py:63] - INFO - procotol:http, hostname:tieba.baidu.com, new_link:/f?kw=%E6%B8%B8%E6%88%8F%E7%9B%B4%E6%92%AD 
2017-09-16 16:04:06,275 - [webpage_parser.py:63] - INFO - procotol:http, hostname:tieba.baidu.com, new_link:/p/5310630583
2017-09-16 16:04:06,275 - [webpage_parser.py:63] - INFO - procotol:http, hostname:tieba.baidu.com, new_link:/home/main?un=%E4%B9%85%E5%88%A5%E6%95%85%E4%BA%BA&fr=index
2017-09-16 16:04:06,276 - [webpage_parser.py:63] - INFO - procotol:http, hostname:tieba.baidu.com, new_link:/f?kw=%E5%90%89%E4%BB%96
2017-09-16 16:04:06,276 - [webpage_parser.py:63] - INFO - procotol:http, hostname:tieba.baidu.com, new_link:/p/5288183027
2017-09-16 16:04:06,276 - [webpage_parser.py:63] - INFO - procotol:http, hostname:tieba.baidu.com, new_link:/home/main?un=%E7%BB%93%E4%BB%96%E5%B1%8B&fr=index
2017-09-16 16:04:06,276 - [webpage_parser.py:63] - INFO - procotol:http, hostname:tieba.baidu.com, new_link:/f?kw=%E9%A9%AC%E7%94%B2%E7%BA%BF 
2017-09-16 16:04:06,277 - [webpage_parser.py:63] - INFO - procotol:http, hostname:tieba.baidu.com, new_link:/p/5145993701
2017-09-16 16:04:06,277 - [webpage_parser.py:63] - INFO - procotol:http, hostname:tieba.baidu.com, new_link:/home/main?un=%E8%8B%8F%E6%B2%90%E6%9F%93%E7%BA%A2%E8%94%BB&fr=index
2017-09-16 16:04:06,277 - [webpage_parser.py:63] - INFO - procotol:http, hostname:tieba.baidu.com, new_link:/f?kw=%E8%83%8C%E9%94%85 
2017-09-16 16:04:06,278 - [webpage_parser.py:63] - INFO - procotol:http, hostname:tieba.baidu.com, new_link:/p/5280831737
2017-09-16 16:04:06,278 - [webpage_parser.py:63] - INFO - procotol:http, hostname:tieba.baidu.com, new_link:/home/main?un=%E7%83%AD%E6%83%85%E7%9A%84%E9%9A%8F%E4%BE%BF%E4%BD%A0%E6%93%8D&fr=index
2017-09-16 16:04:06,278 - [webpage_parser.py:63] - INFO - procotol:http, hostname:tieba.baidu.com, new_link:/f?kw=%E5%B0%8F%E8%90%9D%E8%8E%89
2017-09-16 16:04:06,279 - [webpage_parser.py:63] - INFO - procotol:http, hostname:tieba.baidu.com, new_link:/p/5289960175
2017-09-16 16:04:06,279 - [webpage_parser.py:63] - INFO - procotol:http, hostname:tieba.baidu.com, new_link:/home/main?un=%E5%BA%9A%E5%93%9F&fr=index
2017-09-16 16:04:06,279 - [webpage_parser.py:63] - INFO - procotol:http, hostname:tieba.baidu.com, new_link:/f?kw=%E6%B8%B8%E6%88%8F%E7%9B%B4%E6%92%AD 
2017-09-16 16:04:06,279 - [webpage_parser.py:63] - INFO - procotol:http, hostname:tieba.baidu.com, new_link:/p/5301072178
2017-09-16 16:04:06,280 - [webpage_parser.py:63] - INFO - procotol:http, hostname:tieba.baidu.com, new_link:/home/main?un=%E4%B9%85%E5%88%A5%E6%95%85%E4%BA%BA&fr=index
2017-09-16 16:04:06,280 - [webpage_parser.py:63] - INFO - procotol:http, hostname:tieba.baidu.com, new_link:/hottopic/browse/topicList?res_type=1
2017-09-16 16:04:06,280 - [webpage_parser.py:63] - INFO - procotol:http, hostname:tieba.baidu.com, new_link:/home/main?un=悲伤的羔羊
2017-09-16 16:04:06,281 - [webpage_parser.py:63] - INFO - procotol:http, hostname:tieba.baidu.com, new_link:/home/main?un=悲伤的羔羊
2017-09-16 16:04:06,281 - [webpage_parser.py:63] - INFO - procotol:http, hostname:tieba.baidu.com, new_link:/f?kw=t豆娱乐城
2017-09-16 16:04:06,282 - [webpage_parser.py:63] - INFO - procotol:http, hostname:tieba.baidu.com, new_link:/home/main?un=无事找清凉
2017-09-16 16:04:06,282 - [webpage_parser.py:63] - INFO - procotol:http, hostname:tieba.baidu.com, new_link:/home/main?un=无事找清凉
2017-09-16 16:04:06,282 - [webpage_parser.py:63] - INFO - procotol:http, hostname:tieba.baidu.com, new_link:/f?kw=天涯明月刀OL
2017-09-16 16:04:06,283 - [webpage_parser.py:63] - INFO - procotol:http, hostname:tieba.baidu.com, new_link:/home/main?un=Oo张霖枫oO
2017-09-16 16:04:06,283 - [webpage_parser.py:63] - INFO - procotol:http, hostname:tieba.baidu.com, new_link:/home/main?un=Oo张霖枫oO
2017-09-16 16:04:06,283 - [webpage_parser.py:63] - INFO - procotol:http, hostname:tieba.baidu.com, new_link:/f?kw=亏猫
2017-09-16 16:04:06,284 - [webpage_parser.py:63] - INFO - procotol:http, hostname:tieba.baidu.com, new_link:/home/main?un=倩Q1228228888
2017-09-16 16:04:06,284 - [webpage_parser.py:63] - INFO - procotol:http, hostname:tieba.baidu.com, new_link:/home/main?un=倩Q1228228888
2017-09-16 16:04:06,284 - [webpage_parser.py:63] - INFO - procotol:http, hostname:tieba.baidu.com, new_link:/f?kw=网络游戏
2017-09-16 16:04:06,285 - [webpage_parser.py:63] - INFO - procotol:http, hostname:tieba.baidu.com, new_link:/home/main?un=大风吹奶罩杯
2017-09-16 16:04:06,285 - [webpage_parser.py:63] - INFO - procotol:http, hostname:tieba.baidu.com, new_link:/home/main?un=大风吹奶罩杯
2017-09-16 16:04:06,286 - [webpage_parser.py:63] - INFO - procotol:http, hostname:tieba.baidu.com, new_link:/p/5322029132
2017-09-16 16:04:06,286 - [webpage_parser.py:63] - INFO - procotol:http, hostname:tieba.baidu.com, new_link:/home/main?un=神風苏逸
2017-09-16 16:04:06,286 - [webpage_parser.py:63] - INFO - procotol:http, hostname:tieba.baidu.com, new_link:/home/main?un=神風苏逸
2017-09-16 16:04:06,287 - [webpage_parser.py:63] - INFO - procotol:http, hostname:tieba.baidu.com, new_link:/p/5024282186
2017-09-16 16:04:06,289 - [webpage_parser.py:63] - INFO - procotol:http, hostname:tieba.baidu.com, new_link:/home/main?un=蔡丶十一
2017-09-16 16:04:06,290 - [webpage_parser.py:63] - INFO - procotol:http, hostname:tieba.baidu.com, new_link:/home/main?un=蔡丶十一
2017-09-16 16:04:06,302 - [connectionpool.py:818] - DEBUG - Starting new HTTPS connection (1): www.baidu.com
2017-09-16 16:04:06,301 - [webpage_parser.py:63] - INFO - procotol:http, hostname:tieba.baidu.com, new_link:/p/5319276352
2017-09-16 16:04:06,303 - [webpage_parser.py:63] - INFO - procotol:http, hostname:tieba.baidu.com, new_link:/home/main?un=贴吧熊
2017-09-16 16:04:06,303 - [webpage_parser.py:63] - INFO - procotol:http, hostname:tieba.baidu.com, new_link:/home/main?un=贴吧熊
2017-09-16 16:04:06,304 - [webpage_parser.py:63] - INFO - procotol:http, hostname:tieba.baidu.com, new_link:/p/5252510171
2017-09-16 16:04:06,305 - [webpage_parser.py:63] - INFO - procotol:http, hostname:tieba.baidu.com, new_link:/home/main?un=贴吧会员
2017-09-16 16:04:06,305 - [webpage_parser.py:63] - INFO - procotol:http, hostname:tieba.baidu.com, new_link:/home/main?un=贴吧会员
2017-09-16 16:04:06,306 - [webpage_parser.py:63] - INFO - procotol:http, hostname:tieba.baidu.com, new_link:/p/5323851181
2017-09-16 16:04:06,306 - [webpage_parser.py:63] - INFO - procotol:http, hostname:tieba.baidu.com, new_link:/home/main?un=吴哲晗应援会
2017-09-16 16:04:06,306 - [webpage_parser.py:63] - INFO - procotol:http, hostname:tieba.baidu.com, new_link:/home/main?un=吴哲晗应援会
2017-09-16 16:04:06,307 - [webpage_parser.py:63] - INFO - procotol:http, hostname:tieba.baidu.com, new_link:/p/3292673938
2017-09-16 16:04:06,307 - [webpage_parser.py:63] - INFO - procotol:http, hostname:tieba.baidu.com, new_link:/home/main?un=cloudsayu
2017-09-16 16:04:06,307 - [webpage_parser.py:63] - INFO - procotol:http, hostname:tieba.baidu.com, new_link:/home/main?un=cloudsayu
2017-09-16 16:04:06,308 - [webpage_parser.py:63] - INFO - procotol:http, hostname:tieba.baidu.com, new_link:/p/4748236204
2017-09-16 16:04:06,308 - [webpage_parser.py:63] - INFO - procotol:http, hostname:tieba.baidu.com, new_link:/home/main?un=帝都T渣的擦肩
2017-09-16 16:04:06,308 - [webpage_parser.py:63] - INFO - procotol:http, hostname:tieba.baidu.com, new_link:/home/main?un=帝都T渣的擦肩
2017-09-16 16:04:06,309 - [webpage_parser.py:63] - INFO - procotol:http, hostname:tieba.baidu.com, new_link:/p/3249877592
2017-09-16 16:04:06,309 - [webpage_parser.py:63] - INFO - procotol:http, hostname:tieba.baidu.com, new_link:Mailto:tiebayule@baidu.com
2017-09-16 16:04:06,309 - [webpage_parser.py:63] - INFO - procotol:http, hostname:tieba.baidu.com, new_link:/f?kw=%E6%B2%AA%E6%B1%9F%E7%BD%91%E6%A0%A1&fr=index
2017-09-16 16:04:06,310 - [webpage_parser.py:63] - INFO - procotol:http, hostname:tieba.baidu.com, new_link:/f?kw=%E6%B2%AA%E6%B1%9F%E7%BD%91%E6%A0%A1&fr=index
2017-09-16 16:04:06,310 - [webpage_parser.py:63] - INFO - procotol:http, hostname:tieba.baidu.com, new_link:/f?kw=%E7%BA%A2%E7%89%9B%E5%AE%98%E6%96%B9&fr=index
2017-09-16 16:04:06,310 - [webpage_parser.py:63] - INFO - procotol:http, hostname:tieba.baidu.com, new_link:/f?kw=%E7%BA%A2%E7%89%9B%E5%AE%98%E6%96%B9&fr=index
2017-09-16 16:04:06,311 - [webpage_parser.py:63] - INFO - procotol:http, hostname:tieba.baidu.com, new_link:/f?kw=%E8%B1%86%E8%94%93%E7%90%86%E8%B4%A2&fr=index
2017-09-16 16:04:06,312 - [webpage_parser.py:63] - INFO - procotol:http, hostname:tieba.baidu.com, new_link:/f?kw=%E8%B1%86%E8%94%93%E7%90%86%E8%B4%A2&fr=index
2017-09-16 16:04:06,312 - [webpage_parser.py:63] - INFO - procotol:http, hostname:tieba.baidu.com, new_link:/f?kw=%E8%89%BA%E7%A6%8F%E5%A0%82&fr=index
2017-09-16 16:04:06,313 - [webpage_parser.py:63] - INFO - procotol:http, hostname:tieba.baidu.com, new_link:/f?kw=%E8%89%BA%E7%A6%8F%E5%A0%82&fr=index
2017-09-16 16:04:06,313 - [webpage_parser.py:63] - INFO - procotol:http, hostname:tieba.baidu.com, new_link:/f?kw=%E9%87%91%E7%AB%8B&fr=index
2017-09-16 16:04:06,316 - [webpage_parser.py:63] - INFO - procotol:http, hostname:tieba.baidu.com, new_link:/f?kw=%E9%87%91%E7%AB%8B&fr=index
2017-09-16 16:04:06,344 - [webpage_saver.py:45] - INFO - url http://tieba.baidu.com is not match
2017-09-16 16:04:06,486 - [connectionpool.py:395] - DEBUG - http://v.baidu.com:80 "GET / HTTP/1.1" 200 None
2017-09-16 16:04:06,850 - [connectionpool.py:395] - DEBUG - https://passport.baidu.com:443 "GET /v2/?login&tpl=mn&u=http%3A%2F%2Fwww.baidu.com%2f%3fbdorz_come%3d1 HTTP/1.1" 200 None
2017-09-16 16:04:06,974 - [connectionpool.py:395] - DEBUG - https://www.baidu.com:443 "GET /s?wd=%E5%8D%9A%E5%A3%AB%E5%9B%9E%E5%9B%BD%E7%9C%8B%E7%89%99%E6%83%8A%E5%8F%B9 HTTP/1.1" 200 227
2017-09-16 16:04:07,095 - [webpage_saver.py:45] - INFO - url http://www.baidu.com/bdorz/login.gif?login&tpl=mn&u=http%3A%2F%2Fwww.baidu.com%2f%3fbdorz_come%3d1 is not match
2017-09-16 16:04:07,144 - [connectionpool.py:207] - DEBUG - Starting new HTTP connection (1): home.baidu.com
2017-09-16 16:04:07,147 - [webpage_saver.py:45] - INFO - url https://www.baidu.com/s?wd=博士回国看牙惊叹 is not match
2017-09-16 16:04:07,147 - [connectionpool.py:818] - DEBUG - Starting new HTTPS connection (1): www.baidu.com
2017-09-16 16:04:07,183 - [connectionpool.py:395] - DEBUG - http://home.baidu.com:80 "GET /home/index/baidu_road HTTP/1.1" 200 None
2017-09-16 16:04:07,184 - [connectionpool.py:818] - DEBUG - Starting new HTTPS connection (1): www.baidu.com
2017-09-16 16:04:07,244 - [connectionpool.py:395] - DEBUG - https://www.baidu.com:443 "GET /s?wd=%E5%85%AD%E5%9F%8E%E5%9C%B0%E6%A0%87%E9%9B%86%E4%BD%93%E6%92%9E%E8%A1%AB HTTP/1.1" 200 227
2017-09-16 16:04:07,261 - [webpage_saver.py:45] - INFO - url https://www.baidu.com/s?wd=六城地标集体撞衫 is not match
2017-09-16 16:04:07,268 - [connectionpool.py:395] - DEBUG - https://www.baidu.com:443 "GET /s?wd=%E5%85%B1%E4%BA%AB%E5%8D%95%E8%BD%A6%E6%96%B0%E6%94%BF%E5%87%BA%E5%8F%B0 HTTP/1.1" 200 227
2017-09-16 16:04:07,295 - [connectionpool.py:207] - DEBUG - Starting new HTTP connection (1): home.baidu.com
2017-09-16 16:04:07,300 - [webpage_saver.py:45] - INFO - url https://www.baidu.com/s?wd=共享单车新政出台 is not match
2017-09-16 16:04:07,356 - [connectionpool.py:207] - DEBUG - Starting new HTTP connection (1): home.baidu.com
2017-09-16 16:04:07,370 - [webpage_parser.py:63] - INFO - procotol:http, hostname:home.baidu.com, new_link:/home/index
2017-09-16 16:04:07,377 - [webpage_parser.py:63] - INFO - procotol:http, hostname:home.baidu.com, new_link:/home/index
2017-09-16 16:04:07,388 - [webpage_parser.py:63] - INFO - procotol:http, hostname:home.baidu.com, new_link:/home/index/join_us
2017-09-16 16:04:07,390 - [webpage_parser.py:63] - INFO - procotol:http, hostname:home.baidu.com, new_link:/home/index/contact_us
2017-09-16 16:04:07,391 - [connectionpool.py:395] - DEBUG - http://home.baidu.com:80 "GET /home/index/join_us HTTP/1.1" 200 None
2017-09-16 16:04:07,393 - [webpage_parser.py:63] - INFO - procotol:http, hostname:home.baidu.com, new_link:/home/index
2017-09-16 16:04:07,396 - [webpage_parser.py:63] - INFO - procotol:http, hostname:home.baidu.com, new_link:/home/index/join_us
2017-09-16 16:04:07,396 - [webpage_parser.py:63] - INFO - procotol:http, hostname:home.baidu.com, new_link:/home/index/contact_us
2017-09-16 16:04:07,405 - [webpage_saver.py:45] - INFO - url http://home.baidu.com/home/index/baidu_road is not match
2017-09-16 16:04:07,441 - [webpage_parser.py:63] - INFO - procotol:http, hostname:home.baidu.com, new_link:/home/index
2017-09-16 16:04:07,442 - [webpage_parser.py:63] - INFO - procotol:http, hostname:home.baidu.com, new_link:/home/index
2017-09-16 16:04:07,442 - [webpage_parser.py:63] - INFO - procotol:http, hostname:home.baidu.com, new_link:/home/index/join_us
2017-09-16 16:04:07,443 - [webpage_parser.py:63] - INFO - procotol:http, hostname:home.baidu.com, new_link:/home/index/contact_us
2017-09-16 16:04:07,443 - [webpage_parser.py:63] - INFO - procotol:http, hostname:home.baidu.com, new_link:/home/index
2017-09-16 16:04:07,443 - [webpage_parser.py:63] - INFO - procotol:http, hostname:home.baidu.com, new_link:/home/index/join_us
2017-09-16 16:04:07,444 - [webpage_parser.py:63] - INFO - procotol:http, hostname:home.baidu.com, new_link:/home/index/contact_us
2017-09-16 16:04:07,444 - [webpage_saver.py:45] - INFO - url http://home.baidu.com/home/index/join_us is not match
2017-09-16 16:04:07,694 - [webpage_parser.py:63] - INFO - procotol:http, hostname:v.baidu.com, new_link:javascript:void(0)
2017-09-16 16:04:07,694 - [webpage_parser.py:63] - INFO - procotol:http, hostname:v.baidu.com, new_link:javascript:;
2017-09-16 16:04:07,726 - [webpage_saver.py:45] - INFO - url http://v.baidu.com is not match
2017-09-16 16:04:08,113 - [connectionpool.py:207] - DEBUG - Starting new HTTP connection (1): home.baidu.com
2017-09-16 16:04:08,149 - [connectionpool.py:395] - DEBUG - http://home.baidu.com:80 "GET /home/index/news_detail/id/17711 HTTP/1.1" 200 None
2017-09-16 16:04:08,184 - [webpage_parser.py:63] - INFO - procotol:http, hostname:home.baidu.com, new_link:/home/index
2017-09-16 16:04:08,185 - [webpage_parser.py:63] - INFO - procotol:http, hostname:home.baidu.com, new_link:/home/index
2017-09-16 16:04:08,187 - [connectionpool.py:207] - DEBUG - Starting new HTTP connection (1): home.baidu.com
2017-09-16 16:04:08,187 - [webpage_parser.py:63] - INFO - procotol:http, hostname:home.baidu.com, new_link:/home/index/join_us
2017-09-16 16:04:08,188 - [webpage_parser.py:63] - INFO - procotol:http, hostname:home.baidu.com, new_link:/home/index/contact_us
2017-09-16 16:04:08,188 - [webpage_parser.py:63] - INFO - procotol:http, hostname:home.baidu.com, new_link:/home/index
2017-09-16 16:04:08,189 - [webpage_parser.py:63] - INFO - procotol:http, hostname:home.baidu.com, new_link:/home/index/join_us
2017-09-16 16:04:08,189 - [webpage_parser.py:63] - INFO - procotol:http, hostname:home.baidu.com, new_link:/home/index/contact_us
2017-09-16 16:04:08,190 - [webpage_saver.py:45] - INFO - url http://home.baidu.com/home/index/news_detail/id/17711 is not match
2017-09-16 16:04:08,274 - [connectionpool.py:207] - DEBUG - Starting new HTTP connection (1): home.baidu.com
2017-09-16 16:04:08,275 - [connectionpool.py:395] - DEBUG - http://home.baidu.com:80 "GET /home/index/news_detail/id/17712 HTTP/1.1" 200 None
2017-09-16 16:04:08,314 - [webpage_parser.py:63] - INFO - procotol:http, hostname:home.baidu.com, new_link:/home/index
2017-09-16 16:04:08,316 - [webpage_parser.py:63] - INFO - procotol:http, hostname:home.baidu.com, new_link:/home/index
2017-09-16 16:04:08,320 - [webpage_parser.py:63] - INFO - procotol:http, hostname:home.baidu.com, new_link:/home/index/join_us
2017-09-16 16:04:08,320 - [webpage_crawler.py:77] - ERROR - Connection Error url http://home.baidu.com/home/index/company_culture
2017-09-16 16:04:08,321 - [webpage_parser.py:63] - INFO - procotol:http, hostname:home.baidu.com, new_link:/home/index/contact_us
2017-09-16 16:04:08,322 - [connectionpool.py:207] - DEBUG - Starting new HTTP connection (1): home.baidu.com
2017-09-16 16:04:08,322 - [webpage_crawler.py:117] - ERROR - crawl url http://home.baidu.com/home/index/company_culture failed, status code 4
2017-09-16 16:04:08,323 - [webpage_parser.py:63] - INFO - procotol:http, hostname:home.baidu.com, new_link:/home/index
2017-09-16 16:04:08,327 - [webpage_parser.py:63] - INFO - procotol:http, hostname:home.baidu.com, new_link:/home/index/join_us
2017-09-16 16:04:08,328 - [webpage_parser.py:63] - INFO - procotol:http, hostname:home.baidu.com, new_link:/home/index/contact_us
2017-09-16 16:04:08,330 - [webpage_saver.py:45] - INFO - url http://home.baidu.com/home/index/news_detail/id/17712 is not match
2017-09-16 16:04:08,338 - [connectionpool.py:395] - DEBUG - http://home.baidu.com:80 "GET /home/index/news_detail/id/17713 HTTP/1.1" 200 None
2017-09-16 16:04:08,387 - [webpage_parser.py:63] - INFO - procotol:http, hostname:home.baidu.com, new_link:/home/index
2017-09-16 16:04:08,388 - [connectionpool.py:395] - DEBUG - http://home.baidu.com:80 "GET /home/index/news_detail/id/17714 HTTP/1.1" 200 None
2017-09-16 16:04:08,388 - [webpage_parser.py:63] - INFO - procotol:http, hostname:home.baidu.com, new_link:/home/index
2017-09-16 16:04:08,390 - [webpage_parser.py:63] - INFO - procotol:http, hostname:home.baidu.com, new_link:/home/index/join_us
2017-09-16 16:04:08,390 - [webpage_parser.py:63] - INFO - procotol:http, hostname:home.baidu.com, new_link:/home/index/contact_us
2017-09-16 16:04:08,390 - [webpage_parser.py:63] - INFO - procotol:http, hostname:home.baidu.com, new_link:/home/index
2017-09-16 16:04:08,391 - [webpage_parser.py:63] - INFO - procotol:http, hostname:home.baidu.com, new_link:/home/index/join_us
2017-09-16 16:04:08,391 - [webpage_parser.py:63] - INFO - procotol:http, hostname:home.baidu.com, new_link:/home/index/contact_us
2017-09-16 16:04:08,392 - [webpage_saver.py:45] - INFO - url http://home.baidu.com/home/index/news_detail/id/17713 is not match
2017-09-16 16:04:08,427 - [webpage_parser.py:63] - INFO - procotol:http, hostname:home.baidu.com, new_link:/home/index
2017-09-16 16:04:08,430 - [webpage_parser.py:63] - INFO - procotol:http, hostname:home.baidu.com, new_link:/home/index
2017-09-16 16:04:08,430 - [webpage_parser.py:63] - INFO - procotol:http, hostname:home.baidu.com, new_link:/home/index/join_us
2017-09-16 16:04:08,431 - [webpage_parser.py:63] - INFO - procotol:http, hostname:home.baidu.com, new_link:/home/index/contact_us
2017-09-16 16:04:08,431 - [webpage_parser.py:63] - INFO - procotol:http, hostname:home.baidu.com, new_link:/home/index
2017-09-16 16:04:08,431 - [webpage_parser.py:63] - INFO - procotol:http, hostname:home.baidu.com, new_link:/home/index/join_us
2017-09-16 16:04:08,432 - [webpage_parser.py:63] - INFO - procotol:http, hostname:home.baidu.com, new_link:/home/index/contact_us
2017-09-16 16:04:08,432 - [connectionpool.py:818] - DEBUG - Starting new HTTPS connection (1): www.baidu.com
2017-09-16 16:04:08,434 - [webpage_saver.py:45] - INFO - url http://home.baidu.com/home/index/news_detail/id/17714 is not match
2017-09-16 16:04:08,452 - [connectionpool.py:818] - DEBUG - Starting new HTTPS connection (1): www.baidu.com
2017-09-16 16:04:08,498 - [connectionpool.py:395] - DEBUG - https://www.baidu.com:443 "GET /s?wd=%E5%8D%81%E5%B2%81%E5%A5%B3%E7%AB%A5%E8%80%83%E4%B8%8A%E5%A4%A7%E4%B8%93 HTTP/1.1" 200 227
2017-09-16 16:04:08,505 - [webpage_saver.py:45] - INFO - url https://www.baidu.com/s?wd=十岁女童考上大专 is not match
2017-09-16 16:04:08,515 - [connectionpool.py:395] - DEBUG - https://www.baidu.com:443 "GET /s?wd=%E6%9C%80%E4%B8%8D%E5%A5%BD%E5%AE%A2%E5%9B%BD%E5%AE%B6%E6%8E%92%E8%A1%8C HTTP/1.1" 200 227
2017-09-16 16:04:08,524 - [webpage_saver.py:45] - INFO - url https://www.baidu.com/s?wd=最不好客国家排行 is not match
2017-09-16 16:04:08,740 - [connectionpool.py:818] - DEBUG - Starting new HTTPS connection (1): www.baidu.com
2017-09-16 16:04:08,809 - [connectionpool.py:395] - DEBUG - https://www.baidu.com:443 "GET /s?wd=%E6%9D%8E%E9%9B%A8%E6%A1%90%E5%86%8D%E7%88%86%E6%96%99 HTTP/1.1" 200 227
2017-09-16 16:04:08,817 - [webpage_saver.py:45] - INFO - url https://www.baidu.com/s?wd=李雨桐再爆料 is not match
2017-09-16 16:04:09,197 - [connectionpool.py:818] - DEBUG - Starting new HTTPS connection (1): www.baidu.com
2017-09-16 16:04:09,266 - [connectionpool.py:395] - DEBUG - https://www.baidu.com:443 "GET /s?wd=B%E7%AB%99%E8%AF%B7%E9%81%93%E5%A3%AB%E4%BD%9C%E6%B3%95 HTTP/1.1" 200 227
2017-09-16 16:04:09,279 - [webpage_saver.py:45] - INFO - url https://www.baidu.com/s?wd=B站请道士作法 is not match
2017-09-16 16:04:09,337 - [connectionpool.py:207] - DEBUG - Starting new HTTP connection (1): csr.baidu.com
2017-09-16 16:04:09,343 - [connectionpool.py:818] - DEBUG - Starting new HTTPS connection (1): www.baidu.com
2017-09-16 16:04:09,398 - [connectionpool.py:207] - DEBUG - Starting new HTTP connection (1): home.baidu.com
2017-09-16 16:04:09,402 - [connectionpool.py:395] - DEBUG - https://www.baidu.com:443 "GET /s?wd=%E7%8E%8B%E5%AE%9D%E5%BC%BA%E6%9D%91%E6%B0%91%E8%B0%88%E5%AE%8B%E5%96%86 HTTP/1.1" 200 227
2017-09-16 16:04:09,425 - [webpage_saver.py:45] - INFO - url https://www.baidu.com/s?wd=王宝强村民谈宋喆 is not match
2017-09-16 16:04:09,426 - [connectionpool.py:395] - DEBUG - http://csr.baidu.com:80 "GET / HTTP/1.1" 200 None
2017-09-16 16:04:09,452 - [connectionpool.py:395] - DEBUG - http://home.baidu.com:80 "GET /home/index/special/id/34 HTTP/1.1" 200 None
2017-09-16 16:04:09,495 - [connectionpool.py:818] - DEBUG - Starting new HTTPS connection (1): www.baidu.com
2017-09-16 16:04:09,524 - [webpage_parser.py:63] - INFO - procotol:http, hostname:csr.baidu.com, new_link:/
2017-09-16 16:04:09,527 - [webpage_parser.py:63] - INFO - procotol:http, hostname:csr.baidu.com, new_link:javascript:;
2017-09-16 16:04:09,528 - [webpage_parser.py:63] - INFO - procotol:http, hostname:csr.baidu.com, new_link:javascript:;
2017-09-16 16:04:09,531 - [webpage_parser.py:63] - INFO - procotol:http, hostname:csr.baidu.com, new_link:/
2017-09-16 16:04:09,536 - [webpage_parser.py:63] - INFO - procotol:http, hostname:csr.baidu.com, new_link:/about.html
2017-09-16 16:04:09,536 - [webpage_parser.py:63] - INFO - procotol:http, hostname:csr.baidu.com, new_link:/chairman.html
2017-09-16 16:04:09,537 - [webpage_parser.py:63] - INFO - procotol:http, hostname:csr.baidu.com, new_link:/chairman.html
2017-09-16 16:04:09,538 - [webpage_parser.py:63] - INFO - procotol:http, hostname:csr.baidu.com, new_link:/community.html
2017-09-16 16:04:09,539 - [webpage_parser.py:63] - INFO - procotol:http, hostname:csr.baidu.com, new_link:/partner.html
2017-09-16 16:04:09,543 - [webpage_parser.py:63] - INFO - procotol:http, hostname:csr.baidu.com, new_link:/staff.html
2017-09-16 16:04:09,545 - [webpage_parser.py:63] - INFO - procotol:http, hostname:csr.baidu.com, new_link:/product.html
2017-09-16 16:04:09,546 - [webpage_parser.py:63] - INFO - procotol:http, hostname:csr.baidu.com, new_link:/product.html
2017-09-16 16:04:09,547 - [webpage_parser.py:63] - INFO - procotol:http, hostname:csr.baidu.com, new_link:/departmend.html
2017-09-16 16:04:09,548 - [webpage_parser.py:63] - INFO - procotol:http, hostname:csr.baidu.com, new_link:/tousu.html
2017-09-16 16:04:09,548 - [webpage_parser.py:63] - INFO - procotol:http, hostname:csr.baidu.com, new_link:/download/report/list.html
2017-09-16 16:04:09,549 - [webpage_parser.py:63] - INFO - procotol:http, hostname:csr.baidu.com, new_link:/download/report/list.html
2017-09-16 16:04:09,551 - [webpage_parser.py:63] - INFO - procotol:http, hostname:csr.baidu.com, new_link:/Home/download/poiny.html
2017-09-16 16:04:09,551 - [webpage_parser.py:63] - INFO - procotol:http, hostname:csr.baidu.com, new_link:/briefin/gout.html
2017-09-16 16:04:09,554 - [webpage_parser.py:63] - INFO - procotol:http, hostname:csr.baidu.com, new_link:/contact.html
2017-09-16 16:04:09,555 - [webpage_parser.py:63] - INFO - procotol:http, hostname:csr.baidu.com, new_link:/chairman.html
2017-09-16 16:04:09,555 - [webpage_parser.py:63] - INFO - procotol:http, hostname:csr.baidu.com, new_link:/communication/user/450.html
2017-09-16 16:04:09,558 - [connectionpool.py:207] - DEBUG - Starting new HTTP connection (1): create.baidu.com
2017-09-16 16:04:09,572 - [webpage_parser.py:63] - INFO - procotol:http, hostname:csr.baidu.com, new_link:/communication/user/450.html
2017-09-16 16:04:09,585 - [connectionpool.py:818] - DEBUG - Starting new HTTPS connection (1): www.baidu.com
2017-09-16 16:04:09,580 - [webpage_parser.py:63] - INFO - procotol:http, hostname:csr.baidu.com, new_link:/communication/user/450.html
2017-09-16 16:04:09,605 - [webpage_parser.py:63] - INFO - procotol:http, hostname:csr.baidu.com, new_link:/communication/user/448.html
2017-09-16 16:04:09,643 - [webpage_parser.py:63] - INFO - procotol:http, hostname:csr.baidu.com, new_link:/communication/user/448.html
2017-09-16 16:04:09,645 - [webpage_parser.py:63] - INFO - procotol:http, hostname:csr.baidu.com, new_link:/communication/user/448.html
2017-09-16 16:04:09,646 - [webpage_parser.py:63] - INFO - procotol:http, hostname:csr.baidu.com, new_link:/communication/user/446.html
2017-09-16 16:04:09,646 - [webpage_parser.py:63] - INFO - procotol:http, hostname:csr.baidu.com, new_link:/communication/user/446.html
2017-09-16 16:04:09,647 - [webpage_parser.py:63] - INFO - procotol:http, hostname:csr.baidu.com, new_link:/communication/user/446.html
2017-09-16 16:04:09,648 - [webpage_parser.py:63] - INFO - procotol:http, hostname:csr.baidu.com, new_link:/communication/user/444.html
2017-09-16 16:04:09,648 - [webpage_parser.py:63] - INFO - procotol:http, hostname:csr.baidu.com, new_link:/communication/user/444.html
2017-09-16 16:04:09,665 - [webpage_parser.py:63] - INFO - procotol:http, hostname:csr.baidu.com, new_link:/communication/user/444.html
2017-09-16 16:04:09,673 - [webpage_parser.py:63] - INFO - procotol:http, hostname:csr.baidu.com, new_link:/communication/user/442.html
2017-09-16 16:04:09,676 - [webpage_parser.py:63] - INFO - procotol:http, hostname:csr.baidu.com, new_link:/communication/user/442.html
2017-09-16 16:04:09,677 - [webpage_parser.py:63] - INFO - procotol:http, hostname:csr.baidu.com, new_link:/communication/user/442.html
2017-09-16 16:04:09,679 - [webpage_parser.py:63] - INFO - procotol:http, hostname:home.baidu.com, new_link:/home/index
2017-09-16 16:04:09,680 - [webpage_parser.py:63] - INFO - procotol:http, hostname:home.baidu.com, new_link:/home/index
2017-09-16 16:04:09,680 - [webpage_parser.py:63] - INFO - procotol:http, hostname:home.baidu.com, new_link:/home/index/join_us
2017-09-16 16:04:09,680 - [webpage_parser.py:63] - INFO - procotol:http, hostname:home.baidu.com, new_link:/home/index/contact_us
2017-09-16 16:04:09,679 - [webpage_parser.py:63] - INFO - procotol:http, hostname:csr.baidu.com, new_link:/communication/user/440.html
2017-09-16 16:04:09,681 - [webpage_parser.py:63] - INFO - procotol:http, hostname:home.baidu.com, new_link:/home/index
2017-09-16 16:04:09,683 - [webpage_parser.py:63] - INFO - procotol:http, hostname:csr.baidu.com, new_link:/communication/user/440.html
2017-09-16 16:04:09,683 - [webpage_parser.py:63] - INFO - procotol:http, hostname:home.baidu.com, new_link:/home/index/join_us
2017-09-16 16:04:09,684 - [webpage_parser.py:63] - INFO - procotol:http, hostname:csr.baidu.com, new_link:/communication/user/440.html
2017-09-16 16:04:09,685 - [webpage_parser.py:63] - INFO - procotol:http, hostname:home.baidu.com, new_link:/home/index/contact_us
2017-09-16 16:04:09,686 - [webpage_parser.py:63] - INFO - procotol:http, hostname:csr.baidu.com, new_link:/briefin/gout.html
2017-09-16 16:04:09,689 - [webpage_saver.py:45] - INFO - url http://home.baidu.com/home/index/special/id/34 is not match
2017-09-16 16:04:09,690 - [webpage_parser.py:63] - INFO - procotol:http, hostname:csr.baidu.com, new_link:/Uploads/File/2017/07/11/u59644149aca0e.rar
2017-09-16 16:04:09,692 - [webpage_parser.py:63] - INFO - procotol:http, hostname:csr.baidu.com, new_link:/Uploads/File/2017/05/04/u590acee72314c.rar
2017-09-16 16:04:09,694 - [webpage_parser.py:63] - INFO - procotol:http, hostname:csr.baidu.com, new_link:/Uploads/File/2017/01/06/u586efd4b92d94.rar
2017-09-16 16:04:09,696 - [webpage_parser.py:63] - INFO - procotol:http, hostname:csr.baidu.com, new_link:mailto:baiducsr@baidu.com
2017-09-16 16:04:09,700 - [webpage_saver.py:45] - INFO - url http://csr.baidu.com/ is not match
2017-09-16 16:04:09,702 - [connectionpool.py:395] - DEBUG - https://www.baidu.com:443 "GET /s?wd=%E6%97%A5%E4%BC%81%E5%91%A8%E4%BC%91%E4%B8%89%E6%97%A5 HTTP/1.1" 200 227
2017-09-16 16:04:09,715 - [webpage_saver.py:45] - INFO - url https://www.baidu.com/s?wd=日企周休三日 is not match
2017-09-16 16:04:09,727 - [connectionpool.py:395] - DEBUG - https://www.baidu.com:443 "GET /s?wd=%E6%9D%8E%E6%99%A8%E6%B1%82%E5%A9%9A%E8%8C%83%E5%86%B0%E5%86%B0 HTTP/1.1" 200 227
2017-09-16 16:04:09,738 - [webpage_saver.py:45] - INFO - url https://www.baidu.com/s?wd=李晨求婚范冰冰 is not match
2017-09-16 16:04:09,824 - [connectionpool.py:818] - DEBUG - Starting new HTTPS connection (1): www.baidu.com
2017-09-16 16:04:09,886 - [connectionpool.py:395] - DEBUG - https://www.baidu.com:443 "GET /s?wd=ios11%E6%AD%A3%E5%BC%8F%E7%89%88 HTTP/1.1" 200 227
2017-09-16 16:04:09,899 - [webpage_saver.py:45] - INFO - url https://www.baidu.com/s?wd=ios11正式版 is not match
2017-09-16 16:04:10,288 - [connectionpool.py:207] - DEBUG - Starting new HTTP connection (1): pro.baidu.com
2017-09-16 16:04:10,383 - [connectionpool.py:395] - DEBUG - http://pro.baidu.com:80 "GET / HTTP/1.1" 200 None
2017-09-16 16:04:10,589 - [connectionpool.py:818] - DEBUG - Starting new HTTPS connection (1): www.baidu.com
2017-09-16 16:04:10,593 - [webpage_crawler.py:77] - ERROR - Connection Error url http://create.baidu.com/index/
2017-09-16 16:04:10,600 - [webpage_crawler.py:117] - ERROR - crawl url http://create.baidu.com/index/ failed, status code 4
2017-09-16 16:04:10,731 - [connectionpool.py:818] - DEBUG - Starting new HTTPS connection (1): www.baidu.com
2017-09-16 16:04:10,794 - [connectionpool.py:818] - DEBUG - Starting new HTTPS connection (1): www.baidu.com
2017-09-16 16:04:10,847 - [connectionpool.py:818] - DEBUG - Starting new HTTPS connection (1): www.baidu.com
2017-09-16 16:04:10,856 - [connectionpool.py:818] - DEBUG - Starting new HTTPS connection (1): www.baidu.com
2017-09-16 16:04:10,859 - [webpage_parser.py:63] - INFO - procotol:http, hostname:pro.baidu.com, new_link:javascript:void(0);
2017-09-16 16:04:10,874 - [webpage_parser.py:63] - INFO - procotol:http, hostname:pro.baidu.com, new_link:&id=gg
2017-09-16 16:04:10,875 - [webpage_parser.py:63] - INFO - procotol:http, hostname:pro.baidu.com, new_link:#up
2017-09-16 16:04:10,877 - [connectionpool.py:395] - DEBUG - https://www.baidu.com:443 "GET /s?wd=8%E5%A4%A9%E9%95%BF%E5%81%876%E5%9C%BA%E5%A9%9A%E7%A4%BC HTTP/1.1" 200 227
2017-09-16 16:04:10,877 - [webpage_parser.py:63] - INFO - procotol:http, hostname:pro.baidu.com, new_link:#down
2017-09-16 16:04:10,911 - [connectionpool.py:207] - DEBUG - Starting new HTTP connection (1): home.baidu.com
2017-09-16 16:04:10,913 - [connectionpool.py:395] - DEBUG - https://www.baidu.com:443 "GET /s?wd=%E5%9B%BD%E5%AE%B6%E8%81%8C%E4%B8%9A%E8%B5%84%E6%A0%BC%E7%9B%AE%E5%BD%95 HTTP/1.1" 200 227
2017-09-16 16:04:10,934 - [connectionpool.py:395] - DEBUG - https://www.baidu.com:443 "GET /s?wd=%E6%96%B0%E5%8A%A0%E5%9D%A1%E9%A6%96%E4%BD%8D%E5%A5%B3%E6%80%BB%E7%BB%9F HTTP/1.1" 200 227
2017-09-16 16:04:10,938 - [webpage_saver.py:45] - INFO - url https://www.baidu.com/s?wd=8天长假6场婚礼 is not match
2017-09-16 16:04:10,956 - [webpage_saver.py:45] - INFO - url https://www.baidu.com/s?wd=新加坡首位女总统 is not match
2017-09-16 16:04:10,958 - [connectionpool.py:395] - DEBUG - http://home.baidu.com:80 "GET /home/index/show_banner_content/id/15/type/mobile HTTP/1.1" 200 None
2017-09-16 16:04:10,963 - [webpage_saver.py:45] - INFO - url https://www.baidu.com/s?wd=国家职业资格目录 is not match
2017-09-16 16:04:10,970 - [connectionpool.py:395] - DEBUG - https://www.baidu.com:443 "GET /s?wd=%E5%B0%8F%E5%AD%A6%E7%94%9F%E8%8E%B7%E5%9B%BD%E5%AE%B6%E4%B8%93%E5%88%A9 HTTP/1.1" 200 227
2017-09-16 16:04:10,986 - [webpage_saver.py:45] - INFO - url https://www.baidu.com/s?wd=小学生获国家专利 is not match
2017-09-16 16:04:11,009 - [connectionpool.py:395] - DEBUG - https://www.baidu.com:443 "GET /s?wd=%E7%BE%8E%E5%9B%BD%E5%86%9B%E4%BA%8B%E5%9F%BA%E5%9C%B0%E7%88%86%E7%82%B8 HTTP/1.1" 200 227
2017-09-16 16:04:11,056 - [webpage_parser.py:63] - INFO - procotol:http, hostname:home.baidu.com, new_link:/home/index
2017-09-16 16:04:11,056 - [webpage_parser.py:63] - INFO - procotol:http, hostname:home.baidu.com, new_link:/home/index
2017-09-16 16:04:11,071 - [webpage_parser.py:63] - INFO - procotol:http, hostname:home.baidu.com, new_link:/home/index/join_us
2017-09-16 16:04:11,073 - [webpage_saver.py:45] - INFO - url https://www.baidu.com/s?wd=美国军事基地爆炸 is not match
2017-09-16 16:04:11,073 - [webpage_parser.py:63] - INFO - procotol:http, hostname:home.baidu.com, new_link:/home/index/contact_us
2017-09-16 16:04:11,075 - [webpage_parser.py:63] - INFO - procotol:http, hostname:home.baidu.com, new_link:/home/index
2017-09-16 16:04:11,075 - [webpage_parser.py:63] - INFO - procotol:http, hostname:home.baidu.com, new_link:/home/index/join_us
2017-09-16 16:04:11,077 - [webpage_parser.py:63] - INFO - procotol:http, hostname:home.baidu.com, new_link:/home/index/contact_us
2017-09-16 16:04:11,079 - [webpage_saver.py:45] - INFO - url http://home.baidu.com/home/index/show_banner_content/id/15/type/mobile is not match
2017-09-16 16:04:11,094 - [webpage_saver.py:45] - INFO - url http://pro.baidu.com/ is not match
2017-09-16 16:04:11,643 - [connectionpool.py:207] - DEBUG - Starting new HTTP connection (1): weibo.com
2017-09-16 16:04:11,959 - [connectionpool.py:207] - DEBUG - Starting new HTTP connection (1): home.baidu.com
2017-09-16 16:04:11,964 - [connectionpool.py:818] - DEBUG - Starting new HTTPS connection (1): twitter.com
2017-09-16 16:04:11,973 - [connectionpool.py:818] - DEBUG - Starting new HTTPS connection (1): www.baidu.com
2017-09-16 16:04:11,998 - [connectionpool.py:207] - DEBUG - Starting new HTTP connection (1): home.baidu.com
2017-09-16 16:04:12,043 - [connectionpool.py:395] - DEBUG - https://www.baidu.com:443 "GET /s?wd=%E9%B9%BF%E6%99%97%E9%99%88%E8%B5%AB%E6%B8%B8%E6%88%8F%E7%9B%B4%E6%92%AD HTTP/1.1" 200 227
2017-09-16 16:04:12,051 - [webpage_saver.py:45] - INFO - url https://www.baidu.com/s?wd=鹿晗陈赫游戏直播 is not match
2017-09-16 16:04:12,074 - [connectionpool.py:395] - DEBUG - http://weibo.com:80 "GET /baiduguanfang?refer_flag=1001030101_&is_hot=1 HTTP/1.1" 302 None
2017-09-16 16:04:12,079 - [webpage_crawler.py:107] - ERROR - url //ir.baidu.com/phoenix.zhtml?c=188488&p=irol-irhome startswith //
2017-09-16 16:04:12,081 - [connectionpool.py:818] - DEBUG - Starting new HTTPS connection (1): passport.weibo.com
2017-09-16 16:04:12,084 - [connectionpool.py:395] - DEBUG - http://home.baidu.com:80 "GET /home/index/management_team HTTP/1.1" 200 None
2017-09-16 16:04:12,086 - [connectionpool.py:818] - DEBUG - Starting new HTTPS connection (1): www.baidu.com
2017-09-16 16:04:12,091 - [connectionpool.py:818] - DEBUG - Starting new HTTPS connection (1): www.baidu.com
2017-09-16 16:04:12,144 - [webpage_parser.py:63] - INFO - procotol:http, hostname:home.baidu.com, new_link:/home/index
2017-09-16 16:04:12,147 - [webpage_parser.py:63] - INFO - procotol:http, hostname:home.baidu.com, new_link:/home/index
2017-09-16 16:04:12,148 - [connectionpool.py:818] - DEBUG - Starting new HTTPS connection (1): www.baidu.com
2017-09-16 16:04:12,148 - [webpage_parser.py:63] - INFO - procotol:http, hostname:home.baidu.com, new_link:/home/index/join_us
2017-09-16 16:04:12,149 - [webpage_parser.py:63] - INFO - procotol:http, hostname:home.baidu.com, new_link:/home/index/contact_us
2017-09-16 16:04:12,149 - [webpage_parser.py:63] - INFO - procotol:http, hostname:home.baidu.com, new_link:/home/index
2017-09-16 16:04:12,149 - [webpage_parser.py:63] - INFO - procotol:http, hostname:home.baidu.com, new_link:/home/index/join_us
2017-09-16 16:04:12,150 - [webpage_parser.py:63] - INFO - procotol:http, hostname:home.baidu.com, new_link:/home/index/contact_us
2017-09-16 16:04:12,151 - [webpage_saver.py:45] - INFO - url http://home.baidu.com/home/index/management_team is not match
2017-09-16 16:04:12,529 - [connectionpool.py:395] - DEBUG - https://www.baidu.com:443 "GET /s?wd=%E6%AF%94%E7%89%B9%E5%B8%81%E4%B8%AD%E5%9B%BD%E5%B0%86%E5%85%B3%E5%81%9C HTTP/1.1" 200 227
2017-09-16 16:04:12,536 - [webpage_saver.py:45] - INFO - url https://www.baidu.com/s?wd=比特币中国将关停 is not match
2017-09-16 16:04:12,538 - [connectionpool.py:395] - DEBUG - https://www.baidu.com:443 "GET /s?wd=%E8%97%8F%E7%8D%92%E7%BB%8F%E6%B5%8E%E5%B4%A9%E7%9B%98 HTTP/1.1" 200 227
2017-09-16 16:04:12,545 - [webpage_saver.py:45] - INFO - url https://www.baidu.com/s?wd=藏獒经济崩盘 is not match
2017-09-16 16:04:12,546 - [connectionpool.py:395] - DEBUG - https://www.baidu.com:443 "GET /s?wd=%E4%BC%A0%E5%A5%87%E5%A4%A7%E7%86%8A%E7%8C%AB%E5%8E%BB%E4%B8%96 HTTP/1.1" 200 227
2017-09-16 16:04:12,553 - [webpage_saver.py:45] - INFO - url https://www.baidu.com/s?wd=传奇大熊猫去世 is not match
2017-09-16 16:04:12,746 - [connectionpool.py:395] - DEBUG - https://passport.weibo.com:443 "GET /visitor/visitor?entry=miniblog&a=enter&url=http%3A%2F%2Fweibo.com%2Fbaiduguanfang%3Frefer_flag%3D1001030101_%26is_hot%3D1&domain=.weibo.com&ua=php-sso_sdk_client-0.6.23&_rand=1505549050.4644 HTTP/1.1" 200 None
2017-09-16 16:04:12,763 - [webpage_saver.py:45] - INFO - url http://weibo.com/baiduguanfang?refer_flag=1001030101_&is_hot=1 is not match
2017-09-16 16:04:12,996 - [webpage_crawler.py:77] - ERROR - Connection Error url https://twitter.com/Baidu_Inc
2017-09-16 16:04:12,996 - [webpage_crawler.py:117] - ERROR - crawl url https://twitter.com/Baidu_Inc failed, status code 4
2017-09-16 16:04:13,002 - [webpage_crawler.py:71] - ERROR - read timeout http://home.baidu.com/home/index/news_detail/id/17710
2017-09-16 16:04:13,002 - [webpage_crawler.py:117] - ERROR - crawl url http://home.baidu.com/home/index/news_detail/id/17710 failed, status code 2
2017-09-16 16:04:13,056 - [connectionpool.py:207] - DEBUG - Starting new HTTP connection (1): union.baidu.com
2017-09-16 16:04:13,083 - [connectionpool.py:395] - DEBUG - http://union.baidu.com:80 "GET /customerLogin.html?fromu=http%3A%2F%2Funion.baidu.com%2F HTTP/1.1" 200 None
2017-09-16 16:04:13,136 - [webpage_parser.py:63] - INFO - procotol:http, hostname:union.baidu.com, new_link:http:///www.ifeng.com/
2017-09-16 16:04:13,137 - [webpage_parser.py:63] - INFO - procotol:http, hostname:union.baidu.com, new_link:/register.action
2017-09-16 16:04:13,138 - [webpage_saver.py:45] - INFO - url http://union.baidu.com/customerLogin.html?fromu=http%3A%2F%2Funion.baidu.com%2F is not match
2017-09-16 16:04:13,159 - [connectionpool.py:818] - DEBUG - Starting new HTTPS connection (1): www.baidu.com
2017-09-16 16:04:13,212 - [connectionpool.py:395] - DEBUG - https://www.baidu.com:443 "GET /s?wd=%E9%AA%91%E5%8D%95%E8%BD%A6%E8%BA%AB%E4%BA%A1%E6%A1%88%E5%BC%80%E5%BA%AD HTTP/1.1" 200 227
2017-09-16 16:04:13,230 - [webpage_saver.py:45] - INFO - url https://www.baidu.com/s?wd=骑单车身亡案开庭 is not match
2017-09-16 16:04:13,543 - [connectionpool.py:207] - DEBUG - Starting new HTTP connection (1): quanjing.baidu.com
2017-09-16 16:04:13,553 - [connectionpool.py:207] - DEBUG - Starting new HTTP connection (1): home.baidu.com
2017-09-16 16:04:13,568 - [connectionpool.py:207] - DEBUG - Starting new HTTP connection (1): home.baidu.com
2017-09-16 16:04:13,612 - [connectionpool.py:395] - DEBUG - http://home.baidu.com:80 "GET /home/index/show_banner_content/id/38 HTTP/1.1" 200 None
2017-09-16 16:04:13,653 - [webpage_parser.py:63] - INFO - procotol:http, hostname:home.baidu.com, new_link:/home/index
2017-09-16 16:04:13,653 - [connectionpool.py:395] - DEBUG - http://home.baidu.com:80 "GET /home/index/news_detail/id/17709 HTTP/1.1" 200 None
2017-09-16 16:04:13,654 - [webpage_parser.py:63] - INFO - procotol:http, hostname:home.baidu.com, new_link:/home/index
2017-09-16 16:04:13,655 - [webpage_parser.py:63] - INFO - procotol:http, hostname:home.baidu.com, new_link:/home/index/join_us
2017-09-16 16:04:13,656 - [webpage_parser.py:63] - INFO - procotol:http, hostname:home.baidu.com, new_link:/home/index/contact_us
2017-09-16 16:04:13,656 - [webpage_parser.py:63] - INFO - procotol:http, hostname:home.baidu.com, new_link:/home/index
2017-09-16 16:04:13,656 - [webpage_parser.py:63] - INFO - procotol:http, hostname:home.baidu.com, new_link:/home/index/join_us
2017-09-16 16:04:13,666 - [webpage_parser.py:63] - INFO - procotol:http, hostname:home.baidu.com, new_link:/home/index/contact_us
2017-09-16 16:04:13,695 - [webpage_parser.py:63] - INFO - procotol:http, hostname:home.baidu.com, new_link:/home/index
2017-09-16 16:04:13,695 - [webpage_saver.py:45] - INFO - url http://home.baidu.com/home/index/show_banner_content/id/38 is not match
2017-09-16 16:04:13,695 - [webpage_parser.py:63] - INFO - procotol:http, hostname:home.baidu.com, new_link:/home/index
2017-09-16 16:04:13,696 - [webpage_parser.py:63] - INFO - procotol:http, hostname:home.baidu.com, new_link:/home/index/join_us
2017-09-16 16:04:13,696 - [webpage_parser.py:63] - INFO - procotol:http, hostname:home.baidu.com, new_link:/home/index/contact_us
2017-09-16 16:04:13,697 - [webpage_parser.py:63] - INFO - procotol:http, hostname:home.baidu.com, new_link:/home/index
2017-09-16 16:04:13,697 - [webpage_parser.py:63] - INFO - procotol:http, hostname:home.baidu.com, new_link:/home/index/join_us
2017-09-16 16:04:13,697 - [webpage_parser.py:63] - INFO - procotol:http, hostname:home.baidu.com, new_link:/home/index/contact_us
2017-09-16 16:04:13,698 - [webpage_saver.py:45] - INFO - url http://home.baidu.com/home/index/news_detail/id/17709 is not match
2017-09-16 16:04:13,775 - [connectionpool.py:818] - DEBUG - Starting new HTTPS connection (1): www.baidu.com
2017-09-16 16:04:13,836 - [connectionpool.py:395] - DEBUG - https://www.baidu.com:443 "GET /s?wd=%E6%94%BF%E5%BA%9C%E7%A6%81%E7%94%A8%E5%8D%A1%E5%B7%B4%E6%96%AF%E5%9F%BA HTTP/1.1" 200 227
2017-09-16 16:04:13,845 - [webpage_saver.py:45] - INFO - url https://www.baidu.com/s?wd=政府禁用卡巴斯基 is not match
2017-09-16 16:04:14,012 - [connectionpool.py:207] - DEBUG - Starting new HTTP connection (1): home.baidu.com
2017-09-16 16:04:14,017 - [connectionpool.py:818] - DEBUG - Starting new HTTPS connection (1): www.baidu.com
2017-09-16 16:04:14,046 - [connectionpool.py:395] - DEBUG - http://home.baidu.com:80 "GET /home/index/news_list HTTP/1.1" 200 None
2017-09-16 16:04:14,121 - [connectionpool.py:395] - DEBUG - http://quanjing.baidu.com:80 "GET /baidu HTTP/1.1" 301 0
2017-09-16 16:04:14,131 - [webpage_parser.py:63] - INFO - procotol:http, hostname:home.baidu.com, new_link:/home/index
2017-09-16 16:04:14,138 - [webpage_parser.py:63] - INFO - procotol:http, hostname:home.baidu.com, new_link:/home/index
2017-09-16 16:04:14,139 - [webpage_parser.py:63] - INFO - procotol:http, hostname:home.baidu.com, new_link:/home/index/join_us
2017-09-16 16:04:14,140 - [webpage_parser.py:63] - INFO - procotol:http, hostname:home.baidu.com, new_link:/home/index/contact_us
2017-09-16 16:04:14,141 - [webpage_parser.py:63] - INFO - procotol:http, hostname:home.baidu.com, new_link:/home/index
2017-09-16 16:04:14,141 - [webpage_parser.py:63] - INFO - procotol:http, hostname:home.baidu.com, new_link:/home/index/join_us
2017-09-16 16:04:14,141 - [webpage_parser.py:63] - INFO - procotol:http, hostname:home.baidu.com, new_link:/home/index/contact_us
2017-09-16 16:04:14,142 - [webpage_parser.py:63] - INFO - procotol:http, hostname:home.baidu.com, new_link:/home/index/news_detail/id/17714
2017-09-16 16:04:14,142 - [webpage_parser.py:63] - INFO - procotol:http, hostname:home.baidu.com, new_link:/home/index/news_detail/id/17713
2017-09-16 16:04:14,142 - [webpage_parser.py:63] - INFO - procotol:http, hostname:home.baidu.com, new_link:/home/index/news_detail/id/17712
2017-09-16 16:04:14,143 - [webpage_parser.py:63] - INFO - procotol:http, hostname:home.baidu.com, new_link:/home/index/news_detail/id/17711
2017-09-16 16:04:14,143 - [webpage_parser.py:63] - INFO - procotol:http, hostname:home.baidu.com, new_link:/home/index/news_detail/id/17710
2017-09-16 16:04:14,144 - [webpage_parser.py:63] - INFO - procotol:http, hostname:home.baidu.com, new_link:/home/index/news_detail/id/17709
2017-09-16 16:04:14,146 - [webpage_parser.py:63] - INFO - procotol:http, hostname:home.baidu.com, new_link:/home/index/news_detail/id/17708
2017-09-16 16:04:14,147 - [webpage_parser.py:63] - INFO - procotol:http, hostname:home.baidu.com, new_link:/home/index/news_detail/id/17707
2017-09-16 16:04:14,147 - [connectionpool.py:395] - DEBUG - https://www.baidu.com:443 "GET /s?wd=%E6%9E%97%E5%BF%83%E5%A6%82%E5%BE%8B%E5%B8%88%E5%8F%91%E5%A3%B0%E6%98%8E HTTP/1.1" 200 227
2017-09-16 16:04:14,151 - [webpage_parser.py:63] - INFO - procotol:http, hostname:home.baidu.com, new_link:/home/index/news_detail/id/17706
2017-09-16 16:04:14,154 - [webpage_parser.py:63] - INFO - procotol:http, hostname:home.baidu.com, new_link:/home/index/news_detail/id/17703
2017-09-16 16:04:14,154 - [connectionpool.py:818] - DEBUG - Starting new HTTPS connection (1): www.baidu.com
2017-09-16 16:04:14,155 - [webpage_parser.py:63] - INFO - procotol:http, hostname:home.baidu.com, new_link:/home/index/news_detail/id/17704
2017-09-16 16:04:14,157 - [webpage_saver.py:45] - INFO - url https://www.baidu.com/s?wd=林心如律师发声明 is not match
2017-09-16 16:04:14,157 - [webpage_parser.py:63] - INFO - procotol:http, hostname:home.baidu.com, new_link:/home/index/news_detail/id/17705
2017-09-16 16:04:14,158 - [webpage_parser.py:63] - INFO - procotol:http, hostname:home.baidu.com, new_link:/home/index/news_detail/id/17702
2017-09-16 16:04:14,159 - [webpage_parser.py:63] - INFO - procotol:http, hostname:home.baidu.com, new_link:/home/index/news_detail/id/17701
2017-09-16 16:04:14,159 - [webpage_parser.py:63] - INFO - procotol:http, hostname:home.baidu.com, new_link:/home/index/news_detail/id/17700
2017-09-16 16:04:14,161 - [webpage_saver.py:45] - INFO - url http://home.baidu.com/home/index/news_list is not match
2017-09-16 16:04:14,209 - [connectionpool.py:395] - DEBUG - https://www.baidu.com:443 "GET /s?wd=%E5%BC%A0%E4%B8%80%E5%B1%B1%E6%8B%8D%E6%88%8F%E9%81%AD%E8%87%AD%E9%AA%82 HTTP/1.1" 200 227
2017-09-16 16:04:14,219 - [webpage_saver.py:45] - INFO - url https://www.baidu.com/s?wd=张一山拍戏遭臭骂 is not match
2017-09-16 16:04:14,242 - [connectionpool.py:818] - DEBUG - Starting new HTTPS connection (1): www.baidu.com
2017-09-16 16:04:14,323 - [connectionpool.py:395] - DEBUG - https://www.baidu.com:443 "GET /s?wd=%E4%BA%AC%E4%B8%9C%E8%BF%9B%E5%86%9B%E6%88%BF%E5%9C%B0%E4%BA%A7 HTTP/1.1" 200 227
2017-09-16 16:04:14,331 - [webpage_saver.py:45] - INFO - url https://www.baidu.com/s?wd=京东进军房地产 is not match
2017-09-16 16:04:14,518 - [connectionpool.py:395] - DEBUG - http://quanjing.baidu.com:80 "GET /baidu/ HTTP/1.1" 200 733
2017-09-16 16:04:14,525 - [webpage_saver.py:45] - INFO - url http://quanjing.baidu.com/baidu is not match
2017-09-16 16:04:14,706 - [connectionpool.py:818] - DEBUG - Starting new HTTPS connection (1): www.baidu.com
2017-09-16 16:04:14,706 - [connectionpool.py:207] - DEBUG - Starting new HTTP connection (1): home.baidu.com
2017-09-16 16:04:14,765 - [connectionpool.py:395] - DEBUG - https://www.baidu.com:443 "GET /s?wd=%E6%9E%97%E5%BF%97%E7%8E%B2%E5%8D%8A%E8%B9%B2%E9%A2%81%E5%A5%96 HTTP/1.1" 200 227
2017-09-16 16:04:14,775 - [webpage_saver.py:45] - INFO - url https://www.baidu.com/s?wd=林志玲半蹲颁奖 is not match
2017-09-16 16:04:14,851 - [connectionpool.py:207] - DEBUG - Starting new HTTP connection (1): home.baidu.com
2017-09-16 16:04:15,171 - [connectionpool.py:207] - DEBUG - Starting new HTTP connection (1): home.baidu.com
2017-09-16 16:04:15,172 - [connectionpool.py:818] - DEBUG - Starting new HTTPS connection (1): www.baidu.com
2017-09-16 16:04:15,201 - [connectionpool.py:395] - DEBUG - http://home.baidu.com:80 "GET /home/index HTTP/1.1" 200 None
2017-09-16 16:04:15,322 - [webpage_parser.py:63] - INFO - procotol:http, hostname:home.baidu.com, new_link:/home/index
2017-09-16 16:04:15,323 - [webpage_parser.py:63] - INFO - procotol:http, hostname:home.baidu.com, new_link:/home/index
2017-09-16 16:04:15,326 - [webpage_parser.py:63] - INFO - procotol:http, hostname:home.baidu.com, new_link:/home/index/join_us
2017-09-16 16:04:15,326 - [webpage_parser.py:63] - INFO - procotol:http, hostname:home.baidu.com, new_link:/home/index/contact_us
2017-09-16 16:04:15,327 - [webpage_parser.py:63] - INFO - procotol:http, hostname:home.baidu.com, new_link:/home/index
2017-09-16 16:04:15,327 - [connectionpool.py:818] - DEBUG - Starting new HTTPS connection (1): www.baidu.com
2017-09-16 16:04:15,328 - [webpage_parser.py:63] - INFO - procotol:http, hostname:home.baidu.com, new_link:/home/index/join_us
2017-09-16 16:04:15,328 - [webpage_parser.py:63] - INFO - procotol:http, hostname:home.baidu.com, new_link:/home/index/contact_us
2017-09-16 16:04:15,328 - [webpage_parser.py:63] - INFO - procotol:http, hostname:home.baidu.com, new_link:/home/index/show_banner_content/id/48
2017-09-16 16:04:15,329 - [webpage_parser.py:63] - INFO - procotol:http, hostname:home.baidu.com, new_link:/home/index/show_banner_content/id/15/type/mobile
2017-09-16 16:04:15,329 - [webpage_parser.py:63] - INFO - procotol:http, hostname:home.baidu.com, new_link:/home/index/show_banner_content/id/38
2017-09-16 16:04:15,330 - [webpage_parser.py:63] - INFO - procotol:http, hostname:home.baidu.com, new_link:/home/index/show_banner_content/id/47
2017-09-16 16:04:15,330 - [webpage_parser.py:63] - INFO - procotol:http, hostname:home.baidu.com, new_link:/home/index/show_mobile_banner_content/id/64
2017-09-16 16:04:15,330 - [webpage_parser.py:63] - INFO - procotol:http, hostname:home.baidu.com, new_link:/home/index/show_mobile_banner_content/id/62
2017-09-16 16:04:15,331 - [webpage_parser.py:63] - INFO - procotol:http, hostname:home.baidu.com, new_link:/home/index/news_list
2017-09-16 16:04:15,331 - [webpage_parser.py:63] - INFO - procotol:http, hostname:home.baidu.com, new_link:/home/index/news_detail/id/17714
2017-09-16 16:04:15,332 - [connectionpool.py:395] - DEBUG - https://www.baidu.com:443 "GET /s?wd=%E9%95%BF%E6%B1%9F%E5%8F%A3%E5%9E%83%E5%9C%BE%E5%80%BE%E5%80%92%E6%A1%88 HTTP/1.1" 200 227
2017-09-16 16:04:15,332 - [webpage_parser.py:63] - INFO - procotol:http, hostname:home.baidu.com, new_link:/home/index/news_detail/id/17713
2017-09-16 16:04:15,340 - [webpage_parser.py:63] - INFO - procotol:http, hostname:home.baidu.com, new_link:/home/index/news_detail/id/17712
2017-09-16 16:04:15,342 - [webpage_saver.py:45] - INFO - url https://www.baidu.com/s?wd=长江口垃圾倾倒案 is not match
2017-09-16 16:04:15,342 - [webpage_parser.py:63] - INFO - procotol:http, hostname:home.baidu.com, new_link:/home/index/news_detail/id/17711
2017-09-16 16:04:15,344 - [webpage_parser.py:63] - INFO - procotol:http, hostname:home.baidu.com, new_link:/home/index/news_detail/id/17710
2017-09-16 16:04:15,344 - [webpage_parser.py:63] - INFO - procotol:http, hostname:home.baidu.com, new_link:/home/index/news_detail/id/17709
2017-09-16 16:04:15,345 - [connectionpool.py:818] - DEBUG - Starting new HTTPS connection (1): www.baidu.com
2017-09-16 16:04:15,345 - [webpage_parser.py:63] - INFO - procotol:http, hostname:home.baidu.com, new_link:/home/index/news_list
2017-09-16 16:04:15,346 - [webpage_parser.py:63] - INFO - procotol:http, hostname:home.baidu.com, new_link:/home/index/special/id/40
2017-09-16 16:04:15,347 - [webpage_parser.py:63] - INFO - procotol:http, hostname:home.baidu.com, new_link:/home/index/special/id/29
2017-09-16 16:04:15,347 - [webpage_parser.py:63] - INFO - procotol:http, hostname:home.baidu.com, new_link:/home/index/special/id/34
2017-09-16 16:04:15,348 - [webpage_parser.py:63] - INFO - procotol:http, hostname:home.baidu.com, new_link:/home/index/join_us
2017-09-16 16:04:15,350 - [webpage_parser.py:63] - INFO - procotol:http, hostname:home.baidu.com, new_link:/home/index/company_culture
2017-09-16 16:04:15,351 - [webpage_parser.py:63] - INFO - procotol:http, hostname:home.baidu.com, new_link:/home/index/company
2017-09-16 16:04:15,351 - [webpage_parser.py:63] - INFO - procotol:http, hostname:home.baidu.com, new_link:/home/index/baidu_road
2017-09-16 16:04:15,351 - [webpage_parser.py:63] - INFO - procotol:http, hostname:home.baidu.com, new_link:/home/index/management_team
2017-09-16 16:04:15,353 - [webpage_saver.py:45] - INFO - url http://home.baidu.com/home/index is not match
2017-09-16 16:04:15,395 - [connectionpool.py:395] - DEBUG - https://www.baidu.com:443 "GET /s?wd=%E9%A9%AC%E4%BC%8A%E7%90%8D%E6%96%B0%E6%88%8F%E6%8E%A5%E9%95%BF%E5%8F%91 HTTP/1.1" 200 227
2017-09-16 16:04:15,410 - [webpage_saver.py:45] - INFO - url https://www.baidu.com/s?wd=马伊琍新戏接长发 is not match
2017-09-16 16:04:15,411 - [connectionpool.py:395] - DEBUG - https://www.baidu.com:443 "GET /s?wd=%E9%99%88%E7%BE%BD%E5%87%A1%E5%A4%8D%E5%87%BA HTTP/1.1" 200 227
2017-09-16 16:04:15,421 - [webpage_saver.py:45] - INFO - url https://www.baidu.com/s?wd=陈羽凡复出 is not match
2017-09-16 16:04:15,534 - [connectionpool.py:207] - DEBUG - Starting new HTTP connection (1): e.baidu.com
2017-09-16 16:04:15,564 - [connectionpool.py:395] - DEBUG - http://e.baidu.com:80 "GET /?subsite=bj HTTP/1.1" 200 None
2017-09-16 16:04:15,694 - [webpage_parser.py:63] - INFO - procotol:http, hostname:e.baidu.com, new_link:/localservice?subsite=bj
2017-09-16 16:04:15,695 - [webpage_parser.py:63] - INFO - procotol:http, hostname:e.baidu.com, new_link:javascript:void(-2);
2017-09-16 16:04:15,695 - [webpage_parser.py:63] - INFO - procotol:http, hostname:e.baidu.com, new_link:/help?subsite=bj
2017-09-16 16:04:15,695 - [webpage_parser.py:63] - INFO - procotol:http, hostname:e.baidu.com, new_link:javascript:void(0);
2017-09-16 16:04:15,696 - [webpage_parser.py:63] - INFO - procotol:http, hostname:e.baidu.com, new_link:/?subsite=bj
2017-09-16 16:04:15,696 - [webpage_parser.py:63] - INFO - procotol:http, hostname:e.baidu.com, new_link:javascript:;
2017-09-16 16:04:15,696 - [webpage_parser.py:63] - INFO - procotol:http, hostname:e.baidu.com, new_link:javascript:;
2017-09-16 16:04:15,697 - [webpage_parser.py:63] - INFO - procotol:http, hostname:e.baidu.com, new_link:javascript:;
2017-09-16 16:04:15,697 - [webpage_parser.py:63] - INFO - procotol:http, hostname:e.baidu.com, new_link:javascript:;
2017-09-16 16:04:15,697 - [webpage_parser.py:63] - INFO - procotol:http, hostname:e.baidu.com, new_link:javascript:;
2017-09-16 16:04:15,698 - [webpage_parser.py:63] - INFO - procotol:http, hostname:e.baidu.com, new_link:javascript:;
2017-09-16 16:04:15,698 - [webpage_parser.py:63] - INFO - procotol:http, hostname:e.baidu.com, new_link:javascript:;
2017-09-16 16:04:15,698 - [webpage_parser.py:63] - INFO - procotol:http, hostname:e.baidu.com, new_link:javascript:;
2017-09-16 16:04:15,698 - [webpage_parser.py:63] - INFO - procotol:http, hostname:e.baidu.com, new_link:javascript:;
2017-09-16 16:04:15,699 - [webpage_parser.py:63] - INFO - procotol:http, hostname:e.baidu.com, new_link:javascript:;
2017-09-16 16:04:15,699 - [webpage_parser.py:63] - INFO - procotol:http, hostname:e.baidu.com, new_link:javascript:;
2017-09-16 16:04:15,699 - [webpage_parser.py:63] - INFO - procotol:http, hostname:e.baidu.com, new_link:javascript:;
2017-09-16 16:04:15,700 - [webpage_parser.py:63] - INFO - procotol:http, hostname:e.baidu.com, new_link:javascript:;
2017-09-16 16:04:15,700 - [webpage_parser.py:63] - INFO - procotol:http, hostname:e.baidu.com, new_link:javascript:;
2017-09-16 16:04:15,700 - [webpage_parser.py:63] - INFO - procotol:http, hostname:e.baidu.com, new_link:javascript:;
2017-09-16 16:04:15,700 - [webpage_parser.py:63] - INFO - procotol:http, hostname:e.baidu.com, new_link:javascript:;
2017-09-16 16:04:15,701 - [webpage_parser.py:63] - INFO - procotol:http, hostname:e.baidu.com, new_link:javascript:;
2017-09-16 16:04:15,701 - [webpage_parser.py:63] - INFO - procotol:http, hostname:e.baidu.com, new_link:javascript:;
2017-09-16 16:04:15,701 - [webpage_parser.py:63] - INFO - procotol:http, hostname:e.baidu.com, new_link:javascript:;
2017-09-16 16:04:15,702 - [webpage_parser.py:63] - INFO - procotol:http, hostname:e.baidu.com, new_link:javascript:;
2017-09-16 16:04:15,702 - [webpage_parser.py:63] - INFO - procotol:http, hostname:e.baidu.com, new_link:javascript:;
2017-09-16 16:04:15,702 - [webpage_parser.py:63] - INFO - procotol:http, hostname:e.baidu.com, new_link:javascript:;
2017-09-16 16:04:15,702 - [webpage_parser.py:63] - INFO - procotol:http, hostname:e.baidu.com, new_link:javascript:;
2017-09-16 16:04:15,703 - [webpage_parser.py:63] - INFO - procotol:http, hostname:e.baidu.com, new_link:javascript:;
2017-09-16 16:04:15,703 - [webpage_parser.py:63] - INFO - procotol:http, hostname:e.baidu.com, new_link:javascript:;
2017-09-16 16:04:15,703 - [webpage_parser.py:63] - INFO - procotol:http, hostname:e.baidu.com, new_link:javascript:;
2017-09-16 16:04:15,704 - [webpage_parser.py:63] - INFO - procotol:http, hostname:e.baidu.com, new_link:javascript:;
2017-09-16 16:04:15,704 - [webpage_parser.py:63] - INFO - procotol:http, hostname:e.baidu.com, new_link:javascript:;
2017-09-16 16:04:15,704 - [webpage_parser.py:63] - INFO - procotol:http, hostname:e.baidu.com, new_link:javascript:;
2017-09-16 16:04:15,704 - [webpage_parser.py:63] - INFO - procotol:http, hostname:e.baidu.com, new_link:javascript:;
2017-09-16 16:04:15,705 - [webpage_parser.py:63] - INFO - procotol:http, hostname:e.baidu.com, new_link:javascript:;
2017-09-16 16:04:15,705 - [webpage_parser.py:63] - INFO - procotol:http, hostname:e.baidu.com, new_link:/?subsite=bj
2017-09-16 16:04:15,705 - [webpage_parser.py:63] - INFO - procotol:http, hostname:e.baidu.com, new_link:/solutions-client?subsite=bj
2017-09-16 16:04:15,706 - [webpage_parser.py:63] - INFO - procotol:http, hostname:e.baidu.com, new_link:/product?subsite=bj
2017-09-16 16:04:15,706 - [webpage_parser.py:63] - INFO - procotol:http, hostname:e.baidu.com, new_link:/cases?subsite=bj
2017-09-16 16:04:15,706 - [webpage_parser.py:63] - INFO - procotol:http, hostname:e.baidu.com, new_link:/news?subsite=bj
2017-09-16 16:04:15,706 - [webpage_parser.py:63] - INFO - procotol:http, hostname:e.baidu.com, new_link:/feed?subsite=bj
2017-09-16 16:04:15,707 - [webpage_parser.py:63] - INFO - procotol:http, hostname:e.baidu.com, new_link:javascript:;
2017-09-16 16:04:15,707 - [webpage_parser.py:63] - INFO - procotol:http, hostname:e.baidu.com, new_link:javascript:;
2017-09-16 16:04:15,707 - [webpage_parser.py:63] - INFO - procotol:http, hostname:e.baidu.com, new_link:javascript:;
2017-09-16 16:04:15,708 - [webpage_parser.py:63] - INFO - procotol:http, hostname:e.baidu.com, new_link:javascript:;
2017-09-16 16:04:15,708 - [webpage_parser.py:63] - INFO - procotol:http, hostname:e.baidu.com, new_link:/solutions-client?subsite=bj
2017-09-16 16:04:15,708 - [webpage_parser.py:63] - INFO - procotol:http, hostname:e.baidu.com, new_link:/solutions-client?subsite=bj#zhanxian
2017-09-16 16:04:15,708 - [webpage_parser.py:63] - INFO - procotol:http, hostname:e.baidu.com, new_link:/solutions-client?subsite=bj#dianji
2017-09-16 16:04:15,709 - [webpage_parser.py:63] - INFO - procotol:http, hostname:e.baidu.com, new_link:/solutions-client?subsite=bj#fangwen
2017-09-16 16:04:15,709 - [webpage_parser.py:63] - INFO - procotol:http, hostname:e.baidu.com, new_link:/solutions-client?subsite=bj#zixun
2017-09-16 16:04:15,709 - [webpage_parser.py:63] - INFO - procotol:http, hostname:e.baidu.com, new_link:/solutions-client?subsite=bj#chengjiao
2017-09-16 16:04:15,709 - [webpage_parser.py:63] - INFO - procotol:http, hostname:e.baidu.com, new_link:/solutions?subsite=bj
2017-09-16 16:04:15,710 - [webpage_parser.py:63] - INFO - procotol:http, hostname:e.baidu.com, new_link:/solutions?subsite=bj#any
2017-09-16 16:04:15,710 - [webpage_parser.py:63] - INFO - procotol:http, hostname:e.baidu.com, new_link:/solutions?subsite=bj#jzrq
2017-09-16 16:04:15,710 - [webpage_parser.py:63] - INFO - procotol:http, hostname:e.baidu.com, new_link:/solutions?subsite=bj#dzzj
2017-09-16 16:04:15,711 - [webpage_parser.py:63] - INFO - procotol:http, hostname:e.baidu.com, new_link:/solutions?subsite=bj#ywxq
2017-09-16 16:04:15,711 - [webpage_parser.py:63] - INFO - procotol:http, hostname:e.baidu.com, new_link:/solutions-brand?subsite=bj
2017-09-16 16:04:15,711 - [webpage_parser.py:63] - INFO - procotol:http, hostname:e.baidu.com, new_link:/solutions-brand?subsite=bj#zdn
2017-09-16 16:04:15,712 - [webpage_parser.py:63] - INFO - procotol:http, hostname:e.baidu.com, new_link:/solutions-brand?subsite=bj#ljn
2017-09-16 16:04:15,712 - [webpage_parser.py:63] - INFO - procotol:http, hostname:e.baidu.com, new_link:/solutions-brand?subsite=bj#xhn
2017-09-16 16:04:15,712 - [webpage_parser.py:63] - INFO - procotol:http, hostname:e.baidu.com, new_link:/solutions-brand?subsite=bj#xrn
2017-09-16 16:04:15,713 - [webpage_parser.py:63] - INFO - procotol:http, hostname:e.baidu.com, new_link:/feed?subsite=bj
2017-09-16 16:04:15,713 - [webpage_crawler.py:77] - ERROR - Connection Error url http://home.baidu.com/home/index/special/id/40
2017-09-16 16:04:15,714 - [webpage_parser.py:63] - INFO - procotol:http, hostname:e.baidu.com, new_link:/feed?subsite=bj#xxl1
2017-09-16 16:04:15,714 - [webpage_crawler.py:117] - ERROR - crawl url http://home.baidu.com/home/index/special/id/40 failed, status code 4
2017-09-16 16:04:15,714 - [webpage_parser.py:63] - INFO - procotol:http, hostname:e.baidu.com, new_link:/feed?subsite=bj#xxl2
2017-09-16 16:04:15,715 - [webpage_parser.py:63] - INFO - procotol:http, hostname:e.baidu.com, new_link:/feed?subsite=bj#xxl3
2017-09-16 16:04:15,715 - [webpage_parser.py:63] - INFO - procotol:http, hostname:e.baidu.com, new_link:/feed?subsite=bj#xxl4
2017-09-16 16:04:15,716 - [webpage_parser.py:63] - INFO - procotol:http, hostname:e.baidu.com, new_link:/help?subsite=bj
2017-09-16 16:04:15,716 - [webpage_parser.py:63] - INFO - procotol:http, hostname:e.baidu.com, new_link:javascript:;
2017-09-16 16:04:15,716 - [webpage_parser.py:63] - INFO - procotol:http, hostname:e.baidu.com, new_link:/node/129?subsite=bj
2017-09-16 16:04:15,716 - [webpage_parser.py:63] - INFO - procotol:http, hostname:e.baidu.com, new_link:/node/90?subsite=bj
2017-09-16 16:04:15,717 - [webpage_parser.py:63] - INFO - procotol:http, hostname:e.baidu.com, new_link:javascript:;
2017-09-16 16:04:15,717 - [webpage_parser.py:63] - INFO - procotol:http, hostname:e.baidu.com, new_link:javascript:;
2017-09-16 16:04:15,717 - [webpage_parser.py:63] - INFO - procotol:http, hostname:e.baidu.com, new_link:javascript:;
2017-09-16 16:04:15,718 - [webpage_parser.py:63] - INFO - procotol:http, hostname:e.baidu.com, new_link:javascript:;
2017-09-16 16:04:15,718 - [webpage_parser.py:63] - INFO - procotol:http, hostname:e.baidu.com, new_link:javascript:;
2017-09-16 16:04:15,718 - [webpage_parser.py:63] - INFO - procotol:http, hostname:e.baidu.com, new_link:/help
2017-09-16 16:04:15,718 - [webpage_parser.py:63] - INFO - procotol:http, hostname:e.baidu.com, new_link:/product?subsite=bj
2017-09-16 16:04:15,719 - [webpage_parser.py:63] - INFO - procotol:http, hostname:e.baidu.com, new_link:/product-brand?subsite=bj
2017-09-16 16:04:15,719 - [webpage_parser.py:63] - INFO - procotol:http, hostname:e.baidu.com, new_link:/product-mobile?subsite=bj
2017-09-16 16:04:15,719 - [webpage_parser.py:63] - INFO - procotol:http, hostname:e.baidu.com, new_link:/product-net?subsite=bj
2017-09-16 16:04:15,720 - [webpage_parser.py:63] - INFO - procotol:http, hostname:e.baidu.com, new_link:/product-community?subsite=bj
2017-09-16 16:04:15,720 - [webpage_parser.py:63] - INFO - procotol:http, hostname:e.baidu.com, new_link:/product-tools?subsite=bj
2017-09-16 16:04:15,720 - [webpage_parser.py:63] - INFO - procotol:http, hostname:e.baidu.com, new_link:/solutions-client?subsite=bj
2017-09-16 16:04:15,720 - [webpage_parser.py:63] - INFO - procotol:http, hostname:e.baidu.com, new_link:/solutions?subsite=bj
2017-09-16 16:04:15,721 - [webpage_parser.py:63] - INFO - procotol:http, hostname:e.baidu.com, new_link:/solutions-brand?subsite=bj
2017-09-16 16:04:15,721 - [webpage_parser.py:63] - INFO - procotol:http, hostname:e.baidu.com, new_link:/solutions-o2o?subsite=bj
2017-09-16 16:04:15,721 - [webpage_parser.py:63] - INFO - procotol:http, hostname:e.baidu.com, new_link:/cases?subsite=bj#dqcx
2017-09-16 16:04:15,721 - [webpage_parser.py:63] - INFO - procotol:http, hostname:e.baidu.com, new_link:/cases?subsite=bj#hycx
2017-09-16 16:04:15,722 - [webpage_parser.py:63] - INFO - procotol:http, hostname:e.baidu.com, new_link:/cases?subsite=bj#zmqy
2017-09-16 16:04:15,722 - [webpage_parser.py:63] - INFO - procotol:http, hostname:e.baidu.com, new_link:/news?subsite=bj
2017-09-16 16:04:15,722 - [webpage_parser.py:63] - INFO - procotol:http, hostname:e.baidu.com, new_link:/news?subsite=bj
2017-09-16 16:04:15,723 - [webpage_parser.py:63] - INFO - procotol:http, hostname:e.baidu.com, new_link:/help?subsite=bj
2017-09-16 16:04:15,723 - [webpage_parser.py:63] - INFO - procotol:http, hostname:e.baidu.com, new_link:/localservice?subsite=bj
2017-09-16 16:04:15,723 - [webpage_parser.py:63] - INFO - procotol:http, hostname:e.baidu.com, new_link:mailto:ask@baidu.com
2017-09-16 16:04:15,724 - [webpage_parser.py:63] - INFO - procotol:http, hostname:e.baidu.com, new_link:javascript:void(1);
2017-09-16 16:04:15,724 - [webpage_parser.py:63] - INFO - procotol:http, hostname:e.baidu.com, new_link:javascript:void(2);
2017-09-16 16:04:15,724 - [webpage_parser.py:63] - INFO - procotol:http, hostname:e.baidu.com, new_link:javascript:void(-1);
2017-09-16 16:04:15,724 - [webpage_parser.py:63] - INFO - procotol:http, hostname:e.baidu.com, new_link:javascript:;
2017-09-16 16:04:15,725 - [webpage_parser.py:63] - INFO - procotol:http, hostname:e.baidu.com, new_link:/help
2017-09-16 16:04:15,727 - [webpage_saver.py:45] - INFO - url http://e.baidu.com/?subsite=bj is not match
2017-09-16 16:04:15,781 - [connectionpool.py:207] - DEBUG - Starting new HTTP connection (1): ai.baidu.com
2017-09-16 16:04:15,902 - [webpage_crawler.py:71] - ERROR - read timeout http://home.baidu.com/home/index/special/id/29
2017-09-16 16:04:15,902 - [webpage_crawler.py:117] - ERROR - crawl url http://home.baidu.com/home/index/special/id/29 failed, status code 2
2017-09-16 16:04:16,214 - [connectionpool.py:395] - DEBUG - http://ai.baidu.com:80 "GET / HTTP/1.1" 200 None
2017-09-16 16:04:16,359 - [webpage_parser.py:63] - INFO - procotol:http, hostname:ai.baidu.com, new_link:/
2017-09-16 16:04:16,360 - [webpage_parser.py:63] - INFO - procotol:http, hostname:ai.baidu.com, new_link:/
2017-09-16 16:04:16,360 - [webpage_parser.py:63] - INFO - procotol:http, hostname:ai.baidu.com, new_link:javascript:void(0);
2017-09-16 16:04:16,362 - [webpage_parser.py:63] - INFO - procotol:http, hostname:ai.baidu.com, new_link:/tech/ocr
2017-09-16 16:04:16,365 - [webpage_parser.py:63] - INFO - procotol:http, hostname:ai.baidu.com, new_link:/tech/ocr/general
2017-09-16 16:04:16,366 - [webpage_parser.py:63] - INFO - procotol:http, hostname:ai.baidu.com, new_link:/tech/ocr/webimage
2017-09-16 16:04:16,366 - [webpage_parser.py:63] - INFO - procotol:http, hostname:ai.baidu.com, new_link:/tech/ocr/cards
2017-09-16 16:04:16,367 - [connectionpool.py:207] - DEBUG - Starting new HTTP connection (1): home.baidu.com
2017-09-16 16:04:16,367 - [webpage_parser.py:63] - INFO - procotol:http, hostname:ai.baidu.com, new_link:/tech/ocr/table
2017-09-16 16:04:16,368 - [connectionpool.py:818] - DEBUG - Starting new HTTPS connection (1): www.baidu.com
2017-09-16 16:04:16,368 - [webpage_parser.py:63] - INFO - procotol:http, hostname:ai.baidu.com, new_link:/tech/ocr/receipt
2017-09-16 16:04:16,369 - [webpage_parser.py:63] - INFO - procotol:http, hostname:ai.baidu.com, new_link:/tech/face
2017-09-16 16:04:16,369 - [webpage_parser.py:63] - INFO - procotol:http, hostname:ai.baidu.com, new_link:/tech/face/detect
2017-09-16 16:04:16,370 - [webpage_parser.py:63] - INFO - procotol:http, hostname:ai.baidu.com, new_link:/tech/face/compare
2017-09-16 16:04:16,370 - [webpage_parser.py:63] - INFO - procotol:http, hostname:ai.baidu.com, new_link:/tech/face/search
2017-09-16 16:04:16,370 - [webpage_parser.py:63] - INFO - procotol:http, hostname:ai.baidu.com, new_link:/tech/imagecensoring
2017-09-16 16:04:16,371 - [webpage_parser.py:63] - INFO - procotol:http, hostname:ai.baidu.com, new_link:/tech/imagecensoring/antiporn
2017-09-16 16:04:16,371 - [webpage_parser.py:63] - INFO - procotol:http, hostname:ai.baidu.com, new_link:/tech/imagecensoring/antiterror
2017-09-16 16:04:16,371 - [webpage_parser.py:63] - INFO - procotol:http, hostname:ai.baidu.com, new_link:/tech/imagerecognition
2017-09-16 16:04:16,371 - [webpage_parser.py:63] - INFO - procotol:http, hostname:ai.baidu.com, new_link:/tech/imagesearch
2017-09-16 16:04:16,372 - [webpage_parser.py:63] - INFO - procotol:http, hostname:ai.baidu.com, new_link:/tech/nlp
2017-09-16 16:04:16,372 - [webpage_parser.py:63] - INFO - procotol:http, hostname:ai.baidu.com, new_link:/tech/nlp/lexical
2017-09-16 16:04:16,372 - [webpage_parser.py:63] - INFO - procotol:http, hostname:ai.baidu.com, new_link:/tech/nlp/dependency_parsing
2017-09-16 16:04:16,373 - [webpage_parser.py:63] - INFO - procotol:http, hostname:ai.baidu.com, new_link:/tech/nlp/word_embedding
2017-09-16 16:04:16,373 - [webpage_parser.py:63] - INFO - procotol:http, hostname:ai.baidu.com, new_link:/tech/nlp/dnnlm_cn
2017-09-16 16:04:16,373 - [webpage_parser.py:63] - INFO - procotol:http, hostname:ai.baidu.com, new_link:/tech/nlp/word_emb_sim
2017-09-16 16:04:16,373 - [webpage_parser.py:63] - INFO - procotol:http, hostname:ai.baidu.com, new_link:/tech/nlp/simnet
2017-09-16 16:04:16,374 - [webpage_parser.py:63] - INFO - procotol:http, hostname:ai.baidu.com, new_link:/tech/nlp/comment_tag
2017-09-16 16:04:16,374 - [webpage_parser.py:63] - INFO - procotol:http, hostname:ai.baidu.com, new_link:/tech/nlp/sentiment_classify
2017-09-16 16:04:16,374 - [webpage_parser.py:63] - INFO - procotol:http, hostname:ai.baidu.com, new_link:/tech/unit
2017-09-16 16:04:16,375 - [webpage_parser.py:63] - INFO - procotol:http, hostname:ai.baidu.com, new_link:/tech/speech
2017-09-16 16:04:16,375 - [webpage_parser.py:63] - INFO - procotol:http, hostname:ai.baidu.com, new_link:/tech/speech/asr
2017-09-16 16:04:16,375 - [webpage_parser.py:63] - INFO - procotol:http, hostname:ai.baidu.com, new_link:/tech/speech/lsr
2017-09-16 16:04:16,376 - [webpage_parser.py:63] - INFO - procotol:http, hostname:ai.baidu.com, new_link:/tech/speech/fsr
2017-09-16 16:04:16,376 - [webpage_parser.py:63] - INFO - procotol:http, hostname:ai.baidu.com, new_link:/tech/speech/tts
2017-09-16 16:04:16,377 - [webpage_parser.py:63] - INFO - procotol:http, hostname:ai.baidu.com, new_link:/tech/speech/wake
2017-09-16 16:04:16,377 - [webpage_parser.py:63] - INFO - procotol:http, hostname:ai.baidu.com, new_link:/tech/video/vca
2017-09-16 16:04:16,378 - [webpage_parser.py:63] - INFO - procotol:http, hostname:ai.baidu.com, new_link:/tech/video/vcs
2017-09-16 16:04:16,378 - [webpage_parser.py:63] - INFO - procotol:http, hostname:ai.baidu.com, new_link:/tech/video/vcc
2017-09-16 16:04:16,378 - [webpage_parser.py:63] - INFO - procotol:http, hostname:ai.baidu.com, new_link:/tech/video/vcr
2017-09-16 16:04:16,379 - [webpage_parser.py:63] - INFO - procotol:http, hostname:ai.baidu.com, new_link:/tech/kg/schema
2017-09-16 16:04:16,379 - [webpage_parser.py:63] - INFO - procotol:http, hostname:ai.baidu.com, new_link:/tech/kg/pie
2017-09-16 16:04:16,380 - [webpage_parser.py:63] - INFO - procotol:http, hostname:ai.baidu.com, new_link:javascript:void(0);
2017-09-16 16:04:16,380 - [webpage_parser.py:63] - INFO - procotol:http, hostname:ai.baidu.com, new_link:javascript:void(0);
2017-09-16 16:04:16,380 - [webpage_parser.py:63] - INFO - procotol:http, hostname:ai.baidu.com, new_link:/solution/faceprint
2017-09-16 16:04:16,381 - [webpage_parser.py:63] - INFO - procotol:http, hostname:ai.baidu.com, new_link:/solution/facesignIn
2017-09-16 16:04:16,381 - [webpage_parser.py:63] - INFO - procotol:http, hostname:ai.baidu.com, new_link:/solution/faceidentify
2017-09-16 16:04:16,381 - [webpage_parser.py:63] - INFO - procotol:http, hostname:ai.baidu.com, new_link:/solution/facegate
2017-09-16 16:04:16,382 - [webpage_parser.py:63] - INFO - procotol:http, hostname:ai.baidu.com, new_link:/solution/itma
2017-09-16 16:04:16,383 - [webpage_parser.py:63] - INFO - procotol:http, hostname:ai.baidu.com, new_link:/solution/ecui
2017-09-16 16:04:16,384 - [webpage_parser.py:63] - INFO - procotol:http, hostname:ai.baidu.com, new_link:/solution/roboticvision
2017-09-16 16:04:16,384 - [webpage_parser.py:63] - INFO - procotol:http, hostname:ai.baidu.com, new_link:/solution/robot
2017-09-16 16:04:16,385 - [webpage_parser.py:63] - INFO - procotol:http, hostname:ai.baidu.com, new_link:/solution/smarthome
2017-09-16 16:04:16,385 - [webpage_parser.py:63] - INFO - procotol:http, hostname:ai.baidu.com, new_link:/solution/voiceassistant
2017-09-16 16:04:16,385 - [webpage_parser.py:63] - INFO - procotol:http, hostname:ai.baidu.com, new_link:/solution/arads
2017-09-16 16:04:16,386 - [webpage_parser.py:63] - INFO - procotol:http, hostname:ai.baidu.com, new_link:/support/news
2017-09-16 16:04:16,386 - [webpage_parser.py:63] - INFO - procotol:http, hostname:ai.baidu.com, new_link:/sdk
2017-09-16 16:04:16,386 - [webpage_parser.py:63] - INFO - procotol:http, hostname:ai.baidu.com, new_link:javascript:void(0);
2017-09-16 16:04:16,387 - [webpage_parser.py:63] - INFO - procotol:http, hostname:ai.baidu.com, new_link:/docs
2017-09-16 16:04:16,387 - [webpage_parser.py:63] - INFO - procotol:http, hostname:ai.baidu.com, new_link:/support/video
2017-09-16 16:04:16,387 - [webpage_parser.py:63] - INFO - procotol:http, hostname:ai.baidu.com, new_link:/docs#/FAQ
2017-09-16 16:04:16,387 - [webpage_parser.py:63] - INFO - procotol:http, hostname:ai.baidu.com, new_link:/partner
2017-09-16 16:04:16,388 - [webpage_parser.py:63] - INFO - procotol:http, hostname:ai.baidu.com, new_link:/support/news?action=detail&id=193
2017-09-16 16:04:16,388 - [webpage_parser.py:63] - INFO - procotol:http, hostname:ai.baidu.com, new_link:/support/news?action=detail&id=191
2017-09-16 16:04:16,389 - [webpage_parser.py:63] - INFO - procotol:http, hostname:ai.baidu.com, new_link:/support/news?action=detail&id=194
2017-09-16 16:04:16,389 - [webpage_parser.py:63] - INFO - procotol:http, hostname:ai.baidu.com, new_link:/support/news?action=detail&id=195
2017-09-16 16:04:16,389 - [webpage_parser.py:63] - INFO - procotol:http, hostname:ai.baidu.com, new_link:/tech/ocr
2017-09-16 16:04:16,390 - [webpage_parser.py:63] - INFO - procotol:http, hostname:ai.baidu.com, new_link:/tech/face
2017-09-16 16:04:16,390 - [webpage_parser.py:63] - INFO - procotol:http, hostname:ai.baidu.com, new_link:/tech/imagecensoring
2017-09-16 16:04:16,390 - [webpage_parser.py:63] - INFO - procotol:http, hostname:ai.baidu.com, new_link:/tech/imagerecognition
2017-09-16 16:04:16,390 - [webpage_parser.py:63] - INFO - procotol:http, hostname:ai.baidu.com, new_link:/tech/imagesearch
2017-09-16 16:04:16,391 - [webpage_parser.py:63] - INFO - procotol:http, hostname:ai.baidu.com, new_link:/tech/nlp
2017-09-16 16:04:16,391 - [webpage_parser.py:63] - INFO - procotol:http, hostname:ai.baidu.com, new_link:/tech/unit
2017-09-16 16:04:16,392 - [webpage_parser.py:63] - INFO - procotol:http, hostname:ai.baidu.com, new_link:/tech/speech/asr
2017-09-16 16:04:16,392 - [webpage_parser.py:63] - INFO - procotol:http, hostname:ai.baidu.com, new_link:/tech/speech/tts
2017-09-16 16:04:16,392 - [webpage_parser.py:63] - INFO - procotol:http, hostname:ai.baidu.com, new_link:/tech/speech/wake
2017-09-16 16:04:16,393 - [webpage_parser.py:63] - INFO - procotol:http, hostname:ai.baidu.com, new_link:/tech/video/vca
2017-09-16 16:04:16,393 - [webpage_parser.py:63] - INFO - procotol:http, hostname:ai.baidu.com, new_link:/tech/video/vcs
2017-09-16 16:04:16,393 - [webpage_parser.py:63] - INFO - procotol:http, hostname:ai.baidu.com, new_link:/tech/video/vcc
2017-09-16 16:04:16,394 - [webpage_parser.py:63] - INFO - procotol:http, hostname:ai.baidu.com, new_link:/tech/video/vcr
2017-09-16 16:04:16,394 - [webpage_parser.py:63] - INFO - procotol:http, hostname:ai.baidu.com, new_link:/tech/kg/schema
2017-09-16 16:04:16,394 - [webpage_parser.py:63] - INFO - procotol:http, hostname:ai.baidu.com, new_link:/tech/kg/pie
2017-09-16 16:04:16,395 - [webpage_parser.py:63] - INFO - procotol:http, hostname:ai.baidu.com, new_link:/scenarios#partner-item-2
2017-09-16 16:04:16,395 - [webpage_parser.py:63] - INFO - procotol:http, hostname:ai.baidu.com, new_link:/scenarios#partner-item-3
2017-09-16 16:04:16,395 - [webpage_parser.py:63] - INFO - procotol:http, hostname:ai.baidu.com, new_link:/scenarios#partner-item-4
2017-09-16 16:04:16,396 - [webpage_parser.py:63] - INFO - procotol:http, hostname:ai.baidu.com, new_link:/scenarios#partner-item-5
2017-09-16 16:04:16,396 - [webpage_parser.py:63] - INFO - procotol:http, hostname:ai.baidu.com, new_link:/scenarios#partner-item-6
2017-09-16 16:04:16,396 - [webpage_parser.py:63] - INFO - procotol:http, hostname:ai.baidu.com, new_link:/scenarios#partner-item-7
2017-09-16 16:04:16,396 - [webpage_parser.py:63] - INFO - procotol:http, hostname:ai.baidu.com, new_link:/scenarios#partner-item-8
2017-09-16 16:04:16,397 - [webpage_parser.py:63] - INFO - procotol:http, hostname:ai.baidu.com, new_link:/scenarios#partner-item-9
2017-09-16 16:04:16,397 - [webpage_parser.py:63] - INFO - procotol:http, hostname:ai.baidu.com, new_link:/scenarios#partner-item-10
2017-09-16 16:04:16,397 - [webpage_parser.py:63] - INFO - procotol:http, hostname:ai.baidu.com, new_link:/scenarios#partner-item-11
2017-09-16 16:04:16,398 - [webpage_parser.py:63] - INFO - procotol:http, hostname:ai.baidu.com, new_link:/scenarios#partner-item-12
2017-09-16 16:04:16,398 - [webpage_parser.py:63] - INFO - procotol:http, hostname:ai.baidu.com, new_link:/scenarios#partner-item-13
2017-09-16 16:04:16,398 - [webpage_parser.py:63] - INFO - procotol:http, hostname:ai.baidu.com, new_link:/scenarios#partner-item-14
2017-09-16 16:04:16,399 - [webpage_parser.py:63] - INFO - procotol:http, hostname:ai.baidu.com, new_link:/scenarios#partner-item-15
2017-09-16 16:04:16,399 - [webpage_parser.py:63] - INFO - procotol:http, hostname:ai.baidu.com, new_link:/scenarios#partner-item-16
2017-09-16 16:04:16,400 - [webpage_parser.py:63] - INFO - procotol:http, hostname:ai.baidu.com, new_link:/scenarios#partner-item-17
2017-09-16 16:04:16,400 - [webpage_parser.py:63] - INFO - procotol:http, hostname:ai.baidu.com, new_link:/scenarios#partner-item-18
2017-09-16 16:04:16,400 - [webpage_parser.py:63] - INFO - procotol:http, hostname:ai.baidu.com, new_link:/scenarios#partner-item-19
2017-09-16 16:04:16,400 - [webpage_parser.py:63] - INFO - procotol:http, hostname:ai.baidu.com, new_link:/scenarios#partner-item-20
2017-09-16 16:04:16,401 - [webpage_parser.py:63] - INFO - procotol:http, hostname:ai.baidu.com, new_link:/scenarios#partner-item-21
2017-09-16 16:04:16,401 - [webpage_parser.py:63] - INFO - procotol:http, hostname:ai.baidu.com, new_link:/scenarios#partner-item-22
2017-09-16 16:04:16,401 - [webpage_parser.py:63] - INFO - procotol:http, hostname:ai.baidu.com, new_link:/scenarios#partner-item-23
2017-09-16 16:04:16,402 - [webpage_parser.py:63] - INFO - procotol:http, hostname:ai.baidu.com, new_link:/scenarios#partner-item-24
2017-09-16 16:04:16,402 - [webpage_parser.py:63] - INFO - procotol:http, hostname:ai.baidu.com, new_link:/scenarios#partner-item-25
2017-09-16 16:04:16,403 - [webpage_parser.py:63] - INFO - procotol:http, hostname:ai.baidu.com, new_link:/scenarios#partner-item-26
2017-09-16 16:04:16,403 - [webpage_parser.py:63] - INFO - procotol:http, hostname:ai.baidu.com, new_link:/solution/faceprint
2017-09-16 16:04:16,403 - [webpage_parser.py:63] - INFO - procotol:http, hostname:ai.baidu.com, new_link:/solution/facesignIn
2017-09-16 16:04:16,404 - [webpage_parser.py:63] - INFO - procotol:http, hostname:ai.baidu.com, new_link:/solution/faceidentify
2017-09-16 16:04:16,404 - [webpage_parser.py:63] - INFO - procotol:http, hostname:ai.baidu.com, new_link:/solution/facegate
2017-09-16 16:04:16,404 - [webpage_parser.py:63] - INFO - procotol:http, hostname:ai.baidu.com, new_link:/solution/itma
2017-09-16 16:04:16,404 - [webpage_parser.py:63] - INFO - procotol:http, hostname:ai.baidu.com, new_link:/solution/ecui
2017-09-16 16:04:16,405 - [webpage_parser.py:63] - INFO - procotol:http, hostname:ai.baidu.com, new_link:/solution/roboticvision
2017-09-16 16:04:16,405 - [connectionpool.py:395] - DEBUG - http://home.baidu.com:80 "GET /home/index/show_mobile_banner_content/id/64 HTTP/1.1" 200 None
2017-09-16 16:04:16,406 - [webpage_parser.py:63] - INFO - procotol:http, hostname:ai.baidu.com, new_link:/solution/robot
2017-09-16 16:04:16,408 - [webpage_parser.py:63] - INFO - procotol:http, hostname:ai.baidu.com, new_link:/solution/smarthome
2017-09-16 16:04:16,408 - [webpage_parser.py:63] - INFO - procotol:http, hostname:ai.baidu.com, new_link:/solution/voiceassistant
2017-09-16 16:04:16,409 - [webpage_parser.py:63] - INFO - procotol:http, hostname:ai.baidu.com, new_link:/solution/arads
2017-09-16 16:04:16,409 - [webpage_parser.py:63] - INFO - procotol:http, hostname:ai.baidu.com, new_link:/support/news?action=detail&id=161
2017-09-16 16:04:16,410 - [webpage_parser.py:63] - INFO - procotol:http, hostname:ai.baidu.com, new_link:/support/news?action=detail&id=156
2017-09-16 16:04:16,410 - [webpage_parser.py:63] - INFO - procotol:http, hostname:ai.baidu.com, new_link:/support/news?action=detail&id=152
2017-09-16 16:04:16,410 - [webpage_parser.py:63] - INFO - procotol:http, hostname:ai.baidu.com, new_link:/support/news?action=detail&id=122
2017-09-16 16:04:16,411 - [webpage_parser.py:63] - INFO - procotol:http, hostname:ai.baidu.com, new_link:/support/news?action=detail&id=130
2017-09-16 16:04:16,411 - [webpage_parser.py:63] - INFO - procotol:http, hostname:ai.baidu.com, new_link:/support/news?action=detail&id=163
2017-09-16 16:04:16,411 - [webpage_parser.py:63] - INFO - procotol:http, hostname:ai.baidu.com, new_link:/support/news?action=detail&id=164
2017-09-16 16:04:16,412 - [webpage_parser.py:63] - INFO - procotol:http, hostname:ai.baidu.com, new_link:/support/news?action=detail&id=161
2017-09-16 16:04:16,412 - [webpage_parser.py:63] - INFO - procotol:http, hostname:ai.baidu.com, new_link:/support/news?action=detail&id=160
2017-09-16 16:04:16,412 - [webpage_parser.py:63] - INFO - procotol:http, hostname:ai.baidu.com, new_link:/support/news?action=detail&id=157
2017-09-16 16:04:16,413 - [webpage_parser.py:63] - INFO - procotol:http, hostname:ai.baidu.com, new_link:/support/news?action=detail&id=153
2017-09-16 16:04:16,413 - [webpage_parser.py:63] - INFO - procotol:http, hostname:ai.baidu.com, new_link:/support/news?action=detail&id=150
2017-09-16 16:04:16,413 - [webpage_parser.py:63] - INFO - procotol:http, hostname:ai.baidu.com, new_link:/support/news?action=detail&id=146
2017-09-16 16:04:16,413 - [webpage_parser.py:63] - INFO - procotol:http, hostname:ai.baidu.com, new_link:/support/news?action=detail&id=145
2017-09-16 16:04:16,414 - [webpage_parser.py:63] - INFO - procotol:http, hostname:ai.baidu.com, new_link:/support/news?action=detail&id=143
2017-09-16 16:04:16,414 - [webpage_parser.py:63] - INFO - procotol:http, hostname:ai.baidu.com, new_link:/support/news?action=detail&id=135
2017-09-16 16:04:16,414 - [webpage_parser.py:63] - INFO - procotol:http, hostname:ai.baidu.com, new_link: http://ai.baidu.com/support/news?action=detail&id=167
2017-09-16 16:04:16,415 - [webpage_parser.py:63] - INFO - procotol:http, hostname:ai.baidu.com, new_link:#footer-nav
2017-09-16 16:04:16,427 - [connectionpool.py:207] - DEBUG - Starting new HTTP connection (1): home.baidu.com
2017-09-16 16:04:16,429 - [connectionpool.py:207] - DEBUG - Starting new HTTP connection (1): home.baidu.com
2017-09-16 16:04:16,477 - [webpage_parser.py:63] - INFO - procotol:http, hostname:home.baidu.com, new_link:/home/index
2017-09-16 16:04:16,477 - [webpage_parser.py:63] - INFO - procotol:http, hostname:home.baidu.com, new_link:/home/index
2017-09-16 16:04:16,478 - [webpage_parser.py:63] - INFO - procotol:http, hostname:home.baidu.com, new_link:/home/index/join_us
2017-09-16 16:04:16,479 - [connectionpool.py:395] - DEBUG - https://www.baidu.com:443 "GET /s?wd=%E8%B5%9B%E7%90%B3%E5%A8%9C%E6%89%8B%E6%9C%AF HTTP/1.1" 200 227
2017-09-16 16:04:16,480 - [webpage_parser.py:63] - INFO - procotol:http, hostname:home.baidu.com, new_link:/home/index/contact_us
2017-09-16 16:04:16,489 - [webpage_parser.py:63] - INFO - procotol:http, hostname:home.baidu.com, new_link:/home/index
2017-09-16 16:04:16,491 - [webpage_saver.py:45] - INFO - url https://www.baidu.com/s?wd=赛琳娜手术 is not match
2017-09-16 16:04:16,492 - [webpage_parser.py:63] - INFO - procotol:http, hostname:home.baidu.com, new_link:/home/index/join_us
2017-09-16 16:04:16,493 - [webpage_saver.py:45] - INFO - url http://ai.baidu.com/ is not match
2017-09-16 16:04:16,494 - [webpage_parser.py:63] - INFO - procotol:http, hostname:home.baidu.com, new_link:/home/index/contact_us
2017-09-16 16:04:16,495 - [webpage_saver.py:45] - INFO - url http://home.baidu.com/home/index/show_mobile_banner_content/id/64 is not match
2017-09-16 16:04:16,509 - [connectionpool.py:395] - DEBUG - http://home.baidu.com:80 "GET /home/index/show_mobile_banner_content/id/62 HTTP/1.1" 200 None
2017-09-16 16:04:16,546 - [webpage_parser.py:63] - INFO - procotol:http, hostname:home.baidu.com, new_link:/home/index
2017-09-16 16:04:16,547 - [connectionpool.py:395] - DEBUG - http://home.baidu.com:80 "GET /home/index/company HTTP/1.1" 200 None
2017-09-16 16:04:16,548 - [webpage_parser.py:63] - INFO - procotol:http, hostname:home.baidu.com, new_link:/home/index
2017-09-16 16:04:16,550 - [webpage_parser.py:63] - INFO - procotol:http, hostname:home.baidu.com, new_link:/home/index/join_us
2017-09-16 16:04:16,550 - [webpage_parser.py:63] - INFO - procotol:http, hostname:home.baidu.com, new_link:/home/index/contact_us
2017-09-16 16:04:16,550 - [webpage_parser.py:63] - INFO - procotol:http, hostname:home.baidu.com, new_link:/home/index
2017-09-16 16:04:16,551 - [webpage_parser.py:63] - INFO - procotol:http, hostname:home.baidu.com, new_link:/home/index/join_us
2017-09-16 16:04:16,598 - [webpage_parser.py:63] - INFO - procotol:http, hostname:home.baidu.com, new_link:/home/index
2017-09-16 16:04:16,598 - [webpage_parser.py:63] - INFO - procotol:http, hostname:home.baidu.com, new_link:/home/index/contact_us
2017-09-16 16:04:16,598 - [webpage_parser.py:63] - INFO - procotol:http, hostname:home.baidu.com, new_link:/home/index
2017-09-16 16:04:16,600 - [webpage_parser.py:63] - INFO - procotol:http, hostname:home.baidu.com, new_link:/home/index/join_us
2017-09-16 16:04:16,600 - [webpage_saver.py:45] - INFO - url http://home.baidu.com/home/index/show_mobile_banner_content/id/62 is not match
2017-09-16 16:04:16,600 - [webpage_parser.py:63] - INFO - procotol:http, hostname:home.baidu.com, new_link:/home/index/contact_us
2017-09-16 16:04:16,601 - [webpage_parser.py:63] - INFO - procotol:http, hostname:home.baidu.com, new_link:/home/index
2017-09-16 16:04:16,601 - [webpage_parser.py:63] - INFO - procotol:http, hostname:home.baidu.com, new_link:/home/index/join_us
2017-09-16 16:04:16,602 - [webpage_parser.py:63] - INFO - procotol:http, hostname:home.baidu.com, new_link:/home/index/contact_us
2017-09-16 16:04:16,602 - [webpage_saver.py:45] - INFO - url http://home.baidu.com/home/index/company is not match
2017-09-16 16:04:16,719 - [connectionpool.py:818] - DEBUG - Starting new HTTPS connection (1): www.baidu.com
2017-09-16 16:04:16,735 - [connectionpool.py:207] - DEBUG - Starting new HTTP connection (1): home.baidu.com
2017-09-16 16:04:16,771 - [connectionpool.py:395] - DEBUG - http://home.baidu.com:80 "GET /home/index/contact_us HTTP/1.1" 200 None
2017-09-16 16:04:16,931 - [connectionpool.py:395] - DEBUG - https://www.baidu.com:443 "GET /s?wd=%E6%B2%89%E8%BF%B7%E6%B8%B8%E6%88%8F%E7%BD%91%E5%90%A7%E5%90%83%E4%BD%8F HTTP/1.1" 200 227
2017-09-16 16:04:16,954 - [connectionpool.py:818] - DEBUG - Starting new HTTPS connection (1): www.baidu.com
2017-09-16 16:04:16,956 - [webpage_saver.py:45] - INFO - url https://www.baidu.com/s?wd=沉迷游戏网吧吃住 is not match
2017-09-16 16:04:17,013 - [sjisprober.py:61] - DEBUG - SHIFT_JIS Japanese prober hit error at byte 494
2017-09-16 16:04:17,026 - [eucjpprober.py:62] - DEBUG - EUC-JP Japanese prober hit error at byte 453
2017-09-16 16:04:17,033 - [mbcharsetprober.py:66] - DEBUG - GB2312 Chinese prober hit error at byte 498
2017-09-16 16:04:17,039 - [mbcharsetprober.py:66] - DEBUG - EUC-KR Korean prober hit error at byte 453
2017-09-16 16:04:17,044 - [mbcharsetprober.py:66] - DEBUG - CP949 Korean prober hit error at byte 453
2017-09-16 16:04:17,050 - [mbcharsetprober.py:66] - DEBUG - Big5 Chinese prober hit error at byte 454
2017-09-16 16:04:17,056 - [mbcharsetprober.py:66] - DEBUG - EUC-TW Taiwan prober hit error at byte 453
2017-09-16 16:04:17,097 - [connectionpool.py:395] - DEBUG - https://www.baidu.com:443 "GET /s?wd=%E6%8D%A1%E7%8E%89%E5%9D%A0%E4%B8%A2%E5%BC%83%E8%A2%AB%E7%B4%A2%E8%B5%94 HTTP/1.1" 200 227
2017-09-16 16:04:17,133 - [webpage_saver.py:45] - INFO - url https://www.baidu.com/s?wd=捡玉坠丢弃被索赔 is not match
2017-09-16 16:04:17,294 - [charsetgroupprober.py:100] - DEBUG - windows-1251 Russian confidence = 0.01
2017-09-16 16:04:17,294 - [charsetgroupprober.py:100] - DEBUG - KOI8-R Russian confidence = 0.01
2017-09-16 16:04:17,294 - [charsetgroupprober.py:100] - DEBUG - ISO-8859-5 Russian confidence = 0.0
2017-09-16 16:04:17,294 - [charsetgroupprober.py:100] - DEBUG - MacCyrillic Russian confidence = 0.00806036956326
2017-09-16 16:04:17,295 - [charsetgroupprober.py:100] - DEBUG - IBM866 Russian confidence = 0.0663601747927
2017-09-16 16:04:17,295 - [charsetgroupprober.py:100] - DEBUG - IBM855 Russian confidence = 0.0702150207922
2017-09-16 16:04:17,295 - [charsetgroupprober.py:100] - DEBUG - ISO-8859-7 Greek confidence = 0.0
2017-09-16 16:04:17,295 - [charsetgroupprober.py:100] - DEBUG - windows-1253 Greek confidence = 0.0
2017-09-16 16:04:17,296 - [charsetgroupprober.py:100] - DEBUG - ISO-8859-5 Bulgairan confidence = 0.0
2017-09-16 16:04:17,296 - [charsetgroupprober.py:100] - DEBUG - windows-1251 Bulgarian confidence = 0.0
2017-09-16 16:04:17,296 - [charsetgroupprober.py:100] - DEBUG - TIS-620 Thai confidence = 0.0410542420181
2017-09-16 16:04:17,296 - [charsetgroupprober.py:100] - DEBUG - ISO-8859-9 Turkish confidence = 0.463921191875
2017-09-16 16:04:17,296 - [charsetgroupprober.py:100] - DEBUG - windows-1255 Hebrew confidence = 0.0
2017-09-16 16:04:17,297 - [charsetgroupprober.py:100] - DEBUG - windows-1255 Hebrew confidence = 0.0
2017-09-16 16:04:17,297 - [charsetgroupprober.py:100] - DEBUG - windows-1255 Hebrew confidence = 0.0
2017-09-16 16:04:17,297 - [charsetgroupprober.py:100] - DEBUG - windows-1251 Russian confidence = 0.01
2017-09-16 16:04:17,297 - [charsetgroupprober.py:100] - DEBUG - KOI8-R Russian confidence = 0.01
2017-09-16 16:04:17,297 - [charsetgroupprober.py:100] - DEBUG - ISO-8859-5 Russian confidence = 0.0
2017-09-16 16:04:17,298 - [charsetgroupprober.py:100] - DEBUG - MacCyrillic Russian confidence = 0.00806036956326
2017-09-16 16:04:17,298 - [charsetgroupprober.py:100] - DEBUG - IBM866 Russian confidence = 0.0663601747927
2017-09-16 16:04:17,298 - [charsetgroupprober.py:100] - DEBUG - IBM855 Russian confidence = 0.0702150207922
2017-09-16 16:04:17,298 - [charsetgroupprober.py:100] - DEBUG - ISO-8859-7 Greek confidence = 0.0
2017-09-16 16:04:17,298 - [charsetgroupprober.py:100] - DEBUG - windows-1253 Greek confidence = 0.0
2017-09-16 16:04:17,299 - [charsetgroupprober.py:100] - DEBUG - ISO-8859-5 Bulgairan confidence = 0.0
2017-09-16 16:04:17,299 - [charsetgroupprober.py:100] - DEBUG - windows-1251 Bulgarian confidence = 0.0
2017-09-16 16:04:17,299 - [charsetgroupprober.py:100] - DEBUG - TIS-620 Thai confidence = 0.0410542420181
2017-09-16 16:04:17,299 - [charsetgroupprober.py:100] - DEBUG - ISO-8859-9 Turkish confidence = 0.463921191875
2017-09-16 16:04:17,299 - [charsetgroupprober.py:100] - DEBUG - windows-1255 Hebrew confidence = 0.0
2017-09-16 16:04:17,300 - [charsetgroupprober.py:100] - DEBUG - windows-1255 Hebrew confidence = 0.0
2017-09-16 16:04:17,300 - [charsetgroupprober.py:100] - DEBUG - windows-1255 Hebrew confidence = 0.0
2017-09-16 16:04:17,301 - [dammit.py:381] - WARNING - Some characters could not be decoded, and were replaced with REPLACEMENT CHARACTER.
2017-09-16 16:04:17,370 - [webpage_parser.py:63] - INFO - procotol:http, hostname:home.baidu.com, new_link:/home/index
2017-09-16 16:04:17,371 - [webpage_parser.py:63] - INFO - procotol:http, hostname:home.baidu.com, new_link:/home/index
2017-09-16 16:04:17,371 - [webpage_parser.py:63] - INFO - procotol:http, hostname:home.baidu.com, new_link:/home/index/join_us
2017-09-16 16:04:17,371 - [webpage_parser.py:63] - INFO - procotol:http, hostname:home.baidu.com, new_link:/home/index/contact_us
2017-09-16 16:04:17,372 - [webpage_parser.py:63] - INFO - procotol:http, hostname:home.baidu.com, new_link:/home/index
2017-09-16 16:04:17,372 - [webpage_parser.py:63] - INFO - procotol:http, hostname:home.baidu.com, new_link:/home/index/join_us
2017-09-16 16:04:17,372 - [webpage_parser.py:63] - INFO - procotol:http, hostname:home.baidu.com, new_link:/home/index/contact_us
2017-09-16 16:04:17,373 - [webpage_parser.py:63] - INFO - procotol:http, hostname:home.baidu.com, new_link:�
2017-09-16 16:04:17,374 - [webpage_parser.py:63] - INFO - procotol:http, hostname:home.baidu.com, new_link:�
2017-09-16 16:04:17,374 - [webpage_parser.py:63] - INFO - procotol:http, hostname:home.baidu.com, new_link:�
2017-09-16 16:04:17,374 - [webpage_parser.py:63] - INFO - procotol:http, hostname:home.baidu.com, new_link:�
2017-09-16 16:04:17,375 - [webpage_parser.py:63] - INFO - procotol:http, hostname:home.baidu.com, new_link:�
2017-09-16 16:04:17,375 - [webpage_parser.py:63] - INFO - procotol:http, hostname:home.baidu.com, new_link:�
2017-09-16 16:04:17,375 - [webpage_parser.py:63] - INFO - procotol:http, hostname:home.baidu.com, new_link:�
2017-09-16 16:04:17,376 - [webpage_saver.py:45] - INFO - url http://home.baidu.com/home/index/contact_us is not match
2017-09-16 16:04:17,507 - [connectionpool.py:818] - DEBUG - Starting new HTTPS connection (1): www.baidu.com
2017-09-16 16:04:17,508 - [connectionpool.py:818] - DEBUG - Starting new HTTPS connection (1): www.baidu.com
2017-09-16 16:04:17,521 - [connectionpool.py:818] - DEBUG - Starting new HTTPS connection (1): www.facebook.com
2017-09-16 16:04:17,591 - [connectionpool.py:395] - DEBUG - https://www.baidu.com:443 "GET /s?wd=%E4%B8%BE%E6%8A%A5%E5%85%AC%E5%8F%B8%E9%81%AD%E6%8A%A5%E5%A4%8D HTTP/1.1" 200 227
2017-09-16 16:04:17,602 - [webpage_saver.py:45] - INFO - url https://www.baidu.com/s?wd=举报公司遭报复 is not match
2017-09-16 16:04:17,604 - [connectionpool.py:395] - DEBUG - https://www.baidu.com:443 "GET /s?wd=%E4%BC%A6%E6%95%A6%E5%9C%B0%E9%93%81%E5%8F%91%E7%94%9F%E7%88%86%E7%82%B8 HTTP/1.1" 200 227
2017-09-16 16:04:17,615 - [webpage_saver.py:45] - INFO - url https://www.baidu.com/s?wd=伦敦地铁发生爆炸 is not match
2017-09-16 16:04:17,615 - [connectionpool.py:818] - DEBUG - Starting new HTTPS connection (1): www.baidu.com
2017-09-16 16:04:17,620 - [connectionpool.py:818] - DEBUG - Starting new HTTPS connection (1): www.baidu.com
2017-09-16 16:04:17,681 - [connectionpool.py:395] - DEBUG - https://www.baidu.com:443 "GET /s?wd=%E5%91%A8%E6%98%9F%E9%A9%B0%E6%97%A7%E7%85%A7%E6%9B%9D%E5%85%89 HTTP/1.1" 200 227
2017-09-16 16:04:17,681 - [connectionpool.py:395] - DEBUG - https://www.baidu.com:443 "GET /s?wd=%E7%AB%A0%E9%BE%84%E4%B9%8B%E6%99%92%E7%BE%8E%E7%85%A7 HTTP/1.1" 200 227
2017-09-16 16:04:17,689 - [webpage_saver.py:45] - INFO - url https://www.baidu.com/s?wd=周星驰旧照曝光 is not match
2017-09-16 16:04:17,699 - [webpage_saver.py:45] - INFO - url https://www.baidu.com/s?wd=章龄之晒美照 is not match
2017-09-16 16:04:18,012 - [connectionpool.py:207] - DEBUG - Starting new HTTP connection (1): home.baidu.com
2017-09-16 16:04:18,088 - [connectionpool.py:395] - DEBUG - http://home.baidu.com:80 "GET /home/index/show_banner_content/id/47 HTTP/1.1" 200 None
2017-09-16 16:04:18,123 - [webpage_parser.py:63] - INFO - procotol:http, hostname:home.baidu.com, new_link:/home/index
2017-09-16 16:04:18,123 - [webpage_parser.py:63] - INFO - procotol:http, hostname:home.baidu.com, new_link:/home/index
2017-09-16 16:04:18,123 - [webpage_parser.py:63] - INFO - procotol:http, hostname:home.baidu.com, new_link:/home/index/join_us
2017-09-16 16:04:18,124 - [webpage_parser.py:63] - INFO - procotol:http, hostname:home.baidu.com, new_link:/home/index/contact_us
2017-09-16 16:04:18,124 - [webpage_parser.py:63] - INFO - procotol:http, hostname:home.baidu.com, new_link:/home/index
2017-09-16 16:04:18,124 - [webpage_parser.py:63] - INFO - procotol:http, hostname:home.baidu.com, new_link:/home/index/join_us
2017-09-16 16:04:18,124 - [webpage_parser.py:63] - INFO - procotol:http, hostname:home.baidu.com, new_link:/home/index/contact_us
2017-09-16 16:04:18,126 - [webpage_saver.py:45] - INFO - url http://home.baidu.com/home/index/show_banner_content/id/47 is not match
2017-09-16 16:04:18,144 - [webpage_crawler.py:107] - ERROR - url //www.baidu.com/duty/ startswith //
2017-09-16 16:04:18,145 - [webpage_crawler.py:107] - ERROR - url //logo.baidu.com/ startswith //
2017-09-16 16:04:18,149 - [connectionpool.py:818] - DEBUG - Starting new HTTPS connection (1): www.baidu.com
2017-09-16 16:04:18,202 - [connectionpool.py:395] - DEBUG - https://www.baidu.com:443 "GET /s?wd=%E8%8C%83%E5%86%B0%E5%86%B0%E6%9D%8E%E6%99%A8%E6%92%B8%E4%B8%B2 HTTP/1.1" 200 227
2017-09-16 16:04:18,210 - [webpage_saver.py:45] - INFO - url https://www.baidu.com/s?wd=范冰冰李晨撸串 is not match
2017-09-16 16:04:18,382 - [connectionpool.py:818] - DEBUG - Starting new HTTPS connection (1): www.baidu.com
2017-09-16 16:04:18,429 - [connectionpool.py:395] - DEBUG - https://www.baidu.com:443 "GET /s?wd=%E6%9E%97%E6%9B%B4%E6%96%B0%E5%9B%9E%E5%BA%94%E8%A2%AB%E9%AA%82 HTTP/1.1" 200 227
2017-09-16 16:04:18,437 - [webpage_saver.py:45] - INFO - url https://www.baidu.com/s?wd=林更新回应被骂 is not match
2017-09-16 16:04:18,534 - [webpage_crawler.py:77] - ERROR - Connection Error url https://www.facebook.com/BaiduIncorporated
2017-09-16 16:04:18,534 - [webpage_crawler.py:117] - ERROR - crawl url https://www.facebook.com/BaiduIncorporated failed, status code 4
2017-09-16 16:04:18,616 - [connectionpool.py:207] - DEBUG - Starting new HTTP connection (1): home.baidu.com
2017-09-16 16:04:18,625 - [connectionpool.py:818] - DEBUG - Starting new HTTPS connection (1): www.baidu.com
2017-09-16 16:04:18,645 - [connectionpool.py:395] - DEBUG - http://home.baidu.com:80 "GET /home/index/show_banner_content/id/48 HTTP/1.1" 200 None
2017-09-16 16:04:18,681 - [webpage_parser.py:63] - INFO - procotol:http, hostname:home.baidu.com, new_link:/home/index
2017-09-16 16:04:18,682 - [webpage_parser.py:63] - INFO - procotol:http, hostname:home.baidu.com, new_link:/home/index
2017-09-16 16:04:18,682 - [webpage_parser.py:63] - INFO - procotol:http, hostname:home.baidu.com, new_link:/home/index/join_us
2017-09-16 16:04:18,682 - [webpage_parser.py:63] - INFO - procotol:http, hostname:home.baidu.com, new_link:/home/index/contact_us
2017-09-16 16:04:18,683 - [webpage_parser.py:63] - INFO - procotol:http, hostname:home.baidu.com, new_link:/home/index
2017-09-16 16:04:18,683 - [webpage_parser.py:63] - INFO - procotol:http, hostname:home.baidu.com, new_link:/home/index/join_us
2017-09-16 16:04:18,683 - [webpage_parser.py:63] - INFO - procotol:http, hostname:home.baidu.com, new_link:/home/index/contact_us
2017-09-16 16:04:18,684 - [webpage_saver.py:45] - INFO - url http://home.baidu.com/home/index/show_banner_content/id/48 is not match
2017-09-16 16:04:18,711 - [connectionpool.py:395] - DEBUG - https://www.baidu.com:443 "GET /s?wd=%E5%8F%8C%E5%8F%B0%E9%A3%8E%E7%BB%93%E5%AF%B9%E6%9D%A5%E8%A2%AD HTTP/1.1" 200 227
2017-09-16 16:04:18,712 - [connectionpool.py:207] - DEBUG - Starting new HTTP connection (1): v.hao123.baidu.com
2017-09-16 16:04:18,719 - [connectionpool.py:818] - DEBUG - Starting new HTTPS connection (1): www.baidu.com
2017-09-16 16:04:18,721 - [webpage_saver.py:45] - INFO - url https://www.baidu.com/s?wd=双台风结对来袭 is not match
2017-09-16 16:04:18,751 - [connectionpool.py:395] - DEBUG - http://v.hao123.baidu.com:80 "GET /dianying_index/order-hot_pn-1_channel-movie HTTP/1.1" 200 None
2017-09-16 16:04:18,827 - [webpage_parser.py:63] - INFO - procotol:http, hostname:v.hao123.baidu.com, new_link:javascript:;
2017-09-16 16:04:18,832 - [webpage_parser.py:63] - INFO - procotol:http, hostname:v.hao123.baidu.com, new_link:javascript:void(0);
2017-09-16 16:04:18,834 - [connectionpool.py:395] - DEBUG - https://www.baidu.com:443 "GET /s?wd=%E5%BE%AE%E4%BF%A1%E9%9A%90%E7%A7%81%E4%BF%9D%E6%8A%A4%E6%8C%87%E5%BC%95 HTTP/1.1" 200 227
2017-09-16 16:04:18,842 - [webpage_parser.py:63] - INFO - procotol:http, hostname:v.hao123.baidu.com, new_link:javascript:void(0);
2017-09-16 16:04:18,851 - [webpage_saver.py:45] - INFO - url http://v.hao123.baidu.com/dianying_index/order-hot_pn-1_channel-movie is not match
2017-09-16 16:04:18,866 - [webpage_saver.py:45] - INFO - url https://www.baidu.com/s?wd=微信隐私保护指引 is not match
2017-09-16 16:04:19,132 - [connectionpool.py:818] - DEBUG - Starting new HTTPS connection (1): www.baidu.com
2017-09-16 16:04:19,192 - [connectionpool.py:395] - DEBUG - https://www.baidu.com:443 "GET /s?word=17%E6%B8%B8%E6%88%8F%E5%A4%A7%E5%85%A8&tn=50000016_hao_pg&ie=utf-8 HTTP/1.1" 200 227
2017-09-16 16:04:19,199 - [webpage_saver.py:45] - INFO - url https://www.baidu.com/s?word=17%E6%B8%B8%E6%88%8F%E5%A4%A7%E5%85%A8&tn=50000016_hao_pg&ie=utf-8 is not match
2017-09-16 16:04:19,217 - [connectionpool.py:207] - DEBUG - Starting new HTTP connection (1): v.baidu.com
2017-09-16 16:04:19,445 - [connectionpool.py:207] - DEBUG - Starting new HTTP connection (1): www.12306.cn
2017-09-16 16:04:19,542 - [connectionpool.py:207] - DEBUG - Starting new HTTP connection (1): app.hao123.com
2017-09-16 16:04:19,668 - [connectionpool.py:395] - DEBUG - http://v.baidu.com:80 "GET / HTTP/1.1" 200 None
2017-09-16 16:04:19,694 - [connectionpool.py:207] - DEBUG - Starting new HTTP connection (1): www.78.cn
2017-09-16 16:04:19,749 - [connectionpool.py:207] - DEBUG - Starting new HTTP connection (1): tejia.hao123.com
2017-09-16 16:04:19,888 - [connectionpool.py:207] - DEBUG - Starting new HTTP connection (1): hot.ynet.com
2017-09-16 16:04:19,906 - [connectionpool.py:818] - DEBUG - Starting new HTTPS connection (1): www.baidu.com
2017-09-16 16:04:20,004 - [connectionpool.py:395] - DEBUG - http://app.hao123.com:80 "GET /app HTTP/1.1" 200 None
2017-09-16 16:04:20,064 - [connectionpool.py:395] - DEBUG - http://www.12306.cn:80 "GET / HTTP/1.1" 200 1480
2017-09-16 16:04:20,110 - [webpage_saver.py:45] - INFO - url http://www.12306.cn/ is not match
2017-09-16 16:04:20,277 - [connectionpool.py:207] - DEBUG - Starting new HTTP connection (1): www.baidu.com
2017-09-16 16:04:20,411 - [connectionpool.py:395] - DEBUG - http://www.78.cn:80 "GET /?sid=1504 HTTP/1.1" 200 None
2017-09-16 16:04:20,460 - [webpage_saver.py:45] - INFO - url http://app.hao123.com/app is not match
2017-09-16 16:04:20,564 - [connectionpool.py:395] - DEBUG - http://tejia.hao123.com:80 "GET /?tn=mz HTTP/1.1" 200 None
2017-09-16 16:04:20,772 - [connectionpool.py:395] - DEBUG - http://hot.ynet.com:80 "GET /2017/09/16/481672t1593.html HTTP/1.1" 200 None
2017-09-16 16:04:20,827 - [connectionpool.py:395] - DEBUG - http://www.baidu.com:80 "GET /s?word=%E7%AA%83%E8%B4%BC%E5%85%A5%E5%AE%A4%E6%B7%A1%E5%AE%9A%E6%B4%97%E6%BE%A1&tn=50000028_hao_pg&ie=utf-8' HTTP/1.1" 200 None
2017-09-16 16:04:20,938 - [connectionpool.py:395] - DEBUG - https://www.baidu.com:443 "GET /s?word=%E8%B4%A2%E5%AF%8C&tn=50000017_hao_p&ie=utf-8 HTTP/1.1" 200 227
2017-09-16 16:05:53,840 - [mini_spider.py:70] - INFO - Starting mini spider
2017-09-16 16:05:53,855 - [connectionpool.py:207] - DEBUG - Starting new HTTP connection (1): www.baidu.com
2017-09-16 16:05:53,880 - [connectionpool.py:395] - DEBUG - http://www.baidu.com:80 "GET / HTTP/1.1" 200 None
2017-09-16 16:05:53,895 - [webpage_crawler.py:107] - ERROR - url //www.baidu.com/more/ startswith //
2017-09-16 16:05:53,909 - [connectionpool.py:207] - DEBUG - Starting new HTTP connection (1): ir.baidu.com
2017-09-16 16:05:53,914 - [connectionpool.py:207] - DEBUG - Starting new HTTP connection (1): map.baidu.com
2017-09-16 16:05:53,915 - [connectionpool.py:207] - DEBUG - Starting new HTTP connection (1): jianyi.baidu.com
2017-09-16 16:05:53,916 - [webpage_saver.py:45] - INFO - url http://www.baidu.com
 is not match
2017-09-16 16:05:53,921 - [connectionpool.py:207] - DEBUG - Starting new HTTP connection (1): tieba.baidu.com
2017-09-16 16:05:53,921 - [connectionpool.py:207] - DEBUG - Starting new HTTP connection (1): www.hao123.com
2017-09-16 16:05:53,923 - [connectionpool.py:207] - DEBUG - Starting new HTTP connection (1): home.baidu.com
2017-09-16 16:05:53,924 - [connectionpool.py:207] - DEBUG - Starting new HTTP connection (1): news.baidu.com
2017-09-16 16:05:54,287 - [connectionpool.py:395] - DEBUG - http://jianyi.baidu.com:80 "GET / HTTP/1.1" 302 0
2017-09-16 16:05:54,293 - [connectionpool.py:395] - DEBUG - http://tieba.baidu.com:80 "GET / HTTP/1.1" 302 0
2017-09-16 16:05:54,295 - [connectionpool.py:207] - DEBUG - Starting new HTTP connection (1): help.baidu.com
2017-09-16 16:05:54,301 - [connectionpool.py:395] - DEBUG - http://home.baidu.com:80 "GET / HTTP/1.1" 200 None
2017-09-16 16:05:54,304 - [connectionpool.py:818] - DEBUG - Starting new HTTPS connection (1): tieba.baidu.com
2017-09-16 16:05:54,366 - [connectionpool.py:395] - DEBUG - http://news.baidu.com:80 "GET / HTTP/1.1" 200 None
2017-09-16 16:05:54,374 - [connectionpool.py:395] - DEBUG - http://map.baidu.com:80 "GET / HTTP/1.1" 200 None
2017-09-16 16:05:54,406 - [connectionpool.py:395] - DEBUG - http://ir.baidu.com:80 "GET / HTTP/1.1" 302 749
2017-09-16 16:05:54,409 - [connectionpool.py:395] - DEBUG - http://help.baidu.com:80 "GET / HTTP/1.1" 200 None
2017-09-16 16:05:54,461 - [webpage_parser.py:65] - INFO - procotol:http, hostname:home.baidu.com, new_link:/home/index
2017-09-16 16:05:54,472 - [webpage_parser.py:65] - INFO - procotol:http, hostname:home.baidu.com, new_link:/home/index
2017-09-16 16:05:54,472 - [webpage_parser.py:65] - INFO - procotol:http, hostname:home.baidu.com, new_link:/home/index/join_us
2017-09-16 16:05:54,475 - [webpage_parser.py:65] - INFO - procotol:http, hostname:home.baidu.com, new_link:/home/index/contact_us
2017-09-16 16:05:54,476 - [webpage_parser.py:65] - INFO - procotol:http, hostname:home.baidu.com, new_link:/home/index
2017-09-16 16:05:54,477 - [webpage_parser.py:65] - INFO - procotol:http, hostname:home.baidu.com, new_link:/home/index/join_us
2017-09-16 16:05:54,478 - [webpage_parser.py:65] - INFO - procotol:http, hostname:home.baidu.com, new_link:/home/index/contact_us
2017-09-16 16:05:54,479 - [webpage_parser.py:65] - INFO - procotol:http, hostname:home.baidu.com, new_link:/home/index/show_banner_content/id/48
2017-09-16 16:05:54,481 - [webpage_parser.py:65] - INFO - procotol:http, hostname:home.baidu.com, new_link:/home/index/show_banner_content/id/15/type/mobile
2017-09-16 16:05:54,484 - [webpage_parser.py:65] - INFO - procotol:http, hostname:home.baidu.com, new_link:/home/index/show_banner_content/id/38
2017-09-16 16:05:54,485 - [webpage_parser.py:65] - INFO - procotol:http, hostname:home.baidu.com, new_link:/home/index/show_banner_content/id/47
2017-09-16 16:05:54,491 - [webpage_parser.py:65] - INFO - procotol:http, hostname:home.baidu.com, new_link:/home/index/show_mobile_banner_content/id/64
2017-09-16 16:05:54,499 - [webpage_parser.py:65] - INFO - procotol:http, hostname:home.baidu.com, new_link:/home/index/show_mobile_banner_content/id/62
2017-09-16 16:05:54,518 - [webpage_parser.py:65] - INFO - procotol:http, hostname:home.baidu.com, new_link:/home/index/news_list
2017-09-16 16:05:54,520 - [webpage_parser.py:65] - INFO - procotol:http, hostname:home.baidu.com, new_link:/home/index/news_detail/id/17714
2017-09-16 16:05:54,525 - [webpage_parser.py:65] - INFO - procotol:http, hostname:home.baidu.com, new_link:/home/index/news_detail/id/17713
2017-09-16 16:05:54,554 - [webpage_parser.py:65] - INFO - procotol:http, hostname:home.baidu.com, new_link:/home/index/news_detail/id/17712
2017-09-16 16:05:54,583 - [webpage_parser.py:65] - INFO - procotol:http, hostname:home.baidu.com, new_link:/home/index/news_detail/id/17711
2017-09-16 16:05:54,588 - [connectionpool.py:395] - DEBUG - http://ir.baidu.com:80 "GET /phoenix.zhtml?c=188488&p=irol-irhome HTTP/1.1" 200 4209
2017-09-16 16:05:54,596 - [webpage_parser.py:65] - INFO - procotol:http, hostname:home.baidu.com, new_link:/home/index/news_detail/id/17710
2017-09-16 16:05:54,610 - [webpage_saver.py:45] - INFO - url http://map.baidu.com is not match
2017-09-16 16:05:54,656 - [webpage_parser.py:65] - INFO - procotol:http, hostname:home.baidu.com, new_link:/home/index/news_detail/id/17709
2017-09-16 16:05:54,668 - [connectionpool.py:395] - DEBUG - http://www.hao123.com:80 "GET / HTTP/1.1" 200 None
2017-09-16 16:05:54,694 - [webpage_parser.py:65] - INFO - procotol:http, hostname:home.baidu.com, new_link:/home/index/news_list
2017-09-16 16:05:54,705 - [webpage_parser.py:65] - INFO - procotol:http, hostname:ir.baidu.com, new_link:phoenix.zhtml?c=188488&p=irol-irhome
2017-09-16 16:05:54,705 - [webpage_parser.py:65] - INFO - procotol:http, hostname:home.baidu.com, new_link:/home/index/special/id/40
2017-09-16 16:05:54,711 - [webpage_parser.py:65] - INFO - procotol:http, hostname:ir.baidu.com, new_link:phoenix.zhtml?c=188488&p=irol-homeprofile
2017-09-16 16:05:54,714 - [webpage_parser.py:65] - INFO - procotol:http, hostname:home.baidu.com, new_link:/home/index/special/id/29
2017-09-16 16:05:54,727 - [webpage_parser.py:65] - INFO - procotol:http, hostname:ir.baidu.com, new_link:phoenix.zhtml?c=188488&p=irol-milestones
2017-09-16 16:05:54,736 - [webpage_parser.py:65] - INFO - procotol:http, hostname:home.baidu.com, new_link:/home/index/special/id/34
2017-09-16 16:05:54,738 - [webpage_parser.py:65] - INFO - procotol:http, hostname:ir.baidu.com, new_link:phoenix.zhtml?c=188488&p=irol-govmanage
2017-09-16 16:05:54,751 - [webpage_parser.py:65] - INFO - procotol:http, hostname:home.baidu.com, new_link:/home/index/join_us
2017-09-16 16:05:54,770 - [webpage_parser.py:65] - INFO - procotol:http, hostname:ir.baidu.com, new_link:phoenix.zhtml?c=188488&p=irol-govboard
2017-09-16 16:05:54,799 - [connectionpool.py:395] - DEBUG - https://tieba.baidu.com:443 "GET /index.html HTTP/1.1" 200 None
2017-09-16 16:05:54,816 - [webpage_parser.py:65] - INFO - procotol:http, hostname:home.baidu.com, new_link:/home/index/company_culture
2017-09-16 16:05:54,817 - [webpage_parser.py:65] - INFO - procotol:http, hostname:ir.baidu.com, new_link:phoenix.zhtml?c=188488&p=irol-news
2017-09-16 16:05:54,823 - [webpage_parser.py:65] - INFO - procotol:http, hostname:home.baidu.com, new_link:/home/index/company
2017-09-16 16:05:54,872 - [webpage_parser.py:65] - INFO - procotol:http, hostname:ir.baidu.com, new_link:phoenix.zhtml?c=188488&p=irol-reportsannual
2017-09-16 16:05:54,880 - [webpage_parser.py:65] - INFO - procotol:http, hostname:home.baidu.com, new_link:/home/index/baidu_road
2017-09-16 16:05:54,913 - [webpage_parser.py:65] - INFO - procotol:http, hostname:news.baidu.com, new_link:/
2017-09-16 16:05:54,914 - [webpage_parser.py:65] - INFO - procotol:http, hostname:ir.baidu.com, new_link:phoenix.zhtml?c=188488&p=irol-presentations
2017-09-16 16:05:54,915 - [webpage_parser.py:65] - INFO - procotol:http, hostname:home.baidu.com, new_link:/home/index/management_team
2017-09-16 16:05:54,982 - [webpage_parser.py:65] - INFO - procotol:http, hostname:jianyi.baidu.com, new_link:/index
2017-09-16 16:05:55,142 - [webpage_parser.py:65] - INFO - procotol:http, hostname:news.baidu.com, new_link:/guonei
2017-09-16 16:05:55,153 - [connectionpool.py:207] - DEBUG - Starting new HTTP connection (1): v.baidu.com
2017-09-16 16:05:55,154 - [webpage_parser.py:65] - INFO - procotol:http, hostname:ir.baidu.com, new_link:phoenix.zhtml?c=188488&p=irol-stockquote
2017-09-16 16:05:55,156 - [webpage_parser.py:65] - INFO - procotol:http, hostname:jianyi.baidu.com, new_link:/index
2017-09-16 16:05:55,168 - [webpage_parser.py:65] - INFO - procotol:http, hostname:www.hao123.com, new_link:javascript:;
2017-09-16 16:05:55,169 - [webpage_parser.py:65] - INFO - procotol:http, hostname:news.baidu.com, new_link:/guoji
2017-09-16 16:05:55,173 - [webpage_parser.py:65] - INFO - procotol:http, hostname:ir.baidu.com, new_link:phoenix.zhtml?c=188488&p=irol-sec
2017-09-16 16:05:55,175 - [webpage_parser.py:65] - INFO - procotol:http, hostname:jianyi.baidu.com, new_link:/question?prod_id=1
2017-09-16 16:05:55,177 - [webpage_parser.py:65] - INFO - procotol:http, hostname:www.hao123.com, new_link:/api/ajax?skintype=0&toggle=1
2017-09-16 16:05:55,179 - [webpage_parser.py:65] - INFO - procotol:http, hostname:ir.baidu.com, new_link:phoenix.zhtml?c=188488&p=irol-analysts
2017-09-16 16:05:55,180 - [webpage_parser.py:65] - INFO - procotol:http, hostname:news.baidu.com, new_link:/mil
2017-09-16 16:05:55,180 - [webpage_parser.py:65] - INFO - procotol:http, hostname:www.hao123.com, new_link:/api/ajax?menu=tv_kp
2017-09-16 16:05:55,181 - [webpage_parser.py:65] - INFO - procotol:http, hostname:jianyi.baidu.com, new_link:/question?prod_id=1
2017-09-16 16:05:55,182 - [webpage_parser.py:65] - INFO - procotol:http, hostname:ir.baidu.com, new_link:phoenix.zhtml?c=188488&p=irol-calendar
2017-09-16 16:05:55,184 - [webpage_parser.py:65] - INFO - procotol:http, hostname:jianyi.baidu.com, new_link:/question?prod_id=3
2017-09-16 16:05:55,184 - [webpage_parser.py:65] - INFO - procotol:http, hostname:news.baidu.com, new_link:/society
2017-09-16 16:05:55,184 - [webpage_parser.py:65] - INFO - procotol:http, hostname:www.hao123.com, new_link:/api/ajax?menu=movie_kp
2017-09-16 16:05:55,185 - [webpage_parser.py:65] - INFO - procotol:http, hostname:ir.baidu.com, new_link:phoenix.zhtml?c=188488&p=irol-faq
2017-09-16 16:05:55,185 - [webpage_saver.py:45] - INFO - url http://home.baidu.com is not match
2017-09-16 16:05:55,186 - [webpage_parser.py:65] - INFO - procotol:http, hostname:jianyi.baidu.com, new_link:/question?prod_id=3
2017-09-16 16:05:55,190 - [webpage_parser.py:65] - INFO - procotol:http, hostname:www.hao123.com, new_link:/api/ajax?menu=news_kp
2017-09-16 16:05:55,191 - [webpage_parser.py:65] - INFO - procotol:http, hostname:news.baidu.com, new_link:/finance
2017-09-16 16:05:55,227 - [webpage_parser.py:65] - INFO - procotol:http, hostname:ir.baidu.com, new_link:phoenix.zhtml?c=188488&p=irol-govhighlights
2017-09-16 16:05:55,228 - [webpage_parser.py:65] - INFO - procotol:http, hostname:jianyi.baidu.com, new_link:/question?prod_id=4
2017-09-16 16:05:55,265 - [webpage_parser.py:65] - INFO - procotol:http, hostname:www.hao123.com, new_link:/api/ajax?menu=bagua_kp
2017-09-16 16:05:55,266 - [webpage_parser.py:65] - INFO - procotol:http, hostname:news.baidu.com, new_link:/ent
2017-09-16 16:05:55,266 - [webpage_parser.py:65] - INFO - procotol:http, hostname:ir.baidu.com, new_link:phoenix.zhtml?c=188488&p=irol-searchservices
2017-09-16 16:05:55,266 - [webpage_parser.py:65] - INFO - procotol:http, hostname:jianyi.baidu.com, new_link:/question?prod_id=4
2017-09-16 16:05:55,267 - [webpage_parser.py:65] - INFO - procotol:http, hostname:www.hao123.com, new_link:/api/ajax?menu=military_kp
2017-09-16 16:05:55,267 - [webpage_parser.py:65] - INFO - procotol:http, hostname:news.baidu.com, new_link:/sports
2017-09-16 16:05:55,267 - [webpage_parser.py:65] - INFO - procotol:http, hostname:ir.baidu.com, new_link:phoenix.zhtml?c=188488&p=irol-transactointservices
2017-09-16 16:05:55,275 - [webpage_parser.py:65] - INFO - procotol:http, hostname:jianyi.baidu.com, new_link:/question?prod_id=9
2017-09-16 16:05:55,283 - [webpage_parser.py:65] - INFO - procotol:http, hostname:www.hao123.com, new_link:/api/ajax?menu=game_kp
2017-09-16 16:05:55,351 - [webpage_parser.py:65] - INFO - procotol:http, hostname:ir.baidu.com, new_link:phoenix.zhtml?c=188488&p=irol-iqiyi
2017-09-16 16:05:55,460 - [webpage_parser.py:65] - INFO - procotol:http, hostname:tieba.baidu.com, new_link:/
2017-09-16 16:05:55,460 - [webpage_parser.py:65] - INFO - procotol:http, hostname:news.baidu.com, new_link:/internet
2017-09-16 16:05:55,461 - [webpage_parser.py:65] - INFO - procotol:http, hostname:jianyi.baidu.com, new_link:/question?prod_id=9
2017-09-16 16:05:55,461 - [webpage_parser.py:65] - INFO - procotol:http, hostname:www.hao123.com, new_link:/api/ajax?menu=xyx_kp
2017-09-16 16:05:55,462 - [webpage_parser.py:65] - INFO - procotol:http, hostname:ir.baidu.com, new_link:phoenix.zhtml?c=188488&p=irol-contacts
2017-09-16 16:05:55,463 - [webpage_parser.py:65] - INFO - procotol:http, hostname:tieba.baidu.com, new_link:/f/index/forumpark?pcn=娱乐明星&pci=0&ct=1&rn=20&pn=1
2017-09-16 16:05:55,463 - [webpage_parser.py:65] - INFO - procotol:http, hostname:news.baidu.com, new_link:/tech
2017-09-16 16:05:55,464 - [webpage_parser.py:65] - INFO - procotol:http, hostname:jianyi.baidu.com, new_link:/question?prod_id=28
2017-09-16 16:05:55,464 - [webpage_parser.py:65] - INFO - procotol:http, hostname:ir.baidu.com, new_link:phoenix.zhtml?c=188488&p=irol-ipp
2017-09-16 16:05:55,464 - [webpage_parser.py:65] - INFO - procotol:http, hostname:www.hao123.com, new_link:/api/ajax?menu=tejia_kp
2017-09-16 16:05:55,465 - [webpage_parser.py:65] - INFO - procotol:http, hostname:tieba.baidu.com, new_link:/f/index/forumpark?cn=港台东南亚明星&ci=0&pcn=娱乐明星&pci=0&ct=1&rn=20&pn=1
2017-09-16 16:05:55,465 - [webpage_parser.py:65] - INFO - procotol:http, hostname:news.baidu.com, new_link:/game
2017-09-16 16:05:55,465 - [webpage_parser.py:65] - INFO - procotol:http, hostname:jianyi.baidu.com, new_link:/question?prod_id=28
2017-09-16 16:05:55,466 - [webpage_parser.py:65] - INFO - procotol:http, hostname:ir.baidu.com, new_link:phoenix.zhtml?c=188488&p=irol-searchengine
2017-09-16 16:05:55,466 - [webpage_parser.py:65] - INFO - procotol:http, hostname:www.hao123.com, new_link:/api/ajax?menu=travel_kp
2017-09-16 16:05:55,466 - [webpage_parser.py:65] - INFO - procotol:http, hostname:tieba.baidu.com, new_link:/f/index/forumpark?cn=内地明星&ci=0&pcn=娱乐明星&pci=0&ct=1&rn=20&pn=1
2017-09-16 16:05:55,467 - [webpage_parser.py:65] - INFO - procotol:http, hostname:news.baidu.com, new_link:/fashion
2017-09-16 16:05:55,467 - [webpage_parser.py:65] - INFO - procotol:http, hostname:jianyi.baidu.com, new_link:/question?prod_id=10
2017-09-16 16:05:55,467 - [webpage_parser.py:65] - INFO - procotol:http, hostname:ir.baidu.com, new_link:phoenix.zhtml?c=188488&p=irol-alerts
2017-09-16 16:05:55,468 - [webpage_parser.py:65] - INFO - procotol:http, hostname:www.hao123.com, new_link:/api/ajax?menu=auto_kp
2017-09-16 16:05:55,468 - [webpage_parser.py:65] - INFO - procotol:http, hostname:tieba.baidu.com, new_link:/f/index/forumpark?cn=韩国明星&ci=0&pcn=娱乐明星&pci=0&ct=1&rn=20&pn=1
2017-09-16 16:05:55,469 - [webpage_parser.py:65] - INFO - procotol:http, hostname:news.baidu.com, new_link:/lady
2017-09-16 16:05:55,471 - [webpage_parser.py:65] - INFO - procotol:http, hostname:jianyi.baidu.com, new_link:/question?prod_id=10
2017-09-16 16:05:55,472 - [webpage_parser.py:65] - INFO - procotol:http, hostname:ir.baidu.com, new_link:phoenix.zhtml?c=188488&p=irol-homeprofile
2017-09-16 16:05:55,474 - [webpage_parser.py:65] - INFO - procotol:http, hostname:www.hao123.com, new_link:/api/gettop/?t0=1
2017-09-16 16:05:55,474 - [webpage_parser.py:65] - INFO - procotol:http, hostname:tieba.baidu.com, new_link:/f/index/forumpark?cn=日本明星&ci=0&pcn=娱乐明星&pci=0&ct=1&rn=20&pn=1
2017-09-16 16:05:55,474 - [webpage_parser.py:65] - INFO - procotol:http, hostname:news.baidu.com, new_link:/auto
2017-09-16 16:05:55,475 - [webpage_parser.py:65] - INFO - procotol:http, hostname:jianyi.baidu.com, new_link:/question?prod_id=29
2017-09-16 16:05:55,475 - [webpage_parser.py:65] - INFO - procotol:http, hostname:ir.baidu.com, new_link:phoenix.zhtml?c=188488&p=irol-news
2017-09-16 16:05:55,475 - [webpage_parser.py:65] - INFO - procotol:http, hostname:www.hao123.com, new_link:/api/gettop/?t0=2
2017-09-16 16:05:55,476 - [webpage_parser.py:65] - INFO - procotol:http, hostname:tieba.baidu.com, new_link:/f/index/forumpark?cn=时尚人物&ci=0&pcn=娱乐明星&pci=0&ct=1&rn=20&pn=1
2017-09-16 16:05:55,476 - [webpage_parser.py:65] - INFO - procotol:http, hostname:news.baidu.com, new_link:/house
2017-09-16 16:05:55,476 - [webpage_parser.py:65] - INFO - procotol:http, hostname:jianyi.baidu.com, new_link:/question?prod_id=29
2017-09-16 16:05:55,477 - [webpage_parser.py:65] - INFO - procotol:http, hostname:ir.baidu.com, new_link:phoenix.zhtml?c=188488&p=irol-newsArticle&ID=2295394
2017-09-16 16:05:55,477 - [webpage_parser.py:65] - INFO - procotol:http, hostname:www.hao123.com, new_link:/api/gettop/?t0=3
2017-09-16 16:05:55,477 - [webpage_parser.py:65] - INFO - procotol:http, hostname:tieba.baidu.com, new_link:/f/index/forumpark?cn=欧美明星&ci=0&pcn=娱乐明星&pci=0&ct=1&rn=20&pn=1
2017-09-16 16:05:55,478 - [webpage_parser.py:65] - INFO - procotol:http, hostname:news.baidu.com, new_link:/
2017-09-16 16:05:55,478 - [webpage_parser.py:65] - INFO - procotol:http, hostname:jianyi.baidu.com, new_link:/question?prod_id=25
2017-09-16 16:05:55,479 - [webpage_parser.py:65] - INFO - procotol:http, hostname:ir.baidu.com, new_link:phoenix.zhtml?c=188488&p=irol-newsArticle&ID=2294188
2017-09-16 16:05:55,480 - [webpage_parser.py:65] - INFO - procotol:http, hostname:www.hao123.com, new_link:/api/gettop/?t0=4
2017-09-16 16:05:55,480 - [webpage_parser.py:65] - INFO - procotol:http, hostname:tieba.baidu.com, new_link:/f/index/forumpark?cn=主持人&ci=0&pcn=娱乐明星&pci=0&ct=1&rn=20&pn=1
2017-09-16 16:05:55,481 - [webpage_parser.py:65] - INFO - procotol:http, hostname:news.baidu.com, new_link:/guonei
2017-09-16 16:05:55,481 - [webpage_parser.py:65] - INFO - procotol:http, hostname:jianyi.baidu.com, new_link:/question?prod_id=25
2017-09-16 16:05:55,482 - [webpage_parser.py:65] - INFO - procotol:http, hostname:ir.baidu.com, new_link:phoenix.zhtml?c=188488&p=irol-newsArticle&ID=2289721
2017-09-16 16:05:55,483 - [webpage_parser.py:65] - INFO - procotol:http, hostname:www.hao123.com, new_link:javascript:void(0);
2017-09-16 16:05:55,484 - [webpage_parser.py:65] - INFO - procotol:http, hostname:tieba.baidu.com, new_link:/f/index/forumpark?cn=其他娱乐明星&ci=0&pcn=娱乐明星&pci=0&ct=1&rn=20&pn=1
2017-09-16 16:05:55,484 - [webpage_parser.py:65] - INFO - procotol:http, hostname:news.baidu.com, new_link:/guoji
2017-09-16 16:05:55,485 - [webpage_parser.py:65] - INFO - procotol:http, hostname:jianyi.baidu.com, new_link:/question?prod_id=12
2017-09-16 16:05:55,485 - [webpage_parser.py:65] - INFO - procotol:http, hostname:ir.baidu.com, new_link:phoenix.zhtml?c=188488&p=irol-reportsannual
2017-09-16 16:05:55,486 - [webpage_parser.py:65] - INFO - procotol:http, hostname:www.hao123.com, new_link:javascript:void(0);
2017-09-16 16:05:55,486 - [webpage_parser.py:65] - INFO - procotol:http, hostname:tieba.baidu.com, new_link:/f/index/forumpark?pcn=电视节目&pci=0&ct=1&rn=20&pn=1
2017-09-16 16:05:55,487 - [webpage_parser.py:65] - INFO - procotol:http, hostname:news.baidu.com, new_link:/mil
2017-09-16 16:05:55,487 - [webpage_parser.py:65] - INFO - procotol:http, hostname:jianyi.baidu.com, new_link:/question?prod_id=12
2017-09-16 16:05:55,488 - [webpage_parser.py:65] - INFO - procotol:http, hostname:ir.baidu.com, new_link:phoenix.zhtml?c=188488&p=irol-calendar
2017-09-16 16:05:55,488 - [webpage_parser.py:65] - INFO - procotol:http, hostname:www.hao123.com, new_link:javascript:void(0);
2017-09-16 16:05:55,489 - [webpage_parser.py:65] - INFO - procotol:http, hostname:tieba.baidu.com, new_link:/f/index/forumpark?cn=内地综艺&ci=0&pcn=电视节目&pci=0&ct=1&rn=20&pn=1
2017-09-16 16:05:55,489 - [webpage_parser.py:65] - INFO - procotol:http, hostname:news.baidu.com, new_link:/society
2017-09-16 16:05:55,489 - [webpage_parser.py:65] - INFO - procotol:http, hostname:jianyi.baidu.com, new_link:/question?prod_id=6
2017-09-16 16:05:55,490 - [webpage_parser.py:65] - INFO - procotol:http, hostname:ir.baidu.com, new_link:phoenix.zhtml?c=188488&p=irol-sec
2017-09-16 16:05:55,494 - [webpage_parser.py:65] - INFO - procotol:http, hostname:tieba.baidu.com, new_link:/f/index/forumpark?cn=台湾综艺&ci=0&pcn=电视节目&pci=0&ct=1&rn=20&pn=1
2017-09-16 16:05:55,498 - [webpage_parser.py:65] - INFO - procotol:http, hostname:news.baidu.com, new_link:/finance
2017-09-16 16:05:55,498 - [webpage_parser.py:65] - INFO - procotol:http, hostname:jianyi.baidu.com, new_link:/question?prod_id=6
2017-09-16 16:05:55,500 - [webpage_parser.py:65] - INFO - procotol:http, hostname:ir.baidu.com, new_link:phoenix.zhtml?c=188488&p=irol-stockquote
2017-09-16 16:05:55,500 - [webpage_parser.py:65] - INFO - procotol:http, hostname:tieba.baidu.com, new_link:/f/index/forumpark?cn=韩国综艺&ci=0&pcn=电视节目&pci=0&ct=1&rn=20&pn=1
2017-09-16 16:05:55,501 - [webpage_parser.py:65] - INFO - procotol:http, hostname:news.baidu.com, new_link:/ent
2017-09-16 16:05:55,506 - [webpage_parser.py:65] - INFO - procotol:http, hostname:jianyi.baidu.com, new_link:/question?prod_id=2
2017-09-16 16:05:55,509 - [webpage_parser.py:65] - INFO - procotol:http, hostname:ir.baidu.com, new_link:phoenix.zhtml?c=188488&p=irol-faq
2017-09-16 16:05:55,509 - [webpage_parser.py:65] - INFO - procotol:http, hostname:tieba.baidu.com, new_link:/f/index/forumpark?cn=时尚·生活服务&ci=0&pcn=电视节目&pci=0&ct=1&rn=20&pn=1
2017-09-16 16:05:55,510 - [webpage_parser.py:65] - INFO - procotol:http, hostname:news.baidu.com, new_link:/sports
2017-09-16 16:05:55,511 - [webpage_saver.py:45] - INFO - url http://www.hao123.com is not match
2017-09-16 16:05:55,511 - [webpage_parser.py:65] - INFO - procotol:http, hostname:jianyi.baidu.com, new_link:/question?prod_id=2
2017-09-16 16:05:55,512 - [webpage_parser.py:65] - INFO - procotol:http, hostname:ir.baidu.com, new_link:phoenix.zhtml?c=188488&p=irol-alerts
2017-09-16 16:05:55,512 - [webpage_parser.py:65] - INFO - procotol:http, hostname:tieba.baidu.com, new_link:/f/index/forumpark?cn=体育运动·健身&ci=0&pcn=电视节目&pci=0&ct=1&rn=20&pn=1
2017-09-16 16:05:55,512 - [webpage_parser.py:65] - INFO - procotol:http, hostname:news.baidu.com, new_link:/internet
2017-09-16 16:05:55,513 - [webpage_parser.py:65] - INFO - procotol:http, hostname:jianyi.baidu.com, new_link:#1
2017-09-16 16:05:55,513 - [webpage_parser.py:65] - INFO - procotol:http, hostname:ir.baidu.com, new_link:phoenix.zhtml?c=188488&p=irol-govhighlights
2017-09-16 16:05:55,514 - [webpage_parser.py:65] - INFO - procotol:http, hostname:tieba.baidu.com, new_link:/f/index/forumpark?cn=财经·职场&ci=0&pcn=电视节目&pci=0&ct=1&rn=20&pn=1
2017-09-16 16:05:55,514 - [webpage_parser.py:65] - INFO - procotol:http, hostname:news.baidu.com, new_link:/tech
2017-09-16 16:05:55,514 - [webpage_parser.py:65] - INFO - procotol:http, hostname:jianyi.baidu.com, new_link:#2
2017-09-16 16:05:55,515 - [webpage_parser.py:65] - INFO - procotol:http, hostname:ir.baidu.com, new_link:phoenix.zhtml?c=188488&p=irol-analysts
2017-09-16 16:05:55,515 - [webpage_parser.py:65] - INFO - procotol:http, hostname:tieba.baidu.com, new_link:/f/index/forumpark?cn=新闻资讯&ci=0&pcn=电视节目&pci=0&ct=1&rn=20&pn=1
2017-09-16 16:05:55,515 - [webpage_parser.py:65] - INFO - procotol:http, hostname:news.baidu.com, new_link:/game
2017-09-16 16:05:55,516 - [webpage_parser.py:65] - INFO - procotol:http, hostname:jianyi.baidu.com, new_link:#3
2017-09-16 16:05:55,516 - [webpage_parser.py:65] - INFO - procotol:http, hostname:ir.baidu.com, new_link:phoenix.zhtml?c=188488&p=irol-contacts
2017-09-16 16:05:55,516 - [webpage_parser.py:65] - INFO - procotol:http, hostname:tieba.baidu.com, new_link:/f/index/forumpark?cn=电视台及频道&ci=0&pcn=电视节目&pci=0&ct=1&rn=20&pn=1
2017-09-16 16:05:55,517 - [webpage_parser.py:65] - INFO - procotol:http, hostname:news.baidu.com, new_link:/fashion
2017-09-16 16:05:55,517 - [webpage_parser.py:65] - INFO - procotol:http, hostname:jianyi.baidu.com, new_link:#4
2017-09-16 16:05:55,517 - [webpage_parser.py:65] - INFO - procotol:http, hostname:ir.baidu.com, new_link:phoenix.zhtml?c=188488&p=disclaimer
2017-09-16 16:05:55,518 - [webpage_parser.py:65] - INFO - procotol:http, hostname:tieba.baidu.com, new_link:/f/index/forumpark?pcn=电视剧&pci=0&ct=1&rn=20&pn=1
2017-09-16 16:05:55,518 - [webpage_parser.py:65] - INFO - procotol:http, hostname:news.baidu.com, new_link:/lady
2017-09-16 16:05:55,518 - [webpage_parser.py:65] - INFO - procotol:http, hostname:jianyi.baidu.com, new_link:#5
2017-09-16 16:05:55,519 - [webpage_parser.py:65] - INFO - procotol:http, hostname:ir.baidu.com, new_link:phoenix.zhtml?c=188488&p=privacy
2017-09-16 16:05:55,521 - [webpage_parser.py:65] - INFO - procotol:http, hostname:tieba.baidu.com, new_link:/f/index/forumpark?cn=韩国电视剧&ci=0&pcn=电视剧&pci=0&ct=1&rn=20&pn=1
2017-09-16 16:05:55,521 - [webpage_parser.py:65] - INFO - procotol:http, hostname:news.baidu.com, new_link:/auto
2017-09-16 16:05:55,522 - [webpage_parser.py:65] - INFO - procotol:http, hostname:jianyi.baidu.com, new_link:#6
2017-09-16 16:05:55,525 - [webpage_parser.py:65] - INFO - procotol:http, hostname:tieba.baidu.com, new_link:/f/index/forumpark?cn=香港电视剧&ci=0&pcn=电视剧&pci=0&ct=1&rn=20&pn=1
2017-09-16 16:05:55,526 - [webpage_parser.py:65] - INFO - procotol:http, hostname:news.baidu.com, new_link:/house
2017-09-16 16:05:55,526 - [webpage_parser.py:65] - INFO - procotol:http, hostname:jianyi.baidu.com, new_link:#7
2017-09-16 16:05:55,527 - [webpage_parser.py:65] - INFO - procotol:http, hostname:tieba.baidu.com, new_link:/f/index/forumpark?cn=美剧&ci=0&pcn=电视剧&pci=0&ct=1&rn=20&pn=1
2017-09-16 16:05:55,527 - [webpage_saver.py:45] - INFO - url http://ir.baidu.com is not match
2017-09-16 16:05:55,528 - [webpage_parser.py:65] - INFO - procotol:http, hostname:news.baidu.com, new_link:javascript:;
2017-09-16 16:05:55,528 - [webpage_parser.py:65] - INFO - procotol:http, hostname:jianyi.baidu.com, new_link:/question?prod_id=1
2017-09-16 16:05:55,528 - [webpage_parser.py:65] - INFO - procotol:http, hostname:tieba.baidu.com, new_link:/f/index/forumpark?cn=日本电视剧&ci=0&pcn=电视剧&pci=0&ct=1&rn=20&pn=1
2017-09-16 16:05:55,529 - [webpage_parser.py:65] - INFO - procotol:http, hostname:news.baidu.com, new_link:javascript:;
2017-09-16 16:05:55,530 - [webpage_parser.py:65] - INFO - procotol:http, hostname:jianyi.baidu.com, new_link:/question?prod_id=1
2017-09-16 16:05:55,530 - [webpage_parser.py:65] - INFO - procotol:http, hostname:tieba.baidu.com, new_link:/f/index/forumpark?cn=内地电视剧&ci=0&pcn=电视剧&pci=0&ct=1&rn=20&pn=1
2017-09-16 16:05:55,531 - [webpage_parser.py:65] - INFO - procotol:http, hostname:news.baidu.com, new_link:javascript:;
2017-09-16 16:05:55,531 - [webpage_parser.py:65] - INFO - procotol:http, hostname:jianyi.baidu.com, new_link:/question?prod_id=2
2017-09-16 16:05:55,531 - [webpage_parser.py:65] - INFO - procotol:http, hostname:tieba.baidu.com, new_link:/f/index/forumpark?cn=台湾电视剧&ci=0&pcn=电视剧&pci=0&ct=1&rn=20&pn=1
2017-09-16 16:05:55,532 - [webpage_parser.py:65] - INFO - procotol:http, hostname:news.baidu.com, new_link:javascript:;
2017-09-16 16:05:55,532 - [webpage_parser.py:65] - INFO - procotol:http, hostname:jianyi.baidu.com, new_link:/question?prod_id=2
2017-09-16 16:05:55,532 - [webpage_parser.py:65] - INFO - procotol:http, hostname:tieba.baidu.com, new_link:/f/index/forumpark?cn=东南亚电视剧&ci=0&pcn=电视剧&pci=0&ct=1&rn=20&pn=1
2017-09-16 16:05:55,534 - [webpage_parser.py:65] - INFO - procotol:http, hostname:news.baidu.com, new_link:javascript:;
2017-09-16 16:05:55,535 - [webpage_parser.py:65] - INFO - procotol:http, hostname:jianyi.baidu.com, new_link:/question?prod_id=7
2017-09-16 16:05:55,536 - [webpage_parser.py:65] - INFO - procotol:http, hostname:tieba.baidu.com, new_link:/f/index/forumpark?cn=其他地区电视剧&ci=0&pcn=电视剧&pci=0&ct=1&rn=20&pn=1
2017-09-16 16:05:55,537 - [webpage_parser.py:65] - INFO - procotol:http, hostname:news.baidu.com, new_link:javascript:;
2017-09-16 16:05:55,537 - [webpage_parser.py:65] - INFO - procotol:http, hostname:jianyi.baidu.com, new_link:/question?prod_id=7
2017-09-16 16:05:55,537 - [webpage_parser.py:65] - INFO - procotol:http, hostname:tieba.baidu.com, new_link:/f/index/forumpark?pcn=电影&pci=0&ct=1&rn=20&pn=1
2017-09-16 16:05:55,538 - [webpage_parser.py:65] - INFO - procotol:http, hostname:news.baidu.com, new_link:javascript:void(0);
2017-09-16 16:05:55,538 - [webpage_parser.py:65] - INFO - procotol:http, hostname:jianyi.baidu.com, new_link:/question?prod_id=18
2017-09-16 16:05:55,539 - [webpage_parser.py:65] - INFO - procotol:http, hostname:tieba.baidu.com, new_link:/f/index/forumpark?cn=香港电影&ci=0&pcn=电影&pci=0&ct=1&rn=20&pn=1
2017-09-16 16:05:55,539 - [webpage_parser.py:65] - INFO - procotol:http, hostname:news.baidu.com, new_link:javascript:void(0);
2017-09-16 16:05:55,539 - [webpage_parser.py:65] - INFO - procotol:http, hostname:jianyi.baidu.com, new_link:/question?prod_id=18
2017-09-16 16:05:55,540 - [webpage_parser.py:65] - INFO - procotol:http, hostname:tieba.baidu.com, new_link:/f/index/forumpark?cn=欧美电影&ci=0&pcn=电影&pci=0&ct=1&rn=20&pn=1
2017-09-16 16:05:55,540 - [webpage_parser.py:65] - INFO - procotol:http, hostname:news.baidu.com, new_link:javascript:void(0)
2017-09-16 16:05:55,540 - [webpage_parser.py:65] - INFO - procotol:http, hostname:jianyi.baidu.com, new_link:/question?prod_id=4
2017-09-16 16:05:55,541 - [webpage_parser.py:65] - INFO - procotol:http, hostname:tieba.baidu.com, new_link:/f/index/forumpark?cn=内地电影&ci=0&pcn=电影&pci=0&ct=1&rn=20&pn=1
2017-09-16 16:05:55,541 - [webpage_parser.py:65] - INFO - procotol:http, hostname:news.baidu.com, new_link:javascript:void(0)
2017-09-16 16:05:55,541 - [webpage_parser.py:65] - INFO - procotol:http, hostname:jianyi.baidu.com, new_link:/question?prod_id=4
2017-09-16 16:05:55,542 - [webpage_parser.py:65] - INFO - procotol:http, hostname:tieba.baidu.com, new_link:/f/index/forumpark?cn=韩国电影&ci=0&pcn=电影&pci=0&ct=1&rn=20&pn=1
2017-09-16 16:05:55,542 - [webpage_parser.py:65] - INFO - procotol:http, hostname:news.baidu.com, new_link:javascript:void(0)
2017-09-16 16:05:55,542 - [webpage_parser.py:65] - INFO - procotol:http, hostname:jianyi.baidu.com, new_link:/question?prod_id=5
2017-09-16 16:05:55,543 - [webpage_parser.py:65] - INFO - procotol:http, hostname:tieba.baidu.com, new_link:/f/index/forumpark?cn=日本电影&ci=0&pcn=电影&pci=0&ct=1&rn=20&pn=1
2017-09-16 16:05:55,543 - [webpage_parser.py:65] - INFO - procotol:http, hostname:news.baidu.com, new_link:javascript:void(0)
2017-09-16 16:05:55,544 - [webpage_parser.py:65] - INFO - procotol:http, hostname:jianyi.baidu.com, new_link:/question?prod_id=5
2017-09-16 16:05:55,544 - [webpage_parser.py:65] - INFO - procotol:http, hostname:tieba.baidu.com, new_link:/f/index/forumpark?cn=台湾电影&ci=0&pcn=电影&pci=0&ct=1&rn=20&pn=1
2017-09-16 16:05:55,544 - [webpage_parser.py:65] - INFO - procotol:http, hostname:news.baidu.com, new_link:javascript:void(0)
2017-09-16 16:05:55,545 - [webpage_parser.py:65] - INFO - procotol:http, hostname:jianyi.baidu.com, new_link:/question?prod_id=6
2017-09-16 16:05:55,545 - [webpage_parser.py:65] - INFO - procotol:http, hostname:tieba.baidu.com, new_link:/f/index/forumpark?cn=电影话题&ci=0&pcn=电影&pci=0&ct=1&rn=20&pn=1
2017-09-16 16:05:55,545 - [webpage_parser.py:65] - INFO - procotol:http, hostname:news.baidu.com, new_link:javascript:void(0)
2017-09-16 16:05:55,546 - [webpage_parser.py:65] - INFO - procotol:http, hostname:jianyi.baidu.com, new_link:/question?prod_id=6
2017-09-16 16:05:55,546 - [webpage_parser.py:65] - INFO - procotol:http, hostname:tieba.baidu.com, new_link:/f/index/forumpark?cn=东南亚电影&ci=0&pcn=电影&pci=0&ct=1&rn=20&pn=1
2017-09-16 16:05:55,546 - [webpage_parser.py:65] - INFO - procotol:http, hostname:news.baidu.com, new_link:javascript:void(0)
2017-09-16 16:05:55,547 - [webpage_parser.py:65] - INFO - procotol:http, hostname:jianyi.baidu.com, new_link:/question?prod_id=159
2017-09-16 16:05:55,547 - [webpage_parser.py:65] - INFO - procotol:http, hostname:tieba.baidu.com, new_link:/f/index/forumpark?pcn=体育迷&pci=275&ct=0&rn=20&pn=1
2017-09-16 16:05:55,547 - [webpage_parser.py:65] - INFO - procotol:http, hostname:news.baidu.com, new_link:javascript:void(0)
2017-09-16 16:05:55,548 - [webpage_parser.py:65] - INFO - procotol:http, hostname:jianyi.baidu.com, new_link:/question?prod_id=159
2017-09-16 16:05:55,548 - [webpage_parser.py:65] - INFO - procotol:http, hostname:tieba.baidu.com, new_link:/f/index/forumpark?cn=足球&ci=276&pcn=体育迷&pci=275&ct=0&rn=20&pn=1
2017-09-16 16:05:55,548 - [webpage_parser.py:65] - INFO - procotol:http, hostname:news.baidu.com, new_link:/n?cmd=1&class=reci
2017-09-16 16:05:55,549 - [webpage_parser.py:65] - INFO - procotol:http, hostname:jianyi.baidu.com, new_link:/question?prod_id=58
2017-09-16 16:05:55,549 - [webpage_parser.py:65] - INFO - procotol:http, hostname:tieba.baidu.com, new_link:/f/index/forumpark?cn=篮球&ci=277&pcn=体育迷&pci=275&ct=0&rn=20&pn=1
2017-09-16 16:05:55,551 - [webpage_parser.py:65] - INFO - procotol:http, hostname:news.baidu.com, new_link:javascript:void(0)
2017-09-16 16:05:55,551 - [webpage_parser.py:65] - INFO - procotol:http, hostname:jianyi.baidu.com, new_link:/question?prod_id=58
2017-09-16 16:05:55,552 - [webpage_parser.py:65] - INFO - procotol:http, hostname:tieba.baidu.com, new_link:/f/index/forumpark?cn=NBA&ci=278&pcn=体育迷&pci=275&ct=0&rn=20&pn=1
2017-09-16 16:05:55,552 - [webpage_parser.py:65] - INFO - procotol:http, hostname:news.baidu.com, new_link:javascript:void(0)
2017-09-16 16:05:55,552 - [webpage_parser.py:65] - INFO - procotol:http, hostname:jianyi.baidu.com, new_link:/question?prod_id=171
2017-09-16 16:05:55,553 - [webpage_parser.py:65] - INFO - procotol:http, hostname:tieba.baidu.com, new_link:/f/index/forumpark?cn=CBA&ci=279&pcn=体育迷&pci=275&ct=0&rn=20&pn=1
2017-09-16 16:05:55,554 - [webpage_parser.py:65] - INFO - procotol:http, hostname:news.baidu.com, new_link:javascript:void(0)
2017-09-16 16:05:55,554 - [webpage_parser.py:65] - INFO - procotol:http, hostname:jianyi.baidu.com, new_link:/question?prod_id=171
2017-09-16 16:05:55,555 - [webpage_parser.py:65] - INFO - procotol:http, hostname:tieba.baidu.com, new_link:/f/index/forumpark?cn=乒乓球&ci=280&pcn=体育迷&pci=275&ct=0&rn=20&pn=1
2017-09-16 16:05:55,555 - [webpage_parser.py:65] - INFO - procotol:http, hostname:news.baidu.com, new_link:/n?cmd=6&loc=0&name=%B8%DB%B0%C4%CC%A8&locname=%B8%DB%B0%C4%CC%A8
2017-09-16 16:05:55,555 - [webpage_parser.py:65] - INFO - procotol:http, hostname:jianyi.baidu.com, new_link:/question?prod_id=69
2017-09-16 16:05:55,556 - [webpage_parser.py:65] - INFO - procotol:http, hostname:tieba.baidu.com, new_link:/f/index/forumpark?cn=网球&ci=281&pcn=体育迷&pci=275&ct=0&rn=20&pn=1
2017-09-16 16:05:55,556 - [webpage_parser.py:65] - INFO - procotol:http, hostname:news.baidu.com, new_link:javascript:;
2017-09-16 16:05:55,556 - [webpage_parser.py:65] - INFO - procotol:http, hostname:jianyi.baidu.com, new_link:/question?prod_id=69
2017-09-16 16:05:55,557 - [webpage_parser.py:65] - INFO - procotol:http, hostname:tieba.baidu.com, new_link:/f/index/forumpark?cn=舞蹈&ci=283&pcn=体育迷&pci=275&ct=0&rn=20&pn=1
2017-09-16 16:05:55,557 - [webpage_parser.py:65] - INFO - procotol:http, hostname:news.baidu.com, new_link:javascript:;
2017-09-16 16:05:55,558 - [webpage_parser.py:65] - INFO - procotol:http, hostname:jianyi.baidu.com, new_link:/question?prod_id=8
2017-09-16 16:05:55,558 - [webpage_parser.py:65] - INFO - procotol:http, hostname:tieba.baidu.com, new_link:/f/index/forumpark?cn=健身&ci=284&pcn=体育迷&pci=275&ct=0&rn=20&pn=1
2017-09-16 16:05:55,559 - [webpage_parser.py:65] - INFO - procotol:http, hostname:news.baidu.com, new_link:javascript:;
2017-09-16 16:05:55,559 - [webpage_parser.py:65] - INFO - procotol:http, hostname:jianyi.baidu.com, new_link:/question?prod_id=8
2017-09-16 16:05:55,560 - [webpage_parser.py:65] - INFO - procotol:http, hostname:tieba.baidu.com, new_link:/f/index/forumpark?pcn=小说&pci=161&ct=0&rn=20&pn=1
2017-09-16 16:05:55,560 - [webpage_parser.py:65] - INFO - procotol:http, hostname:news.baidu.com, new_link:javascript:;
2017-09-16 16:05:55,560 - [webpage_parser.py:65] - INFO - procotol:http, hostname:jianyi.baidu.com, new_link:/question?prod_id=92
2017-09-16 16:05:55,561 - [webpage_parser.py:65] - INFO - procotol:http, hostname:tieba.baidu.com, new_link:/f/index/forumpark?cn=奇幻&ci=403&pcn=小说&pci=161&ct=0&rn=20&pn=1
2017-09-16 16:05:55,568 - [webpage_parser.py:65] - INFO - procotol:http, hostname:jianyi.baidu.com, new_link:/question?prod_id=92
2017-09-16 16:05:55,570 - [webpage_parser.py:65] - INFO - procotol:http, hostname:tieba.baidu.com, new_link:/f/index/forumpark?cn=言情&ci=177&pcn=小说&pci=161&ct=0&rn=20&pn=1
2017-09-16 16:05:55,574 - [webpage_parser.py:65] - INFO - procotol:http, hostname:jianyi.baidu.com, new_link:/question?prod_id=24
2017-09-16 16:05:55,579 - [webpage_parser.py:65] - INFO - procotol:http, hostname:tieba.baidu.com, new_link:/f/index/forumpark?cn=灵异&ci=404&pcn=小说&pci=161&ct=0&rn=20&pn=1
2017-09-16 16:05:55,583 - [webpage_parser.py:65] - INFO - procotol:http, hostname:jianyi.baidu.com, new_link:/question?prod_id=24
2017-09-16 16:05:55,584 - [webpage_saver.py:45] - INFO - url http://news.baidu.com is not match
2017-09-16 16:05:55,586 - [webpage_parser.py:65] - INFO - procotol:http, hostname:tieba.baidu.com, new_link:/f/index/forumpark?cn=穿越&ci=162&pcn=小说&pci=161&ct=0&rn=20&pn=1
2017-09-16 16:05:55,587 - [webpage_parser.py:65] - INFO - procotol:http, hostname:jianyi.baidu.com, new_link:/question?prod_id=113
2017-09-16 16:05:55,590 - [webpage_parser.py:65] - INFO - procotol:http, hostname:tieba.baidu.com, new_link:/f/index/forumpark?cn=连载&ci=169&pcn=小说&pci=161&ct=0&rn=20&pn=1
2017-09-16 16:05:55,591 - [webpage_parser.py:65] - INFO - procotol:http, hostname:jianyi.baidu.com, new_link:/question?prod_id=113
2017-09-16 16:05:55,592 - [webpage_parser.py:65] - INFO - procotol:http, hostname:tieba.baidu.com, new_link:/f/index/forumpark?cn=修真&ci=412&pcn=小说&pci=161&ct=0&rn=20&pn=1
2017-09-16 16:05:55,592 - [webpage_parser.py:65] - INFO - procotol:http, hostname:jianyi.baidu.com, new_link:/question?prod_id=16
2017-09-16 16:05:55,592 - [webpage_parser.py:65] - INFO - procotol:http, hostname:tieba.baidu.com, new_link:/f/index/forumpark?cn=历史&ci=121&pcn=小说&pci=161&ct=0&rn=20&pn=1
2017-09-16 16:05:55,593 - [webpage_parser.py:65] - INFO - procotol:http, hostname:jianyi.baidu.com, new_link:/question?prod_id=16
2017-09-16 16:05:55,593 - [webpage_parser.py:65] - INFO - procotol:http, hostname:tieba.baidu.com, new_link:/f/index/forumpark?cn=架空文&ci=409&pcn=小说&pci=161&ct=0&rn=20&pn=1
2017-09-16 16:05:55,594 - [webpage_parser.py:65] - INFO - procotol:http, hostname:jianyi.baidu.com, new_link:/question?prod_id=12
2017-09-16 16:05:55,594 - [webpage_parser.py:65] - INFO - procotol:http, hostname:tieba.baidu.com, new_link:/f/index/forumpark?pcn=生活家&pci=214&ct=0&rn=20&pn=1
2017-09-16 16:05:55,595 - [webpage_parser.py:65] - INFO - procotol:http, hostname:jianyi.baidu.com, new_link:/question?prod_id=12
2017-09-16 16:05:55,595 - [webpage_parser.py:65] - INFO - procotol:http, hostname:tieba.baidu.com, new_link:/f/index/forumpark?cn=小而美&ci=244&pcn=生活家&pci=214&ct=0&rn=20&pn=1
2017-09-16 16:05:55,597 - [webpage_parser.py:65] - INFO - procotol:http, hostname:jianyi.baidu.com, new_link:/question?prod_id=10
2017-09-16 16:05:55,599 - [webpage_parser.py:65] - INFO - procotol:http, hostname:tieba.baidu.com, new_link:/f/index/forumpark?cn=DIY&ci=72&pcn=生活家&pci=214&ct=0&rn=20&pn=1
2017-09-16 16:05:55,601 - [webpage_parser.py:65] - INFO - procotol:http, hostname:jianyi.baidu.com, new_link:/question?prod_id=10
2017-09-16 16:05:55,602 - [webpage_parser.py:65] - INFO - procotol:http, hostname:tieba.baidu.com, new_link:/f/index/forumpark?cn=美食&ci=380&pcn=生活家&pci=214&ct=0&rn=20&pn=1
2017-09-16 16:05:55,603 - [webpage_parser.py:65] - INFO - procotol:http, hostname:jianyi.baidu.com, new_link:/question?prod_id=3
2017-09-16 16:05:55,604 - [webpage_parser.py:65] - INFO - procotol:http, hostname:tieba.baidu.com, new_link:/f/index/forumpark?cn=摄影&ci=82&pcn=生活家&pci=214&ct=0&rn=20&pn=1
2017-09-16 16:05:55,606 - [webpage_parser.py:65] - INFO - procotol:http, hostname:jianyi.baidu.com, new_link:/question?prod_id=3
2017-09-16 16:05:55,606 - [webpage_parser.py:65] - INFO - procotol:http, hostname:tieba.baidu.com, new_link:/f/index/forumpark?cn=旅行&ci=92&pcn=生活家&pci=214&ct=0&rn=20&pn=1
2017-09-16 16:05:55,607 - [webpage_parser.py:65] - INFO - procotol:http, hostname:jianyi.baidu.com, new_link:/question?prod_id=9
2017-09-16 16:05:55,607 - [webpage_parser.py:65] - INFO - procotol:http, hostname:tieba.baidu.com, new_link:/f/index/forumpark?cn=变美&ci=520&pcn=生活家&pci=214&ct=0&rn=20&pn=1
2017-09-16 16:05:55,608 - [webpage_parser.py:65] - INFO - procotol:http, hostname:jianyi.baidu.com, new_link:/question?prod_id=9
2017-09-16 16:05:55,609 - [webpage_parser.py:65] - INFO - procotol:http, hostname:tieba.baidu.com, new_link:/f/index/forumpark?cn=留学移民&ci=521&pcn=生活家&pci=214&ct=0&rn=20&pn=1
2017-09-16 16:05:55,609 - [webpage_parser.py:65] - INFO - procotol:http, hostname:jianyi.baidu.com, new_link:/question?prod_id=17
2017-09-16 16:05:55,609 - [webpage_parser.py:65] - INFO - procotol:http, hostname:tieba.baidu.com, new_link:/f/index/forumpark?cn=文玩&ci=522&pcn=生活家&pci=214&ct=0&rn=20&pn=1
2017-09-16 16:05:55,610 - [webpage_parser.py:65] - INFO - procotol:http, hostname:jianyi.baidu.com, new_link:/question?prod_id=17
2017-09-16 16:05:55,610 - [webpage_parser.py:65] - INFO - procotol:http, hostname:tieba.baidu.com, new_link:/f/index/forumpark?pcn=闲·趣&pci=429&ct=0&rn=20&pn=1
2017-09-16 16:05:55,610 - [webpage_parser.py:65] - INFO - procotol:http, hostname:jianyi.baidu.com, new_link:/question?prod_id=31
2017-09-16 16:05:55,611 - [webpage_parser.py:65] - INFO - procotol:http, hostname:tieba.baidu.com, new_link:/f/index/forumpark?cn=萌宠&ci=4&pcn=闲·趣&pci=429&ct=0&rn=20&pn=1
2017-09-16 16:05:55,611 - [webpage_parser.py:65] - INFO - procotol:http, hostname:jianyi.baidu.com, new_link:/question?prod_id=31
2017-09-16 16:05:55,612 - [webpage_parser.py:65] - INFO - procotol:http, hostname:tieba.baidu.com, new_link:/f/index/forumpark?cn=萝莉&ci=6&pcn=闲·趣&pci=429&ct=0&rn=20&pn=1
2017-09-16 16:05:55,612 - [webpage_parser.py:65] - INFO - procotol:http, hostname:jianyi.baidu.com, new_link:/question?prod_id=13
2017-09-16 16:05:55,612 - [webpage_parser.py:65] - INFO - procotol:http, hostname:tieba.baidu.com, new_link:/f/index/forumpark?cn=重口味&ci=257&pcn=闲·趣&pci=429&ct=0&rn=20&pn=1
2017-09-16 16:05:55,613 - [webpage_parser.py:65] - INFO - procotol:http, hostname:jianyi.baidu.com, new_link:/question?prod_id=13
2017-09-16 16:05:55,613 - [webpage_parser.py:65] - INFO - procotol:http, hostname:tieba.baidu.com, new_link:/f/index/forumpark?cn=吐槽&ci=152&pcn=闲·趣&pci=429&ct=0&rn=20&pn=1
2017-09-16 16:05:55,614 - [webpage_parser.py:65] - INFO - procotol:http, hostname:jianyi.baidu.com, new_link:/question?prod_id=117
2017-09-16 16:05:55,615 - [webpage_parser.py:65] - INFO - procotol:http, hostname:tieba.baidu.com, new_link:/f/index/forumpark?cn=恐怖&ci=255&pcn=闲·趣&pci=429&ct=0&rn=20&pn=1
2017-09-16 16:05:55,615 - [webpage_parser.py:65] - INFO - procotol:http, hostname:jianyi.baidu.com, new_link:/question?prod_id=117
2017-09-16 16:05:55,616 - [webpage_parser.py:65] - INFO - procotol:http, hostname:tieba.baidu.com, new_link:/f/index/forumpark?cn=星座&ci=263&pcn=闲·趣&pci=429&ct=0&rn=20&pn=1
2017-09-16 16:05:55,616 - [webpage_parser.py:65] - INFO - procotol:http, hostname:jianyi.baidu.com, new_link:/question?prod_id=27
2017-09-16 16:05:55,616 - [webpage_parser.py:65] - INFO - procotol:http, hostname:tieba.baidu.com, new_link:/f/index/forumpark?cn=爆料&ci=42&pcn=闲·趣&pci=429&ct=0&rn=20&pn=1
2017-09-16 16:05:55,617 - [webpage_parser.py:65] - INFO - procotol:http, hostname:jianyi.baidu.com, new_link:/question?prod_id=27
2017-09-16 16:05:55,617 - [webpage_parser.py:65] - INFO - procotol:http, hostname:tieba.baidu.com, new_link:/f/index/forumpark?cn=喵星人&ci=5&pcn=闲·趣&pci=429&ct=0&rn=20&pn=1
2017-09-16 16:05:55,618 - [webpage_parser.py:65] - INFO - procotol:http, hostname:jianyi.baidu.com, new_link:/question?prod_id=147
2017-09-16 16:05:55,619 - [webpage_parser.py:65] - INFO - procotol:http, hostname:tieba.baidu.com, new_link:/f/index/forumpark?pcn=游戏&pci=0&ct=1&rn=20&pn=1
2017-09-16 16:05:55,619 - [webpage_parser.py:65] - INFO - procotol:http, hostname:jianyi.baidu.com, new_link:/question?prod_id=147
2017-09-16 16:05:55,620 - [webpage_parser.py:65] - INFO - procotol:http, hostname:tieba.baidu.com, new_link:/f/index/forumpark?cn=客户端网游&ci=0&pcn=游戏&pci=0&ct=1&rn=20&pn=1
2017-09-16 16:05:55,620 - [webpage_parser.py:65] - INFO - procotol:http, hostname:jianyi.baidu.com, new_link:/question?prod_id=25
2017-09-16 16:05:55,620 - [webpage_parser.py:65] - INFO - procotol:http, hostname:tieba.baidu.com, new_link:/f/index/forumpark?cn=桌游&ci=0&pcn=游戏&pci=0&ct=1&rn=20&pn=1
2017-09-16 16:05:55,621 - [webpage_parser.py:65] - INFO - procotol:http, hostname:jianyi.baidu.com, new_link:/question?prod_id=25
2017-09-16 16:05:55,621 - [webpage_parser.py:65] - INFO - procotol:http, hostname:tieba.baidu.com, new_link:/f/index/forumpark?cn=游戏角色&ci=0&pcn=游戏&pci=0&ct=1&rn=20&pn=1
2017-09-16 16:05:55,621 - [webpage_parser.py:65] - INFO - procotol:http, hostname:jianyi.baidu.com, new_link:/question?prod_id=29
2017-09-16 16:05:55,622 - [webpage_parser.py:65] - INFO - procotol:http, hostname:tieba.baidu.com, new_link:/f/index/forumpark?cn=网页版网游&ci=0&pcn=游戏&pci=0&ct=1&rn=20&pn=1
2017-09-16 16:05:55,622 - [webpage_parser.py:65] - INFO - procotol:http, hostname:jianyi.baidu.com, new_link:/question?prod_id=29
2017-09-16 16:05:55,622 - [webpage_parser.py:65] - INFO - procotol:http, hostname:tieba.baidu.com, new_link:/f/index/forumpark?cn=手机游戏&ci=0&pcn=游戏&pci=0&ct=1&rn=20&pn=1
2017-09-16 16:05:55,623 - [webpage_parser.py:65] - INFO - procotol:http, hostname:jianyi.baidu.com, new_link:/question?prod_id=176
2017-09-16 16:05:55,623 - [webpage_parser.py:65] - INFO - procotol:http, hostname:tieba.baidu.com, new_link:/f/index/forumpark?cn=小游戏&ci=0&pcn=游戏&pci=0&ct=1&rn=20&pn=1
2017-09-16 16:05:55,624 - [webpage_parser.py:65] - INFO - procotol:http, hostname:jianyi.baidu.com, new_link:/question?prod_id=176
2017-09-16 16:05:55,624 - [webpage_parser.py:65] - INFO - procotol:http, hostname:tieba.baidu.com, new_link:/f/index/forumpark?cn=单机游戏&ci=0&pcn=游戏&pci=0&ct=1&rn=20&pn=1
2017-09-16 16:05:55,624 - [webpage_parser.py:65] - INFO - procotol:http, hostname:jianyi.baidu.com, new_link:/question?prod_id=131
2017-09-16 16:05:55,625 - [webpage_parser.py:65] - INFO - procotol:http, hostname:tieba.baidu.com, new_link:/f/index/forumpark?cn=掌机游戏&ci=0&pcn=游戏&pci=0&ct=1&rn=20&pn=1
2017-09-16 16:05:55,625 - [webpage_parser.py:65] - INFO - procotol:http, hostname:jianyi.baidu.com, new_link:/question?prod_id=131
2017-09-16 16:05:55,626 - [webpage_parser.py:65] - INFO - procotol:http, hostname:tieba.baidu.com, new_link:/f/index/forumpark?pcn=动漫宅&pci=206&ct=0&rn=20&pn=1
2017-09-16 16:05:55,626 - [webpage_parser.py:65] - INFO - procotol:http, hostname:jianyi.baidu.com, new_link:/question?prod_id=95
2017-09-16 16:05:55,626 - [webpage_parser.py:65] - INFO - procotol:http, hostname:tieba.baidu.com, new_link:/f/index/forumpark?cn=日本动漫&ci=312&pcn=动漫宅&pci=206&ct=0&rn=20&pn=1
2017-09-16 16:05:55,627 - [webpage_parser.py:65] - INFO - procotol:http, hostname:jianyi.baidu.com, new_link:/question?prod_id=95
2017-09-16 16:05:55,627 - [webpage_parser.py:65] - INFO - procotol:http, hostname:tieba.baidu.com, new_link:/f/index/forumpark?cn=国产动漫&ci=313&pcn=动漫宅&pci=206&ct=0&rn=20&pn=1
2017-09-16 16:05:55,628 - [webpage_parser.py:65] - INFO - procotol:http, hostname:jianyi.baidu.com, new_link:/question?prod_id=60
2017-09-16 16:05:55,628 - [webpage_parser.py:65] - INFO - procotol:http, hostname:tieba.baidu.com, new_link:/f/index/forumpark?cn=欧美动漫&ci=314&pcn=动漫宅&pci=206&ct=0&rn=20&pn=1
2017-09-16 16:05:55,628 - [webpage_parser.py:65] - INFO - procotol:http, hostname:jianyi.baidu.com, new_link:/question?prod_id=60
2017-09-16 16:05:55,629 - [webpage_parser.py:65] - INFO - procotol:http, hostname:tieba.baidu.com, new_link:/f/index/forumpark?cn=搞笑漫画&ci=319&pcn=动漫宅&pci=206&ct=0&rn=20&pn=1
2017-09-16 16:05:55,629 - [webpage_parser.py:65] - INFO - procotol:http, hostname:jianyi.baidu.com, new_link:/question?prod_id=64
2017-09-16 16:05:55,629 - [webpage_parser.py:65] - INFO - procotol:http, hostname:tieba.baidu.com, new_link:/f/index/forumpark?cn=热血动漫&ci=323&pcn=动漫宅&pci=206&ct=0&rn=20&pn=1
2017-09-16 16:05:55,630 - [webpage_parser.py:65] - INFO - procotol:http, hostname:jianyi.baidu.com, new_link:/question?prod_id=64
2017-09-16 16:05:55,630 - [webpage_parser.py:65] - INFO - procotol:http, hostname:tieba.baidu.com, new_link:/f/index/forumpark?cn=推理&ci=83&pcn=动漫宅&pci=206&ct=0&rn=20&pn=1
2017-09-16 16:05:55,631 - [webpage_parser.py:65] - INFO - procotol:http, hostname:jianyi.baidu.com, new_link:/question?prod_id=62
2017-09-16 16:05:55,631 - [webpage_parser.py:65] - INFO - procotol:http, hostname:tieba.baidu.com, new_link:/f/index/forumpark?cn=声优&ci=210&pcn=动漫宅&pci=206&ct=0&rn=20&pn=1
2017-09-16 16:05:55,631 - [webpage_parser.py:65] - INFO - procotol:http, hostname:jianyi.baidu.com, new_link:/question?prod_id=62
2017-09-16 16:05:55,632 - [webpage_parser.py:65] - INFO - procotol:http, hostname:tieba.baidu.com, new_link:/f/index/forumpark?cn=COS&ci=212&pcn=动漫宅&pci=206&ct=0&rn=20&pn=1
2017-09-16 16:05:55,632 - [webpage_parser.py:65] - INFO - procotol:http, hostname:jianyi.baidu.com, new_link:/question?prod_id=98
2017-09-16 16:05:55,632 - [webpage_parser.py:65] - INFO - procotol:http, hostname:tieba.baidu.com, new_link:/f/index/forumpark?pcn=高等院校&pci=0&ct=1&rn=20&pn=1
2017-09-16 16:05:55,633 - [webpage_parser.py:65] - INFO - procotol:http, hostname:jianyi.baidu.com, new_link:/question?prod_id=98
2017-09-16 16:05:55,633 - [webpage_parser.py:65] - INFO - procotol:http, hostname:tieba.baidu.com, new_link:/f/index/forumpark?cn=北京院校&ci=0&pcn=高等院校&pci=0&ct=1&rn=20&pn=1
2017-09-16 16:05:55,633 - [webpage_parser.py:65] - INFO - procotol:http, hostname:jianyi.baidu.com, new_link:/question?prod_id=99
2017-09-16 16:05:55,634 - [webpage_parser.py:65] - INFO - procotol:http, hostname:tieba.baidu.com, new_link:/f/index/forumpark?cn=山东院校&ci=0&pcn=高等院校&pci=0&ct=1&rn=20&pn=1
2017-09-16 16:05:55,634 - [webpage_parser.py:65] - INFO - procotol:http, hostname:jianyi.baidu.com, new_link:/question?prod_id=99
2017-09-16 16:05:55,634 - [webpage_parser.py:65] - INFO - procotol:http, hostname:tieba.baidu.com, new_link:/f/index/forumpark?cn=江苏院校&ci=0&pcn=高等院校&pci=0&ct=1&rn=20&pn=1
2017-09-16 16:05:55,635 - [webpage_parser.py:65] - INFO - procotol:http, hostname:jianyi.baidu.com, new_link:/question?prod_id=100
2017-09-16 16:05:55,635 - [webpage_parser.py:65] - INFO - procotol:http, hostname:tieba.baidu.com, new_link:/f/index/forumpark?cn=四川院校&ci=0&pcn=高等院校&pci=0&ct=1&rn=20&pn=1
2017-09-16 16:05:55,635 - [webpage_parser.py:65] - INFO - procotol:http, hostname:jianyi.baidu.com, new_link:/question?prod_id=100
2017-09-16 16:05:55,636 - [webpage_parser.py:65] - INFO - procotol:http, hostname:tieba.baidu.com, new_link:/f/index/forumpark?cn=湖北院校&ci=0&pcn=高等院校&pci=0&ct=1&rn=20&pn=1
2017-09-16 16:05:55,636 - [webpage_parser.py:65] - INFO - procotol:http, hostname:jianyi.baidu.com, new_link:/question?prod_id=66
2017-09-16 16:05:55,636 - [webpage_parser.py:65] - INFO - procotol:http, hostname:tieba.baidu.com, new_link:/f/index/forumpark?cn=河北院校&ci=0&pcn=高等院校&pci=0&ct=1&rn=20&pn=1
2017-09-16 16:05:55,637 - [webpage_parser.py:65] - INFO - procotol:http, hostname:jianyi.baidu.com, new_link:/question?prod_id=66
2017-09-16 16:05:55,637 - [webpage_parser.py:65] - INFO - procotol:http, hostname:tieba.baidu.com, new_link:/f/index/forumpark?cn=安徽院校&ci=0&pcn=高等院校&pci=0&ct=1&rn=20&pn=1
2017-09-16 16:05:55,637 - [webpage_parser.py:65] - INFO - procotol:http, hostname:jianyi.baidu.com, new_link:/question?prod_id=102
2017-09-16 16:05:55,638 - [webpage_parser.py:65] - INFO - procotol:http, hostname:tieba.baidu.com, new_link:/f/index/forumpark?cn=陕西院校&ci=0&pcn=高等院校&pci=0&ct=1&rn=20&pn=1
2017-09-16 16:05:55,638 - [webpage_parser.py:65] - INFO - procotol:http, hostname:jianyi.baidu.com, new_link:/question?prod_id=102
2017-09-16 16:05:55,638 - [webpage_parser.py:65] - INFO - procotol:http, hostname:tieba.baidu.com, new_link:/f/index/forumpark?pcn=地区&pci=0&ct=1&rn=20&pn=1
2017-09-16 16:05:55,639 - [webpage_parser.py:65] - INFO - procotol:http, hostname:jianyi.baidu.com, new_link:/question?prod_id=120
2017-09-16 16:05:55,639 - [webpage_parser.py:65] - INFO - procotol:http, hostname:tieba.baidu.com, new_link:/f/index/forumpark?cn=山东&ci=0&pcn=地区&pci=0&ct=1&rn=20&pn=1
2017-09-16 16:05:55,639 - [webpage_parser.py:65] - INFO - procotol:http, hostname:jianyi.baidu.com, new_link:/question?prod_id=120
2017-09-16 16:05:55,640 - [webpage_parser.py:65] - INFO - procotol:http, hostname:tieba.baidu.com, new_link:/f/index/forumpark?cn=河北&ci=0&pcn=地区&pci=0&ct=1&rn=20&pn=1
2017-09-16 16:05:55,640 - [webpage_parser.py:65] - INFO - procotol:http, hostname:jianyi.baidu.com, new_link:/question?prod_id=59
2017-09-16 16:05:55,640 - [webpage_parser.py:65] - INFO - procotol:http, hostname:tieba.baidu.com, new_link:/f/index/forumpark?cn=河南&ci=0&pcn=地区&pci=0&ct=1&rn=20&pn=1
2017-09-16 16:05:55,641 - [webpage_parser.py:65] - INFO - procotol:http, hostname:jianyi.baidu.com, new_link:/question?prod_id=59
2017-09-16 16:05:55,641 - [webpage_parser.py:65] - INFO - procotol:http, hostname:tieba.baidu.com, new_link:/f/index/forumpark?cn=山西&ci=0&pcn=地区&pci=0&ct=1&rn=20&pn=1
2017-09-16 16:05:55,643 - [webpage_parser.py:65] - INFO - procotol:http, hostname:jianyi.baidu.com, new_link:/question?prod_id=40
2017-09-16 16:05:55,644 - [webpage_parser.py:65] - INFO - procotol:http, hostname:tieba.baidu.com, new_link:/f/index/forumpark?cn=江苏&ci=0&pcn=地区&pci=0&ct=1&rn=20&pn=1
2017-09-16 16:05:55,645 - [webpage_parser.py:65] - INFO - procotol:http, hostname:jianyi.baidu.com, new_link:/question?prod_id=40
2017-09-16 16:05:55,645 - [webpage_parser.py:65] - INFO - procotol:http, hostname:tieba.baidu.com, new_link:/f/index/forumpark?cn=辽宁&ci=0&pcn=地区&pci=0&ct=1&rn=20&pn=1
2017-09-16 16:05:55,646 - [webpage_parser.py:65] - INFO - procotol:http, hostname:jianyi.baidu.com, new_link:/question?prod_id=103
2017-09-16 16:05:55,646 - [webpage_parser.py:65] - INFO - procotol:http, hostname:tieba.baidu.com, new_link:/f/index/forumpark?cn=四川&ci=0&pcn=地区&pci=0&ct=1&rn=20&pn=1
2017-09-16 16:05:55,647 - [webpage_parser.py:65] - INFO - procotol:http, hostname:jianyi.baidu.com, new_link:/question?prod_id=103
2017-09-16 16:05:55,647 - [webpage_parser.py:65] - INFO - procotol:http, hostname:tieba.baidu.com, new_link:/f/index/forumpark?cn=广东&ci=0&pcn=地区&pci=0&ct=1&rn=20&pn=1
2017-09-16 16:05:55,648 - [webpage_parser.py:65] - INFO - procotol:http, hostname:jianyi.baidu.com, new_link:/question?prod_id=41
2017-09-16 16:05:55,648 - [webpage_parser.py:65] - INFO - procotol:http, hostname:tieba.baidu.com, new_link:/f/index/forumpark?pcn=人文自然&pci=0&ct=1&rn=20&pn=1
2017-09-16 16:05:55,648 - [webpage_parser.py:65] - INFO - procotol:http, hostname:jianyi.baidu.com, new_link:/question?prod_id=41
2017-09-16 16:05:55,649 - [webpage_parser.py:65] - INFO - procotol:http, hostname:tieba.baidu.com, new_link:/f/index/forumpark?cn=艺术&ci=0&pcn=人文自然&pci=0&ct=1&rn=20&pn=1
2017-09-16 16:05:55,649 - [webpage_parser.py:65] - INFO - procotol:http, hostname:jianyi.baidu.com, new_link:/question?prod_id=150
2017-09-16 16:05:55,650 - [webpage_parser.py:65] - INFO - procotol:http, hostname:tieba.baidu.com, new_link:/f/index/forumpark?cn=军事&ci=0&pcn=人文自然&pci=0&ct=1&rn=20&pn=1
2017-09-16 16:05:55,650 - [webpage_parser.py:65] - INFO - procotol:http, hostname:jianyi.baidu.com, new_link:/question?prod_id=150
2017-09-16 16:05:55,650 - [webpage_parser.py:65] - INFO - procotol:http, hostname:tieba.baidu.com, new_link:/f/index/forumpark?cn=历史&ci=0&pcn=人文自然&pci=0&ct=1&rn=20&pn=1
2017-09-16 16:05:55,651 - [webpage_parser.py:65] - INFO - procotol:http, hostname:jianyi.baidu.com, new_link:/question?prod_id=167
2017-09-16 16:05:55,651 - [webpage_parser.py:65] - INFO - procotol:http, hostname:tieba.baidu.com, new_link:/f/index/forumpark?cn=自然&ci=0&pcn=人文自然&pci=0&ct=1&rn=20&pn=1
2017-09-16 16:05:55,652 - [webpage_parser.py:65] - INFO - procotol:http, hostname:jianyi.baidu.com, new_link:/question?prod_id=167
2017-09-16 16:05:55,652 - [webpage_parser.py:65] - INFO - procotol:http, hostname:tieba.baidu.com, new_link:/f/index/forumpark?cn=鉴赏收藏&ci=0&pcn=人文自然&pci=0&ct=1&rn=20&pn=1
2017-09-16 16:05:55,653 - [webpage_parser.py:65] - INFO - procotol:http, hostname:jianyi.baidu.com, new_link:/question?prod_id=200
2017-09-16 16:05:55,653 - [webpage_parser.py:65] - INFO - procotol:http, hostname:tieba.baidu.com, new_link:/f/index/forumpark?cn=民族文化&ci=0&pcn=人文自然&pci=0&ct=1&rn=20&pn=1
2017-09-16 16:05:55,654 - [webpage_parser.py:65] - INFO - procotol:http, hostname:jianyi.baidu.com, new_link:/question?prod_id=200
2017-09-16 16:05:55,654 - [webpage_parser.py:65] - INFO - procotol:http, hostname:tieba.baidu.com, new_link:/f/index/forumpark?cn=语言文化&ci=0&pcn=人文自然&pci=0&ct=1&rn=20&pn=1
2017-09-16 16:05:55,654 - [webpage_parser.py:65] - INFO - procotol:http, hostname:jianyi.baidu.com, new_link:/question?prod_id=28
2017-09-16 16:05:55,655 - [webpage_parser.py:65] - INFO - procotol:http, hostname:tieba.baidu.com, new_link:/f/index/forumclass
2017-09-16 16:05:55,655 - [webpage_parser.py:65] - INFO - procotol:http, hostname:jianyi.baidu.com, new_link:/question?prod_id=28
2017-09-16 16:05:55,655 - [webpage_parser.py:65] - INFO - procotol:http, hostname:tieba.baidu.com, new_link:/f?kw=%E7%94%BB%E6%B1%9F%E6%B9%96%E4%B9%8B%E6%8D%A2%E4%B8%96%E9%97%A8%E7%94%9F
2017-09-16 16:05:55,656 - [webpage_parser.py:65] - INFO - procotol:http, hostname:jianyi.baidu.com, new_link:/question?prod_id=26
2017-09-16 16:05:55,656 - [webpage_parser.py:65] - INFO - procotol:http, hostname:tieba.baidu.com, new_link:/f?kw=%E7%94%BB%E6%B1%9F%E6%B9%96%E4%B9%8B%E6%8D%A2%E4%B8%96%E9%97%A8%E7%94%9F
2017-09-16 16:05:55,656 - [webpage_parser.py:65] - INFO - procotol:http, hostname:jianyi.baidu.com, new_link:/question?prod_id=26
2017-09-16 16:05:55,657 - [webpage_parser.py:65] - INFO - procotol:http, hostname:tieba.baidu.com, new_link:/f?kw=%E7%A5%9E%E9%AC%BC%E4%BC%A0%E5%A5%87%E6%89%8B%E6%B8%B8
2017-09-16 16:05:55,657 - [webpage_parser.py:65] - INFO - procotol:http, hostname:jianyi.baidu.com, new_link:/question?prod_id=15
2017-09-16 16:05:55,657 - [webpage_parser.py:65] - INFO - procotol:http, hostname:tieba.baidu.com, new_link:/f?kw=%E7%A5%9E%E9%AC%BC%E4%BC%A0%E5%A5%87%E6%89%8B%E6%B8%B8
2017-09-16 16:05:55,658 - [webpage_parser.py:65] - INFO - procotol:http, hostname:jianyi.baidu.com, new_link:/question?prod_id=15
2017-09-16 16:05:55,658 - [webpage_parser.py:65] - INFO - procotol:http, hostname:tieba.baidu.com, new_link:/f?kw=%E5%8F%9B%E9%80%86%E7%9A%84%E5%8B%92%E9%B2%81%E4%BB%80
2017-09-16 16:05:55,658 - [webpage_parser.py:65] - INFO - procotol:http, hostname:jianyi.baidu.com, new_link:/question?prod_id=23
2017-09-16 16:05:55,659 - [webpage_parser.py:65] - INFO - procotol:http, hostname:tieba.baidu.com, new_link:/f?kw=%E5%8F%8D%E5%8F%9B%E7%9A%84%E9%B2%81%E8%B7%AF%E4%BF%AE
2017-09-16 16:05:55,659 - [webpage_parser.py:65] - INFO - procotol:http, hostname:jianyi.baidu.com, new_link:/question?prod_id=23
2017-09-16 16:05:55,659 - [webpage_parser.py:65] - INFO - procotol:http, hostname:tieba.baidu.com, new_link:/f?kw=%E6%9E%A2%E6%9C%A8%E6%9C%B1%E9%9B%80
2017-09-16 16:05:55,660 - [webpage_parser.py:65] - INFO - procotol:http, hostname:jianyi.baidu.com, new_link:/question?prod_id=61
2017-09-16 16:05:55,660 - [webpage_parser.py:65] - INFO - procotol:http, hostname:tieba.baidu.com, new_link:/f?kw=%E9%B2%81%E9%B2%81%E4%BF%AE
2017-09-16 16:05:55,660 - [webpage_parser.py:65] - INFO - procotol:http, hostname:jianyi.baidu.com, new_link:/question?prod_id=61
2017-09-16 16:05:55,660 - [webpage_parser.py:65] - INFO - procotol:http, hostname:tieba.baidu.com, new_link:/f?kw=c.c.
2017-09-16 16:05:55,661 - [webpage_parser.py:65] - INFO - procotol:http, hostname:jianyi.baidu.com, new_link:/question?prod_id=170
2017-09-16 16:05:55,661 - [webpage_parser.py:65] - INFO - procotol:http, hostname:tieba.baidu.com, new_link:/f?kw=%E5%8D%A1%E8%8E%B2.%E4%BC%91%E5%A6%B2%E8%8F%B2%E5%B0%94%E7%89%B9
2017-09-16 16:05:55,661 - [webpage_parser.py:65] - INFO - procotol:http, hostname:jianyi.baidu.com, new_link:/question?prod_id=170
2017-09-16 16:05:55,662 - [webpage_parser.py:65] - INFO - procotol:http, hostname:tieba.baidu.com, new_link:/f?kw=%E5%A4%8D%E6%B4%BB%E7%9A%84%E9%B2%81%E9%B2%81%E4%BF%AE
2017-09-16 16:05:55,662 - [webpage_parser.py:65] - INFO - procotol:http, hostname:jianyi.baidu.com, new_link:/zhifu
2017-09-16 16:05:55,663 - [webpage_parser.py:65] - INFO - procotol:http, hostname:tieba.baidu.com, new_link:/f?kw=%E9%B2%81%E8%B7%AF%E4%BF%AE
2017-09-16 16:05:55,666 - [webpage_saver.py:45] - INFO - url http://jianyi.baidu.com/ is not match
2017-09-16 16:05:55,666 - [webpage_parser.py:65] - INFO - procotol:http, hostname:tieba.baidu.com, new_link:/f?kw=lc%E7%8E%8B%E9%81%93
2017-09-16 16:05:55,667 - [webpage_parser.py:65] - INFO - procotol:http, hostname:tieba.baidu.com, new_link:/f?kw=%E6%9C%B1%E4%BF%AE
2017-09-16 16:05:55,667 - [webpage_parser.py:65] - INFO - procotol:http, hostname:tieba.baidu.com, new_link:/f?kw=%E5%B0%A4%E8%8F%B2%E7%B1%B3%E5%A8%85.li.%E5%B8%83%E9%87%8C%E5%A1%94%E5%B0%BC%E4%BA%9A
2017-09-16 16:05:55,668 - [webpage_parser.py:65] - INFO - procotol:http, hostname:tieba.baidu.com, new_link:/f?kw=%E4%BA%A1%E5%9B%BD%E7%9A%84%E9%98%BF%E5%9F%BA%E7%89%B9
2017-09-16 16:05:55,668 - [webpage_parser.py:65] - INFO - procotol:http, hostname:tieba.baidu.com, new_link:/f?kw=%E7%BA%A2%E8%B1%86%E7%88%B1%E9%98%BF%E7%BF%81
2017-09-16 16:05:55,669 - [webpage_parser.py:65] - INFO - procotol:http, hostname:tieba.baidu.com, new_link:/p/5315589173
2017-09-16 16:05:55,669 - [webpage_parser.py:65] - INFO - procotol:http, hostname:tieba.baidu.com, new_link:/home/main?un=%E6%99%93%E9%9B%BE%E6%84%81%E5%BD%BB&fr=index
2017-09-16 16:05:55,669 - [webpage_parser.py:65] - INFO - procotol:http, hostname:tieba.baidu.com, new_link:/f?kw=%E6%89%8B%E6%B8%B8%E5%85%88%E9%94%8B 
2017-09-16 16:05:55,669 - [webpage_parser.py:65] - INFO - procotol:http, hostname:tieba.baidu.com, new_link:/p/5320320013
2017-09-16 16:05:55,670 - [webpage_parser.py:65] - INFO - procotol:http, hostname:tieba.baidu.com, new_link:/home/main?un=%E8%B4%B4%E5%90%A7%E6%89%8B%E6%B8%B8%E5%85%88%E9%94%8B&fr=index
2017-09-16 16:05:55,670 - [webpage_parser.py:65] - INFO - procotol:http, hostname:tieba.baidu.com, new_link:/f?kw=%E7%88%B1%E7%8C%AB%E7%94%9F%E6%B4%BB 
2017-09-16 16:05:55,670 - [webpage_parser.py:65] - INFO - procotol:http, hostname:tieba.baidu.com, new_link:/p/5311315976
2017-09-16 16:05:55,671 - [webpage_parser.py:65] - INFO - procotol:http, hostname:tieba.baidu.com, new_link:/home/main?un=%E7%8C%AB%E7%8C%AB%E5%B0%8F%E6%96%8C&fr=index
2017-09-16 16:05:55,671 - [webpage_parser.py:65] - INFO - procotol:http, hostname:tieba.baidu.com, new_link:/f?kw=%E5%8E%86%E5%8F%B2 
2017-09-16 16:05:55,671 - [webpage_parser.py:65] - INFO - procotol:http, hostname:tieba.baidu.com, new_link:/p/5114639643
2017-09-16 16:05:55,671 - [webpage_parser.py:65] - INFO - procotol:http, hostname:tieba.baidu.com, new_link:/home/main?un=%E5%85%A8%E8%A8%80&fr=index
2017-09-16 16:05:55,672 - [webpage_parser.py:65] - INFO - procotol:http, hostname:tieba.baidu.com, new_link:/f?kw=me0407 
2017-09-16 16:05:55,672 - [webpage_parser.py:65] - INFO - procotol:http, hostname:tieba.baidu.com, new_link:/p/5139671853
2017-09-16 16:05:55,672 - [webpage_parser.py:65] - INFO - procotol:http, hostname:tieba.baidu.com, new_link:/home/main?un=%E5%A3%B6%E5%A4%A9%E8%8A%B1%E8%AF%AD&fr=index
2017-09-16 16:05:55,673 - [webpage_parser.py:65] - INFO - procotol:http, hostname:tieba.baidu.com, new_link:/f?kw=%E7%BD%91%E6%81%8B 
2017-09-16 16:05:55,673 - [webpage_parser.py:65] - INFO - procotol:http, hostname:tieba.baidu.com, new_link:/p/5316578828
2017-09-16 16:05:55,673 - [webpage_parser.py:65] - INFO - procotol:http, hostname:tieba.baidu.com, new_link:/home/main?un=%E5%B1%A0%E5%A4%ABLIL&fr=index
2017-09-16 16:05:55,673 - [webpage_parser.py:65] - INFO - procotol:http, hostname:tieba.baidu.com, new_link:/f?kw=%E5%8F%A4%E8%A3%85%E7%94%B5%E8%A7%86%E5%89%A7 
2017-09-16 16:05:55,674 - [webpage_parser.py:65] - INFO - procotol:http, hostname:tieba.baidu.com, new_link:/p/5153235021
2017-09-16 16:05:55,674 - [webpage_parser.py:65] - INFO - procotol:http, hostname:tieba.baidu.com, new_link:/home/main?un=%E6%B8%A9%E5%AA%97%E5%A6%83&fr=index
2017-09-16 16:05:55,674 - [webpage_parser.py:65] - INFO - procotol:http, hostname:tieba.baidu.com, new_link:/f?kw=%E5%A4%9A%E6%B5%86%E6%A4%8D%E7%89%A9
2017-09-16 16:05:55,675 - [webpage_parser.py:65] - INFO - procotol:http, hostname:tieba.baidu.com, new_link:/p/5171608419
2017-09-16 16:05:55,675 - [webpage_parser.py:65] - INFO - procotol:http, hostname:tieba.baidu.com, new_link:/home/main?un=%E9%A6%99%E8%95%89%E4%BD%A0%E4%B8%AA%E5%8D%9C%E5%A8%9C%E5%91%90&fr=index
2017-09-16 16:05:55,675 - [webpage_parser.py:65] - INFO - procotol:http, hostname:tieba.baidu.com, new_link:/f?kw=%E7%BE%8E%E9%A3%9F
2017-09-16 16:05:55,675 - [webpage_parser.py:65] - INFO - procotol:http, hostname:tieba.baidu.com, new_link:/p/5135007772
2017-09-16 16:05:55,676 - [webpage_parser.py:65] - INFO - procotol:http, hostname:tieba.baidu.com, new_link:/home/main?un=%E7%8C%AB%E7%88%B7%E7%BE%8E%E9%A3%9F%E9%9B%86&fr=index
2017-09-16 16:05:55,676 - [webpage_parser.py:65] - INFO - procotol:http, hostname:tieba.baidu.com, new_link:/f?kw=%E7%BA%A2%E8%B1%86%E7%88%B1%E9%98%BF%E7%BF%81
2017-09-16 16:05:55,676 - [webpage_parser.py:65] - INFO - procotol:http, hostname:tieba.baidu.com, new_link:/p/5286539583
2017-09-16 16:05:55,676 - [webpage_parser.py:65] - INFO - procotol:http, hostname:tieba.baidu.com, new_link:/home/main?un=%E5%A4%95%E9%98%B3%E7%95%99%E5%A2%A8%E9%A6%99&fr=index
2017-09-16 16:05:55,677 - [webpage_parser.py:65] - INFO - procotol:http, hostname:tieba.baidu.com, new_link:/f?kw=%E9%95%BF%E7%9B%B8%E6%80%9D 
2017-09-16 16:05:55,677 - [webpage_parser.py:65] - INFO - procotol:http, hostname:tieba.baidu.com, new_link:/p/5161104407
2017-09-16 16:05:55,678 - [webpage_parser.py:65] - INFO - procotol:http, hostname:tieba.baidu.com, new_link:/home/main?un=%E4%BC%BC%E6%B0%B4%E5%B9%B4%E5%8D%8E%E5%80%BE%E5%A4%A9%E4%B8%8B&fr=index
2017-09-16 16:05:55,678 - [webpage_parser.py:65] - INFO - procotol:http, hostname:tieba.baidu.com, new_link:/f?kw=%E5%A8%B1%E4%B9%90%E5%9C%88
2017-09-16 16:05:55,678 - [webpage_parser.py:65] - INFO - procotol:http, hostname:tieba.baidu.com, new_link:/p/5295629957
2017-09-16 16:05:55,679 - [webpage_parser.py:65] - INFO - procotol:http, hostname:tieba.baidu.com, new_link:/home/main?un=%E4%B8%A8%E5%91%A8%E6%85%A7%E6%95%8F%E4%B8%A8&fr=index
2017-09-16 16:05:55,679 - [webpage_parser.py:65] - INFO - procotol:http, hostname:tieba.baidu.com, new_link:/f?kw=%E6%B8%B8%E6%88%8F%E7%9B%B4%E6%92%AD 
2017-09-16 16:05:55,679 - [webpage_parser.py:65] - INFO - procotol:http, hostname:tieba.baidu.com, new_link:/p/5310630583
2017-09-16 16:05:55,680 - [webpage_parser.py:65] - INFO - procotol:http, hostname:tieba.baidu.com, new_link:/home/main?un=%E4%B9%85%E5%88%A5%E6%95%85%E4%BA%BA&fr=index
2017-09-16 16:05:55,680 - [webpage_parser.py:65] - INFO - procotol:http, hostname:tieba.baidu.com, new_link:/f?kw=%E5%90%89%E4%BB%96
2017-09-16 16:05:55,680 - [webpage_parser.py:65] - INFO - procotol:http, hostname:tieba.baidu.com, new_link:/p/5288183027
2017-09-16 16:05:55,680 - [webpage_parser.py:65] - INFO - procotol:http, hostname:tieba.baidu.com, new_link:/home/main?un=%E7%BB%93%E4%BB%96%E5%B1%8B&fr=index
2017-09-16 16:05:55,681 - [webpage_parser.py:65] - INFO - procotol:http, hostname:tieba.baidu.com, new_link:/f?kw=%E9%A9%AC%E7%94%B2%E7%BA%BF 
2017-09-16 16:05:55,681 - [webpage_parser.py:65] - INFO - procotol:http, hostname:tieba.baidu.com, new_link:/p/5145993701
2017-09-16 16:05:55,681 - [webpage_parser.py:65] - INFO - procotol:http, hostname:tieba.baidu.com, new_link:/home/main?un=%E8%8B%8F%E6%B2%90%E6%9F%93%E7%BA%A2%E8%94%BB&fr=index
2017-09-16 16:05:55,682 - [webpage_parser.py:65] - INFO - procotol:http, hostname:tieba.baidu.com, new_link:/f?kw=%E8%83%8C%E9%94%85 
2017-09-16 16:05:55,682 - [webpage_parser.py:65] - INFO - procotol:http, hostname:tieba.baidu.com, new_link:/p/5280831737
2017-09-16 16:05:55,682 - [webpage_parser.py:65] - INFO - procotol:http, hostname:tieba.baidu.com, new_link:/home/main?un=%E7%83%AD%E6%83%85%E7%9A%84%E9%9A%8F%E4%BE%BF%E4%BD%A0%E6%93%8D&fr=index
2017-09-16 16:05:55,683 - [webpage_parser.py:65] - INFO - procotol:http, hostname:tieba.baidu.com, new_link:/f?kw=%E5%B0%8F%E8%90%9D%E8%8E%89
2017-09-16 16:05:55,683 - [webpage_parser.py:65] - INFO - procotol:http, hostname:tieba.baidu.com, new_link:/p/5289960175
2017-09-16 16:05:55,683 - [webpage_parser.py:65] - INFO - procotol:http, hostname:tieba.baidu.com, new_link:/home/main?un=%E5%BA%9A%E5%93%9F&fr=index
2017-09-16 16:05:55,683 - [webpage_parser.py:65] - INFO - procotol:http, hostname:tieba.baidu.com, new_link:/f?kw=%E6%B8%B8%E6%88%8F%E7%9B%B4%E6%92%AD 
2017-09-16 16:05:55,684 - [webpage_parser.py:65] - INFO - procotol:http, hostname:tieba.baidu.com, new_link:/p/5301072178
2017-09-16 16:05:55,684 - [webpage_parser.py:65] - INFO - procotol:http, hostname:tieba.baidu.com, new_link:/home/main?un=%E4%B9%85%E5%88%A5%E6%95%85%E4%BA%BA&fr=index
2017-09-16 16:05:55,684 - [webpage_parser.py:65] - INFO - procotol:http, hostname:tieba.baidu.com, new_link:/hottopic/browse/topicList?res_type=1
2017-09-16 16:05:55,685 - [webpage_parser.py:65] - INFO - procotol:http, hostname:tieba.baidu.com, new_link:/home/main?un=悲伤的羔羊
2017-09-16 16:05:55,685 - [webpage_parser.py:65] - INFO - procotol:http, hostname:tieba.baidu.com, new_link:/home/main?un=悲伤的羔羊
2017-09-16 16:05:55,685 - [webpage_parser.py:65] - INFO - procotol:http, hostname:tieba.baidu.com, new_link:/f?kw=t豆娱乐城
2017-09-16 16:05:55,686 - [webpage_parser.py:65] - INFO - procotol:http, hostname:tieba.baidu.com, new_link:/home/main?un=无事找清凉
2017-09-16 16:05:55,686 - [webpage_parser.py:65] - INFO - procotol:http, hostname:tieba.baidu.com, new_link:/home/main?un=无事找清凉
2017-09-16 16:05:55,686 - [webpage_parser.py:65] - INFO - procotol:http, hostname:tieba.baidu.com, new_link:/f?kw=天涯明月刀OL
2017-09-16 16:05:55,686 - [webpage_parser.py:65] - INFO - procotol:http, hostname:tieba.baidu.com, new_link:/home/main?un=倩Q1228228888
2017-09-16 16:05:55,687 - [webpage_parser.py:65] - INFO - procotol:http, hostname:tieba.baidu.com, new_link:/home/main?un=倩Q1228228888
2017-09-16 16:05:55,687 - [webpage_parser.py:65] - INFO - procotol:http, hostname:tieba.baidu.com, new_link:/f?kw=亏猫
2017-09-16 16:05:55,687 - [webpage_parser.py:65] - INFO - procotol:http, hostname:tieba.baidu.com, new_link:/home/main?un=大风吹奶罩杯
2017-09-16 16:05:55,688 - [webpage_parser.py:65] - INFO - procotol:http, hostname:tieba.baidu.com, new_link:/home/main?un=大风吹奶罩杯
2017-09-16 16:05:55,688 - [webpage_parser.py:65] - INFO - procotol:http, hostname:tieba.baidu.com, new_link:/f?kw=网络游戏
2017-09-16 16:05:55,688 - [webpage_parser.py:65] - INFO - procotol:http, hostname:tieba.baidu.com, new_link:/home/main?un=神風苏逸
2017-09-16 16:05:55,689 - [webpage_parser.py:65] - INFO - procotol:http, hostname:tieba.baidu.com, new_link:/home/main?un=神風苏逸
2017-09-16 16:05:55,689 - [webpage_parser.py:65] - INFO - procotol:http, hostname:tieba.baidu.com, new_link:/p/5024282186
2017-09-16 16:05:55,689 - [webpage_parser.py:65] - INFO - procotol:http, hostname:tieba.baidu.com, new_link:/home/main?un=蔡丶十一
2017-09-16 16:05:55,690 - [webpage_parser.py:65] - INFO - procotol:http, hostname:tieba.baidu.com, new_link:/home/main?un=蔡丶十一
2017-09-16 16:05:55,690 - [webpage_parser.py:65] - INFO - procotol:http, hostname:tieba.baidu.com, new_link:/p/5319276352
2017-09-16 16:05:55,690 - [webpage_parser.py:65] - INFO - procotol:http, hostname:tieba.baidu.com, new_link:/home/main?un=贴吧熊
2017-09-16 16:05:55,690 - [webpage_parser.py:65] - INFO - procotol:http, hostname:tieba.baidu.com, new_link:/home/main?un=贴吧熊
2017-09-16 16:05:55,691 - [webpage_parser.py:65] - INFO - procotol:http, hostname:tieba.baidu.com, new_link:/p/5252510171
2017-09-16 16:05:55,694 - [webpage_parser.py:65] - INFO - procotol:http, hostname:tieba.baidu.com, new_link:/home/main?un=贴吧会员
2017-09-16 16:05:55,698 - [connectionpool.py:207] - DEBUG - Starting new HTTP connection (1): www.baidu.com
2017-09-16 16:05:55,695 - [webpage_parser.py:65] - INFO - procotol:http, hostname:tieba.baidu.com, new_link:/home/main?un=贴吧会员
2017-09-16 16:05:55,699 - [webpage_parser.py:65] - INFO - procotol:http, hostname:tieba.baidu.com, new_link:/p/5324050670
2017-09-16 16:05:55,700 - [webpage_parser.py:65] - INFO - procotol:http, hostname:tieba.baidu.com, new_link:/home/main?un=吴哲晗应援会
2017-09-16 16:05:55,700 - [webpage_parser.py:65] - INFO - procotol:http, hostname:tieba.baidu.com, new_link:/home/main?un=吴哲晗应援会
2017-09-16 16:05:55,701 - [webpage_parser.py:65] - INFO - procotol:http, hostname:tieba.baidu.com, new_link:/p/3292673938
2017-09-16 16:05:55,701 - [webpage_parser.py:65] - INFO - procotol:http, hostname:tieba.baidu.com, new_link:/home/main?un=cloudsayu
2017-09-16 16:05:55,702 - [webpage_parser.py:65] - INFO - procotol:http, hostname:tieba.baidu.com, new_link:/home/main?un=cloudsayu
2017-09-16 16:05:55,702 - [webpage_parser.py:65] - INFO - procotol:http, hostname:tieba.baidu.com, new_link:/p/4748236204
2017-09-16 16:05:55,703 - [webpage_parser.py:65] - INFO - procotol:http, hostname:tieba.baidu.com, new_link:/home/main?un=帝都T渣的擦肩
2017-09-16 16:05:55,703 - [webpage_parser.py:65] - INFO - procotol:http, hostname:tieba.baidu.com, new_link:/home/main?un=帝都T渣的擦肩
2017-09-16 16:05:55,704 - [webpage_parser.py:65] - INFO - procotol:http, hostname:tieba.baidu.com, new_link:/p/3249877592
2017-09-16 16:05:55,704 - [webpage_parser.py:65] - INFO - procotol:http, hostname:tieba.baidu.com, new_link:/home/main?un=lacus84714
2017-09-16 16:05:55,704 - [webpage_parser.py:65] - INFO - procotol:http, hostname:tieba.baidu.com, new_link:/home/main?un=lacus84714
2017-09-16 16:05:55,704 - [webpage_parser.py:65] - INFO - procotol:http, hostname:tieba.baidu.com, new_link:/p/4421655018
2017-09-16 16:05:55,705 - [webpage_parser.py:65] - INFO - procotol:http, hostname:tieba.baidu.com, new_link:Mailto:tiebayule@baidu.com
2017-09-16 16:05:55,705 - [webpage_parser.py:65] - INFO - procotol:http, hostname:tieba.baidu.com, new_link:/f?kw=%E6%B2%AA%E6%B1%9F%E7%BD%91%E6%A0%A1&fr=index
2017-09-16 16:05:55,706 - [webpage_parser.py:65] - INFO - procotol:http, hostname:tieba.baidu.com, new_link:/f?kw=%E6%B2%AA%E6%B1%9F%E7%BD%91%E6%A0%A1&fr=index
2017-09-16 16:05:55,706 - [webpage_parser.py:65] - INFO - procotol:http, hostname:tieba.baidu.com, new_link:/f?kw=%E7%BA%A2%E7%89%9B%E5%AE%98%E6%96%B9&fr=index
2017-09-16 16:05:55,707 - [webpage_parser.py:65] - INFO - procotol:http, hostname:tieba.baidu.com, new_link:/f?kw=%E7%BA%A2%E7%89%9B%E5%AE%98%E6%96%B9&fr=index
2017-09-16 16:05:55,707 - [webpage_parser.py:65] - INFO - procotol:http, hostname:tieba.baidu.com, new_link:/f?kw=%E8%B1%86%E8%94%93%E7%90%86%E8%B4%A2&fr=index
2017-09-16 16:05:55,707 - [webpage_parser.py:65] - INFO - procotol:http, hostname:tieba.baidu.com, new_link:/f?kw=%E8%B1%86%E8%94%93%E7%90%86%E8%B4%A2&fr=index
2017-09-16 16:05:55,708 - [webpage_parser.py:65] - INFO - procotol:http, hostname:tieba.baidu.com, new_link:/f?kw=%E8%89%BA%E7%A6%8F%E5%A0%82&fr=index
2017-09-16 16:05:55,708 - [webpage_parser.py:65] - INFO - procotol:http, hostname:tieba.baidu.com, new_link:/f?kw=%E8%89%BA%E7%A6%8F%E5%A0%82&fr=index
2017-09-16 16:05:55,708 - [webpage_parser.py:65] - INFO - procotol:http, hostname:tieba.baidu.com, new_link:/f?kw=%E9%87%91%E7%AB%8B&fr=index
2017-09-16 16:05:55,709 - [webpage_parser.py:65] - INFO - procotol:http, hostname:tieba.baidu.com, new_link:/f?kw=%E9%87%91%E7%AB%8B&fr=index
2017-09-16 16:05:55,713 - [connectionpool.py:395] - DEBUG - http://www.baidu.com:80 "GET /duty/ HTTP/1.1" 200 2451
2017-09-16 16:05:55,729 - [webpage_parser.py:65] - INFO - procotol:http, hostname:www.baidu.com, new_link:copyright.html
2017-09-16 16:05:55,734 - [webpage_saver.py:45] - INFO - url http://tieba.baidu.com is not match
2017-09-16 16:05:55,734 - [webpage_parser.py:65] - INFO - procotol:http, hostname:www.baidu.com, new_link:right.html
2017-09-16 16:05:55,735 - [webpage_parser.py:65] - INFO - procotol:http, hostname:www.baidu.com, new_link:yinsiquan.html
2017-09-16 16:05:55,735 - [webpage_parser.py:65] - INFO - procotol:http, hostname:www.baidu.com, new_link:baozhang.html
2017-09-16 16:05:55,735 - [webpage_parser.py:65] - INFO - procotol:http, hostname:www.baidu.com, new_link:index.html
2017-09-16 16:05:55,736 - [webpage_saver.py:45] - INFO - url http://www.baidu.com/duty/ is not match
2017-09-16 16:05:56,196 - [webpage_crawler.py:71] - ERROR - read timeout http://v.baidu.com
2017-09-16 16:05:56,196 - [webpage_crawler.py:117] - ERROR - crawl url http://v.baidu.com failed, status code 2
2017-09-16 16:05:56,233 - [connectionpool.py:207] - DEBUG - Starting new HTTP connection (1): www.baidu.com
2017-09-16 16:05:56,257 - [connectionpool.py:395] - DEBUG - http://www.baidu.com:80 "GET /bdorz/login.gif?login&tpl=mn&u=http%3A%2F%2Fwww.baidu.com%2f%3fbdorz_come%3d1 HTTP/1.1" 302 161
2017-09-16 16:05:56,263 - [connectionpool.py:818] - DEBUG - Starting new HTTPS connection (1): passport.baidu.com
2017-09-16 16:05:56,518 - [connectionpool.py:818] - DEBUG - Starting new HTTPS connection (1): www.baidu.com
2017-09-16 16:05:56,533 - [connectionpool.py:818] - DEBUG - Starting new HTTPS connection (1): www.baidu.com
2017-09-16 16:05:56,596 - [connectionpool.py:207] - DEBUG - Starting new HTTP connection (1): home.baidu.com
2017-09-16 16:05:56,677 - [connectionpool.py:818] - DEBUG - Starting new HTTPS connection (1): www.baidu.com
2017-09-16 16:05:56,738 - [connectionpool.py:395] - DEBUG - https://www.baidu.com:443 "GET /s?wd=%E5%8D%9A%E5%A3%AB%E5%9B%9E%E5%9B%BD%E7%9C%8B%E7%89%99%E6%83%8A%E5%8F%B9 HTTP/1.1" 200 227
2017-09-16 16:05:56,740 - [connectionpool.py:395] - DEBUG - https://www.baidu.com:443 "GET /s?wd=%E5%85%B1%E4%BA%AB%E5%8D%95%E8%BD%A6%E6%96%B0%E6%94%BF%E5%87%BA%E5%8F%B0 HTTP/1.1" 200 227
2017-09-16 16:05:56,762 - [connectionpool.py:395] - DEBUG - http://home.baidu.com:80 "GET /home/index/baidu_road HTTP/1.1" 200 None
2017-09-16 16:05:56,771 - [connectionpool.py:395] - DEBUG - https://passport.baidu.com:443 "GET /v2/?login&tpl=mn&u=http%3A%2F%2Fwww.baidu.com%2f%3fbdorz_come%3d1 HTTP/1.1" 200 None
2017-09-16 16:05:56,771 - [connectionpool.py:395] - DEBUG - https://www.baidu.com:443 "GET /s?wd=%E5%85%AD%E5%9F%8E%E5%9C%B0%E6%A0%87%E9%9B%86%E4%BD%93%E6%92%9E%E8%A1%AB HTTP/1.1" 200 227
2017-09-16 16:05:56,774 - [webpage_saver.py:45] - INFO - url https://www.baidu.com/s?wd=共享单车新政出台 is not match
2017-09-16 16:05:56,779 - [webpage_saver.py:45] - INFO - url https://www.baidu.com/s?wd=博士回国看牙惊叹 is not match
2017-09-16 16:05:56,780 - [connectionpool.py:207] - DEBUG - Starting new HTTP connection (1): home.baidu.com
2017-09-16 16:05:56,788 - [connectionpool.py:207] - DEBUG - Starting new HTTP connection (1): home.baidu.com
2017-09-16 16:05:56,829 - [webpage_saver.py:45] - INFO - url https://www.baidu.com/s?wd=六城地标集体撞衫 is not match
2017-09-16 16:05:56,840 - [webpage_saver.py:45] - INFO - url http://www.baidu.com/bdorz/login.gif?login&tpl=mn&u=http%3A%2F%2Fwww.baidu.com%2f%3fbdorz_come%3d1 is not match
2017-09-16 16:05:56,880 - [webpage_parser.py:65] - INFO - procotol:http, hostname:home.baidu.com, new_link:/home/index
2017-09-16 16:05:56,881 - [webpage_parser.py:65] - INFO - procotol:http, hostname:home.baidu.com, new_link:/home/index
2017-09-16 16:05:56,881 - [webpage_parser.py:65] - INFO - procotol:http, hostname:home.baidu.com, new_link:/home/index/join_us
2017-09-16 16:05:56,881 - [webpage_parser.py:65] - INFO - procotol:http, hostname:home.baidu.com, new_link:/home/index/contact_us
2017-09-16 16:05:56,882 - [webpage_parser.py:65] - INFO - procotol:http, hostname:home.baidu.com, new_link:/home/index
2017-09-16 16:05:56,882 - [webpage_parser.py:65] - INFO - procotol:http, hostname:home.baidu.com, new_link:/home/index/join_us
2017-09-16 16:05:56,882 - [webpage_parser.py:65] - INFO - procotol:http, hostname:home.baidu.com, new_link:/home/index/contact_us
2017-09-16 16:05:56,883 - [webpage_saver.py:45] - INFO - url http://home.baidu.com/home/index/baidu_road is not match
2017-09-16 16:05:57,205 - [connectionpool.py:207] - DEBUG - Starting new HTTP connection (1): home.baidu.com
2017-09-16 16:05:57,287 - [connectionpool.py:395] - DEBUG - http://home.baidu.com:80 "GET /home/index/news_detail/id/17711 HTTP/1.1" 200 None
2017-09-16 16:05:57,324 - [webpage_parser.py:65] - INFO - procotol:http, hostname:home.baidu.com, new_link:/home/index
2017-09-16 16:05:57,324 - [webpage_parser.py:65] - INFO - procotol:http, hostname:home.baidu.com, new_link:/home/index
2017-09-16 16:05:57,324 - [webpage_parser.py:65] - INFO - procotol:http, hostname:home.baidu.com, new_link:/home/index/join_us
2017-09-16 16:05:57,325 - [webpage_parser.py:65] - INFO - procotol:http, hostname:home.baidu.com, new_link:/home/index/contact_us
2017-09-16 16:05:57,325 - [webpage_parser.py:65] - INFO - procotol:http, hostname:home.baidu.com, new_link:/home/index
2017-09-16 16:05:57,325 - [webpage_parser.py:65] - INFO - procotol:http, hostname:home.baidu.com, new_link:/home/index/join_us
2017-09-16 16:05:57,326 - [webpage_parser.py:65] - INFO - procotol:http, hostname:home.baidu.com, new_link:/home/index/contact_us
2017-09-16 16:05:57,326 - [webpage_saver.py:45] - INFO - url http://home.baidu.com/home/index/news_detail/id/17711 is not match
2017-09-16 16:05:57,797 - [connectionpool.py:207] - DEBUG - Starting new HTTP connection (1): home.baidu.com
2017-09-16 16:05:57,801 - [connectionpool.py:207] - DEBUG - Starting new HTTP connection (1): home.baidu.com
2017-09-16 16:05:57,835 - [connectionpool.py:207] - DEBUG - Starting new HTTP connection (1): home.baidu.com
2017-09-16 16:05:57,838 - [webpage_crawler.py:71] - ERROR - read timeout http://home.baidu.com/home/index/company_culture
2017-09-16 16:05:57,838 - [webpage_crawler.py:117] - ERROR - crawl url http://home.baidu.com/home/index/company_culture failed, status code 2
2017-09-16 16:05:57,851 - [webpage_crawler.py:71] - ERROR - read timeout http://home.baidu.com/home/index/join_us
2017-09-16 16:05:57,851 - [connectionpool.py:818] - DEBUG - Starting new HTTPS connection (1): www.baidu.com
2017-09-16 16:05:57,851 - [webpage_crawler.py:117] - ERROR - crawl url http://home.baidu.com/home/index/join_us failed, status code 2
2017-09-16 16:05:57,870 - [connectionpool.py:395] - DEBUG - http://home.baidu.com:80 "GET /home/index/news_detail/id/17712 HTTP/1.1" 200 None
2017-09-16 16:05:57,874 - [connectionpool.py:395] - DEBUG - http://home.baidu.com:80 "GET /home/index/news_detail/id/17713 HTTP/1.1" 200 None
2017-09-16 16:05:57,925 - [connectionpool.py:395] - DEBUG - http://home.baidu.com:80 "GET /home/index/news_detail/id/17714 HTTP/1.1" 200 None
2017-09-16 16:05:57,942 - [webpage_parser.py:65] - INFO - procotol:http, hostname:home.baidu.com, new_link:/home/index
2017-09-16 16:05:57,945 - [webpage_parser.py:65] - INFO - procotol:http, hostname:home.baidu.com, new_link:/home/index
2017-09-16 16:05:57,947 - [connectionpool.py:818] - DEBUG - Starting new HTTPS connection (1): www.baidu.com
2017-09-16 16:05:57,947 - [webpage_parser.py:65] - INFO - procotol:http, hostname:home.baidu.com, new_link:/home/index/join_us
2017-09-16 16:05:57,949 - [webpage_parser.py:65] - INFO - procotol:http, hostname:home.baidu.com, new_link:/home/index/contact_us
2017-09-16 16:05:57,950 - [webpage_parser.py:65] - INFO - procotol:http, hostname:home.baidu.com, new_link:/home/index
2017-09-16 16:05:58,008 - [webpage_parser.py:65] - INFO - procotol:http, hostname:home.baidu.com, new_link:/home/index/join_us
2017-09-16 16:05:58,009 - [webpage_parser.py:65] - INFO - procotol:http, hostname:home.baidu.com, new_link:/home/index/contact_us
2017-09-16 16:05:58,012 - [connectionpool.py:395] - DEBUG - https://www.baidu.com:443 "GET /s?wd=%E5%8D%81%E5%B2%81%E5%A5%B3%E7%AB%A5%E8%80%83%E4%B8%8A%E5%A4%A7%E4%B8%93 HTTP/1.1" 200 227
2017-09-16 16:05:58,016 - [webpage_saver.py:45] - INFO - url http://home.baidu.com/home/index/news_detail/id/17712 is not match
2017-09-16 16:05:58,087 - [webpage_saver.py:45] - INFO - url https://www.baidu.com/s?wd=十岁女童考上大专 is not match
2017-09-16 16:05:58,090 - [webpage_parser.py:65] - INFO - procotol:http, hostname:home.baidu.com, new_link:/home/index
2017-09-16 16:05:58,095 - [webpage_parser.py:65] - INFO - procotol:http, hostname:home.baidu.com, new_link:/home/index
2017-09-16 16:05:58,097 - [webpage_parser.py:65] - INFO - procotol:http, hostname:home.baidu.com, new_link:/home/index
2017-09-16 16:05:58,100 - [webpage_parser.py:65] - INFO - procotol:http, hostname:home.baidu.com, new_link:/home/index
2017-09-16 16:05:58,102 - [webpage_parser.py:65] - INFO - procotol:http, hostname:home.baidu.com, new_link:/home/index/join_us
2017-09-16 16:05:58,102 - [webpage_parser.py:65] - INFO - procotol:http, hostname:home.baidu.com, new_link:/home/index/join_us
2017-09-16 16:05:58,103 - [webpage_parser.py:65] - INFO - procotol:http, hostname:home.baidu.com, new_link:/home/index/contact_us
2017-09-16 16:05:58,103 - [webpage_parser.py:65] - INFO - procotol:http, hostname:home.baidu.com, new_link:/home/index/contact_us
2017-09-16 16:05:58,104 - [webpage_parser.py:65] - INFO - procotol:http, hostname:home.baidu.com, new_link:/home/index
2017-09-16 16:05:58,104 - [webpage_parser.py:65] - INFO - procotol:http, hostname:home.baidu.com, new_link:/home/index
2017-09-16 16:05:58,105 - [webpage_parser.py:65] - INFO - procotol:http, hostname:home.baidu.com, new_link:/home/index/join_us
2017-09-16 16:05:58,106 - [webpage_parser.py:65] - INFO - procotol:http, hostname:home.baidu.com, new_link:/home/index/join_us
2017-09-16 16:05:58,106 - [webpage_parser.py:65] - INFO - procotol:http, hostname:home.baidu.com, new_link:/home/index/contact_us
2017-09-16 16:05:58,107 - [connectionpool.py:395] - DEBUG - https://www.baidu.com:443 "GET /s?wd=%E6%9C%80%E4%B8%8D%E5%A5%BD%E5%AE%A2%E5%9B%BD%E5%AE%B6%E6%8E%92%E8%A1%8C HTTP/1.1" 200 227
2017-09-16 16:05:58,107 - [webpage_parser.py:65] - INFO - procotol:http, hostname:home.baidu.com, new_link:/home/index/contact_us
2017-09-16 16:05:58,109 - [webpage_saver.py:45] - INFO - url http://home.baidu.com/home/index/news_detail/id/17714 is not match
2017-09-16 16:05:58,117 - [webpage_saver.py:45] - INFO - url http://home.baidu.com/home/index/news_detail/id/17713 is not match
2017-09-16 16:05:58,119 - [webpage_saver.py:45] - INFO - url https://www.baidu.com/s?wd=最不好客国家排行 is not match
2017-09-16 16:05:58,336 - [connectionpool.py:818] - DEBUG - Starting new HTTPS connection (1): www.baidu.com
2017-09-16 16:05:58,386 - [connectionpool.py:395] - DEBUG - https://www.baidu.com:443 "GET /s?wd=%E6%9D%8E%E9%9B%A8%E6%A1%90%E5%86%8D%E7%88%86%E6%96%99 HTTP/1.1" 200 227
2017-09-16 16:05:58,395 - [webpage_saver.py:45] - INFO - url https://www.baidu.com/s?wd=李雨桐再爆料 is not match
2017-09-16 16:05:58,847 - [connectionpool.py:818] - DEBUG - Starting new HTTPS connection (1): www.baidu.com
2017-09-16 16:05:58,859 - [connectionpool.py:207] - DEBUG - Starting new HTTP connection (1): csr.baidu.com
2017-09-16 16:05:58,897 - [connectionpool.py:395] - DEBUG - https://www.baidu.com:443 "GET /s?wd=B%E7%AB%99%E8%AF%B7%E9%81%93%E5%A3%AB%E4%BD%9C%E6%B3%95 HTTP/1.1" 200 227
2017-09-16 16:05:58,906 - [webpage_saver.py:45] - INFO - url https://www.baidu.com/s?wd=B站请道士作法 is not match
2017-09-16 16:05:58,941 - [connectionpool.py:395] - DEBUG - http://csr.baidu.com:80 "GET / HTTP/1.1" 200 None
2017-09-16 16:05:58,996 - [webpage_parser.py:65] - INFO - procotol:http, hostname:csr.baidu.com, new_link:/
2017-09-16 16:05:58,996 - [webpage_parser.py:65] - INFO - procotol:http, hostname:csr.baidu.com, new_link:javascript:;
2017-09-16 16:05:58,997 - [webpage_parser.py:65] - INFO - procotol:http, hostname:csr.baidu.com, new_link:javascript:;
2017-09-16 16:05:58,997 - [webpage_parser.py:65] - INFO - procotol:http, hostname:csr.baidu.com, new_link:/
2017-09-16 16:05:58,998 - [webpage_parser.py:65] - INFO - procotol:http, hostname:csr.baidu.com, new_link:/about.html
2017-09-16 16:05:58,998 - [webpage_parser.py:65] - INFO - procotol:http, hostname:csr.baidu.com, new_link:/chairman.html
2017-09-16 16:05:58,998 - [webpage_parser.py:65] - INFO - procotol:http, hostname:csr.baidu.com, new_link:/chairman.html
2017-09-16 16:05:58,999 - [webpage_parser.py:65] - INFO - procotol:http, hostname:csr.baidu.com, new_link:/community.html
2017-09-16 16:05:59,000 - [webpage_parser.py:65] - INFO - procotol:http, hostname:csr.baidu.com, new_link:/partner.html
2017-09-16 16:05:59,000 - [webpage_parser.py:65] - INFO - procotol:http, hostname:csr.baidu.com, new_link:/staff.html
2017-09-16 16:05:59,000 - [webpage_parser.py:65] - INFO - procotol:http, hostname:csr.baidu.com, new_link:/product.html
2017-09-16 16:05:59,001 - [webpage_parser.py:65] - INFO - procotol:http, hostname:csr.baidu.com, new_link:/product.html
2017-09-16 16:05:59,001 - [webpage_parser.py:65] - INFO - procotol:http, hostname:csr.baidu.com, new_link:/departmend.html
2017-09-16 16:05:59,001 - [webpage_parser.py:65] - INFO - procotol:http, hostname:csr.baidu.com, new_link:/tousu.html
2017-09-16 16:05:59,002 - [webpage_parser.py:65] - INFO - procotol:http, hostname:csr.baidu.com, new_link:/download/report/list.html
2017-09-16 16:05:59,003 - [webpage_parser.py:65] - INFO - procotol:http, hostname:csr.baidu.com, new_link:/download/report/list.html
2017-09-16 16:05:59,003 - [webpage_parser.py:65] - INFO - procotol:http, hostname:csr.baidu.com, new_link:/Home/download/poiny.html
2017-09-16 16:05:59,003 - [webpage_parser.py:65] - INFO - procotol:http, hostname:csr.baidu.com, new_link:/briefin/gout.html
2017-09-16 16:05:59,004 - [webpage_parser.py:65] - INFO - procotol:http, hostname:csr.baidu.com, new_link:/contact.html
2017-09-16 16:05:59,004 - [webpage_parser.py:65] - INFO - procotol:http, hostname:csr.baidu.com, new_link:/chairman.html
2017-09-16 16:05:59,004 - [webpage_parser.py:65] - INFO - procotol:http, hostname:csr.baidu.com, new_link:/communication/user/450.html
2017-09-16 16:05:59,005 - [webpage_parser.py:65] - INFO - procotol:http, hostname:csr.baidu.com, new_link:/communication/user/450.html
2017-09-16 16:05:59,005 - [webpage_parser.py:65] - INFO - procotol:http, hostname:csr.baidu.com, new_link:/communication/user/450.html
2017-09-16 16:05:59,005 - [webpage_parser.py:65] - INFO - procotol:http, hostname:csr.baidu.com, new_link:/communication/user/448.html
2017-09-16 16:05:59,006 - [webpage_parser.py:65] - INFO - procotol:http, hostname:csr.baidu.com, new_link:/communication/user/448.html
2017-09-16 16:05:59,006 - [webpage_parser.py:65] - INFO - procotol:http, hostname:csr.baidu.com, new_link:/communication/user/448.html
2017-09-16 16:05:59,007 - [webpage_parser.py:65] - INFO - procotol:http, hostname:csr.baidu.com, new_link:/communication/user/446.html
2017-09-16 16:05:59,007 - [webpage_parser.py:65] - INFO - procotol:http, hostname:csr.baidu.com, new_link:/communication/user/446.html
2017-09-16 16:05:59,007 - [webpage_parser.py:65] - INFO - procotol:http, hostname:csr.baidu.com, new_link:/communication/user/446.html
2017-09-16 16:05:59,008 - [webpage_parser.py:65] - INFO - procotol:http, hostname:csr.baidu.com, new_link:/communication/user/444.html
2017-09-16 16:05:59,008 - [webpage_parser.py:65] - INFO - procotol:http, hostname:csr.baidu.com, new_link:/communication/user/444.html
2017-09-16 16:05:59,008 - [webpage_parser.py:65] - INFO - procotol:http, hostname:csr.baidu.com, new_link:/communication/user/444.html
2017-09-16 16:05:59,009 - [webpage_parser.py:65] - INFO - procotol:http, hostname:csr.baidu.com, new_link:/communication/user/442.html
2017-09-16 16:05:59,009 - [webpage_parser.py:65] - INFO - procotol:http, hostname:csr.baidu.com, new_link:/communication/user/442.html
2017-09-16 16:05:59,010 - [webpage_parser.py:65] - INFO - procotol:http, hostname:csr.baidu.com, new_link:/communication/user/442.html
2017-09-16 16:05:59,010 - [webpage_parser.py:65] - INFO - procotol:http, hostname:csr.baidu.com, new_link:/communication/user/440.html
2017-09-16 16:05:59,011 - [webpage_parser.py:65] - INFO - procotol:http, hostname:csr.baidu.com, new_link:/communication/user/440.html
2017-09-16 16:05:59,012 - [webpage_parser.py:65] - INFO - procotol:http, hostname:csr.baidu.com, new_link:/communication/user/440.html
2017-09-16 16:05:59,012 - [webpage_parser.py:65] - INFO - procotol:http, hostname:csr.baidu.com, new_link:/briefin/gout.html
2017-09-16 16:05:59,013 - [webpage_parser.py:65] - INFO - procotol:http, hostname:csr.baidu.com, new_link:/Uploads/File/2017/07/11/u59644149aca0e.rar
2017-09-16 16:05:59,013 - [webpage_parser.py:65] - INFO - procotol:http, hostname:csr.baidu.com, new_link:/Uploads/File/2017/05/04/u590acee72314c.rar
2017-09-16 16:05:59,013 - [webpage_parser.py:65] - INFO - procotol:http, hostname:csr.baidu.com, new_link:/Uploads/File/2017/01/06/u586efd4b92d94.rar
2017-09-16 16:05:59,014 - [webpage_parser.py:65] - INFO - procotol:http, hostname:csr.baidu.com, new_link:mailto:baiducsr@baidu.com
2017-09-16 16:05:59,015 - [webpage_saver.py:45] - INFO - url http://csr.baidu.com/ is not match
2017-09-16 16:05:59,116 - [connectionpool.py:207] - DEBUG - Starting new HTTP connection (1): home.baidu.com
2017-09-16 16:05:59,117 - [connectionpool.py:818] - DEBUG - Starting new HTTPS connection (1): www.baidu.com
2017-09-16 16:05:59,165 - [connectionpool.py:818] - DEBUG - Starting new HTTPS connection (1): www.baidu.com
2017-09-16 16:05:59,223 - [connectionpool.py:818] - DEBUG - Starting new HTTPS connection (1): www.baidu.com
2017-09-16 16:05:59,224 - [connectionpool.py:395] - DEBUG - http://home.baidu.com:80 "GET /home/index/special/id/34 HTTP/1.1" 200 None
2017-09-16 16:05:59,229 - [connectionpool.py:207] - DEBUG - Starting new HTTP connection (1): create.baidu.com
2017-09-16 16:05:59,234 - [connectionpool.py:395] - DEBUG - https://www.baidu.com:443 "GET /s?wd=%E7%8E%8B%E5%AE%9D%E5%BC%BA%E6%9D%91%E6%B0%91%E8%B0%88%E5%AE%8B%E5%96%86 HTTP/1.1" 200 227
2017-09-16 16:05:59,288 - [connectionpool.py:395] - DEBUG - https://www.baidu.com:443 "GET /s?wd=%E6%97%A5%E4%BC%81%E5%91%A8%E4%BC%91%E4%B8%89%E6%97%A5 HTTP/1.1" 200 227
2017-09-16 16:05:59,373 - [connectionpool.py:395] - DEBUG - https://www.baidu.com:443 "GET /s?wd=%E6%9D%8E%E6%99%A8%E6%B1%82%E5%A9%9A%E8%8C%83%E5%86%B0%E5%86%B0 HTTP/1.1" 200 227
2017-09-16 16:05:59,475 - [webpage_saver.py:45] - INFO - url https://www.baidu.com/s?wd=王宝强村民谈宋喆 is not match
2017-09-16 16:05:59,596 - [connectionpool.py:818] - DEBUG - Starting new HTTPS connection (1): www.baidu.com
2017-09-16 16:05:59,620 - [webpage_saver.py:45] - INFO - url https://www.baidu.com/s?wd=日企周休三日 is not match
2017-09-16 16:05:59,664 - [webpage_saver.py:45] - INFO - url https://www.baidu.com/s?wd=李晨求婚范冰冰 is not match
2017-09-16 16:05:59,678 - [connectionpool.py:395] - DEBUG - http://create.baidu.com:80 "GET /index/ HTTP/1.1" 200 None
2017-09-16 16:05:59,688 - [webpage_saver.py:45] - INFO - url http://create.baidu.com/index/ is not match
2017-09-16 16:05:59,713 - [connectionpool.py:395] - DEBUG - https://www.baidu.com:443 "GET /s?wd=ios11%E6%AD%A3%E5%BC%8F%E7%89%88 HTTP/1.1" 200 227
2017-09-16 16:05:59,734 - [webpage_saver.py:45] - INFO - url https://www.baidu.com/s?wd=ios11正式版 is not match
2017-09-16 16:05:59,744 - [webpage_parser.py:65] - INFO - procotol:http, hostname:home.baidu.com, new_link:/home/index
2017-09-16 16:05:59,744 - [webpage_parser.py:65] - INFO - procotol:http, hostname:home.baidu.com, new_link:/home/index
2017-09-16 16:05:59,745 - [webpage_parser.py:65] - INFO - procotol:http, hostname:home.baidu.com, new_link:/home/index/join_us
2017-09-16 16:05:59,745 - [webpage_parser.py:65] - INFO - procotol:http, hostname:home.baidu.com, new_link:/home/index/contact_us
2017-09-16 16:05:59,746 - [webpage_parser.py:65] - INFO - procotol:http, hostname:home.baidu.com, new_link:/home/index
2017-09-16 16:05:59,746 - [webpage_parser.py:65] - INFO - procotol:http, hostname:home.baidu.com, new_link:/home/index/join_us
2017-09-16 16:05:59,746 - [webpage_parser.py:65] - INFO - procotol:http, hostname:home.baidu.com, new_link:/home/index/contact_us
2017-09-16 16:05:59,747 - [webpage_saver.py:45] - INFO - url http://home.baidu.com/home/index/special/id/34 is not match
2017-09-16 16:05:59,915 - [connectionpool.py:207] - DEBUG - Starting new HTTP connection (1): pro.baidu.com
2017-09-16 16:06:00,024 - [connectionpool.py:818] - DEBUG - Starting new HTTPS connection (1): www.baidu.com
2017-09-16 16:06:00,510 - [connectionpool.py:818] - DEBUG - Starting new HTTPS connection (1): www.baidu.com
2017-09-16 16:06:00,644 - [connectionpool.py:818] - DEBUG - Starting new HTTPS connection (1): www.baidu.com
2017-09-16 16:06:00,680 - [connectionpool.py:818] - DEBUG - Starting new HTTPS connection (1): www.baidu.com
2017-09-16 16:06:00,698 - [connectionpool.py:818] - DEBUG - Starting new HTTPS connection (1): www.baidu.com
2017-09-16 16:06:00,747 - [connectionpool.py:207] - DEBUG - Starting new HTTP connection (1): home.baidu.com
2017-09-16 16:06:00,758 - [connectionpool.py:207] - DEBUG - Starting new HTTP connection (1): weibo.com
2017-09-16 16:07:31,272 - [mini_spider.py:70] - INFO - Starting mini spider
2017-09-16 16:07:43,753 - [connectionpool.py:207] - DEBUG - Starting new HTTP connection (1): www.baidu.com
2017-09-16 16:07:44,113 - [connectionpool.py:395] - DEBUG - http://www.baidu.com:80 "GET / HTTP/1.1" 200 None
2017-09-16 16:07:44,134 - [webpage_saver.py:45] - INFO - url http://www.baidu.com
 is not match
2017-09-16 16:07:48,210 - [webpage_crawler.py:107] - ERROR - url //www.baidu.com/more/ startswith //
2017-09-16 16:07:48,213 - [connectionpool.py:207] - DEBUG - Starting new HTTP connection (1): tieba.baidu.com
2017-09-16 16:07:48,216 - [connectionpool.py:207] - DEBUG - Starting new HTTP connection (1): news.baidu.com
2017-09-16 16:07:48,219 - [connectionpool.py:207] - DEBUG - Starting new HTTP connection (1): map.baidu.com
2017-09-16 16:07:48,220 - [connectionpool.py:207] - DEBUG - Starting new HTTP connection (1): www.hao123.com
2017-09-16 16:07:48,225 - [connectionpool.py:207] - DEBUG - Starting new HTTP connection (1): jianyi.baidu.com
2017-09-16 16:07:48,227 - [connectionpool.py:207] - DEBUG - Starting new HTTP connection (1): ir.baidu.com
2017-09-16 16:07:48,227 - [connectionpool.py:207] - DEBUG - Starting new HTTP connection (1): home.baidu.com
2017-09-16 16:07:48,251 - [connectionpool.py:395] - DEBUG - http://tieba.baidu.com:80 "GET / HTTP/1.1" 302 0
2017-09-16 16:07:48,260 - [connectionpool.py:818] - DEBUG - Starting new HTTPS connection (1): tieba.baidu.com
2017-09-16 16:07:48,366 - [connectionpool.py:395] - DEBUG - http://map.baidu.com:80 "GET / HTTP/1.1" 200 None
2017-09-16 16:07:48,395 - [webpage_saver.py:45] - INFO - url http://map.baidu.com is not match
2017-09-16 16:07:48,396 - [connectionpool.py:395] - DEBUG - http://news.baidu.com:80 "GET / HTTP/1.1" 200 None
2017-09-16 16:07:48,521 - [webpage_parser.py:65] - INFO - procotol:http, hostname:news.baidu.com, new_link:/
2017-09-16 16:07:48,522 - [webpage_parser.py:65] - INFO - procotol:http, hostname:news.baidu.com, new_link:/guonei
2017-09-16 16:07:48,522 - [webpage_parser.py:65] - INFO - procotol:http, hostname:news.baidu.com, new_link:/guoji
2017-09-16 16:07:48,522 - [webpage_parser.py:65] - INFO - procotol:http, hostname:news.baidu.com, new_link:/mil
2017-09-16 16:07:48,523 - [webpage_parser.py:65] - INFO - procotol:http, hostname:news.baidu.com, new_link:/society
2017-09-16 16:07:48,523 - [webpage_parser.py:65] - INFO - procotol:http, hostname:news.baidu.com, new_link:/finance
2017-09-16 16:07:48,524 - [webpage_parser.py:65] - INFO - procotol:http, hostname:news.baidu.com, new_link:/ent
2017-09-16 16:07:48,524 - [webpage_parser.py:65] - INFO - procotol:http, hostname:news.baidu.com, new_link:/sports
2017-09-16 16:07:48,524 - [webpage_parser.py:65] - INFO - procotol:http, hostname:news.baidu.com, new_link:/internet
2017-09-16 16:07:48,525 - [webpage_parser.py:65] - INFO - procotol:http, hostname:news.baidu.com, new_link:/tech
2017-09-16 16:07:48,525 - [webpage_parser.py:65] - INFO - procotol:http, hostname:news.baidu.com, new_link:/game
2017-09-16 16:07:48,525 - [webpage_parser.py:65] - INFO - procotol:http, hostname:news.baidu.com, new_link:/fashion
2017-09-16 16:07:48,525 - [webpage_parser.py:65] - INFO - procotol:http, hostname:news.baidu.com, new_link:/lady
2017-09-16 16:07:48,526 - [webpage_parser.py:65] - INFO - procotol:http, hostname:news.baidu.com, new_link:/auto
2017-09-16 16:07:48,526 - [webpage_parser.py:65] - INFO - procotol:http, hostname:news.baidu.com, new_link:/house
2017-09-16 16:07:48,526 - [webpage_parser.py:65] - INFO - procotol:http, hostname:news.baidu.com, new_link:/
2017-09-16 16:07:48,527 - [webpage_parser.py:65] - INFO - procotol:http, hostname:news.baidu.com, new_link:/guonei
2017-09-16 16:07:48,527 - [webpage_parser.py:65] - INFO - procotol:http, hostname:news.baidu.com, new_link:/guoji
2017-09-16 16:07:48,527 - [webpage_parser.py:65] - INFO - procotol:http, hostname:news.baidu.com, new_link:/mil
2017-09-16 16:07:48,528 - [webpage_parser.py:65] - INFO - procotol:http, hostname:news.baidu.com, new_link:/society
2017-09-16 16:07:48,528 - [webpage_parser.py:65] - INFO - procotol:http, hostname:news.baidu.com, new_link:/finance
2017-09-16 16:07:48,528 - [webpage_parser.py:65] - INFO - procotol:http, hostname:news.baidu.com, new_link:/ent
2017-09-16 16:07:48,528 - [webpage_parser.py:65] - INFO - procotol:http, hostname:news.baidu.com, new_link:/sports
2017-09-16 16:07:48,529 - [webpage_parser.py:65] - INFO - procotol:http, hostname:news.baidu.com, new_link:/internet
2017-09-16 16:07:48,529 - [webpage_parser.py:65] - INFO - procotol:http, hostname:news.baidu.com, new_link:/tech
2017-09-16 16:07:48,529 - [webpage_parser.py:65] - INFO - procotol:http, hostname:news.baidu.com, new_link:/game
2017-09-16 16:07:48,529 - [webpage_parser.py:65] - INFO - procotol:http, hostname:news.baidu.com, new_link:/fashion
2017-09-16 16:07:48,530 - [webpage_parser.py:65] - INFO - procotol:http, hostname:news.baidu.com, new_link:/lady
2017-09-16 16:07:48,530 - [webpage_parser.py:65] - INFO - procotol:http, hostname:news.baidu.com, new_link:/auto
2017-09-16 16:07:48,530 - [webpage_parser.py:65] - INFO - procotol:http, hostname:news.baidu.com, new_link:/house
2017-09-16 16:07:48,531 - [webpage_parser.py:65] - INFO - procotol:http, hostname:news.baidu.com, new_link:javascript:;
2017-09-16 16:07:48,531 - [webpage_parser.py:65] - INFO - procotol:http, hostname:news.baidu.com, new_link:javascript:;
2017-09-16 16:07:48,532 - [webpage_parser.py:65] - INFO - procotol:http, hostname:news.baidu.com, new_link:javascript:;
2017-09-16 16:07:48,532 - [webpage_parser.py:65] - INFO - procotol:http, hostname:news.baidu.com, new_link:javascript:;
2017-09-16 16:07:48,533 - [webpage_parser.py:65] - INFO - procotol:http, hostname:news.baidu.com, new_link:javascript:;
2017-09-16 16:07:48,534 - [webpage_parser.py:65] - INFO - procotol:http, hostname:news.baidu.com, new_link:javascript:;
2017-09-16 16:07:48,534 - [webpage_parser.py:65] - INFO - procotol:http, hostname:news.baidu.com, new_link:javascript:void(0);
2017-09-16 16:07:48,534 - [webpage_parser.py:65] - INFO - procotol:http, hostname:news.baidu.com, new_link:javascript:void(0);
2017-09-16 16:07:48,535 - [webpage_parser.py:65] - INFO - procotol:http, hostname:news.baidu.com, new_link:javascript:void(0)
2017-09-16 16:07:48,535 - [webpage_parser.py:65] - INFO - procotol:http, hostname:news.baidu.com, new_link:javascript:void(0)
2017-09-16 16:07:48,535 - [webpage_parser.py:65] - INFO - procotol:http, hostname:news.baidu.com, new_link:javascript:void(0)
2017-09-16 16:07:48,536 - [webpage_parser.py:65] - INFO - procotol:http, hostname:news.baidu.com, new_link:javascript:void(0)
2017-09-16 16:07:48,536 - [webpage_parser.py:65] - INFO - procotol:http, hostname:news.baidu.com, new_link:javascript:void(0)
2017-09-16 16:07:48,536 - [webpage_parser.py:65] - INFO - procotol:http, hostname:news.baidu.com, new_link:javascript:void(0)
2017-09-16 16:07:48,537 - [webpage_parser.py:65] - INFO - procotol:http, hostname:news.baidu.com, new_link:javascript:void(0)
2017-09-16 16:07:48,537 - [webpage_parser.py:65] - INFO - procotol:http, hostname:news.baidu.com, new_link:javascript:void(0)
2017-09-16 16:07:48,537 - [webpage_parser.py:65] - INFO - procotol:http, hostname:news.baidu.com, new_link:/n?cmd=1&class=reci
2017-09-16 16:07:48,539 - [webpage_parser.py:65] - INFO - procotol:http, hostname:news.baidu.com, new_link:javascript:void(0)
2017-09-16 16:07:48,539 - [webpage_parser.py:65] - INFO - procotol:http, hostname:news.baidu.com, new_link:javascript:void(0)
2017-09-16 16:07:48,540 - [webpage_parser.py:65] - INFO - procotol:http, hostname:news.baidu.com, new_link:javascript:void(0)
2017-09-16 16:07:48,540 - [webpage_parser.py:65] - INFO - procotol:http, hostname:news.baidu.com, new_link:/n?cmd=6&loc=0&name=%B8%DB%B0%C4%CC%A8&locname=%B8%DB%B0%C4%CC%A8
2017-09-16 16:07:48,541 - [webpage_parser.py:65] - INFO - procotol:http, hostname:news.baidu.com, new_link:javascript:;
2017-09-16 16:07:48,541 - [webpage_parser.py:65] - INFO - procotol:http, hostname:news.baidu.com, new_link:javascript:;
2017-09-16 16:07:48,541 - [webpage_parser.py:65] - INFO - procotol:http, hostname:news.baidu.com, new_link:javascript:;
2017-09-16 16:07:48,542 - [webpage_parser.py:65] - INFO - procotol:http, hostname:news.baidu.com, new_link:javascript:;
2017-09-16 16:07:48,548 - [webpage_saver.py:45] - INFO - url http://news.baidu.com is not match
2017-09-16 16:07:48,682 - [connectionpool.py:395] - DEBUG - http://jianyi.baidu.com:80 "GET / HTTP/1.1" 302 0
2017-09-16 16:07:48,689 - [connectionpool.py:207] - DEBUG - Starting new HTTP connection (1): help.baidu.com
2017-09-16 16:07:48,693 - [connectionpool.py:395] - DEBUG - http://home.baidu.com:80 "GET / HTTP/1.1" 200 None
2017-09-16 16:07:48,811 - [connectionpool.py:395] - DEBUG - http://help.baidu.com:80 "GET / HTTP/1.1" 200 None
2017-09-16 16:07:48,828 - [connectionpool.py:395] - DEBUG - http://www.hao123.com:80 "GET / HTTP/1.1" 200 None
2017-09-16 16:07:48,849 - [webpage_parser.py:65] - INFO - procotol:http, hostname:home.baidu.com, new_link:/home/index
2017-09-16 16:07:48,855 - [webpage_parser.py:65] - INFO - procotol:http, hostname:home.baidu.com, new_link:/home/index
2017-09-16 16:07:48,856 - [webpage_parser.py:65] - INFO - procotol:http, hostname:home.baidu.com, new_link:/home/index/join_us
2017-09-16 16:07:48,856 - [webpage_parser.py:65] - INFO - procotol:http, hostname:home.baidu.com, new_link:/home/index/contact_us
2017-09-16 16:07:48,857 - [webpage_parser.py:65] - INFO - procotol:http, hostname:home.baidu.com, new_link:/home/index
2017-09-16 16:07:48,858 - [webpage_parser.py:65] - INFO - procotol:http, hostname:home.baidu.com, new_link:/home/index/join_us
2017-09-16 16:07:48,858 - [webpage_parser.py:65] - INFO - procotol:http, hostname:home.baidu.com, new_link:/home/index/contact_us
2017-09-16 16:07:48,860 - [webpage_parser.py:65] - INFO - procotol:http, hostname:home.baidu.com, new_link:/home/index/show_banner_content/id/48
2017-09-16 16:07:48,860 - [webpage_parser.py:65] - INFO - procotol:http, hostname:home.baidu.com, new_link:/home/index/show_banner_content/id/15/type/mobile
2017-09-16 16:07:48,861 - [webpage_parser.py:65] - INFO - procotol:http, hostname:home.baidu.com, new_link:/home/index/show_banner_content/id/38
2017-09-16 16:07:48,861 - [webpage_parser.py:65] - INFO - procotol:http, hostname:home.baidu.com, new_link:/home/index/show_banner_content/id/47
2017-09-16 16:07:48,952 - [webpage_parser.py:65] - INFO - procotol:http, hostname:home.baidu.com, new_link:/home/index/show_mobile_banner_content/id/64
2017-09-16 16:07:48,969 - [webpage_parser.py:65] - INFO - procotol:http, hostname:jianyi.baidu.com, new_link:/index
2017-09-16 16:07:48,970 - [webpage_parser.py:65] - INFO - procotol:http, hostname:home.baidu.com, new_link:/home/index/show_mobile_banner_content/id/62
2017-09-16 16:07:48,970 - [webpage_parser.py:65] - INFO - procotol:http, hostname:jianyi.baidu.com, new_link:/index
2017-09-16 16:07:48,971 - [webpage_parser.py:65] - INFO - procotol:http, hostname:home.baidu.com, new_link:/home/index/news_list
2017-09-16 16:07:48,972 - [webpage_parser.py:65] - INFO - procotol:http, hostname:jianyi.baidu.com, new_link:/question?prod_id=1
2017-09-16 16:07:48,972 - [webpage_parser.py:65] - INFO - procotol:http, hostname:home.baidu.com, new_link:/home/index/news_detail/id/17714
2017-09-16 16:07:48,972 - [webpage_parser.py:65] - INFO - procotol:http, hostname:jianyi.baidu.com, new_link:/question?prod_id=1
2017-09-16 16:07:48,973 - [webpage_parser.py:65] - INFO - procotol:http, hostname:home.baidu.com, new_link:/home/index/news_detail/id/17713
2017-09-16 16:07:48,973 - [webpage_parser.py:65] - INFO - procotol:http, hostname:home.baidu.com, new_link:/home/index/news_detail/id/17712
2017-09-16 16:07:48,974 - [webpage_parser.py:65] - INFO - procotol:http, hostname:home.baidu.com, new_link:/home/index/news_detail/id/17711
2017-09-16 16:07:48,974 - [webpage_parser.py:65] - INFO - procotol:http, hostname:jianyi.baidu.com, new_link:/question?prod_id=3
2017-09-16 16:07:48,974 - [webpage_parser.py:65] - INFO - procotol:http, hostname:home.baidu.com, new_link:/home/index/news_detail/id/17710
2017-09-16 16:07:48,975 - [webpage_parser.py:65] - INFO - procotol:http, hostname:jianyi.baidu.com, new_link:/question?prod_id=3
2017-09-16 16:07:48,976 - [webpage_parser.py:65] - INFO - procotol:http, hostname:home.baidu.com, new_link:/home/index/news_detail/id/17709
2017-09-16 16:07:48,976 - [webpage_parser.py:65] - INFO - procotol:http, hostname:jianyi.baidu.com, new_link:/question?prod_id=4
2017-09-16 16:07:48,977 - [webpage_parser.py:65] - INFO - procotol:http, hostname:home.baidu.com, new_link:/home/index/news_list
2017-09-16 16:07:48,977 - [webpage_parser.py:65] - INFO - procotol:http, hostname:jianyi.baidu.com, new_link:/question?prod_id=4
2017-09-16 16:07:48,978 - [webpage_parser.py:65] - INFO - procotol:http, hostname:home.baidu.com, new_link:/home/index/special/id/40
2017-09-16 16:07:48,978 - [webpage_parser.py:65] - INFO - procotol:http, hostname:jianyi.baidu.com, new_link:/question?prod_id=9
2017-09-16 16:07:48,978 - [webpage_parser.py:65] - INFO - procotol:http, hostname:home.baidu.com, new_link:/home/index/special/id/29
2017-09-16 16:07:48,979 - [webpage_parser.py:65] - INFO - procotol:http, hostname:jianyi.baidu.com, new_link:/question?prod_id=9
2017-09-16 16:07:48,979 - [webpage_parser.py:65] - INFO - procotol:http, hostname:home.baidu.com, new_link:/home/index/special/id/34
2017-09-16 16:07:48,980 - [webpage_parser.py:65] - INFO - procotol:http, hostname:jianyi.baidu.com, new_link:/question?prod_id=28
2017-09-16 16:07:48,980 - [webpage_parser.py:65] - INFO - procotol:http, hostname:home.baidu.com, new_link:/home/index/join_us
2017-09-16 16:07:48,981 - [webpage_parser.py:65] - INFO - procotol:http, hostname:jianyi.baidu.com, new_link:/question?prod_id=28
2017-09-16 16:07:48,983 - [webpage_parser.py:65] - INFO - procotol:http, hostname:home.baidu.com, new_link:/home/index/company_culture
2017-09-16 16:07:48,984 - [webpage_parser.py:65] - INFO - procotol:http, hostname:jianyi.baidu.com, new_link:/question?prod_id=10
2017-09-16 16:07:48,984 - [webpage_parser.py:65] - INFO - procotol:http, hostname:home.baidu.com, new_link:/home/index/company
2017-09-16 16:07:48,985 - [webpage_parser.py:65] - INFO - procotol:http, hostname:jianyi.baidu.com, new_link:/question?prod_id=10
2017-09-16 16:07:48,985 - [webpage_parser.py:65] - INFO - procotol:http, hostname:home.baidu.com, new_link:/home/index/baidu_road
2017-09-16 16:07:48,986 - [webpage_parser.py:65] - INFO - procotol:http, hostname:jianyi.baidu.com, new_link:/question?prod_id=29
2017-09-16 16:07:48,986 - [webpage_parser.py:65] - INFO - procotol:http, hostname:home.baidu.com, new_link:/home/index/management_team
2017-09-16 16:07:48,986 - [webpage_parser.py:65] - INFO - procotol:http, hostname:jianyi.baidu.com, new_link:/question?prod_id=29
2017-09-16 16:07:48,988 - [webpage_parser.py:65] - INFO - procotol:http, hostname:jianyi.baidu.com, new_link:/question?prod_id=25
2017-09-16 16:07:48,989 - [webpage_parser.py:65] - INFO - procotol:http, hostname:jianyi.baidu.com, new_link:/question?prod_id=25
2017-09-16 16:07:48,990 - [webpage_parser.py:65] - INFO - procotol:http, hostname:jianyi.baidu.com, new_link:/question?prod_id=12
2017-09-16 16:07:48,991 - [webpage_parser.py:65] - INFO - procotol:http, hostname:jianyi.baidu.com, new_link:/question?prod_id=12
2017-09-16 16:07:48,991 - [webpage_parser.py:65] - INFO - procotol:http, hostname:jianyi.baidu.com, new_link:/question?prod_id=6
2017-09-16 16:07:48,992 - [webpage_parser.py:65] - INFO - procotol:http, hostname:jianyi.baidu.com, new_link:/question?prod_id=6
2017-09-16 16:07:48,993 - [webpage_parser.py:65] - INFO - procotol:http, hostname:jianyi.baidu.com, new_link:/question?prod_id=2
2017-09-16 16:07:48,994 - [webpage_parser.py:65] - INFO - procotol:http, hostname:jianyi.baidu.com, new_link:/question?prod_id=2
2017-09-16 16:07:48,995 - [webpage_parser.py:65] - INFO - procotol:http, hostname:jianyi.baidu.com, new_link:#1
2017-09-16 16:07:48,996 - [webpage_parser.py:65] - INFO - procotol:http, hostname:jianyi.baidu.com, new_link:#2
2017-09-16 16:07:48,996 - [webpage_parser.py:65] - INFO - procotol:http, hostname:jianyi.baidu.com, new_link:#3
2017-09-16 16:07:48,996 - [webpage_parser.py:65] - INFO - procotol:http, hostname:jianyi.baidu.com, new_link:#4
2017-09-16 16:07:48,998 - [webpage_parser.py:65] - INFO - procotol:http, hostname:jianyi.baidu.com, new_link:#5
2017-09-16 16:07:48,999 - [webpage_parser.py:65] - INFO - procotol:http, hostname:jianyi.baidu.com, new_link:#6
2017-09-16 16:07:49,152 - [webpage_parser.py:65] - INFO - procotol:http, hostname:jianyi.baidu.com, new_link:#7
2017-09-16 16:07:49,162 - [webpage_saver.py:45] - INFO - url http://home.baidu.com is not match
2017-09-16 16:07:49,176 - [webpage_parser.py:65] - INFO - procotol:http, hostname:www.hao123.com, new_link:javascript:;
2017-09-16 16:07:49,177 - [connectionpool.py:395] - DEBUG - http://ir.baidu.com:80 "GET / HTTP/1.1" 302 749
2017-09-16 16:07:49,178 - [connectionpool.py:395] - DEBUG - https://tieba.baidu.com:443 "GET /index.html HTTP/1.1" 200 None
2017-09-16 16:07:49,177 - [webpage_parser.py:65] - INFO - procotol:http, hostname:jianyi.baidu.com, new_link:/question?prod_id=1
2017-09-16 16:07:49,180 - [webpage_parser.py:65] - INFO - procotol:http, hostname:www.hao123.com, new_link:/api/ajax?skintype=0&toggle=1
2017-09-16 16:07:49,184 - [webpage_parser.py:65] - INFO - procotol:http, hostname:jianyi.baidu.com, new_link:/question?prod_id=1
2017-09-16 16:07:49,186 - [webpage_parser.py:65] - INFO - procotol:http, hostname:www.hao123.com, new_link:/api/ajax?menu=tv_kp
2017-09-16 16:07:49,187 - [webpage_parser.py:65] - INFO - procotol:http, hostname:jianyi.baidu.com, new_link:/question?prod_id=2
2017-09-16 16:07:49,188 - [webpage_parser.py:65] - INFO - procotol:http, hostname:www.hao123.com, new_link:/api/ajax?menu=movie_kp
2017-09-16 16:07:49,188 - [webpage_parser.py:65] - INFO - procotol:http, hostname:jianyi.baidu.com, new_link:/question?prod_id=2
2017-09-16 16:07:49,189 - [webpage_parser.py:65] - INFO - procotol:http, hostname:jianyi.baidu.com, new_link:/question?prod_id=7
2017-09-16 16:07:49,190 - [webpage_parser.py:65] - INFO - procotol:http, hostname:www.hao123.com, new_link:/api/ajax?menu=news_kp
2017-09-16 16:07:49,190 - [webpage_parser.py:65] - INFO - procotol:http, hostname:jianyi.baidu.com, new_link:/question?prod_id=7
2017-09-16 16:07:49,191 - [webpage_parser.py:65] - INFO - procotol:http, hostname:www.hao123.com, new_link:/api/ajax?menu=bagua_kp
2017-09-16 16:07:49,191 - [webpage_parser.py:65] - INFO - procotol:http, hostname:jianyi.baidu.com, new_link:/question?prod_id=18
2017-09-16 16:07:49,192 - [webpage_parser.py:65] - INFO - procotol:http, hostname:www.hao123.com, new_link:/api/ajax?menu=military_kp
2017-09-16 16:07:49,192 - [webpage_parser.py:65] - INFO - procotol:http, hostname:jianyi.baidu.com, new_link:/question?prod_id=18
2017-09-16 16:07:49,192 - [webpage_parser.py:65] - INFO - procotol:http, hostname:www.hao123.com, new_link:/api/ajax?menu=game_kp
2017-09-16 16:07:49,193 - [webpage_parser.py:65] - INFO - procotol:http, hostname:jianyi.baidu.com, new_link:/question?prod_id=4
2017-09-16 16:07:49,193 - [webpage_parser.py:65] - INFO - procotol:http, hostname:www.hao123.com, new_link:/api/ajax?menu=xyx_kp
2017-09-16 16:07:49,194 - [webpage_parser.py:65] - INFO - procotol:http, hostname:jianyi.baidu.com, new_link:/question?prod_id=4
2017-09-16 16:07:49,194 - [webpage_parser.py:65] - INFO - procotol:http, hostname:www.hao123.com, new_link:/api/ajax?menu=tejia_kp
2017-09-16 16:07:49,194 - [webpage_parser.py:65] - INFO - procotol:http, hostname:jianyi.baidu.com, new_link:/question?prod_id=5
2017-09-16 16:07:49,195 - [webpage_parser.py:65] - INFO - procotol:http, hostname:www.hao123.com, new_link:/api/ajax?menu=travel_kp
2017-09-16 16:07:49,195 - [webpage_parser.py:65] - INFO - procotol:http, hostname:jianyi.baidu.com, new_link:/question?prod_id=5
2017-09-16 16:07:49,195 - [webpage_parser.py:65] - INFO - procotol:http, hostname:www.hao123.com, new_link:/api/ajax?menu=auto_kp
2017-09-16 16:07:49,196 - [webpage_parser.py:65] - INFO - procotol:http, hostname:jianyi.baidu.com, new_link:/question?prod_id=6
2017-09-16 16:07:49,197 - [webpage_parser.py:65] - INFO - procotol:http, hostname:www.hao123.com, new_link:/api/gettop/?t0=1
2017-09-16 16:07:49,197 - [webpage_parser.py:65] - INFO - procotol:http, hostname:jianyi.baidu.com, new_link:/question?prod_id=6
2017-09-16 16:07:49,198 - [webpage_parser.py:65] - INFO - procotol:http, hostname:www.hao123.com, new_link:/api/gettop/?t0=2
2017-09-16 16:07:49,198 - [webpage_parser.py:65] - INFO - procotol:http, hostname:jianyi.baidu.com, new_link:/question?prod_id=159
2017-09-16 16:07:49,198 - [webpage_parser.py:65] - INFO - procotol:http, hostname:www.hao123.com, new_link:/api/gettop/?t0=3
2017-09-16 16:07:49,199 - [webpage_parser.py:65] - INFO - procotol:http, hostname:jianyi.baidu.com, new_link:/question?prod_id=159
2017-09-16 16:07:49,199 - [webpage_parser.py:65] - INFO - procotol:http, hostname:www.hao123.com, new_link:/api/gettop/?t0=4
2017-09-16 16:07:49,200 - [webpage_parser.py:65] - INFO - procotol:http, hostname:jianyi.baidu.com, new_link:/question?prod_id=58
2017-09-16 16:07:49,201 - [webpage_parser.py:65] - INFO - procotol:http, hostname:www.hao123.com, new_link:javascript:void(0);
2017-09-16 16:07:49,202 - [webpage_parser.py:65] - INFO - procotol:http, hostname:jianyi.baidu.com, new_link:/question?prod_id=58
2017-09-16 16:07:49,202 - [webpage_parser.py:65] - INFO - procotol:http, hostname:www.hao123.com, new_link:javascript:void(0);
2017-09-16 16:07:49,203 - [webpage_parser.py:65] - INFO - procotol:http, hostname:jianyi.baidu.com, new_link:/question?prod_id=171
2017-09-16 16:07:49,203 - [webpage_parser.py:65] - INFO - procotol:http, hostname:www.hao123.com, new_link:javascript:void(0);
2017-09-16 16:07:49,203 - [webpage_parser.py:65] - INFO - procotol:http, hostname:jianyi.baidu.com, new_link:/question?prod_id=171
2017-09-16 16:07:49,210 - [webpage_parser.py:65] - INFO - procotol:http, hostname:jianyi.baidu.com, new_link:/question?prod_id=69
2017-09-16 16:07:49,211 - [webpage_parser.py:65] - INFO - procotol:http, hostname:jianyi.baidu.com, new_link:/question?prod_id=69
2017-09-16 16:07:49,212 - [webpage_parser.py:65] - INFO - procotol:http, hostname:jianyi.baidu.com, new_link:/question?prod_id=8
2017-09-16 16:07:49,213 - [webpage_parser.py:65] - INFO - procotol:http, hostname:jianyi.baidu.com, new_link:/question?prod_id=8
2017-09-16 16:07:49,214 - [webpage_parser.py:65] - INFO - procotol:http, hostname:jianyi.baidu.com, new_link:/question?prod_id=92
2017-09-16 16:07:49,214 - [webpage_parser.py:65] - INFO - procotol:http, hostname:jianyi.baidu.com, new_link:/question?prod_id=92
2017-09-16 16:07:49,215 - [webpage_parser.py:65] - INFO - procotol:http, hostname:jianyi.baidu.com, new_link:/question?prod_id=24
2017-09-16 16:07:49,216 - [webpage_parser.py:65] - INFO - procotol:http, hostname:jianyi.baidu.com, new_link:/question?prod_id=24
2017-09-16 16:07:49,216 - [webpage_parser.py:65] - INFO - procotol:http, hostname:jianyi.baidu.com, new_link:/question?prod_id=113
2017-09-16 16:07:49,217 - [webpage_parser.py:65] - INFO - procotol:http, hostname:jianyi.baidu.com, new_link:/question?prod_id=113
2017-09-16 16:07:49,224 - [webpage_parser.py:65] - INFO - procotol:http, hostname:jianyi.baidu.com, new_link:/question?prod_id=16
2017-09-16 16:07:49,228 - [webpage_parser.py:65] - INFO - procotol:http, hostname:jianyi.baidu.com, new_link:/question?prod_id=16
2017-09-16 16:07:49,229 - [webpage_parser.py:65] - INFO - procotol:http, hostname:jianyi.baidu.com, new_link:/question?prod_id=12
2017-09-16 16:07:49,229 - [webpage_saver.py:45] - INFO - url http://www.hao123.com is not match
2017-09-16 16:07:49,230 - [webpage_parser.py:65] - INFO - procotol:http, hostname:jianyi.baidu.com, new_link:/question?prod_id=12
2017-09-16 16:07:49,231 - [webpage_parser.py:65] - INFO - procotol:http, hostname:jianyi.baidu.com, new_link:/question?prod_id=10
2017-09-16 16:07:49,231 - [webpage_parser.py:65] - INFO - procotol:http, hostname:jianyi.baidu.com, new_link:/question?prod_id=10
2017-09-16 16:07:49,232 - [webpage_parser.py:65] - INFO - procotol:http, hostname:jianyi.baidu.com, new_link:/question?prod_id=3
2017-09-16 16:07:49,232 - [webpage_parser.py:65] - INFO - procotol:http, hostname:jianyi.baidu.com, new_link:/question?prod_id=3
2017-09-16 16:07:49,233 - [webpage_parser.py:65] - INFO - procotol:http, hostname:jianyi.baidu.com, new_link:/question?prod_id=9
2017-09-16 16:07:49,234 - [webpage_parser.py:65] - INFO - procotol:http, hostname:jianyi.baidu.com, new_link:/question?prod_id=9
2017-09-16 16:07:49,235 - [webpage_parser.py:65] - INFO - procotol:http, hostname:jianyi.baidu.com, new_link:/question?prod_id=17
2017-09-16 16:07:49,235 - [webpage_parser.py:65] - INFO - procotol:http, hostname:jianyi.baidu.com, new_link:/question?prod_id=17
2017-09-16 16:07:49,236 - [webpage_parser.py:65] - INFO - procotol:http, hostname:jianyi.baidu.com, new_link:/question?prod_id=31
2017-09-16 16:07:49,237 - [webpage_parser.py:65] - INFO - procotol:http, hostname:jianyi.baidu.com, new_link:/question?prod_id=31
2017-09-16 16:07:49,238 - [webpage_parser.py:65] - INFO - procotol:http, hostname:jianyi.baidu.com, new_link:/question?prod_id=13
2017-09-16 16:07:49,238 - [webpage_parser.py:65] - INFO - procotol:http, hostname:jianyi.baidu.com, new_link:/question?prod_id=13
2017-09-16 16:07:49,239 - [webpage_parser.py:65] - INFO - procotol:http, hostname:jianyi.baidu.com, new_link:/question?prod_id=117
2017-09-16 16:07:49,239 - [webpage_parser.py:65] - INFO - procotol:http, hostname:jianyi.baidu.com, new_link:/question?prod_id=117
2017-09-16 16:07:49,239 - [webpage_parser.py:65] - INFO - procotol:http, hostname:jianyi.baidu.com, new_link:/question?prod_id=27
2017-09-16 16:07:49,240 - [webpage_parser.py:65] - INFO - procotol:http, hostname:jianyi.baidu.com, new_link:/question?prod_id=27
2017-09-16 16:07:49,240 - [webpage_parser.py:65] - INFO - procotol:http, hostname:jianyi.baidu.com, new_link:/question?prod_id=147
2017-09-16 16:07:49,241 - [webpage_parser.py:65] - INFO - procotol:http, hostname:jianyi.baidu.com, new_link:/question?prod_id=147
2017-09-16 16:07:49,242 - [webpage_parser.py:65] - INFO - procotol:http, hostname:jianyi.baidu.com, new_link:/question?prod_id=25
2017-09-16 16:07:49,242 - [webpage_parser.py:65] - INFO - procotol:http, hostname:jianyi.baidu.com, new_link:/question?prod_id=25
2017-09-16 16:07:49,243 - [webpage_parser.py:65] - INFO - procotol:http, hostname:jianyi.baidu.com, new_link:/question?prod_id=29
2017-09-16 16:07:49,252 - [webpage_parser.py:65] - INFO - procotol:http, hostname:jianyi.baidu.com, new_link:/question?prod_id=29
2017-09-16 16:07:49,278 - [webpage_parser.py:65] - INFO - procotol:http, hostname:jianyi.baidu.com, new_link:/question?prod_id=176
2017-09-16 16:07:49,285 - [connectionpool.py:395] - DEBUG - http://ir.baidu.com:80 "GET /phoenix.zhtml?c=188488&p=irol-irhome HTTP/1.1" 200 4210
2017-09-16 16:07:49,285 - [webpage_parser.py:65] - INFO - procotol:http, hostname:jianyi.baidu.com, new_link:/question?prod_id=176
2017-09-16 16:07:49,396 - [webpage_parser.py:65] - INFO - procotol:http, hostname:jianyi.baidu.com, new_link:/question?prod_id=131
2017-09-16 16:07:49,485 - [webpage_parser.py:65] - INFO - procotol:http, hostname:tieba.baidu.com, new_link:/
2017-09-16 16:07:49,520 - [webpage_parser.py:65] - INFO - procotol:http, hostname:ir.baidu.com, new_link:phoenix.zhtml?c=188488&p=irol-irhome
2017-09-16 16:07:49,520 - [webpage_parser.py:65] - INFO - procotol:http, hostname:tieba.baidu.com, new_link:/f/index/forumpark?pcn=娱乐明星&pci=0&ct=1&rn=20&pn=1
2017-09-16 16:07:49,486 - [webpage_parser.py:65] - INFO - procotol:http, hostname:jianyi.baidu.com, new_link:/question?prod_id=131
2017-09-16 16:07:49,521 - [webpage_parser.py:65] - INFO - procotol:http, hostname:ir.baidu.com, new_link:phoenix.zhtml?c=188488&p=irol-homeprofile
2017-09-16 16:07:49,522 - [webpage_parser.py:65] - INFO - procotol:http, hostname:tieba.baidu.com, new_link:/f/index/forumpark?cn=港台东南亚明星&ci=0&pcn=娱乐明星&pci=0&ct=1&rn=20&pn=1
2017-09-16 16:07:49,523 - [webpage_parser.py:65] - INFO - procotol:http, hostname:jianyi.baidu.com, new_link:/question?prod_id=95
2017-09-16 16:07:49,523 - [webpage_parser.py:65] - INFO - procotol:http, hostname:ir.baidu.com, new_link:phoenix.zhtml?c=188488&p=irol-milestones
2017-09-16 16:07:49,524 - [webpage_parser.py:65] - INFO - procotol:http, hostname:tieba.baidu.com, new_link:/f/index/forumpark?cn=内地明星&ci=0&pcn=娱乐明星&pci=0&ct=1&rn=20&pn=1
2017-09-16 16:07:49,524 - [webpage_parser.py:65] - INFO - procotol:http, hostname:jianyi.baidu.com, new_link:/question?prod_id=95
2017-09-16 16:07:49,525 - [webpage_parser.py:65] - INFO - procotol:http, hostname:ir.baidu.com, new_link:phoenix.zhtml?c=188488&p=irol-govmanage
2017-09-16 16:07:49,525 - [webpage_parser.py:65] - INFO - procotol:http, hostname:tieba.baidu.com, new_link:/f/index/forumpark?cn=韩国明星&ci=0&pcn=娱乐明星&pci=0&ct=1&rn=20&pn=1
2017-09-16 16:07:49,526 - [webpage_parser.py:65] - INFO - procotol:http, hostname:jianyi.baidu.com, new_link:/question?prod_id=60
2017-09-16 16:07:49,526 - [webpage_parser.py:65] - INFO - procotol:http, hostname:ir.baidu.com, new_link:phoenix.zhtml?c=188488&p=irol-govboard
2017-09-16 16:07:49,527 - [webpage_parser.py:65] - INFO - procotol:http, hostname:tieba.baidu.com, new_link:/f/index/forumpark?cn=日本明星&ci=0&pcn=娱乐明星&pci=0&ct=1&rn=20&pn=1
2017-09-16 16:07:49,527 - [webpage_parser.py:65] - INFO - procotol:http, hostname:jianyi.baidu.com, new_link:/question?prod_id=60
2017-09-16 16:07:49,528 - [webpage_parser.py:65] - INFO - procotol:http, hostname:ir.baidu.com, new_link:phoenix.zhtml?c=188488&p=irol-news
2017-09-16 16:07:49,528 - [webpage_parser.py:65] - INFO - procotol:http, hostname:tieba.baidu.com, new_link:/f/index/forumpark?cn=时尚人物&ci=0&pcn=娱乐明星&pci=0&ct=1&rn=20&pn=1
2017-09-16 16:07:49,529 - [webpage_parser.py:65] - INFO - procotol:http, hostname:jianyi.baidu.com, new_link:/question?prod_id=64
2017-09-16 16:07:49,532 - [webpage_parser.py:65] - INFO - procotol:http, hostname:jianyi.baidu.com, new_link:/question?prod_id=64
2017-09-16 16:07:49,529 - [webpage_parser.py:65] - INFO - procotol:http, hostname:ir.baidu.com, new_link:phoenix.zhtml?c=188488&p=irol-reportsannual
2017-09-16 16:07:49,530 - [webpage_parser.py:65] - INFO - procotol:http, hostname:tieba.baidu.com, new_link:/f/index/forumpark?cn=欧美明星&ci=0&pcn=娱乐明星&pci=0&ct=1&rn=20&pn=1
2017-09-16 16:07:49,536 - [webpage_parser.py:65] - INFO - procotol:http, hostname:jianyi.baidu.com, new_link:/question?prod_id=62
2017-09-16 16:07:49,537 - [webpage_parser.py:65] - INFO - procotol:http, hostname:ir.baidu.com, new_link:phoenix.zhtml?c=188488&p=irol-presentations
2017-09-16 16:07:49,538 - [webpage_parser.py:65] - INFO - procotol:http, hostname:tieba.baidu.com, new_link:/f/index/forumpark?cn=主持人&ci=0&pcn=娱乐明星&pci=0&ct=1&rn=20&pn=1
2017-09-16 16:07:49,538 - [webpage_parser.py:65] - INFO - procotol:http, hostname:jianyi.baidu.com, new_link:/question?prod_id=62
2017-09-16 16:07:49,539 - [webpage_parser.py:65] - INFO - procotol:http, hostname:ir.baidu.com, new_link:phoenix.zhtml?c=188488&p=irol-stockquote
2017-09-16 16:07:49,539 - [webpage_parser.py:65] - INFO - procotol:http, hostname:tieba.baidu.com, new_link:/f/index/forumpark?cn=其他娱乐明星&ci=0&pcn=娱乐明星&pci=0&ct=1&rn=20&pn=1
2017-09-16 16:07:49,540 - [webpage_parser.py:65] - INFO - procotol:http, hostname:jianyi.baidu.com, new_link:/question?prod_id=98
2017-09-16 16:07:49,541 - [webpage_parser.py:65] - INFO - procotol:http, hostname:ir.baidu.com, new_link:phoenix.zhtml?c=188488&p=irol-sec
2017-09-16 16:07:49,541 - [webpage_parser.py:65] - INFO - procotol:http, hostname:tieba.baidu.com, new_link:/f/index/forumpark?pcn=电视节目&pci=0&ct=1&rn=20&pn=1
2017-09-16 16:07:49,542 - [webpage_parser.py:65] - INFO - procotol:http, hostname:jianyi.baidu.com, new_link:/question?prod_id=98
2017-09-16 16:07:49,543 - [webpage_parser.py:65] - INFO - procotol:http, hostname:ir.baidu.com, new_link:phoenix.zhtml?c=188488&p=irol-analysts
2017-09-16 16:07:49,543 - [webpage_parser.py:65] - INFO - procotol:http, hostname:tieba.baidu.com, new_link:/f/index/forumpark?cn=内地综艺&ci=0&pcn=电视节目&pci=0&ct=1&rn=20&pn=1
2017-09-16 16:07:49,544 - [webpage_parser.py:65] - INFO - procotol:http, hostname:jianyi.baidu.com, new_link:/question?prod_id=99
2017-09-16 16:07:49,546 - [webpage_parser.py:65] - INFO - procotol:http, hostname:ir.baidu.com, new_link:phoenix.zhtml?c=188488&p=irol-calendar
2017-09-16 16:07:49,546 - [webpage_parser.py:65] - INFO - procotol:http, hostname:tieba.baidu.com, new_link:/f/index/forumpark?cn=台湾综艺&ci=0&pcn=电视节目&pci=0&ct=1&rn=20&pn=1
2017-09-16 16:07:49,547 - [webpage_parser.py:65] - INFO - procotol:http, hostname:jianyi.baidu.com, new_link:/question?prod_id=99
2017-09-16 16:07:49,547 - [webpage_parser.py:65] - INFO - procotol:http, hostname:ir.baidu.com, new_link:phoenix.zhtml?c=188488&p=irol-faq
2017-09-16 16:07:49,548 - [webpage_parser.py:65] - INFO - procotol:http, hostname:tieba.baidu.com, new_link:/f/index/forumpark?cn=韩国综艺&ci=0&pcn=电视节目&pci=0&ct=1&rn=20&pn=1
2017-09-16 16:07:49,549 - [webpage_parser.py:65] - INFO - procotol:http, hostname:jianyi.baidu.com, new_link:/question?prod_id=100
2017-09-16 16:07:49,549 - [webpage_parser.py:65] - INFO - procotol:http, hostname:ir.baidu.com, new_link:phoenix.zhtml?c=188488&p=irol-govhighlights
2017-09-16 16:07:49,550 - [webpage_parser.py:65] - INFO - procotol:http, hostname:tieba.baidu.com, new_link:/f/index/forumpark?cn=时尚·生活服务&ci=0&pcn=电视节目&pci=0&ct=1&rn=20&pn=1
2017-09-16 16:07:49,551 - [webpage_parser.py:65] - INFO - procotol:http, hostname:tieba.baidu.com, new_link:/f/index/forumpark?cn=体育运动·健身&ci=0&pcn=电视节目&pci=0&ct=1&rn=20&pn=1
2017-09-16 16:07:49,551 - [webpage_parser.py:65] - INFO - procotol:http, hostname:ir.baidu.com, new_link:phoenix.zhtml?c=188488&p=irol-searchservices
2017-09-16 16:07:49,550 - [webpage_parser.py:65] - INFO - procotol:http, hostname:jianyi.baidu.com, new_link:/question?prod_id=100
2017-09-16 16:07:49,553 - [webpage_parser.py:65] - INFO - procotol:http, hostname:tieba.baidu.com, new_link:/f/index/forumpark?cn=财经·职场&ci=0&pcn=电视节目&pci=0&ct=1&rn=20&pn=1
2017-09-16 16:07:49,558 - [webpage_parser.py:65] - INFO - procotol:http, hostname:ir.baidu.com, new_link:phoenix.zhtml?c=188488&p=irol-transactointservices
2017-09-16 16:07:49,560 - [webpage_parser.py:65] - INFO - procotol:http, hostname:jianyi.baidu.com, new_link:/question?prod_id=66
2017-09-16 16:07:49,561 - [webpage_parser.py:65] - INFO - procotol:http, hostname:tieba.baidu.com, new_link:/f/index/forumpark?cn=新闻资讯&ci=0&pcn=电视节目&pci=0&ct=1&rn=20&pn=1
2017-09-16 16:07:49,562 - [webpage_parser.py:65] - INFO - procotol:http, hostname:ir.baidu.com, new_link:phoenix.zhtml?c=188488&p=irol-iqiyi
2017-09-16 16:07:49,564 - [webpage_parser.py:65] - INFO - procotol:http, hostname:jianyi.baidu.com, new_link:/question?prod_id=66
2017-09-16 16:07:49,567 - [webpage_parser.py:65] - INFO - procotol:http, hostname:jianyi.baidu.com, new_link:/question?prod_id=102
2017-09-16 16:07:49,569 - [webpage_parser.py:65] - INFO - procotol:http, hostname:jianyi.baidu.com, new_link:/question?prod_id=102
2017-09-16 16:07:49,570 - [webpage_parser.py:65] - INFO - procotol:http, hostname:jianyi.baidu.com, new_link:/question?prod_id=120
2017-09-16 16:07:49,571 - [webpage_parser.py:65] - INFO - procotol:http, hostname:jianyi.baidu.com, new_link:/question?prod_id=120
2017-09-16 16:07:49,572 - [webpage_parser.py:65] - INFO - procotol:http, hostname:jianyi.baidu.com, new_link:/question?prod_id=59
2017-09-16 16:07:49,578 - [webpage_parser.py:65] - INFO - procotol:http, hostname:tieba.baidu.com, new_link:/f/index/forumpark?cn=电视台及频道&ci=0&pcn=电视节目&pci=0&ct=1&rn=20&pn=1
2017-09-16 16:07:49,579 - [webpage_parser.py:65] - INFO - procotol:http, hostname:ir.baidu.com, new_link:phoenix.zhtml?c=188488&p=irol-contacts
2017-09-16 16:07:49,581 - [webpage_parser.py:65] - INFO - procotol:http, hostname:jianyi.baidu.com, new_link:/question?prod_id=59
2017-09-16 16:07:49,582 - [webpage_parser.py:65] - INFO - procotol:http, hostname:tieba.baidu.com, new_link:/f/index/forumpark?pcn=电视剧&pci=0&ct=1&rn=20&pn=1
2017-09-16 16:07:49,584 - [webpage_parser.py:65] - INFO - procotol:http, hostname:ir.baidu.com, new_link:phoenix.zhtml?c=188488&p=irol-ipp
2017-09-16 16:07:49,585 - [webpage_parser.py:65] - INFO - procotol:http, hostname:jianyi.baidu.com, new_link:/question?prod_id=40
2017-09-16 16:07:49,586 - [webpage_parser.py:65] - INFO - procotol:http, hostname:tieba.baidu.com, new_link:/f/index/forumpark?cn=韩国电视剧&ci=0&pcn=电视剧&pci=0&ct=1&rn=20&pn=1
2017-09-16 16:07:49,588 - [webpage_parser.py:65] - INFO - procotol:http, hostname:ir.baidu.com, new_link:phoenix.zhtml?c=188488&p=irol-searchengine
2017-09-16 16:07:49,589 - [webpage_parser.py:65] - INFO - procotol:http, hostname:jianyi.baidu.com, new_link:/question?prod_id=40
2017-09-16 16:07:49,595 - [webpage_parser.py:65] - INFO - procotol:http, hostname:jianyi.baidu.com, new_link:/question?prod_id=103
2017-09-16 16:07:49,597 - [webpage_parser.py:65] - INFO - procotol:http, hostname:jianyi.baidu.com, new_link:/question?prod_id=103
2017-09-16 16:07:49,600 - [webpage_parser.py:65] - INFO - procotol:http, hostname:jianyi.baidu.com, new_link:/question?prod_id=41
2017-09-16 16:07:49,593 - [webpage_parser.py:65] - INFO - procotol:http, hostname:tieba.baidu.com, new_link:/f/index/forumpark?cn=香港电视剧&ci=0&pcn=电视剧&pci=0&ct=1&rn=20&pn=1
2017-09-16 16:07:49,601 - [webpage_parser.py:65] - INFO - procotol:http, hostname:jianyi.baidu.com, new_link:/question?prod_id=41
2017-09-16 16:07:49,602 - [webpage_parser.py:65] - INFO - procotol:http, hostname:ir.baidu.com, new_link:phoenix.zhtml?c=188488&p=irol-alerts
2017-09-16 16:07:49,604 - [webpage_parser.py:65] - INFO - procotol:http, hostname:jianyi.baidu.com, new_link:/question?prod_id=150
2017-09-16 16:07:49,605 - [webpage_parser.py:65] - INFO - procotol:http, hostname:tieba.baidu.com, new_link:/f/index/forumpark?cn=美剧&ci=0&pcn=电视剧&pci=0&ct=1&rn=20&pn=1
2017-09-16 16:07:49,607 - [webpage_parser.py:65] - INFO - procotol:http, hostname:ir.baidu.com, new_link:phoenix.zhtml?c=188488&p=irol-homeprofile
2017-09-16 16:07:49,609 - [webpage_parser.py:65] - INFO - procotol:http, hostname:jianyi.baidu.com, new_link:/question?prod_id=150
2017-09-16 16:07:49,610 - [webpage_parser.py:65] - INFO - procotol:http, hostname:tieba.baidu.com, new_link:/f/index/forumpark?cn=日本电视剧&ci=0&pcn=电视剧&pci=0&ct=1&rn=20&pn=1
2017-09-16 16:07:49,611 - [webpage_parser.py:65] - INFO - procotol:http, hostname:ir.baidu.com, new_link:phoenix.zhtml?c=188488&p=irol-news
2017-09-16 16:07:49,615 - [webpage_parser.py:65] - INFO - procotol:http, hostname:jianyi.baidu.com, new_link:/question?prod_id=167
2017-09-16 16:07:49,616 - [webpage_parser.py:65] - INFO - procotol:http, hostname:jianyi.baidu.com, new_link:/question?prod_id=167
2017-09-16 16:07:49,617 - [webpage_parser.py:65] - INFO - procotol:http, hostname:jianyi.baidu.com, new_link:/question?prod_id=200
2017-09-16 16:07:49,618 - [webpage_parser.py:65] - INFO - procotol:http, hostname:jianyi.baidu.com, new_link:/question?prod_id=200
2017-09-16 16:07:49,619 - [webpage_parser.py:65] - INFO - procotol:http, hostname:tieba.baidu.com, new_link:/f/index/forumpark?cn=内地电视剧&ci=0&pcn=电视剧&pci=0&ct=1&rn=20&pn=1
2017-09-16 16:07:49,620 - [webpage_parser.py:65] - INFO - procotol:http, hostname:ir.baidu.com, new_link:phoenix.zhtml?c=188488&p=irol-newsArticle&ID=2295394
2017-09-16 16:07:49,622 - [webpage_parser.py:65] - INFO - procotol:http, hostname:jianyi.baidu.com, new_link:/question?prod_id=28
2017-09-16 16:07:49,624 - [webpage_parser.py:65] - INFO - procotol:http, hostname:tieba.baidu.com, new_link:/f/index/forumpark?cn=台湾电视剧&ci=0&pcn=电视剧&pci=0&ct=1&rn=20&pn=1
2017-09-16 16:07:49,626 - [webpage_parser.py:65] - INFO - procotol:http, hostname:ir.baidu.com, new_link:phoenix.zhtml?c=188488&p=irol-newsArticle&ID=2294188
2017-09-16 16:07:49,627 - [webpage_parser.py:65] - INFO - procotol:http, hostname:jianyi.baidu.com, new_link:/question?prod_id=28
2017-09-16 16:07:49,628 - [webpage_parser.py:65] - INFO - procotol:http, hostname:tieba.baidu.com, new_link:/f/index/forumpark?cn=东南亚电视剧&ci=0&pcn=电视剧&pci=0&ct=1&rn=20&pn=1
2017-09-16 16:07:49,628 - [webpage_parser.py:65] - INFO - procotol:http, hostname:ir.baidu.com, new_link:phoenix.zhtml?c=188488&p=irol-newsArticle&ID=2289721
2017-09-16 16:07:49,629 - [webpage_parser.py:65] - INFO - procotol:http, hostname:jianyi.baidu.com, new_link:/question?prod_id=26
2017-09-16 16:07:49,630 - [webpage_parser.py:65] - INFO - procotol:http, hostname:tieba.baidu.com, new_link:/f/index/forumpark?cn=其他地区电视剧&ci=0&pcn=电视剧&pci=0&ct=1&rn=20&pn=1
2017-09-16 16:07:49,630 - [webpage_parser.py:65] - INFO - procotol:http, hostname:ir.baidu.com, new_link:phoenix.zhtml?c=188488&p=irol-reportsannual
2017-09-16 16:07:49,631 - [webpage_parser.py:65] - INFO - procotol:http, hostname:jianyi.baidu.com, new_link:/question?prod_id=26
2017-09-16 16:07:49,633 - [webpage_parser.py:65] - INFO - procotol:http, hostname:tieba.baidu.com, new_link:/f/index/forumpark?pcn=电影&pci=0&ct=1&rn=20&pn=1
2017-09-16 16:07:49,636 - [webpage_parser.py:65] - INFO - procotol:http, hostname:ir.baidu.com, new_link:phoenix.zhtml?c=188488&p=irol-calendar
2017-09-16 16:07:49,640 - [webpage_parser.py:65] - INFO - procotol:http, hostname:jianyi.baidu.com, new_link:/question?prod_id=15
2017-09-16 16:07:49,643 - [webpage_parser.py:65] - INFO - procotol:http, hostname:tieba.baidu.com, new_link:/f/index/forumpark?cn=香港电影&ci=0&pcn=电影&pci=0&ct=1&rn=20&pn=1
2017-09-16 16:07:49,643 - [webpage_parser.py:65] - INFO - procotol:http, hostname:ir.baidu.com, new_link:phoenix.zhtml?c=188488&p=irol-sec
2017-09-16 16:07:49,644 - [webpage_parser.py:65] - INFO - procotol:http, hostname:jianyi.baidu.com, new_link:/question?prod_id=15
2017-09-16 16:07:49,646 - [webpage_parser.py:65] - INFO - procotol:http, hostname:tieba.baidu.com, new_link:/f/index/forumpark?cn=欧美电影&ci=0&pcn=电影&pci=0&ct=1&rn=20&pn=1
2017-09-16 16:07:49,648 - [webpage_parser.py:65] - INFO - procotol:http, hostname:ir.baidu.com, new_link:phoenix.zhtml?c=188488&p=irol-stockquote
2017-09-16 16:07:49,649 - [webpage_parser.py:65] - INFO - procotol:http, hostname:jianyi.baidu.com, new_link:/question?prod_id=23
2017-09-16 16:07:49,649 - [webpage_parser.py:65] - INFO - procotol:http, hostname:tieba.baidu.com, new_link:/f/index/forumpark?cn=内地电影&ci=0&pcn=电影&pci=0&ct=1&rn=20&pn=1
2017-09-16 16:07:49,651 - [webpage_parser.py:65] - INFO - procotol:http, hostname:ir.baidu.com, new_link:phoenix.zhtml?c=188488&p=irol-faq
2017-09-16 16:07:49,652 - [webpage_parser.py:65] - INFO - procotol:http, hostname:jianyi.baidu.com, new_link:/question?prod_id=23
2017-09-16 16:07:49,652 - [webpage_parser.py:65] - INFO - procotol:http, hostname:tieba.baidu.com, new_link:/f/index/forumpark?cn=韩国电影&ci=0&pcn=电影&pci=0&ct=1&rn=20&pn=1
2017-09-16 16:07:49,653 - [webpage_parser.py:65] - INFO - procotol:http, hostname:ir.baidu.com, new_link:phoenix.zhtml?c=188488&p=irol-alerts
2017-09-16 16:07:49,654 - [webpage_parser.py:65] - INFO - procotol:http, hostname:jianyi.baidu.com, new_link:/question?prod_id=61
2017-09-16 16:07:49,656 - [webpage_parser.py:65] - INFO - procotol:http, hostname:tieba.baidu.com, new_link:/f/index/forumpark?cn=日本电影&ci=0&pcn=电影&pci=0&ct=1&rn=20&pn=1
2017-09-16 16:07:49,657 - [webpage_parser.py:65] - INFO - procotol:http, hostname:ir.baidu.com, new_link:phoenix.zhtml?c=188488&p=irol-govhighlights
2017-09-16 16:07:49,658 - [webpage_parser.py:65] - INFO - procotol:http, hostname:jianyi.baidu.com, new_link:/question?prod_id=61
2017-09-16 16:07:49,658 - [webpage_parser.py:65] - INFO - procotol:http, hostname:tieba.baidu.com, new_link:/f/index/forumpark?cn=台湾电影&ci=0&pcn=电影&pci=0&ct=1&rn=20&pn=1
2017-09-16 16:07:49,659 - [webpage_parser.py:65] - INFO - procotol:http, hostname:ir.baidu.com, new_link:phoenix.zhtml?c=188488&p=irol-analysts
2017-09-16 16:07:49,660 - [webpage_parser.py:65] - INFO - procotol:http, hostname:jianyi.baidu.com, new_link:/question?prod_id=170
2017-09-16 16:07:49,663 - [webpage_parser.py:65] - INFO - procotol:http, hostname:tieba.baidu.com, new_link:/f/index/forumpark?cn=电影话题&ci=0&pcn=电影&pci=0&ct=1&rn=20&pn=1
2017-09-16 16:07:49,665 - [webpage_parser.py:65] - INFO - procotol:http, hostname:ir.baidu.com, new_link:phoenix.zhtml?c=188488&p=irol-contacts
2017-09-16 16:07:49,666 - [webpage_parser.py:65] - INFO - procotol:http, hostname:jianyi.baidu.com, new_link:/question?prod_id=170
2017-09-16 16:07:49,667 - [webpage_parser.py:65] - INFO - procotol:http, hostname:tieba.baidu.com, new_link:/f/index/forumpark?cn=东南亚电影&ci=0&pcn=电影&pci=0&ct=1&rn=20&pn=1
2017-09-16 16:07:49,668 - [webpage_parser.py:65] - INFO - procotol:http, hostname:ir.baidu.com, new_link:phoenix.zhtml?c=188488&p=disclaimer
2017-09-16 16:07:49,669 - [webpage_parser.py:65] - INFO - procotol:http, hostname:jianyi.baidu.com, new_link:/zhifu
2017-09-16 16:07:49,671 - [webpage_parser.py:65] - INFO - procotol:http, hostname:tieba.baidu.com, new_link:/f/index/forumpark?pcn=体育迷&pci=275&ct=0&rn=20&pn=1
2017-09-16 16:07:49,673 - [webpage_parser.py:65] - INFO - procotol:http, hostname:ir.baidu.com, new_link:phoenix.zhtml?c=188488&p=privacy
2017-09-16 16:07:49,691 - [webpage_saver.py:45] - INFO - url http://jianyi.baidu.com/ is not match
2017-09-16 16:07:49,694 - [webpage_parser.py:65] - INFO - procotol:http, hostname:tieba.baidu.com, new_link:/f/index/forumpark?cn=足球&ci=276&pcn=体育迷&pci=275&ct=0&rn=20&pn=1
2017-09-16 16:07:49,702 - [webpage_saver.py:45] - INFO - url http://ir.baidu.com is not match
2017-09-16 16:07:49,704 - [webpage_parser.py:65] - INFO - procotol:http, hostname:tieba.baidu.com, new_link:/f/index/forumpark?cn=篮球&ci=277&pcn=体育迷&pci=275&ct=0&rn=20&pn=1
2017-09-16 16:07:49,706 - [webpage_parser.py:65] - INFO - procotol:http, hostname:tieba.baidu.com, new_link:/f/index/forumpark?cn=NBA&ci=278&pcn=体育迷&pci=275&ct=0&rn=20&pn=1
2017-09-16 16:07:49,708 - [webpage_parser.py:65] - INFO - procotol:http, hostname:tieba.baidu.com, new_link:/f/index/forumpark?cn=CBA&ci=279&pcn=体育迷&pci=275&ct=0&rn=20&pn=1
2017-09-16 16:07:49,715 - [webpage_parser.py:65] - INFO - procotol:http, hostname:tieba.baidu.com, new_link:/f/index/forumpark?cn=乒乓球&ci=280&pcn=体育迷&pci=275&ct=0&rn=20&pn=1
2017-09-16 16:07:49,716 - [webpage_parser.py:65] - INFO - procotol:http, hostname:tieba.baidu.com, new_link:/f/index/forumpark?cn=网球&ci=281&pcn=体育迷&pci=275&ct=0&rn=20&pn=1
2017-09-16 16:07:49,717 - [webpage_parser.py:65] - INFO - procotol:http, hostname:tieba.baidu.com, new_link:/f/index/forumpark?cn=舞蹈&ci=283&pcn=体育迷&pci=275&ct=0&rn=20&pn=1
2017-09-16 16:07:49,717 - [webpage_parser.py:65] - INFO - procotol:http, hostname:tieba.baidu.com, new_link:/f/index/forumpark?cn=健身&ci=284&pcn=体育迷&pci=275&ct=0&rn=20&pn=1
2017-09-16 16:07:49,718 - [webpage_parser.py:65] - INFO - procotol:http, hostname:tieba.baidu.com, new_link:/f/index/forumpark?pcn=小说&pci=161&ct=0&rn=20&pn=1
2017-09-16 16:07:49,719 - [webpage_parser.py:65] - INFO - procotol:http, hostname:tieba.baidu.com, new_link:/f/index/forumpark?cn=奇幻&ci=403&pcn=小说&pci=161&ct=0&rn=20&pn=1
2017-09-16 16:07:49,720 - [webpage_parser.py:65] - INFO - procotol:http, hostname:tieba.baidu.com, new_link:/f/index/forumpark?cn=言情&ci=177&pcn=小说&pci=161&ct=0&rn=20&pn=1
2017-09-16 16:07:49,720 - [webpage_parser.py:65] - INFO - procotol:http, hostname:tieba.baidu.com, new_link:/f/index/forumpark?cn=灵异&ci=404&pcn=小说&pci=161&ct=0&rn=20&pn=1
2017-09-16 16:07:49,721 - [webpage_parser.py:65] - INFO - procotol:http, hostname:tieba.baidu.com, new_link:/f/index/forumpark?cn=穿越&ci=162&pcn=小说&pci=161&ct=0&rn=20&pn=1
2017-09-16 16:07:49,723 - [webpage_parser.py:65] - INFO - procotol:http, hostname:tieba.baidu.com, new_link:/f/index/forumpark?cn=连载&ci=169&pcn=小说&pci=161&ct=0&rn=20&pn=1
2017-09-16 16:07:49,724 - [webpage_parser.py:65] - INFO - procotol:http, hostname:tieba.baidu.com, new_link:/f/index/forumpark?cn=修真&ci=412&pcn=小说&pci=161&ct=0&rn=20&pn=1
2017-09-16 16:07:49,724 - [webpage_parser.py:65] - INFO - procotol:http, hostname:tieba.baidu.com, new_link:/f/index/forumpark?cn=历史&ci=121&pcn=小说&pci=161&ct=0&rn=20&pn=1
2017-09-16 16:07:49,725 - [webpage_parser.py:65] - INFO - procotol:http, hostname:tieba.baidu.com, new_link:/f/index/forumpark?cn=架空文&ci=409&pcn=小说&pci=161&ct=0&rn=20&pn=1
2017-09-16 16:07:49,727 - [webpage_parser.py:65] - INFO - procotol:http, hostname:tieba.baidu.com, new_link:/f/index/forumpark?pcn=生活家&pci=214&ct=0&rn=20&pn=1
2017-09-16 16:07:49,728 - [webpage_parser.py:65] - INFO - procotol:http, hostname:tieba.baidu.com, new_link:/f/index/forumpark?cn=小而美&ci=244&pcn=生活家&pci=214&ct=0&rn=20&pn=1
2017-09-16 16:07:49,729 - [webpage_parser.py:65] - INFO - procotol:http, hostname:tieba.baidu.com, new_link:/f/index/forumpark?cn=DIY&ci=72&pcn=生活家&pci=214&ct=0&rn=20&pn=1
2017-09-16 16:07:49,732 - [webpage_parser.py:65] - INFO - procotol:http, hostname:tieba.baidu.com, new_link:/f/index/forumpark?cn=美食&ci=380&pcn=生活家&pci=214&ct=0&rn=20&pn=1
2017-09-16 16:07:49,733 - [webpage_parser.py:65] - INFO - procotol:http, hostname:tieba.baidu.com, new_link:/f/index/forumpark?cn=摄影&ci=82&pcn=生活家&pci=214&ct=0&rn=20&pn=1
2017-09-16 16:07:49,735 - [webpage_parser.py:65] - INFO - procotol:http, hostname:tieba.baidu.com, new_link:/f/index/forumpark?cn=旅行&ci=92&pcn=生活家&pci=214&ct=0&rn=20&pn=1
2017-09-16 16:07:49,736 - [webpage_parser.py:65] - INFO - procotol:http, hostname:tieba.baidu.com, new_link:/f/index/forumpark?cn=变美&ci=520&pcn=生活家&pci=214&ct=0&rn=20&pn=1
2017-09-16 16:07:49,737 - [webpage_parser.py:65] - INFO - procotol:http, hostname:tieba.baidu.com, new_link:/f/index/forumpark?cn=留学移民&ci=521&pcn=生活家&pci=214&ct=0&rn=20&pn=1
2017-09-16 16:07:49,737 - [webpage_parser.py:65] - INFO - procotol:http, hostname:tieba.baidu.com, new_link:/f/index/forumpark?cn=文玩&ci=522&pcn=生活家&pci=214&ct=0&rn=20&pn=1
2017-09-16 16:07:49,738 - [webpage_parser.py:65] - INFO - procotol:http, hostname:tieba.baidu.com, new_link:/f/index/forumpark?pcn=闲·趣&pci=429&ct=0&rn=20&pn=1
2017-09-16 16:07:49,738 - [webpage_parser.py:65] - INFO - procotol:http, hostname:tieba.baidu.com, new_link:/f/index/forumpark?cn=萌宠&ci=4&pcn=闲·趣&pci=429&ct=0&rn=20&pn=1
2017-09-16 16:07:49,738 - [webpage_parser.py:65] - INFO - procotol:http, hostname:tieba.baidu.com, new_link:/f/index/forumpark?cn=萝莉&ci=6&pcn=闲·趣&pci=429&ct=0&rn=20&pn=1
2017-09-16 16:07:49,739 - [webpage_parser.py:65] - INFO - procotol:http, hostname:tieba.baidu.com, new_link:/f/index/forumpark?cn=重口味&ci=257&pcn=闲·趣&pci=429&ct=0&rn=20&pn=1
2017-09-16 16:07:49,739 - [webpage_parser.py:65] - INFO - procotol:http, hostname:tieba.baidu.com, new_link:/f/index/forumpark?cn=吐槽&ci=152&pcn=闲·趣&pci=429&ct=0&rn=20&pn=1
2017-09-16 16:07:49,739 - [webpage_parser.py:65] - INFO - procotol:http, hostname:tieba.baidu.com, new_link:/f/index/forumpark?cn=恐怖&ci=255&pcn=闲·趣&pci=429&ct=0&rn=20&pn=1
2017-09-16 16:07:49,740 - [webpage_parser.py:65] - INFO - procotol:http, hostname:tieba.baidu.com, new_link:/f/index/forumpark?cn=星座&ci=263&pcn=闲·趣&pci=429&ct=0&rn=20&pn=1
2017-09-16 16:07:49,741 - [webpage_parser.py:65] - INFO - procotol:http, hostname:tieba.baidu.com, new_link:/f/index/forumpark?cn=爆料&ci=42&pcn=闲·趣&pci=429&ct=0&rn=20&pn=1
2017-09-16 16:07:49,742 - [webpage_parser.py:65] - INFO - procotol:http, hostname:tieba.baidu.com, new_link:/f/index/forumpark?cn=喵星人&ci=5&pcn=闲·趣&pci=429&ct=0&rn=20&pn=1
2017-09-16 16:07:49,744 - [webpage_parser.py:65] - INFO - procotol:http, hostname:tieba.baidu.com, new_link:/f/index/forumpark?pcn=游戏&pci=0&ct=1&rn=20&pn=1
2017-09-16 16:07:49,746 - [webpage_parser.py:65] - INFO - procotol:http, hostname:tieba.baidu.com, new_link:/f/index/forumpark?cn=客户端网游&ci=0&pcn=游戏&pci=0&ct=1&rn=20&pn=1
2017-09-16 16:07:49,748 - [webpage_parser.py:65] - INFO - procotol:http, hostname:tieba.baidu.com, new_link:/f/index/forumpark?cn=桌游&ci=0&pcn=游戏&pci=0&ct=1&rn=20&pn=1
2017-09-16 16:07:49,749 - [webpage_parser.py:65] - INFO - procotol:http, hostname:tieba.baidu.com, new_link:/f/index/forumpark?cn=游戏角色&ci=0&pcn=游戏&pci=0&ct=1&rn=20&pn=1
2017-09-16 16:07:49,750 - [webpage_parser.py:65] - INFO - procotol:http, hostname:tieba.baidu.com, new_link:/f/index/forumpark?cn=网页版网游&ci=0&pcn=游戏&pci=0&ct=1&rn=20&pn=1
2017-09-16 16:07:49,751 - [webpage_parser.py:65] - INFO - procotol:http, hostname:tieba.baidu.com, new_link:/f/index/forumpark?cn=手机游戏&ci=0&pcn=游戏&pci=0&ct=1&rn=20&pn=1
2017-09-16 16:07:49,752 - [webpage_parser.py:65] - INFO - procotol:http, hostname:tieba.baidu.com, new_link:/f/index/forumpark?cn=小游戏&ci=0&pcn=游戏&pci=0&ct=1&rn=20&pn=1
2017-09-16 16:07:49,753 - [webpage_parser.py:65] - INFO - procotol:http, hostname:tieba.baidu.com, new_link:/f/index/forumpark?cn=单机游戏&ci=0&pcn=游戏&pci=0&ct=1&rn=20&pn=1
2017-09-16 16:07:49,754 - [webpage_parser.py:65] - INFO - procotol:http, hostname:tieba.baidu.com, new_link:/f/index/forumpark?cn=掌机游戏&ci=0&pcn=游戏&pci=0&ct=1&rn=20&pn=1
2017-09-16 16:07:49,755 - [webpage_parser.py:65] - INFO - procotol:http, hostname:tieba.baidu.com, new_link:/f/index/forumpark?pcn=动漫宅&pci=206&ct=0&rn=20&pn=1
2017-09-16 16:07:49,755 - [webpage_parser.py:65] - INFO - procotol:http, hostname:tieba.baidu.com, new_link:/f/index/forumpark?cn=日本动漫&ci=312&pcn=动漫宅&pci=206&ct=0&rn=20&pn=1
2017-09-16 16:07:49,757 - [webpage_parser.py:65] - INFO - procotol:http, hostname:tieba.baidu.com, new_link:/f/index/forumpark?cn=国产动漫&ci=313&pcn=动漫宅&pci=206&ct=0&rn=20&pn=1
2017-09-16 16:07:49,757 - [webpage_parser.py:65] - INFO - procotol:http, hostname:tieba.baidu.com, new_link:/f/index/forumpark?cn=欧美动漫&ci=314&pcn=动漫宅&pci=206&ct=0&rn=20&pn=1
2017-09-16 16:07:49,758 - [webpage_parser.py:65] - INFO - procotol:http, hostname:tieba.baidu.com, new_link:/f/index/forumpark?cn=搞笑漫画&ci=319&pcn=动漫宅&pci=206&ct=0&rn=20&pn=1
2017-09-16 16:07:49,761 - [webpage_parser.py:65] - INFO - procotol:http, hostname:tieba.baidu.com, new_link:/f/index/forumpark?cn=热血动漫&ci=323&pcn=动漫宅&pci=206&ct=0&rn=20&pn=1
2017-09-16 16:07:49,762 - [webpage_parser.py:65] - INFO - procotol:http, hostname:tieba.baidu.com, new_link:/f/index/forumpark?cn=推理&ci=83&pcn=动漫宅&pci=206&ct=0&rn=20&pn=1
2017-09-16 16:07:49,763 - [webpage_parser.py:65] - INFO - procotol:http, hostname:tieba.baidu.com, new_link:/f/index/forumpark?cn=声优&ci=210&pcn=动漫宅&pci=206&ct=0&rn=20&pn=1
2017-09-16 16:07:49,764 - [webpage_parser.py:65] - INFO - procotol:http, hostname:tieba.baidu.com, new_link:/f/index/forumpark?cn=COS&ci=212&pcn=动漫宅&pci=206&ct=0&rn=20&pn=1
2017-09-16 16:07:49,765 - [webpage_parser.py:65] - INFO - procotol:http, hostname:tieba.baidu.com, new_link:/f/index/forumpark?pcn=高等院校&pci=0&ct=1&rn=20&pn=1
2017-09-16 16:07:49,769 - [webpage_parser.py:65] - INFO - procotol:http, hostname:tieba.baidu.com, new_link:/f/index/forumpark?cn=北京院校&ci=0&pcn=高等院校&pci=0&ct=1&rn=20&pn=1
2017-09-16 16:07:49,770 - [webpage_parser.py:65] - INFO - procotol:http, hostname:tieba.baidu.com, new_link:/f/index/forumpark?cn=山东院校&ci=0&pcn=高等院校&pci=0&ct=1&rn=20&pn=1
2017-09-16 16:07:49,771 - [webpage_parser.py:65] - INFO - procotol:http, hostname:tieba.baidu.com, new_link:/f/index/forumpark?cn=江苏院校&ci=0&pcn=高等院校&pci=0&ct=1&rn=20&pn=1
2017-09-16 16:07:49,772 - [webpage_parser.py:65] - INFO - procotol:http, hostname:tieba.baidu.com, new_link:/f/index/forumpark?cn=四川院校&ci=0&pcn=高等院校&pci=0&ct=1&rn=20&pn=1
2017-09-16 16:07:49,773 - [webpage_parser.py:65] - INFO - procotol:http, hostname:tieba.baidu.com, new_link:/f/index/forumpark?cn=湖北院校&ci=0&pcn=高等院校&pci=0&ct=1&rn=20&pn=1
2017-09-16 16:07:49,778 - [webpage_parser.py:65] - INFO - procotol:http, hostname:tieba.baidu.com, new_link:/f/index/forumpark?cn=河北院校&ci=0&pcn=高等院校&pci=0&ct=1&rn=20&pn=1
2017-09-16 16:07:49,786 - [webpage_parser.py:65] - INFO - procotol:http, hostname:tieba.baidu.com, new_link:/f/index/forumpark?cn=安徽院校&ci=0&pcn=高等院校&pci=0&ct=1&rn=20&pn=1
2017-09-16 16:07:49,796 - [webpage_parser.py:65] - INFO - procotol:http, hostname:tieba.baidu.com, new_link:/f/index/forumpark?cn=陕西院校&ci=0&pcn=高等院校&pci=0&ct=1&rn=20&pn=1
2017-09-16 16:07:49,798 - [webpage_parser.py:65] - INFO - procotol:http, hostname:tieba.baidu.com, new_link:/f/index/forumpark?pcn=地区&pci=0&ct=1&rn=20&pn=1
2017-09-16 16:07:49,800 - [webpage_parser.py:65] - INFO - procotol:http, hostname:tieba.baidu.com, new_link:/f/index/forumpark?cn=山东&ci=0&pcn=地区&pci=0&ct=1&rn=20&pn=1
2017-09-16 16:07:49,801 - [connectionpool.py:207] - DEBUG - Starting new HTTP connection (1): www.baidu.com
2017-09-16 16:07:49,803 - [connectionpool.py:207] - DEBUG - Starting new HTTP connection (1): v.baidu.com
2017-09-16 16:07:49,813 - [webpage_parser.py:65] - INFO - procotol:http, hostname:tieba.baidu.com, new_link:/f/index/forumpark?cn=河北&ci=0&pcn=地区&pci=0&ct=1&rn=20&pn=1
2017-09-16 16:07:49,816 - [connectionpool.py:207] - DEBUG - Starting new HTTP connection (1): www.baidu.com
2017-09-16 16:07:49,817 - [webpage_parser.py:65] - INFO - procotol:http, hostname:tieba.baidu.com, new_link:/f/index/forumpark?cn=河南&ci=0&pcn=地区&pci=0&ct=1&rn=20&pn=1
2017-09-16 16:07:49,819 - [webpage_parser.py:65] - INFO - procotol:http, hostname:tieba.baidu.com, new_link:/f/index/forumpark?cn=山西&ci=0&pcn=地区&pci=0&ct=1&rn=20&pn=1
2017-09-16 16:07:49,820 - [webpage_parser.py:65] - INFO - procotol:http, hostname:tieba.baidu.com, new_link:/f/index/forumpark?cn=江苏&ci=0&pcn=地区&pci=0&ct=1&rn=20&pn=1
2017-09-16 16:07:49,820 - [webpage_parser.py:65] - INFO - procotol:http, hostname:tieba.baidu.com, new_link:/f/index/forumpark?cn=辽宁&ci=0&pcn=地区&pci=0&ct=1&rn=20&pn=1
2017-09-16 16:07:49,823 - [webpage_parser.py:65] - INFO - procotol:http, hostname:tieba.baidu.com, new_link:/f/index/forumpark?cn=四川&ci=0&pcn=地区&pci=0&ct=1&rn=20&pn=1
2017-09-16 16:07:49,827 - [webpage_parser.py:65] - INFO - procotol:http, hostname:tieba.baidu.com, new_link:/f/index/forumpark?cn=广东&ci=0&pcn=地区&pci=0&ct=1&rn=20&pn=1
2017-09-16 16:07:49,827 - [webpage_parser.py:65] - INFO - procotol:http, hostname:tieba.baidu.com, new_link:/f/index/forumpark?pcn=人文自然&pci=0&ct=1&rn=20&pn=1
2017-09-16 16:07:49,828 - [webpage_parser.py:65] - INFO - procotol:http, hostname:tieba.baidu.com, new_link:/f/index/forumpark?cn=艺术&ci=0&pcn=人文自然&pci=0&ct=1&rn=20&pn=1
2017-09-16 16:07:49,829 - [webpage_parser.py:65] - INFO - procotol:http, hostname:tieba.baidu.com, new_link:/f/index/forumpark?cn=军事&ci=0&pcn=人文自然&pci=0&ct=1&rn=20&pn=1
2017-09-16 16:07:49,833 - [webpage_parser.py:65] - INFO - procotol:http, hostname:tieba.baidu.com, new_link:/f/index/forumpark?cn=历史&ci=0&pcn=人文自然&pci=0&ct=1&rn=20&pn=1
2017-09-16 16:07:49,835 - [webpage_parser.py:65] - INFO - procotol:http, hostname:tieba.baidu.com, new_link:/f/index/forumpark?cn=自然&ci=0&pcn=人文自然&pci=0&ct=1&rn=20&pn=1
2017-09-16 16:07:49,836 - [webpage_parser.py:65] - INFO - procotol:http, hostname:tieba.baidu.com, new_link:/f/index/forumpark?cn=鉴赏收藏&ci=0&pcn=人文自然&pci=0&ct=1&rn=20&pn=1
2017-09-16 16:07:49,837 - [connectionpool.py:395] - DEBUG - http://www.baidu.com:80 "GET /bdorz/login.gif?login&tpl=mn&u=http%3A%2F%2Fwww.baidu.com%2f%3fbdorz_come%3d1 HTTP/1.1" 302 161
2017-09-16 16:07:49,837 - [webpage_parser.py:65] - INFO - procotol:http, hostname:tieba.baidu.com, new_link:/f/index/forumpark?cn=民族文化&ci=0&pcn=人文自然&pci=0&ct=1&rn=20&pn=1
2017-09-16 16:07:49,849 - [connectionpool.py:395] - DEBUG - http://www.baidu.com:80 "GET /duty/ HTTP/1.1" 200 2451
2017-09-16 16:07:49,852 - [connectionpool.py:818] - DEBUG - Starting new HTTPS connection (1): passport.baidu.com
2017-09-16 16:07:49,853 - [webpage_parser.py:65] - INFO - procotol:http, hostname:tieba.baidu.com, new_link:/f/index/forumpark?cn=语言文化&ci=0&pcn=人文自然&pci=0&ct=1&rn=20&pn=1
2017-09-16 16:07:49,862 - [webpage_parser.py:65] - INFO - procotol:http, hostname:tieba.baidu.com, new_link:/f/index/forumclass
2017-09-16 16:07:49,872 - [webpage_parser.py:65] - INFO - procotol:http, hostname:tieba.baidu.com, new_link:/f?kw=%E7%94%BB%E6%B1%9F%E6%B9%96%E4%B9%8B%E6%8D%A2%E4%B8%96%E9%97%A8%E7%94%9F
2017-09-16 16:07:49,888 - [webpage_parser.py:65] - INFO - procotol:http, hostname:www.baidu.com, new_link:copyright.html
2017-09-16 16:07:49,889 - [webpage_parser.py:65] - INFO - procotol:http, hostname:tieba.baidu.com, new_link:/f?kw=%E7%94%BB%E6%B1%9F%E6%B9%96%E4%B9%8B%E6%8D%A2%E4%B8%96%E9%97%A8%E7%94%9F
2017-09-16 16:07:49,889 - [webpage_parser.py:65] - INFO - procotol:http, hostname:www.baidu.com, new_link:right.html
2017-09-16 16:07:49,890 - [webpage_parser.py:65] - INFO - procotol:http, hostname:tieba.baidu.com, new_link:/f?kw=%E7%A5%9E%E9%AC%BC%E4%BC%A0%E5%A5%87%E6%89%8B%E6%B8%B8
2017-09-16 16:07:49,890 - [webpage_parser.py:65] - INFO - procotol:http, hostname:www.baidu.com, new_link:yinsiquan.html
2017-09-16 16:07:49,891 - [webpage_parser.py:65] - INFO - procotol:http, hostname:tieba.baidu.com, new_link:/f?kw=%E7%A5%9E%E9%AC%BC%E4%BC%A0%E5%A5%87%E6%89%8B%E6%B8%B8
2017-09-16 16:07:49,891 - [webpage_parser.py:65] - INFO - procotol:http, hostname:www.baidu.com, new_link:baozhang.html
2017-09-16 16:07:49,892 - [webpage_parser.py:65] - INFO - procotol:http, hostname:tieba.baidu.com, new_link:/f?kw=%E5%8F%9B%E9%80%86%E7%9A%84%E5%8B%92%E9%B2%81%E4%BB%80
2017-09-16 16:07:49,892 - [webpage_parser.py:65] - INFO - procotol:http, hostname:www.baidu.com, new_link:index.html
2017-09-16 16:07:49,893 - [webpage_parser.py:65] - INFO - procotol:http, hostname:tieba.baidu.com, new_link:/f?kw=%E5%8F%8D%E5%8F%9B%E7%9A%84%E9%B2%81%E8%B7%AF%E4%BF%AE
2017-09-16 16:07:49,895 - [webpage_saver.py:45] - INFO - url http://www.baidu.com/duty/ is not match
2017-09-16 16:07:49,897 - [webpage_parser.py:65] - INFO - procotol:http, hostname:tieba.baidu.com, new_link:/f?kw=%E6%9E%A2%E6%9C%A8%E6%9C%B1%E9%9B%80
2017-09-16 16:07:49,903 - [webpage_parser.py:65] - INFO - procotol:http, hostname:tieba.baidu.com, new_link:/f?kw=%E9%B2%81%E9%B2%81%E4%BF%AE
2017-09-16 16:07:49,904 - [webpage_parser.py:65] - INFO - procotol:http, hostname:tieba.baidu.com, new_link:/f?kw=c.c.
2017-09-16 16:07:49,904 - [webpage_parser.py:65] - INFO - procotol:http, hostname:tieba.baidu.com, new_link:/f?kw=%E5%8D%A1%E8%8E%B2.%E4%BC%91%E5%A6%B2%E8%8F%B2%E5%B0%94%E7%89%B9
2017-09-16 16:07:49,905 - [webpage_parser.py:65] - INFO - procotol:http, hostname:tieba.baidu.com, new_link:/f?kw=%E5%A4%8D%E6%B4%BB%E7%9A%84%E9%B2%81%E9%B2%81%E4%BF%AE
2017-09-16 16:07:49,906 - [webpage_parser.py:65] - INFO - procotol:http, hostname:tieba.baidu.com, new_link:/f?kw=%E9%B2%81%E8%B7%AF%E4%BF%AE
2017-09-16 16:07:49,906 - [webpage_parser.py:65] - INFO - procotol:http, hostname:tieba.baidu.com, new_link:/f?kw=lc%E7%8E%8B%E9%81%93
2017-09-16 16:07:49,907 - [webpage_parser.py:65] - INFO - procotol:http, hostname:tieba.baidu.com, new_link:/f?kw=%E6%9C%B1%E4%BF%AE
2017-09-16 16:07:49,908 - [webpage_parser.py:65] - INFO - procotol:http, hostname:tieba.baidu.com, new_link:/f?kw=%E5%B0%A4%E8%8F%B2%E7%B1%B3%E5%A8%85.li.%E5%B8%83%E9%87%8C%E5%A1%94%E5%B0%BC%E4%BA%9A
2017-09-16 16:07:49,909 - [webpage_parser.py:65] - INFO - procotol:http, hostname:tieba.baidu.com, new_link:/f?kw=%E4%BA%A1%E5%9B%BD%E7%9A%84%E9%98%BF%E5%9F%BA%E7%89%B9
2017-09-16 16:07:49,911 - [webpage_parser.py:65] - INFO - procotol:http, hostname:tieba.baidu.com, new_link:/f?kw=%E7%BA%A2%E8%B1%86%E7%88%B1%E9%98%BF%E7%BF%81
2017-09-16 16:07:49,914 - [webpage_parser.py:65] - INFO - procotol:http, hostname:tieba.baidu.com, new_link:/p/5315589173
2017-09-16 16:07:49,916 - [webpage_parser.py:65] - INFO - procotol:http, hostname:tieba.baidu.com, new_link:/home/main?un=%E6%99%93%E9%9B%BE%E6%84%81%E5%BD%BB&fr=index
2017-09-16 16:07:49,917 - [webpage_parser.py:65] - INFO - procotol:http, hostname:tieba.baidu.com, new_link:/f?kw=%E6%89%8B%E6%B8%B8%E5%85%88%E9%94%8B 
2017-09-16 16:07:49,919 - [webpage_parser.py:65] - INFO - procotol:http, hostname:tieba.baidu.com, new_link:/p/5320320013
2017-09-16 16:07:49,920 - [webpage_parser.py:65] - INFO - procotol:http, hostname:tieba.baidu.com, new_link:/home/main?un=%E8%B4%B4%E5%90%A7%E6%89%8B%E6%B8%B8%E5%85%88%E9%94%8B&fr=index
2017-09-16 16:07:49,921 - [webpage_parser.py:65] - INFO - procotol:http, hostname:tieba.baidu.com, new_link:/f?kw=%E7%88%B1%E7%8C%AB%E7%94%9F%E6%B4%BB 
2017-09-16 16:07:49,921 - [webpage_parser.py:65] - INFO - procotol:http, hostname:tieba.baidu.com, new_link:/p/5311315976
2017-09-16 16:07:49,922 - [webpage_parser.py:65] - INFO - procotol:http, hostname:tieba.baidu.com, new_link:/home/main?un=%E7%8C%AB%E7%8C%AB%E5%B0%8F%E6%96%8C&fr=index
2017-09-16 16:07:49,922 - [webpage_parser.py:65] - INFO - procotol:http, hostname:tieba.baidu.com, new_link:/f?kw=%E5%8E%86%E5%8F%B2 
2017-09-16 16:07:49,922 - [webpage_parser.py:65] - INFO - procotol:http, hostname:tieba.baidu.com, new_link:/p/5114639643
2017-09-16 16:07:49,923 - [webpage_parser.py:65] - INFO - procotol:http, hostname:tieba.baidu.com, new_link:/home/main?un=%E5%85%A8%E8%A8%80&fr=index
2017-09-16 16:07:49,923 - [webpage_parser.py:65] - INFO - procotol:http, hostname:tieba.baidu.com, new_link:/f?kw=me0407 
2017-09-16 16:07:49,924 - [webpage_parser.py:65] - INFO - procotol:http, hostname:tieba.baidu.com, new_link:/p/5139671853
2017-09-16 16:07:49,925 - [webpage_parser.py:65] - INFO - procotol:http, hostname:tieba.baidu.com, new_link:/home/main?un=%E5%A3%B6%E5%A4%A9%E8%8A%B1%E8%AF%AD&fr=index
2017-09-16 16:07:49,926 - [webpage_parser.py:65] - INFO - procotol:http, hostname:tieba.baidu.com, new_link:/f?kw=%E7%BD%91%E6%81%8B 
2017-09-16 16:07:49,927 - [webpage_parser.py:65] - INFO - procotol:http, hostname:tieba.baidu.com, new_link:/p/5316578828
2017-09-16 16:07:49,930 - [webpage_parser.py:65] - INFO - procotol:http, hostname:tieba.baidu.com, new_link:/home/main?un=%E5%B1%A0%E5%A4%ABLIL&fr=index
2017-09-16 16:07:49,934 - [webpage_parser.py:65] - INFO - procotol:http, hostname:tieba.baidu.com, new_link:/f?kw=%E5%8F%A4%E8%A3%85%E7%94%B5%E8%A7%86%E5%89%A7 
2017-09-16 16:07:49,936 - [webpage_parser.py:65] - INFO - procotol:http, hostname:tieba.baidu.com, new_link:/p/5153235021
2017-09-16 16:07:49,937 - [webpage_parser.py:65] - INFO - procotol:http, hostname:tieba.baidu.com, new_link:/home/main?un=%E6%B8%A9%E5%AA%97%E5%A6%83&fr=index
2017-09-16 16:07:49,937 - [webpage_parser.py:65] - INFO - procotol:http, hostname:tieba.baidu.com, new_link:/f?kw=%E5%A4%9A%E6%B5%86%E6%A4%8D%E7%89%A9
2017-09-16 16:07:49,937 - [webpage_parser.py:65] - INFO - procotol:http, hostname:tieba.baidu.com, new_link:/p/5171608419
2017-09-16 16:07:49,938 - [webpage_parser.py:65] - INFO - procotol:http, hostname:tieba.baidu.com, new_link:/home/main?un=%E9%A6%99%E8%95%89%E4%BD%A0%E4%B8%AA%E5%8D%9C%E5%A8%9C%E5%91%90&fr=index
2017-09-16 16:07:49,938 - [webpage_parser.py:65] - INFO - procotol:http, hostname:tieba.baidu.com, new_link:/f?kw=%E7%BE%8E%E9%A3%9F
2017-09-16 16:07:49,938 - [webpage_parser.py:65] - INFO - procotol:http, hostname:tieba.baidu.com, new_link:/p/5135007772
2017-09-16 16:07:49,939 - [webpage_parser.py:65] - INFO - procotol:http, hostname:tieba.baidu.com, new_link:/home/main?un=%E7%8C%AB%E7%88%B7%E7%BE%8E%E9%A3%9F%E9%9B%86&fr=index
2017-09-16 16:07:49,941 - [webpage_parser.py:65] - INFO - procotol:http, hostname:tieba.baidu.com, new_link:/f?kw=%E7%BA%A2%E8%B1%86%E7%88%B1%E9%98%BF%E7%BF%81
2017-09-16 16:07:49,942 - [webpage_parser.py:65] - INFO - procotol:http, hostname:tieba.baidu.com, new_link:/p/5286539583
2017-09-16 16:07:49,944 - [webpage_parser.py:65] - INFO - procotol:http, hostname:tieba.baidu.com, new_link:/home/main?un=%E5%A4%95%E9%98%B3%E7%95%99%E5%A2%A8%E9%A6%99&fr=index
2017-09-16 16:07:49,946 - [webpage_parser.py:65] - INFO - procotol:http, hostname:tieba.baidu.com, new_link:/f?kw=%E9%95%BF%E7%9B%B8%E6%80%9D 
2017-09-16 16:07:49,948 - [webpage_parser.py:65] - INFO - procotol:http, hostname:tieba.baidu.com, new_link:/p/5161104407
2017-09-16 16:07:49,950 - [webpage_parser.py:65] - INFO - procotol:http, hostname:tieba.baidu.com, new_link:/home/main?un=%E4%BC%BC%E6%B0%B4%E5%B9%B4%E5%8D%8E%E5%80%BE%E5%A4%A9%E4%B8%8B&fr=index
2017-09-16 16:07:49,953 - [webpage_parser.py:65] - INFO - procotol:http, hostname:tieba.baidu.com, new_link:/f?kw=%E5%A8%B1%E4%B9%90%E5%9C%88
2017-09-16 16:07:49,953 - [webpage_parser.py:65] - INFO - procotol:http, hostname:tieba.baidu.com, new_link:/p/5295629957
2017-09-16 16:07:49,954 - [webpage_parser.py:65] - INFO - procotol:http, hostname:tieba.baidu.com, new_link:/home/main?un=%E4%B8%A8%E5%91%A8%E6%85%A7%E6%95%8F%E4%B8%A8&fr=index
2017-09-16 16:07:49,956 - [webpage_parser.py:65] - INFO - procotol:http, hostname:tieba.baidu.com, new_link:/f?kw=%E6%B8%B8%E6%88%8F%E7%9B%B4%E6%92%AD 
2017-09-16 16:07:49,958 - [webpage_parser.py:65] - INFO - procotol:http, hostname:tieba.baidu.com, new_link:/p/5310630583
2017-09-16 16:07:49,960 - [webpage_parser.py:65] - INFO - procotol:http, hostname:tieba.baidu.com, new_link:/home/main?un=%E4%B9%85%E5%88%A5%E6%95%85%E4%BA%BA&fr=index
2017-09-16 16:07:49,961 - [webpage_parser.py:65] - INFO - procotol:http, hostname:tieba.baidu.com, new_link:/f?kw=%E5%90%89%E4%BB%96
2017-09-16 16:07:49,962 - [webpage_parser.py:65] - INFO - procotol:http, hostname:tieba.baidu.com, new_link:/p/5288183027
2017-09-16 16:07:49,964 - [webpage_parser.py:65] - INFO - procotol:http, hostname:tieba.baidu.com, new_link:/home/main?un=%E7%BB%93%E4%BB%96%E5%B1%8B&fr=index
2017-09-16 16:07:49,966 - [webpage_parser.py:65] - INFO - procotol:http, hostname:tieba.baidu.com, new_link:/f?kw=%E9%A9%AC%E7%94%B2%E7%BA%BF 
2017-09-16 16:07:49,967 - [webpage_parser.py:65] - INFO - procotol:http, hostname:tieba.baidu.com, new_link:/p/5145993701
2017-09-16 16:07:49,968 - [webpage_parser.py:65] - INFO - procotol:http, hostname:tieba.baidu.com, new_link:/home/main?un=%E8%8B%8F%E6%B2%90%E6%9F%93%E7%BA%A2%E8%94%BB&fr=index
2017-09-16 16:07:49,970 - [webpage_parser.py:65] - INFO - procotol:http, hostname:tieba.baidu.com, new_link:/f?kw=%E8%83%8C%E9%94%85 
2017-09-16 16:07:49,971 - [webpage_parser.py:65] - INFO - procotol:http, hostname:tieba.baidu.com, new_link:/p/5280831737
2017-09-16 16:07:49,971 - [webpage_parser.py:65] - INFO - procotol:http, hostname:tieba.baidu.com, new_link:/home/main?un=%E7%83%AD%E6%83%85%E7%9A%84%E9%9A%8F%E4%BE%BF%E4%BD%A0%E6%93%8D&fr=index
2017-09-16 16:07:49,972 - [webpage_parser.py:65] - INFO - procotol:http, hostname:tieba.baidu.com, new_link:/f?kw=%E5%B0%8F%E8%90%9D%E8%8E%89
2017-09-16 16:07:49,972 - [webpage_parser.py:65] - INFO - procotol:http, hostname:tieba.baidu.com, new_link:/p/5289960175
2017-09-16 16:07:49,973 - [webpage_parser.py:65] - INFO - procotol:http, hostname:tieba.baidu.com, new_link:/home/main?un=%E5%BA%9A%E5%93%9F&fr=index
2017-09-16 16:07:49,974 - [webpage_parser.py:65] - INFO - procotol:http, hostname:tieba.baidu.com, new_link:/f?kw=%E6%B8%B8%E6%88%8F%E7%9B%B4%E6%92%AD 
2017-09-16 16:07:49,975 - [webpage_parser.py:65] - INFO - procotol:http, hostname:tieba.baidu.com, new_link:/p/5301072178
2017-09-16 16:07:49,976 - [webpage_parser.py:65] - INFO - procotol:http, hostname:tieba.baidu.com, new_link:/home/main?un=%E4%B9%85%E5%88%A5%E6%95%85%E4%BA%BA&fr=index
2017-09-16 16:07:49,978 - [webpage_parser.py:65] - INFO - procotol:http, hostname:tieba.baidu.com, new_link:/hottopic/browse/topicList?res_type=1
2017-09-16 16:07:49,979 - [webpage_parser.py:65] - INFO - procotol:http, hostname:tieba.baidu.com, new_link:/home/main?un=悲伤的羔羊
2017-09-16 16:07:49,982 - [webpage_parser.py:65] - INFO - procotol:http, hostname:tieba.baidu.com, new_link:/home/main?un=悲伤的羔羊
2017-09-16 16:07:49,984 - [webpage_parser.py:65] - INFO - procotol:http, hostname:tieba.baidu.com, new_link:/f?kw=t豆娱乐城
2017-09-16 16:07:49,985 - [webpage_parser.py:65] - INFO - procotol:http, hostname:tieba.baidu.com, new_link:/home/main?un=无事找清凉
2017-09-16 16:07:49,985 - [webpage_parser.py:65] - INFO - procotol:http, hostname:tieba.baidu.com, new_link:/home/main?un=无事找清凉
2017-09-16 16:07:49,986 - [webpage_parser.py:65] - INFO - procotol:http, hostname:tieba.baidu.com, new_link:/f?kw=天涯明月刀OL
2017-09-16 16:07:49,987 - [webpage_parser.py:65] - INFO - procotol:http, hostname:tieba.baidu.com, new_link:/home/main?un=倩Q1228228888
2017-09-16 16:07:49,988 - [webpage_parser.py:65] - INFO - procotol:http, hostname:tieba.baidu.com, new_link:/home/main?un=倩Q1228228888
2017-09-16 16:07:49,989 - [webpage_parser.py:65] - INFO - procotol:http, hostname:tieba.baidu.com, new_link:/f?kw=亏猫
2017-09-16 16:07:49,991 - [webpage_parser.py:65] - INFO - procotol:http, hostname:tieba.baidu.com, new_link:/home/main?un=大风吹奶罩杯
2017-09-16 16:07:49,992 - [webpage_parser.py:65] - INFO - procotol:http, hostname:tieba.baidu.com, new_link:/home/main?un=大风吹奶罩杯
2017-09-16 16:07:49,994 - [webpage_parser.py:65] - INFO - procotol:http, hostname:tieba.baidu.com, new_link:/f?kw=网络游戏
2017-09-16 16:07:49,995 - [webpage_parser.py:65] - INFO - procotol:http, hostname:tieba.baidu.com, new_link:/home/main?un=神風苏逸
2017-09-16 16:07:49,997 - [webpage_parser.py:65] - INFO - procotol:http, hostname:tieba.baidu.com, new_link:/home/main?un=神風苏逸
2017-09-16 16:07:49,998 - [webpage_parser.py:65] - INFO - procotol:http, hostname:tieba.baidu.com, new_link:/p/5024282186
2017-09-16 16:07:50,000 - [webpage_parser.py:65] - INFO - procotol:http, hostname:tieba.baidu.com, new_link:/home/main?un=蔡丶十一
2017-09-16 16:07:50,002 - [webpage_parser.py:65] - INFO - procotol:http, hostname:tieba.baidu.com, new_link:/home/main?un=蔡丶十一
2017-09-16 16:07:50,003 - [webpage_parser.py:65] - INFO - procotol:http, hostname:tieba.baidu.com, new_link:/p/5319276352
2017-09-16 16:07:50,005 - [webpage_parser.py:65] - INFO - procotol:http, hostname:tieba.baidu.com, new_link:/home/main?un=贴吧熊
2017-09-16 16:07:50,007 - [webpage_parser.py:65] - INFO - procotol:http, hostname:tieba.baidu.com, new_link:/home/main?un=贴吧熊
2017-09-16 16:07:50,008 - [webpage_parser.py:65] - INFO - procotol:http, hostname:tieba.baidu.com, new_link:/p/5252510171
2017-09-16 16:07:50,010 - [webpage_parser.py:65] - INFO - procotol:http, hostname:tieba.baidu.com, new_link:/home/main?un=贴吧会员
2017-09-16 16:07:50,011 - [webpage_parser.py:65] - INFO - procotol:http, hostname:tieba.baidu.com, new_link:/home/main?un=贴吧会员
2017-09-16 16:07:50,012 - [webpage_parser.py:65] - INFO - procotol:http, hostname:tieba.baidu.com, new_link:/p/5324050670
2017-09-16 16:07:50,013 - [webpage_parser.py:65] - INFO - procotol:http, hostname:tieba.baidu.com, new_link:/home/main?un=吴哲晗应援会
2017-09-16 16:07:50,015 - [connectionpool.py:395] - DEBUG - https://passport.baidu.com:443 "GET /v2/?login&tpl=mn&u=http%3A%2F%2Fwww.baidu.com%2f%3fbdorz_come%3d1 HTTP/1.1" 200 None
2017-09-16 16:07:50,033 - [webpage_parser.py:65] - INFO - procotol:http, hostname:tieba.baidu.com, new_link:/home/main?un=吴哲晗应援会
2017-09-16 16:07:50,050 - [webpage_saver.py:45] - INFO - url http://www.baidu.com/bdorz/login.gif?login&tpl=mn&u=http%3A%2F%2Fwww.baidu.com%2f%3fbdorz_come%3d1 is not match
2017-09-16 16:07:50,051 - [webpage_parser.py:65] - INFO - procotol:http, hostname:tieba.baidu.com, new_link:/p/3292673938
2017-09-16 16:07:50,051 - [webpage_parser.py:65] - INFO - procotol:http, hostname:tieba.baidu.com, new_link:/home/main?un=cloudsayu
2017-09-16 16:07:50,052 - [webpage_parser.py:65] - INFO - procotol:http, hostname:tieba.baidu.com, new_link:/home/main?un=cloudsayu
2017-09-16 16:07:50,052 - [webpage_parser.py:65] - INFO - procotol:http, hostname:tieba.baidu.com, new_link:/p/4748236204
2017-09-16 16:07:50,053 - [webpage_parser.py:65] - INFO - procotol:http, hostname:tieba.baidu.com, new_link:/home/main?un=帝都T渣的擦肩
2017-09-16 16:07:50,053 - [webpage_parser.py:65] - INFO - procotol:http, hostname:tieba.baidu.com, new_link:/home/main?un=帝都T渣的擦肩
2017-09-16 16:07:50,054 - [webpage_parser.py:65] - INFO - procotol:http, hostname:tieba.baidu.com, new_link:/p/3249877592
2017-09-16 16:07:50,054 - [webpage_parser.py:65] - INFO - procotol:http, hostname:tieba.baidu.com, new_link:/home/main?un=lacus84714
2017-09-16 16:07:50,054 - [webpage_parser.py:65] - INFO - procotol:http, hostname:tieba.baidu.com, new_link:/home/main?un=lacus84714
2017-09-16 16:07:50,055 - [webpage_parser.py:65] - INFO - procotol:http, hostname:tieba.baidu.com, new_link:/p/4421655018
2017-09-16 16:07:50,055 - [webpage_parser.py:65] - INFO - procotol:http, hostname:tieba.baidu.com, new_link:Mailto:tiebayule@baidu.com
2017-09-16 16:07:50,056 - [webpage_parser.py:65] - INFO - procotol:http, hostname:tieba.baidu.com, new_link:/f?kw=%E6%B2%AA%E6%B1%9F%E7%BD%91%E6%A0%A1&fr=index
2017-09-16 16:07:50,056 - [webpage_parser.py:65] - INFO - procotol:http, hostname:tieba.baidu.com, new_link:/f?kw=%E6%B2%AA%E6%B1%9F%E7%BD%91%E6%A0%A1&fr=index
2017-09-16 16:07:50,057 - [webpage_parser.py:65] - INFO - procotol:http, hostname:tieba.baidu.com, new_link:/f?kw=%E7%BA%A2%E7%89%9B%E5%AE%98%E6%96%B9&fr=index
2017-09-16 16:07:50,058 - [webpage_parser.py:65] - INFO - procotol:http, hostname:tieba.baidu.com, new_link:/f?kw=%E7%BA%A2%E7%89%9B%E5%AE%98%E6%96%B9&fr=index
2017-09-16 16:07:50,059 - [webpage_parser.py:65] - INFO - procotol:http, hostname:tieba.baidu.com, new_link:/f?kw=%E8%B1%86%E8%94%93%E7%90%86%E8%B4%A2&fr=index
2017-09-16 16:07:50,059 - [webpage_parser.py:65] - INFO - procotol:http, hostname:tieba.baidu.com, new_link:/f?kw=%E8%B1%86%E8%94%93%E7%90%86%E8%B4%A2&fr=index
2017-09-16 16:07:50,060 - [webpage_parser.py:65] - INFO - procotol:http, hostname:tieba.baidu.com, new_link:/f?kw=%E8%89%BA%E7%A6%8F%E5%A0%82&fr=index
2017-09-16 16:07:50,060 - [webpage_parser.py:65] - INFO - procotol:http, hostname:tieba.baidu.com, new_link:/f?kw=%E8%89%BA%E7%A6%8F%E5%A0%82&fr=index
2017-09-16 16:07:50,060 - [webpage_parser.py:65] - INFO - procotol:http, hostname:tieba.baidu.com, new_link:/f?kw=%E9%87%91%E7%AB%8B&fr=index
2017-09-16 16:07:50,061 - [webpage_parser.py:65] - INFO - procotol:http, hostname:tieba.baidu.com, new_link:/f?kw=%E9%87%91%E7%AB%8B&fr=index
2017-09-16 16:07:50,072 - [webpage_saver.py:45] - INFO - url http://tieba.baidu.com is not match
2017-09-16 16:07:50,641 - [connectionpool.py:395] - DEBUG - http://v.baidu.com:80 "GET / HTTP/1.1" 200 None
2017-09-16 16:07:51,696 - [connectionpool.py:207] - DEBUG - Starting new HTTP connection (1): news.china.com
2017-09-16 16:07:51,763 - [connectionpool.py:818] - DEBUG - Starting new HTTPS connection (1): www.baidu.com
2017-09-16 16:07:51,776 - [connectionpool.py:207] - DEBUG - Starting new HTTP connection (1): news.ifeng.com
2017-09-16 16:07:51,878 - [connectionpool.py:818] - DEBUG - Starting new HTTPS connection (1): baijia.baidu.com
2017-09-16 16:07:51,886 - [webpage_parser.py:65] - INFO - procotol:http, hostname:v.baidu.com, new_link:javascript:void(0)
2017-09-16 16:07:51,889 - [connectionpool.py:207] - DEBUG - Starting new HTTP connection (1): www.baidu.com
2017-09-16 16:07:51,897 - [connectionpool.py:207] - DEBUG - Starting new HTTP connection (1): v.baidu.com
2017-09-16 16:07:51,898 - [webpage_parser.py:65] - INFO - procotol:http, hostname:v.baidu.com, new_link:javascript:;
2017-09-16 16:07:51,903 - [connectionpool.py:207] - DEBUG - Starting new HTTP connection (1): map.baidu.com
2017-09-16 16:07:51,944 - [webpage_saver.py:45] - INFO - url http://v.baidu.com is not match
2017-09-16 16:07:52,175 - [connectionpool.py:395] - DEBUG - https://www.baidu.com:443 "GET /s?wd=%E6%9C%80%E4%B8%8D%E5%A5%BD%E5%AE%A2%E5%9B%BD%E5%AE%B6%E6%8E%92%E8%A1%8C HTTP/1.1" 200 227
2017-09-16 16:07:52,184 - [webpage_saver.py:45] - INFO - url https://www.baidu.com/s?wd=%E6%9C%80%E4%B8%8D%E5%A5%BD%E5%AE%A2%E5%9B%BD%E5%AE%B6%E6%8E%92%E8%A1%8C is not match
2017-09-16 16:07:52,296 - [connectionpool.py:395] - DEBUG - http://news.china.com:80 "GET /domestic/945/20170916/31425893.html HTTP/1.1" 200 None
2017-09-16 16:07:52,433 - [webpage_parser.py:65] - INFO - procotol:http, hostname:news.china.com, new_link:#comment
2017-09-16 16:07:52,434 - [webpage_parser.py:65] - INFO - procotol:http, hostname:news.china.com, new_link:javascript:void(0);
2017-09-16 16:07:52,434 - [webpage_parser.py:65] - INFO - procotol:http, hostname:news.china.com, new_link:javascript:void(0);
2017-09-16 16:07:52,434 - [webpage_parser.py:65] - INFO - procotol:http, hostname:news.china.com, new_link:javascript:void(0);
2017-09-16 16:07:52,435 - [webpage_parser.py:65] - INFO - procotol:http, hostname:news.china.com, new_link:#comment
2017-09-16 16:07:52,435 - [webpage_parser.py:65] - INFO - procotol:http, hostname:news.china.com, new_link:31425893_1.html
2017-09-16 16:07:52,435 - [webpage_parser.py:65] - INFO - procotol:http, hostname:news.china.com, new_link:31425893_2.html
2017-09-16 16:07:52,436 - [webpage_parser.py:65] - INFO - procotol:http, hostname:news.china.com, new_link:31425893_all.html#page_2
2017-09-16 16:07:52,436 - [webpage_parser.py:65] - INFO - procotol:http, hostname:news.china.com, new_link:31425893_1.html
2017-09-16 16:07:52,436 - [webpage_parser.py:65] - INFO - procotol:http, hostname:news.china.com, new_link:javascript:void(0);
2017-09-16 16:07:52,437 - [webpage_parser.py:65] - INFO - procotol:http, hostname:news.china.com, new_link:javascript:void(0);
2017-09-16 16:07:52,437 - [webpage_parser.py:65] - INFO - procotol:http, hostname:news.china.com, new_link:javascript:void(0);
2017-09-16 16:07:52,437 - [webpage_parser.py:65] - INFO - procotol:http, hostname:news.china.com, new_link:javascript:void(0);
2017-09-16 16:07:52,439 - [webpage_parser.py:65] - INFO - procotol:http, hostname:news.china.com, new_link:mailto:newsgroup@bj.china.com
2017-09-16 16:07:52,501 - [connectionpool.py:395] - DEBUG - http://news.ifeng.com:80 "GET /a/20170916/52017745_0.shtml?_zbs_baidu_news HTTP/1.1" 200 None
2017-09-16 16:07:52,530 - [connectionpool.py:395] - DEBUG - http://www.baidu.com:80 "GET /search/rss.html HTTP/1.1" 200 10478
2017-09-16 16:07:52,593 - [connectionpool.py:395] - DEBUG - http://map.baidu.com:80 "GET / HTTP/1.1" 200 None
2017-09-16 16:07:52,715 - [webpage_parser.py:65] - INFO - procotol:http, hostname:news.ifeng.com, new_link:javascript:void(0);
2017-09-16 16:07:52,717 - [webpage_parser.py:65] - INFO - procotol:http, hostname:news.ifeng.com, new_link:javascript:void(0);
2017-09-16 16:07:52,718 - [webpage_parser.py:65] - INFO - procotol:http, hostname:news.ifeng.com, new_link:javascript:void(0);
2017-09-16 16:07:52,719 - [webpage_parser.py:65] - INFO - procotol:http, hostname:news.ifeng.com, new_link:javascript:void(0);
2017-09-16 16:07:52,720 - [webpage_parser.py:65] - INFO - procotol:http, hostname:news.ifeng.com, new_link:javascript:void(0);
2017-09-16 16:07:52,736 - [webpage_parser.py:65] - INFO - procotol:http, hostname:news.ifeng.com, new_link:javascript:void(0);
2017-09-16 16:07:52,747 - [webpage_parser.py:65] - INFO - procotol:http, hostname:news.ifeng.com, new_link:javascript:void(0);
2017-09-16 16:07:52,789 - [webpage_parser.py:65] - INFO - procotol:http, hostname:news.ifeng.com, new_link:javascript:void(0);
2017-09-16 16:07:52,796 - [webpage_parser.py:65] - INFO - procotol:http, hostname:news.ifeng.com, new_link:javascript:void(0);
2017-09-16 16:07:52,821 - [connectionpool.py:395] - DEBUG - http://v.baidu.com:80 "GET / HTTP/1.1" 200 None
2017-09-16 16:07:52,867 - [webpage_saver.py:45] - INFO - url http://map.baidu.com/ is not match
2017-09-16 16:07:52,953 - [webpage_parser.py:65] - INFO - procotol:http, hostname:www.baidu.com, new_link:#01
2017-09-16 16:07:52,954 - [connectionpool.py:395] - DEBUG - https://baijia.baidu.com:443 "GET /u?app_id=1536767517568852 HTTP/1.1" 200 None
2017-09-16 16:07:52,954 - [webpage_parser.py:65] - INFO - procotol:http, hostname:www.baidu.com, new_link:#02
2017-09-16 16:07:52,959 - [webpage_parser.py:65] - INFO - procotol:http, hostname:www.baidu.com, new_link:#03
2017-09-16 16:07:52,960 - [webpage_parser.py:65] - INFO - procotol:http, hostname:www.baidu.com, new_link:#q1
2017-09-16 16:07:52,961 - [webpage_parser.py:65] - INFO - procotol:http, hostname:www.baidu.com, new_link:#q2
2017-09-16 16:07:52,962 - [webpage_parser.py:65] - INFO - procotol:http, hostname:www.baidu.com, new_link:#q3
2017-09-16 16:07:52,965 - [webpage_parser.py:65] - INFO - procotol:http, hostname:www.baidu.com, new_link:#q4
2017-09-16 16:07:53,135 - [webpage_parser.py:65] - INFO - procotol:https, hostname:baijia.baidu.com, new_link:/
2017-09-16 16:07:53,137 - [webpage_parser.py:65] - INFO - procotol:https, hostname:baijia.baidu.com, new_link:/
2017-09-16 16:07:53,137 - [webpage_parser.py:65] - INFO - procotol:https, hostname:baijia.baidu.com, new_link:/channel?cat=1
2017-09-16 16:07:53,138 - [webpage_parser.py:65] - INFO - procotol:https, hostname:baijia.baidu.com, new_link:/channel?cat=2
2017-09-16 16:07:53,139 - [webpage_parser.py:65] - INFO - procotol:https, hostname:baijia.baidu.com, new_link:/channel?cat=3
2017-09-16 16:07:53,139 - [webpage_parser.py:65] - INFO - procotol:https, hostname:baijia.baidu.com, new_link:/channel?cat=4
2017-09-16 16:07:53,140 - [webpage_parser.py:65] - INFO - procotol:https, hostname:baijia.baidu.com, new_link:/channel?cat=5
2017-09-16 16:07:53,140 - [webpage_parser.py:65] - INFO - procotol:https, hostname:baijia.baidu.com, new_link:/s?id=1578677527417951651&wfr=pc&fr=app_lst
2017-09-16 16:07:53,141 - [webpage_parser.py:65] - INFO - procotol:https, hostname:baijia.baidu.com, new_link:/s?id=1578677527417951651&wfr=pc&fr=app_lst
2017-09-16 16:07:53,142 - [webpage_parser.py:65] - INFO - procotol:https, hostname:baijia.baidu.com, new_link:/s?id=1578593165078946033&wfr=pc&fr=app_lst
2017-09-16 16:07:53,142 - [webpage_parser.py:65] - INFO - procotol:https, hostname:baijia.baidu.com, new_link:/s?id=1578593165078946033&wfr=pc&fr=app_lst
2017-09-16 16:07:53,143 - [webpage_parser.py:65] - INFO - procotol:https, hostname:baijia.baidu.com, new_link:/s?id=1578566140964946523&wfr=pc&fr=app_lst
2017-09-16 16:07:53,144 - [webpage_parser.py:65] - INFO - procotol:https, hostname:baijia.baidu.com, new_link:/s?id=1578566140964946523&wfr=pc&fr=app_lst
2017-09-16 16:07:53,145 - [webpage_parser.py:65] - INFO - procotol:https, hostname:baijia.baidu.com, new_link:/s?id=1578526455963085669&wfr=pc&fr=app_lst
2017-09-16 16:07:53,146 - [webpage_parser.py:65] - INFO - procotol:https, hostname:baijia.baidu.com, new_link:/s?id=1578526455963085669&wfr=pc&fr=app_lst
2017-09-16 16:07:53,155 - [webpage_parser.py:65] - INFO - procotol:https, hostname:baijia.baidu.com, new_link:/s?id=1578474246605452549&wfr=pc&fr=app_lst
2017-09-16 16:07:53,155 - [webpage_parser.py:65] - INFO - procotol:https, hostname:baijia.baidu.com, new_link:/s?id=1578474246605452549&wfr=pc&fr=app_lst
2017-09-16 16:07:53,156 - [webpage_parser.py:65] - INFO - procotol:https, hostname:baijia.baidu.com, new_link:/s?id=1578427542064521912&wfr=pc&fr=app_lst
2017-09-16 16:07:53,156 - [webpage_parser.py:65] - INFO - procotol:https, hostname:baijia.baidu.com, new_link:/s?id=1578427542064521912&wfr=pc&fr=app_lst
2017-09-16 16:07:53,158 - [webpage_parser.py:65] - INFO - procotol:https, hostname:baijia.baidu.com, new_link:/s?id=1578427542064521912&wfr=pc&fr=app_lst
2017-09-16 16:07:53,159 - [webpage_parser.py:65] - INFO - procotol:https, hostname:baijia.baidu.com, new_link:/s?id=1578427542064521912&wfr=pc&fr=app_lst
2017-09-16 16:07:53,160 - [webpage_parser.py:65] - INFO - procotol:https, hostname:baijia.baidu.com, new_link:/s?id=1578427542064521912&wfr=pc&fr=_lst
2017-09-16 16:07:53,162 - [webpage_parser.py:65] - INFO - procotol:https, hostname:baijia.baidu.com, new_link:/s?id=1578371378182197762&wfr=pc&fr=app_lst
2017-09-16 16:07:53,164 - [webpage_parser.py:65] - INFO - procotol:https, hostname:baijia.baidu.com, new_link:/s?id=1578371378182197762&wfr=pc&fr=app_lst
2017-09-16 16:07:53,167 - [webpage_parser.py:65] - INFO - procotol:https, hostname:baijia.baidu.com, new_link:/s?id=1578369134464992234&wfr=pc&fr=app_lst
2017-09-16 16:07:53,169 - [webpage_parser.py:65] - INFO - procotol:https, hostname:baijia.baidu.com, new_link:/s?id=1578369134464992234&wfr=pc&fr=app_lst
2017-09-16 16:07:53,170 - [webpage_parser.py:65] - INFO - procotol:https, hostname:baijia.baidu.com, new_link:/s?id=1578342273938518208&wfr=pc&fr=app_lst
2017-09-16 16:07:53,171 - [webpage_saver.py:45] - INFO - url http://news.ifeng.com/a/20170916/52017745_0.shtml?_zbs_baidu_news is not match
2017-09-16 16:07:53,171 - [webpage_parser.py:65] - INFO - procotol:https, hostname:baijia.baidu.com, new_link:/s?id=1578342273938518208&wfr=pc&fr=app_lst
2017-09-16 16:07:53,172 - [webpage_parser.py:65] - INFO - procotol:https, hostname:baijia.baidu.com, new_link:/s?id=1578342273938518208&wfr=pc&fr=app_lst
2017-09-16 16:07:53,173 - [webpage_parser.py:65] - INFO - procotol:https, hostname:baijia.baidu.com, new_link:/s?id=1578342273938518208&wfr=pc&fr=app_lst
2017-09-16 16:07:53,173 - [webpage_parser.py:65] - INFO - procotol:https, hostname:baijia.baidu.com, new_link:/s?id=1578342273938518208&wfr=pc&fr=_lst
2017-09-16 16:07:53,174 - [webpage_parser.py:65] - INFO - procotol:https, hostname:baijia.baidu.com, new_link:/s?id=1578303673853654829&wfr=pc&fr=app_lst
2017-09-16 16:07:53,174 - [webpage_parser.py:65] - INFO - procotol:https, hostname:baijia.baidu.com, new_link:/s?id=1578303673853654829&wfr=pc&fr=app_lst
2017-09-16 16:07:53,175 - [webpage_parser.py:65] - INFO - procotol:https, hostname:baijia.baidu.com, new_link:/s?id=1578300436907768533&wfr=pc&fr=app_lst
2017-09-16 16:07:53,175 - [webpage_parser.py:65] - INFO - procotol:https, hostname:baijia.baidu.com, new_link:/s?id=1578300436907768533&wfr=pc&fr=app_lst
2017-09-16 16:07:53,175 - [webpage_parser.py:65] - INFO - procotol:https, hostname:baijia.baidu.com, new_link:/s?id=1578251560450088565&wfr=pc&fr=app_lst
2017-09-16 16:07:53,176 - [webpage_parser.py:65] - INFO - procotol:https, hostname:baijia.baidu.com, new_link:/s?id=1578251560450088565&wfr=pc&fr=app_lst
2017-09-16 16:07:53,177 - [webpage_parser.py:65] - INFO - procotol:https, hostname:baijia.baidu.com, new_link:/s?id=1578233654535496137&wfr=pc&fr=app_lst
2017-09-16 16:07:53,177 - [webpage_parser.py:65] - INFO - procotol:https, hostname:baijia.baidu.com, new_link:/s?id=1578233654535496137&wfr=pc&fr=app_lst
2017-09-16 16:07:53,178 - [webpage_parser.py:65] - INFO - procotol:https, hostname:baijia.baidu.com, new_link:/s?id=1578230861453138969&wfr=pc&fr=app_lst
2017-09-16 16:07:53,179 - [webpage_parser.py:65] - INFO - procotol:https, hostname:baijia.baidu.com, new_link:/s?id=1578230861453138969&wfr=pc&fr=app_lst
2017-09-16 16:07:53,179 - [webpage_parser.py:65] - INFO - procotol:https, hostname:baijia.baidu.com, new_link:/s?id=1578212754483464364&wfr=pc&fr=app_lst
2017-09-16 16:07:53,180 - [webpage_parser.py:65] - INFO - procotol:https, hostname:baijia.baidu.com, new_link:/s?id=1578212754483464364&wfr=pc&fr=app_lst
2017-09-16 16:07:53,192 - [webpage_parser.py:65] - INFO - procotol:https, hostname:baijia.baidu.com, new_link:/s?id=1578127881715020037&wfr=pc&fr=app_lst
2017-09-16 16:07:53,295 - [webpage_parser.py:65] - INFO - procotol:https, hostname:baijia.baidu.com, new_link:/s?id=1578127881715020037&wfr=pc&fr=app_lst
2017-09-16 16:07:53,381 - [webpage_parser.py:65] - INFO - procotol:https, hostname:baijia.baidu.com, new_link:/s?id=1578118972104793812&wfr=pc&fr=app_lst
2017-09-16 16:07:53,552 - [webpage_parser.py:65] - INFO - procotol:https, hostname:baijia.baidu.com, new_link:/s?id=1578118972104793812&wfr=pc&fr=app_lst
2017-09-16 16:07:53,577 - [webpage_parser.py:65] - INFO - procotol:https, hostname:baijia.baidu.com, new_link:/s?id=1578115396727682664&wfr=pc&fr=app_lst
2017-09-16 16:07:53,645 - [webpage_parser.py:65] - INFO - procotol:https, hostname:baijia.baidu.com, new_link:/s?id=1578115396727682664&wfr=pc&fr=app_lst
2017-09-16 16:07:53,661 - [webpage_parser.py:65] - INFO - procotol:https, hostname:baijia.baidu.com, new_link:/s?id=1578075060397956572&wfr=pc&fr=app_lst
2017-09-16 16:07:53,662 - [webpage_parser.py:65] - INFO - procotol:https, hostname:baijia.baidu.com, new_link:/s?id=1578075060397956572&wfr=pc&fr=app_lst
2017-09-16 16:07:53,664 - [webpage_parser.py:65] - INFO - procotol:https, hostname:baijia.baidu.com, new_link:/s?id=1577960243842282632&wfr=pc&fr=app_lst
2017-09-16 16:07:53,666 - [webpage_parser.py:65] - INFO - procotol:https, hostname:baijia.baidu.com, new_link:/s?id=1577960243842282632&wfr=pc&fr=app_lst
2017-09-16 16:07:53,686 - [webpage_saver.py:45] - INFO - url https://baijia.baidu.com/u?app_id=1536767517568852 is not match
2017-09-16 16:07:54,389 - [webpage_parser.py:65] - INFO - procotol:http, hostname:v.baidu.com, new_link:javascript:void(0)
2017-09-16 16:07:54,390 - [webpage_parser.py:65] - INFO - procotol:http, hostname:v.baidu.com, new_link:javascript:;
2017-09-16 16:07:54,449 - [webpage_saver.py:45] - INFO - url http://v.baidu.com/ is not match
2017-09-16 16:07:56,536 - [connectionpool.py:207] - DEBUG - Starting new HTTP connection (1): xinwen.eastday.com
2017-09-16 16:07:56,543 - [connectionpool.py:207] - DEBUG - Starting new HTTP connection (1): xinwen.eastday.com
2017-09-16 16:07:56,547 - [connectionpool.py:818] - DEBUG - Starting new HTTPS connection (1): baijia.baidu.com
2017-09-16 16:07:56,553 - [connectionpool.py:818] - DEBUG - Starting new HTTPS connection (1): baijia.baidu.com
2017-09-16 16:07:56,555 - [connectionpool.py:207] - DEBUG - Starting new HTTP connection (1): music.baidu.com
2017-09-16 16:07:56,555 - [connectionpool.py:207] - DEBUG - Starting new HTTP connection (1): tousu.baidu.com
2017-09-16 16:07:56,556 - [connectionpool.py:207] - DEBUG - Starting new HTTP connection (1): world.huanqiu.com
2017-09-16 16:07:56,557 - [connectionpool.py:818] - DEBUG - Starting new HTTPS connection (1): www.baidu.com
2017-09-16 16:07:57,002 - [connectionpool.py:395] - DEBUG - http://xinwen.eastday.com:80 "GET /a/xjump.html?id=n170916084846365 HTTP/1.1" 200 3162
2017-09-16 16:07:57,010 - [webpage_saver.py:45] - INFO - url http://xinwen.eastday.com/a/xjump.html?id=n170916084846365 is not match
2017-09-16 16:07:57,014 - [connectionpool.py:395] - DEBUG - http://xinwen.eastday.com:80 "GET /a/xjump.html?id=n170916074314051 HTTP/1.1" 200 3162
2017-09-16 16:07:57,021 - [webpage_saver.py:45] - INFO - url http://xinwen.eastday.com/a/xjump.html?id=n170916074314051 is not match
2017-09-16 16:07:57,296 - [connectionpool.py:395] - DEBUG - https://baijia.baidu.com:443 "GET /s?id=1578577505038446664 HTTP/1.1" 200 None
2017-09-16 16:07:57,303 - [connectionpool.py:395] - DEBUG - https://baijia.baidu.com:443 "GET /s?id=1578504898616167009 HTTP/1.1" 200 None
2017-09-16 16:07:57,375 - [webpage_parser.py:65] - INFO - procotol:https, hostname:baijia.baidu.com, new_link:/
2017-09-16 16:07:57,376 - [webpage_parser.py:65] - INFO - procotol:https, hostname:baijia.baidu.com, new_link:/
2017-09-16 16:07:57,401 - [webpage_parser.py:65] - INFO - procotol:https, hostname:baijia.baidu.com, new_link:/channel?cat=1
2017-09-16 16:07:57,441 - [webpage_parser.py:65] - INFO - procotol:https, hostname:baijia.baidu.com, new_link:/
2017-09-16 16:07:57,442 - [webpage_parser.py:65] - INFO - procotol:https, hostname:baijia.baidu.com, new_link:/channel?cat=2
2017-09-16 16:07:57,442 - [webpage_parser.py:65] - INFO - procotol:https, hostname:baijia.baidu.com, new_link:/
2017-09-16 16:07:57,443 - [webpage_parser.py:65] - INFO - procotol:https, hostname:baijia.baidu.com, new_link:/channel?cat=3
2017-09-16 16:07:57,443 - [webpage_parser.py:65] - INFO - procotol:https, hostname:baijia.baidu.com, new_link:/channel?cat=1
2017-09-16 16:07:57,444 - [webpage_parser.py:65] - INFO - procotol:https, hostname:baijia.baidu.com, new_link:/channel?cat=4
2017-09-16 16:07:57,444 - [webpage_parser.py:65] - INFO - procotol:https, hostname:baijia.baidu.com, new_link:/channel?cat=2
2017-09-16 16:07:57,445 - [webpage_parser.py:65] - INFO - procotol:https, hostname:baijia.baidu.com, new_link:/channel?cat=5
2017-09-16 16:07:57,445 - [webpage_parser.py:65] - INFO - procotol:https, hostname:baijia.baidu.com, new_link:/channel?cat=3
2017-09-16 16:07:57,445 - [webpage_parser.py:65] - INFO - procotol:https, hostname:baijia.baidu.com, new_link:/u?app_id=1536767684387819&wfr=pc&fr=new_lst
2017-09-16 16:07:57,446 - [webpage_parser.py:65] - INFO - procotol:https, hostname:baijia.baidu.com, new_link:/channel?cat=4
2017-09-16 16:07:57,446 - [webpage_parser.py:65] - INFO - procotol:https, hostname:baijia.baidu.com, new_link:/s?id=1568282453563110&wfr=pc&fr=new_lst
2017-09-16 16:07:57,448 - [webpage_parser.py:65] - INFO - procotol:https, hostname:baijia.baidu.com, new_link:/channel?cat=5
2017-09-16 16:07:57,449 - [webpage_parser.py:65] - INFO - procotol:https, hostname:baijia.baidu.com, new_link:/s?id=1568282452740326&wfr=pc&fr=new_lst
2017-09-16 16:07:57,450 - [webpage_parser.py:65] - INFO - procotol:https, hostname:baijia.baidu.com, new_link:/u?app_id=1536766541482661&wfr=pc&fr=new_lst
2017-09-16 16:07:57,451 - [webpage_parser.py:65] - INFO - procotol:https, hostname:baijia.baidu.com, new_link:/s?id=1578504898616167009&wfr=pc&fr=new_top
2017-09-16 16:07:57,451 - [webpage_parser.py:65] - INFO - procotol:https, hostname:baijia.baidu.com, new_link:/s?id=1578505728737371787&wfr=pc&fr=new_lst
2017-09-16 16:07:57,452 - [webpage_parser.py:65] - INFO - procotol:https, hostname:baijia.baidu.com, new_link:/s?id=1578623174990307367&wfr=pc&fr=new_top
2017-09-16 16:07:57,452 - [webpage_parser.py:65] - INFO - procotol:https, hostname:baijia.baidu.com, new_link:/s?id=1578504898616167009&wfr=pc&fr=new_lst
2017-09-16 16:07:57,453 - [webpage_parser.py:65] - INFO - procotol:https, hostname:baijia.baidu.com, new_link:/u?app_id=1536772658226902&wfr=pc&fr=new_top
2017-09-16 16:07:57,453 - [webpage_parser.py:65] - INFO - procotol:https, hostname:baijia.baidu.com, new_link:/s?id=1578344770465177057&wfr=pc&fr=new_lst
2017-09-16 16:07:57,453 - [webpage_parser.py:65] - INFO - procotol:https, hostname:baijia.baidu.com, new_link:/s?id=1578607976201766738&wfr=pc&fr=new_top
2017-09-16 16:07:57,454 - [webpage_parser.py:65] - INFO - procotol:https, hostname:baijia.baidu.com, new_link:/s?id=1578301952585101420&wfr=pc&fr=new_lst
2017-09-16 16:07:57,454 - [webpage_parser.py:65] - INFO - procotol:https, hostname:baijia.baidu.com, new_link:/u?app_id=1542908067534756&wfr=pc&fr=new_top
2017-09-16 16:07:57,455 - [webpage_parser.py:65] - INFO - procotol:https, hostname:baijia.baidu.com, new_link:/u?app_id=1536766541482661&wfr=pc&fr=new_lst
2017-09-16 16:07:57,455 - [webpage_parser.py:65] - INFO - procotol:https, hostname:baijia.baidu.com, new_link:/s?id=1578577505038446664&wfr=pc&fr=new_top
2017-09-16 16:07:57,457 - [webpage_parser.py:65] - INFO - procotol:https, hostname:baijia.baidu.com, new_link:/s?id=1578504898616167009&wfr=pc&fr=new_top
2017-09-16 16:07:57,457 - [webpage_parser.py:65] - INFO - procotol:https, hostname:baijia.baidu.com, new_link:/u?app_id=1536767684387819&wfr=pc&fr=new_top
2017-09-16 16:07:57,458 - [webpage_parser.py:65] - INFO - procotol:https, hostname:baijia.baidu.com, new_link:/s?id=1578623174990307367&wfr=pc&fr=new_top
2017-09-16 16:07:57,458 - [webpage_parser.py:65] - INFO - procotol:https, hostname:baijia.baidu.com, new_link:/s?id=1578593165078946033&wfr=pc&fr=new_top
2017-09-16 16:07:57,458 - [webpage_parser.py:65] - INFO - procotol:https, hostname:baijia.baidu.com, new_link:/u?app_id=1536772658226902&wfr=pc&fr=new_top
2017-09-16 16:07:57,460 - [connectionpool.py:395] - DEBUG - http://music.baidu.com:80 "GET / HTTP/1.1" 200 None
2017-09-16 16:07:57,460 - [webpage_parser.py:65] - INFO - procotol:https, hostname:baijia.baidu.com, new_link:/u?app_id=1536767517568852&wfr=pc&fr=new_top
2017-09-16 16:07:57,461 - [webpage_parser.py:65] - INFO - procotol:https, hostname:baijia.baidu.com, new_link:/s?id=1578607976201766738&wfr=pc&fr=new_top
2017-09-16 16:07:57,464 - [connectionpool.py:395] - DEBUG - http://tousu.baidu.com:80 "GET /news/add HTTP/1.1" 302 None
2017-09-16 16:07:57,464 - [connectionpool.py:395] - DEBUG - http://world.huanqiu.com:80 "GET /article/2017-09/11253500.html?from=bdwz HTTP/1.1" 200 7890
2017-09-16 16:07:57,465 - [webpage_parser.py:65] - INFO - procotol:https, hostname:baijia.baidu.com, new_link:/s?id=1578557257887453884&wfr=pc&fr=new_top
2017-09-16 16:07:57,465 - [webpage_parser.py:65] - INFO - procotol:https, hostname:baijia.baidu.com, new_link:/u?app_id=1542908067534756&wfr=pc&fr=new_top
2017-09-16 16:07:57,468 - [webpage_parser.py:65] - INFO - procotol:https, hostname:baijia.baidu.com, new_link:/u?app_id=1536766549127199&wfr=pc&fr=new_top
2017-09-16 16:07:57,470 - [webpage_parser.py:65] - INFO - procotol:https, hostname:baijia.baidu.com, new_link:/s?id=1578577505038446664&wfr=pc&fr=new_top
2017-09-16 16:07:57,475 - [webpage_parser.py:65] - INFO - procotol:https, hostname:baijia.baidu.com, new_link:/s?id=1578507534024718953&wfr=pc&fr=new_top
2017-09-16 16:07:57,476 - [webpage_parser.py:65] - INFO - procotol:https, hostname:baijia.baidu.com, new_link:/u?app_id=1536767684387819&wfr=pc&fr=new_top
2017-09-16 16:07:57,477 - [webpage_parser.py:65] - INFO - procotol:https, hostname:baijia.baidu.com, new_link:/u?app_id=1536766289627322&wfr=pc&fr=new_top
2017-09-16 16:07:57,477 - [webpage_parser.py:65] - INFO - procotol:https, hostname:baijia.baidu.com, new_link:/s?id=1578593165078946033&wfr=pc&fr=new_top
2017-09-16 16:07:57,478 - [connectionpool.py:207] - DEBUG - Starting new HTTP connection (1): help.baidu.com
2017-09-16 16:07:57,478 - [webpage_parser.py:65] - INFO - procotol:https, hostname:baijia.baidu.com, new_link:/s?id=1578558686663240107&wfr=pc&fr=new_top
2017-09-16 16:07:57,478 - [webpage_parser.py:65] - INFO - procotol:https, hostname:baijia.baidu.com, new_link:/u?app_id=1536767517568852&wfr=pc&fr=new_top
2017-09-16 16:07:57,480 - [webpage_parser.py:65] - INFO - procotol:https, hostname:baijia.baidu.com, new_link:/u?app_id=1536766474050767&wfr=pc&fr=new_top
2017-09-16 16:07:57,480 - [webpage_parser.py:65] - INFO - procotol:https, hostname:baijia.baidu.com, new_link:/s?id=1578557257887453884&wfr=pc&fr=new_top
2017-09-16 16:07:57,481 - [webpage_parser.py:65] - INFO - procotol:https, hostname:baijia.baidu.com, new_link:/s?id=1578653355907666885&wfr=pc&fr=new_top
2017-09-16 16:07:57,481 - [webpage_parser.py:65] - INFO - procotol:https, hostname:baijia.baidu.com, new_link:/u?app_id=1536766549127199&wfr=pc&fr=new_top
2017-09-16 16:07:57,482 - [webpage_parser.py:65] - INFO - procotol:https, hostname:baijia.baidu.com, new_link:/u?app_id=1536766737196056&wfr=pc&fr=new_top
2017-09-16 16:07:57,551 - [webpage_parser.py:65] - INFO - procotol:http, hostname:world.huanqiu.com, new_link:javascript:doZoom(14)
2017-09-16 16:07:57,551 - [webpage_parser.py:65] - INFO - procotol:https, hostname:baijia.baidu.com, new_link:/s?id=1578507534024718953&wfr=pc&fr=new_top
2017-09-16 16:07:57,552 - [webpage_parser.py:65] - INFO - procotol:https, hostname:baijia.baidu.com, new_link:/s?id=1578548392389415079&wfr=pc&fr=new_top
2017-09-16 16:07:57,553 - [webpage_parser.py:65] - INFO - procotol:http, hostname:world.huanqiu.com, new_link:javascript:doZoom(16)
2017-09-16 16:07:57,553 - [webpage_parser.py:65] - INFO - procotol:https, hostname:baijia.baidu.com, new_link:/u?app_id=1536766289627322&wfr=pc&fr=new_top
2017-09-16 16:07:57,554 - [webpage_parser.py:65] - INFO - procotol:https, hostname:baijia.baidu.com, new_link:/u?app_id=1536767911508436&wfr=pc&fr=new_top
2017-09-16 16:07:57,554 - [webpage_parser.py:65] - INFO - procotol:http, hostname:world.huanqiu.com, new_link:#frame_content
2017-09-16 16:07:57,555 - [webpage_parser.py:65] - INFO - procotol:https, hostname:baijia.baidu.com, new_link:/s?id=1578558686663240107&wfr=pc&fr=new_top
2017-09-16 16:07:57,555 - [webpage_parser.py:65] - INFO - procotol:https, hostname:baijia.baidu.com, new_link:/s?id=1578208807638478293&wfr=pc&fr=new_top
2017-09-16 16:07:57,557 - [webpage_parser.py:65] - INFO - procotol:http, hostname:world.huanqiu.com, new_link:mailto:jubao@huanqiu.com
2017-09-16 16:07:57,558 - [webpage_parser.py:65] - INFO - procotol:https, hostname:baijia.baidu.com, new_link:/u?app_id=1536766474050767&wfr=pc&fr=new_top
2017-09-16 16:07:57,558 - [webpage_parser.py:65] - INFO - procotol:https, hostname:baijia.baidu.com, new_link:/s?id=1578410468853518882&wfr=pc&fr=new_top
2017-09-16 16:07:57,616 - [connectionpool.py:395] - DEBUG - https://www.baidu.com:443 "GET / HTTP/1.1" 200 None
2017-09-16 16:07:57,643 - [webpage_parser.py:65] - INFO - procotol:https, hostname:baijia.baidu.com, new_link:/u?app_id=1536767911508436&wfr=pc&fr=new_top
2017-09-16 16:07:57,643 - [webpage_parser.py:65] - INFO - procotol:https, hostname:baijia.baidu.com, new_link:/s?id=1578653355907666885&wfr=pc&fr=new_top
2017-09-16 16:07:57,704 - [webpage_saver.py:45] - INFO - url http://world.huanqiu.com/article/2017-09/11253500.html?from=bdwz is not match
2017-09-16 16:07:57,705 - [webpage_parser.py:65] - INFO - procotol:https, hostname:baijia.baidu.com, new_link:/s?id=1578129331659506891&wfr=pc&fr=new_top
2017-09-16 16:07:57,778 - [webpage_parser.py:65] - INFO - procotol:https, hostname:baijia.baidu.com, new_link:/u?app_id=1536766737196056&wfr=pc&fr=new_top
2017-09-16 16:07:57,779 - [connectionpool.py:395] - DEBUG - http://help.baidu.com:80 "GET /news/add HTTP/1.1" 200 None
2017-09-16 16:07:57,779 - [webpage_parser.py:65] - INFO - procotol:https, hostname:baijia.baidu.com, new_link:/u?app_id=1536774014301697&wfr=pc&fr=new_top
2017-09-16 16:07:57,780 - [webpage_parser.py:65] - INFO - procotol:https, hostname:baijia.baidu.com, new_link:/s?id=1578548392389415079&wfr=pc&fr=new_top
2017-09-16 16:07:57,795 - [webpage_parser.py:65] - INFO - procotol:https, hostname:baijia.baidu.com, new_link:/s?id=1578374273180822002&wfr=pc&fr=new_top
2017-09-16 16:07:57,813 - [webpage_parser.py:65] - INFO - procotol:https, hostname:baijia.baidu.com, new_link:/u?app_id=1536767911508436&wfr=pc&fr=new_top
2017-09-16 16:07:57,825 - [webpage_parser.py:65] - INFO - procotol:https, hostname:baijia.baidu.com, new_link:/u?app_id=1536766474050767&wfr=pc&fr=new_top
2017-09-16 16:07:57,836 - [webpage_parser.py:65] - INFO - procotol:https, hostname:baijia.baidu.com, new_link:/s?id=1578208807638478293&wfr=pc&fr=new_top
2017-09-16 16:07:57,844 - [webpage_parser.py:65] - INFO - procotol:https, hostname:baijia.baidu.com, new_link:/s?id=1578373838877672334&wfr=pc&fr=new_top
2017-09-16 16:07:57,846 - [webpage_parser.py:65] - INFO - procotol:https, hostname:baijia.baidu.com, new_link:/s?id=1578410468853518882&wfr=pc&fr=new_top
2017-09-16 16:07:57,857 - [webpage_saver.py:45] - INFO - url https://www.baidu.com/ is not match
2017-09-16 16:07:57,858 - [webpage_parser.py:65] - INFO - procotol:https, hostname:baijia.baidu.com, new_link:/u?app_id=1536766549127199&wfr=pc&fr=new_top
2017-09-16 16:07:57,868 - [webpage_parser.py:65] - INFO - procotol:https, hostname:baijia.baidu.com, new_link:/u?app_id=1536767911508436&wfr=pc&fr=new_top
2017-09-16 16:07:57,933 - [webpage_parser.py:65] - INFO - procotol:https, hostname:baijia.baidu.com, new_link:/s?id=1578123833701584481&wfr=pc&fr=new_top
2017-09-16 16:07:57,985 - [webpage_parser.py:65] - INFO - procotol:https, hostname:baijia.baidu.com, new_link:/s?id=1578129331659506891&wfr=pc&fr=new_top
2017-09-16 16:07:57,986 - [webpage_parser.py:65] - INFO - procotol:https, hostname:baijia.baidu.com, new_link:/u?app_id=1536766231434959&wfr=pc&fr=new_top
2017-09-16 16:07:58,009 - [webpage_parser.py:65] - INFO - procotol:http, hostname:music.baidu.com, new_link:/user/message
2017-09-16 16:07:58,013 - [webpage_parser.py:65] - INFO - procotol:https, hostname:baijia.baidu.com, new_link:/u?app_id=1536774014301697&wfr=pc&fr=new_top
2017-09-16 16:07:58,015 - [webpage_parser.py:65] - INFO - procotol:https, hostname:baijia.baidu.com, new_link:/s?id=1578240209069435195&wfr=pc&fr=new_top
2017-09-16 16:07:58,023 - [webpage_parser.py:65] - INFO - procotol:http, hostname:music.baidu.com, new_link:javascript:;
2017-09-16 16:07:58,024 - [webpage_parser.py:65] - INFO - procotol:http, hostname:music.baidu.com, new_link:javascript:;
2017-09-16 16:07:58,025 - [webpage_parser.py:65] - INFO - procotol:https, hostname:baijia.baidu.com, new_link:/s?id=1578374273180822002&wfr=pc&fr=new_top
2017-09-16 16:07:58,026 - [webpage_parser.py:65] - INFO - procotol:https, hostname:baijia.baidu.com, new_link:/u?app_id=1536766719453005&wfr=pc&fr=new_top
2017-09-16 16:07:58,026 - [webpage_parser.py:65] - INFO - procotol:http, hostname:music.baidu.com, new_link:/feedback
2017-09-16 16:07:58,027 - [webpage_parser.py:65] - INFO - procotol:https, hostname:baijia.baidu.com, new_link:/u?app_id=1536766474050767&wfr=pc&fr=new_top
2017-09-16 16:07:58,028 - [webpage_parser.py:65] - INFO - procotol:https, hostname:baijia.baidu.com, new_link:/s?id=1578365804884109727&wfr=pc&fr=new_top
2017-09-16 16:07:58,028 - [webpage_parser.py:65] - INFO - procotol:http, hostname:music.baidu.com, new_link:javascript:;
2017-09-16 16:07:58,029 - [webpage_parser.py:65] - INFO - procotol:https, hostname:baijia.baidu.com, new_link:/s?id=1578373838877672334&wfr=pc&fr=new_top
2017-09-16 16:07:58,030 - [webpage_parser.py:65] - INFO - procotol:https, hostname:baijia.baidu.com, new_link:/u?app_id=1536768690718780&wfr=pc&fr=new_top
2017-09-16 16:07:58,031 - [webpage_parser.py:65] - INFO - procotol:http, hostname:music.baidu.com, new_link:/
2017-09-16 16:07:58,033 - [webpage_parser.py:65] - INFO - procotol:https, hostname:baijia.baidu.com, new_link:/u?app_id=1536766549127199&wfr=pc&fr=new_top
2017-09-16 16:07:58,037 - [webpage_parser.py:65] - INFO - procotol:https, hostname:baijia.baidu.com, new_link:/s?id=1578123833701584481&wfr=pc&fr=new_top
2017-09-16 16:07:58,038 - [webpage_parser.py:65] - INFO - procotol:https, hostname:baijia.baidu.com, new_link:/u?app_id=1536766231434959&wfr=pc&fr=new_top
2017-09-16 16:07:58,034 - [webpage_parser.py:65] - INFO - procotol:https, hostname:baijia.baidu.com, new_link:/s?id=1578275578438991585&wfr=pc&fr=new_top
2017-09-16 16:07:58,039 - [webpage_parser.py:65] - INFO - procotol:https, hostname:baijia.baidu.com, new_link:/s?id=1578240209069435195&wfr=pc&fr=new_top
2017-09-16 16:07:58,036 - [webpage_parser.py:65] - INFO - procotol:http, hostname:music.baidu.com, new_link:/search?key=赵传《看不见的地方》
2017-09-16 16:07:58,040 - [webpage_parser.py:65] - INFO - procotol:https, hostname:baijia.baidu.com, new_link:/u?app_id=1536768690718780&wfr=pc&fr=new_top
2017-09-16 16:07:58,043 - [webpage_parser.py:65] - INFO - procotol:https, hostname:baijia.baidu.com, new_link:/u?app_id=1536766719453005&wfr=pc&fr=new_top
2017-09-16 16:07:58,046 - [webpage_parser.py:65] - INFO - procotol:http, hostname:music.baidu.com, new_link:/search?key=薛之谦
2017-09-16 16:07:58,047 - [webpage_parser.py:65] - INFO - procotol:https, hostname:baijia.baidu.com, new_link:/s?id=1578233654535496137&wfr=pc&fr=new_top
2017-09-16 16:07:58,050 - [webpage_parser.py:65] - INFO - procotol:https, hostname:baijia.baidu.com, new_link:/s?id=1578365804884109727&wfr=pc&fr=new_top
2017-09-16 16:07:58,052 - [webpage_parser.py:65] - INFO - procotol:http, hostname:music.baidu.com, new_link:/search?key=五月天
2017-09-16 16:07:58,057 - [webpage_parser.py:65] - INFO - procotol:https, hostname:baijia.baidu.com, new_link:/u?app_id=1536767517568852&wfr=pc&fr=new_top
2017-09-16 16:07:58,062 - [webpage_parser.py:65] - INFO - procotol:https, hostname:baijia.baidu.com, new_link:/u?app_id=1536768690718780&wfr=pc&fr=new_top
2017-09-16 16:07:58,063 - [webpage_parser.py:65] - INFO - procotol:http, hostname:music.baidu.com, new_link:/search?key=《战狼2》电影原声带
2017-09-16 16:07:58,065 - [webpage_parser.py:65] - INFO - procotol:https, hostname:baijia.baidu.com, new_link:/u?app_id=1536767684387819&wfr=pc&fr=new_dtl
2017-09-16 16:07:58,067 - [webpage_parser.py:65] - INFO - procotol:https, hostname:baijia.baidu.com, new_link:/s?id=1578275578438991585&wfr=pc&fr=new_top
2017-09-16 16:07:58,068 - [webpage_parser.py:65] - INFO - procotol:http, hostname:music.baidu.com, new_link:/search?key=Kesha《Rainbow》
2017-09-16 16:07:58,071 - [webpage_parser.py:65] - INFO - procotol:https, hostname:baijia.baidu.com, new_link:/u?app_id=1536768690718780&wfr=pc&fr=new_top
2017-09-16 16:07:58,072 - [webpage_parser.py:65] - INFO - procotol:http, hostname:music.baidu.com, new_link:/search?key=平安
2017-09-16 16:07:58,073 - [webpage_parser.py:65] - INFO - procotol:https, hostname:baijia.baidu.com, new_link:/s?id=1578233654535496137&wfr=pc&fr=new_top
2017-09-16 16:07:58,077 - [webpage_parser.py:65] - INFO - procotol:http, hostname:music.baidu.com, new_link:/search?key=宋词辑壹
2017-09-16 16:07:58,078 - [webpage_saver.py:45] - INFO - url https://baijia.baidu.com/s?id=1578577505038446664 is not match
2017-09-16 16:07:58,079 - [webpage_parser.py:65] - INFO - procotol:https, hostname:baijia.baidu.com, new_link:/u?app_id=1536767517568852&wfr=pc&fr=new_top
2017-09-16 16:07:58,079 - [webpage_parser.py:65] - INFO - procotol:http, hostname:music.baidu.com, new_link:/search?key=莫文蔚
2017-09-16 16:07:58,082 - [webpage_parser.py:65] - INFO - procotol:http, hostname:music.baidu.com, new_link:/search?key=李宗盛
2017-09-16 16:07:58,083 - [webpage_parser.py:65] - INFO - procotol:http, hostname:music.baidu.com, new_link:/search?key=lrc
2017-09-16 16:07:58,083 - [webpage_parser.py:65] - INFO - procotol:https, hostname:baijia.baidu.com, new_link:/u?app_id=1536766541482661&wfr=pc&fr=new_dtl
2017-09-16 16:07:58,085 - [webpage_parser.py:65] - INFO - procotol:http, hostname:music.baidu.com, new_link:/search?key=周杰伦
2017-09-16 16:07:58,090 - [webpage_saver.py:45] - INFO - url https://baijia.baidu.com/s?id=1578504898616167009 is not match
2017-09-16 16:07:58,090 - [webpage_parser.py:65] - INFO - procotol:http, hostname:music.baidu.com, new_link:/search?key=林忆莲《我不能忘记你》
2017-09-16 16:07:58,091 - [webpage_parser.py:65] - INFO - procotol:http, hostname:music.baidu.com, new_link:/search?key=音乐
2017-09-16 16:07:58,092 - [webpage_parser.py:65] - INFO - procotol:http, hostname:music.baidu.com, new_link:/search?key=五月天
2017-09-16 16:07:58,093 - [webpage_parser.py:65] - INFO - procotol:http, hostname:music.baidu.com, new_link:/search?key=李宗盛
2017-09-16 16:07:58,094 - [webpage_parser.py:65] - INFO - procotol:http, hostname:music.baidu.com, new_link:/search?key=凉凉
2017-09-16 16:07:58,096 - [webpage_parser.py:65] - INFO - procotol:http, hostname:music.baidu.com, new_link:/search?key=梁静茹
2017-09-16 16:07:58,098 - [webpage_parser.py:65] - INFO - procotol:http, hostname:music.baidu.com, new_link:/search?key=刚好遇见你
2017-09-16 16:07:58,103 - [webpage_parser.py:65] - INFO - procotol:http, hostname:music.baidu.com, new_link:/search?key=张杰
2017-09-16 16:07:58,109 - [webpage_parser.py:65] - INFO - procotol:http, hostname:music.baidu.com, new_link:/search?key=成都
2017-09-16 16:07:58,112 - [webpage_parser.py:65] - INFO - procotol:http, hostname:music.baidu.com, new_link:/search?key=毛不易
2017-09-16 16:07:58,114 - [webpage_parser.py:65] - INFO - procotol:http, hostname:music.baidu.com, new_link:/search?key=王菲
2017-09-16 16:07:58,120 - [webpage_parser.py:65] - INFO - procotol:http, hostname:music.baidu.com, new_link:/search?key=远走高飞
2017-09-16 16:07:58,123 - [webpage_parser.py:65] - INFO - procotol:http, hostname:music.baidu.com, new_link:/search?key=16799kjcom手机看开奖
2017-09-16 16:07:58,125 - [webpage_parser.py:65] - INFO - procotol:http, hostname:music.baidu.com, new_link:/search?key=儿歌
2017-09-16 16:07:58,126 - [webpage_parser.py:65] - INFO - procotol:http, hostname:music.baidu.com, new_link:/search?key=鹿晗
2017-09-16 16:07:58,127 - [webpage_parser.py:65] - INFO - procotol:http, hostname:music.baidu.com, new_link:/search?key=孙盛希《Between》
2017-09-16 16:07:58,128 - [webpage_parser.py:65] - INFO - procotol:http, hostname:music.baidu.com, new_link:/search?key=漂洋过海来看你
2017-09-16 16:07:58,130 - [webpage_parser.py:65] - INFO - procotol:http, hostname:music.baidu.com, new_link:/search?key=没有你陪伴我真的好孤单
2017-09-16 16:07:58,161 - [webpage_parser.py:65] - INFO - procotol:http, hostname:music.baidu.com, new_link:/search?key=追光者
2017-09-16 16:07:58,171 - [webpage_parser.py:65] - INFO - procotol:http, hostname:tousu.baidu.com, new_link:/index
2017-09-16 16:07:58,172 - [webpage_parser.py:65] - INFO - procotol:http, hostname:music.baidu.com, new_link:/
2017-09-16 16:07:58,173 - [webpage_parser.py:65] - INFO - procotol:http, hostname:tousu.baidu.com, new_link:/index
2017-09-16 16:07:58,173 - [webpage_parser.py:65] - INFO - procotol:http, hostname:music.baidu.com, new_link:/songlist
2017-09-16 16:07:58,174 - [webpage_parser.py:65] - INFO - procotol:http, hostname:tousu.baidu.com, new_link:/index
2017-09-16 16:07:58,174 - [webpage_parser.py:65] - INFO - procotol:http, hostname:music.baidu.com, new_link:/dynamic
2017-09-16 16:07:58,176 - [webpage_parser.py:65] - INFO - procotol:http, hostname:tousu.baidu.com, new_link:/question?prod_id=5
2017-09-16 16:07:58,176 - [webpage_parser.py:65] - INFO - procotol:http, hostname:music.baidu.com, new_link:/artist
2017-09-16 16:07:58,177 - [webpage_parser.py:65] - INFO - procotol:http, hostname:tousu.baidu.com, new_link:#1
2017-09-16 16:07:58,178 - [webpage_parser.py:65] - INFO - procotol:http, hostname:music.baidu.com, new_link:/tag
2017-09-16 16:07:58,178 - [webpage_parser.py:65] - INFO - procotol:http, hostname:tousu.baidu.com, new_link:#2
2017-09-16 16:07:58,179 - [webpage_parser.py:65] - INFO - procotol:http, hostname:music.baidu.com, new_link:/top
2017-09-16 16:07:58,180 - [webpage_parser.py:65] - INFO - procotol:http, hostname:tousu.baidu.com, new_link:#3
2017-09-16 16:07:58,181 - [webpage_parser.py:65] - INFO - procotol:http, hostname:music.baidu.com, new_link:/mv
2017-09-16 16:07:58,182 - [webpage_parser.py:65] - INFO - procotol:http, hostname:tousu.baidu.com, new_link:#4
2017-09-16 16:07:58,184 - [webpage_parser.py:65] - INFO - procotol:http, hostname:music.baidu.com, new_link:javascript:void(0)
2017-09-16 16:07:58,185 - [webpage_parser.py:65] - INFO - procotol:http, hostname:tousu.baidu.com, new_link:#5
2017-09-16 16:07:58,185 - [webpage_parser.py:65] - INFO - procotol:http, hostname:music.baidu.com, new_link:/album/556193901
2017-09-16 16:07:58,186 - [webpage_parser.py:65] - INFO - procotol:http, hostname:tousu.baidu.com, new_link:/pscenter
2017-09-16 16:07:58,186 - [webpage_parser.py:65] - INFO - procotol:http, hostname:music.baidu.com, new_link:/album/555861305
2017-09-16 16:07:58,187 - [webpage_parser.py:65] - INFO - procotol:http, hostname:tousu.baidu.com, new_link:/uploadimg?pid=5&form_id=1&picIdFlag=pic01&category_id=1
2017-09-16 16:07:58,187 - [webpage_parser.py:65] - INFO - procotol:http, hostname:music.baidu.com, new_link:/album/553702360
2017-09-16 16:07:58,188 - [webpage_parser.py:65] - INFO - procotol:http, hostname:tousu.baidu.com, new_link:/uploadimg?pid=5&form_id=1&picIdFlag=pic02&category_id=1
2017-09-16 16:07:58,189 - [webpage_parser.py:65] - INFO - procotol:http, hostname:music.baidu.com, new_link:/album/shoufa
2017-09-16 16:07:58,190 - [webpage_parser.py:65] - INFO - procotol:http, hostname:tousu.baidu.com, new_link:/uploadimg?pid=5&form_id=1&picIdFlag=pic03&category_id=1
2017-09-16 16:07:58,190 - [webpage_parser.py:65] - INFO - procotol:http, hostname:music.baidu.com, new_link:/songlist/509185843?pst=shoufa
2017-09-16 16:07:58,191 - [webpage_parser.py:65] - INFO - procotol:http, hostname:tousu.baidu.com, new_link:/uploadimg?pid=5&form_id=1&picIdFlag=pic04&category_id=1
2017-09-16 16:07:58,193 - [webpage_parser.py:65] - INFO - procotol:http, hostname:music.baidu.com, new_link:javascript:;
2017-09-16 16:07:58,194 - [webpage_parser.py:65] - INFO - procotol:http, hostname:tousu.baidu.com, new_link:/pscenter
2017-09-16 16:07:58,195 - [webpage_parser.py:65] - INFO - procotol:http, hostname:music.baidu.com, new_link:/songlist/509185843?pst=shoufa
2017-09-16 16:07:58,196 - [webpage_parser.py:65] - INFO - procotol:http, hostname:tousu.baidu.com, new_link:/uploadimg?pid=5&form_id=2&picIdFlag=pic01&category_id=2
2017-09-16 16:07:58,197 - [webpage_parser.py:65] - INFO - procotol:http, hostname:music.baidu.com, new_link:/songlist/509185843
2017-09-16 16:07:58,199 - [webpage_parser.py:65] - INFO - procotol:http, hostname:tousu.baidu.com, new_link:/uploadimg?pid=5&form_id=2&picIdFlag=pic02&category_id=2
2017-09-16 16:07:58,201 - [webpage_parser.py:65] - INFO - procotol:http, hostname:music.baidu.com, new_link:/album/556193901?pst=shoufa
2017-09-16 16:07:58,202 - [webpage_parser.py:65] - INFO - procotol:http, hostname:tousu.baidu.com, new_link:/uploadimg?pid=5&form_id=2&picIdFlag=pic03&category_id=2
2017-09-16 16:07:58,202 - [webpage_parser.py:65] - INFO - procotol:http, hostname:music.baidu.com, new_link:javascript:;
2017-09-16 16:07:58,203 - [webpage_parser.py:65] - INFO - procotol:http, hostname:tousu.baidu.com, new_link:/uploadimg?pid=5&form_id=2&picIdFlag=pic04&category_id=2
2017-09-16 16:07:58,203 - [webpage_parser.py:65] - INFO - procotol:http, hostname:music.baidu.com, new_link:/album/556193901?pst=shoufa
2017-09-16 16:07:58,203 - [webpage_parser.py:65] - INFO - procotol:http, hostname:tousu.baidu.com, new_link:/pscenter
2017-09-16 16:07:58,204 - [webpage_parser.py:65] - INFO - procotol:http, hostname:music.baidu.com, new_link:/artist/82366
2017-09-16 16:07:58,204 - [webpage_parser.py:65] - INFO - procotol:http, hostname:tousu.baidu.com, new_link:/uploadimg?pid=5&form_id=4&picIdFlag=pic01&category_id=4
2017-09-16 16:07:58,205 - [webpage_parser.py:65] - INFO - procotol:http, hostname:music.baidu.com, new_link:/album/555861305?pst=shoufa
2017-09-16 16:07:58,205 - [webpage_parser.py:65] - INFO - procotol:http, hostname:tousu.baidu.com, new_link:/uploadimg?pid=5&form_id=4&picIdFlag=pic02&category_id=4
2017-09-16 16:07:58,206 - [webpage_parser.py:65] - INFO - procotol:http, hostname:music.baidu.com, new_link:javascript:;
2017-09-16 16:07:58,206 - [webpage_parser.py:65] - INFO - procotol:http, hostname:tousu.baidu.com, new_link:/uploadimg?pid=5&form_id=4&picIdFlag=pic03&category_id=4
2017-09-16 16:07:58,207 - [webpage_parser.py:65] - INFO - procotol:http, hostname:music.baidu.com, new_link:/album/555861305?pst=shoufa
2017-09-16 16:07:58,208 - [webpage_parser.py:65] - INFO - procotol:http, hostname:tousu.baidu.com, new_link:/uploadimg?pid=5&form_id=4&picIdFlag=pic04&category_id=4
2017-09-16 16:07:58,209 - [webpage_parser.py:65] - INFO - procotol:http, hostname:music.baidu.com, new_link:/artist/1117
2017-09-16 16:07:58,211 - [webpage_parser.py:65] - INFO - procotol:http, hostname:tousu.baidu.com, new_link:/pscenter
2017-09-16 16:07:58,212 - [webpage_parser.py:65] - INFO - procotol:http, hostname:music.baidu.com, new_link:/album/556332272?pst=shoufa
2017-09-16 16:07:58,212 - [webpage_parser.py:65] - INFO - procotol:http, hostname:tousu.baidu.com, new_link:/uploadimg?pid=5&form_id=3&picIdFlag=pic01&category_id=3
2017-09-16 16:07:58,213 - [webpage_parser.py:65] - INFO - procotol:http, hostname:music.baidu.com, new_link:javascript:;
2017-09-16 16:07:58,215 - [webpage_parser.py:65] - INFO - procotol:http, hostname:tousu.baidu.com, new_link:/uploadimg?pid=5&form_id=3&picIdFlag=pic02&category_id=3
2017-09-16 16:07:58,217 - [webpage_parser.py:65] - INFO - procotol:http, hostname:music.baidu.com, new_link:/album/556332272?pst=shoufa
2017-09-16 16:07:58,219 - [webpage_parser.py:65] - INFO - procotol:http, hostname:tousu.baidu.com, new_link:/uploadimg?pid=5&form_id=3&picIdFlag=pic03&category_id=3
2017-09-16 16:07:58,221 - [webpage_parser.py:65] - INFO - procotol:http, hostname:music.baidu.com, new_link:/artist/198820448
2017-09-16 16:07:58,221 - [webpage_parser.py:65] - INFO - procotol:http, hostname:tousu.baidu.com, new_link:/uploadimg?pid=5&form_id=3&picIdFlag=pic04&category_id=3
2017-09-16 16:07:58,222 - [webpage_parser.py:65] - INFO - procotol:http, hostname:music.baidu.com, new_link:/album/553702360?pst=shoufa
2017-09-16 16:07:58,223 - [webpage_parser.py:65] - INFO - procotol:http, hostname:tousu.baidu.com, new_link:/uploadimg?pid=44&form_id=10&picIdFlag=pic01&category_id=1
2017-09-16 16:07:58,223 - [webpage_parser.py:65] - INFO - procotol:http, hostname:music.baidu.com, new_link:javascript:;
2017-09-16 16:07:58,223 - [webpage_parser.py:65] - INFO - procotol:http, hostname:tousu.baidu.com, new_link:/uploadimg?pid=44&form_id=10&picIdFlag=pic02&category_id=1
2017-09-16 16:07:58,224 - [webpage_parser.py:65] - INFO - procotol:http, hostname:music.baidu.com, new_link:/album/553702360?pst=shoufa
2017-09-16 16:07:58,224 - [webpage_parser.py:65] - INFO - procotol:http, hostname:tousu.baidu.com, new_link:/uploadimg?pid=44&form_id=10&picIdFlag=pic03&category_id=1
2017-09-16 16:07:58,225 - [webpage_parser.py:65] - INFO - procotol:http, hostname:music.baidu.com, new_link:/artist/340236035
2017-09-16 16:07:58,225 - [webpage_parser.py:65] - INFO - procotol:http, hostname:tousu.baidu.com, new_link:/uploadimg?pid=44&form_id=10&picIdFlag=pic04&category_id=1
2017-09-16 16:07:58,226 - [webpage_parser.py:65] - INFO - procotol:http, hostname:music.baidu.com, new_link:/album/556479422?pst=shoufa
2017-09-16 16:07:58,226 - [webpage_parser.py:65] - INFO - procotol:http, hostname:tousu.baidu.com, new_link:/question?prod_en=news&class=491&id=1000523
2017-09-16 16:07:58,226 - [webpage_parser.py:65] - INFO - procotol:http, hostname:music.baidu.com, new_link:javascript:;
2017-09-16 16:07:58,227 - [webpage_parser.py:65] - INFO - procotol:http, hostname:tousu.baidu.com, new_link:/question?prod_en=news&class=141&id=1000876
2017-09-16 16:07:58,228 - [webpage_parser.py:65] - INFO - procotol:http, hostname:music.baidu.com, new_link:/album/556479422?pst=shoufa
2017-09-16 16:07:58,228 - [webpage_parser.py:65] - INFO - procotol:http, hostname:tousu.baidu.com, new_link:/question?prod_en=news&class=491&id=1000515
2017-09-16 16:07:58,229 - [webpage_parser.py:65] - INFO - procotol:http, hostname:music.baidu.com, new_link:/artist/340241738
2017-09-16 16:07:58,229 - [webpage_parser.py:65] - INFO - procotol:http, hostname:tousu.baidu.com, new_link:/question?prod_en=news&class=491&id=1000531
2017-09-16 16:07:58,230 - [webpage_parser.py:65] - INFO - procotol:http, hostname:music.baidu.com, new_link:/album/556171950?pst=shoufa
2017-09-16 16:07:58,232 - [webpage_parser.py:65] - INFO - procotol:http, hostname:tousu.baidu.com, new_link:/question?prod_en=news&class=139&id=517
2017-09-16 16:07:58,233 - [webpage_parser.py:65] - INFO - procotol:http, hostname:music.baidu.com, new_link:javascript:;
2017-09-16 16:07:58,235 - [webpage_parser.py:65] - INFO - procotol:http, hostname:tousu.baidu.com, new_link:/question?prod_en=news&class=494&id=1000536
2017-09-16 16:07:58,236 - [webpage_parser.py:65] - INFO - procotol:http, hostname:music.baidu.com, new_link:/album/556171950?pst=shoufa
2017-09-16 16:07:58,237 - [webpage_parser.py:65] - INFO - procotol:http, hostname:tousu.baidu.com, new_link:/question?prod_en=news&class=139&id=518
2017-09-16 16:07:58,238 - [webpage_parser.py:65] - INFO - procotol:http, hostname:music.baidu.com, new_link:/artist/240102777
2017-09-16 16:07:58,238 - [webpage_parser.py:65] - INFO - procotol:http, hostname:tousu.baidu.com, new_link:/question?prod_en=news&class=139&id=516
2017-09-16 16:07:58,239 - [webpage_parser.py:65] - INFO - procotol:http, hostname:music.baidu.com, new_link:/album/556342007?pst=shoufa
2017-09-16 16:07:58,239 - [webpage_parser.py:65] - INFO - procotol:http, hostname:tousu.baidu.com, new_link:/question?prod_en=news&class=430&id=1000074
2017-09-16 16:07:58,240 - [webpage_parser.py:65] - INFO - procotol:http, hostname:music.baidu.com, new_link:javascript:;
2017-09-16 16:07:58,240 - [webpage_parser.py:65] - INFO - procotol:http, hostname:tousu.baidu.com, new_link:/question?prod_en=news&class=141&id=535
2017-09-16 16:07:58,241 - [webpage_parser.py:65] - INFO - procotol:http, hostname:music.baidu.com, new_link:/album/556342007?pst=shoufa
2017-09-16 16:07:58,242 - [webpage_parser.py:65] - INFO - procotol:http, hostname:tousu.baidu.com, new_link:/question?prod_id=5
2017-09-16 16:07:58,243 - [webpage_parser.py:65] - INFO - procotol:http, hostname:music.baidu.com, new_link:/artist/51439659
2017-09-16 16:07:58,247 - [webpage_parser.py:65] - INFO - procotol:http, hostname:music.baidu.com, new_link:/album/556260964?pst=shoufa
2017-09-16 16:07:58,250 - [webpage_parser.py:65] - INFO - procotol:http, hostname:music.baidu.com, new_link:javascript:;
2017-09-16 16:07:58,252 - [webpage_saver.py:45] - INFO - url http://tousu.baidu.com/news/add is not match
2017-09-16 16:07:58,253 - [webpage_parser.py:65] - INFO - procotol:http, hostname:music.baidu.com, new_link:/album/556260964?pst=shoufa
2017-09-16 16:07:58,253 - [webpage_parser.py:65] - INFO - procotol:http, hostname:music.baidu.com, new_link:/artist/121622
2017-09-16 16:07:58,253 - [webpage_parser.py:65] - INFO - procotol:http, hostname:music.baidu.com, new_link:/album/555925272?pst=shoufa
2017-09-16 16:07:58,254 - [webpage_parser.py:65] - INFO - procotol:http, hostname:music.baidu.com, new_link:javascript:;
2017-09-16 16:07:58,254 - [webpage_parser.py:65] - INFO - procotol:http, hostname:music.baidu.com, new_link:/album/555925272?pst=shoufa
2017-09-16 16:07:58,254 - [webpage_parser.py:65] - INFO - procotol:http, hostname:music.baidu.com, new_link:/artist/340062310
2017-09-16 16:07:58,255 - [webpage_parser.py:65] - INFO - procotol:http, hostname:music.baidu.com, new_link:/album/556234290?pst=shoufa
2017-09-16 16:07:58,255 - [webpage_parser.py:65] - INFO - procotol:http, hostname:music.baidu.com, new_link:javascript:;
2017-09-16 16:07:58,255 - [webpage_parser.py:65] - INFO - procotol:http, hostname:music.baidu.com, new_link:/album/556234290?pst=shoufa
2017-09-16 16:07:58,256 - [webpage_parser.py:65] - INFO - procotol:http, hostname:music.baidu.com, new_link:/artist/239948595
2017-09-16 16:07:58,256 - [webpage_parser.py:65] - INFO - procotol:http, hostname:music.baidu.com, new_link:/album/555196549?pst=shoufa
2017-09-16 16:07:58,257 - [webpage_parser.py:65] - INFO - procotol:http, hostname:music.baidu.com, new_link:javascript:;
2017-09-16 16:07:58,258 - [webpage_parser.py:65] - INFO - procotol:http, hostname:music.baidu.com, new_link:/album/555196549?pst=shoufa
2017-09-16 16:07:58,258 - [webpage_parser.py:65] - INFO - procotol:http, hostname:music.baidu.com, new_link:/artist/88008761
2017-09-16 16:07:58,259 - [webpage_parser.py:65] - INFO - procotol:http, hostname:music.baidu.com, new_link:/album/556349160?pst=shoufa
2017-09-16 16:07:58,261 - [webpage_parser.py:65] - INFO - procotol:http, hostname:music.baidu.com, new_link:javascript:;
2017-09-16 16:07:58,263 - [webpage_parser.py:65] - INFO - procotol:http, hostname:music.baidu.com, new_link:/album/556349160?pst=shoufa
2017-09-16 16:07:58,266 - [webpage_parser.py:65] - INFO - procotol:http, hostname:music.baidu.com, new_link:/artist/9144
2017-09-16 16:07:58,267 - [webpage_parser.py:65] - INFO - procotol:http, hostname:music.baidu.com, new_link:/album/555949335?pst=shoufa
2017-09-16 16:07:58,268 - [webpage_parser.py:65] - INFO - procotol:http, hostname:music.baidu.com, new_link:javascript:;
2017-09-16 16:07:58,269 - [webpage_parser.py:65] - INFO - procotol:http, hostname:music.baidu.com, new_link:/album/555949335?pst=shoufa
2017-09-16 16:07:58,270 - [webpage_parser.py:65] - INFO - procotol:http, hostname:music.baidu.com, new_link:/artist/1461
2017-09-16 16:07:58,270 - [webpage_parser.py:65] - INFO - procotol:http, hostname:music.baidu.com, new_link:/album/556255136?pst=shoufa
2017-09-16 16:07:58,271 - [webpage_parser.py:65] - INFO - procotol:http, hostname:music.baidu.com, new_link:javascript:;
2017-09-16 16:07:58,271 - [webpage_parser.py:65] - INFO - procotol:http, hostname:music.baidu.com, new_link:/album/556255136?pst=shoufa
2017-09-16 16:07:58,272 - [webpage_parser.py:65] - INFO - procotol:http, hostname:music.baidu.com, new_link:/artist/209847214
2017-09-16 16:07:58,273 - [webpage_parser.py:65] - INFO - procotol:http, hostname:music.baidu.com, new_link:/album/555985300?pst=shoufa
2017-09-16 16:07:58,274 - [webpage_parser.py:65] - INFO - procotol:http, hostname:music.baidu.com, new_link:javascript:;
2017-09-16 16:07:58,276 - [webpage_parser.py:65] - INFO - procotol:http, hostname:music.baidu.com, new_link:/album/555985300?pst=shoufa
2017-09-16 16:07:58,276 - [webpage_parser.py:65] - INFO - procotol:http, hostname:music.baidu.com, new_link:/artist/340000130
2017-09-16 16:07:58,277 - [webpage_parser.py:65] - INFO - procotol:http, hostname:music.baidu.com, new_link:/album/556061545?pst=shoufa
2017-09-16 16:07:58,278 - [webpage_parser.py:65] - INFO - procotol:http, hostname:music.baidu.com, new_link:javascript:;
2017-09-16 16:07:58,279 - [webpage_parser.py:65] - INFO - procotol:http, hostname:music.baidu.com, new_link:/album/556061545?pst=shoufa
2017-09-16 16:07:58,280 - [webpage_parser.py:65] - INFO - procotol:http, hostname:music.baidu.com, new_link:/artist/232935887
2017-09-16 16:07:58,282 - [webpage_parser.py:65] - INFO - procotol:http, hostname:music.baidu.com, new_link:/album/556034663?pst=shoufa
2017-09-16 16:07:58,283 - [webpage_parser.py:65] - INFO - procotol:http, hostname:music.baidu.com, new_link:javascript:;
2017-09-16 16:07:58,284 - [webpage_parser.py:65] - INFO - procotol:http, hostname:music.baidu.com, new_link:/album/556034663?pst=shoufa
2017-09-16 16:07:58,285 - [webpage_parser.py:65] - INFO - procotol:http, hostname:music.baidu.com, new_link:/artist/87975400
2017-09-16 16:07:58,285 - [webpage_parser.py:65] - INFO - procotol:http, hostname:music.baidu.com, new_link:/album/555877316?pst=shoufa
2017-09-16 16:07:58,285 - [webpage_parser.py:65] - INFO - procotol:http, hostname:music.baidu.com, new_link:javascript:;
2017-09-16 16:07:58,286 - [webpage_parser.py:65] - INFO - procotol:http, hostname:music.baidu.com, new_link:/album/555877316?pst=shoufa
2017-09-16 16:07:58,286 - [webpage_parser.py:65] - INFO - procotol:http, hostname:music.baidu.com, new_link:/artist/2374
2017-09-16 16:07:58,286 - [webpage_parser.py:65] - INFO - procotol:http, hostname:music.baidu.com, new_link:/album/555878052?pst=shoufa
2017-09-16 16:07:58,287 - [webpage_parser.py:65] - INFO - procotol:http, hostname:music.baidu.com, new_link:javascript:;
2017-09-16 16:07:58,287 - [webpage_parser.py:65] - INFO - procotol:http, hostname:music.baidu.com, new_link:/album/555878052?pst=shoufa
2017-09-16 16:07:58,288 - [webpage_parser.py:65] - INFO - procotol:http, hostname:music.baidu.com, new_link:/artist/340229610
2017-09-16 16:07:58,289 - [webpage_parser.py:65] - INFO - procotol:http, hostname:music.baidu.com, new_link:/album/555678187?pst=shoufa
2017-09-16 16:07:58,290 - [webpage_parser.py:65] - INFO - procotol:http, hostname:music.baidu.com, new_link:javascript:;
2017-09-16 16:07:58,290 - [webpage_parser.py:65] - INFO - procotol:http, hostname:music.baidu.com, new_link:/album/555678187?pst=shoufa
2017-09-16 16:07:58,291 - [webpage_parser.py:65] - INFO - procotol:http, hostname:music.baidu.com, new_link:/artist/239907481
2017-09-16 16:07:58,291 - [webpage_parser.py:65] - INFO - procotol:http, hostname:music.baidu.com, new_link:/album/555814287?pst=shoufa
2017-09-16 16:07:58,291 - [webpage_parser.py:65] - INFO - procotol:http, hostname:music.baidu.com, new_link:javascript:;
2017-09-16 16:07:58,291 - [webpage_parser.py:65] - INFO - procotol:http, hostname:music.baidu.com, new_link:/album/555814287?pst=shoufa
2017-09-16 16:07:58,292 - [webpage_parser.py:65] - INFO - procotol:http, hostname:music.baidu.com, new_link:/artist/1099
2017-09-16 16:07:58,292 - [webpage_parser.py:65] - INFO - procotol:http, hostname:music.baidu.com, new_link:/album/555830634?pst=shoufa
2017-09-16 16:07:58,292 - [webpage_parser.py:65] - INFO - procotol:http, hostname:music.baidu.com, new_link:javascript:;
2017-09-16 16:07:58,293 - [webpage_parser.py:65] - INFO - procotol:http, hostname:music.baidu.com, new_link:/album/555830634?pst=shoufa
2017-09-16 16:07:58,293 - [webpage_parser.py:65] - INFO - procotol:http, hostname:music.baidu.com, new_link:/artist/1218
2017-09-16 16:07:58,293 - [webpage_parser.py:65] - INFO - procotol:http, hostname:music.baidu.com, new_link:/album/555831084?pst=shoufa
2017-09-16 16:07:58,293 - [webpage_parser.py:65] - INFO - procotol:http, hostname:music.baidu.com, new_link:javascript:;
2017-09-16 16:07:58,294 - [webpage_parser.py:65] - INFO - procotol:http, hostname:music.baidu.com, new_link:/album/555831084?pst=shoufa
2017-09-16 16:07:58,294 - [webpage_parser.py:65] - INFO - procotol:http, hostname:music.baidu.com, new_link:/artist/1415
2017-09-16 16:07:58,294 - [webpage_parser.py:65] - INFO - procotol:http, hostname:music.baidu.com, new_link:/album/555670628?pst=shoufa
2017-09-16 16:07:58,295 - [webpage_parser.py:65] - INFO - procotol:http, hostname:music.baidu.com, new_link:javascript:;
2017-09-16 16:07:58,295 - [webpage_parser.py:65] - INFO - procotol:http, hostname:music.baidu.com, new_link:/album/555670628?pst=shoufa
2017-09-16 16:07:58,295 - [webpage_parser.py:65] - INFO - procotol:http, hostname:music.baidu.com, new_link:/artist/213813859
2017-09-16 16:07:58,296 - [webpage_parser.py:65] - INFO - procotol:http, hostname:music.baidu.com, new_link:/album/555096090?pst=shoufa
2017-09-16 16:07:58,298 - [webpage_parser.py:65] - INFO - procotol:http, hostname:music.baidu.com, new_link:javascript:;
2017-09-16 16:07:58,298 - [webpage_parser.py:65] - INFO - procotol:http, hostname:music.baidu.com, new_link:/album/555096090?pst=shoufa
2017-09-16 16:07:58,299 - [webpage_parser.py:65] - INFO - procotol:http, hostname:music.baidu.com, new_link:/artist/340239527
2017-09-16 16:07:58,299 - [webpage_parser.py:65] - INFO - procotol:http, hostname:music.baidu.com, new_link:/album/555878516?pst=shoufa
2017-09-16 16:07:58,300 - [webpage_parser.py:65] - INFO - procotol:http, hostname:music.baidu.com, new_link:javascript:;
2017-09-16 16:07:58,300 - [webpage_parser.py:65] - INFO - procotol:http, hostname:music.baidu.com, new_link:/album/555878516?pst=shoufa
2017-09-16 16:07:58,301 - [webpage_parser.py:65] - INFO - procotol:http, hostname:music.baidu.com, new_link:/artist/121622
2017-09-16 16:07:58,301 - [webpage_parser.py:65] - INFO - procotol:http, hostname:music.baidu.com, new_link:/album/555798649?pst=shoufa
2017-09-16 16:07:58,301 - [webpage_parser.py:65] - INFO - procotol:http, hostname:music.baidu.com, new_link:javascript:;
2017-09-16 16:07:58,302 - [webpage_parser.py:65] - INFO - procotol:http, hostname:music.baidu.com, new_link:/album/555798649?pst=shoufa
2017-09-16 16:07:58,302 - [webpage_parser.py:65] - INFO - procotol:http, hostname:music.baidu.com, new_link:/artist/232664242
2017-09-16 16:07:58,302 - [webpage_parser.py:65] - INFO - procotol:http, hostname:music.baidu.com, new_link:/album/555636558?pst=shoufa
2017-09-16 16:07:58,304 - [webpage_parser.py:65] - INFO - procotol:http, hostname:music.baidu.com, new_link:javascript:;
2017-09-16 16:07:58,305 - [webpage_parser.py:65] - INFO - procotol:http, hostname:music.baidu.com, new_link:/album/555636558?pst=shoufa
2017-09-16 16:07:58,306 - [webpage_parser.py:65] - INFO - procotol:http, hostname:music.baidu.com, new_link:/artist/87958701
2017-09-16 16:07:58,308 - [webpage_parser.py:65] - INFO - procotol:http, hostname:music.baidu.com, new_link:/album/555299513?pst=shoufa
2017-09-16 16:07:58,308 - [webpage_parser.py:65] - INFO - procotol:http, hostname:music.baidu.com, new_link:javascript:;
2017-09-16 16:07:58,309 - [webpage_parser.py:65] - INFO - procotol:http, hostname:music.baidu.com, new_link:/album/555299513?pst=shoufa
2017-09-16 16:07:58,312 - [webpage_parser.py:65] - INFO - procotol:http, hostname:music.baidu.com, new_link:/artist/556015
2017-09-16 16:07:58,317 - [webpage_parser.py:65] - INFO - procotol:http, hostname:music.baidu.com, new_link:/album/555530114?pst=shoufa
2017-09-16 16:07:58,319 - [webpage_parser.py:65] - INFO - procotol:http, hostname:music.baidu.com, new_link:javascript:;
2017-09-16 16:07:58,320 - [webpage_parser.py:65] - INFO - procotol:http, hostname:music.baidu.com, new_link:/album/555530114?pst=shoufa
2017-09-16 16:07:58,320 - [webpage_parser.py:65] - INFO - procotol:http, hostname:music.baidu.com, new_link:/artist/239558910
2017-09-16 16:07:58,321 - [webpage_parser.py:65] - INFO - procotol:http, hostname:music.baidu.com, new_link:javascript:;
2017-09-16 16:07:58,322 - [webpage_parser.py:65] - INFO - procotol:http, hostname:music.baidu.com, new_link:/song/552789647
2017-09-16 16:07:58,323 - [webpage_parser.py:65] - INFO - procotol:http, hostname:music.baidu.com, new_link:/artist/51439659
2017-09-16 16:07:58,323 - [webpage_parser.py:65] - INFO - procotol:http, hostname:music.baidu.com, new_link:javascript:;
2017-09-16 16:07:58,324 - [webpage_parser.py:65] - INFO - procotol:http, hostname:music.baidu.com, new_link:javascript:;
2017-09-16 16:07:58,325 - [webpage_parser.py:65] - INFO - procotol:http, hostname:music.baidu.com, new_link:/song/552821206
2017-09-16 16:07:58,326 - [webpage_parser.py:65] - INFO - procotol:http, hostname:music.baidu.com, new_link:/artist/1117
2017-09-16 16:07:58,326 - [webpage_parser.py:65] - INFO - procotol:http, hostname:music.baidu.com, new_link:/artist/1192
2017-09-16 16:07:58,326 - [webpage_parser.py:65] - INFO - procotol:http, hostname:music.baidu.com, new_link:javascript:;
2017-09-16 16:07:58,327 - [webpage_parser.py:65] - INFO - procotol:http, hostname:music.baidu.com, new_link:javascript:;
2017-09-16 16:07:58,327 - [webpage_parser.py:65] - INFO - procotol:http, hostname:music.baidu.com, new_link:/song/554926752
2017-09-16 16:07:58,328 - [webpage_parser.py:65] - INFO - procotol:http, hostname:music.baidu.com, new_link:/artist/1224778
2017-09-16 16:07:58,328 - [webpage_parser.py:65] - INFO - procotol:http, hostname:music.baidu.com, new_link:javascript:;
2017-09-16 16:07:58,328 - [webpage_parser.py:65] - INFO - procotol:http, hostname:music.baidu.com, new_link:javascript:;
2017-09-16 16:07:58,329 - [webpage_parser.py:65] - INFO - procotol:http, hostname:music.baidu.com, new_link:/song/546597997
2017-09-16 16:07:58,330 - [webpage_parser.py:65] - INFO - procotol:http, hostname:music.baidu.com, new_link:/artist/2611
2017-09-16 16:07:58,330 - [webpage_parser.py:65] - INFO - procotol:http, hostname:music.baidu.com, new_link:javascript:;
2017-09-16 16:07:58,330 - [webpage_parser.py:65] - INFO - procotol:http, hostname:music.baidu.com, new_link:javascript:;
2017-09-16 16:07:58,331 - [webpage_parser.py:65] - INFO - procotol:http, hostname:music.baidu.com, new_link:/song/554727338
2017-09-16 16:07:58,331 - [webpage_parser.py:65] - INFO - procotol:http, hostname:music.baidu.com, new_link:/artist/1118
2017-09-16 16:07:58,332 - [webpage_parser.py:65] - INFO - procotol:http, hostname:music.baidu.com, new_link:javascript:;
2017-09-16 16:07:58,333 - [webpage_parser.py:65] - INFO - procotol:http, hostname:music.baidu.com, new_link:javascript:;
2017-09-16 16:07:58,333 - [webpage_parser.py:65] - INFO - procotol:http, hostname:music.baidu.com, new_link:/song/554126256
2017-09-16 16:07:58,334 - [webpage_parser.py:65] - INFO - procotol:http, hostname:music.baidu.com, new_link:/artist/5372
2017-09-16 16:07:58,334 - [webpage_parser.py:65] - INFO - procotol:http, hostname:music.baidu.com, new_link:/artist/1037
2017-09-16 16:07:58,334 - [webpage_parser.py:65] - INFO - procotol:http, hostname:music.baidu.com, new_link:javascript:;
2017-09-16 16:07:58,334 - [webpage_parser.py:65] - INFO - procotol:http, hostname:music.baidu.com, new_link:javascript:;
2017-09-16 16:07:58,335 - [webpage_parser.py:65] - INFO - procotol:http, hostname:music.baidu.com, new_link:/song/552774162
2017-09-16 16:07:58,336 - [webpage_parser.py:65] - INFO - procotol:http, hostname:music.baidu.com, new_link:/artist/2096300
2017-09-16 16:07:58,336 - [webpage_parser.py:65] - INFO - procotol:http, hostname:music.baidu.com, new_link:javascript:;
2017-09-16 16:07:58,337 - [webpage_parser.py:65] - INFO - procotol:http, hostname:music.baidu.com, new_link:javascript:;
2017-09-16 16:07:58,337 - [webpage_parser.py:65] - INFO - procotol:http, hostname:music.baidu.com, new_link:/song/554921520
2017-09-16 16:07:58,337 - [webpage_parser.py:65] - INFO - procotol:http, hostname:music.baidu.com, new_link:/artist/1325
2017-09-16 16:07:58,338 - [webpage_parser.py:65] - INFO - procotol:http, hostname:music.baidu.com, new_link:javascript:;
2017-09-16 16:07:58,338 - [webpage_parser.py:65] - INFO - procotol:http, hostname:music.baidu.com, new_link:javascript:;
2017-09-16 16:07:58,339 - [webpage_parser.py:65] - INFO - procotol:http, hostname:music.baidu.com, new_link:/song/553564825
2017-09-16 16:07:58,339 - [webpage_parser.py:65] - INFO - procotol:http, hostname:music.baidu.com, new_link:/artist/1053
2017-09-16 16:07:58,339 - [webpage_parser.py:65] - INFO - procotol:http, hostname:music.baidu.com, new_link:javascript:;
2017-09-16 16:07:58,340 - [webpage_parser.py:65] - INFO - procotol:http, hostname:music.baidu.com, new_link:javascript:;
2017-09-16 16:07:58,340 - [webpage_parser.py:65] - INFO - procotol:http, hostname:music.baidu.com, new_link:/song/553273212
2017-09-16 16:07:58,340 - [webpage_parser.py:65] - INFO - procotol:http, hostname:music.baidu.com, new_link:/artist/1244
2017-09-16 16:07:58,341 - [webpage_parser.py:65] - INFO - procotol:http, hostname:music.baidu.com, new_link:javascript:;
2017-09-16 16:07:58,341 - [webpage_parser.py:65] - INFO - procotol:http, hostname:music.baidu.com, new_link:javascript:;
2017-09-16 16:07:58,341 - [webpage_parser.py:65] - INFO - procotol:http, hostname:music.baidu.com, new_link:/top/new/?pst=shouyeTop
2017-09-16 16:07:58,342 - [webpage_parser.py:65] - INFO - procotol:http, hostname:music.baidu.com, new_link:javascript:;
2017-09-16 16:07:58,342 - [webpage_parser.py:65] - INFO - procotol:http, hostname:music.baidu.com, new_link:/song/276867440
2017-09-16 16:07:58,343 - [webpage_parser.py:65] - INFO - procotol:http, hostname:music.baidu.com, new_link:/artist/1078
2017-09-16 16:07:58,343 - [webpage_parser.py:65] - INFO - procotol:http, hostname:music.baidu.com, new_link:javascript:;
2017-09-16 16:07:58,343 - [webpage_parser.py:65] - INFO - procotol:http, hostname:music.baidu.com, new_link:javascript:;
2017-09-16 16:07:58,344 - [webpage_parser.py:65] - INFO - procotol:http, hostname:music.baidu.com, new_link:/song/100575177
2017-09-16 16:07:58,344 - [webpage_parser.py:65] - INFO - procotol:http, hostname:music.baidu.com, new_link:/artist/2517
2017-09-16 16:07:58,344 - [webpage_parser.py:65] - INFO - procotol:http, hostname:music.baidu.com, new_link:javascript:;
2017-09-16 16:07:58,345 - [webpage_parser.py:65] - INFO - procotol:http, hostname:music.baidu.com, new_link:javascript:;
2017-09-16 16:07:58,345 - [webpage_parser.py:65] - INFO - procotol:http, hostname:music.baidu.com, new_link:/song/274841326
2017-09-16 16:07:58,346 - [webpage_parser.py:65] - INFO - procotol:http, hostname:music.baidu.com, new_link:/artist/90654808
2017-09-16 16:07:58,346 - [webpage_parser.py:65] - INFO - procotol:http, hostname:music.baidu.com, new_link:javascript:;
2017-09-16 16:07:58,346 - [webpage_parser.py:65] - INFO - procotol:http, hostname:music.baidu.com, new_link:javascript:;
2017-09-16 16:07:58,346 - [webpage_parser.py:65] - INFO - procotol:http, hostname:music.baidu.com, new_link:/song/257535276
2017-09-16 16:07:58,347 - [webpage_parser.py:65] - INFO - procotol:http, hostname:music.baidu.com, new_link:/artist/232949589
2017-09-16 16:07:58,347 - [webpage_parser.py:65] - INFO - procotol:http, hostname:music.baidu.com, new_link:/artist/239550778
2017-09-16 16:07:58,347 - [webpage_parser.py:65] - INFO - procotol:http, hostname:music.baidu.com, new_link:javascript:;
2017-09-16 16:07:58,348 - [webpage_parser.py:65] - INFO - procotol:http, hostname:music.baidu.com, new_link:javascript:;
2017-09-16 16:07:58,349 - [webpage_parser.py:65] - INFO - procotol:http, hostname:music.baidu.com, new_link:/song/121353608
2017-09-16 16:07:58,349 - [webpage_parser.py:65] - INFO - procotol:http, hostname:music.baidu.com, new_link:/artist/132632388
2017-09-16 16:07:58,349 - [webpage_parser.py:65] - INFO - procotol:http, hostname:music.baidu.com, new_link:javascript:;
2017-09-16 16:07:58,350 - [webpage_parser.py:65] - INFO - procotol:http, hostname:music.baidu.com, new_link:javascript:;
2017-09-16 16:07:58,350 - [webpage_parser.py:65] - INFO - procotol:http, hostname:music.baidu.com, new_link:/song/123339030
2017-09-16 16:07:58,350 - [webpage_parser.py:65] - INFO - procotol:http, hostname:music.baidu.com, new_link:/artist/1629
2017-09-16 16:07:58,351 - [webpage_parser.py:65] - INFO - procotol:http, hostname:music.baidu.com, new_link:/artist/1883523
2017-09-16 16:07:58,351 - [webpage_parser.py:65] - INFO - procotol:http, hostname:music.baidu.com, new_link:javascript:;
2017-09-16 16:07:58,351 - [webpage_parser.py:65] - INFO - procotol:http, hostname:music.baidu.com, new_link:javascript:;
2017-09-16 16:07:58,352 - [webpage_parser.py:65] - INFO - procotol:http, hostname:music.baidu.com, new_link:/song/540175998
2017-09-16 16:07:58,352 - [webpage_parser.py:65] - INFO - procotol:http, hostname:music.baidu.com, new_link:/artist/2517
2017-09-16 16:07:58,352 - [webpage_parser.py:65] - INFO - procotol:http, hostname:music.baidu.com, new_link:javascript:;
2017-09-16 16:07:58,353 - [webpage_parser.py:65] - INFO - procotol:http, hostname:music.baidu.com, new_link:javascript:;
2017-09-16 16:07:58,353 - [webpage_parser.py:65] - INFO - procotol:http, hostname:music.baidu.com, new_link:/song/258475780
2017-09-16 16:07:58,353 - [webpage_parser.py:65] - INFO - procotol:http, hostname:music.baidu.com, new_link:/artist/617453
2017-09-16 16:07:58,354 - [webpage_parser.py:65] - INFO - procotol:http, hostname:music.baidu.com, new_link:/artist/72167
2017-09-16 16:07:58,354 - [webpage_parser.py:65] - INFO - procotol:http, hostname:music.baidu.com, new_link:javascript:;
2017-09-16 16:07:58,354 - [webpage_parser.py:65] - INFO - procotol:http, hostname:music.baidu.com, new_link:javascript:;
2017-09-16 16:07:58,355 - [webpage_parser.py:65] - INFO - procotol:http, hostname:music.baidu.com, new_link:/song/277058670
2017-09-16 16:07:58,355 - [webpage_parser.py:65] - INFO - procotol:http, hostname:music.baidu.com, new_link:/artist/38486050
2017-09-16 16:07:58,355 - [webpage_parser.py:65] - INFO - procotol:http, hostname:music.baidu.com, new_link:javascript:;
2017-09-16 16:07:58,356 - [webpage_parser.py:65] - INFO - procotol:http, hostname:music.baidu.com, new_link:javascript:;
2017-09-16 16:07:58,356 - [webpage_parser.py:65] - INFO - procotol:http, hostname:music.baidu.com, new_link:/song/541680641
2017-09-16 16:07:58,356 - [webpage_parser.py:65] - INFO - procotol:http, hostname:music.baidu.com, new_link:/artist/7898
2017-09-16 16:07:58,357 - [webpage_parser.py:65] - INFO - procotol:http, hostname:music.baidu.com, new_link:javascript:;
2017-09-16 16:07:58,357 - [webpage_parser.py:65] - INFO - procotol:http, hostname:music.baidu.com, new_link:javascript:;
2017-09-16 16:07:58,357 - [webpage_parser.py:65] - INFO - procotol:http, hostname:music.baidu.com, new_link:/top/dayhot/?pst=shouyeTop
2017-09-16 16:07:58,358 - [webpage_parser.py:65] - INFO - procotol:http, hostname:music.baidu.com, new_link:javascript:;
2017-09-16 16:07:58,358 - [webpage_parser.py:65] - INFO - procotol:http, hostname:music.baidu.com, new_link:/song/790142
2017-09-16 16:07:58,359 - [webpage_parser.py:65] - INFO - procotol:http, hostname:music.baidu.com, new_link:/artist/1067
2017-09-16 16:07:58,359 - [webpage_parser.py:65] - INFO - procotol:http, hostname:music.baidu.com, new_link:javascript:;
2017-09-16 16:07:58,359 - [webpage_parser.py:65] - INFO - procotol:http, hostname:music.baidu.com, new_link:javascript:;
2017-09-16 16:07:58,360 - [webpage_parser.py:65] - INFO - procotol:http, hostname:music.baidu.com, new_link:/song/1183139
2017-09-16 16:07:58,360 - [webpage_parser.py:65] - INFO - procotol:http, hostname:music.baidu.com, new_link:/artist/1117
2017-09-16 16:07:58,360 - [webpage_parser.py:65] - INFO - procotol:http, hostname:music.baidu.com, new_link:javascript:;
2017-09-16 16:07:58,361 - [webpage_parser.py:65] - INFO - procotol:http, hostname:music.baidu.com, new_link:javascript:;
2017-09-16 16:07:58,361 - [webpage_parser.py:65] - INFO - procotol:http, hostname:music.baidu.com, new_link:/song/704195
2017-09-16 16:07:58,361 - [webpage_parser.py:65] - INFO - procotol:http, hostname:music.baidu.com, new_link:/artist/1094
2017-09-16 16:07:58,362 - [webpage_parser.py:65] - INFO - procotol:http, hostname:music.baidu.com, new_link:javascript:;
2017-09-16 16:07:58,362 - [webpage_parser.py:65] - INFO - procotol:http, hostname:music.baidu.com, new_link:javascript:;
2017-09-16 16:07:58,362 - [webpage_parser.py:65] - INFO - procotol:http, hostname:music.baidu.com, new_link:/song/323025
2017-09-16 16:07:58,363 - [webpage_parser.py:65] - INFO - procotol:http, hostname:music.baidu.com, new_link:/artist/1118
2017-09-16 16:07:58,363 - [webpage_parser.py:65] - INFO - procotol:http, hostname:music.baidu.com, new_link:javascript:;
2017-09-16 16:07:58,363 - [webpage_parser.py:65] - INFO - procotol:http, hostname:music.baidu.com, new_link:javascript:;
2017-09-16 16:07:58,363 - [webpage_parser.py:65] - INFO - procotol:http, hostname:music.baidu.com, new_link:/song/963292
2017-09-16 16:07:58,364 - [webpage_parser.py:65] - INFO - procotol:http, hostname:music.baidu.com, new_link:/artist/1314
2017-09-16 16:07:58,364 - [webpage_parser.py:65] - INFO - procotol:http, hostname:music.baidu.com, new_link:javascript:;
2017-09-16 16:07:58,364 - [webpage_parser.py:65] - INFO - procotol:http, hostname:music.baidu.com, new_link:javascript:;
2017-09-16 16:07:58,365 - [webpage_parser.py:65] - INFO - procotol:http, hostname:music.baidu.com, new_link:/song/233822
2017-09-16 16:07:58,365 - [webpage_parser.py:65] - INFO - procotol:http, hostname:music.baidu.com, new_link:/artist/1095
2017-09-16 16:07:58,365 - [webpage_parser.py:65] - INFO - procotol:http, hostname:music.baidu.com, new_link:javascript:;
2017-09-16 16:07:58,365 - [webpage_parser.py:65] - INFO - procotol:http, hostname:music.baidu.com, new_link:javascript:;
2017-09-16 16:07:58,366 - [webpage_parser.py:65] - INFO - procotol:http, hostname:music.baidu.com, new_link:/song/2124107
2017-09-16 16:07:58,366 - [webpage_parser.py:65] - INFO - procotol:http, hostname:music.baidu.com, new_link:/artist/6919
2017-09-16 16:07:58,366 - [webpage_parser.py:65] - INFO - procotol:http, hostname:music.baidu.com, new_link:javascript:;
2017-09-16 16:07:58,367 - [webpage_parser.py:65] - INFO - procotol:http, hostname:music.baidu.com, new_link:javascript:;
2017-09-16 16:07:58,367 - [webpage_parser.py:65] - INFO - procotol:http, hostname:music.baidu.com, new_link:/song/276766
2017-09-16 16:07:58,367 - [webpage_parser.py:65] - INFO - procotol:http, hostname:music.baidu.com, new_link:/artist/1378
2017-09-16 16:07:58,367 - [webpage_parser.py:65] - INFO - procotol:http, hostname:music.baidu.com, new_link:javascript:;
2017-09-16 16:07:58,368 - [webpage_parser.py:65] - INFO - procotol:http, hostname:music.baidu.com, new_link:javascript:;
2017-09-16 16:07:58,368 - [webpage_parser.py:65] - INFO - procotol:http, hostname:music.baidu.com, new_link:/song/15122721
2017-09-16 16:07:58,368 - [webpage_parser.py:65] - INFO - procotol:http, hostname:music.baidu.com, new_link:/artist/1358
2017-09-16 16:07:58,369 - [webpage_parser.py:65] - INFO - procotol:http, hostname:music.baidu.com, new_link:javascript:;
2017-09-16 16:07:58,369 - [webpage_parser.py:65] - INFO - procotol:http, hostname:music.baidu.com, new_link:javascript:;
2017-09-16 16:07:58,370 - [webpage_parser.py:65] - INFO - procotol:http, hostname:music.baidu.com, new_link:/song/1967722
2017-09-16 16:07:58,370 - [webpage_parser.py:65] - INFO - procotol:http, hostname:music.baidu.com, new_link:/artist/1422
2017-09-16 16:07:58,370 - [webpage_parser.py:65] - INFO - procotol:http, hostname:music.baidu.com, new_link:javascript:;
2017-09-16 16:07:58,370 - [webpage_parser.py:65] - INFO - procotol:http, hostname:music.baidu.com, new_link:javascript:;
2017-09-16 16:07:58,371 - [webpage_parser.py:65] - INFO - procotol:http, hostname:music.baidu.com, new_link:/top/oldsong/?pst=shouyeTop
2017-09-16 16:07:58,371 - [webpage_parser.py:65] - INFO - procotol:http, hostname:music.baidu.com, new_link:javascript:;
2017-09-16 16:07:58,371 - [webpage_parser.py:65] - INFO - procotol:http, hostname:music.baidu.com, new_link:/song/554926752
2017-09-16 16:07:58,372 - [webpage_parser.py:65] - INFO - procotol:http, hostname:music.baidu.com, new_link:/artist/1224778
2017-09-16 16:07:58,372 - [webpage_parser.py:65] - INFO - procotol:http, hostname:music.baidu.com, new_link:javascript:;
2017-09-16 16:07:58,372 - [webpage_parser.py:65] - INFO - procotol:http, hostname:music.baidu.com, new_link:javascript:;
2017-09-16 16:07:58,373 - [webpage_parser.py:65] - INFO - procotol:http, hostname:music.baidu.com, new_link:/song/541616262
2017-09-16 16:07:58,373 - [webpage_parser.py:65] - INFO - procotol:http, hostname:music.baidu.com, new_link:/artist/245815
2017-09-16 16:07:58,373 - [webpage_parser.py:65] - INFO - procotol:http, hostname:music.baidu.com, new_link:javascript:;
2017-09-16 16:07:58,374 - [webpage_parser.py:65] - INFO - procotol:http, hostname:music.baidu.com, new_link:javascript:;
2017-09-16 16:07:58,374 - [webpage_parser.py:65] - INFO - procotol:http, hostname:music.baidu.com, new_link:/song/549319777
2017-09-16 16:07:58,374 - [webpage_parser.py:65] - INFO - procotol:http, hostname:music.baidu.com, new_link:/artist/1255
2017-09-16 16:07:58,375 - [webpage_parser.py:65] - INFO - procotol:http, hostname:music.baidu.com, new_link:javascript:;
2017-09-16 16:07:58,375 - [webpage_parser.py:65] - INFO - procotol:http, hostname:music.baidu.com, new_link:javascript:;
2017-09-16 16:07:58,375 - [webpage_parser.py:65] - INFO - procotol:http, hostname:music.baidu.com, new_link:/song/274334244
2017-09-16 16:07:58,375 - [webpage_parser.py:65] - INFO - procotol:http, hostname:music.baidu.com, new_link:/artist/1584151
2017-09-16 16:07:58,376 - [webpage_parser.py:65] - INFO - procotol:http, hostname:music.baidu.com, new_link:javascript:;
2017-09-16 16:07:58,377 - [webpage_parser.py:65] - INFO - procotol:http, hostname:music.baidu.com, new_link:javascript:;
2017-09-16 16:07:58,377 - [webpage_parser.py:65] - INFO - procotol:http, hostname:music.baidu.com, new_link:/song/533308233
2017-09-16 16:07:58,377 - [webpage_parser.py:65] - INFO - procotol:http, hostname:music.baidu.com, new_link:/artist/1457
2017-09-16 16:07:58,378 - [webpage_parser.py:65] - INFO - procotol:http, hostname:music.baidu.com, new_link:javascript:;
2017-09-16 16:07:58,378 - [webpage_parser.py:65] - INFO - procotol:http, hostname:music.baidu.com, new_link:javascript:;
2017-09-16 16:07:58,378 - [webpage_parser.py:65] - INFO - procotol:http, hostname:music.baidu.com, new_link:/song/540735586
2017-09-16 16:07:58,379 - [webpage_parser.py:65] - INFO - procotol:http, hostname:music.baidu.com, new_link:/artist/1342
2017-09-16 16:07:58,380 - [webpage_parser.py:65] - INFO - procotol:http, hostname:music.baidu.com, new_link:javascript:;
2017-09-16 16:07:58,380 - [webpage_parser.py:65] - INFO - procotol:http, hostname:music.baidu.com, new_link:javascript:;
2017-09-16 16:07:58,381 - [webpage_parser.py:65] - INFO - procotol:http, hostname:music.baidu.com, new_link:/song/292390695
2017-09-16 16:07:58,381 - [webpage_parser.py:65] - INFO - procotol:http, hostname:music.baidu.com, new_link:/artist/821050
2017-09-16 16:07:58,381 - [webpage_parser.py:65] - INFO - procotol:http, hostname:music.baidu.com, new_link:javascript:;
2017-09-16 16:07:58,381 - [webpage_parser.py:65] - INFO - procotol:http, hostname:music.baidu.com, new_link:javascript:;
2017-09-16 16:07:58,382 - [webpage_parser.py:65] - INFO - procotol:http, hostname:music.baidu.com, new_link:/song/545493042
2017-09-16 16:07:58,383 - [webpage_parser.py:65] - INFO - procotol:http, hostname:music.baidu.com, new_link:/artist/1584151
2017-09-16 16:07:58,383 - [webpage_parser.py:65] - INFO - procotol:http, hostname:music.baidu.com, new_link:/artist/239756425
2017-09-16 16:07:58,386 - [webpage_parser.py:65] - INFO - procotol:http, hostname:music.baidu.com, new_link:javascript:;
2017-09-16 16:07:58,387 - [webpage_parser.py:65] - INFO - procotol:http, hostname:music.baidu.com, new_link:javascript:;
2017-09-16 16:07:58,387 - [webpage_parser.py:65] - INFO - procotol:http, hostname:music.baidu.com, new_link:/song/271896483
2017-09-16 16:07:58,388 - [webpage_parser.py:65] - INFO - procotol:http, hostname:music.baidu.com, new_link:/artist/245815
2017-09-16 16:07:58,388 - [webpage_parser.py:65] - INFO - procotol:http, hostname:music.baidu.com, new_link:/artist/209045495
2017-09-16 16:07:58,388 - [webpage_parser.py:65] - INFO - procotol:http, hostname:music.baidu.com, new_link:javascript:;
2017-09-16 16:07:58,388 - [webpage_parser.py:65] - INFO - procotol:http, hostname:music.baidu.com, new_link:javascript:;
2017-09-16 16:07:58,389 - [webpage_parser.py:65] - INFO - procotol:http, hostname:music.baidu.com, new_link:/song/258475780
2017-09-16 16:07:58,389 - [webpage_parser.py:65] - INFO - procotol:http, hostname:music.baidu.com, new_link:/artist/617453
2017-09-16 16:07:58,389 - [webpage_parser.py:65] - INFO - procotol:http, hostname:music.baidu.com, new_link:/artist/72167
2017-09-16 16:07:58,390 - [webpage_parser.py:65] - INFO - procotol:http, hostname:music.baidu.com, new_link:javascript:;
2017-09-16 16:07:58,390 - [webpage_parser.py:65] - INFO - procotol:http, hostname:music.baidu.com, new_link:javascript:;
2017-09-16 16:07:58,390 - [webpage_parser.py:65] - INFO - procotol:http, hostname:music.baidu.com, new_link:/top/netsong/?pst=shouyeTop
2017-09-16 16:07:58,390 - [webpage_parser.py:65] - INFO - procotol:http, hostname:music.baidu.com, new_link:javascript:;
2017-09-16 16:07:58,391 - [webpage_parser.py:65] - INFO - procotol:http, hostname:music.baidu.com, new_link:/song/74231923/?pst=shouyeTop
2017-09-16 16:07:58,391 - [webpage_parser.py:65] - INFO - procotol:http, hostname:music.baidu.com, new_link:javascript:;
2017-09-16 16:07:58,391 - [webpage_parser.py:65] - INFO - procotol:http, hostname:music.baidu.com, new_link:javascript:;
2017-09-16 16:07:58,392 - [webpage_parser.py:65] - INFO - procotol:http, hostname:music.baidu.com, new_link:/song/74228423/?pst=shouyeTop
2017-09-16 16:07:58,392 - [webpage_parser.py:65] - INFO - procotol:http, hostname:music.baidu.com, new_link:javascript:;
2017-09-16 16:07:58,392 - [webpage_parser.py:65] - INFO - procotol:http, hostname:music.baidu.com, new_link:javascript:;
2017-09-16 16:07:58,393 - [webpage_parser.py:65] - INFO - procotol:http, hostname:music.baidu.com, new_link:/song/74230940/?pst=shouyeTop
2017-09-16 16:07:58,393 - [webpage_parser.py:65] - INFO - procotol:http, hostname:music.baidu.com, new_link:javascript:;
2017-09-16 16:07:58,393 - [webpage_parser.py:65] - INFO - procotol:http, hostname:music.baidu.com, new_link:javascript:;
2017-09-16 16:07:58,394 - [webpage_parser.py:65] - INFO - procotol:http, hostname:music.baidu.com, new_link:/song/74230757/?pst=shouyeTop
2017-09-16 16:07:58,394 - [webpage_parser.py:65] - INFO - procotol:http, hostname:music.baidu.com, new_link:javascript:;
2017-09-16 16:07:58,395 - [webpage_parser.py:65] - INFO - procotol:http, hostname:music.baidu.com, new_link:javascript:;
2017-09-16 16:07:58,395 - [webpage_parser.py:65] - INFO - procotol:http, hostname:music.baidu.com, new_link:/song/73906402/?pst=shouyeTop
2017-09-16 16:07:58,395 - [webpage_parser.py:65] - INFO - procotol:http, hostname:music.baidu.com, new_link:javascript:;
2017-09-16 16:07:58,395 - [webpage_parser.py:65] - INFO - procotol:http, hostname:music.baidu.com, new_link:javascript:;
2017-09-16 16:07:58,396 - [webpage_parser.py:65] - INFO - procotol:http, hostname:music.baidu.com, new_link:/song/74017796/?pst=shouyeTop
2017-09-16 16:07:58,396 - [webpage_parser.py:65] - INFO - procotol:http, hostname:music.baidu.com, new_link:javascript:;
2017-09-16 16:07:58,396 - [webpage_parser.py:65] - INFO - procotol:http, hostname:music.baidu.com, new_link:javascript:;
2017-09-16 16:07:58,397 - [webpage_parser.py:65] - INFO - procotol:http, hostname:music.baidu.com, new_link:/song/74231079/?pst=shouyeTop
2017-09-16 16:07:58,398 - [webpage_parser.py:65] - INFO - procotol:http, hostname:music.baidu.com, new_link:javascript:;
2017-09-16 16:07:58,399 - [webpage_parser.py:65] - INFO - procotol:http, hostname:music.baidu.com, new_link:javascript:;
2017-09-16 16:07:58,399 - [webpage_parser.py:65] - INFO - procotol:http, hostname:music.baidu.com, new_link:/song/74230752/?pst=shouyeTop
2017-09-16 16:07:58,399 - [webpage_parser.py:65] - INFO - procotol:http, hostname:music.baidu.com, new_link:javascript:;
2017-09-16 16:07:58,399 - [webpage_parser.py:65] - INFO - procotol:http, hostname:music.baidu.com, new_link:javascript:;
2017-09-16 16:07:58,400 - [webpage_parser.py:65] - INFO - procotol:http, hostname:music.baidu.com, new_link:/song/74231758/?pst=shouyeTop
2017-09-16 16:07:58,400 - [webpage_parser.py:65] - INFO - procotol:http, hostname:music.baidu.com, new_link:javascript:;
2017-09-16 16:07:58,400 - [webpage_parser.py:65] - INFO - procotol:http, hostname:music.baidu.com, new_link:javascript:;
2017-09-16 16:07:58,401 - [webpage_parser.py:65] - INFO - procotol:http, hostname:music.baidu.com, new_link:/song/74104616/?pst=shouyeTop
2017-09-16 16:07:58,401 - [webpage_parser.py:65] - INFO - procotol:http, hostname:music.baidu.com, new_link:javascript:;
2017-09-16 16:07:58,401 - [webpage_parser.py:65] - INFO - procotol:http, hostname:music.baidu.com, new_link:javascript:;
2017-09-16 16:07:58,402 - [webpage_parser.py:65] - INFO - procotol:http, hostname:music.baidu.com, new_link:/top/huayu
2017-09-16 16:07:58,402 - [webpage_parser.py:65] - INFO - procotol:http, hostname:music.baidu.com, new_link:/top/oumei
2017-09-16 16:07:58,403 - [webpage_parser.py:65] - INFO - procotol:http, hostname:music.baidu.com, new_link:/top/yingshijinqu
2017-09-16 16:07:58,403 - [webpage_parser.py:65] - INFO - procotol:http, hostname:music.baidu.com, new_link:/top/lovesong
2017-09-16 16:07:58,403 - [webpage_parser.py:65] - INFO - procotol:http, hostname:music.baidu.com, new_link:/top/rock
2017-09-16 16:07:58,404 - [webpage_parser.py:65] - INFO - procotol:http, hostname:music.baidu.com, new_link:/top/ktv
2017-09-16 16:07:58,404 - [webpage_parser.py:65] - INFO - procotol:http, hostname:music.baidu.com, new_link:/top/billboard
2017-09-16 16:07:58,404 - [webpage_parser.py:65] - INFO - procotol:http, hostname:music.baidu.com, new_link:/top/ukchart
2017-09-16 16:07:58,405 - [webpage_parser.py:65] - INFO - procotol:http, hostname:music.baidu.com, new_link:/king/top
2017-09-16 16:07:58,405 - [webpage_parser.py:65] - INFO - procotol:http, hostname:music.baidu.com, new_link:/tag
2017-09-16 16:07:58,405 - [webpage_parser.py:65] - INFO - procotol:http, hostname:music.baidu.com, new_link:/tag/%E6%83%85%E6%AD%8C
2017-09-16 16:07:58,406 - [webpage_parser.py:65] - INFO - procotol:http, hostname:music.baidu.com, new_link:/tag/%E7%BA%A2%E6%AD%8C
2017-09-16 16:07:58,406 - [webpage_parser.py:65] - INFO - procotol:http, hostname:music.baidu.com, new_link:/tag/%E5%8A%B2%E7%88%86
2017-09-16 16:07:58,406 - [webpage_parser.py:65] - INFO - procotol:http, hostname:music.baidu.com, new_link:/tag/%E5%A4%A9%E7%B1%81
2017-09-16 16:07:58,406 - [webpage_parser.py:65] - INFO - procotol:http, hostname:music.baidu.com, new_link:/tag/%E7%BB%8F%E5%85%B8%E8%80%81%E6%AD%8C
2017-09-16 16:07:58,407 - [webpage_parser.py:65] - INFO - procotol:http, hostname:music.baidu.com, new_link:/tag/%E6%AC%A7%E7%BE%8E
2017-09-16 16:07:58,407 - [webpage_parser.py:65] - INFO - procotol:http, hostname:music.baidu.com, new_link:/tag/%E7%BD%91%E7%BB%9C%E6%AD%8C%E6%9B%B2
2017-09-16 16:07:58,407 - [webpage_parser.py:65] - INFO - procotol:http, hostname:music.baidu.com, new_link:/tag/%E6%B0%91%E6%AD%8C
2017-09-16 16:07:58,408 - [webpage_parser.py:65] - INFO - procotol:http, hostname:music.baidu.com, new_link:/tag/80%E5%90%8E
2017-09-16 16:07:58,408 - [webpage_parser.py:65] - INFO - procotol:http, hostname:music.baidu.com, new_link:/tag/%E5%84%BF%E6%AD%8C
2017-09-16 16:07:58,408 - [webpage_parser.py:65] - INFO - procotol:http, hostname:music.baidu.com, new_link:/tag/%E4%BC%A4%E6%84%9F
2017-09-16 16:07:58,408 - [webpage_parser.py:65] - INFO - procotol:http, hostname:music.baidu.com, new_link:/tag/%E5%AE%89%E9%9D%99
2017-09-16 16:07:58,409 - [webpage_parser.py:65] - INFO - procotol:http, hostname:music.baidu.com, new_link:/tag/%E5%BD%B1%E8%A7%86
2017-09-16 16:07:58,409 - [webpage_parser.py:65] - INFO - procotol:http, hostname:music.baidu.com, new_link:/tag/DJ%20%E8%88%9E%E6%9B%B2
2017-09-16 16:07:58,410 - [webpage_parser.py:65] - INFO - procotol:http, hostname:music.baidu.com, new_link:/tag/%E6%80%80%E6%97%A7
2017-09-16 16:07:58,410 - [webpage_parser.py:65] - INFO - procotol:http, hostname:music.baidu.com, new_link:/tag/%E5%8F%A4%E5%85%B8%E9%9F%B3%E4%B9%90
2017-09-16 16:07:58,410 - [webpage_parser.py:65] - INFO - procotol:http, hostname:music.baidu.com, new_link:/tag/%E6%BF%80%E6%83%85
2017-09-16 16:07:58,411 - [webpage_parser.py:65] - INFO - procotol:http, hostname:music.baidu.com, new_link:/tag/%E7%BA%AF%E9%9F%B3%E4%B9%90
2017-09-16 16:07:58,411 - [webpage_parser.py:65] - INFO - procotol:http, hostname:music.baidu.com, new_link:/tag/%E5%B9%BF%E5%9C%BA%E8%88%9E
2017-09-16 16:07:58,411 - [webpage_parser.py:65] - INFO - procotol:http, hostname:music.baidu.com, new_link:/tag/%E4%B8%AD%E5%9B%BD%E5%A5%BD%E5%A3%B0%E9%9F%B3
2017-09-16 16:07:58,411 - [webpage_parser.py:65] - INFO - procotol:http, hostname:music.baidu.com, new_link:/tag/%E5%AF%B9%E5%94%B1
2017-09-16 16:07:58,412 - [webpage_parser.py:65] - INFO - procotol:http, hostname:music.baidu.com, new_link:/tag/%E7%B2%A4%E8%AF%AD
2017-09-16 16:07:58,412 - [webpage_parser.py:65] - INFO - procotol:http, hostname:music.baidu.com, new_link:/tag/%E7%83%AD%E6%AD%8C
2017-09-16 16:07:58,412 - [webpage_parser.py:65] - INFO - procotol:http, hostname:music.baidu.com, new_link:/tag/%E8%BD%BB%E9%9F%B3%E4%B9%90
2017-09-16 16:07:58,413 - [webpage_parser.py:65] - INFO - procotol:http, hostname:music.baidu.com, new_link:/tag/%E7%94%B5%E5%BD%B1
2017-09-16 16:07:58,413 - [webpage_parser.py:65] - INFO - procotol:http, hostname:music.baidu.com, new_link:/tag/90%E5%90%8E
2017-09-16 16:07:58,413 - [webpage_parser.py:65] - INFO - procotol:http, hostname:music.baidu.com, new_link:/tag/%E6%B5%81%E8%A1%8C
2017-09-16 16:07:58,414 - [webpage_parser.py:65] - INFO - procotol:http, hostname:music.baidu.com, new_link:/tag/%E6%91%87%E6%BB%9A
2017-09-16 16:07:58,414 - [webpage_parser.py:65] - INFO - procotol:http, hostname:music.baidu.com, new_link:/tag/%E8%83%8C%E6%99%AF%E9%9F%B3%E4%B9%90
2017-09-16 16:07:58,414 - [webpage_parser.py:65] - INFO - procotol:http, hostname:music.baidu.com, new_link:/tag/%E7%94%9C%E8%9C%9C
2017-09-16 16:07:58,415 - [webpage_parser.py:65] - INFO - procotol:http, hostname:music.baidu.com, new_link:/tag/%E7%94%B5%E8%A7%86%E5%89%A7
2017-09-16 16:07:58,415 - [webpage_parser.py:65] - INFO - procotol:http, hostname:music.baidu.com, new_link:/tag/%E5%8F%A4%E5%85%B8
2017-09-16 16:07:58,415 - [webpage_parser.py:65] - INFO - procotol:http, hostname:music.baidu.com, new_link:/tag/%E4%B8%AD%E5%9B%BD%E9%A3%8E
2017-09-16 16:07:58,416 - [webpage_parser.py:65] - INFO - procotol:http, hostname:music.baidu.com, new_link:/tag/70%E5%B9%B4%E4%BB%A3
2017-09-16 16:07:58,416 - [webpage_parser.py:65] - INFO - procotol:http, hostname:music.baidu.com, new_link:/tag/%E7%B2%A4%E8%AF%AD
2017-09-16 16:07:58,416 - [webpage_parser.py:65] - INFO - procotol:http, hostname:music.baidu.com, new_link:/tag/%E8%BD%BB%E6%9F%94
2017-09-16 16:07:58,416 - [webpage_parser.py:65] - INFO - procotol:http, hostname:music.baidu.com, new_link:/tag/%E7%A9%BA%E7%81%B5
2017-09-16 16:07:58,417 - [webpage_parser.py:65] - INFO - procotol:http, hostname:music.baidu.com, new_link:/tag/%E6%88%8F%E6%9B%B2
2017-09-16 16:07:58,417 - [webpage_parser.py:65] - INFO - procotol:http, hostname:music.baidu.com, new_link:/tag/%E5%86%9B%E6%97%85
2017-09-16 16:07:58,418 - [webpage_parser.py:65] - INFO - procotol:http, hostname:music.baidu.com, new_link:/tag/%E7%83%AD%E9%97%B9
2017-09-16 16:07:58,418 - [webpage_parser.py:65] - INFO - procotol:http, hostname:music.baidu.com, new_link:/tag/%E8%83%8E%E6%95%99
2017-09-16 16:07:58,418 - [webpage_parser.py:65] - INFO - procotol:http, hostname:music.baidu.com, new_link:/tag/%E6%88%91%E6%98%AF%E6%AD%8C%E6%89%8B
2017-09-16 16:07:58,419 - [webpage_parser.py:65] - INFO - procotol:http, hostname:music.baidu.com, new_link:/tag/%E8%90%A8%E5%85%8B%E6%96%AF
2017-09-16 16:07:58,419 - [webpage_parser.py:65] - INFO - procotol:http, hostname:music.baidu.com, new_link:/tag/%E5%82%8D%E6%99%9A
2017-09-16 16:07:58,419 - [webpage_parser.py:65] - INFO - procotol:http, hostname:music.baidu.com, new_link:/tag/%E5%9B%BD%E8%AF%AD
2017-09-16 16:07:58,420 - [webpage_parser.py:65] - INFO - procotol:http, hostname:music.baidu.com, new_link:/tag/%E5%96%9C%E6%82%A6
2017-09-16 16:07:58,420 - [webpage_parser.py:65] - INFO - procotol:http, hostname:music.baidu.com, new_link:/tag/%E4%B8%AD%E5%9B%BD%E5%A5%BD%E5%A3%B0%E9%9F%B3
2017-09-16 16:07:58,420 - [webpage_parser.py:65] - INFO - procotol:http, hostname:music.baidu.com, new_link:/tag/%E6%83%85%E6%AD%8C
2017-09-16 16:07:58,420 - [webpage_parser.py:65] - INFO - procotol:http, hostname:music.baidu.com, new_link:/tag/%E7%BA%A2%E6%AD%8C
2017-09-16 16:07:58,421 - [webpage_parser.py:65] - INFO - procotol:http, hostname:music.baidu.com, new_link:/tag/%E5%8A%B2%E7%88%86
2017-09-16 16:07:58,421 - [webpage_parser.py:65] - INFO - procotol:http, hostname:music.baidu.com, new_link:/tag/%E5%A4%A9%E7%B1%81
2017-09-16 16:07:58,421 - [webpage_parser.py:65] - INFO - procotol:http, hostname:music.baidu.com, new_link:/tag/%E7%BB%8F%E5%85%B8%E8%80%81%E6%AD%8C
2017-09-16 16:07:58,421 - [webpage_parser.py:65] - INFO - procotol:http, hostname:music.baidu.com, new_link:/tag/%E6%AC%A7%E7%BE%8E
2017-09-16 16:07:58,422 - [webpage_parser.py:65] - INFO - procotol:http, hostname:music.baidu.com, new_link:/tag/%E7%BD%91%E7%BB%9C%E6%AD%8C%E6%9B%B2
2017-09-16 16:07:58,422 - [webpage_parser.py:65] - INFO - procotol:http, hostname:music.baidu.com, new_link:/tag/%E6%B0%91%E6%AD%8C
2017-09-16 16:07:58,423 - [webpage_parser.py:65] - INFO - procotol:http, hostname:music.baidu.com, new_link:/tag/80%E5%90%8E
2017-09-16 16:07:58,423 - [webpage_parser.py:65] - INFO - procotol:http, hostname:music.baidu.com, new_link:/tag/%E5%84%BF%E6%AD%8C
2017-09-16 16:07:58,423 - [webpage_parser.py:65] - INFO - procotol:http, hostname:music.baidu.com, new_link:/tag/%E4%BC%A4%E6%84%9F
2017-09-16 16:07:58,424 - [webpage_parser.py:65] - INFO - procotol:http, hostname:music.baidu.com, new_link:/tag/%E5%AE%89%E9%9D%99
2017-09-16 16:07:58,424 - [webpage_parser.py:65] - INFO - procotol:http, hostname:music.baidu.com, new_link:/tag/DJ%20%E8%88%9E%E6%9B%B2
2017-09-16 16:07:58,424 - [webpage_parser.py:65] - INFO - procotol:http, hostname:music.baidu.com, new_link:/tag/%E5%8F%A4%E5%85%B8%E9%9F%B3%E4%B9%90
2017-09-16 16:07:58,424 - [webpage_parser.py:65] - INFO - procotol:http, hostname:music.baidu.com, new_link:/tag/%E6%80%80%E6%97%A7
2017-09-16 16:07:58,425 - [webpage_parser.py:65] - INFO - procotol:http, hostname:music.baidu.com, new_link:/tag/%E6%BF%80%E6%83%85
2017-09-16 16:07:58,425 - [webpage_parser.py:65] - INFO - procotol:http, hostname:music.baidu.com, new_link:/tag/%E7%83%AD%E6%AD%8C
2017-09-16 16:07:58,425 - [webpage_parser.py:65] - INFO - procotol:http, hostname:music.baidu.com, new_link:/tag/%E5%B9%BF%E5%9C%BA%E8%88%9E
2017-09-16 16:07:58,426 - [webpage_parser.py:65] - INFO - procotol:http, hostname:music.baidu.com, new_link:/tag/%E4%B8%AD%E5%9B%BD%E5%A5%BD%E5%A3%B0%E9%9F%B3
2017-09-16 16:07:58,426 - [webpage_parser.py:65] - INFO - procotol:http, hostname:music.baidu.com, new_link:/tag/%E7%BA%AF%E9%9F%B3%E4%B9%90
2017-09-16 16:07:58,426 - [webpage_parser.py:65] - INFO - procotol:http, hostname:music.baidu.com, new_link:/tag/%E5%AF%B9%E5%94%B1
2017-09-16 16:07:58,427 - [webpage_parser.py:65] - INFO - procotol:http, hostname:music.baidu.com, new_link:/tag/%E7%B2%A4%E8%AF%AD
2017-09-16 16:07:58,427 - [webpage_parser.py:65] - INFO - procotol:http, hostname:music.baidu.com, new_link:/tag/%E7%94%B5%E5%BD%B1
2017-09-16 16:07:58,427 - [webpage_parser.py:65] - INFO - procotol:http, hostname:music.baidu.com, new_link:/tag/90%E5%90%8E
2017-09-16 16:07:58,427 - [webpage_parser.py:65] - INFO - procotol:http, hostname:music.baidu.com, new_link:/tag/%E8%BD%BB%E9%9F%B3%E4%B9%90
2017-09-16 16:07:58,428 - [webpage_parser.py:65] - INFO - procotol:http, hostname:music.baidu.com, new_link:/tag/%E8%83%8C%E6%99%AF%E9%9F%B3%E4%B9%90
2017-09-16 16:07:58,428 - [webpage_parser.py:65] - INFO - procotol:http, hostname:music.baidu.com, new_link:/tag/%E6%B5%81%E8%A1%8C
2017-09-16 16:07:58,429 - [webpage_parser.py:65] - INFO - procotol:http, hostname:music.baidu.com, new_link:/tag/%E6%91%87%E6%BB%9A
2017-09-16 16:07:58,429 - [webpage_parser.py:65] - INFO - procotol:http, hostname:music.baidu.com, new_link:/tag/%E7%94%9C%E8%9C%9C
2017-09-16 16:07:58,429 - [webpage_parser.py:65] - INFO - procotol:http, hostname:music.baidu.com, new_link:/tag/70%E5%B9%B4%E4%BB%A3
2017-09-16 16:07:58,430 - [webpage_parser.py:65] - INFO - procotol:http, hostname:music.baidu.com, new_link:/tag/%E7%94%B5%E8%A7%86%E5%89%A7
2017-09-16 16:07:58,430 - [webpage_parser.py:65] - INFO - procotol:http, hostname:music.baidu.com, new_link:/tag/%E5%8F%A4%E5%85%B8
2017-09-16 16:07:58,430 - [webpage_parser.py:65] - INFO - procotol:http, hostname:music.baidu.com, new_link:/tag/%E7%94%B5%E5%AD%90
2017-09-16 16:07:58,430 - [webpage_parser.py:65] - INFO - procotol:http, hostname:music.baidu.com, new_link:/tag/%E4%B8%AD%E5%9B%BD%E9%A3%8E
2017-09-16 16:07:58,431 - [webpage_parser.py:65] - INFO - procotol:http, hostname:music.baidu.com, new_link:/tag/%E6%A0%A1%E5%9B%AD
2017-09-16 16:07:58,431 - [webpage_parser.py:65] - INFO - procotol:http, hostname:music.baidu.com, new_link:/tag/%E5%88%86%E6%89%8B
2017-09-16 16:07:58,431 - [webpage_parser.py:65] - INFO - procotol:http, hostname:music.baidu.com, new_link:/tag/%E7%B2%A4%E8%AF%AD
2017-09-16 16:07:58,432 - [webpage_parser.py:65] - INFO - procotol:http, hostname:music.baidu.com, new_link:/tag/%E8%BD%BB%E6%9F%94
2017-09-16 16:07:58,432 - [webpage_parser.py:65] - INFO - procotol:http, hostname:music.baidu.com, new_link:/tag/%E7%A9%BA%E7%81%B5
2017-09-16 16:07:58,432 - [webpage_parser.py:65] - INFO - procotol:http, hostname:music.baidu.com, new_link:/tag/%E6%88%8F%E6%9B%B2
2017-09-16 16:07:58,432 - [webpage_parser.py:65] - INFO - procotol:http, hostname:music.baidu.com, new_link:/tag/%E5%86%9B%E6%97%85
2017-09-16 16:07:58,433 - [webpage_parser.py:65] - INFO - procotol:http, hostname:music.baidu.com, new_link:/tag/%E7%83%AD%E9%97%B9
2017-09-16 16:07:58,433 - [webpage_parser.py:65] - INFO - procotol:http, hostname:music.baidu.com, new_link:/tag/%E8%83%8E%E6%95%99
2017-09-16 16:07:58,433 - [webpage_parser.py:65] - INFO - procotol:http, hostname:music.baidu.com, new_link:/tag/%E6%88%91%E6%98%AF%E6%AD%8C%E6%89%8B
2017-09-16 16:07:58,434 - [webpage_parser.py:65] - INFO - procotol:http, hostname:music.baidu.com, new_link:/tag/%E8%90%A8%E5%85%8B%E6%96%AF
2017-09-16 16:07:58,434 - [webpage_parser.py:65] - INFO - procotol:http, hostname:music.baidu.com, new_link:/tag/%E5%82%8D%E6%99%9A
2017-09-16 16:07:58,434 - [webpage_parser.py:65] - INFO - procotol:http, hostname:music.baidu.com, new_link:/tag/%E5%9B%BD%E8%AF%AD
2017-09-16 16:07:58,435 - [webpage_parser.py:65] - INFO - procotol:http, hostname:music.baidu.com, new_link:/tag/%E5%96%9C%E6%82%A6
2017-09-16 16:07:58,435 - [webpage_parser.py:65] - INFO - procotol:http, hostname:music.baidu.com, new_link:/tag/%E4%B8%AD%E5%9B%BD%E5%A5%BD%E5%A3%B0%E9%9F%B3
2017-09-16 16:07:58,435 - [webpage_parser.py:65] - INFO - procotol:http, hostname:music.baidu.com, new_link:/tag/%E5%BD%B1%E8%A7%86
2017-09-16 16:07:58,436 - [webpage_parser.py:65] - INFO - procotol:http, hostname:music.baidu.com, new_link:/artist/cn/male
2017-09-16 16:07:58,436 - [webpage_parser.py:65] - INFO - procotol:http, hostname:music.baidu.com, new_link:/artist/2517
2017-09-16 16:07:58,436 - [webpage_parser.py:65] - INFO - procotol:http, hostname:music.baidu.com, new_link:/artist/245815
2017-09-16 16:07:58,436 - [webpage_parser.py:65] - INFO - procotol:http, hostname:music.baidu.com, new_link:/artist/1117
2017-09-16 16:07:58,437 - [webpage_parser.py:65] - INFO - procotol:http, hostname:music.baidu.com, new_link:/artist/1094
2017-09-16 16:07:58,437 - [webpage_parser.py:65] - INFO - procotol:http, hostname:music.baidu.com, new_link:/artist/1629
2017-09-16 16:07:58,437 - [webpage_parser.py:65] - INFO - procotol:http, hostname:music.baidu.com, new_link:/artist/1077
2017-09-16 16:07:58,438 - [webpage_parser.py:65] - INFO - procotol:http, hostname:music.baidu.com, new_link:/artist/1383
2017-09-16 16:07:58,438 - [webpage_parser.py:65] - INFO - procotol:http, hostname:music.baidu.com, new_link:/artist/617453
2017-09-16 16:07:58,438 - [webpage_parser.py:65] - INFO - procotol:http, hostname:music.baidu.com, new_link:/artist/1097
2017-09-16 16:07:58,438 - [webpage_parser.py:65] - INFO - procotol:http, hostname:music.baidu.com, new_link:/artist/1118
2017-09-16 16:07:58,439 - [webpage_parser.py:65] - INFO - procotol:http, hostname:music.baidu.com, new_link:/artist/1052
2017-09-16 16:07:58,439 - [webpage_parser.py:65] - INFO - procotol:http, hostname:music.baidu.com, new_link:/artist/1557
2017-09-16 16:07:58,439 - [webpage_parser.py:65] - INFO - procotol:http, hostname:music.baidu.com, new_link:/artist/1115
2017-09-16 16:07:58,440 - [webpage_parser.py:65] - INFO - procotol:http, hostname:music.baidu.com, new_link:/artist/7994
2017-09-16 16:07:58,440 - [webpage_parser.py:65] - INFO - procotol:http, hostname:music.baidu.com, new_link:/artist/59859914
2017-09-16 16:07:58,440 - [webpage_parser.py:65] - INFO - procotol:http, hostname:music.baidu.com, new_link:/artist/1226
2017-09-16 16:07:58,441 - [webpage_parser.py:65] - INFO - procotol:http, hostname:music.baidu.com, new_link:/artist/1314
2017-09-16 16:07:58,441 - [webpage_parser.py:65] - INFO - procotol:http, hostname:music.baidu.com, new_link:/artist/6919
2017-09-16 16:07:58,441 - [webpage_parser.py:65] - INFO - procotol:http, hostname:music.baidu.com, new_link:/artist/cn/female
2017-09-16 16:07:58,442 - [webpage_parser.py:65] - INFO - procotol:http, hostname:music.baidu.com, new_link:/artist/7898
2017-09-16 16:07:58,442 - [webpage_parser.py:65] - INFO - procotol:http, hostname:music.baidu.com, new_link:/artist/1067
2017-09-16 16:07:58,442 - [webpage_parser.py:65] - INFO - procotol:http, hostname:music.baidu.com, new_link:/artist/132632388
2017-09-16 16:07:58,442 - [webpage_parser.py:65] - INFO - procotol:http, hostname:music.baidu.com, new_link:/artist/821050
2017-09-16 16:07:58,443 - [webpage_parser.py:65] - INFO - procotol:http, hostname:music.baidu.com, new_link:/artist/1095
2017-09-16 16:07:58,443 - [webpage_parser.py:65] - INFO - procotol:http, hostname:music.baidu.com, new_link:/artist/1174
2017-09-16 16:07:58,443 - [webpage_parser.py:65] - INFO - procotol:http, hostname:music.baidu.com, new_link:/artist/1376
2017-09-16 16:07:58,444 - [webpage_parser.py:65] - INFO - procotol:http, hostname:music.baidu.com, new_link:/artist/1133
2017-09-16 16:07:58,444 - [webpage_parser.py:65] - INFO - procotol:http, hostname:music.baidu.com, new_link:/artist/1116
2017-09-16 16:07:58,444 - [webpage_parser.py:65] - INFO - procotol:http, hostname:music.baidu.com, new_link:/artist/1156
2017-09-16 16:07:58,444 - [webpage_parser.py:65] - INFO - procotol:http, hostname:music.baidu.com, new_link:/artist/45561
2017-09-16 16:07:58,445 - [webpage_parser.py:65] - INFO - procotol:http, hostname:music.baidu.com, new_link:/artist/1228
2017-09-16 16:07:58,445 - [webpage_parser.py:65] - INFO - procotol:http, hostname:music.baidu.com, new_link:/artist/1422
2017-09-16 16:07:58,445 - [webpage_parser.py:65] - INFO - procotol:http, hostname:music.baidu.com, new_link:/artist/1233
2017-09-16 16:07:58,446 - [webpage_parser.py:65] - INFO - procotol:http, hostname:music.baidu.com, new_link:/artist/2319312
2017-09-16 16:07:58,446 - [webpage_parser.py:65] - INFO - procotol:http, hostname:music.baidu.com, new_link:/artist/1451
2017-09-16 16:07:58,446 - [webpage_parser.py:65] - INFO - procotol:http, hostname:music.baidu.com, new_link:/artist/1101
2017-09-16 16:07:58,447 - [webpage_parser.py:65] - INFO - procotol:http, hostname:music.baidu.com, new_link:/artist/1192
2017-09-16 16:07:58,447 - [webpage_parser.py:65] - INFO - procotol:http, hostname:music.baidu.com, new_link:/artist/cn/group
2017-09-16 16:07:58,447 - [webpage_parser.py:65] - INFO - procotol:http, hostname:music.baidu.com, new_link:/artist/707709
2017-09-16 16:07:58,448 - [webpage_parser.py:65] - INFO - procotol:http, hostname:music.baidu.com, new_link:/artist/1098
2017-09-16 16:07:58,448 - [webpage_parser.py:65] - INFO - procotol:http, hostname:music.baidu.com, new_link:/artist/14674804
2017-09-16 16:07:58,448 - [webpage_parser.py:65] - INFO - procotol:http, hostname:music.baidu.com, new_link:/artist/1100
2017-09-16 16:07:58,449 - [webpage_parser.py:65] - INFO - procotol:http, hostname:music.baidu.com, new_link:/artist/9295
2017-09-16 16:07:58,449 - [webpage_parser.py:65] - INFO - procotol:http, hostname:music.baidu.com, new_link:/artist/1490
2017-09-16 16:07:58,449 - [webpage_parser.py:65] - INFO - procotol:http, hostname:music.baidu.com, new_link:/artist/1389
2017-09-16 16:07:58,450 - [webpage_parser.py:65] - INFO - procotol:http, hostname:music.baidu.com, new_link:/artist/5976
2017-09-16 16:07:58,450 - [webpage_parser.py:65] - INFO - procotol:http, hostname:music.baidu.com, new_link:/artist/1445
2017-09-16 16:07:58,450 - [webpage_parser.py:65] - INFO - procotol:http, hostname:music.baidu.com, new_link:/artist/1050
2017-09-16 16:07:58,451 - [webpage_parser.py:65] - INFO - procotol:http, hostname:music.baidu.com, new_link:javascript:void(0)
2017-09-16 16:07:58,451 - [webpage_parser.py:65] - INFO - procotol:http, hostname:music.baidu.com, new_link:###
2017-09-16 16:07:58,452 - [webpage_parser.py:65] - INFO - procotol:http, hostname:music.baidu.com, new_link:###
2017-09-16 16:07:58,452 - [webpage_parser.py:65] - INFO - procotol:http, hostname:music.baidu.com, new_link:javascript:void(0)
2017-09-16 16:07:58,452 - [webpage_parser.py:65] - INFO - procotol:http, hostname:music.baidu.com, new_link:javascript:void(0)
2017-09-16 16:07:58,453 - [webpage_parser.py:65] - INFO - procotol:http, hostname:music.baidu.com, new_link:javascript:void(0)
2017-09-16 16:07:58,453 - [webpage_parser.py:65] - INFO - procotol:http, hostname:music.baidu.com, new_link:/cms/webview/ticket2017/index.html
2017-09-16 16:07:58,453 - [webpage_parser.py:65] - INFO - procotol:http, hostname:music.baidu.com, new_link:javascript:void(0)
2017-09-16 16:07:58,454 - [webpage_parser.py:65] - INFO - procotol:http, hostname:music.baidu.com, new_link:/feedback
2017-09-16 16:07:58,454 - [webpage_parser.py:65] - INFO - procotol:http, hostname:music.baidu.com, new_link:/doc/contact
2017-09-16 16:07:58,454 - [webpage_parser.py:65] - INFO - procotol:http, hostname:music.baidu.com, new_link:/doc/help
2017-09-16 16:07:58,471 - [webpage_saver.py:45] - INFO - url http://music.baidu.com/ is not match
2017-09-16 16:07:59,235 - [connectionpool.py:818] - DEBUG - Starting new HTTPS connection (1): www.baidu.com
2017-09-16 16:07:59,256 - [connectionpool.py:207] - DEBUG - Starting new HTTP connection (1): china.huanqiu.com
2017-09-16 16:07:59,262 - [connectionpool.py:818] - DEBUG - Starting new HTTPS connection (1): baijia.baidu.com
2017-09-16 16:07:59,266 - [connectionpool.py:818] - DEBUG - Starting new HTTPS connection (1): baijia.baidu.com
2017-09-16 16:07:59,271 - [connectionpool.py:818] - DEBUG - Starting new HTTPS connection (1): baijia.baidu.com
2017-09-16 16:07:59,274 - [connectionpool.py:207] - DEBUG - Starting new HTTP connection (1): news.china.com
2017-09-16 16:07:59,319 - [connectionpool.py:395] - DEBUG - http://china.huanqiu.com:80 "GET /article/2017-09/11253501.html?from=bdwz HTTP/1.1" 200 8583
2017-09-16 16:07:59,350 - [connectionpool.py:395] - DEBUG - http://news.china.com:80 "GET /domestic/945/20170916/31431593.html HTTP/1.1" 200 None
2017-09-16 16:07:59,514 - [connectionpool.py:395] - DEBUG - https://www.baidu.com:443 "GET /s?wd=%E8%BF%99%E6%AD%A5%E6%A3%8B%EF%BC%8C%E4%B9%A0%E8%BF%91%E5%B9%B3%E8%90%BD%E5%AD%90%E2%80%9C%E5%85%B3%E9%94%AE%E5%B0%91%E6%95%B0%E2%80%9D HTTP/1.1" 200 227
2017-09-16 16:07:59,574 - [webpage_saver.py:45] - INFO - url https://www.baidu.com/s?wd=%E8%BF%99%E6%AD%A5%E6%A3%8B%EF%BC%8C%E4%B9%A0%E8%BF%91%E5%B9%B3%E8%90%BD%E5%AD%90%E2%80%9C%E5%85%B3%E9%94%AE%E5%B0%91%E6%95%B0%E2%80%9D is not match
2017-09-16 16:07:59,703 - [connectionpool.py:395] - DEBUG - https://baijia.baidu.com:443 "GET /u?app_id=1536767684387819 HTTP/1.1" 200 None
2017-09-16 16:07:59,766 - [webpage_parser.py:65] - INFO - procotol:http, hostname:news.china.com, new_link:#comment
2017-09-16 16:07:59,767 - [webpage_parser.py:65] - INFO - procotol:http, hostname:news.china.com, new_link:javascript:void(0);
2017-09-16 16:07:59,771 - [webpage_parser.py:65] - INFO - procotol:http, hostname:news.china.com, new_link:javascript:void(0);
2017-09-16 16:07:59,773 - [connectionpool.py:395] - DEBUG - https://baijia.baidu.com:443 "GET /channel?cat=2 HTTP/1.1" 200 None
2017-09-16 16:07:59,774 - [webpage_parser.py:65] - INFO - procotol:http, hostname:news.china.com, new_link:javascript:void(0);
2017-09-16 16:07:59,787 - [webpage_parser.py:65] - INFO - procotol:http, hostname:news.china.com, new_link:#comment
2017-09-16 16:07:59,791 - [webpage_parser.py:65] - INFO - procotol:http, hostname:news.china.com, new_link:javascript:void(0);
2017-09-16 16:07:59,794 - [webpage_parser.py:65] - INFO - procotol:http, hostname:news.china.com, new_link:javascript:void(0);
2017-09-16 16:07:59,795 - [webpage_parser.py:65] - INFO - procotol:http, hostname:news.china.com, new_link:javascript:void(0);
2017-09-16 16:07:59,798 - [webpage_parser.py:65] - INFO - procotol:http, hostname:news.china.com, new_link:javascript:void(0);
2017-09-16 16:07:59,802 - [webpage_parser.py:65] - INFO - procotol:http, hostname:news.china.com, new_link:mailto:newsgroup@bj.china.com
2017-09-16 16:07:59,826 - [connectionpool.py:395] - DEBUG - https://baijia.baidu.com:443 "GET /s?id=1578669950010882209 HTTP/1.1" 200 None
2017-09-16 16:07:59,875 - [webpage_parser.py:65] - INFO - procotol:https, hostname:baijia.baidu.com, new_link:/
2017-09-16 16:07:59,891 - [webpage_parser.py:65] - INFO - procotol:https, hostname:baijia.baidu.com, new_link:/
2017-09-16 16:07:59,895 - [webpage_parser.py:65] - INFO - procotol:http, hostname:china.huanqiu.com, new_link:javascript:doZoom(14)
2017-09-16 16:07:59,896 - [webpage_parser.py:65] - INFO - procotol:https, hostname:baijia.baidu.com, new_link:/channel?cat=1
2017-09-16 16:07:59,899 - [webpage_parser.py:65] - INFO - procotol:https, hostname:baijia.baidu.com, new_link:/channel?cat=2
2017-09-16 16:07:59,900 - [webpage_parser.py:65] - INFO - procotol:http, hostname:china.huanqiu.com, new_link:javascript:doZoom(16)
2017-09-16 16:07:59,906 - [webpage_parser.py:65] - INFO - procotol:https, hostname:baijia.baidu.com, new_link:/channel?cat=3
2017-09-16 16:08:00,051 - [webpage_parser.py:65] - INFO - procotol:https, hostname:baijia.baidu.com, new_link:/
2017-09-16 16:08:00,052 - [webpage_parser.py:65] - INFO - procotol:http, hostname:china.huanqiu.com, new_link:#frame_content
2017-09-16 16:08:00,052 - [webpage_parser.py:65] - INFO - procotol:https, hostname:baijia.baidu.com, new_link:/channel?cat=4
2017-09-16 16:08:00,053 - [webpage_parser.py:65] - INFO - procotol:https, hostname:baijia.baidu.com, new_link:/
2017-09-16 16:08:00,055 - [webpage_parser.py:65] - INFO - procotol:http, hostname:china.huanqiu.com, new_link:mailto:jubao@huanqiu.com
2017-09-16 16:08:00,056 - [webpage_parser.py:65] - INFO - procotol:https, hostname:baijia.baidu.com, new_link:/channel?cat=5
2017-09-16 16:08:00,056 - [webpage_parser.py:65] - INFO - procotol:https, hostname:baijia.baidu.com, new_link:/channel?cat=1
2017-09-16 16:08:00,057 - [webpage_parser.py:65] - INFO - procotol:https, hostname:baijia.baidu.com, new_link:/s?id=1578577505038446664&wfr=pc&fr=app_lst
2017-09-16 16:08:00,058 - [webpage_parser.py:65] - INFO - procotol:https, hostname:baijia.baidu.com, new_link:/channel?cat=2
2017-09-16 16:08:00,058 - [webpage_parser.py:65] - INFO - procotol:https, hostname:baijia.baidu.com, new_link:/s?id=1578577505038446664&wfr=pc&fr=app_lst
2017-09-16 16:08:00,061 - [webpage_parser.py:65] - INFO - procotol:https, hostname:baijia.baidu.com, new_link:/channel?cat=3
2017-09-16 16:08:00,061 - [webpage_saver.py:45] - INFO - url http://china.huanqiu.com/article/2017-09/11253501.html?from=bdwz is not match
2017-09-16 16:08:00,082 - [webpage_parser.py:65] - INFO - procotol:https, hostname:baijia.baidu.com, new_link:/channel?cat=4
2017-09-16 16:08:00,083 - [webpage_parser.py:65] - INFO - procotol:https, hostname:baijia.baidu.com, new_link:/s?id=1578577505038446664&wfr=pc&fr=app_lst
2017-09-16 16:08:00,122 - [webpage_parser.py:65] - INFO - procotol:https, hostname:baijia.baidu.com, new_link:/
2017-09-16 16:08:00,123 - [webpage_parser.py:65] - INFO - procotol:https, hostname:baijia.baidu.com, new_link:/channel?cat=5
2017-09-16 16:08:00,124 - [webpage_parser.py:65] - INFO - procotol:https, hostname:baijia.baidu.com, new_link:/s?id=1578577505038446664&wfr=pc&fr=app_lst
2017-09-16 16:08:00,124 - [webpage_parser.py:65] - INFO - procotol:https, hostname:baijia.baidu.com, new_link:/
2017-09-16 16:08:00,124 - [webpage_parser.py:65] - INFO - procotol:https, hostname:baijia.baidu.com, new_link:/u?app_id=1536562667674782&wfr=pc&fr=ch_app
2017-09-16 16:08:00,125 - [webpage_parser.py:65] - INFO - procotol:https, hostname:baijia.baidu.com, new_link:/s?id=1578577505038446664&wfr=pc&fr=_lst
2017-09-16 16:08:00,125 - [webpage_parser.py:65] - INFO - procotol:https, hostname:baijia.baidu.com, new_link:/channel?cat=1
2017-09-16 16:08:00,126 - [webpage_parser.py:65] - INFO - procotol:https, hostname:baijia.baidu.com, new_link:/u?app_id=1536562667674782&wfr=pc&fr=ch_app
2017-09-16 16:08:00,126 - [webpage_parser.py:65] - INFO - procotol:https, hostname:baijia.baidu.com, new_link:/s?old_id=311572&wfr=pc&fr=app_lst
2017-09-16 16:08:00,126 - [webpage_parser.py:65] - INFO - procotol:https, hostname:baijia.baidu.com, new_link:/channel?cat=2
2017-09-16 16:08:00,127 - [webpage_parser.py:65] - INFO - procotol:https, hostname:baijia.baidu.com, new_link:/s?id=1578659251171804719&wfr=pc&fr=ch_app
2017-09-16 16:08:00,127 - [webpage_parser.py:65] - INFO - procotol:https, hostname:baijia.baidu.com, new_link:/s?old_id=311572&wfr=pc&fr=app_lst
2017-09-16 16:08:00,127 - [webpage_parser.py:65] - INFO - procotol:https, hostname:baijia.baidu.com, new_link:/channel?cat=3
2017-09-16 16:08:00,128 - [webpage_parser.py:65] - INFO - procotol:https, hostname:baijia.baidu.com, new_link:/u?app_id=1536767482696953&wfr=pc&fr=ch_app
2017-09-16 16:08:00,128 - [webpage_parser.py:65] - INFO - procotol:https, hostname:baijia.baidu.com, new_link:/s?old_id=83275&wfr=pc&fr=app_lst
2017-09-16 16:08:00,128 - [webpage_parser.py:65] - INFO - procotol:https, hostname:baijia.baidu.com, new_link:/channel?cat=4
2017-09-16 16:08:00,129 - [webpage_parser.py:65] - INFO - procotol:https, hostname:baijia.baidu.com, new_link:/u?app_id=1536767482696953&wfr=pc&fr=ch_app
2017-09-16 16:08:00,129 - [webpage_parser.py:65] - INFO - procotol:https, hostname:baijia.baidu.com, new_link:/s?old_id=83275&wfr=pc&fr=app_lst
2017-09-16 16:08:00,129 - [webpage_parser.py:65] - INFO - procotol:https, hostname:baijia.baidu.com, new_link:/channel?cat=5
2017-09-16 16:08:00,130 - [webpage_parser.py:65] - INFO - procotol:https, hostname:baijia.baidu.com, new_link:/s?id=1578436907880843980&wfr=pc&fr=ch_app
2017-09-16 16:08:00,131 - [webpage_saver.py:45] - INFO - url https://baijia.baidu.com/u?app_id=1536767684387819 is not match
2017-09-16 16:08:00,131 - [webpage_parser.py:65] - INFO - procotol:https, hostname:baijia.baidu.com, new_link:/u?app_id=1536766276004443&wfr=pc&fr=new_lst
2017-09-16 16:08:00,132 - [webpage_parser.py:65] - INFO - procotol:https, hostname:baijia.baidu.com, new_link:/u?app_id=1536773101501329&wfr=pc&fr=ch_app
2017-09-16 16:08:00,132 - [webpage_parser.py:65] - INFO - procotol:https, hostname:baijia.baidu.com, new_link:/s?id=1578560266675152197&wfr=pc&fr=new_lst
2017-09-16 16:08:00,133 - [webpage_parser.py:65] - INFO - procotol:https, hostname:baijia.baidu.com, new_link:/u?app_id=1536773101501329&wfr=pc&fr=ch_app
2017-09-16 16:08:00,133 - [webpage_parser.py:65] - INFO - procotol:https, hostname:baijia.baidu.com, new_link:/s?id=1578522998727156038&wfr=pc&fr=new_lst
2017-09-16 16:08:00,133 - [webpage_parser.py:65] - INFO - procotol:https, hostname:baijia.baidu.com, new_link:/s?id=1578582856010638770&wfr=pc&fr=ch_app
2017-09-16 16:08:00,134 - [webpage_parser.py:65] - INFO - procotol:https, hostname:baijia.baidu.com, new_link:/s?id=1578470332512815819&wfr=pc&fr=new_lst
2017-09-16 16:08:00,134 - [webpage_parser.py:65] - INFO - procotol:https, hostname:baijia.baidu.com, new_link:/s?id=1578503197316039268&wfr=pc&fr=ch_top
2017-09-16 16:08:00,134 - [webpage_parser.py:65] - INFO - procotol:https, hostname:baijia.baidu.com, new_link:/s?id=1578412483136157578&wfr=pc&fr=new_lst
2017-09-16 16:08:00,135 - [webpage_parser.py:65] - INFO - procotol:https, hostname:baijia.baidu.com, new_link:/s?id=1578521518585497286&wfr=pc&fr=ch_top
2017-09-16 16:08:00,135 - [webpage_parser.py:65] - INFO - procotol:https, hostname:baijia.baidu.com, new_link:/u?app_id=1536766276004443&wfr=pc&fr=new_lst
2017-09-16 16:08:00,136 - [webpage_parser.py:65] - INFO - procotol:https, hostname:baijia.baidu.com, new_link:/u?app_id=1536770861178367&wfr=pc&fr=ch_top
2017-09-16 16:08:00,136 - [webpage_parser.py:65] - INFO - procotol:https, hostname:baijia.baidu.com, new_link:/s?id=1578504898616167009&wfr=pc&fr=new_top
2017-09-16 16:08:00,136 - [webpage_parser.py:65] - INFO - procotol:https, hostname:baijia.baidu.com, new_link:/s?id=1578613076203955709&wfr=pc&fr=ch_top
2017-09-16 16:08:00,137 - [webpage_parser.py:65] - INFO - procotol:https, hostname:baijia.baidu.com, new_link:/s?id=1578623174990307367&wfr=pc&fr=new_top
2017-09-16 16:08:00,137 - [webpage_parser.py:65] - INFO - procotol:https, hostname:baijia.baidu.com, new_link:/u?app_id=1536766668618793&wfr=pc&fr=ch_top
2017-09-16 16:08:00,138 - [webpage_parser.py:65] - INFO - procotol:https, hostname:baijia.baidu.com, new_link:/u?app_id=1536772658226902&wfr=pc&fr=new_top
2017-09-16 16:08:00,138 - [webpage_parser.py:65] - INFO - procotol:https, hostname:baijia.baidu.com, new_link:/s?id=1578660311362605093&wfr=pc&fr=ch_top
2017-09-16 16:08:00,138 - [webpage_parser.py:65] - INFO - procotol:https, hostname:baijia.baidu.com, new_link:/s?id=1578607976201766738&wfr=pc&fr=new_top
2017-09-16 16:08:00,139 - [webpage_parser.py:65] - INFO - procotol:https, hostname:baijia.baidu.com, new_link:/u?app_id=1536766668618793&wfr=pc&fr=ch_top
2017-09-16 16:08:00,139 - [webpage_parser.py:65] - INFO - procotol:https, hostname:baijia.baidu.com, new_link:/u?app_id=1542908067534756&wfr=pc&fr=new_top
2017-09-16 16:08:00,139 - [webpage_parser.py:65] - INFO - procotol:https, hostname:baijia.baidu.com, new_link:/s?id=1578522314747987680&wfr=pc&fr=ch_top
2017-09-16 16:08:00,140 - [webpage_parser.py:65] - INFO - procotol:https, hostname:baijia.baidu.com, new_link:/s?id=1578577505038446664&wfr=pc&fr=new_top
2017-09-16 16:08:00,140 - [webpage_parser.py:65] - INFO - procotol:https, hostname:baijia.baidu.com, new_link:/u?app_id=1536773914342501&wfr=pc&fr=ch_top
2017-09-16 16:08:00,140 - [webpage_parser.py:65] - INFO - procotol:https, hostname:baijia.baidu.com, new_link:/u?app_id=1536767684387819&wfr=pc&fr=new_top
2017-09-16 16:08:00,141 - [webpage_parser.py:65] - INFO - procotol:https, hostname:baijia.baidu.com, new_link:/s?id=1578667824754266613&wfr=pc&fr=ch_top
2017-09-16 16:08:00,141 - [webpage_parser.py:65] - INFO - procotol:https, hostname:baijia.baidu.com, new_link:/s?id=1578593165078946033&wfr=pc&fr=new_top
2017-09-16 16:08:00,141 - [webpage_parser.py:65] - INFO - procotol:https, hostname:baijia.baidu.com, new_link:/u?app_id=1536766655130306&wfr=pc&fr=ch_top
2017-09-16 16:08:00,142 - [webpage_parser.py:65] - INFO - procotol:https, hostname:baijia.baidu.com, new_link:/u?app_id=1536767517568852&wfr=pc&fr=new_top
2017-09-16 16:08:00,142 - [webpage_parser.py:65] - INFO - procotol:https, hostname:baijia.baidu.com, new_link:/s?id=1578607181150116919&wfr=pc&fr=ch_top
2017-09-16 16:08:00,142 - [webpage_parser.py:65] - INFO - procotol:https, hostname:baijia.baidu.com, new_link:/s?id=1578557257887453884&wfr=pc&fr=new_top
2017-09-16 16:08:00,143 - [webpage_parser.py:65] - INFO - procotol:https, hostname:baijia.baidu.com, new_link:/u?app_id=1536772163300618&wfr=pc&fr=ch_top
2017-09-16 16:08:00,143 - [webpage_parser.py:65] - INFO - procotol:https, hostname:baijia.baidu.com, new_link:/u?app_id=1536766549127199&wfr=pc&fr=new_top
2017-09-16 16:08:00,143 - [webpage_parser.py:65] - INFO - procotol:https, hostname:baijia.baidu.com, new_link:/s?id=1578530223388813155&wfr=pc&fr=ch_top
2017-09-16 16:08:00,144 - [webpage_parser.py:65] - INFO - procotol:https, hostname:baijia.baidu.com, new_link:/s?id=1578507534024718953&wfr=pc&fr=new_top
2017-09-16 16:08:00,144 - [webpage_parser.py:65] - INFO - procotol:https, hostname:baijia.baidu.com, new_link:/u?app_id=1536770233880338&wfr=pc&fr=ch_top
2017-09-16 16:08:00,144 - [webpage_parser.py:65] - INFO - procotol:https, hostname:baijia.baidu.com, new_link:/u?app_id=1536766289627322&wfr=pc&fr=new_top
2017-09-16 16:08:00,145 - [webpage_parser.py:65] - INFO - procotol:https, hostname:baijia.baidu.com, new_link:/s?id=1578593842545424158&wfr=pc&fr=ch_top
2017-09-16 16:08:00,145 - [webpage_parser.py:65] - INFO - procotol:https, hostname:baijia.baidu.com, new_link:/s?id=1578558686663240107&wfr=pc&fr=new_top
2017-09-16 16:08:00,145 - [webpage_parser.py:65] - INFO - procotol:https, hostname:baijia.baidu.com, new_link:/u?app_id=1536773846190651&wfr=pc&fr=ch_top
2017-09-16 16:08:00,146 - [webpage_parser.py:65] - INFO - procotol:https, hostname:baijia.baidu.com, new_link:/u?app_id=1536766474050767&wfr=pc&fr=new_top
2017-09-16 16:08:00,146 - [webpage_parser.py:65] - INFO - procotol:https, hostname:baijia.baidu.com, new_link:/s?id=1578504255294008229&wfr=pc&fr=ch_top
2017-09-16 16:08:00,147 - [webpage_parser.py:65] - INFO - procotol:https, hostname:baijia.baidu.com, new_link:/s?id=1578653355907666885&wfr=pc&fr=new_top
2017-09-16 16:08:00,147 - [webpage_parser.py:65] - INFO - procotol:https, hostname:baijia.baidu.com, new_link:/u?app_id=1536766655130306&wfr=pc&fr=ch_top
2017-09-16 16:08:00,147 - [webpage_parser.py:65] - INFO - procotol:https, hostname:baijia.baidu.com, new_link:/u?app_id=1536766737196056&wfr=pc&fr=new_top
2017-09-16 16:08:00,148 - [webpage_parser.py:65] - INFO - procotol:https, hostname:baijia.baidu.com, new_link:/s?id=1578153330238967701&wfr=pc&fr=ch_top
2017-09-16 16:08:00,148 - [webpage_parser.py:65] - INFO - procotol:https, hostname:baijia.baidu.com, new_link:/s?id=1578548392389415079&wfr=pc&fr=new_top
2017-09-16 16:08:00,149 - [webpage_parser.py:65] - INFO - procotol:https, hostname:baijia.baidu.com, new_link:/s?id=1578390860472461456&wfr=pc&fr=ch_top
2017-09-16 16:08:00,149 - [webpage_parser.py:65] - INFO - procotol:https, hostname:baijia.baidu.com, new_link:/u?app_id=1536767911508436&wfr=pc&fr=new_top
2017-09-16 16:08:00,149 - [webpage_parser.py:65] - INFO - procotol:https, hostname:baijia.baidu.com, new_link:/u?app_id=1536766668618793&wfr=pc&fr=ch_top
2017-09-16 16:08:00,150 - [webpage_parser.py:65] - INFO - procotol:https, hostname:baijia.baidu.com, new_link:/s?id=1578208807638478293&wfr=pc&fr=new_top
2017-09-16 16:08:00,150 - [webpage_parser.py:65] - INFO - procotol:https, hostname:baijia.baidu.com, new_link:/s?id=1578302236936366705&wfr=pc&fr=ch_top
2017-09-16 16:08:00,151 - [webpage_parser.py:65] - INFO - procotol:https, hostname:baijia.baidu.com, new_link:/s?id=1578410468853518882&wfr=pc&fr=new_top
2017-09-16 16:08:00,151 - [webpage_parser.py:65] - INFO - procotol:https, hostname:baijia.baidu.com, new_link:/u?app_id=1536773846190651&wfr=pc&fr=ch_top
2017-09-16 16:08:00,151 - [webpage_parser.py:65] - INFO - procotol:https, hostname:baijia.baidu.com, new_link:/u?app_id=1536767911508436&wfr=pc&fr=new_top
2017-09-16 16:08:00,152 - [webpage_parser.py:65] - INFO - procotol:https, hostname:baijia.baidu.com, new_link:/s?id=1578503197316039268&wfr=pc&fr=ch_top
2017-09-16 16:08:00,152 - [webpage_parser.py:65] - INFO - procotol:https, hostname:baijia.baidu.com, new_link:/s?id=1578129331659506891&wfr=pc&fr=new_top
2017-09-16 16:08:00,152 - [webpage_parser.py:65] - INFO - procotol:https, hostname:baijia.baidu.com, new_link:/u?app_id=1536773914342501&wfr=pc&fr=ch_top
2017-09-16 16:08:00,153 - [webpage_parser.py:65] - INFO - procotol:https, hostname:baijia.baidu.com, new_link:/u?app_id=1536774014301697&wfr=pc&fr=new_top
2017-09-16 16:08:00,153 - [webpage_parser.py:65] - INFO - procotol:https, hostname:baijia.baidu.com, new_link:/s?id=1578237429523963898&wfr=pc&fr=ch_top
2017-09-16 16:08:00,153 - [webpage_parser.py:65] - INFO - procotol:https, hostname:baijia.baidu.com, new_link:/s?id=1578374273180822002&wfr=pc&fr=new_top
2017-09-16 16:08:00,154 - [webpage_parser.py:65] - INFO - procotol:https, hostname:baijia.baidu.com, new_link:/u?app_id=1536773725597272&wfr=pc&fr=ch_top
2017-09-16 16:08:00,154 - [webpage_parser.py:65] - INFO - procotol:https, hostname:baijia.baidu.com, new_link:/u?app_id=1536766474050767&wfr=pc&fr=new_top
2017-09-16 16:08:00,154 - [webpage_parser.py:65] - INFO - procotol:https, hostname:baijia.baidu.com, new_link:/s?id=1578316499098163475&wfr=pc&fr=ch_top
2017-09-16 16:08:00,155 - [webpage_parser.py:65] - INFO - procotol:https, hostname:baijia.baidu.com, new_link:/s?id=1578373838877672334&wfr=pc&fr=new_top
2017-09-16 16:08:00,155 - [webpage_parser.py:65] - INFO - procotol:https, hostname:baijia.baidu.com, new_link:/u?app_id=1536773846190651&wfr=pc&fr=ch_top
2017-09-16 16:08:00,155 - [webpage_parser.py:65] - INFO - procotol:https, hostname:baijia.baidu.com, new_link:/u?app_id=1536766549127199&wfr=pc&fr=new_top
2017-09-16 16:08:00,156 - [webpage_parser.py:65] - INFO - procotol:https, hostname:baijia.baidu.com, new_link:/s?id=1578076441808005646&wfr=pc&fr=ch_top
2017-09-16 16:08:00,156 - [webpage_parser.py:65] - INFO - procotol:https, hostname:baijia.baidu.com, new_link:/s?id=1578123833701584481&wfr=pc&fr=new_top
2017-09-16 16:08:00,156 - [webpage_parser.py:65] - INFO - procotol:https, hostname:baijia.baidu.com, new_link:/u?app_id=1536773914342501&wfr=pc&fr=ch_top
2017-09-16 16:08:00,157 - [webpage_parser.py:65] - INFO - procotol:https, hostname:baijia.baidu.com, new_link:/u?app_id=1536766231434959&wfr=pc&fr=new_top
2017-09-16 16:08:00,157 - [webpage_parser.py:65] - INFO - procotol:https, hostname:baijia.baidu.com, new_link:/s?id=1578142178485718899&wfr=pc&fr=ch_top
2017-09-16 16:08:00,157 - [webpage_parser.py:65] - INFO - procotol:https, hostname:baijia.baidu.com, new_link:/s?id=1578240209069435195&wfr=pc&fr=new_top
2017-09-16 16:08:00,158 - [webpage_parser.py:65] - INFO - procotol:https, hostname:baijia.baidu.com, new_link:/u?app_id=1536766668618793&wfr=pc&fr=ch_top
2017-09-16 16:08:00,158 - [webpage_parser.py:65] - INFO - procotol:https, hostname:baijia.baidu.com, new_link:/u?app_id=1536766719453005&wfr=pc&fr=new_top
2017-09-16 16:08:00,158 - [webpage_parser.py:65] - INFO - procotol:https, hostname:baijia.baidu.com, new_link:/s?id=1578415049220990560&wfr=pc&fr=ch_top
2017-09-16 16:08:00,159 - [webpage_parser.py:65] - INFO - procotol:https, hostname:baijia.baidu.com, new_link:/s?id=1578365804884109727&wfr=pc&fr=new_top
2017-09-16 16:08:00,159 - [webpage_parser.py:65] - INFO - procotol:https, hostname:baijia.baidu.com, new_link:/u?app_id=1536773914342501&wfr=pc&fr=ch_top
2017-09-16 16:08:00,160 - [webpage_parser.py:65] - INFO - procotol:https, hostname:baijia.baidu.com, new_link:/u?app_id=1536768690718780&wfr=pc&fr=new_top
2017-09-16 16:08:00,160 - [webpage_parser.py:65] - INFO - procotol:https, hostname:baijia.baidu.com, new_link:/s?id=1578413744598674432&wfr=pc&fr=ch_top
2017-09-16 16:08:00,160 - [webpage_parser.py:65] - INFO - procotol:https, hostname:baijia.baidu.com, new_link:/s?id=1578275578438991585&wfr=pc&fr=new_top
2017-09-16 16:08:00,161 - [webpage_parser.py:65] - INFO - procotol:https, hostname:baijia.baidu.com, new_link:/u?app_id=1536766668618793&wfr=pc&fr=ch_top
2017-09-16 16:08:00,161 - [webpage_parser.py:65] - INFO - procotol:https, hostname:baijia.baidu.com, new_link:/u?app_id=1536768690718780&wfr=pc&fr=new_top
2017-09-16 16:08:00,161 - [webpage_parser.py:65] - INFO - procotol:https, hostname:baijia.baidu.com, new_link:/s?id=1578678127178932847&wfr=pc&fr=ch_lst
2017-09-16 16:08:00,162 - [webpage_parser.py:65] - INFO - procotol:https, hostname:baijia.baidu.com, new_link:/s?id=1578233654535496137&wfr=pc&fr=new_top
2017-09-16 16:08:00,162 - [webpage_parser.py:65] - INFO - procotol:https, hostname:baijia.baidu.com, new_link:/s?id=1578678127178932847&wfr=pc&fr=ch_lst
2017-09-16 16:08:00,163 - [webpage_parser.py:65] - INFO - procotol:https, hostname:baijia.baidu.com, new_link:/u?app_id=1536767517568852&wfr=pc&fr=new_top
2017-09-16 16:08:00,163 - [webpage_parser.py:65] - INFO - procotol:https, hostname:baijia.baidu.com, new_link:/s?id=1578678127178932847&wfr=pc&fr=ch_lst
2017-09-16 16:08:00,163 - [webpage_parser.py:65] - INFO - procotol:https, hostname:baijia.baidu.com, new_link:/u?app_id=1536766276004443&wfr=pc&fr=new_dtl
2017-09-16 16:08:00,164 - [webpage_parser.py:65] - INFO - procotol:https, hostname:baijia.baidu.com, new_link:/s?id=1578678127178932847&wfr=pc&fr=ch_lst
2017-09-16 16:08:00,165 - [webpage_saver.py:45] - INFO - url https://baijia.baidu.com/s?id=1578669950010882209 is not match
2017-09-16 16:08:00,166 - [webpage_parser.py:65] - INFO - procotol:https, hostname:baijia.baidu.com, new_link:/s?id=1578678127178932847&wfr=pc&fr=ch_lst
2017-09-16 16:08:00,166 - [webpage_parser.py:65] - INFO - procotol:https, hostname:baijia.baidu.com, new_link:/u?app_id=1536773779279929&wfr=pc&fr=ch_lst
2017-09-16 16:08:00,166 - [webpage_parser.py:65] - INFO - procotol:https, hostname:baijia.baidu.com, new_link:/s?id=1578676281515822365&wfr=pc&fr=ch_lst
2017-09-16 16:08:00,167 - [webpage_parser.py:65] - INFO - procotol:https, hostname:baijia.baidu.com, new_link:/s?id=1578676281515822365&wfr=pc&fr=ch_lst
2017-09-16 16:08:00,167 - [webpage_parser.py:65] - INFO - procotol:https, hostname:baijia.baidu.com, new_link:/s?id=1578676281515822365&wfr=pc&fr=ch_lst
2017-09-16 16:08:00,167 - [webpage_parser.py:65] - INFO - procotol:https, hostname:baijia.baidu.com, new_link:/s?id=1578676281515822365&wfr=pc&fr=ch_lst
2017-09-16 16:08:00,168 - [webpage_parser.py:65] - INFO - procotol:https, hostname:baijia.baidu.com, new_link:/s?id=1578676281515822365&wfr=pc&fr=ch_lst
2017-09-16 16:08:00,168 - [webpage_parser.py:65] - INFO - procotol:https, hostname:baijia.baidu.com, new_link:/u?app_id=1536766663645102&wfr=pc&fr=ch_lst
2017-09-16 16:08:00,168 - [webpage_parser.py:65] - INFO - procotol:https, hostname:baijia.baidu.com, new_link:/s?id=1578674995833959432&wfr=pc&fr=ch_lst
2017-09-16 16:08:00,168 - [webpage_parser.py:65] - INFO - procotol:https, hostname:baijia.baidu.com, new_link:/s?id=1578674995833959432&wfr=pc&fr=ch_lst
2017-09-16 16:08:00,169 - [webpage_parser.py:65] - INFO - procotol:https, hostname:baijia.baidu.com, new_link:/s?id=1578674995833959432&wfr=pc&fr=ch_lst
2017-09-16 16:08:00,169 - [webpage_parser.py:65] - INFO - procotol:https, hostname:baijia.baidu.com, new_link:/s?id=1578674995833959432&wfr=pc&fr=ch_lst
2017-09-16 16:08:00,169 - [webpage_parser.py:65] - INFO - procotol:https, hostname:baijia.baidu.com, new_link:/s?id=1578674995833959432&wfr=pc&fr=ch_lst
2017-09-16 16:08:00,169 - [webpage_parser.py:65] - INFO - procotol:https, hostname:baijia.baidu.com, new_link:/u?app_id=1536774050299343&wfr=pc&fr=ch_lst
2017-09-16 16:08:00,170 - [webpage_parser.py:65] - INFO - procotol:https, hostname:baijia.baidu.com, new_link:/s?id=1578673232397238604&wfr=pc&fr=ch_lst
2017-09-16 16:08:00,170 - [webpage_parser.py:65] - INFO - procotol:https, hostname:baijia.baidu.com, new_link:/s?id=1578673232397238604&wfr=pc&fr=ch_lst
2017-09-16 16:08:00,170 - [webpage_parser.py:65] - INFO - procotol:https, hostname:baijia.baidu.com, new_link:/s?id=1578673232397238604&wfr=pc&fr=ch_lst
2017-09-16 16:08:00,171 - [webpage_parser.py:65] - INFO - procotol:https, hostname:baijia.baidu.com, new_link:/s?id=1578673232397238604&wfr=pc&fr=ch_lst
2017-09-16 16:08:00,171 - [webpage_parser.py:65] - INFO - procotol:https, hostname:baijia.baidu.com, new_link:/s?id=1578673232397238604&wfr=pc&fr=ch_lst
2017-09-16 16:08:00,171 - [webpage_parser.py:65] - INFO - procotol:https, hostname:baijia.baidu.com, new_link:/u?app_id=1536767441865940&wfr=pc&fr=ch_lst
2017-09-16 16:08:00,172 - [webpage_parser.py:65] - INFO - procotol:https, hostname:baijia.baidu.com, new_link:/s?id=1578673166871223489&wfr=pc&fr=ch_lst
2017-09-16 16:08:00,172 - [webpage_parser.py:65] - INFO - procotol:https, hostname:baijia.baidu.com, new_link:/s?id=1578673166871223489&wfr=pc&fr=ch_lst
2017-09-16 16:08:00,173 - [webpage_parser.py:65] - INFO - procotol:https, hostname:baijia.baidu.com, new_link:/s?id=1578673166871223489&wfr=pc&fr=ch_lst
2017-09-16 16:08:00,173 - [webpage_parser.py:65] - INFO - procotol:https, hostname:baijia.baidu.com, new_link:/s?id=1578673166871223489&wfr=pc&fr=ch_lst
2017-09-16 16:08:00,173 - [webpage_parser.py:65] - INFO - procotol:https, hostname:baijia.baidu.com, new_link:/s?id=1578673166871223489&wfr=pc&fr=ch_lst
2017-09-16 16:08:00,174 - [webpage_parser.py:65] - INFO - procotol:https, hostname:baijia.baidu.com, new_link:/u?app_id=1536773779279929&wfr=pc&fr=ch_lst
2017-09-16 16:08:00,174 - [webpage_parser.py:65] - INFO - procotol:https, hostname:baijia.baidu.com, new_link:/s?id=1578670123779902653&wfr=pc&fr=ch_lst
2017-09-16 16:08:00,174 - [webpage_parser.py:65] - INFO - procotol:https, hostname:baijia.baidu.com, new_link:/s?id=1578670123779902653&wfr=pc&fr=ch_lst
2017-09-16 16:08:00,174 - [webpage_parser.py:65] - INFO - procotol:https, hostname:baijia.baidu.com, new_link:/s?id=1578670123779902653&wfr=pc&fr=ch_lst
2017-09-16 16:08:00,175 - [webpage_parser.py:65] - INFO - procotol:https, hostname:baijia.baidu.com, new_link:/s?id=1578670123779902653&wfr=pc&fr=ch_lst
2017-09-16 16:08:00,175 - [webpage_parser.py:65] - INFO - procotol:https, hostname:baijia.baidu.com, new_link:/s?id=1578670123779902653&wfr=pc&fr=ch_lst
2017-09-16 16:08:00,175 - [webpage_parser.py:65] - INFO - procotol:https, hostname:baijia.baidu.com, new_link:/u?app_id=1536773710254281&wfr=pc&fr=ch_lst
2017-09-16 16:08:00,176 - [webpage_parser.py:65] - INFO - procotol:https, hostname:baijia.baidu.com, new_link:/s?id=1578669949637277342&wfr=pc&fr=ch_lst
2017-09-16 16:08:00,176 - [webpage_parser.py:65] - INFO - procotol:https, hostname:baijia.baidu.com, new_link:/s?id=1578669949637277342&wfr=pc&fr=ch_lst
2017-09-16 16:08:00,176 - [webpage_parser.py:65] - INFO - procotol:https, hostname:baijia.baidu.com, new_link:/s?id=1578669949637277342&wfr=pc&fr=ch_lst
2017-09-16 16:08:00,176 - [webpage_parser.py:65] - INFO - procotol:https, hostname:baijia.baidu.com, new_link:/s?id=1578669949637277342&wfr=pc&fr=ch_lst
2017-09-16 16:08:00,177 - [webpage_parser.py:65] - INFO - procotol:https, hostname:baijia.baidu.com, new_link:/s?id=1578669949637277342&wfr=pc&fr=ch_lst
2017-09-16 16:08:00,177 - [webpage_parser.py:65] - INFO - procotol:https, hostname:baijia.baidu.com, new_link:/u?app_id=1536766668618793&wfr=pc&fr=ch_lst
2017-09-16 16:08:00,177 - [webpage_parser.py:65] - INFO - procotol:https, hostname:baijia.baidu.com, new_link:/s?id=1578669560015189131&wfr=pc&fr=ch_lst
2017-09-16 16:08:00,178 - [webpage_parser.py:65] - INFO - procotol:https, hostname:baijia.baidu.com, new_link:/s?id=1578669560015189131&wfr=pc&fr=ch_lst
2017-09-16 16:08:00,178 - [webpage_parser.py:65] - INFO - procotol:https, hostname:baijia.baidu.com, new_link:/s?id=1578669560015189131&wfr=pc&fr=ch_lst
2017-09-16 16:08:00,178 - [webpage_parser.py:65] - INFO - procotol:https, hostname:baijia.baidu.com, new_link:/s?id=1578669560015189131&wfr=pc&fr=ch_lst
2017-09-16 16:08:00,179 - [webpage_parser.py:65] - INFO - procotol:https, hostname:baijia.baidu.com, new_link:/s?id=1578669560015189131&wfr=pc&fr=ch_lst
2017-09-16 16:08:00,179 - [webpage_parser.py:65] - INFO - procotol:https, hostname:baijia.baidu.com, new_link:/u?app_id=1536773730431806&wfr=pc&fr=ch_lst
2017-09-16 16:08:00,180 - [webpage_parser.py:65] - INFO - procotol:https, hostname:baijia.baidu.com, new_link:/s?id=1578667824754266613&wfr=pc&fr=ch_lst
2017-09-16 16:08:00,181 - [webpage_parser.py:65] - INFO - procotol:https, hostname:baijia.baidu.com, new_link:/s?id=1578667824754266613&wfr=pc&fr=ch_lst
2017-09-16 16:08:00,182 - [webpage_parser.py:65] - INFO - procotol:https, hostname:baijia.baidu.com, new_link:/s?id=1578667824754266613&wfr=pc&fr=ch_lst
2017-09-16 16:08:00,183 - [webpage_parser.py:65] - INFO - procotol:https, hostname:baijia.baidu.com, new_link:/s?id=1578667824754266613&wfr=pc&fr=ch_lst
2017-09-16 16:08:00,184 - [webpage_parser.py:65] - INFO - procotol:https, hostname:baijia.baidu.com, new_link:/s?id=1578667824754266613&wfr=pc&fr=ch_lst
2017-09-16 16:08:00,184 - [webpage_parser.py:65] - INFO - procotol:https, hostname:baijia.baidu.com, new_link:/u?app_id=1536766655130306&wfr=pc&fr=ch_lst
2017-09-16 16:08:00,185 - [webpage_parser.py:65] - INFO - procotol:https, hostname:baijia.baidu.com, new_link:/s?id=1578666387494900974&wfr=pc&fr=ch_lst
2017-09-16 16:08:00,185 - [webpage_parser.py:65] - INFO - procotol:https, hostname:baijia.baidu.com, new_link:/s?id=1578666387494900974&wfr=pc&fr=ch_lst
2017-09-16 16:08:00,185 - [webpage_parser.py:65] - INFO - procotol:https, hostname:baijia.baidu.com, new_link:/s?id=1578666387494900974&wfr=pc&fr=ch_lst
2017-09-16 16:08:00,185 - [webpage_parser.py:65] - INFO - procotol:https, hostname:baijia.baidu.com, new_link:/s?id=1578666387494900974&wfr=pc&fr=ch_lst
2017-09-16 16:08:00,186 - [webpage_parser.py:65] - INFO - procotol:https, hostname:baijia.baidu.com, new_link:/s?id=1578666387494900974&wfr=pc&fr=ch_lst
2017-09-16 16:08:00,186 - [webpage_parser.py:65] - INFO - procotol:https, hostname:baijia.baidu.com, new_link:/u?app_id=1536770762654911&wfr=pc&fr=ch_lst
2017-09-16 16:08:00,186 - [webpage_parser.py:65] - INFO - procotol:https, hostname:baijia.baidu.com, new_link:/s?id=1578666052632157787&wfr=pc&fr=ch_lst
2017-09-16 16:08:00,187 - [webpage_parser.py:65] - INFO - procotol:https, hostname:baijia.baidu.com, new_link:/s?id=1578666052632157787&wfr=pc&fr=ch_lst
2017-09-16 16:08:00,187 - [webpage_parser.py:65] - INFO - procotol:https, hostname:baijia.baidu.com, new_link:/s?id=1578666052632157787&wfr=pc&fr=ch_lst
2017-09-16 16:08:00,188 - [webpage_parser.py:65] - INFO - procotol:https, hostname:baijia.baidu.com, new_link:/s?id=1578666052632157787&wfr=pc&fr=ch_lst
2017-09-16 16:08:00,188 - [webpage_parser.py:65] - INFO - procotol:https, hostname:baijia.baidu.com, new_link:/s?id=1578666052632157787&wfr=pc&fr=ch_lst
2017-09-16 16:08:00,188 - [webpage_parser.py:65] - INFO - procotol:https, hostname:baijia.baidu.com, new_link:/u?app_id=1536773857371262&wfr=pc&fr=ch_lst
2017-09-16 16:08:00,189 - [webpage_parser.py:65] - INFO - procotol:https, hostname:baijia.baidu.com, new_link:/s?id=1578666022022294939&wfr=pc&fr=ch_lst
2017-09-16 16:08:00,189 - [webpage_parser.py:65] - INFO - procotol:https, hostname:baijia.baidu.com, new_link:/s?id=1578666022022294939&wfr=pc&fr=ch_lst
2017-09-16 16:08:00,189 - [webpage_parser.py:65] - INFO - procotol:https, hostname:baijia.baidu.com, new_link:/s?id=1578666022022294939&wfr=pc&fr=ch_lst
2017-09-16 16:08:00,190 - [webpage_parser.py:65] - INFO - procotol:https, hostname:baijia.baidu.com, new_link:/s?id=1578666022022294939&wfr=pc&fr=ch_lst
2017-09-16 16:08:00,190 - [webpage_parser.py:65] - INFO - procotol:https, hostname:baijia.baidu.com, new_link:/s?id=1578666022022294939&wfr=pc&fr=ch_lst
2017-09-16 16:08:00,190 - [webpage_parser.py:65] - INFO - procotol:https, hostname:baijia.baidu.com, new_link:/u?app_id=1536767441865940&wfr=pc&fr=ch_lst
2017-09-16 16:08:00,191 - [webpage_parser.py:65] - INFO - procotol:https, hostname:baijia.baidu.com, new_link:/s?id=1578665943771356855&wfr=pc&fr=ch_lst
2017-09-16 16:08:00,191 - [webpage_parser.py:65] - INFO - procotol:https, hostname:baijia.baidu.com, new_link:/s?id=1578665943771356855&wfr=pc&fr=ch_lst
2017-09-16 16:08:00,191 - [webpage_parser.py:65] - INFO - procotol:https, hostname:baijia.baidu.com, new_link:/s?id=1578665943771356855&wfr=pc&fr=ch_lst
2017-09-16 16:08:00,191 - [webpage_parser.py:65] - INFO - procotol:https, hostname:baijia.baidu.com, new_link:/s?id=1578665943771356855&wfr=pc&fr=ch_lst
2017-09-16 16:08:00,192 - [webpage_parser.py:65] - INFO - procotol:https, hostname:baijia.baidu.com, new_link:/s?id=1578665943771356855&wfr=pc&fr=ch_lst
2017-09-16 16:08:00,192 - [webpage_parser.py:65] - INFO - procotol:https, hostname:baijia.baidu.com, new_link:/u?app_id=1536773599231808&wfr=pc&fr=ch_lst
2017-09-16 16:08:00,192 - [webpage_parser.py:65] - INFO - procotol:https, hostname:baijia.baidu.com, new_link:/s?id=1578665771600608944&wfr=pc&fr=ch_lst
2017-09-16 16:08:00,193 - [webpage_parser.py:65] - INFO - procotol:https, hostname:baijia.baidu.com, new_link:/s?id=1578665771600608944&wfr=pc&fr=ch_lst
2017-09-16 16:08:00,193 - [webpage_parser.py:65] - INFO - procotol:https, hostname:baijia.baidu.com, new_link:/s?id=1578665771600608944&wfr=pc&fr=ch_lst
2017-09-16 16:08:00,193 - [webpage_parser.py:65] - INFO - procotol:https, hostname:baijia.baidu.com, new_link:/s?id=1578665771600608944&wfr=pc&fr=ch_lst
2017-09-16 16:08:00,193 - [webpage_parser.py:65] - INFO - procotol:https, hostname:baijia.baidu.com, new_link:/s?id=1578665771600608944&wfr=pc&fr=ch_lst
2017-09-16 16:08:00,194 - [webpage_parser.py:65] - INFO - procotol:https, hostname:baijia.baidu.com, new_link:/u?app_id=1536766678501373&wfr=pc&fr=ch_lst
2017-09-16 16:08:00,194 - [webpage_parser.py:65] - INFO - procotol:https, hostname:baijia.baidu.com, new_link:/s?id=1578665485498868878&wfr=pc&fr=ch_lst
2017-09-16 16:08:00,195 - [webpage_parser.py:65] - INFO - procotol:https, hostname:baijia.baidu.com, new_link:/s?id=1578665485498868878&wfr=pc&fr=ch_lst
2017-09-16 16:08:00,195 - [webpage_parser.py:65] - INFO - procotol:https, hostname:baijia.baidu.com, new_link:/s?id=1578665485498868878&wfr=pc&fr=ch_lst
2017-09-16 16:08:00,195 - [webpage_parser.py:65] - INFO - procotol:https, hostname:baijia.baidu.com, new_link:/s?id=1578665485498868878&wfr=pc&fr=ch_lst
2017-09-16 16:08:00,196 - [webpage_parser.py:65] - INFO - procotol:https, hostname:baijia.baidu.com, new_link:/s?id=1578665485498868878&wfr=pc&fr=ch_lst
2017-09-16 16:08:00,196 - [webpage_parser.py:65] - INFO - procotol:https, hostname:baijia.baidu.com, new_link:/u?app_id=1536770662063926&wfr=pc&fr=ch_lst
2017-09-16 16:08:00,199 - [webpage_saver.py:45] - INFO - url https://baijia.baidu.com/channel?cat=2 is not match
2017-09-16 16:08:00,727 - [connectionpool.py:207] - DEBUG - Starting new HTTP connection (1): newsalert.baidu.com
2017-09-16 16:08:00,733 - [connectionpool.py:207] - DEBUG - Starting new HTTP connection (1): xinwen.eastday.com
2017-09-16 16:08:00,733 - [connectionpool.py:818] - DEBUG - Starting new HTTPS connection (1): baijia.baidu.com
2017-09-16 16:08:01,152 - [connectionpool.py:395] - DEBUG - http://newsalert.baidu.com:80 "GET /na?cmd=0 HTTP/1.1" 302 0
2017-09-16 16:08:01,162 - [connectionpool.py:207] - DEBUG - Starting new HTTP connection (1): www.baidu.com
2017-09-16 16:08:01,166 - [connectionpool.py:395] - DEBUG - http://xinwen.eastday.com:80 "GET /a/xjump.html?id=n170916073218847 HTTP/1.1" 200 3162
2017-09-16 16:08:01,183 - [webpage_saver.py:45] - INFO - url http://xinwen.eastday.com/a/xjump.html?id=n170916073218847 is not match
2017-09-16 16:08:01,189 - [connectionpool.py:395] - DEBUG - http://www.baidu.com:80 "GET /search/error.html HTTP/1.1" 200 4830
2017-09-16 16:08:01,229 - [webpage_saver.py:45] - INFO - url http://newsalert.baidu.com/na?cmd=0 is not match
2017-09-16 16:08:01,411 - [connectionpool.py:395] - DEBUG - https://baijia.baidu.com:443 "GET / HTTP/1.1" 200 None
2017-09-16 16:08:01,650 - [webpage_parser.py:65] - INFO - procotol:https, hostname:baijia.baidu.com, new_link:/
2017-09-16 16:08:01,652 - [webpage_parser.py:65] - INFO - procotol:https, hostname:baijia.baidu.com, new_link:/
2017-09-16 16:08:01,653 - [webpage_parser.py:65] - INFO - procotol:https, hostname:baijia.baidu.com, new_link:/channel?cat=1
2017-09-16 16:08:01,653 - [webpage_parser.py:65] - INFO - procotol:https, hostname:baijia.baidu.com, new_link:/channel?cat=2
2017-09-16 16:08:01,654 - [webpage_parser.py:65] - INFO - procotol:https, hostname:baijia.baidu.com, new_link:/channel?cat=3
2017-09-16 16:08:01,654 - [webpage_parser.py:65] - INFO - procotol:https, hostname:baijia.baidu.com, new_link:/channel?cat=4
2017-09-16 16:08:01,654 - [webpage_parser.py:65] - INFO - procotol:https, hostname:baijia.baidu.com, new_link:/channel?cat=5
2017-09-16 16:08:01,655 - [webpage_parser.py:65] - INFO - procotol:https, hostname:baijia.baidu.com, new_link:/topic?topic_id=687
2017-09-16 16:08:01,655 - [webpage_parser.py:65] - INFO - procotol:https, hostname:baijia.baidu.com, new_link:/topiclist
2017-09-16 16:08:01,655 - [webpage_parser.py:65] - INFO - procotol:https, hostname:baijia.baidu.com, new_link:/s?id=1578504898616167009&wfr=pc&fr=idx_top
2017-09-16 16:08:01,656 - [webpage_parser.py:65] - INFO - procotol:https, hostname:baijia.baidu.com, new_link:/s?id=1578623174990307367&wfr=pc&fr=idx_top
2017-09-16 16:08:01,656 - [webpage_parser.py:65] - INFO - procotol:https, hostname:baijia.baidu.com, new_link:/u?app_id=1536772658226902&wfr=pc&fr=idx_top
2017-09-16 16:08:01,658 - [webpage_parser.py:65] - INFO - procotol:https, hostname:baijia.baidu.com, new_link:/s?id=1578607976201766738&wfr=pc&fr=idx_top
2017-09-16 16:08:01,660 - [webpage_parser.py:65] - INFO - procotol:https, hostname:baijia.baidu.com, new_link:/u?app_id=1542908067534756&wfr=pc&fr=idx_top
2017-09-16 16:08:01,661 - [webpage_parser.py:65] - INFO - procotol:https, hostname:baijia.baidu.com, new_link:/s?id=1578577505038446664&wfr=pc&fr=idx_top
2017-09-16 16:08:01,661 - [webpage_parser.py:65] - INFO - procotol:https, hostname:baijia.baidu.com, new_link:/u?app_id=1536767684387819&wfr=pc&fr=idx_top
2017-09-16 16:08:01,662 - [webpage_parser.py:65] - INFO - procotol:https, hostname:baijia.baidu.com, new_link:/s?id=1578593165078946033&wfr=pc&fr=idx_top
2017-09-16 16:08:01,664 - [webpage_parser.py:65] - INFO - procotol:https, hostname:baijia.baidu.com, new_link:/u?app_id=1536767517568852&wfr=pc&fr=idx_top
2017-09-16 16:08:01,665 - [webpage_parser.py:65] - INFO - procotol:https, hostname:baijia.baidu.com, new_link:/s?id=1578557257887453884&wfr=pc&fr=idx_top
2017-09-16 16:08:01,667 - [webpage_parser.py:65] - INFO - procotol:https, hostname:baijia.baidu.com, new_link:/u?app_id=1536766549127199&wfr=pc&fr=idx_top
2017-09-16 16:08:01,668 - [webpage_parser.py:65] - INFO - procotol:https, hostname:baijia.baidu.com, new_link:/s?id=1578507534024718953&wfr=pc&fr=idx_top
2017-09-16 16:08:01,669 - [webpage_parser.py:65] - INFO - procotol:https, hostname:baijia.baidu.com, new_link:/u?app_id=1536766289627322&wfr=pc&fr=idx_top
2017-09-16 16:08:01,670 - [webpage_parser.py:65] - INFO - procotol:https, hostname:baijia.baidu.com, new_link:/s?id=1578558686663240107&wfr=pc&fr=idx_top
2017-09-16 16:08:01,671 - [webpage_parser.py:65] - INFO - procotol:https, hostname:baijia.baidu.com, new_link:/u?app_id=1536766474050767&wfr=pc&fr=idx_top
2017-09-16 16:08:01,672 - [webpage_parser.py:65] - INFO - procotol:https, hostname:baijia.baidu.com, new_link:/s?id=1578653355907666885&wfr=pc&fr=idx_top
2017-09-16 16:08:01,673 - [webpage_parser.py:65] - INFO - procotol:https, hostname:baijia.baidu.com, new_link:/u?app_id=1536766737196056&wfr=pc&fr=idx_top
2017-09-16 16:08:01,675 - [webpage_parser.py:65] - INFO - procotol:https, hostname:baijia.baidu.com, new_link:/s?id=1578548392389415079&wfr=pc&fr=idx_top
2017-09-16 16:08:01,677 - [webpage_parser.py:65] - INFO - procotol:https, hostname:baijia.baidu.com, new_link:/u?app_id=1536767911508436&wfr=pc&fr=idx_top
2017-09-16 16:08:01,678 - [webpage_parser.py:65] - INFO - procotol:https, hostname:baijia.baidu.com, new_link:/s?id=1578208807638478293&wfr=pc&fr=idx_top
2017-09-16 16:08:01,681 - [webpage_parser.py:65] - INFO - procotol:https, hostname:baijia.baidu.com, new_link:/s?id=1578410468853518882&wfr=pc&fr=idx_top
2017-09-16 16:08:01,682 - [webpage_parser.py:65] - INFO - procotol:https, hostname:baijia.baidu.com, new_link:/u?app_id=1536767911508436&wfr=pc&fr=idx_top
2017-09-16 16:08:01,683 - [webpage_parser.py:65] - INFO - procotol:https, hostname:baijia.baidu.com, new_link:/s?id=1578129331659506891&wfr=pc&fr=idx_top
2017-09-16 16:08:01,684 - [webpage_parser.py:65] - INFO - procotol:https, hostname:baijia.baidu.com, new_link:/u?app_id=1536774014301697&wfr=pc&fr=idx_top
2017-09-16 16:08:01,684 - [webpage_parser.py:65] - INFO - procotol:https, hostname:baijia.baidu.com, new_link:/s?id=1578374273180822002&wfr=pc&fr=idx_top
2017-09-16 16:08:01,685 - [webpage_parser.py:65] - INFO - procotol:https, hostname:baijia.baidu.com, new_link:/u?app_id=1536766474050767&wfr=pc&fr=idx_top
2017-09-16 16:08:01,686 - [webpage_parser.py:65] - INFO - procotol:https, hostname:baijia.baidu.com, new_link:/s?id=1578373838877672334&wfr=pc&fr=idx_top
2017-09-16 16:08:01,687 - [webpage_parser.py:65] - INFO - procotol:https, hostname:baijia.baidu.com, new_link:/u?app_id=1536766549127199&wfr=pc&fr=idx_top
2017-09-16 16:08:01,688 - [webpage_parser.py:65] - INFO - procotol:https, hostname:baijia.baidu.com, new_link:/s?id=1578123833701584481&wfr=pc&fr=idx_top
2017-09-16 16:08:01,689 - [webpage_parser.py:65] - INFO - procotol:https, hostname:baijia.baidu.com, new_link:/u?app_id=1536766231434959&wfr=pc&fr=idx_top
2017-09-16 16:08:01,690 - [webpage_parser.py:65] - INFO - procotol:https, hostname:baijia.baidu.com, new_link:/s?id=1578240209069435195&wfr=pc&fr=idx_top
2017-09-16 16:08:01,691 - [webpage_parser.py:65] - INFO - procotol:https, hostname:baijia.baidu.com, new_link:/u?app_id=1536766719453005&wfr=pc&fr=idx_top
2017-09-16 16:08:01,692 - [webpage_parser.py:65] - INFO - procotol:https, hostname:baijia.baidu.com, new_link:/s?id=1578365804884109727&wfr=pc&fr=idx_top
2017-09-16 16:08:01,694 - [webpage_parser.py:65] - INFO - procotol:https, hostname:baijia.baidu.com, new_link:/u?app_id=1536768690718780&wfr=pc&fr=idx_top
2017-09-16 16:08:01,694 - [webpage_parser.py:65] - INFO - procotol:https, hostname:baijia.baidu.com, new_link:/s?id=1578275578438991585&wfr=pc&fr=idx_top
2017-09-16 16:08:01,695 - [webpage_parser.py:65] - INFO - procotol:https, hostname:baijia.baidu.com, new_link:/u?app_id=1536768690718780&wfr=pc&fr=idx_top
2017-09-16 16:08:01,696 - [webpage_parser.py:65] - INFO - procotol:https, hostname:baijia.baidu.com, new_link:/s?id=1578233654535496137&wfr=pc&fr=idx_top
2017-09-16 16:08:01,696 - [webpage_parser.py:65] - INFO - procotol:https, hostname:baijia.baidu.com, new_link:/u?app_id=1536767517568852&wfr=pc&fr=idx_top
2017-09-16 16:08:01,699 - [webpage_parser.py:65] - INFO - procotol:https, hostname:baijia.baidu.com, new_link:/s?id=1578669950010882209&wfr=pc&fr=idx_lst
2017-09-16 16:08:01,701 - [webpage_parser.py:65] - INFO - procotol:https, hostname:baijia.baidu.com, new_link:/s?id=1578669950010882209&wfr=pc&fr=idx_lst
2017-09-16 16:08:01,703 - [webpage_parser.py:65] - INFO - procotol:https, hostname:baijia.baidu.com, new_link:/u?app_id=1536766276004443&wfr=pc&fr=idx_lst
2017-09-16 16:08:01,705 - [webpage_parser.py:65] - INFO - procotol:https, hostname:baijia.baidu.com, new_link:/s?id=1578667900922986662&wfr=pc&fr=idx_lst
2017-09-16 16:08:01,706 - [webpage_parser.py:65] - INFO - procotol:https, hostname:baijia.baidu.com, new_link:/s?id=1578667900922986662&wfr=pc&fr=idx_lst
2017-09-16 16:08:01,709 - [webpage_parser.py:65] - INFO - procotol:https, hostname:baijia.baidu.com, new_link:/s?id=1578667900922986662&wfr=pc&fr=idx_lst
2017-09-16 16:08:01,711 - [webpage_parser.py:65] - INFO - procotol:https, hostname:baijia.baidu.com, new_link:/s?id=1578667900922986662&wfr=pc&fr=idx_lst
2017-09-16 16:08:01,712 - [webpage_parser.py:65] - INFO - procotol:https, hostname:baijia.baidu.com, new_link:/s?id=1578667900922986662&wfr=pc&fr=idx_lst
2017-09-16 16:08:01,713 - [webpage_parser.py:65] - INFO - procotol:https, hostname:baijia.baidu.com, new_link:/u?app_id=1536553280141132&wfr=pc&fr=idx_lst
2017-09-16 16:08:01,714 - [webpage_parser.py:65] - INFO - procotol:https, hostname:baijia.baidu.com, new_link:/s?id=1578657807931787886&wfr=pc&fr=idx_lst
2017-09-16 16:08:01,715 - [webpage_parser.py:65] - INFO - procotol:https, hostname:baijia.baidu.com, new_link:/s?id=1578657807931787886&wfr=pc&fr=idx_lst
2017-09-16 16:08:01,715 - [webpage_parser.py:65] - INFO - procotol:https, hostname:baijia.baidu.com, new_link:/u?app_id=1536766783015290&wfr=pc&fr=idx_lst
2017-09-16 16:08:01,716 - [webpage_parser.py:65] - INFO - procotol:https, hostname:baijia.baidu.com, new_link:/s?id=1578653355907666885&wfr=pc&fr=idx_lst
2017-09-16 16:08:01,716 - [webpage_parser.py:65] - INFO - procotol:https, hostname:baijia.baidu.com, new_link:/s?id=1578653355907666885&wfr=pc&fr=idx_lst
2017-09-16 16:08:01,717 - [webpage_parser.py:65] - INFO - procotol:https, hostname:baijia.baidu.com, new_link:/u?app_id=1536766737196056&wfr=pc&fr=idx_lst
2017-09-16 16:08:01,717 - [webpage_parser.py:65] - INFO - procotol:https, hostname:baijia.baidu.com, new_link:/s?id=1578652976924681727&wfr=pc&fr=idx_lst
2017-09-16 16:08:01,717 - [webpage_parser.py:65] - INFO - procotol:https, hostname:baijia.baidu.com, new_link:/s?id=1578652976924681727&wfr=pc&fr=idx_lst
2017-09-16 16:08:01,718 - [webpage_parser.py:65] - INFO - procotol:https, hostname:baijia.baidu.com, new_link:/s?id=1578652976924681727&wfr=pc&fr=idx_lst
2017-09-16 16:08:01,719 - [webpage_parser.py:65] - INFO - procotol:https, hostname:baijia.baidu.com, new_link:/s?id=1578652976924681727&wfr=pc&fr=idx_lst
2017-09-16 16:08:01,720 - [webpage_parser.py:65] - INFO - procotol:https, hostname:baijia.baidu.com, new_link:/s?id=1578652976924681727&wfr=pc&fr=idx_lst
2017-09-16 16:08:01,720 - [webpage_parser.py:65] - INFO - procotol:https, hostname:baijia.baidu.com, new_link:/u?app_id=1536772579465891&wfr=pc&fr=idx_lst
2017-09-16 16:08:01,721 - [webpage_parser.py:65] - INFO - procotol:https, hostname:baijia.baidu.com, new_link:/s?id=1578623174990307367&wfr=pc&fr=idx_lst
2017-09-16 16:08:01,722 - [webpage_parser.py:65] - INFO - procotol:https, hostname:baijia.baidu.com, new_link:/s?id=1578623174990307367&wfr=pc&fr=idx_lst
2017-09-16 16:08:01,723 - [webpage_parser.py:65] - INFO - procotol:https, hostname:baijia.baidu.com, new_link:/s?id=1578623174990307367&wfr=pc&fr=idx_lst
2017-09-16 16:08:01,724 - [webpage_parser.py:65] - INFO - procotol:https, hostname:baijia.baidu.com, new_link:/s?id=1578623174990307367&wfr=pc&fr=idx_lst
2017-09-16 16:08:01,724 - [webpage_parser.py:65] - INFO - procotol:https, hostname:baijia.baidu.com, new_link:/s?id=1578623174990307367&wfr=pc&fr=idx_lst
2017-09-16 16:08:01,725 - [webpage_parser.py:65] - INFO - procotol:https, hostname:baijia.baidu.com, new_link:/u?app_id=1536772658226902&wfr=pc&fr=idx_lst
2017-09-16 16:08:01,727 - [webpage_parser.py:65] - INFO - procotol:https, hostname:baijia.baidu.com, new_link:/s?id=1578617968046174105&wfr=pc&fr=idx_lst
2017-09-16 16:08:01,728 - [webpage_parser.py:65] - INFO - procotol:https, hostname:baijia.baidu.com, new_link:/s?id=1578617968046174105&wfr=pc&fr=idx_lst
2017-09-16 16:08:01,729 - [webpage_parser.py:65] - INFO - procotol:https, hostname:baijia.baidu.com, new_link:/u?app_id=1571253367222561&wfr=pc&fr=idx_lst
2017-09-16 16:08:01,730 - [webpage_parser.py:65] - INFO - procotol:https, hostname:baijia.baidu.com, new_link:/s?id=1578609288168293606&wfr=pc&fr=idx_lst
2017-09-16 16:08:01,731 - [webpage_parser.py:65] - INFO - procotol:https, hostname:baijia.baidu.com, new_link:/s?id=1578609288168293606&wfr=pc&fr=idx_lst
2017-09-16 16:08:01,732 - [webpage_parser.py:65] - INFO - procotol:https, hostname:baijia.baidu.com, new_link:/s?id=1578609288168293606&wfr=pc&fr=idx_lst
2017-09-16 16:08:01,733 - [webpage_parser.py:65] - INFO - procotol:https, hostname:baijia.baidu.com, new_link:/s?id=1578609288168293606&wfr=pc&fr=idx_lst
2017-09-16 16:08:01,734 - [webpage_parser.py:65] - INFO - procotol:https, hostname:baijia.baidu.com, new_link:/s?id=1578609288168293606&wfr=pc&fr=idx_lst
2017-09-16 16:08:01,735 - [webpage_parser.py:65] - INFO - procotol:https, hostname:baijia.baidu.com, new_link:/u?app_id=1536766780383735&wfr=pc&fr=idx_lst
2017-09-16 16:08:01,738 - [webpage_parser.py:65] - INFO - procotol:https, hostname:baijia.baidu.com, new_link:/s?id=1578608841763998356&wfr=pc&fr=idx_lst
2017-09-16 16:08:01,741 - [webpage_parser.py:65] - INFO - procotol:https, hostname:baijia.baidu.com, new_link:/s?id=1578608841763998356&wfr=pc&fr=idx_lst
2017-09-16 16:08:01,746 - [webpage_parser.py:65] - INFO - procotol:https, hostname:baijia.baidu.com, new_link:/s?id=1578608841763998356&wfr=pc&fr=idx_lst
2017-09-16 16:08:01,748 - [webpage_parser.py:65] - INFO - procotol:https, hostname:baijia.baidu.com, new_link:/s?id=1578608841763998356&wfr=pc&fr=idx_lst
2017-09-16 16:08:01,749 - [webpage_parser.py:65] - INFO - procotol:https, hostname:baijia.baidu.com, new_link:/s?id=1578608841763998356&wfr=pc&fr=idx_lst
2017-09-16 16:08:01,750 - [webpage_parser.py:65] - INFO - procotol:https, hostname:baijia.baidu.com, new_link:/u?app_id=1536766273450987&wfr=pc&fr=idx_lst
2017-09-16 16:08:01,750 - [webpage_parser.py:65] - INFO - procotol:https, hostname:baijia.baidu.com, new_link:/s?id=1578607976201766738&wfr=pc&fr=idx_lst
2017-09-16 16:08:01,751 - [webpage_parser.py:65] - INFO - procotol:https, hostname:baijia.baidu.com, new_link:/s?id=1578607976201766738&wfr=pc&fr=idx_lst
2017-09-16 16:08:01,751 - [webpage_parser.py:65] - INFO - procotol:https, hostname:baijia.baidu.com, new_link:/s?id=1578607976201766738&wfr=pc&fr=idx_lst
2017-09-16 16:08:01,752 - [webpage_parser.py:65] - INFO - procotol:https, hostname:baijia.baidu.com, new_link:/s?id=1578607976201766738&wfr=pc&fr=idx_lst
2017-09-16 16:08:01,754 - [webpage_parser.py:65] - INFO - procotol:https, hostname:baijia.baidu.com, new_link:/s?id=1578607976201766738&wfr=pc&fr=idx_lst
2017-09-16 16:08:01,755 - [webpage_parser.py:65] - INFO - procotol:https, hostname:baijia.baidu.com, new_link:/u?app_id=1542908067534756&wfr=pc&fr=idx_lst
2017-09-16 16:08:01,757 - [webpage_parser.py:65] - INFO - procotol:https, hostname:baijia.baidu.com, new_link:/s?id=1578604756474950432&wfr=pc&fr=idx_lst
2017-09-16 16:08:01,759 - [webpage_parser.py:65] - INFO - procotol:https, hostname:baijia.baidu.com, new_link:/s?id=1578604756474950432&wfr=pc&fr=idx_lst
2017-09-16 16:08:01,761 - [webpage_parser.py:65] - INFO - procotol:https, hostname:baijia.baidu.com, new_link:/s?id=1578604756474950432&wfr=pc&fr=idx_lst
2017-09-16 16:08:01,761 - [webpage_parser.py:65] - INFO - procotol:https, hostname:baijia.baidu.com, new_link:/s?id=1578604756474950432&wfr=pc&fr=idx_lst
2017-09-16 16:08:01,763 - [webpage_parser.py:65] - INFO - procotol:https, hostname:baijia.baidu.com, new_link:/s?id=1578604756474950432&wfr=pc&fr=idx_lst
2017-09-16 16:08:01,764 - [webpage_parser.py:65] - INFO - procotol:https, hostname:baijia.baidu.com, new_link:/u?app_id=1536766499334559&wfr=pc&fr=idx_lst
2017-09-16 16:08:01,765 - [webpage_parser.py:65] - INFO - procotol:https, hostname:baijia.baidu.com, new_link:/s?id=1578596321947204839&wfr=pc&fr=idx_lst
2017-09-16 16:08:01,765 - [webpage_parser.py:65] - INFO - procotol:https, hostname:baijia.baidu.com, new_link:/s?id=1578596321947204839&wfr=pc&fr=idx_lst
2017-09-16 16:08:01,766 - [webpage_parser.py:65] - INFO - procotol:https, hostname:baijia.baidu.com, new_link:/s?id=1578596321947204839&wfr=pc&fr=idx_lst
2017-09-16 16:08:01,766 - [webpage_parser.py:65] - INFO - procotol:https, hostname:baijia.baidu.com, new_link:/s?id=1578596321947204839&wfr=pc&fr=idx_lst
2017-09-16 16:08:01,767 - [webpage_parser.py:65] - INFO - procotol:https, hostname:baijia.baidu.com, new_link:/s?id=1578596321947204839&wfr=pc&fr=idx_lst
2017-09-16 16:08:01,767 - [webpage_parser.py:65] - INFO - procotol:https, hostname:baijia.baidu.com, new_link:/u?app_id=1536766549127199&wfr=pc&fr=idx_lst
2017-09-16 16:08:01,768 - [webpage_parser.py:65] - INFO - procotol:https, hostname:baijia.baidu.com, new_link:/s?id=1578593165078946033&wfr=pc&fr=idx_lst
2017-09-16 16:08:01,769 - [webpage_parser.py:65] - INFO - procotol:https, hostname:baijia.baidu.com, new_link:/s?id=1578593165078946033&wfr=pc&fr=idx_lst
2017-09-16 16:08:01,772 - [webpage_parser.py:65] - INFO - procotol:https, hostname:baijia.baidu.com, new_link:/u?app_id=1536767517568852&wfr=pc&fr=idx_lst
2017-09-16 16:08:01,775 - [webpage_parser.py:65] - INFO - procotol:https, hostname:baijia.baidu.com, new_link:/s?id=1578590779372906002&wfr=pc&fr=idx_lst
2017-09-16 16:08:01,776 - [webpage_parser.py:65] - INFO - procotol:https, hostname:baijia.baidu.com, new_link:/s?id=1578590779372906002&wfr=pc&fr=idx_lst
2017-09-16 16:08:01,777 - [webpage_parser.py:65] - INFO - procotol:https, hostname:baijia.baidu.com, new_link:/u?app_id=1536767340404530&wfr=pc&fr=idx_lst
2017-09-16 16:08:01,778 - [webpage_parser.py:65] - INFO - procotol:https, hostname:baijia.baidu.com, new_link:/s?id=1578577710700168665&wfr=pc&fr=idx_lst
2017-09-16 16:08:01,779 - [webpage_parser.py:65] - INFO - procotol:https, hostname:baijia.baidu.com, new_link:/s?id=1578577710700168665&wfr=pc&fr=idx_lst
2017-09-16 16:08:01,780 - [webpage_parser.py:65] - INFO - procotol:https, hostname:baijia.baidu.com, new_link:/s?id=1578577710700168665&wfr=pc&fr=idx_lst
2017-09-16 16:08:01,780 - [webpage_parser.py:65] - INFO - procotol:https, hostname:baijia.baidu.com, new_link:/s?id=1578577710700168665&wfr=pc&fr=idx_lst
2017-09-16 16:08:01,780 - [webpage_parser.py:65] - INFO - procotol:https, hostname:baijia.baidu.com, new_link:/s?id=1578577710700168665&wfr=pc&fr=idx_lst
2017-09-16 16:08:01,781 - [webpage_parser.py:65] - INFO - procotol:https, hostname:baijia.baidu.com, new_link:/u?app_id=1566365578755720&wfr=pc&fr=idx_lst
2017-09-16 16:08:01,785 - [webpage_saver.py:45] - INFO - url https://baijia.baidu.com is not match
2017-09-16 16:08:03,290 - [connectionpool.py:207] - DEBUG - Starting new HTTP connection (1): news.ifeng.com
2017-09-16 16:08:03,301 - [connectionpool.py:818] - DEBUG - Starting new HTTPS connection (1): www.baidu.com
2017-09-16 16:08:03,302 - [connectionpool.py:207] - DEBUG - Starting new HTTP connection (1): report.12377.cn
2017-09-16 16:08:03,305 - [connectionpool.py:207] - DEBUG - Starting new HTTP connection (1): news.baidu.com
2017-09-16 16:08:03,307 - [connectionpool.py:207] - DEBUG - Starting new HTTP connection (1): xinwen.eastday.com
2017-09-16 16:08:03,308 - [connectionpool.py:818] - DEBUG - Starting new HTTPS connection (1): baijia.baidu.com
2017-09-16 16:08:03,309 - [connectionpool.py:207] - DEBUG - Starting new HTTP connection (1): news.ifeng.com
2017-09-16 16:08:03,309 - [connectionpool.py:818] - DEBUG - Starting new HTTPS connection (1): baijia.baidu.com
2017-09-16 16:08:03,333 - [connectionpool.py:395] - DEBUG - http://news.ifeng.com:80 "GET /a/20170916/52016368_0.shtml?_zbs_baidu_news HTTP/1.1" 200 None
2017-09-16 16:08:03,344 - [connectionpool.py:395] - DEBUG - http://xinwen.eastday.com:80 "GET /a/xjump.html?id=n170916071413821 HTTP/1.1" 200 3162
2017-09-16 16:08:03,357 - [webpage_saver.py:45] - INFO - url http://xinwen.eastday.com/a/xjump.html?id=n170916071413821 is not match
2017-09-16 16:08:03,359 - [connectionpool.py:395] - DEBUG - http://news.baidu.com:80 "GET /mil HTTP/1.1" 200 None
2017-09-16 16:08:03,396 - [connectionpool.py:395] - DEBUG - http://news.ifeng.com:80 "GET /a/20170916/52018327_0.shtml?_zbs_baidu_news HTTP/1.1" 200 None
2017-09-16 16:08:03,582 - [webpage_parser.py:65] - INFO - procotol:http, hostname:news.baidu.com, new_link:/
2017-09-16 16:08:03,582 - [webpage_parser.py:65] - INFO - procotol:http, hostname:news.baidu.com, new_link:/guonei
2017-09-16 16:08:03,583 - [webpage_parser.py:65] - INFO - procotol:http, hostname:news.baidu.com, new_link:/guoji
2017-09-16 16:08:03,585 - [webpage_parser.py:65] - INFO - procotol:http, hostname:news.baidu.com, new_link:/mil
2017-09-16 16:08:03,587 - [webpage_parser.py:65] - INFO - procotol:http, hostname:news.baidu.com, new_link:/society
2017-09-16 16:08:03,591 - [webpage_parser.py:65] - INFO - procotol:http, hostname:news.baidu.com, new_link:/finance
2017-09-16 16:08:03,591 - [webpage_parser.py:65] - INFO - procotol:http, hostname:news.baidu.com, new_link:/ent
2017-09-16 16:08:03,595 - [webpage_parser.py:65] - INFO - procotol:http, hostname:news.baidu.com, new_link:/sports
2017-09-16 16:08:03,596 - [connectionpool.py:395] - DEBUG - https://www.baidu.com:443 "GET /s?wd=IS%E5%AE%A3%E5%B8%83%E5%AF%B9%E4%BC%A6%E6%95%A6%E6%81%90%E8%A2%AD%E8%B4%9F%E8%B4%A3%20%E5%85%A8%E8%8B%B1%E6%81%90%E8%A2%AD%E5%A8%81%E8%83%81%E6%8F%90%E5%8D%87%E8%87%B3%E6%9C%80%E9%AB%98%E7%BA%A7 HTTP/1.1" 200 227
2017-09-16 16:08:03,599 - [webpage_parser.py:65] - INFO - procotol:http, hostname:news.baidu.com, new_link:/internet
2017-09-16 16:08:03,604 - [webpage_parser.py:65] - INFO - procotol:http, hostname:news.baidu.com, new_link:/tech
2017-09-16 16:08:03,607 - [webpage_parser.py:65] - INFO - procotol:http, hostname:news.baidu.com, new_link:/game
2017-09-16 16:08:03,612 - [webpage_parser.py:65] - INFO - procotol:http, hostname:news.baidu.com, new_link:/fashion
2017-09-16 16:08:03,612 - [webpage_parser.py:65] - INFO - procotol:http, hostname:news.baidu.com, new_link:/lady
2017-09-16 16:08:03,616 - [webpage_parser.py:65] - INFO - procotol:http, hostname:news.baidu.com, new_link:/auto
2017-09-16 16:08:03,616 - [webpage_parser.py:65] - INFO - procotol:http, hostname:news.baidu.com, new_link:/house
2017-09-16 16:08:03,618 - [webpage_saver.py:45] - INFO - url https://www.baidu.com/s?wd=IS%E5%AE%A3%E5%B8%83%E5%AF%B9%E4%BC%A6%E6%95%A6%E6%81%90%E8%A2%AD%E8%B4%9F%E8%B4%A3%20%E5%85%A8%E8%8B%B1%E6%81%90%E8%A2%AD%E5%A8%81%E8%83%81%E6%8F%90%E5%8D%87%E8%87%B3%E6%9C%80%E9%AB%98%E7%BA%A7 is not match
2017-09-16 16:08:03,620 - [webpage_parser.py:65] - INFO - procotol:http, hostname:news.baidu.com, new_link:/
2017-09-16 16:08:03,624 - [webpage_parser.py:65] - INFO - procotol:http, hostname:news.baidu.com, new_link:/guonei
2017-09-16 16:08:03,628 - [webpage_parser.py:65] - INFO - procotol:http, hostname:news.baidu.com, new_link:/guoji
2017-09-16 16:08:03,820 - [webpage_parser.py:65] - INFO - procotol:http, hostname:news.baidu.com, new_link:/mil
2017-09-16 16:08:03,822 - [webpage_parser.py:65] - INFO - procotol:http, hostname:news.baidu.com, new_link:/society
2017-09-16 16:08:03,825 - [connectionpool.py:395] - DEBUG - https://baijia.baidu.com:443 "GET /u?app_id=1536774014301697 HTTP/1.1" 200 None
2017-09-16 16:08:03,852 - [webpage_parser.py:65] - INFO - procotol:http, hostname:news.baidu.com, new_link:/finance
2017-09-16 16:08:03,858 - [webpage_parser.py:65] - INFO - procotol:http, hostname:news.ifeng.com, new_link:javascript:void(0);
2017-09-16 16:08:03,865 - [webpage_parser.py:65] - INFO - procotol:http, hostname:news.baidu.com, new_link:/ent
2017-09-16 16:08:03,871 - [webpage_parser.py:65] - INFO - procotol:http, hostname:news.ifeng.com, new_link:javascript:void(0);
2017-09-16 16:08:03,874 - [webpage_parser.py:65] - INFO - procotol:http, hostname:news.baidu.com, new_link:/sports
2017-09-16 16:08:03,876 - [webpage_parser.py:65] - INFO - procotol:http, hostname:news.ifeng.com, new_link:javascript:void(0);
2017-09-16 16:08:03,878 - [webpage_parser.py:65] - INFO - procotol:http, hostname:news.baidu.com, new_link:/internet
2017-09-16 16:08:03,887 - [webpage_parser.py:65] - INFO - procotol:http, hostname:news.ifeng.com, new_link:javascript:void(0);
2017-09-16 16:08:03,893 - [webpage_parser.py:65] - INFO - procotol:http, hostname:news.baidu.com, new_link:/tech
2017-09-16 16:08:03,894 - [webpage_parser.py:65] - INFO - procotol:http, hostname:news.ifeng.com, new_link:javascript:void(0);
2017-09-16 16:08:03,894 - [webpage_parser.py:65] - INFO - procotol:http, hostname:news.baidu.com, new_link:/game
2017-09-16 16:08:03,915 - [webpage_parser.py:65] - INFO - procotol:http, hostname:news.ifeng.com, new_link:javascript:void(0);
2017-09-16 16:08:03,916 - [connectionpool.py:395] - DEBUG - https://baijia.baidu.com:443 "GET /s?id=1578667900922986662 HTTP/1.1" 200 None
2017-09-16 16:08:03,952 - [webpage_parser.py:65] - INFO - procotol:http, hostname:news.baidu.com, new_link:/fashion
2017-09-16 16:08:04,031 - [webpage_parser.py:65] - INFO - procotol:http, hostname:news.ifeng.com, new_link:javascript:void(0);
2017-09-16 16:08:04,032 - [webpage_parser.py:65] - INFO - procotol:http, hostname:news.baidu.com, new_link:/lady
2017-09-16 16:08:04,081 - [webpage_parser.py:65] - INFO - procotol:https, hostname:baijia.baidu.com, new_link:/
2017-09-16 16:08:04,112 - [webpage_parser.py:65] - INFO - procotol:http, hostname:news.ifeng.com, new_link:javascript:void(0);
2017-09-16 16:08:04,113 - [webpage_parser.py:65] - INFO - procotol:http, hostname:news.ifeng.com, new_link:javascript:void(0);
2017-09-16 16:08:04,113 - [webpage_parser.py:65] - INFO - procotol:http, hostname:news.baidu.com, new_link:/auto
2017-09-16 16:08:04,114 - [webpage_parser.py:65] - INFO - procotol:https, hostname:baijia.baidu.com, new_link:/
2017-09-16 16:08:04,115 - [webpage_parser.py:65] - INFO - procotol:http, hostname:news.ifeng.com, new_link:javascript:void(0);
2017-09-16 16:08:04,116 - [webpage_parser.py:65] - INFO - procotol:http, hostname:news.ifeng.com, new_link:javascript:void(0);
2017-09-16 16:08:04,116 - [webpage_parser.py:65] - INFO - procotol:http, hostname:news.baidu.com, new_link:/house
2017-09-16 16:08:04,117 - [webpage_parser.py:65] - INFO - procotol:https, hostname:baijia.baidu.com, new_link:/channel?cat=1
2017-09-16 16:08:04,117 - [webpage_parser.py:65] - INFO - procotol:http, hostname:news.ifeng.com, new_link:javascript:void(0);
2017-09-16 16:08:04,119 - [webpage_parser.py:65] - INFO - procotol:https, hostname:baijia.baidu.com, new_link:/channel?cat=2
2017-09-16 16:08:04,120 - [webpage_parser.py:65] - INFO - procotol:http, hostname:news.baidu.com, new_link:javascript:void(0);
2017-09-16 16:08:04,120 - [webpage_parser.py:65] - INFO - procotol:http, hostname:news.ifeng.com, new_link:javascript:void(0);
2017-09-16 16:08:04,121 - [webpage_parser.py:65] - INFO - procotol:https, hostname:baijia.baidu.com, new_link:/channel?cat=3
2017-09-16 16:08:04,122 - [webpage_parser.py:65] - INFO - procotol:http, hostname:news.baidu.com, new_link:javascript:void(0);
2017-09-16 16:08:04,123 - [webpage_parser.py:65] - INFO - procotol:http, hostname:news.ifeng.com, new_link:javascript:void(0);
2017-09-16 16:08:04,124 - [webpage_parser.py:65] - INFO - procotol:https, hostname:baijia.baidu.com, new_link:/channel?cat=4
2017-09-16 16:08:04,124 - [webpage_parser.py:65] - INFO - procotol:http, hostname:news.baidu.com, new_link:javascript:void(0)
2017-09-16 16:08:04,129 - [webpage_parser.py:65] - INFO - procotol:http, hostname:news.ifeng.com, new_link:javascript:void(0);
2017-09-16 16:08:04,129 - [webpage_parser.py:65] - INFO - procotol:https, hostname:baijia.baidu.com, new_link:/channel?cat=5
2017-09-16 16:08:04,130 - [webpage_saver.py:45] - INFO - url http://news.ifeng.com/a/20170916/52018327_0.shtml?_zbs_baidu_news is not match
2017-09-16 16:08:04,130 - [webpage_parser.py:65] - INFO - procotol:http, hostname:news.baidu.com, new_link:javascript:void(0)
2017-09-16 16:08:04,131 - [webpage_parser.py:65] - INFO - procotol:http, hostname:news.ifeng.com, new_link:javascript:void(0);
2017-09-16 16:08:04,131 - [webpage_parser.py:65] - INFO - procotol:https, hostname:baijia.baidu.com, new_link:/s?id=1578612285450323023&wfr=pc&fr=app_lst
2017-09-16 16:08:04,132 - [webpage_parser.py:65] - INFO - procotol:http, hostname:news.baidu.com, new_link:javascript:void(0)
2017-09-16 16:08:04,133 - [webpage_parser.py:65] - INFO - procotol:http, hostname:news.ifeng.com, new_link:javascript:void(0);
2017-09-16 16:08:04,133 - [webpage_parser.py:65] - INFO - procotol:https, hostname:baijia.baidu.com, new_link:/s?id=1578612285450323023&wfr=pc&fr=app_lst
2017-09-16 16:08:04,134 - [webpage_parser.py:65] - INFO - procotol:http, hostname:news.baidu.com, new_link:javascript:;
2017-09-16 16:08:04,137 - [webpage_parser.py:65] - INFO - procotol:http, hostname:news.ifeng.com, new_link:javascript:void(0);
2017-09-16 16:08:04,138 - [webpage_parser.py:65] - INFO - procotol:https, hostname:baijia.baidu.com, new_link:/s?id=1578612285450323023&wfr=pc&fr=app_lst
2017-09-16 16:08:04,161 - [webpage_parser.py:65] - INFO - procotol:http, hostname:news.baidu.com, new_link:javascript:;
2017-09-16 16:08:04,228 - [webpage_parser.py:65] - INFO - procotol:https, hostname:baijia.baidu.com, new_link:/
2017-09-16 16:08:04,228 - [webpage_parser.py:65] - INFO - procotol:https, hostname:baijia.baidu.com, new_link:/s?id=1578612285450323023&wfr=pc&fr=app_lst
2017-09-16 16:08:04,231 - [webpage_saver.py:45] - INFO - url http://news.ifeng.com/a/20170916/52016368_0.shtml?_zbs_baidu_news is not match
2017-09-16 16:08:04,231 - [webpage_parser.py:65] - INFO - procotol:http, hostname:news.baidu.com, new_link:javascript:;
2017-09-16 16:08:04,231 - [webpage_parser.py:65] - INFO - procotol:https, hostname:baijia.baidu.com, new_link:/
2017-09-16 16:08:04,232 - [webpage_parser.py:65] - INFO - procotol:https, hostname:baijia.baidu.com, new_link:/s?id=1578612285450323023&wfr=pc&fr=_lst
2017-09-16 16:08:04,233 - [webpage_parser.py:65] - INFO - procotol:http, hostname:news.baidu.com, new_link:javascript:;
2017-09-16 16:08:04,233 - [webpage_parser.py:65] - INFO - procotol:https, hostname:baijia.baidu.com, new_link:/channel?cat=1
2017-09-16 16:08:04,233 - [webpage_parser.py:65] - INFO - procotol:https, hostname:baijia.baidu.com, new_link:/s?id=1578425400475468207&wfr=pc&fr=app_lst
2017-09-16 16:08:04,236 - [webpage_parser.py:65] - INFO - procotol:https, hostname:baijia.baidu.com, new_link:/channel?cat=2
2017-09-16 16:08:04,236 - [webpage_parser.py:65] - INFO - procotol:https, hostname:baijia.baidu.com, new_link:/s?id=1578425400475468207&wfr=pc&fr=app_lst
2017-09-16 16:08:04,237 - [webpage_parser.py:65] - INFO - procotol:https, hostname:baijia.baidu.com, new_link:/channel?cat=3
2017-09-16 16:08:04,237 - [webpage_parser.py:65] - INFO - procotol:https, hostname:baijia.baidu.com, new_link:/s?id=1578425400475468207&wfr=pc&fr=app_lst
2017-09-16 16:08:04,238 - [webpage_parser.py:65] - INFO - procotol:https, hostname:baijia.baidu.com, new_link:/channel?cat=4
2017-09-16 16:08:04,238 - [webpage_saver.py:45] - INFO - url http://news.baidu.com/mil is not match
2017-09-16 16:08:04,239 - [webpage_parser.py:65] - INFO - procotol:https, hostname:baijia.baidu.com, new_link:/s?id=1578425400475468207&wfr=pc&fr=app_lst
2017-09-16 16:08:04,239 - [webpage_parser.py:65] - INFO - procotol:https, hostname:baijia.baidu.com, new_link:/channel?cat=5
2017-09-16 16:08:04,240 - [webpage_parser.py:65] - INFO - procotol:https, hostname:baijia.baidu.com, new_link:/s?id=1578425400475468207&wfr=pc&fr=_lst
2017-09-16 16:08:04,240 - [webpage_parser.py:65] - INFO - procotol:https, hostname:baijia.baidu.com, new_link:/u?app_id=1536553280141132&wfr=pc&fr=new_lst
2017-09-16 16:08:04,241 - [webpage_parser.py:65] - INFO - procotol:https, hostname:baijia.baidu.com, new_link:/s?id=1578339825935898486&wfr=pc&fr=app_lst
2017-09-16 16:08:04,241 - [webpage_parser.py:65] - INFO - procotol:https, hostname:baijia.baidu.com, new_link:/s?id=1578605378644314245&wfr=pc&fr=new_lst
2017-09-16 16:08:04,242 - [webpage_parser.py:65] - INFO - procotol:https, hostname:baijia.baidu.com, new_link:/s?id=1578339825935898486&wfr=pc&fr=app_lst
2017-09-16 16:08:04,242 - [webpage_parser.py:65] - INFO - procotol:https, hostname:baijia.baidu.com, new_link:/s?id=1578404311284533490&wfr=pc&fr=new_lst
2017-09-16 16:08:04,242 - [webpage_parser.py:65] - INFO - procotol:https, hostname:baijia.baidu.com, new_link:/s?id=1578339825935898486&wfr=pc&fr=app_lst
2017-09-16 16:08:04,243 - [webpage_parser.py:65] - INFO - procotol:https, hostname:baijia.baidu.com, new_link:/s?id=1578397684071397483&wfr=pc&fr=new_lst
2017-09-16 16:08:04,243 - [webpage_parser.py:65] - INFO - procotol:https, hostname:baijia.baidu.com, new_link:/s?id=1578339825935898486&wfr=pc&fr=app_lst
2017-09-16 16:08:04,243 - [webpage_parser.py:65] - INFO - procotol:https, hostname:baijia.baidu.com, new_link:/s?id=1578316134744348759&wfr=pc&fr=new_lst
2017-09-16 16:08:04,244 - [webpage_parser.py:65] - INFO - procotol:https, hostname:baijia.baidu.com, new_link:/s?id=1578339825935898486&wfr=pc&fr=_lst
2017-09-16 16:08:04,244 - [webpage_parser.py:65] - INFO - procotol:https, hostname:baijia.baidu.com, new_link:/u?app_id=1536553280141132&wfr=pc&fr=new_lst
2017-09-16 16:08:04,244 - [webpage_parser.py:65] - INFO - procotol:https, hostname:baijia.baidu.com, new_link:/s?id=1578235985321974246&wfr=pc&fr=app_lst
2017-09-16 16:08:04,245 - [webpage_parser.py:65] - INFO - procotol:https, hostname:baijia.baidu.com, new_link:/s?id=1578504898616167009&wfr=pc&fr=new_top
2017-09-16 16:08:04,245 - [webpage_parser.py:65] - INFO - procotol:https, hostname:baijia.baidu.com, new_link:/s?id=1578235985321974246&wfr=pc&fr=app_lst
2017-09-16 16:08:04,246 - [webpage_parser.py:65] - INFO - procotol:https, hostname:baijia.baidu.com, new_link:/s?id=1578623174990307367&wfr=pc&fr=new_top
2017-09-16 16:08:04,246 - [webpage_parser.py:65] - INFO - procotol:https, hostname:baijia.baidu.com, new_link:/s?id=1578235985321974246&wfr=pc&fr=app_lst
2017-09-16 16:08:04,246 - [webpage_parser.py:65] - INFO - procotol:https, hostname:baijia.baidu.com, new_link:/u?app_id=1536772658226902&wfr=pc&fr=new_top
2017-09-16 16:08:04,247 - [webpage_parser.py:65] - INFO - procotol:https, hostname:baijia.baidu.com, new_link:/s?id=1578235985321974246&wfr=pc&fr=app_lst
2017-09-16 16:08:04,247 - [webpage_parser.py:65] - INFO - procotol:https, hostname:baijia.baidu.com, new_link:/s?id=1578607976201766738&wfr=pc&fr=new_top
2017-09-16 16:08:04,247 - [webpage_parser.py:65] - INFO - procotol:https, hostname:baijia.baidu.com, new_link:/s?id=1578235985321974246&wfr=pc&fr=_lst
2017-09-16 16:08:04,248 - [webpage_parser.py:65] - INFO - procotol:https, hostname:baijia.baidu.com, new_link:/u?app_id=1542908067534756&wfr=pc&fr=new_top
2017-09-16 16:08:04,248 - [webpage_parser.py:65] - INFO - procotol:https, hostname:baijia.baidu.com, new_link:/s?id=1578129331659506891&wfr=pc&fr=app_lst
2017-09-16 16:08:04,248 - [webpage_parser.py:65] - INFO - procotol:https, hostname:baijia.baidu.com, new_link:/s?id=1578577505038446664&wfr=pc&fr=new_top
2017-09-16 16:08:04,249 - [webpage_parser.py:65] - INFO - procotol:https, hostname:baijia.baidu.com, new_link:/s?id=1578129331659506891&wfr=pc&fr=app_lst
2017-09-16 16:08:04,249 - [webpage_parser.py:65] - INFO - procotol:https, hostname:baijia.baidu.com, new_link:/u?app_id=1536767684387819&wfr=pc&fr=new_top
2017-09-16 16:08:04,250 - [webpage_parser.py:65] - INFO - procotol:https, hostname:baijia.baidu.com, new_link:/s?id=1578129331659506891&wfr=pc&fr=app_lst
2017-09-16 16:08:04,250 - [webpage_parser.py:65] - INFO - procotol:https, hostname:baijia.baidu.com, new_link:/s?id=1578593165078946033&wfr=pc&fr=new_top
2017-09-16 16:08:04,250 - [webpage_parser.py:65] - INFO - procotol:https, hostname:baijia.baidu.com, new_link:/s?id=1578129331659506891&wfr=pc&fr=app_lst
2017-09-16 16:08:04,251 - [webpage_parser.py:65] - INFO - procotol:https, hostname:baijia.baidu.com, new_link:/u?app_id=1536767517568852&wfr=pc&fr=new_top
2017-09-16 16:08:04,251 - [webpage_parser.py:65] - INFO - procotol:https, hostname:baijia.baidu.com, new_link:/s?id=1578129331659506891&wfr=pc&fr=_lst
2017-09-16 16:08:04,251 - [webpage_parser.py:65] - INFO - procotol:https, hostname:baijia.baidu.com, new_link:/s?id=1578557257887453884&wfr=pc&fr=new_top
2017-09-16 16:08:04,252 - [webpage_parser.py:65] - INFO - procotol:https, hostname:baijia.baidu.com, new_link:/s?id=1577885692178682161&wfr=pc&fr=app_lst
2017-09-16 16:08:04,252 - [webpage_parser.py:65] - INFO - procotol:https, hostname:baijia.baidu.com, new_link:/u?app_id=1536766549127199&wfr=pc&fr=new_top
2017-09-16 16:08:04,252 - [webpage_parser.py:65] - INFO - procotol:https, hostname:baijia.baidu.com, new_link:/s?id=1577885692178682161&wfr=pc&fr=app_lst
2017-09-16 16:08:04,253 - [webpage_parser.py:65] - INFO - procotol:https, hostname:baijia.baidu.com, new_link:/s?id=1578507534024718953&wfr=pc&fr=new_top
2017-09-16 16:08:04,253 - [webpage_parser.py:65] - INFO - procotol:https, hostname:baijia.baidu.com, new_link:/s?id=1577885692178682161&wfr=pc&fr=app_lst
2017-09-16 16:08:04,253 - [webpage_parser.py:65] - INFO - procotol:https, hostname:baijia.baidu.com, new_link:/u?app_id=1536766289627322&wfr=pc&fr=new_top
2017-09-16 16:08:04,254 - [webpage_parser.py:65] - INFO - procotol:https, hostname:baijia.baidu.com, new_link:/s?id=1577885692178682161&wfr=pc&fr=app_lst
2017-09-16 16:08:04,254 - [webpage_parser.py:65] - INFO - procotol:https, hostname:baijia.baidu.com, new_link:/s?id=1578558686663240107&wfr=pc&fr=new_top
2017-09-16 16:08:04,254 - [webpage_parser.py:65] - INFO - procotol:https, hostname:baijia.baidu.com, new_link:/s?id=1577885692178682161&wfr=pc&fr=_lst
2017-09-16 16:08:04,255 - [webpage_parser.py:65] - INFO - procotol:https, hostname:baijia.baidu.com, new_link:/u?app_id=1536766474050767&wfr=pc&fr=new_top
2017-09-16 16:08:04,255 - [webpage_parser.py:65] - INFO - procotol:https, hostname:baijia.baidu.com, new_link:/s?id=1577796590155014955&wfr=pc&fr=app_lst
2017-09-16 16:08:04,255 - [webpage_parser.py:65] - INFO - procotol:https, hostname:baijia.baidu.com, new_link:/s?id=1578653355907666885&wfr=pc&fr=new_top
2017-09-16 16:08:04,256 - [webpage_parser.py:65] - INFO - procotol:https, hostname:baijia.baidu.com, new_link:/s?id=1577796590155014955&wfr=pc&fr=app_lst
2017-09-16 16:08:04,256 - [webpage_parser.py:65] - INFO - procotol:https, hostname:baijia.baidu.com, new_link:/u?app_id=1536766737196056&wfr=pc&fr=new_top
2017-09-16 16:08:04,256 - [webpage_parser.py:65] - INFO - procotol:https, hostname:baijia.baidu.com, new_link:/s?id=1577796590155014955&wfr=pc&fr=app_lst
2017-09-16 16:08:04,257 - [webpage_parser.py:65] - INFO - procotol:https, hostname:baijia.baidu.com, new_link:/s?id=1578548392389415079&wfr=pc&fr=new_top
2017-09-16 16:08:04,257 - [webpage_parser.py:65] - INFO - procotol:https, hostname:baijia.baidu.com, new_link:/s?id=1577796590155014955&wfr=pc&fr=app_lst
2017-09-16 16:08:04,258 - [webpage_parser.py:65] - INFO - procotol:https, hostname:baijia.baidu.com, new_link:/u?app_id=1536767911508436&wfr=pc&fr=new_top
2017-09-16 16:08:04,258 - [webpage_parser.py:65] - INFO - procotol:https, hostname:baijia.baidu.com, new_link:/s?id=1577796590155014955&wfr=pc&fr=_lst
2017-09-16 16:08:04,259 - [webpage_parser.py:65] - INFO - procotol:https, hostname:baijia.baidu.com, new_link:/s?id=1578208807638478293&wfr=pc&fr=new_top
2017-09-16 16:08:04,259 - [webpage_parser.py:65] - INFO - procotol:https, hostname:baijia.baidu.com, new_link:/s?id=1577700476871048534&wfr=pc&fr=app_lst
2017-09-16 16:08:04,260 - [webpage_parser.py:65] - INFO - procotol:https, hostname:baijia.baidu.com, new_link:/s?id=1578410468853518882&wfr=pc&fr=new_top
2017-09-16 16:08:04,260 - [webpage_parser.py:65] - INFO - procotol:https, hostname:baijia.baidu.com, new_link:/s?id=1577700476871048534&wfr=pc&fr=app_lst
2017-09-16 16:08:04,261 - [webpage_parser.py:65] - INFO - procotol:https, hostname:baijia.baidu.com, new_link:/u?app_id=1536767911508436&wfr=pc&fr=new_top
2017-09-16 16:08:04,261 - [webpage_parser.py:65] - INFO - procotol:https, hostname:baijia.baidu.com, new_link:/s?id=1577700476871048534&wfr=pc&fr=app_lst
2017-09-16 16:08:04,261 - [webpage_parser.py:65] - INFO - procotol:https, hostname:baijia.baidu.com, new_link:/s?id=1578129331659506891&wfr=pc&fr=new_top
2017-09-16 16:08:04,262 - [webpage_parser.py:65] - INFO - procotol:https, hostname:baijia.baidu.com, new_link:/s?id=1577700476871048534&wfr=pc&fr=app_lst
2017-09-16 16:08:04,262 - [webpage_parser.py:65] - INFO - procotol:https, hostname:baijia.baidu.com, new_link:/u?app_id=1536774014301697&wfr=pc&fr=new_top
2017-09-16 16:08:04,263 - [webpage_parser.py:65] - INFO - procotol:https, hostname:baijia.baidu.com, new_link:/s?id=1577700476871048534&wfr=pc&fr=_lst
2017-09-16 16:08:04,263 - [webpage_parser.py:65] - INFO - procotol:https, hostname:baijia.baidu.com, new_link:/s?id=1578374273180822002&wfr=pc&fr=new_top
2017-09-16 16:08:04,263 - [webpage_parser.py:65] - INFO - procotol:https, hostname:baijia.baidu.com, new_link:/s?id=1577604761275162458&wfr=pc&fr=app_lst
2017-09-16 16:08:04,264 - [webpage_parser.py:65] - INFO - procotol:https, hostname:baijia.baidu.com, new_link:/u?app_id=1536766474050767&wfr=pc&fr=new_top
2017-09-16 16:08:04,264 - [webpage_parser.py:65] - INFO - procotol:https, hostname:baijia.baidu.com, new_link:/s?id=1577604761275162458&wfr=pc&fr=app_lst
2017-09-16 16:08:04,264 - [webpage_parser.py:65] - INFO - procotol:https, hostname:baijia.baidu.com, new_link:/s?id=1578373838877672334&wfr=pc&fr=new_top
2017-09-16 16:08:04,264 - [webpage_parser.py:65] - INFO - procotol:https, hostname:baijia.baidu.com, new_link:/s?id=1577604761275162458&wfr=pc&fr=app_lst
2017-09-16 16:08:04,265 - [webpage_parser.py:65] - INFO - procotol:https, hostname:baijia.baidu.com, new_link:/u?app_id=1536766549127199&wfr=pc&fr=new_top
2017-09-16 16:08:04,265 - [webpage_parser.py:65] - INFO - procotol:https, hostname:baijia.baidu.com, new_link:/s?id=1577604761275162458&wfr=pc&fr=app_lst
2017-09-16 16:08:04,266 - [webpage_parser.py:65] - INFO - procotol:https, hostname:baijia.baidu.com, new_link:/s?id=1578123833701584481&wfr=pc&fr=new_top
2017-09-16 16:08:04,266 - [webpage_parser.py:65] - INFO - procotol:https, hostname:baijia.baidu.com, new_link:/s?id=1577604761275162458&wfr=pc&fr=_lst
2017-09-16 16:08:04,267 - [webpage_parser.py:65] - INFO - procotol:https, hostname:baijia.baidu.com, new_link:/u?app_id=1536766231434959&wfr=pc&fr=new_top
2017-09-16 16:08:04,267 - [webpage_parser.py:65] - INFO - procotol:https, hostname:baijia.baidu.com, new_link:/s?id=1577336104352854194&wfr=pc&fr=app_lst
2017-09-16 16:08:04,267 - [webpage_parser.py:65] - INFO - procotol:https, hostname:baijia.baidu.com, new_link:/s?id=1578240209069435195&wfr=pc&fr=new_top
2017-09-16 16:08:04,268 - [webpage_parser.py:65] - INFO - procotol:https, hostname:baijia.baidu.com, new_link:/s?id=1577336104352854194&wfr=pc&fr=app_lst
2017-09-16 16:08:04,268 - [webpage_parser.py:65] - INFO - procotol:https, hostname:baijia.baidu.com, new_link:/u?app_id=1536766719453005&wfr=pc&fr=new_top
2017-09-16 16:08:04,268 - [webpage_parser.py:65] - INFO - procotol:https, hostname:baijia.baidu.com, new_link:/s?id=1577336104352854194&wfr=pc&fr=app_lst
2017-09-16 16:08:04,269 - [webpage_parser.py:65] - INFO - procotol:https, hostname:baijia.baidu.com, new_link:/s?id=1578365804884109727&wfr=pc&fr=new_top
2017-09-16 16:08:04,269 - [webpage_parser.py:65] - INFO - procotol:https, hostname:baijia.baidu.com, new_link:/s?id=1577336104352854194&wfr=pc&fr=app_lst
2017-09-16 16:08:04,269 - [webpage_parser.py:65] - INFO - procotol:https, hostname:baijia.baidu.com, new_link:/u?app_id=1536768690718780&wfr=pc&fr=new_top
2017-09-16 16:08:04,270 - [webpage_parser.py:65] - INFO - procotol:https, hostname:baijia.baidu.com, new_link:/s?id=1577336104352854194&wfr=pc&fr=_lst
2017-09-16 16:08:04,270 - [webpage_parser.py:65] - INFO - procotol:https, hostname:baijia.baidu.com, new_link:/s?id=1578275578438991585&wfr=pc&fr=new_top
2017-09-16 16:08:04,270 - [webpage_parser.py:65] - INFO - procotol:https, hostname:baijia.baidu.com, new_link:/s?id=1577250544318909613&wfr=pc&fr=app_lst
2017-09-16 16:08:04,271 - [webpage_parser.py:65] - INFO - procotol:https, hostname:baijia.baidu.com, new_link:/u?app_id=1536768690718780&wfr=pc&fr=new_top
2017-09-16 16:08:04,271 - [webpage_parser.py:65] - INFO - procotol:https, hostname:baijia.baidu.com, new_link:/s?id=1577250544318909613&wfr=pc&fr=app_lst
2017-09-16 16:08:04,271 - [webpage_parser.py:65] - INFO - procotol:https, hostname:baijia.baidu.com, new_link:/s?id=1578233654535496137&wfr=pc&fr=new_top
2017-09-16 16:08:04,272 - [webpage_parser.py:65] - INFO - procotol:https, hostname:baijia.baidu.com, new_link:/s?id=1577250544318909613&wfr=pc&fr=app_lst
2017-09-16 16:08:04,272 - [webpage_parser.py:65] - INFO - procotol:https, hostname:baijia.baidu.com, new_link:/u?app_id=1536767517568852&wfr=pc&fr=new_top
2017-09-16 16:08:04,272 - [webpage_parser.py:65] - INFO - procotol:https, hostname:baijia.baidu.com, new_link:/s?id=1577250544318909613&wfr=pc&fr=app_lst
2017-09-16 16:08:04,273 - [webpage_parser.py:65] - INFO - procotol:https, hostname:baijia.baidu.com, new_link:/u?app_id=1536553280141132&wfr=pc&fr=new_dtl
2017-09-16 16:08:04,273 - [webpage_parser.py:65] - INFO - procotol:https, hostname:baijia.baidu.com, new_link:/s?id=1577250544318909613&wfr=pc&fr=_lst
2017-09-16 16:08:04,275 - [webpage_saver.py:45] - INFO - url https://baijia.baidu.com/s?id=1578667900922986662 is not match
2017-09-16 16:08:04,275 - [webpage_parser.py:65] - INFO - procotol:https, hostname:baijia.baidu.com, new_link:/s?id=1577166524916662187&wfr=pc&fr=app_lst
2017-09-16 16:08:04,276 - [webpage_parser.py:65] - INFO - procotol:https, hostname:baijia.baidu.com, new_link:/s?id=1577166524916662187&wfr=pc&fr=app_lst
2017-09-16 16:08:04,276 - [webpage_parser.py:65] - INFO - procotol:https, hostname:baijia.baidu.com, new_link:/s?id=1577166524916662187&wfr=pc&fr=app_lst
2017-09-16 16:08:04,276 - [webpage_parser.py:65] - INFO - procotol:https, hostname:baijia.baidu.com, new_link:/s?id=1577166524916662187&wfr=pc&fr=app_lst
2017-09-16 16:08:04,277 - [webpage_parser.py:65] - INFO - procotol:https, hostname:baijia.baidu.com, new_link:/s?id=1577166524916662187&wfr=pc&fr=_lst
2017-09-16 16:08:04,277 - [webpage_parser.py:65] - INFO - procotol:https, hostname:baijia.baidu.com, new_link:/s?id=1577049804450507800&wfr=pc&fr=app_lst
2017-09-16 16:08:04,277 - [webpage_parser.py:65] - INFO - procotol:https, hostname:baijia.baidu.com, new_link:/s?id=1577049804450507800&wfr=pc&fr=app_lst
2017-09-16 16:08:04,277 - [webpage_parser.py:65] - INFO - procotol:https, hostname:baijia.baidu.com, new_link:/s?id=1577049804450507800&wfr=pc&fr=app_lst
2017-09-16 16:08:04,278 - [webpage_parser.py:65] - INFO - procotol:https, hostname:baijia.baidu.com, new_link:/s?id=1577049804450507800&wfr=pc&fr=app_lst
2017-09-16 16:08:04,278 - [webpage_parser.py:65] - INFO - procotol:https, hostname:baijia.baidu.com, new_link:/s?id=1577049804450507800&wfr=pc&fr=_lst
2017-09-16 16:08:04,278 - [webpage_parser.py:65] - INFO - procotol:https, hostname:baijia.baidu.com, new_link:/s?id=1576978024239152740&wfr=pc&fr=app_lst
2017-09-16 16:08:04,278 - [webpage_parser.py:65] - INFO - procotol:https, hostname:baijia.baidu.com, new_link:/s?id=1576978024239152740&wfr=pc&fr=app_lst
2017-09-16 16:08:04,279 - [webpage_parser.py:65] - INFO - procotol:https, hostname:baijia.baidu.com, new_link:/s?id=1576978024239152740&wfr=pc&fr=app_lst
2017-09-16 16:08:04,279 - [webpage_parser.py:65] - INFO - procotol:https, hostname:baijia.baidu.com, new_link:/s?id=1576978024239152740&wfr=pc&fr=app_lst
2017-09-16 16:08:04,279 - [webpage_parser.py:65] - INFO - procotol:https, hostname:baijia.baidu.com, new_link:/s?id=1576978024239152740&wfr=pc&fr=_lst
2017-09-16 16:08:04,280 - [webpage_parser.py:65] - INFO - procotol:https, hostname:baijia.baidu.com, new_link:/s?id=1576689365817054543&wfr=pc&fr=app_lst
2017-09-16 16:08:04,280 - [webpage_parser.py:65] - INFO - procotol:https, hostname:baijia.baidu.com, new_link:/s?id=1576689365817054543&wfr=pc&fr=app_lst
2017-09-16 16:08:04,280 - [webpage_parser.py:65] - INFO - procotol:https, hostname:baijia.baidu.com, new_link:/s?id=1576689365817054543&wfr=pc&fr=app_lst
2017-09-16 16:08:04,280 - [webpage_parser.py:65] - INFO - procotol:https, hostname:baijia.baidu.com, new_link:/s?id=1576689365817054543&wfr=pc&fr=app_lst
2017-09-16 16:08:04,281 - [webpage_parser.py:65] - INFO - procotol:https, hostname:baijia.baidu.com, new_link:/s?id=1576689365817054543&wfr=pc&fr=_lst
2017-09-16 16:08:04,281 - [webpage_parser.py:65] - INFO - procotol:https, hostname:baijia.baidu.com, new_link:/s?id=1576607503701866203&wfr=pc&fr=app_lst
2017-09-16 16:08:04,281 - [webpage_parser.py:65] - INFO - procotol:https, hostname:baijia.baidu.com, new_link:/s?id=1576607503701866203&wfr=pc&fr=app_lst
2017-09-16 16:08:04,282 - [webpage_parser.py:65] - INFO - procotol:https, hostname:baijia.baidu.com, new_link:/s?id=1576607503701866203&wfr=pc&fr=app_lst
2017-09-16 16:08:04,282 - [webpage_parser.py:65] - INFO - procotol:https, hostname:baijia.baidu.com, new_link:/s?id=1576607503701866203&wfr=pc&fr=app_lst
2017-09-16 16:08:04,282 - [webpage_parser.py:65] - INFO - procotol:https, hostname:baijia.baidu.com, new_link:/s?id=1576607503701866203&wfr=pc&fr=_lst
2017-09-16 16:08:04,283 - [webpage_parser.py:65] - INFO - procotol:https, hostname:baijia.baidu.com, new_link:/s?id=1576438175477169351&wfr=pc&fr=app_lst
2017-09-16 16:08:04,283 - [webpage_parser.py:65] - INFO - procotol:https, hostname:baijia.baidu.com, new_link:/s?id=1576438175477169351&wfr=pc&fr=app_lst
2017-09-16 16:08:04,283 - [webpage_parser.py:65] - INFO - procotol:https, hostname:baijia.baidu.com, new_link:/s?id=1576438175477169351&wfr=pc&fr=app_lst
2017-09-16 16:08:04,283 - [webpage_parser.py:65] - INFO - procotol:https, hostname:baijia.baidu.com, new_link:/s?id=1576438175477169351&wfr=pc&fr=app_lst
2017-09-16 16:08:04,284 - [webpage_parser.py:65] - INFO - procotol:https, hostname:baijia.baidu.com, new_link:/s?id=1576438175477169351&wfr=pc&fr=_lst
2017-09-16 16:08:04,284 - [webpage_parser.py:65] - INFO - procotol:https, hostname:baijia.baidu.com, new_link:/s?id=1576347650650815522&wfr=pc&fr=app_lst
2017-09-16 16:08:04,284 - [webpage_parser.py:65] - INFO - procotol:https, hostname:baijia.baidu.com, new_link:/s?id=1576347650650815522&wfr=pc&fr=app_lst
2017-09-16 16:08:04,285 - [webpage_parser.py:65] - INFO - procotol:https, hostname:baijia.baidu.com, new_link:/s?id=1576347650650815522&wfr=pc&fr=app_lst
2017-09-16 16:08:04,285 - [webpage_parser.py:65] - INFO - procotol:https, hostname:baijia.baidu.com, new_link:/s?id=1576347650650815522&wfr=pc&fr=app_lst
2017-09-16 16:08:04,285 - [webpage_parser.py:65] - INFO - procotol:https, hostname:baijia.baidu.com, new_link:/s?id=1576347650650815522&wfr=pc&fr=_lst
2017-09-16 16:08:04,285 - [webpage_parser.py:65] - INFO - procotol:https, hostname:baijia.baidu.com, new_link:/s?id=1576073381482658&wfr=pc&fr=app_lst
2017-09-16 16:08:04,286 - [webpage_parser.py:65] - INFO - procotol:https, hostname:baijia.baidu.com, new_link:/s?id=1576073381482658&wfr=pc&fr=app_lst
2017-09-16 16:08:04,286 - [webpage_parser.py:65] - INFO - procotol:https, hostname:baijia.baidu.com, new_link:/s?id=1576073381482658&wfr=pc&fr=app_lst
2017-09-16 16:08:04,286 - [webpage_parser.py:65] - INFO - procotol:https, hostname:baijia.baidu.com, new_link:/s?id=1576073381482658&wfr=pc&fr=app_lst
2017-09-16 16:08:04,286 - [webpage_parser.py:65] - INFO - procotol:https, hostname:baijia.baidu.com, new_link:/s?id=1576073381482658&wfr=pc&fr=_lst
2017-09-16 16:08:04,287 - [webpage_parser.py:65] - INFO - procotol:https, hostname:baijia.baidu.com, new_link:/s?id=1575936559014689&wfr=pc&fr=app_lst
2017-09-16 16:08:04,287 - [webpage_parser.py:65] - INFO - procotol:https, hostname:baijia.baidu.com, new_link:/s?id=1575936559014689&wfr=pc&fr=app_lst
2017-09-16 16:08:04,287 - [webpage_parser.py:65] - INFO - procotol:https, hostname:baijia.baidu.com, new_link:/s?id=1575936559014689&wfr=pc&fr=app_lst
2017-09-16 16:08:04,288 - [webpage_parser.py:65] - INFO - procotol:https, hostname:baijia.baidu.com, new_link:/s?id=1575936559014689&wfr=pc&fr=app_lst
2017-09-16 16:08:04,288 - [webpage_parser.py:65] - INFO - procotol:https, hostname:baijia.baidu.com, new_link:/s?id=1575936559014689&wfr=pc&fr=_lst
2017-09-16 16:08:04,291 - [webpage_saver.py:45] - INFO - url https://baijia.baidu.com/u?app_id=1536774014301697 is not match
2017-09-16 16:08:04,318 - [webpage_crawler.py:77] - ERROR - Connection Error url http://report.12377.cn:13225/toreportinputNormal_anis.do
2017-09-16 16:08:04,318 - [webpage_crawler.py:117] - ERROR - crawl url http://report.12377.cn:13225/toreportinputNormal_anis.do failed, status code 4
2017-09-16 16:08:05,115 - [connectionpool.py:207] - DEBUG - Starting new HTTP connection (1): news.baidu.com
2017-09-16 16:08:05,119 - [connectionpool.py:207] - DEBUG - Starting new HTTP connection (1): net.china.cn
2017-09-16 16:08:05,137 - [connectionpool.py:395] - DEBUG - http://net.china.cn:80 "GET /chinese/index.htm HTTP/1.1" 302 0
2017-09-16 16:08:05,142 - [connectionpool.py:207] - DEBUG - Starting new HTTP connection (1): www.12377.cn
2017-09-16 16:08:05,322 - [connectionpool.py:395] - DEBUG - http://news.baidu.com:80 "GET /house HTTP/1.1" 200 None
2017-09-16 16:08:05,633 - [webpage_parser.py:65] - INFO - procotol:http, hostname:news.baidu.com, new_link:/
2017-09-16 16:08:05,635 - [webpage_parser.py:65] - INFO - procotol:http, hostname:news.baidu.com, new_link:/guonei
2017-09-16 16:08:05,636 - [webpage_parser.py:65] - INFO - procotol:http, hostname:news.baidu.com, new_link:/guoji
2017-09-16 16:08:05,638 - [webpage_parser.py:65] - INFO - procotol:http, hostname:news.baidu.com, new_link:/mil
2017-09-16 16:08:05,641 - [webpage_parser.py:65] - INFO - procotol:http, hostname:news.baidu.com, new_link:/society
2017-09-16 16:08:05,642 - [webpage_parser.py:65] - INFO - procotol:http, hostname:news.baidu.com, new_link:/finance
2017-09-16 16:08:05,642 - [webpage_parser.py:65] - INFO - procotol:http, hostname:news.baidu.com, new_link:/ent
2017-09-16 16:08:05,642 - [webpage_parser.py:65] - INFO - procotol:http, hostname:news.baidu.com, new_link:/sports
2017-09-16 16:08:05,643 - [webpage_parser.py:65] - INFO - procotol:http, hostname:news.baidu.com, new_link:/internet
2017-09-16 16:08:05,644 - [webpage_parser.py:65] - INFO - procotol:http, hostname:news.baidu.com, new_link:/tech
2017-09-16 16:08:05,645 - [webpage_parser.py:65] - INFO - procotol:http, hostname:news.baidu.com, new_link:/game
2017-09-16 16:08:05,646 - [webpage_parser.py:65] - INFO - procotol:http, hostname:news.baidu.com, new_link:/fashion
2017-09-16 16:08:05,646 - [webpage_parser.py:65] - INFO - procotol:http, hostname:news.baidu.com, new_link:/lady
2017-09-16 16:08:05,647 - [webpage_parser.py:65] - INFO - procotol:http, hostname:news.baidu.com, new_link:/auto
2017-09-16 16:08:05,648 - [webpage_parser.py:65] - INFO - procotol:http, hostname:news.baidu.com, new_link:/house
2017-09-16 16:08:05,648 - [webpage_parser.py:65] - INFO - procotol:http, hostname:news.baidu.com, new_link:/
2017-09-16 16:08:05,649 - [webpage_parser.py:65] - INFO - procotol:http, hostname:news.baidu.com, new_link:/guonei
2017-09-16 16:08:05,650 - [webpage_parser.py:65] - INFO - procotol:http, hostname:news.baidu.com, new_link:/guoji
2017-09-16 16:08:05,650 - [webpage_parser.py:65] - INFO - procotol:http, hostname:news.baidu.com, new_link:/mil
2017-09-16 16:08:05,651 - [webpage_parser.py:65] - INFO - procotol:http, hostname:news.baidu.com, new_link:/society
2017-09-16 16:08:05,651 - [webpage_parser.py:65] - INFO - procotol:http, hostname:news.baidu.com, new_link:/finance
2017-09-16 16:08:05,653 - [webpage_parser.py:65] - INFO - procotol:http, hostname:news.baidu.com, new_link:/ent
2017-09-16 16:08:05,655 - [webpage_parser.py:65] - INFO - procotol:http, hostname:news.baidu.com, new_link:/sports
2017-09-16 16:08:05,657 - [webpage_parser.py:65] - INFO - procotol:http, hostname:news.baidu.com, new_link:/internet
2017-09-16 16:08:05,658 - [webpage_parser.py:65] - INFO - procotol:http, hostname:news.baidu.com, new_link:/tech
2017-09-16 16:08:05,659 - [webpage_parser.py:65] - INFO - procotol:http, hostname:news.baidu.com, new_link:/game
2017-09-16 16:08:05,660 - [webpage_parser.py:65] - INFO - procotol:http, hostname:news.baidu.com, new_link:/fashion
2017-09-16 16:08:05,660 - [webpage_parser.py:65] - INFO - procotol:http, hostname:news.baidu.com, new_link:/lady
2017-09-16 16:08:05,661 - [webpage_parser.py:65] - INFO - procotol:http, hostname:news.baidu.com, new_link:/auto
2017-09-16 16:08:05,661 - [webpage_parser.py:65] - INFO - procotol:http, hostname:news.baidu.com, new_link:/house
2017-09-16 16:08:05,662 - [webpage_parser.py:65] - INFO - procotol:http, hostname:news.baidu.com, new_link:javascript:void(0);
2017-09-16 16:08:05,663 - [webpage_parser.py:65] - INFO - procotol:http, hostname:news.baidu.com, new_link:javascript:void(0);
2017-09-16 16:08:05,663 - [webpage_parser.py:65] - INFO - procotol:http, hostname:news.baidu.com, new_link:javascript:void(0)
2017-09-16 16:08:05,664 - [webpage_parser.py:65] - INFO - procotol:http, hostname:news.baidu.com, new_link:javascript:void(0)
2017-09-16 16:08:05,664 - [webpage_parser.py:65] - INFO - procotol:http, hostname:news.baidu.com, new_link:javascript:void(0)
2017-09-16 16:08:05,667 - [webpage_parser.py:65] - INFO - procotol:http, hostname:news.baidu.com, new_link:javascript:void(0)
2017-09-16 16:08:05,667 - [webpage_parser.py:65] - INFO - procotol:http, hostname:news.baidu.com, new_link:/house?loc=0
2017-09-16 16:08:05,667 - [webpage_parser.py:65] - INFO - procotol:http, hostname:news.baidu.com, new_link:/house?loc=2354
2017-09-16 16:08:05,668 - [webpage_parser.py:65] - INFO - procotol:http, hostname:news.baidu.com, new_link:/house?loc=125
2017-09-16 16:08:05,668 - [webpage_parser.py:65] - INFO - procotol:http, hostname:news.baidu.com, new_link:/house?loc=6425
2017-09-16 16:08:05,668 - [webpage_parser.py:65] - INFO - procotol:http, hostname:news.baidu.com, new_link:/house?loc=6245
2017-09-16 16:08:05,669 - [webpage_parser.py:65] - INFO - procotol:http, hostname:news.baidu.com, new_link:/house?loc=3073
2017-09-16 16:08:05,669 - [webpage_parser.py:65] - INFO - procotol:http, hostname:news.baidu.com, new_link:/house?loc=3373
2017-09-16 16:08:05,670 - [webpage_parser.py:65] - INFO - procotol:http, hostname:news.baidu.com, new_link:/house?loc=5588
2017-09-16 16:08:05,670 - [webpage_parser.py:65] - INFO - procotol:http, hostname:news.baidu.com, new_link:/house?loc=5496
2017-09-16 16:08:05,670 - [webpage_parser.py:65] - INFO - procotol:http, hostname:news.baidu.com, new_link:/house?loc=5515
2017-09-16 16:08:05,671 - [webpage_parser.py:65] - INFO - procotol:http, hostname:news.baidu.com, new_link:/house?loc=372
2017-09-16 16:08:05,672 - [webpage_parser.py:65] - INFO - procotol:http, hostname:news.baidu.com, new_link:/house?loc=251
2017-09-16 16:08:05,673 - [webpage_parser.py:65] - INFO - procotol:http, hostname:news.baidu.com, new_link:/house?loc=4408
2017-09-16 16:08:05,674 - [webpage_parser.py:65] - INFO - procotol:http, hostname:news.baidu.com, new_link:/house?loc=4372
2017-09-16 16:08:05,675 - [webpage_parser.py:65] - INFO - procotol:http, hostname:news.baidu.com, new_link:/house?loc=4812
2017-09-16 16:08:05,676 - [webpage_parser.py:65] - INFO - procotol:http, hostname:news.baidu.com, new_link:/house?loc=5162
2017-09-16 16:08:05,677 - [webpage_parser.py:65] - INFO - procotol:http, hostname:news.baidu.com, new_link:/house?loc=1784
2017-09-16 16:08:05,678 - [webpage_parser.py:65] - INFO - procotol:http, hostname:news.baidu.com, new_link:/house?loc=2620
2017-09-16 16:08:05,678 - [webpage_parser.py:65] - INFO - procotol:http, hostname:news.baidu.com, new_link:/house?loc=2494
2017-09-16 16:08:05,679 - [webpage_parser.py:65] - INFO - procotol:http, hostname:news.baidu.com, new_link:/house?loc=2597
2017-09-16 16:08:05,681 - [webpage_parser.py:65] - INFO - procotol:http, hostname:news.baidu.com, new_link:/house?loc=2645
2017-09-16 16:08:05,681 - [webpage_parser.py:65] - INFO - procotol:http, hostname:news.baidu.com, new_link:/house?loc=2631
2017-09-16 16:08:05,682 - [webpage_parser.py:65] - INFO - procotol:http, hostname:news.baidu.com, new_link:/house?loc=3637
2017-09-16 16:08:05,682 - [webpage_parser.py:65] - INFO - procotol:http, hostname:news.baidu.com, new_link:/house?loc=1517
2017-09-16 16:08:05,684 - [webpage_parser.py:65] - INFO - procotol:http, hostname:news.baidu.com, new_link:/house?loc=1501
2017-09-16 16:08:05,684 - [webpage_parser.py:65] - INFO - procotol:http, hostname:news.baidu.com, new_link:/house?loc=1482
2017-09-16 16:08:05,685 - [webpage_parser.py:65] - INFO - procotol:http, hostname:news.baidu.com, new_link:/house?loc=3997
2017-09-16 16:08:05,686 - [webpage_parser.py:65] - INFO - procotol:http, hostname:news.baidu.com, new_link:/house?loc=4011
2017-09-16 16:08:05,687 - [webpage_parser.py:65] - INFO - procotol:http, hostname:news.baidu.com, new_link:/house?loc=4094
2017-09-16 16:08:05,690 - [webpage_parser.py:65] - INFO - procotol:http, hostname:news.baidu.com, new_link:/house?loc=4075
2017-09-16 16:08:05,691 - [webpage_parser.py:65] - INFO - procotol:http, hostname:news.baidu.com, new_link:/house?loc=8206
2017-09-16 16:08:05,693 - [webpage_parser.py:65] - INFO - procotol:http, hostname:news.baidu.com, new_link:/house?loc=6693
2017-09-16 16:08:05,695 - [webpage_parser.py:65] - INFO - procotol:http, hostname:news.baidu.com, new_link:/house?loc=2810
2017-09-16 16:08:05,697 - [webpage_parser.py:65] - INFO - procotol:http, hostname:news.baidu.com, new_link:/house?loc=2827
2017-09-16 16:08:05,699 - [webpage_parser.py:65] - INFO - procotol:http, hostname:news.baidu.com, new_link:/house?loc=1968
2017-09-16 16:08:05,701 - [webpage_parser.py:65] - INFO - procotol:http, hostname:news.baidu.com, new_link:#tabs-1
2017-09-16 16:08:05,702 - [webpage_parser.py:65] - INFO - procotol:http, hostname:news.baidu.com, new_link:#tabs-2
2017-09-16 16:08:05,702 - [webpage_parser.py:65] - INFO - procotol:http, hostname:news.baidu.com, new_link:#tabs-3
2017-09-16 16:08:05,702 - [webpage_parser.py:65] - INFO - procotol:http, hostname:news.baidu.com, new_link:#tabs-4
2017-09-16 16:08:05,703 - [webpage_parser.py:65] - INFO - procotol:http, hostname:news.baidu.com, new_link:#tabs-5
2017-09-16 16:08:05,703 - [webpage_parser.py:65] - INFO - procotol:http, hostname:news.baidu.com, new_link:javascript:void(0)
2017-09-16 16:08:05,703 - [webpage_parser.py:65] - INFO - procotol:http, hostname:news.baidu.com, new_link:javascript:void(0)
2017-09-16 16:08:05,704 - [webpage_parser.py:65] - INFO - procotol:http, hostname:news.baidu.com, new_link:javascript:void(0)
2017-09-16 16:08:05,704 - [webpage_parser.py:65] - INFO - procotol:http, hostname:news.baidu.com, new_link:javascript:void(0)
2017-09-16 16:08:05,705 - [webpage_parser.py:65] - INFO - procotol:http, hostname:news.baidu.com, new_link:javascript:void(0)
2017-09-16 16:08:05,705 - [webpage_parser.py:65] - INFO - procotol:http, hostname:news.baidu.com, new_link:javascript:;
2017-09-16 16:08:05,706 - [webpage_parser.py:65] - INFO - procotol:http, hostname:news.baidu.com, new_link:javascript:;
2017-09-16 16:08:05,706 - [webpage_parser.py:65] - INFO - procotol:http, hostname:news.baidu.com, new_link:javascript:;
2017-09-16 16:08:05,706 - [webpage_parser.py:65] - INFO - procotol:http, hostname:news.baidu.com, new_link:javascript:;
2017-09-16 16:08:05,717 - [webpage_saver.py:45] - INFO - url http://news.baidu.com/house is not match
2017-09-16 16:08:05,810 - [connectionpool.py:395] - DEBUG - http://www.12377.cn:80 "GET /chinese/index.htm HTTP/1.1" 200 187
2017-09-16 16:08:06,954 - [connectionpool.py:207] - DEBUG - Starting new HTTP connection (1): wenku.baidu.com
2017-09-16 16:08:06,965 - [connectionpool.py:207] - DEBUG - Starting new HTTP connection (1): news.baidu.com
2017-09-16 16:08:06,974 - [connectionpool.py:207] - DEBUG - Starting new HTTP connection (1): news.baidu.com
2017-09-16 16:08:06,981 - [connectionpool.py:818] - DEBUG - Starting new HTTPS connection (1): baijia.baidu.com
2017-09-16 16:08:06,982 - [connectionpool.py:207] - DEBUG - Starting new HTTP connection (1): image.baidu.com
2017-09-16 16:08:06,982 - [connectionpool.py:207] - DEBUG - Starting new HTTP connection (1): xinwen.eastday.com
2017-09-16 16:08:06,990 - [connectionpool.py:207] - DEBUG - Starting new HTTP connection (1): www.bj.cyberpolice.cn
2017-09-16 16:08:06,997 - [connectionpool.py:207] - DEBUG - Starting new HTTP connection (1): tieba.baidu.com
2017-09-16 16:08:07,007 - [connectionpool.py:395] - DEBUG - http://wenku.baidu.com:80 "GET / HTTP/1.1" 301 178
2017-09-16 16:08:07,026 - [connectionpool.py:818] - DEBUG - Starting new HTTPS connection (1): wenku.baidu.com
2017-09-16 16:08:07,063 - [connectionpool.py:395] - DEBUG - http://news.baidu.com:80 "GET /fashion HTTP/1.1" 200 None
2017-09-16 16:08:07,212 - [webpage_parser.py:65] - INFO - procotol:http, hostname:news.baidu.com, new_link:/
2017-09-16 16:08:07,213 - [webpage_parser.py:65] - INFO - procotol:http, hostname:news.baidu.com, new_link:/guonei
2017-09-16 16:08:07,213 - [webpage_parser.py:65] - INFO - procotol:http, hostname:news.baidu.com, new_link:/guoji
2017-09-16 16:08:07,213 - [webpage_parser.py:65] - INFO - procotol:http, hostname:news.baidu.com, new_link:/mil
2017-09-16 16:08:07,214 - [webpage_parser.py:65] - INFO - procotol:http, hostname:news.baidu.com, new_link:/society
2017-09-16 16:08:07,214 - [webpage_parser.py:65] - INFO - procotol:http, hostname:news.baidu.com, new_link:/finance
2017-09-16 16:08:07,214 - [webpage_parser.py:65] - INFO - procotol:http, hostname:news.baidu.com, new_link:/ent
2017-09-16 16:08:07,215 - [webpage_parser.py:65] - INFO - procotol:http, hostname:news.baidu.com, new_link:/sports
2017-09-16 16:08:07,215 - [webpage_parser.py:65] - INFO - procotol:http, hostname:news.baidu.com, new_link:/internet
2017-09-16 16:08:07,215 - [webpage_parser.py:65] - INFO - procotol:http, hostname:news.baidu.com, new_link:/tech
2017-09-16 16:08:07,215 - [webpage_parser.py:65] - INFO - procotol:http, hostname:news.baidu.com, new_link:/game
2017-09-16 16:08:07,216 - [webpage_parser.py:65] - INFO - procotol:http, hostname:news.baidu.com, new_link:/fashion
2017-09-16 16:08:07,216 - [webpage_parser.py:65] - INFO - procotol:http, hostname:news.baidu.com, new_link:/lady
2017-09-16 16:08:07,216 - [webpage_parser.py:65] - INFO - procotol:http, hostname:news.baidu.com, new_link:/auto
2017-09-16 16:08:07,217 - [webpage_parser.py:65] - INFO - procotol:http, hostname:news.baidu.com, new_link:/house
2017-09-16 16:08:07,217 - [webpage_parser.py:65] - INFO - procotol:http, hostname:news.baidu.com, new_link:/
2017-09-16 16:08:07,217 - [webpage_parser.py:65] - INFO - procotol:http, hostname:news.baidu.com, new_link:/guonei
2017-09-16 16:08:07,218 - [webpage_parser.py:65] - INFO - procotol:http, hostname:news.baidu.com, new_link:/guoji
2017-09-16 16:08:07,218 - [webpage_parser.py:65] - INFO - procotol:http, hostname:news.baidu.com, new_link:/mil
2017-09-16 16:08:07,218 - [webpage_parser.py:65] - INFO - procotol:http, hostname:news.baidu.com, new_link:/society
2017-09-16 16:08:07,219 - [webpage_parser.py:65] - INFO - procotol:http, hostname:news.baidu.com, new_link:/finance
2017-09-16 16:08:07,219 - [webpage_parser.py:65] - INFO - procotol:http, hostname:news.baidu.com, new_link:/ent
2017-09-16 16:08:07,219 - [webpage_parser.py:65] - INFO - procotol:http, hostname:news.baidu.com, new_link:/sports
2017-09-16 16:08:07,220 - [webpage_parser.py:65] - INFO - procotol:http, hostname:news.baidu.com, new_link:/internet
2017-09-16 16:08:07,220 - [webpage_parser.py:65] - INFO - procotol:http, hostname:news.baidu.com, new_link:/tech
2017-09-16 16:08:07,220 - [webpage_parser.py:65] - INFO - procotol:http, hostname:news.baidu.com, new_link:/game
2017-09-16 16:08:07,220 - [webpage_parser.py:65] - INFO - procotol:http, hostname:news.baidu.com, new_link:/fashion
2017-09-16 16:08:07,221 - [webpage_parser.py:65] - INFO - procotol:http, hostname:news.baidu.com, new_link:/lady
2017-09-16 16:08:07,221 - [webpage_parser.py:65] - INFO - procotol:http, hostname:news.baidu.com, new_link:/auto
2017-09-16 16:08:07,221 - [webpage_parser.py:65] - INFO - procotol:http, hostname:news.baidu.com, new_link:/house
2017-09-16 16:08:07,222 - [webpage_parser.py:65] - INFO - procotol:http, hostname:news.baidu.com, new_link:javascript:void(0);
2017-09-16 16:08:07,222 - [webpage_parser.py:65] - INFO - procotol:http, hostname:news.baidu.com, new_link:javascript:void(0);
2017-09-16 16:08:07,222 - [webpage_parser.py:65] - INFO - procotol:http, hostname:news.baidu.com, new_link:javascript:void(0)
2017-09-16 16:08:07,223 - [webpage_parser.py:65] - INFO - procotol:http, hostname:news.baidu.com, new_link:javascript:void(0)
2017-09-16 16:08:07,223 - [webpage_parser.py:65] - INFO - procotol:http, hostname:news.baidu.com, new_link:javascript:void(0)
2017-09-16 16:08:07,223 - [webpage_parser.py:65] - INFO - procotol:http, hostname:news.baidu.com, new_link:javascript:void(0)
2017-09-16 16:08:07,224 - [webpage_parser.py:65] - INFO - procotol:http, hostname:news.baidu.com, new_link:javascript:void(0)
2017-09-16 16:08:07,226 - [webpage_parser.py:65] - INFO - procotol:http, hostname:news.baidu.com, new_link:javascript:;
2017-09-16 16:08:07,226 - [webpage_parser.py:65] - INFO - procotol:http, hostname:news.baidu.com, new_link:javascript:;
2017-09-16 16:08:07,226 - [webpage_parser.py:65] - INFO - procotol:http, hostname:news.baidu.com, new_link:javascript:;
2017-09-16 16:08:07,227 - [webpage_parser.py:65] - INFO - procotol:http, hostname:news.baidu.com, new_link:javascript:;
2017-09-16 16:08:07,230 - [webpage_saver.py:45] - INFO - url http://news.baidu.com/fashion is not match
2017-09-16 16:08:07,433 - [connectionpool.py:395] - DEBUG - http://xinwen.eastday.com:80 "GET /a/xjump.html?id=170916031041190 HTTP/1.1" 200 3162
2017-09-16 16:08:07,444 - [webpage_saver.py:45] - INFO - url http://xinwen.eastday.com/a/xjump.html?id=170916031041190 is not match
2017-09-16 16:08:07,445 - [connectionpool.py:395] - DEBUG - https://baijia.baidu.com:443 "GET /s?id=1578129331659506891 HTTP/1.1" 200 None
2017-09-16 16:08:07,446 - [connectionpool.py:395] - DEBUG - http://image.baidu.com:80 "GET / HTTP/1.1" 200 None
2017-09-16 16:08:07,527 - [webpage_parser.py:65] - INFO - procotol:https, hostname:baijia.baidu.com, new_link:/
2017-09-16 16:08:07,528 - [webpage_parser.py:65] - INFO - procotol:https, hostname:baijia.baidu.com, new_link:/
2017-09-16 16:08:07,529 - [webpage_parser.py:65] - INFO - procotol:https, hostname:baijia.baidu.com, new_link:/channel?cat=1
2017-09-16 16:08:07,529 - [webpage_parser.py:65] - INFO - procotol:https, hostname:baijia.baidu.com, new_link:/channel?cat=2
2017-09-16 16:08:07,529 - [webpage_parser.py:65] - INFO - procotol:https, hostname:baijia.baidu.com, new_link:/channel?cat=3
2017-09-16 16:08:07,530 - [webpage_parser.py:65] - INFO - procotol:https, hostname:baijia.baidu.com, new_link:/channel?cat=4
2017-09-16 16:08:07,530 - [webpage_parser.py:65] - INFO - procotol:https, hostname:baijia.baidu.com, new_link:/channel?cat=5
2017-09-16 16:08:07,530 - [webpage_parser.py:65] - INFO - procotol:https, hostname:baijia.baidu.com, new_link:/u?app_id=1536774014301697&wfr=pc&fr=new_lst
2017-09-16 16:08:07,531 - [webpage_parser.py:65] - INFO - procotol:https, hostname:baijia.baidu.com, new_link:/s?id=1578425400475468207&wfr=pc&fr=new_lst
2017-09-16 16:08:07,531 - [webpage_parser.py:65] - INFO - procotol:https, hostname:baijia.baidu.com, new_link:/s?id=1578339825935898486&wfr=pc&fr=new_lst
2017-09-16 16:08:07,531 - [webpage_parser.py:65] - INFO - procotol:https, hostname:baijia.baidu.com, new_link:/s?id=1578235985321974246&wfr=pc&fr=new_lst
2017-09-16 16:08:07,531 - [webpage_parser.py:65] - INFO - procotol:https, hostname:baijia.baidu.com, new_link:/s?id=1578129331659506891&wfr=pc&fr=new_lst
2017-09-16 16:08:07,532 - [webpage_parser.py:65] - INFO - procotol:https, hostname:baijia.baidu.com, new_link:/u?app_id=1536774014301697&wfr=pc&fr=new_lst
2017-09-16 16:08:07,532 - [webpage_parser.py:65] - INFO - procotol:https, hostname:baijia.baidu.com, new_link:/s?id=1578504898616167009&wfr=pc&fr=new_top
2017-09-16 16:08:07,532 - [webpage_parser.py:65] - INFO - procotol:https, hostname:baijia.baidu.com, new_link:/s?id=1578623174990307367&wfr=pc&fr=new_top
2017-09-16 16:08:07,533 - [webpage_parser.py:65] - INFO - procotol:https, hostname:baijia.baidu.com, new_link:/u?app_id=1536772658226902&wfr=pc&fr=new_top
2017-09-16 16:08:07,533 - [webpage_parser.py:65] - INFO - procotol:https, hostname:baijia.baidu.com, new_link:/s?id=1578607976201766738&wfr=pc&fr=new_top
2017-09-16 16:08:07,533 - [webpage_parser.py:65] - INFO - procotol:https, hostname:baijia.baidu.com, new_link:/u?app_id=1542908067534756&wfr=pc&fr=new_top
2017-09-16 16:08:07,534 - [webpage_parser.py:65] - INFO - procotol:https, hostname:baijia.baidu.com, new_link:/s?id=1578577505038446664&wfr=pc&fr=new_top
2017-09-16 16:08:07,534 - [webpage_parser.py:65] - INFO - procotol:https, hostname:baijia.baidu.com, new_link:/u?app_id=1536767684387819&wfr=pc&fr=new_top
2017-09-16 16:08:07,534 - [webpage_parser.py:65] - INFO - procotol:https, hostname:baijia.baidu.com, new_link:/s?id=1578593165078946033&wfr=pc&fr=new_top
2017-09-16 16:08:07,535 - [webpage_parser.py:65] - INFO - procotol:https, hostname:baijia.baidu.com, new_link:/u?app_id=1536767517568852&wfr=pc&fr=new_top
2017-09-16 16:08:07,535 - [webpage_parser.py:65] - INFO - procotol:https, hostname:baijia.baidu.com, new_link:/s?id=1578557257887453884&wfr=pc&fr=new_top
2017-09-16 16:08:07,535 - [webpage_parser.py:65] - INFO - procotol:https, hostname:baijia.baidu.com, new_link:/u?app_id=1536766549127199&wfr=pc&fr=new_top
2017-09-16 16:08:07,535 - [webpage_parser.py:65] - INFO - procotol:https, hostname:baijia.baidu.com, new_link:/s?id=1578507534024718953&wfr=pc&fr=new_top
2017-09-16 16:08:07,536 - [webpage_parser.py:65] - INFO - procotol:https, hostname:baijia.baidu.com, new_link:/u?app_id=1536766289627322&wfr=pc&fr=new_top
2017-09-16 16:08:07,536 - [webpage_parser.py:65] - INFO - procotol:https, hostname:baijia.baidu.com, new_link:/s?id=1578558686663240107&wfr=pc&fr=new_top
2017-09-16 16:08:07,536 - [webpage_parser.py:65] - INFO - procotol:https, hostname:baijia.baidu.com, new_link:/u?app_id=1536766474050767&wfr=pc&fr=new_top
2017-09-16 16:08:07,536 - [webpage_parser.py:65] - INFO - procotol:https, hostname:baijia.baidu.com, new_link:/s?id=1578653355907666885&wfr=pc&fr=new_top
2017-09-16 16:08:07,537 - [webpage_parser.py:65] - INFO - procotol:https, hostname:baijia.baidu.com, new_link:/u?app_id=1536766737196056&wfr=pc&fr=new_top
2017-09-16 16:08:07,537 - [webpage_parser.py:65] - INFO - procotol:https, hostname:baijia.baidu.com, new_link:/s?id=1578548392389415079&wfr=pc&fr=new_top
2017-09-16 16:08:07,538 - [webpage_parser.py:65] - INFO - procotol:https, hostname:baijia.baidu.com, new_link:/u?app_id=1536767911508436&wfr=pc&fr=new_top
2017-09-16 16:08:07,538 - [webpage_parser.py:65] - INFO - procotol:https, hostname:baijia.baidu.com, new_link:/s?id=1578208807638478293&wfr=pc&fr=new_top
2017-09-16 16:08:07,538 - [webpage_parser.py:65] - INFO - procotol:https, hostname:baijia.baidu.com, new_link:/s?id=1578410468853518882&wfr=pc&fr=new_top
2017-09-16 16:08:07,538 - [webpage_parser.py:65] - INFO - procotol:https, hostname:baijia.baidu.com, new_link:/u?app_id=1536767911508436&wfr=pc&fr=new_top
2017-09-16 16:08:07,539 - [webpage_parser.py:65] - INFO - procotol:https, hostname:baijia.baidu.com, new_link:/s?id=1578129331659506891&wfr=pc&fr=new_top
2017-09-16 16:08:07,539 - [webpage_parser.py:65] - INFO - procotol:https, hostname:baijia.baidu.com, new_link:/u?app_id=1536774014301697&wfr=pc&fr=new_top
2017-09-16 16:08:07,539 - [webpage_parser.py:65] - INFO - procotol:https, hostname:baijia.baidu.com, new_link:/s?id=1578374273180822002&wfr=pc&fr=new_top
2017-09-16 16:08:07,540 - [webpage_parser.py:65] - INFO - procotol:https, hostname:baijia.baidu.com, new_link:/u?app_id=1536766474050767&wfr=pc&fr=new_top
2017-09-16 16:08:07,540 - [webpage_parser.py:65] - INFO - procotol:https, hostname:baijia.baidu.com, new_link:/s?id=1578373838877672334&wfr=pc&fr=new_top
2017-09-16 16:08:07,540 - [webpage_parser.py:65] - INFO - procotol:https, hostname:baijia.baidu.com, new_link:/u?app_id=1536766549127199&wfr=pc&fr=new_top
2017-09-16 16:08:07,540 - [webpage_parser.py:65] - INFO - procotol:https, hostname:baijia.baidu.com, new_link:/s?id=1578123833701584481&wfr=pc&fr=new_top
2017-09-16 16:08:07,541 - [webpage_parser.py:65] - INFO - procotol:https, hostname:baijia.baidu.com, new_link:/u?app_id=1536766231434959&wfr=pc&fr=new_top
2017-09-16 16:08:07,541 - [webpage_parser.py:65] - INFO - procotol:https, hostname:baijia.baidu.com, new_link:/s?id=1578240209069435195&wfr=pc&fr=new_top
2017-09-16 16:08:07,541 - [webpage_parser.py:65] - INFO - procotol:https, hostname:baijia.baidu.com, new_link:/u?app_id=1536766719453005&wfr=pc&fr=new_top
2017-09-16 16:08:07,542 - [webpage_parser.py:65] - INFO - procotol:https, hostname:baijia.baidu.com, new_link:/s?id=1578365804884109727&wfr=pc&fr=new_top
2017-09-16 16:08:07,542 - [webpage_parser.py:65] - INFO - procotol:https, hostname:baijia.baidu.com, new_link:/u?app_id=1536768690718780&wfr=pc&fr=new_top
2017-09-16 16:08:07,542 - [webpage_parser.py:65] - INFO - procotol:https, hostname:baijia.baidu.com, new_link:/s?id=1578275578438991585&wfr=pc&fr=new_top
2017-09-16 16:08:07,543 - [webpage_parser.py:65] - INFO - procotol:https, hostname:baijia.baidu.com, new_link:/u?app_id=1536768690718780&wfr=pc&fr=new_top
2017-09-16 16:08:07,543 - [webpage_parser.py:65] - INFO - procotol:https, hostname:baijia.baidu.com, new_link:/s?id=1578233654535496137&wfr=pc&fr=new_top
2017-09-16 16:08:07,543 - [webpage_parser.py:65] - INFO - procotol:https, hostname:baijia.baidu.com, new_link:/u?app_id=1536767517568852&wfr=pc&fr=new_top
2017-09-16 16:08:07,543 - [webpage_parser.py:65] - INFO - procotol:https, hostname:baijia.baidu.com, new_link:/u?app_id=1536774014301697&wfr=pc&fr=new_dtl
2017-09-16 16:08:07,545 - [webpage_saver.py:45] - INFO - url https://baijia.baidu.com/s?id=1578129331659506891 is not match
2017-09-16 16:08:07,742 - [webpage_parser.py:65] - INFO - procotol:http, hostname:image.baidu.com, new_link:javascript:void(0)
2017-09-16 16:08:07,743 - [webpage_parser.py:65] - INFO - procotol:http, hostname:image.baidu.com, new_link:javascript:void(0)
2017-09-16 16:08:07,743 - [webpage_parser.py:65] - INFO - procotol:http, hostname:image.baidu.com, new_link:javascript:void(0);
2017-09-16 16:08:07,744 - [webpage_parser.py:65] - INFO - procotol:http, hostname:image.baidu.com, new_link:javascript:void(0)
2017-09-16 16:08:07,744 - [webpage_parser.py:65] - INFO - procotol:http, hostname:image.baidu.com, new_link:javascript:void(0)
2017-09-16 16:08:07,744 - [webpage_parser.py:65] - INFO - procotol:http, hostname:image.baidu.com, new_link:javascript:void(0);
2017-09-16 16:08:07,744 - [webpage_parser.py:65] - INFO - procotol:http, hostname:image.baidu.com, new_link:javascript:void(0);
2017-09-16 16:08:07,745 - [webpage_parser.py:65] - INFO - procotol:http, hostname:image.baidu.com, new_link:javascript:void(0);
2017-09-16 16:08:07,746 - [webpage_parser.py:65] - INFO - procotol:http, hostname:image.baidu.com, new_link:javascript:;
2017-09-16 16:08:07,746 - [webpage_parser.py:65] - INFO - procotol:http, hostname:image.baidu.com, new_link:javascript:;
2017-09-16 16:08:07,746 - [webpage_parser.py:65] - INFO - procotol:http, hostname:image.baidu.com, new_link:javascript:;
2017-09-16 16:08:07,746 - [webpage_parser.py:65] - INFO - procotol:http, hostname:image.baidu.com, new_link:javascript:;
2017-09-16 16:08:07,747 - [webpage_parser.py:65] - INFO - procotol:http, hostname:image.baidu.com, new_link:javascript:;
2017-09-16 16:08:07,747 - [webpage_parser.py:65] - INFO - procotol:http, hostname:image.baidu.com, new_link:javascript:;
2017-09-16 16:08:07,748 - [webpage_saver.py:45] - INFO - url http://image.baidu.com/ is not match
2017-09-16 16:08:07,929 - [connectionpool.py:395] - DEBUG - http://tieba.baidu.com:80 "GET / HTTP/1.1" 302 0
2017-09-16 16:08:07,937 - [connectionpool.py:818] - DEBUG - Starting new HTTPS connection (1): tieba.baidu.com
2017-09-16 16:08:07,973 - [connectionpool.py:395] - DEBUG - https://wenku.baidu.com:443 "GET / HTTP/1.1" 200 None
2017-09-16 16:08:08,005 - [webpage_crawler.py:71] - ERROR - read timeout http://news.baidu.com/n?cmd=1&class=reci
2017-09-16 16:08:08,005 - [webpage_crawler.py:117] - ERROR - crawl url http://news.baidu.com/n?cmd=1&class=reci failed, status code 2
2017-09-16 16:08:08,391 - [connectionpool.py:395] - DEBUG - https://tieba.baidu.com:443 "GET /index.html HTTP/1.1" 200 None
2017-09-16 16:08:08,834 - [webpage_crawler.py:77] - ERROR - Connection Error url http://www.bj.cyberpolice.cn/index.htm
2017-09-16 16:08:08,836 - [webpage_crawler.py:117] - ERROR - crawl url http://www.bj.cyberpolice.cn/index.htm failed, status code 4
2017-09-16 16:08:09,428 - [webpage_parser.py:65] - INFO - procotol:http, hostname:tieba.baidu.com, new_link:/
2017-09-16 16:08:09,431 - [webpage_parser.py:65] - INFO - procotol:http, hostname:tieba.baidu.com, new_link:/f/index/forumpark?pcn=娱乐明星&pci=0&ct=1&rn=20&pn=1
2017-09-16 16:08:09,436 - [webpage_parser.py:65] - INFO - procotol:http, hostname:tieba.baidu.com, new_link:/f/index/forumpark?cn=港台东南亚明星&ci=0&pcn=娱乐明星&pci=0&ct=1&rn=20&pn=1
2017-09-16 16:08:09,437 - [webpage_parser.py:65] - INFO - procotol:http, hostname:tieba.baidu.com, new_link:/f/index/forumpark?cn=内地明星&ci=0&pcn=娱乐明星&pci=0&ct=1&rn=20&pn=1
2017-09-16 16:08:09,447 - [webpage_parser.py:65] - INFO - procotol:http, hostname:tieba.baidu.com, new_link:/f/index/forumpark?cn=韩国明星&ci=0&pcn=娱乐明星&pci=0&ct=1&rn=20&pn=1
2017-09-16 16:08:09,453 - [webpage_parser.py:65] - INFO - procotol:http, hostname:tieba.baidu.com, new_link:/f/index/forumpark?cn=日本明星&ci=0&pcn=娱乐明星&pci=0&ct=1&rn=20&pn=1
2017-09-16 16:08:09,455 - [webpage_parser.py:65] - INFO - procotol:http, hostname:tieba.baidu.com, new_link:/f/index/forumpark?cn=时尚人物&ci=0&pcn=娱乐明星&pci=0&ct=1&rn=20&pn=1
2017-09-16 16:08:09,455 - [webpage_parser.py:65] - INFO - procotol:http, hostname:tieba.baidu.com, new_link:/f/index/forumpark?cn=欧美明星&ci=0&pcn=娱乐明星&pci=0&ct=1&rn=20&pn=1
2017-09-16 16:08:09,459 - [webpage_parser.py:65] - INFO - procotol:http, hostname:tieba.baidu.com, new_link:/f/index/forumpark?cn=主持人&ci=0&pcn=娱乐明星&pci=0&ct=1&rn=20&pn=1
2017-09-16 16:08:09,459 - [webpage_parser.py:65] - INFO - procotol:http, hostname:tieba.baidu.com, new_link:/f/index/forumpark?cn=其他娱乐明星&ci=0&pcn=娱乐明星&pci=0&ct=1&rn=20&pn=1
2017-09-16 16:08:09,460 - [webpage_parser.py:65] - INFO - procotol:http, hostname:tieba.baidu.com, new_link:/f/index/forumpark?pcn=电视节目&pci=0&ct=1&rn=20&pn=1
2017-09-16 16:08:09,464 - [webpage_parser.py:65] - INFO - procotol:http, hostname:tieba.baidu.com, new_link:/f/index/forumpark?cn=内地综艺&ci=0&pcn=电视节目&pci=0&ct=1&rn=20&pn=1
2017-09-16 16:08:09,472 - [webpage_parser.py:65] - INFO - procotol:http, hostname:tieba.baidu.com, new_link:/f/index/forumpark?cn=台湾综艺&ci=0&pcn=电视节目&pci=0&ct=1&rn=20&pn=1
2017-09-16 16:08:09,478 - [webpage_parser.py:65] - INFO - procotol:http, hostname:tieba.baidu.com, new_link:/f/index/forumpark?cn=韩国综艺&ci=0&pcn=电视节目&pci=0&ct=1&rn=20&pn=1
2017-09-16 16:08:09,479 - [webpage_parser.py:65] - INFO - procotol:http, hostname:tieba.baidu.com, new_link:/f/index/forumpark?cn=时尚·生活服务&ci=0&pcn=电视节目&pci=0&ct=1&rn=20&pn=1
2017-09-16 16:08:09,480 - [webpage_parser.py:65] - INFO - procotol:http, hostname:tieba.baidu.com, new_link:/f/index/forumpark?cn=体育运动·健身&ci=0&pcn=电视节目&pci=0&ct=1&rn=20&pn=1
2017-09-16 16:08:09,480 - [webpage_parser.py:65] - INFO - procotol:http, hostname:tieba.baidu.com, new_link:/f/index/forumpark?cn=财经·职场&ci=0&pcn=电视节目&pci=0&ct=1&rn=20&pn=1
2017-09-16 16:08:09,483 - [webpage_parser.py:65] - INFO - procotol:http, hostname:tieba.baidu.com, new_link:/f/index/forumpark?cn=新闻资讯&ci=0&pcn=电视节目&pci=0&ct=1&rn=20&pn=1
2017-09-16 16:08:09,488 - [webpage_parser.py:65] - INFO - procotol:http, hostname:tieba.baidu.com, new_link:/f/index/forumpark?cn=电视台及频道&ci=0&pcn=电视节目&pci=0&ct=1&rn=20&pn=1
2017-09-16 16:08:09,496 - [webpage_parser.py:65] - INFO - procotol:http, hostname:tieba.baidu.com, new_link:/f/index/forumpark?pcn=电视剧&pci=0&ct=1&rn=20&pn=1
2017-09-16 16:08:09,499 - [webpage_parser.py:65] - INFO - procotol:http, hostname:tieba.baidu.com, new_link:/f/index/forumpark?cn=韩国电视剧&ci=0&pcn=电视剧&pci=0&ct=1&rn=20&pn=1
2017-09-16 16:08:09,504 - [webpage_parser.py:65] - INFO - procotol:http, hostname:tieba.baidu.com, new_link:/f/index/forumpark?cn=香港电视剧&ci=0&pcn=电视剧&pci=0&ct=1&rn=20&pn=1
2017-09-16 16:08:09,507 - [webpage_parser.py:65] - INFO - procotol:http, hostname:tieba.baidu.com, new_link:/f/index/forumpark?cn=美剧&ci=0&pcn=电视剧&pci=0&ct=1&rn=20&pn=1
2017-09-16 16:08:09,512 - [webpage_parser.py:65] - INFO - procotol:http, hostname:tieba.baidu.com, new_link:/f/index/forumpark?cn=日本电视剧&ci=0&pcn=电视剧&pci=0&ct=1&rn=20&pn=1
2017-09-16 16:08:09,519 - [webpage_parser.py:65] - INFO - procotol:http, hostname:tieba.baidu.com, new_link:/f/index/forumpark?cn=内地电视剧&ci=0&pcn=电视剧&pci=0&ct=1&rn=20&pn=1
2017-09-16 16:08:09,520 - [webpage_parser.py:65] - INFO - procotol:http, hostname:tieba.baidu.com, new_link:/f/index/forumpark?cn=台湾电视剧&ci=0&pcn=电视剧&pci=0&ct=1&rn=20&pn=1
2017-09-16 16:08:09,523 - [webpage_parser.py:65] - INFO - procotol:http, hostname:tieba.baidu.com, new_link:/f/index/forumpark?cn=东南亚电视剧&ci=0&pcn=电视剧&pci=0&ct=1&rn=20&pn=1
2017-09-16 16:08:09,528 - [webpage_parser.py:65] - INFO - procotol:http, hostname:tieba.baidu.com, new_link:/f/index/forumpark?cn=其他地区电视剧&ci=0&pcn=电视剧&pci=0&ct=1&rn=20&pn=1
2017-09-16 16:08:09,536 - [webpage_parser.py:65] - INFO - procotol:http, hostname:tieba.baidu.com, new_link:/f/index/forumpark?pcn=电影&pci=0&ct=1&rn=20&pn=1
2017-09-16 16:08:09,536 - [webpage_parser.py:65] - INFO - procotol:http, hostname:tieba.baidu.com, new_link:/f/index/forumpark?cn=香港电影&ci=0&pcn=电影&pci=0&ct=1&rn=20&pn=1
2017-09-16 16:08:09,545 - [webpage_parser.py:65] - INFO - procotol:http, hostname:tieba.baidu.com, new_link:/f/index/forumpark?cn=欧美电影&ci=0&pcn=电影&pci=0&ct=1&rn=20&pn=1
2017-09-16 16:08:09,552 - [webpage_parser.py:65] - INFO - procotol:http, hostname:tieba.baidu.com, new_link:/f/index/forumpark?cn=内地电影&ci=0&pcn=电影&pci=0&ct=1&rn=20&pn=1
2017-09-16 16:08:09,553 - [webpage_parser.py:65] - INFO - procotol:http, hostname:tieba.baidu.com, new_link:/f/index/forumpark?cn=韩国电影&ci=0&pcn=电影&pci=0&ct=1&rn=20&pn=1
2017-09-16 16:08:09,627 - [webpage_parser.py:65] - INFO - procotol:http, hostname:tieba.baidu.com, new_link:/f/index/forumpark?cn=日本电影&ci=0&pcn=电影&pci=0&ct=1&rn=20&pn=1
2017-09-16 16:08:09,633 - [webpage_parser.py:65] - INFO - procotol:http, hostname:tieba.baidu.com, new_link:/f/index/forumpark?cn=台湾电影&ci=0&pcn=电影&pci=0&ct=1&rn=20&pn=1
2017-09-16 16:08:09,647 - [webpage_parser.py:65] - INFO - procotol:http, hostname:tieba.baidu.com, new_link:/f/index/forumpark?cn=电影话题&ci=0&pcn=电影&pci=0&ct=1&rn=20&pn=1
2017-09-16 16:08:09,647 - [webpage_parser.py:65] - INFO - procotol:http, hostname:tieba.baidu.com, new_link:/f/index/forumpark?cn=东南亚电影&ci=0&pcn=电影&pci=0&ct=1&rn=20&pn=1
2017-09-16 16:08:09,706 - [webpage_parser.py:65] - INFO - procotol:http, hostname:tieba.baidu.com, new_link:/f/index/forumpark?pcn=体育迷&pci=275&ct=0&rn=20&pn=1
2017-09-16 16:08:09,710 - [webpage_parser.py:65] - INFO - procotol:http, hostname:wenku.baidu.com, new_link:/feedback
2017-09-16 16:08:09,710 - [webpage_parser.py:65] - INFO - procotol:http, hostname:tieba.baidu.com, new_link:/f/index/forumpark?cn=足球&ci=276&pcn=体育迷&pci=275&ct=0&rn=20&pn=1
2017-09-16 16:08:09,711 - [webpage_parser.py:65] - INFO - procotol:http, hostname:tieba.baidu.com, new_link:/f/index/forumpark?cn=篮球&ci=277&pcn=体育迷&pci=275&ct=0&rn=20&pn=1
2017-09-16 16:08:09,712 - [webpage_parser.py:65] - INFO - procotol:http, hostname:wenku.baidu.com, new_link:/apps?fr=1011
2017-09-16 16:08:09,712 - [webpage_parser.py:65] - INFO - procotol:http, hostname:tieba.baidu.com, new_link:/f/index/forumpark?cn=NBA&ci=278&pcn=体育迷&pci=275&ct=0&rn=20&pn=1
2017-09-16 16:08:09,713 - [webpage_parser.py:65] - INFO - procotol:http, hostname:wenku.baidu.com, new_link:/trade/browse/cashier?type=2&fr=zhaohui
2017-09-16 16:08:09,713 - [webpage_parser.py:65] - INFO - procotol:http, hostname:tieba.baidu.com, new_link:/f/index/forumpark?cn=CBA&ci=279&pcn=体育迷&pci=275&ct=0&rn=20&pn=1
2017-09-16 16:08:09,714 - [webpage_parser.py:65] - INFO - procotol:http, hostname:wenku.baidu.com, new_link:/?fr=logo
2017-09-16 16:08:09,714 - [webpage_parser.py:65] - INFO - procotol:http, hostname:tieba.baidu.com, new_link:/f/index/forumpark?cn=乒乓球&ci=280&pcn=体育迷&pci=275&ct=0&rn=20&pn=1
2017-09-16 16:08:09,715 - [webpage_parser.py:65] - INFO - procotol:http, hostname:wenku.baidu.com, new_link:/task/browse/rewardbegin?fr=home
2017-09-16 16:08:09,715 - [webpage_parser.py:65] - INFO - procotol:http, hostname:tieba.baidu.com, new_link:/f/index/forumpark?cn=网球&ci=281&pcn=体育迷&pci=275&ct=0&rn=20&pn=1
2017-09-16 16:08:09,715 - [webpage_parser.py:65] - INFO - procotol:http, hostname:wenku.baidu.com, new_link:/?fr=nav
2017-09-16 16:08:09,716 - [webpage_parser.py:65] - INFO - procotol:http, hostname:wenku.baidu.com, new_link:javascript:void(0);
2017-09-16 16:08:09,716 - [webpage_parser.py:65] - INFO - procotol:http, hostname:tieba.baidu.com, new_link:/f/index/forumpark?cn=舞蹈&ci=283&pcn=体育迷&pci=275&ct=0&rn=20&pn=1
2017-09-16 16:08:09,717 - [webpage_parser.py:65] - INFO - procotol:http, hostname:wenku.baidu.com, new_link:javascript:void(0);
2017-09-16 16:08:09,717 - [webpage_parser.py:65] - INFO - procotol:http, hostname:tieba.baidu.com, new_link:/f/index/forumpark?cn=健身&ci=284&pcn=体育迷&pci=275&ct=0&rn=20&pn=1
2017-09-16 16:08:09,717 - [webpage_parser.py:65] - INFO - procotol:http, hostname:wenku.baidu.com, new_link:/jingpin
2017-09-16 16:08:09,718 - [webpage_parser.py:65] - INFO - procotol:http, hostname:tieba.baidu.com, new_link:/f/index/forumpark?pcn=小说&pci=161&ct=0&rn=20&pn=1
2017-09-16 16:08:09,718 - [webpage_parser.py:65] - INFO - procotol:http, hostname:wenku.baidu.com, new_link:/org/zone?zoneid=2
2017-09-16 16:08:09,718 - [webpage_parser.py:65] - INFO - procotol:http, hostname:tieba.baidu.com, new_link:/f/index/forumpark?cn=奇幻&ci=403&pcn=小说&pci=161&ct=0&rn=20&pn=1
2017-09-16 16:08:09,719 - [webpage_parser.py:65] - INFO - procotol:http, hostname:wenku.baidu.com, new_link:/org/browse/meeting
2017-09-16 16:08:09,719 - [webpage_parser.py:65] - INFO - procotol:http, hostname:tieba.baidu.com, new_link:/f/index/forumpark?cn=言情&ci=177&pcn=小说&pci=161&ct=0&rn=20&pn=1
2017-09-16 16:08:09,720 - [webpage_parser.py:65] - INFO - procotol:http, hostname:wenku.baidu.com, new_link:javascript:void(0);
2017-09-16 16:08:09,720 - [webpage_parser.py:65] - INFO - procotol:http, hostname:tieba.baidu.com, new_link:/f/index/forumpark?cn=灵异&ci=404&pcn=小说&pci=161&ct=0&rn=20&pn=1
2017-09-16 16:08:09,720 - [webpage_parser.py:65] - INFO - procotol:http, hostname:wenku.baidu.com, new_link:/org/index
2017-09-16 16:08:09,721 - [webpage_parser.py:65] - INFO - procotol:http, hostname:tieba.baidu.com, new_link:/f/index/forumpark?cn=穿越&ci=162&pcn=小说&pci=161&ct=0&rn=20&pn=1
2017-09-16 16:08:09,721 - [webpage_parser.py:65] - INFO - procotol:http, hostname:wenku.baidu.com, new_link:/user/browse/vip/
2017-09-16 16:08:09,722 - [webpage_parser.py:65] - INFO - procotol:http, hostname:tieba.baidu.com, new_link:/f/index/forumpark?cn=连载&ci=169&pcn=小说&pci=161&ct=0&rn=20&pn=1
2017-09-16 16:08:09,722 - [webpage_parser.py:65] - INFO - procotol:http, hostname:wenku.baidu.com, new_link:/user/browse/jiaoyuvipzone
2017-09-16 16:08:09,723 - [webpage_parser.py:65] - INFO - procotol:http, hostname:tieba.baidu.com, new_link:/f/index/forumpark?cn=修真&ci=412&pcn=小说&pci=161&ct=0&rn=20&pn=1
2017-09-16 16:08:09,723 - [webpage_parser.py:65] - INFO - procotol:http, hostname:wenku.baidu.com, new_link:/user/browse/newvipfreedoczone
2017-09-16 16:08:09,724 - [webpage_parser.py:65] - INFO - procotol:http, hostname:tieba.baidu.com, new_link:/f/index/forumpark?cn=历史&ci=121&pcn=小说&pci=161&ct=0&rn=20&pn=1
2017-09-16 16:08:09,724 - [webpage_parser.py:65] - INFO - procotol:http, hostname:wenku.baidu.com, new_link:/user/browse/annualvip
2017-09-16 16:08:09,724 - [webpage_parser.py:65] - INFO - procotol:http, hostname:tieba.baidu.com, new_link:/f/index/forumpark?cn=架空文&ci=409&pcn=小说&pci=161&ct=0&rn=20&pn=1
2017-09-16 16:08:09,725 - [webpage_parser.py:65] - INFO - procotol:http, hostname:wenku.baidu.com, new_link:/duihuan
2017-09-16 16:08:09,725 - [webpage_parser.py:65] - INFO - procotol:http, hostname:tieba.baidu.com, new_link:/f/index/forumpark?pcn=生活家&pci=214&ct=0&rn=20&pn=1
2017-09-16 16:08:09,725 - [webpage_parser.py:65] - INFO - procotol:http, hostname:wenku.baidu.com, new_link:/user/mydocs?fr=nav
2017-09-16 16:08:09,726 - [webpage_parser.py:65] - INFO - procotol:http, hostname:tieba.baidu.com, new_link:/f/index/forumpark?cn=小而美&ci=244&pcn=生活家&pci=214&ct=0&rn=20&pn=1
2017-09-16 16:08:09,726 - [webpage_parser.py:65] - INFO - procotol:http, hostname:wenku.baidu.com, new_link:/task/browse/rewardlist
2017-09-16 16:08:09,726 - [webpage_parser.py:65] - INFO - procotol:http, hostname:tieba.baidu.com, new_link:/f/index/forumpark?cn=DIY&ci=72&pcn=生活家&pci=214&ct=0&rn=20&pn=1
2017-09-16 16:08:09,727 - [webpage_parser.py:65] - INFO - procotol:http, hostname:wenku.baidu.com, new_link:/task/browse/daily
2017-09-16 16:08:09,727 - [webpage_parser.py:65] - INFO - procotol:http, hostname:tieba.baidu.com, new_link:/f/index/forumpark?cn=美食&ci=380&pcn=生活家&pci=214&ct=0&rn=20&pn=1
2017-09-16 16:08:09,728 - [webpage_parser.py:65] - INFO - procotol:http, hostname:wenku.baidu.com, new_link:/wenkuverify
2017-09-16 16:08:09,728 - [webpage_parser.py:65] - INFO - procotol:http, hostname:tieba.baidu.com, new_link:/f/index/forumpark?cn=摄影&ci=82&pcn=生活家&pci=214&ct=0&rn=20&pn=1
2017-09-16 16:08:09,728 - [webpage_parser.py:65] - INFO - procotol:http, hostname:wenku.baidu.com, new_link:/portal/browse/zoneedu
2017-09-16 16:08:09,729 - [webpage_parser.py:65] - INFO - procotol:http, hostname:tieba.baidu.com, new_link:/f/index/forumpark?cn=旅行&ci=92&pcn=生活家&pci=214&ct=0&rn=20&pn=1
2017-09-16 16:08:09,729 - [webpage_parser.py:65] - INFO - procotol:http, hostname:wenku.baidu.com, new_link:/pro/index
2017-09-16 16:08:09,730 - [webpage_parser.py:65] - INFO - procotol:http, hostname:tieba.baidu.com, new_link:/f/index/forumpark?cn=变美&ci=520&pcn=生活家&pci=214&ct=0&rn=20&pn=1
2017-09-16 16:08:09,730 - [webpage_parser.py:65] - INFO - procotol:http, hostname:wenku.baidu.com, new_link:/list/63
2017-09-16 16:08:09,731 - [webpage_parser.py:65] - INFO - procotol:http, hostname:tieba.baidu.com, new_link:/f/index/forumpark?cn=留学移民&ci=521&pcn=生活家&pci=214&ct=0&rn=20&pn=1
2017-09-16 16:08:09,731 - [webpage_parser.py:65] - INFO - procotol:http, hostname:wenku.baidu.com, new_link:/list/230
2017-09-16 16:08:09,731 - [webpage_parser.py:65] - INFO - procotol:http, hostname:tieba.baidu.com, new_link:/f/index/forumpark?cn=文玩&ci=522&pcn=生活家&pci=214&ct=0&rn=20&pn=1
2017-09-16 16:08:09,732 - [webpage_parser.py:65] - INFO - procotol:http, hostname:wenku.baidu.com, new_link:/form/index
2017-09-16 16:08:09,732 - [webpage_parser.py:65] - INFO - procotol:http, hostname:tieba.baidu.com, new_link:/f/index/forumpark?pcn=闲·趣&pci=429&ct=0&rn=20&pn=1
2017-09-16 16:08:09,733 - [webpage_parser.py:65] - INFO - procotol:http, hostname:wenku.baidu.com, new_link:/list/71
2017-09-16 16:08:09,733 - [webpage_parser.py:65] - INFO - procotol:http, hostname:tieba.baidu.com, new_link:/f/index/forumpark?cn=萌宠&ci=4&pcn=闲·趣&pci=429&ct=0&rn=20&pn=1
2017-09-16 16:08:09,733 - [webpage_parser.py:65] - INFO - procotol:http, hostname:wenku.baidu.com, new_link:/list/77
2017-09-16 16:08:09,734 - [webpage_parser.py:65] - INFO - procotol:http, hostname:tieba.baidu.com, new_link:/f/index/forumpark?cn=萝莉&ci=6&pcn=闲·趣&pci=429&ct=0&rn=20&pn=1
2017-09-16 16:08:09,734 - [webpage_parser.py:65] - INFO - procotol:http, hostname:wenku.baidu.com, new_link:/list/73
2017-09-16 16:08:09,734 - [webpage_parser.py:65] - INFO - procotol:http, hostname:tieba.baidu.com, new_link:/f/index/forumpark?cn=重口味&ci=257&pcn=闲·趣&pci=429&ct=0&rn=20&pn=1
2017-09-16 16:08:09,735 - [webpage_parser.py:65] - INFO - procotol:http, hostname:wenku.baidu.com, new_link:/pgc/browse/exam
2017-09-16 16:08:09,735 - [webpage_parser.py:65] - INFO - procotol:http, hostname:tieba.baidu.com, new_link:/f/index/forumpark?cn=吐槽&ci=152&pcn=闲·趣&pci=429&ct=0&rn=20&pn=1
2017-09-16 16:08:09,735 - [webpage_parser.py:65] - INFO - procotol:http, hostname:wenku.baidu.com, new_link:/portal/browse/exam/TOEFL
2017-09-16 16:08:09,736 - [webpage_parser.py:65] - INFO - procotol:http, hostname:tieba.baidu.com, new_link:/f/index/forumpark?cn=恐怖&ci=255&pcn=闲·趣&pci=429&ct=0&rn=20&pn=1
2017-09-16 16:08:09,736 - [webpage_parser.py:65] - INFO - procotol:http, hostname:wenku.baidu.com, new_link:portal/browse/exam/aj_yglx_1
2017-09-16 16:08:09,736 - [webpage_parser.py:65] - INFO - procotol:http, hostname:tieba.baidu.com, new_link:/f/index/forumpark?cn=星座&ci=263&pcn=闲·趣&pci=429&ct=0&rn=20&pn=1
2017-09-16 16:08:09,737 - [webpage_parser.py:65] - INFO - procotol:http, hostname:wenku.baidu.com, new_link:/portal/browse/exam/IELTS
2017-09-16 16:08:09,737 - [webpage_parser.py:65] - INFO - procotol:http, hostname:tieba.baidu.com, new_link:/f/index/forumpark?cn=爆料&ci=42&pcn=闲·趣&pci=429&ct=0&rn=20&pn=1
2017-09-16 16:08:09,738 - [webpage_parser.py:65] - INFO - procotol:http, hostname:wenku.baidu.com, new_link:/life/index
2017-09-16 16:08:09,738 - [webpage_parser.py:65] - INFO - procotol:http, hostname:tieba.baidu.com, new_link:/f/index/forumpark?cn=喵星人&ci=5&pcn=闲·趣&pci=429&ct=0&rn=20&pn=1
2017-09-16 16:08:09,739 - [webpage_parser.py:65] - INFO - procotol:http, hostname:wenku.baidu.com, new_link:/list/658
2017-09-16 16:08:09,739 - [webpage_parser.py:65] - INFO - procotol:http, hostname:tieba.baidu.com, new_link:/f/index/forumpark?pcn=游戏&pci=0&ct=1&rn=20&pn=1
2017-09-16 16:08:09,739 - [webpage_parser.py:65] - INFO - procotol:http, hostname:wenku.baidu.com, new_link:###
2017-09-16 16:08:09,740 - [webpage_parser.py:65] - INFO - procotol:http, hostname:tieba.baidu.com, new_link:/f/index/forumpark?cn=客户端网游&ci=0&pcn=游戏&pci=0&ct=1&rn=20&pn=1
2017-09-16 16:08:09,740 - [webpage_parser.py:65] - INFO - procotol:http, hostname:wenku.baidu.com, new_link:###
2017-09-16 16:08:09,740 - [webpage_parser.py:65] - INFO - procotol:http, hostname:tieba.baidu.com, new_link:/f/index/forumpark?cn=桌游&ci=0&pcn=游戏&pci=0&ct=1&rn=20&pn=1
2017-09-16 16:08:09,741 - [webpage_parser.py:65] - INFO - procotol:http, hostname:wenku.baidu.com, new_link:javascript:void(0);
2017-09-16 16:08:09,741 - [webpage_parser.py:65] - INFO - procotol:http, hostname:tieba.baidu.com, new_link:/f/index/forumpark?cn=游戏角色&ci=0&pcn=游戏&pci=0&ct=1&rn=20&pn=1
2017-09-16 16:08:09,741 - [webpage_parser.py:65] - INFO - procotol:http, hostname:wenku.baidu.com, new_link:javascript:void(0);
2017-09-16 16:08:09,742 - [webpage_parser.py:65] - INFO - procotol:http, hostname:tieba.baidu.com, new_link:/f/index/forumpark?cn=网页版网游&ci=0&pcn=游戏&pci=0&ct=1&rn=20&pn=1
2017-09-16 16:08:09,742 - [webpage_parser.py:65] - INFO - procotol:http, hostname:wenku.baidu.com, new_link:/new?fr=home
2017-09-16 16:08:09,742 - [webpage_parser.py:65] - INFO - procotol:http, hostname:tieba.baidu.com, new_link:/f/index/forumpark?cn=手机游戏&ci=0&pcn=游戏&pci=0&ct=1&rn=20&pn=1
2017-09-16 16:08:09,743 - [webpage_parser.py:65] - INFO - procotol:http, hostname:wenku.baidu.com, new_link:/user/task?tab=1&fr=shouye
2017-09-16 16:08:09,743 - [webpage_parser.py:65] - INFO - procotol:http, hostname:tieba.baidu.com, new_link:/f/index/forumpark?cn=小游戏&ci=0&pcn=游戏&pci=0&ct=1&rn=20&pn=1
2017-09-16 16:08:09,743 - [webpage_parser.py:65] - INFO - procotol:http, hostname:wenku.baidu.com, new_link:javascript:;
2017-09-16 16:08:09,744 - [webpage_parser.py:65] - INFO - procotol:http, hostname:tieba.baidu.com, new_link:/f/index/forumpark?cn=单机游戏&ci=0&pcn=游戏&pci=0&ct=1&rn=20&pn=1
2017-09-16 16:08:09,744 - [webpage_parser.py:65] - INFO - procotol:http, hostname:wenku.baidu.com, new_link:javascript:;
2017-09-16 16:08:09,745 - [webpage_parser.py:65] - INFO - procotol:http, hostname:tieba.baidu.com, new_link:/f/index/forumpark?cn=掌机游戏&ci=0&pcn=游戏&pci=0&ct=1&rn=20&pn=1
2017-09-16 16:08:09,745 - [webpage_parser.py:65] - INFO - procotol:http, hostname:wenku.baidu.com, new_link:javascript:;
2017-09-16 16:08:09,746 - [webpage_parser.py:65] - INFO - procotol:http, hostname:tieba.baidu.com, new_link:/f/index/forumpark?pcn=动漫宅&pci=206&ct=0&rn=20&pn=1
2017-09-16 16:08:09,747 - [webpage_parser.py:65] - INFO - procotol:http, hostname:wenku.baidu.com, new_link:/task/browse/rewardbegin?fr=home
2017-09-16 16:08:09,748 - [webpage_parser.py:65] - INFO - procotol:http, hostname:tieba.baidu.com, new_link:/f/index/forumpark?cn=日本动漫&ci=312&pcn=动漫宅&pci=206&ct=0&rn=20&pn=1
2017-09-16 16:08:09,748 - [webpage_parser.py:65] - INFO - procotol:http, hostname:wenku.baidu.com, new_link:/task/browse/rewardlist
2017-09-16 16:08:09,748 - [webpage_parser.py:65] - INFO - procotol:http, hostname:tieba.baidu.com, new_link:/f/index/forumpark?cn=国产动漫&ci=313&pcn=动漫宅&pci=206&ct=0&rn=20&pn=1
2017-09-16 16:08:09,749 - [webpage_parser.py:65] - INFO - procotol:http, hostname:wenku.baidu.com, new_link:javascript:void(0);
2017-09-16 16:08:09,749 - [webpage_parser.py:65] - INFO - procotol:http, hostname:tieba.baidu.com, new_link:/f/index/forumpark?cn=欧美动漫&ci=314&pcn=动漫宅&pci=206&ct=0&rn=20&pn=1
2017-09-16 16:08:09,749 - [webpage_parser.py:65] - INFO - procotol:http, hostname:wenku.baidu.com, new_link:/task/browse/rewardview?task_id=2830097087&fr=home
2017-09-16 16:08:09,750 - [webpage_parser.py:65] - INFO - procotol:http, hostname:tieba.baidu.com, new_link:/f/index/forumpark?cn=搞笑漫画&ci=319&pcn=动漫宅&pci=206&ct=0&rn=20&pn=1
2017-09-16 16:08:09,750 - [webpage_parser.py:65] - INFO - procotol:http, hostname:wenku.baidu.com, new_link:/task/browse/rewardview?task_id=2828234904&fr=home
2017-09-16 16:08:09,750 - [webpage_parser.py:65] - INFO - procotol:http, hostname:tieba.baidu.com, new_link:/f/index/forumpark?cn=热血动漫&ci=323&pcn=动漫宅&pci=206&ct=0&rn=20&pn=1
2017-09-16 16:08:09,751 - [webpage_parser.py:65] - INFO - procotol:http, hostname:wenku.baidu.com, new_link:/task/browse/rewardview?task_id=2828210370&fr=home
2017-09-16 16:08:09,751 - [webpage_parser.py:65] - INFO - procotol:http, hostname:tieba.baidu.com, new_link:/f/index/forumpark?cn=推理&ci=83&pcn=动漫宅&pci=206&ct=0&rn=20&pn=1
2017-09-16 16:08:09,752 - [webpage_parser.py:65] - INFO - procotol:http, hostname:wenku.baidu.com, new_link:/task/browse/rewardview?task_id=3425721723&fr=home
2017-09-16 16:08:09,753 - [webpage_parser.py:65] - INFO - procotol:http, hostname:tieba.baidu.com, new_link:/f/index/forumpark?cn=声优&ci=210&pcn=动漫宅&pci=206&ct=0&rn=20&pn=1
2017-09-16 16:08:09,754 - [webpage_parser.py:65] - INFO - procotol:http, hostname:wenku.baidu.com, new_link:/task/browse/rewardview?task_id=2831668975&fr=home
2017-09-16 16:08:09,755 - [webpage_parser.py:65] - INFO - procotol:http, hostname:tieba.baidu.com, new_link:/f/index/forumpark?cn=COS&ci=212&pcn=动漫宅&pci=206&ct=0&rn=20&pn=1
2017-09-16 16:08:09,755 - [webpage_parser.py:65] - INFO - procotol:http, hostname:wenku.baidu.com, new_link:/task/browse/rewardview?task_id=3422648548&fr=home
2017-09-16 16:08:09,756 - [webpage_parser.py:65] - INFO - procotol:http, hostname:tieba.baidu.com, new_link:/f/index/forumpark?pcn=高等院校&pci=0&ct=1&rn=20&pn=1
2017-09-16 16:08:09,756 - [webpage_parser.py:65] - INFO - procotol:http, hostname:wenku.baidu.com, new_link:/task/browse/rewardview?task_id=3369851688&fr=home
2017-09-16 16:08:09,757 - [webpage_parser.py:65] - INFO - procotol:http, hostname:tieba.baidu.com, new_link:/f/index/forumpark?cn=北京院校&ci=0&pcn=高等院校&pci=0&ct=1&rn=20&pn=1
2017-09-16 16:08:09,757 - [webpage_parser.py:65] - INFO - procotol:http, hostname:wenku.baidu.com, new_link:/task/browse/rewardview?task_id=3357852235&fr=home
2017-09-16 16:08:09,757 - [webpage_parser.py:65] - INFO - procotol:http, hostname:tieba.baidu.com, new_link:/f/index/forumpark?cn=山东院校&ci=0&pcn=高等院校&pci=0&ct=1&rn=20&pn=1
2017-09-16 16:08:09,758 - [webpage_parser.py:65] - INFO - procotol:http, hostname:wenku.baidu.com, new_link:/task/browse/rewardview?task_id=3357852235&fr=home
2017-09-16 16:08:09,758 - [webpage_parser.py:65] - INFO - procotol:http, hostname:tieba.baidu.com, new_link:/f/index/forumpark?cn=江苏院校&ci=0&pcn=高等院校&pci=0&ct=1&rn=20&pn=1
2017-09-16 16:08:09,758 - [webpage_parser.py:65] - INFO - procotol:http, hostname:wenku.baidu.com, new_link:/task/browse/rewardview?task_id=2810802981&fr=home
2017-09-16 16:08:09,759 - [webpage_parser.py:65] - INFO - procotol:http, hostname:tieba.baidu.com, new_link:/f/index/forumpark?cn=四川院校&ci=0&pcn=高等院校&pci=0&ct=1&rn=20&pn=1
2017-09-16 16:08:09,759 - [webpage_parser.py:65] - INFO - procotol:http, hostname:wenku.baidu.com, new_link:/task/browse/rewardview?task_id=2810802981&fr=home
2017-09-16 16:08:09,760 - [webpage_parser.py:65] - INFO - procotol:http, hostname:tieba.baidu.com, new_link:/f/index/forumpark?cn=湖北院校&ci=0&pcn=高等院校&pci=0&ct=1&rn=20&pn=1
2017-09-16 16:08:09,760 - [webpage_parser.py:65] - INFO - procotol:http, hostname:wenku.baidu.com, new_link:/task/browse/rewardview?task_id=2810802981&fr=home
2017-09-16 16:08:09,760 - [webpage_parser.py:65] - INFO - procotol:http, hostname:tieba.baidu.com, new_link:/f/index/forumpark?cn=河北院校&ci=0&pcn=高等院校&pci=0&ct=1&rn=20&pn=1
2017-09-16 16:08:09,761 - [webpage_parser.py:65] - INFO - procotol:http, hostname:wenku.baidu.com, new_link:/org/view?org=stats
2017-09-16 16:08:09,761 - [webpage_parser.py:65] - INFO - procotol:http, hostname:tieba.baidu.com, new_link:/f/index/forumpark?cn=安徽院校&ci=0&pcn=高等院校&pci=0&ct=1&rn=20&pn=1
2017-09-16 16:08:09,761 - [webpage_parser.py:65] - INFO - procotol:http, hostname:wenku.baidu.com, new_link:/org/view?org=stats
2017-09-16 16:08:09,762 - [webpage_parser.py:65] - INFO - procotol:http, hostname:tieba.baidu.com, new_link:/f/index/forumpark?cn=陕西院校&ci=0&pcn=高等院校&pci=0&ct=1&rn=20&pn=1
2017-09-16 16:08:09,763 - [webpage_parser.py:65] - INFO - procotol:http, hostname:wenku.baidu.com, new_link:/org/view?org=cssp
2017-09-16 16:08:09,763 - [webpage_parser.py:65] - INFO - procotol:http, hostname:tieba.baidu.com, new_link:/f/index/forumpark?pcn=地区&pci=0&ct=1&rn=20&pn=1
2017-09-16 16:08:09,764 - [webpage_parser.py:65] - INFO - procotol:http, hostname:wenku.baidu.com, new_link:/org/view?org=cssp
2017-09-16 16:08:09,764 - [webpage_parser.py:65] - INFO - procotol:http, hostname:tieba.baidu.com, new_link:/f/index/forumpark?cn=山东&ci=0&pcn=地区&pci=0&ct=1&rn=20&pn=1
2017-09-16 16:08:09,765 - [webpage_parser.py:65] - INFO - procotol:http, hostname:wenku.baidu.com, new_link:/org/view?org=xinxian
2017-09-16 16:08:09,765 - [webpage_parser.py:65] - INFO - procotol:http, hostname:tieba.baidu.com, new_link:/f/index/forumpark?cn=河北&ci=0&pcn=地区&pci=0&ct=1&rn=20&pn=1
2017-09-16 16:08:09,765 - [webpage_parser.py:65] - INFO - procotol:http, hostname:wenku.baidu.com, new_link:/org/view?org=xinxian
2017-09-16 16:08:09,766 - [webpage_parser.py:65] - INFO - procotol:http, hostname:tieba.baidu.com, new_link:/f/index/forumpark?cn=河南&ci=0&pcn=地区&pci=0&ct=1&rn=20&pn=1
2017-09-16 16:08:09,766 - [webpage_parser.py:65] - INFO - procotol:http, hostname:wenku.baidu.com, new_link:/org/view?org=eduky
2017-09-16 16:08:09,766 - [webpage_parser.py:65] - INFO - procotol:http, hostname:tieba.baidu.com, new_link:/f/index/forumpark?cn=山西&ci=0&pcn=地区&pci=0&ct=1&rn=20&pn=1
2017-09-16 16:08:09,767 - [webpage_parser.py:65] - INFO - procotol:http, hostname:wenku.baidu.com, new_link:/org/view?org=eduky
2017-09-16 16:08:09,767 - [webpage_parser.py:65] - INFO - procotol:http, hostname:tieba.baidu.com, new_link:/f/index/forumpark?cn=江苏&ci=0&pcn=地区&pci=0&ct=1&rn=20&pn=1
2017-09-16 16:08:09,768 - [webpage_parser.py:65] - INFO - procotol:http, hostname:wenku.baidu.com, new_link:/userverify/request
2017-09-16 16:08:09,768 - [webpage_parser.py:65] - INFO - procotol:http, hostname:tieba.baidu.com, new_link:/f/index/forumpark?cn=辽宁&ci=0&pcn=地区&pci=0&ct=1&rn=20&pn=1
2017-09-16 16:08:09,769 - [webpage_parser.py:65] - INFO - procotol:http, hostname:wenku.baidu.com, new_link:/p/%B2%E9%D6%C2%D4%B62017
2017-09-16 16:08:09,770 - [webpage_parser.py:65] - INFO - procotol:http, hostname:tieba.baidu.com, new_link:/f/index/forumpark?cn=四川&ci=0&pcn=地区&pci=0&ct=1&rn=20&pn=1
2017-09-16 16:08:09,770 - [webpage_parser.py:65] - INFO - procotol:http, hostname:wenku.baidu.com, new_link:/p/%B2%E9%D6%C2%D4%B62017
2017-09-16 16:08:09,771 - [webpage_parser.py:65] - INFO - procotol:http, hostname:tieba.baidu.com, new_link:/f/index/forumpark?cn=广东&ci=0&pcn=地区&pci=0&ct=1&rn=20&pn=1
2017-09-16 16:08:09,771 - [webpage_parser.py:65] - INFO - procotol:http, hostname:wenku.baidu.com, new_link:/view/e1745e67cec789eb172ded630b1c59eef8c79a93.html
2017-09-16 16:08:09,772 - [webpage_parser.py:65] - INFO - procotol:http, hostname:tieba.baidu.com, new_link:/f/index/forumpark?pcn=人文自然&pci=0&ct=1&rn=20&pn=1
2017-09-16 16:08:09,772 - [webpage_parser.py:65] - INFO - procotol:http, hostname:wenku.baidu.com, new_link:/view/b381ea9f77a20029bd64783e0912a21614797f1f.html
2017-09-16 16:08:09,772 - [webpage_parser.py:65] - INFO - procotol:http, hostname:tieba.baidu.com, new_link:/f/index/forumpark?cn=艺术&ci=0&pcn=人文自然&pci=0&ct=1&rn=20&pn=1
2017-09-16 16:08:09,773 - [webpage_parser.py:65] - INFO - procotol:http, hostname:wenku.baidu.com, new_link:/view/adc2b6f2c67da26925c52cc58bd63186bceb9202.html
2017-09-16 16:08:09,773 - [webpage_parser.py:65] - INFO - procotol:http, hostname:tieba.baidu.com, new_link:/f/index/forumpark?cn=军事&ci=0&pcn=人文自然&pci=0&ct=1&rn=20&pn=1
2017-09-16 16:08:09,773 - [webpage_parser.py:65] - INFO - procotol:http, hostname:wenku.baidu.com, new_link:/p/%CF%F2%D4%B6%B7%BD2017
2017-09-16 16:08:09,774 - [webpage_parser.py:65] - INFO - procotol:http, hostname:tieba.baidu.com, new_link:/f/index/forumpark?cn=历史&ci=0&pcn=人文自然&pci=0&ct=1&rn=20&pn=1
2017-09-16 16:08:09,774 - [webpage_parser.py:65] - INFO - procotol:http, hostname:wenku.baidu.com, new_link:/p/%CF%F2%D4%B6%B7%BD2017
2017-09-16 16:08:09,774 - [webpage_parser.py:65] - INFO - procotol:http, hostname:tieba.baidu.com, new_link:/f/index/forumpark?cn=自然&ci=0&pcn=人文自然&pci=0&ct=1&rn=20&pn=1
2017-09-16 16:08:09,775 - [webpage_parser.py:65] - INFO - procotol:http, hostname:wenku.baidu.com, new_link:/view/9f305d03842458fb770bf78a6529647d26283463.html
2017-09-16 16:08:09,775 - [webpage_parser.py:65] - INFO - procotol:http, hostname:tieba.baidu.com, new_link:/f/index/forumpark?cn=鉴赏收藏&ci=0&pcn=人文自然&pci=0&ct=1&rn=20&pn=1
2017-09-16 16:08:09,775 - [webpage_parser.py:65] - INFO - procotol:http, hostname:wenku.baidu.com, new_link:/view/feef65bd294ac850ad02de80d4d8d15abe230015.html
2017-09-16 16:08:09,776 - [webpage_parser.py:65] - INFO - procotol:http, hostname:tieba.baidu.com, new_link:/f/index/forumpark?cn=民族文化&ci=0&pcn=人文自然&pci=0&ct=1&rn=20&pn=1
2017-09-16 16:08:09,776 - [webpage_parser.py:65] - INFO - procotol:http, hostname:wenku.baidu.com, new_link:/view/3ef53a72842458fb770bf78a6529647d2728340c.html
2017-09-16 16:08:09,776 - [webpage_parser.py:65] - INFO - procotol:http, hostname:tieba.baidu.com, new_link:/f/index/forumpark?cn=语言文化&ci=0&pcn=人文自然&pci=0&ct=1&rn=20&pn=1
2017-09-16 16:08:09,777 - [webpage_parser.py:65] - INFO - procotol:http, hostname:wenku.baidu.com, new_link:/p/%D1%EE%F0%A5%E7%E22017
2017-09-16 16:08:09,777 - [webpage_parser.py:65] - INFO - procotol:http, hostname:tieba.baidu.com, new_link:/f/index/forumclass
2017-09-16 16:08:09,778 - [webpage_parser.py:65] - INFO - procotol:http, hostname:wenku.baidu.com, new_link:/p/%D1%EE%F0%A5%E7%E22017
2017-09-16 16:08:09,778 - [webpage_parser.py:65] - INFO - procotol:http, hostname:tieba.baidu.com, new_link:/f?kw=%E7%94%BB%E6%B1%9F%E6%B9%96%E4%B9%8B%E6%8D%A2%E4%B8%96%E9%97%A8%E7%94%9F
2017-09-16 16:08:09,778 - [webpage_parser.py:65] - INFO - procotol:http, hostname:wenku.baidu.com, new_link:/view/533f4052fd4ffe4733687e21af45b307e871f9f3.html
2017-09-16 16:08:09,779 - [webpage_parser.py:65] - INFO - procotol:http, hostname:tieba.baidu.com, new_link:/f?kw=%E7%94%BB%E6%B1%9F%E6%B9%96%E4%B9%8B%E6%8D%A2%E4%B8%96%E9%97%A8%E7%94%9F
2017-09-16 16:08:09,779 - [webpage_parser.py:65] - INFO - procotol:http, hostname:wenku.baidu.com, new_link:/view/c8f68d1377c66137ee06eff9aef8941ea76e4b70.html
2017-09-16 16:08:09,780 - [webpage_parser.py:65] - INFO - procotol:http, hostname:tieba.baidu.com, new_link:/f?kw=%E7%A5%9E%E9%AC%BC%E4%BC%A0%E5%A5%87%E6%89%8B%E6%B8%B8
2017-09-16 16:08:09,780 - [webpage_parser.py:65] - INFO - procotol:http, hostname:wenku.baidu.com, new_link:/view/4bcba678effdc8d376eeaeaad1f34693dbef106d.html
2017-09-16 16:08:09,781 - [webpage_parser.py:65] - INFO - procotol:http, hostname:tieba.baidu.com, new_link:/f?kw=%E7%A5%9E%E9%AC%BC%E4%BC%A0%E5%A5%87%E6%89%8B%E6%B8%B8
2017-09-16 16:08:09,781 - [webpage_parser.py:65] - INFO - procotol:http, hostname:wenku.baidu.com, new_link:/p/%D0%DC%CA%AB%E9%AA2017
2017-09-16 16:08:09,782 - [webpage_parser.py:65] - INFO - procotol:http, hostname:tieba.baidu.com, new_link:/f?kw=%E5%8F%9B%E9%80%86%E7%9A%84%E5%8B%92%E9%B2%81%E4%BB%80
2017-09-16 16:08:09,782 - [webpage_parser.py:65] - INFO - procotol:http, hostname:wenku.baidu.com, new_link:/p/%D0%DC%CA%AB%E9%AA2017
2017-09-16 16:08:09,782 - [webpage_parser.py:65] - INFO - procotol:http, hostname:tieba.baidu.com, new_link:/f?kw=%E5%8F%8D%E5%8F%9B%E7%9A%84%E9%B2%81%E8%B7%AF%E4%BF%AE
2017-09-16 16:08:09,783 - [webpage_parser.py:65] - INFO - procotol:http, hostname:wenku.baidu.com, new_link:/view/ef01b6501fb91a37f111f18583d049649b660e2e.html
2017-09-16 16:08:09,783 - [webpage_parser.py:65] - INFO - procotol:http, hostname:tieba.baidu.com, new_link:/f?kw=%E6%9E%A2%E6%9C%A8%E6%9C%B1%E9%9B%80
2017-09-16 16:08:09,783 - [webpage_parser.py:65] - INFO - procotol:http, hostname:wenku.baidu.com, new_link:/view/1027c72ddcccda38376baf1ffc4ffe473368fd03.html
2017-09-16 16:08:09,784 - [webpage_parser.py:65] - INFO - procotol:http, hostname:tieba.baidu.com, new_link:/f?kw=%E9%B2%81%E9%B2%81%E4%BF%AE
2017-09-16 16:08:09,784 - [webpage_parser.py:65] - INFO - procotol:http, hostname:wenku.baidu.com, new_link:/view/b4c23275366baf1ffc4ffe4733687e21af45ff0d.html
2017-09-16 16:08:09,784 - [webpage_parser.py:65] - INFO - procotol:http, hostname:tieba.baidu.com, new_link:/f?kw=c.c.
2017-09-16 16:08:09,785 - [webpage_parser.py:65] - INFO - procotol:http, hostname:wenku.baidu.com, new_link:/p/%B7%B6%F3%E3%D3%EA2017
2017-09-16 16:08:09,785 - [webpage_parser.py:65] - INFO - procotol:http, hostname:tieba.baidu.com, new_link:/f?kw=%E5%8D%A1%E8%8E%B2.%E4%BC%91%E5%A6%B2%E8%8F%B2%E5%B0%94%E7%89%B9
2017-09-16 16:08:09,785 - [webpage_parser.py:65] - INFO - procotol:http, hostname:wenku.baidu.com, new_link:/p/%B7%B6%F3%E3%D3%EA2017
2017-09-16 16:08:09,786 - [webpage_parser.py:65] - INFO - procotol:http, hostname:tieba.baidu.com, new_link:/f?kw=%E5%A4%8D%E6%B4%BB%E7%9A%84%E9%B2%81%E9%B2%81%E4%BF%AE
2017-09-16 16:08:09,786 - [webpage_parser.py:65] - INFO - procotol:http, hostname:wenku.baidu.com, new_link:/view/a86af47af011f18583d049649b6648d7c0c70870.html
2017-09-16 16:08:09,786 - [webpage_parser.py:65] - INFO - procotol:http, hostname:tieba.baidu.com, new_link:/f?kw=%E9%B2%81%E8%B7%AF%E4%BF%AE
2017-09-16 16:08:09,787 - [webpage_parser.py:65] - INFO - procotol:http, hostname:wenku.baidu.com, new_link:/view/a86af47af011f18583d049649b6648d7c0c70870.html
2017-09-16 16:08:09,787 - [webpage_parser.py:65] - INFO - procotol:http, hostname:tieba.baidu.com, new_link:/f?kw=lc%E7%8E%8B%E9%81%93
2017-09-16 16:08:09,788 - [webpage_parser.py:65] - INFO - procotol:http, hostname:wenku.baidu.com, new_link:/view/0f87f56a3d1ec5da50e2524de518964bcf84d29b.html
2017-09-16 16:08:09,788 - [webpage_parser.py:65] - INFO - procotol:http, hostname:tieba.baidu.com, new_link:/f?kw=%E6%9C%B1%E4%BF%AE
2017-09-16 16:08:09,788 - [webpage_parser.py:65] - INFO - procotol:http, hostname:wenku.baidu.com, new_link:/p/%D0%A4%D3%EA2017
2017-09-16 16:08:09,789 - [webpage_parser.py:65] - INFO - procotol:http, hostname:tieba.baidu.com, new_link:/f?kw=%E5%B0%A4%E8%8F%B2%E7%B1%B3%E5%A8%85.li.%E5%B8%83%E9%87%8C%E5%A1%94%E5%B0%BC%E4%BA%9A
2017-09-16 16:08:09,789 - [webpage_parser.py:65] - INFO - procotol:http, hostname:wenku.baidu.com, new_link:/p/%D0%A4%D3%EA2017
2017-09-16 16:08:09,789 - [webpage_parser.py:65] - INFO - procotol:http, hostname:tieba.baidu.com, new_link:/f?kw=%E4%BA%A1%E5%9B%BD%E7%9A%84%E9%98%BF%E5%9F%BA%E7%89%B9
2017-09-16 16:08:09,790 - [webpage_parser.py:65] - INFO - procotol:http, hostname:wenku.baidu.com, new_link:/view/dbdfd53d03020740be1e650e52ea551811a6c96b.html
2017-09-16 16:08:09,791 - [webpage_parser.py:65] - INFO - procotol:http, hostname:tieba.baidu.com, new_link:/f?kw=%E7%BA%A2%E8%B1%86%E7%88%B1%E9%98%BF%E7%BF%81
2017-09-16 16:08:09,791 - [webpage_parser.py:65] - INFO - procotol:http, hostname:wenku.baidu.com, new_link:/view/b9eeec9f77a20029bd64783e0912a21614797fec.html
2017-09-16 16:08:09,792 - [webpage_parser.py:65] - INFO - procotol:http, hostname:tieba.baidu.com, new_link:/p/5315589173
2017-09-16 16:08:09,792 - [webpage_parser.py:65] - INFO - procotol:http, hostname:wenku.baidu.com, new_link:/view/21e76b22b94ae45c3b3567ec102de2bd9705de6f.html
2017-09-16 16:08:09,792 - [webpage_parser.py:65] - INFO - procotol:http, hostname:tieba.baidu.com, new_link:/home/main?un=%E6%99%93%E9%9B%BE%E6%84%81%E5%BD%BB&fr=index
2017-09-16 16:08:09,793 - [webpage_parser.py:65] - INFO - procotol:http, hostname:wenku.baidu.com, new_link:/p/%D7%E9%BE%ED%CD%F8
2017-09-16 16:08:09,793 - [webpage_parser.py:65] - INFO - procotol:http, hostname:tieba.baidu.com, new_link:/f?kw=%E6%89%8B%E6%B8%B8%E5%85%88%E9%94%8B 
2017-09-16 16:08:09,794 - [webpage_parser.py:65] - INFO - procotol:http, hostname:wenku.baidu.com, new_link:/p/%D7%E9%BE%ED%CD%F8
2017-09-16 16:08:09,794 - [webpage_parser.py:65] - INFO - procotol:http, hostname:tieba.baidu.com, new_link:/p/5320320013
2017-09-16 16:08:09,795 - [webpage_parser.py:65] - INFO - procotol:http, hostname:wenku.baidu.com, new_link:/view/56d9936655270722182ef74b.html
2017-09-16 16:08:09,795 - [webpage_parser.py:65] - INFO - procotol:http, hostname:tieba.baidu.com, new_link:/home/main?un=%E8%B4%B4%E5%90%A7%E6%89%8B%E6%B8%B8%E5%85%88%E9%94%8B&fr=index
2017-09-16 16:08:09,795 - [webpage_parser.py:65] - INFO - procotol:http, hostname:wenku.baidu.com, new_link:/view/72f4326b4b35eefdc8d33376.html
2017-09-16 16:08:09,796 - [webpage_parser.py:65] - INFO - procotol:http, hostname:tieba.baidu.com, new_link:/f?kw=%E7%88%B1%E7%8C%AB%E7%94%9F%E6%B4%BB 
2017-09-16 16:08:09,796 - [webpage_parser.py:65] - INFO - procotol:http, hostname:wenku.baidu.com, new_link:/view/5982bf9cf90f76c661371ac3.html
2017-09-16 16:08:09,796 - [webpage_parser.py:65] - INFO - procotol:http, hostname:tieba.baidu.com, new_link:/p/5311315976
2017-09-16 16:08:09,797 - [webpage_parser.py:65] - INFO - procotol:http, hostname:wenku.baidu.com, new_link:/p/hejianwanting
2017-09-16 16:08:09,797 - [webpage_parser.py:65] - INFO - procotol:http, hostname:tieba.baidu.com, new_link:/home/main?un=%E7%8C%AB%E7%8C%AB%E5%B0%8F%E6%96%8C&fr=index
2017-09-16 16:08:09,797 - [webpage_parser.py:65] - INFO - procotol:http, hostname:wenku.baidu.com, new_link:/p/hejianwanting
2017-09-16 16:08:09,798 - [webpage_parser.py:65] - INFO - procotol:http, hostname:tieba.baidu.com, new_link:/f?kw=%E5%8E%86%E5%8F%B2 
2017-09-16 16:08:09,798 - [webpage_parser.py:65] - INFO - procotol:http, hostname:wenku.baidu.com, new_link:/view/115fea98e53a580216fcfe59.html
2017-09-16 16:08:09,798 - [webpage_parser.py:65] - INFO - procotol:http, hostname:tieba.baidu.com, new_link:/p/5114639643
2017-09-16 16:08:09,799 - [webpage_parser.py:65] - INFO - procotol:http, hostname:wenku.baidu.com, new_link:/view/e7675753a26925c52dc5bf02.html
2017-09-16 16:08:09,799 - [webpage_parser.py:65] - INFO - procotol:http, hostname:tieba.baidu.com, new_link:/home/main?un=%E5%85%A8%E8%A8%80&fr=index
2017-09-16 16:08:09,799 - [webpage_parser.py:65] - INFO - procotol:http, hostname:wenku.baidu.com, new_link:/view/aa3d7167caaedd3383c4d3c4.html
2017-09-16 16:08:09,800 - [webpage_parser.py:65] - INFO - procotol:http, hostname:tieba.baidu.com, new_link:/f?kw=me0407 
2017-09-16 16:08:09,800 - [webpage_parser.py:65] - INFO - procotol:http, hostname:wenku.baidu.com, new_link:/p/will_cyy
2017-09-16 16:08:09,800 - [webpage_parser.py:65] - INFO - procotol:http, hostname:tieba.baidu.com, new_link:/p/5139671853
2017-09-16 16:08:09,801 - [webpage_parser.py:65] - INFO - procotol:http, hostname:wenku.baidu.com, new_link:/p/will_cyy
2017-09-16 16:08:09,801 - [webpage_parser.py:65] - INFO - procotol:http, hostname:tieba.baidu.com, new_link:/home/main?un=%E5%A3%B6%E5%A4%A9%E8%8A%B1%E8%AF%AD&fr=index
2017-09-16 16:08:09,801 - [webpage_parser.py:65] - INFO - procotol:http, hostname:wenku.baidu.com, new_link:/view/af5fcd51eff9aef8941e06ba.html
2017-09-16 16:08:09,802 - [webpage_parser.py:65] - INFO - procotol:http, hostname:tieba.baidu.com, new_link:/f?kw=%E7%BD%91%E6%81%8B 
2017-09-16 16:08:09,802 - [webpage_parser.py:65] - INFO - procotol:http, hostname:wenku.baidu.com, new_link:/view/483ee481195f312b3169a57c.html
2017-09-16 16:08:09,803 - [webpage_parser.py:65] - INFO - procotol:http, hostname:tieba.baidu.com, new_link:/p/5316578828
2017-09-16 16:08:09,803 - [webpage_parser.py:65] - INFO - procotol:http, hostname:wenku.baidu.com, new_link:/view/3c6a2819767f5acfa1c7cdd6.html
2017-09-16 16:08:09,804 - [webpage_parser.py:65] - INFO - procotol:http, hostname:tieba.baidu.com, new_link:/home/main?un=%E5%B1%A0%E5%A4%ABLIL&fr=index
2017-09-16 16:08:09,804 - [webpage_parser.py:65] - INFO - procotol:http, hostname:wenku.baidu.com, new_link:/p/%B9%F9%BA%A3%D1%E0%CE%C4%BF%E2
2017-09-16 16:08:09,804 - [webpage_parser.py:65] - INFO - procotol:http, hostname:tieba.baidu.com, new_link:/f?kw=%E5%8F%A4%E8%A3%85%E7%94%B5%E8%A7%86%E5%89%A7 
2017-09-16 16:08:09,805 - [webpage_parser.py:65] - INFO - procotol:http, hostname:wenku.baidu.com, new_link:/p/%B9%F9%BA%A3%D1%E0%CE%C4%BF%E2
2017-09-16 16:08:09,805 - [webpage_parser.py:65] - INFO - procotol:http, hostname:tieba.baidu.com, new_link:/p/5153235021
2017-09-16 16:08:09,805 - [webpage_parser.py:65] - INFO - procotol:http, hostname:wenku.baidu.com, new_link:/view/78a2d711bcd126fff7050b65.html
2017-09-16 16:08:09,806 - [webpage_parser.py:65] - INFO - procotol:http, hostname:tieba.baidu.com, new_link:/home/main?un=%E6%B8%A9%E5%AA%97%E5%A6%83&fr=index
2017-09-16 16:08:09,806 - [webpage_parser.py:65] - INFO - procotol:http, hostname:wenku.baidu.com, new_link:/view/e2d7a305b90d6c85ec3ac6fe.html
2017-09-16 16:08:09,807 - [webpage_parser.py:65] - INFO - procotol:http, hostname:tieba.baidu.com, new_link:/f?kw=%E5%A4%9A%E6%B5%86%E6%A4%8D%E7%89%A9
2017-09-16 16:08:09,807 - [webpage_parser.py:65] - INFO - procotol:http, hostname:wenku.baidu.com, new_link:/view/2139daa5172ded630a1cb648.html
2017-09-16 16:08:09,807 - [webpage_parser.py:65] - INFO - procotol:http, hostname:tieba.baidu.com, new_link:/p/5171608419
2017-09-16 16:08:09,808 - [webpage_parser.py:65] - INFO - procotol:http, hostname:wenku.baidu.com, new_link:/p/hc_cxq
2017-09-16 16:08:09,808 - [webpage_parser.py:65] - INFO - procotol:http, hostname:tieba.baidu.com, new_link:/home/main?un=%E9%A6%99%E8%95%89%E4%BD%A0%E4%B8%AA%E5%8D%9C%E5%A8%9C%E5%91%90&fr=index
2017-09-16 16:08:09,808 - [webpage_parser.py:65] - INFO - procotol:http, hostname:wenku.baidu.com, new_link:/p/hc_cxq
2017-09-16 16:08:09,809 - [webpage_parser.py:65] - INFO - procotol:http, hostname:tieba.baidu.com, new_link:/f?kw=%E7%BE%8E%E9%A3%9F
2017-09-16 16:08:09,809 - [webpage_parser.py:65] - INFO - procotol:http, hostname:wenku.baidu.com, new_link:/view/218e5f16eff9aef8941e06cc.html
2017-09-16 16:08:09,809 - [webpage_parser.py:65] - INFO - procotol:http, hostname:tieba.baidu.com, new_link:/p/5135007772
2017-09-16 16:08:09,810 - [webpage_parser.py:65] - INFO - procotol:http, hostname:wenku.baidu.com, new_link:/view/967486c084254b35eefd3489.html
2017-09-16 16:08:09,810 - [webpage_parser.py:65] - INFO - procotol:http, hostname:tieba.baidu.com, new_link:/home/main?un=%E7%8C%AB%E7%88%B7%E7%BE%8E%E9%A3%9F%E9%9B%86&fr=index
2017-09-16 16:08:09,810 - [webpage_parser.py:65] - INFO - procotol:http, hostname:wenku.baidu.com, new_link:/view/8b42fa1e5f0e7cd184253659.html
2017-09-16 16:08:09,811 - [webpage_parser.py:65] - INFO - procotol:http, hostname:tieba.baidu.com, new_link:/f?kw=%E7%BA%A2%E8%B1%86%E7%88%B1%E9%98%BF%E7%BF%81
2017-09-16 16:08:09,811 - [webpage_parser.py:65] - INFO - procotol:http, hostname:wenku.baidu.com, new_link:/p/%CE%D213864907177
2017-09-16 16:08:09,812 - [webpage_parser.py:65] - INFO - procotol:http, hostname:tieba.baidu.com, new_link:/p/5286539583
2017-09-16 16:08:09,812 - [webpage_parser.py:65] - INFO - procotol:http, hostname:wenku.baidu.com, new_link:/p/%CE%D213864907177
2017-09-16 16:08:09,812 - [webpage_parser.py:65] - INFO - procotol:http, hostname:tieba.baidu.com, new_link:/home/main?un=%E5%A4%95%E9%98%B3%E7%95%99%E5%A2%A8%E9%A6%99&fr=index
2017-09-16 16:08:09,813 - [webpage_parser.py:65] - INFO - procotol:http, hostname:wenku.baidu.com, new_link:/view/d5a11f46fe4733687e21aacd.html
2017-09-16 16:08:09,813 - [webpage_parser.py:65] - INFO - procotol:http, hostname:tieba.baidu.com, new_link:/f?kw=%E9%95%BF%E7%9B%B8%E6%80%9D 
2017-09-16 16:08:09,813 - [webpage_parser.py:65] - INFO - procotol:http, hostname:wenku.baidu.com, new_link:/view/2c477b54ad02de80d4d84014.html
2017-09-16 16:08:09,813 - [webpage_parser.py:65] - INFO - procotol:http, hostname:tieba.baidu.com, new_link:/p/5161104407
2017-09-16 16:08:09,814 - [webpage_parser.py:65] - INFO - procotol:http, hostname:wenku.baidu.com, new_link:/view/093b6a2869eae009581beca2.html
2017-09-16 16:08:09,814 - [webpage_parser.py:65] - INFO - procotol:http, hostname:tieba.baidu.com, new_link:/home/main?un=%E4%BC%BC%E6%B0%B4%E5%B9%B4%E5%8D%8E%E5%80%BE%E5%A4%A9%E4%B8%8B&fr=index
2017-09-16 16:08:09,815 - [webpage_parser.py:65] - INFO - procotol:http, hostname:wenku.baidu.com, new_link:/p/zhangchen2397
2017-09-16 16:08:09,815 - [webpage_parser.py:65] - INFO - procotol:http, hostname:wenku.baidu.com, new_link:/p/zhangchen2397
2017-09-16 16:08:09,816 - [webpage_parser.py:65] - INFO - procotol:http, hostname:tieba.baidu.com, new_link:/f?kw=%E5%A8%B1%E4%B9%90%E5%9C%88
2017-09-16 16:08:09,816 - [webpage_parser.py:65] - INFO - procotol:http, hostname:wenku.baidu.com, new_link:/view/ce99e7c8ba0d4a7302763ab0.html
2017-09-16 16:08:09,816 - [webpage_parser.py:65] - INFO - procotol:http, hostname:tieba.baidu.com, new_link:/p/5295629957
2017-09-16 16:08:09,817 - [webpage_parser.py:65] - INFO - procotol:http, hostname:wenku.baidu.com, new_link:/view/09768c0d3968011ca3009182.html
2017-09-16 16:08:09,817 - [webpage_parser.py:65] - INFO - procotol:http, hostname:tieba.baidu.com, new_link:/home/main?un=%E4%B8%A8%E5%91%A8%E6%85%A7%E6%95%8F%E4%B8%A8&fr=index
2017-09-16 16:08:09,818 - [webpage_parser.py:65] - INFO - procotol:http, hostname:wenku.baidu.com, new_link:/view/85c778bd71fe910ef12df8ea.html
2017-09-16 16:08:09,818 - [webpage_parser.py:65] - INFO - procotol:http, hostname:tieba.baidu.com, new_link:/f?kw=%E6%B8%B8%E6%88%8F%E7%9B%B4%E6%92%AD 
2017-09-16 16:08:09,818 - [webpage_parser.py:65] - INFO - procotol:http, hostname:wenku.baidu.com, new_link:/p/WKLZJ2008
2017-09-16 16:08:09,819 - [webpage_parser.py:65] - INFO - procotol:http, hostname:tieba.baidu.com, new_link:/p/5310630583
2017-09-16 16:08:09,819 - [webpage_parser.py:65] - INFO - procotol:http, hostname:wenku.baidu.com, new_link:/p/WKLZJ2008
2017-09-16 16:08:09,820 - [webpage_parser.py:65] - INFO - procotol:http, hostname:tieba.baidu.com, new_link:/home/main?un=%E4%B9%85%E5%88%A5%E6%95%85%E4%BA%BA&fr=index
2017-09-16 16:08:09,820 - [webpage_parser.py:65] - INFO - procotol:http, hostname:wenku.baidu.com, new_link:/view/4599b9d976a20029bd642d26.html
2017-09-16 16:08:09,820 - [webpage_parser.py:65] - INFO - procotol:http, hostname:tieba.baidu.com, new_link:/f?kw=%E5%90%89%E4%BB%96
2017-09-16 16:08:09,821 - [webpage_parser.py:65] - INFO - procotol:http, hostname:wenku.baidu.com, new_link:/view/ab9e9dd8240c844768eaee02.html
2017-09-16 16:08:09,821 - [webpage_parser.py:65] - INFO - procotol:http, hostname:tieba.baidu.com, new_link:/p/5288183027
2017-09-16 16:08:09,821 - [webpage_parser.py:65] - INFO - procotol:http, hostname:wenku.baidu.com, new_link:/view/80f14d14b7360b4c2e3f6415.html
2017-09-16 16:08:09,822 - [webpage_parser.py:65] - INFO - procotol:http, hostname:tieba.baidu.com, new_link:/home/main?un=%E7%BB%93%E4%BB%96%E5%B1%8B&fr=index
2017-09-16 16:08:09,822 - [webpage_parser.py:65] - INFO - procotol:http, hostname:wenku.baidu.com, new_link:/p/elya%E6%A4
2017-09-16 16:08:09,822 - [webpage_parser.py:65] - INFO - procotol:http, hostname:tieba.baidu.com, new_link:/f?kw=%E9%A9%AC%E7%94%B2%E7%BA%BF 
2017-09-16 16:08:09,823 - [webpage_parser.py:65] - INFO - procotol:http, hostname:wenku.baidu.com, new_link:/p/elya%E6%A4
2017-09-16 16:08:09,823 - [webpage_parser.py:65] - INFO - procotol:http, hostname:tieba.baidu.com, new_link:/p/5145993701
2017-09-16 16:08:09,823 - [webpage_parser.py:65] - INFO - procotol:http, hostname:wenku.baidu.com, new_link:/view/f6f33312f18583d0496459cd.html
2017-09-16 16:08:09,824 - [webpage_parser.py:65] - INFO - procotol:http, hostname:tieba.baidu.com, new_link:/home/main?un=%E8%8B%8F%E6%B2%90%E6%9F%93%E7%BA%A2%E8%94%BB&fr=index
2017-09-16 16:08:09,825 - [webpage_parser.py:65] - INFO - procotol:http, hostname:wenku.baidu.com, new_link:/view/2f35252c7375a417866f8f00.html
2017-09-16 16:08:09,828 - [webpage_parser.py:65] - INFO - procotol:http, hostname:wenku.baidu.com, new_link:/view/c11fedd87f1922791688e803.html
2017-09-16 16:08:09,829 - [webpage_parser.py:65] - INFO - procotol:http, hostname:wenku.baidu.com, new_link:/p/jianghua6666
2017-09-16 16:08:09,825 - [webpage_parser.py:65] - INFO - procotol:http, hostname:tieba.baidu.com, new_link:/f?kw=%E8%83%8C%E9%94%85 
2017-09-16 16:08:09,833 - [webpage_parser.py:65] - INFO - procotol:http, hostname:wenku.baidu.com, new_link:/p/jianghua6666
2017-09-16 16:08:09,836 - [webpage_parser.py:65] - INFO - procotol:http, hostname:tieba.baidu.com, new_link:/p/5280831737
2017-09-16 16:08:09,837 - [webpage_parser.py:65] - INFO - procotol:http, hostname:wenku.baidu.com, new_link:/view/ecc9072e4b73f242336c5fbf.html
2017-09-16 16:08:09,837 - [webpage_parser.py:65] - INFO - procotol:http, hostname:tieba.baidu.com, new_link:/home/main?un=%E7%83%AD%E6%83%85%E7%9A%84%E9%9A%8F%E4%BE%BF%E4%BD%A0%E6%93%8D&fr=index
2017-09-16 16:08:09,838 - [webpage_parser.py:65] - INFO - procotol:http, hostname:wenku.baidu.com, new_link:/view/109c9a1efc4ffe473368abfd.html
2017-09-16 16:08:09,838 - [webpage_parser.py:65] - INFO - procotol:http, hostname:tieba.baidu.com, new_link:/f?kw=%E5%B0%8F%E8%90%9D%E8%8E%89
2017-09-16 16:08:09,839 - [webpage_parser.py:65] - INFO - procotol:http, hostname:wenku.baidu.com, new_link:/view/d1027fd9d15abe23482f4d86.html
2017-09-16 16:08:09,839 - [webpage_parser.py:65] - INFO - procotol:http, hostname:tieba.baidu.com, new_link:/p/5289960175
2017-09-16 16:08:09,839 - [webpage_parser.py:65] - INFO - procotol:http, hostname:wenku.baidu.com, new_link:/p/cl1360795
2017-09-16 16:08:09,840 - [webpage_parser.py:65] - INFO - procotol:http, hostname:tieba.baidu.com, new_link:/home/main?un=%E5%BA%9A%E5%93%9F&fr=index
2017-09-16 16:08:09,840 - [webpage_parser.py:65] - INFO - procotol:http, hostname:wenku.baidu.com, new_link:/p/cl1360795
2017-09-16 16:08:09,840 - [webpage_parser.py:65] - INFO - procotol:http, hostname:tieba.baidu.com, new_link:/f?kw=%E6%B8%B8%E6%88%8F%E7%9B%B4%E6%92%AD 
2017-09-16 16:08:09,841 - [webpage_parser.py:65] - INFO - procotol:http, hostname:wenku.baidu.com, new_link:/view/aa516c80d4d8d15abe234e56.html
2017-09-16 16:08:09,841 - [webpage_parser.py:65] - INFO - procotol:http, hostname:tieba.baidu.com, new_link:/p/5301072178
2017-09-16 16:08:09,841 - [webpage_parser.py:65] - INFO - procotol:http, hostname:wenku.baidu.com, new_link:/view/4fe36c300b4c2e3f56276306.html
2017-09-16 16:08:09,842 - [webpage_parser.py:65] - INFO - procotol:http, hostname:tieba.baidu.com, new_link:/home/main?un=%E4%B9%85%E5%88%A5%E6%95%85%E4%BA%BA&fr=index
2017-09-16 16:08:09,842 - [webpage_parser.py:65] - INFO - procotol:http, hostname:wenku.baidu.com, new_link:/view/248358d349649b6648d7470f.html
2017-09-16 16:08:09,843 - [webpage_parser.py:65] - INFO - procotol:http, hostname:tieba.baidu.com, new_link:/hottopic/browse/topicList?res_type=1
2017-09-16 16:08:09,844 - [webpage_parser.py:65] - INFO - procotol:http, hostname:wenku.baidu.com, new_link:/p/%D0%BB%D6%D0%D2%B5
2017-09-16 16:08:09,844 - [webpage_parser.py:65] - INFO - procotol:http, hostname:tieba.baidu.com, new_link:/home/main?un=倩Q1228228888
2017-09-16 16:08:09,845 - [webpage_parser.py:65] - INFO - procotol:http, hostname:wenku.baidu.com, new_link:/p/%D0%BB%D6%D0%D2%B5
2017-09-16 16:08:09,845 - [webpage_parser.py:65] - INFO - procotol:http, hostname:wenku.baidu.com, new_link:/view/c450880e4b35eefdc8d333a9.html
2017-09-16 16:08:09,846 - [webpage_parser.py:65] - INFO - procotol:http, hostname:tieba.baidu.com, new_link:/home/main?un=倩Q1228228888
2017-09-16 16:08:09,846 - [webpage_parser.py:65] - INFO - procotol:http, hostname:wenku.baidu.com, new_link:/view/080f08af998fcc22bcd10d77.html
2017-09-16 16:08:09,848 - [webpage_parser.py:65] - INFO - procotol:http, hostname:tieba.baidu.com, new_link:/f?kw=t豆娱乐城
2017-09-16 16:08:09,848 - [webpage_parser.py:65] - INFO - procotol:http, hostname:wenku.baidu.com, new_link:/view/feae4e7f87c24028915fc374.html
2017-09-16 16:08:09,848 - [webpage_parser.py:65] - INFO - procotol:http, hostname:tieba.baidu.com, new_link:/home/main?un=无事找清凉
2017-09-16 16:08:09,849 - [webpage_parser.py:65] - INFO - procotol:http, hostname:wenku.baidu.com, new_link:/p/351354560
2017-09-16 16:08:09,849 - [webpage_parser.py:65] - INFO - procotol:http, hostname:tieba.baidu.com, new_link:/home/main?un=无事找清凉
2017-09-16 16:08:09,850 - [webpage_parser.py:65] - INFO - procotol:http, hostname:wenku.baidu.com, new_link:/p/351354560
2017-09-16 16:08:09,850 - [webpage_parser.py:65] - INFO - procotol:http, hostname:tieba.baidu.com, new_link:/f?kw=天涯明月刀OL
2017-09-16 16:08:09,850 - [webpage_parser.py:65] - INFO - procotol:http, hostname:wenku.baidu.com, new_link:/view/8250c56bad02de80d4d84050.html
2017-09-16 16:08:09,851 - [webpage_parser.py:65] - INFO - procotol:http, hostname:tieba.baidu.com, new_link:/home/main?un=大风吹奶罩杯
2017-09-16 16:08:09,852 - [webpage_parser.py:65] - INFO - procotol:http, hostname:wenku.baidu.com, new_link:/view/5d633a37ba1aa8114431d9f4.html
2017-09-16 16:08:09,852 - [webpage_parser.py:65] - INFO - procotol:http, hostname:tieba.baidu.com, new_link:/home/main?un=大风吹奶罩杯
2017-09-16 16:08:09,853 - [webpage_parser.py:65] - INFO - procotol:http, hostname:wenku.baidu.com, new_link:/view/79fed0612b160b4e767fcfcb.html
2017-09-16 16:08:09,853 - [webpage_parser.py:65] - INFO - procotol:http, hostname:tieba.baidu.com, new_link:/f?kw=亏猫
2017-09-16 16:08:09,854 - [webpage_parser.py:65] - INFO - procotol:http, hostname:wenku.baidu.com, new_link:/p/spreadsunshine
2017-09-16 16:08:09,855 - [webpage_parser.py:65] - INFO - procotol:http, hostname:tieba.baidu.com, new_link:/home/main?un=神風苏逸
2017-09-16 16:08:09,856 - [webpage_parser.py:65] - INFO - procotol:http, hostname:wenku.baidu.com, new_link:/p/spreadsunshine
2017-09-16 16:08:09,857 - [webpage_parser.py:65] - INFO - procotol:http, hostname:tieba.baidu.com, new_link:/home/main?un=神風苏逸
2017-09-16 16:08:09,857 - [webpage_parser.py:65] - INFO - procotol:http, hostname:wenku.baidu.com, new_link:/view/77e0d911a2161479171128e4.html
2017-09-16 16:08:09,859 - [webpage_parser.py:65] - INFO - procotol:http, hostname:wenku.baidu.com, new_link:/view/a3beae22af45b307e87197df.html
2017-09-16 16:08:09,858 - [webpage_parser.py:65] - INFO - procotol:http, hostname:tieba.baidu.com, new_link:/f?kw=网络游戏
2017-09-16 16:08:09,860 - [webpage_parser.py:65] - INFO - procotol:http, hostname:wenku.baidu.com, new_link:/view/3574798cf121dd36a32d8281.html
2017-09-16 16:08:09,861 - [webpage_parser.py:65] - INFO - procotol:http, hostname:tieba.baidu.com, new_link:/home/main?un=蔡丶十一
2017-09-16 16:08:09,861 - [webpage_parser.py:65] - INFO - procotol:http, hostname:wenku.baidu.com, new_link:/p/%BD%A3%B5%A8%C7%D9%D0%C4595
2017-09-16 16:08:09,862 - [webpage_parser.py:65] - INFO - procotol:http, hostname:tieba.baidu.com, new_link:/home/main?un=蔡丶十一
2017-09-16 16:08:09,862 - [webpage_parser.py:65] - INFO - procotol:http, hostname:wenku.baidu.com, new_link:/p/%BD%A3%B5%A8%C7%D9%D0%C4595
2017-09-16 16:08:09,863 - [webpage_parser.py:65] - INFO - procotol:http, hostname:tieba.baidu.com, new_link:/p/5319276352
2017-09-16 16:08:09,863 - [webpage_parser.py:65] - INFO - procotol:http, hostname:wenku.baidu.com, new_link:/view/4d0a5dd9910ef12d2af9e7b5.html
2017-09-16 16:08:09,863 - [webpage_parser.py:65] - INFO - procotol:http, hostname:tieba.baidu.com, new_link:/home/main?un=贴吧熊
2017-09-16 16:08:09,864 - [webpage_parser.py:65] - INFO - procotol:http, hostname:wenku.baidu.com, new_link:/view/98df4f9db9d528ea81c779a8.html
2017-09-16 16:08:09,864 - [webpage_parser.py:65] - INFO - procotol:http, hostname:tieba.baidu.com, new_link:/home/main?un=贴吧熊
2017-09-16 16:08:09,865 - [webpage_parser.py:65] - INFO - procotol:http, hostname:wenku.baidu.com, new_link:/view/ac1e0c6e1ed9ad51f01df234.html
2017-09-16 16:08:09,865 - [webpage_parser.py:65] - INFO - procotol:http, hostname:tieba.baidu.com, new_link:/p/5252510171
2017-09-16 16:08:09,865 - [webpage_parser.py:65] - INFO - procotol:http, hostname:wenku.baidu.com, new_link:/p/psho2658
2017-09-16 16:08:09,866 - [webpage_parser.py:65] - INFO - procotol:http, hostname:tieba.baidu.com, new_link:/home/main?un=贴吧会员
2017-09-16 16:08:09,866 - [webpage_parser.py:65] - INFO - procotol:http, hostname:wenku.baidu.com, new_link:/p/psho2658
2017-09-16 16:08:09,867 - [webpage_parser.py:65] - INFO - procotol:http, hostname:tieba.baidu.com, new_link:/home/main?un=贴吧会员
2017-09-16 16:08:09,867 - [webpage_parser.py:65] - INFO - procotol:http, hostname:wenku.baidu.com, new_link:/view/7798d00067ec102de2bd89ff.html
2017-09-16 16:08:09,868 - [webpage_parser.py:65] - INFO - procotol:http, hostname:tieba.baidu.com, new_link:/p/5323851181
2017-09-16 16:08:09,868 - [webpage_parser.py:65] - INFO - procotol:http, hostname:wenku.baidu.com, new_link:/view/25958abed0d233d4b14e6932.html
2017-09-16 16:08:09,869 - [webpage_parser.py:65] - INFO - procotol:http, hostname:tieba.baidu.com, new_link:/home/main?un=吴哲晗应援会
2017-09-16 16:08:09,869 - [webpage_parser.py:65] - INFO - procotol:http, hostname:wenku.baidu.com, new_link:/view/98a01911ccbff121dd368339.html
2017-09-16 16:08:09,869 - [webpage_parser.py:65] - INFO - procotol:http, hostname:tieba.baidu.com, new_link:/home/main?un=吴哲晗应援会
2017-09-16 16:08:09,869 - [webpage_parser.py:65] - INFO - procotol:http, hostname:wenku.baidu.com, new_link:/p/%C6%EB%BC%D2%C9%B3%BA%A3
2017-09-16 16:08:09,870 - [webpage_parser.py:65] - INFO - procotol:http, hostname:tieba.baidu.com, new_link:/p/3292673938
2017-09-16 16:08:09,870 - [webpage_parser.py:65] - INFO - procotol:http, hostname:wenku.baidu.com, new_link:/p/%C6%EB%BC%D2%C9%B3%BA%A3
2017-09-16 16:08:09,870 - [webpage_parser.py:65] - INFO - procotol:http, hostname:tieba.baidu.com, new_link:/home/main?un=cloudsayu
2017-09-16 16:08:09,871 - [webpage_parser.py:65] - INFO - procotol:http, hostname:wenku.baidu.com, new_link:/view/63400a41be1e650e52ea9946.html
2017-09-16 16:08:09,871 - [webpage_parser.py:65] - INFO - procotol:http, hostname:tieba.baidu.com, new_link:/home/main?un=cloudsayu
2017-09-16 16:08:09,872 - [webpage_parser.py:65] - INFO - procotol:http, hostname:wenku.baidu.com, new_link:/view/4d932bfef705cc1755270946.html
2017-09-16 16:08:09,872 - [webpage_parser.py:65] - INFO - procotol:http, hostname:tieba.baidu.com, new_link:/p/4748236204
2017-09-16 16:08:09,872 - [webpage_parser.py:65] - INFO - procotol:http, hostname:wenku.baidu.com, new_link:/view/3f73064d2e3f5727a5e96243.html
2017-09-16 16:08:09,873 - [webpage_parser.py:65] - INFO - procotol:http, hostname:tieba.baidu.com, new_link:/home/main?un=帝都T渣的擦肩
2017-09-16 16:08:09,873 - [webpage_parser.py:65] - INFO - procotol:http, hostname:wenku.baidu.com, new_link:/p/sdy361
2017-09-16 16:08:09,873 - [webpage_parser.py:65] - INFO - procotol:http, hostname:tieba.baidu.com, new_link:/home/main?un=帝都T渣的擦肩
2017-09-16 16:08:09,874 - [webpage_parser.py:65] - INFO - procotol:http, hostname:wenku.baidu.com, new_link:/p/sdy361
2017-09-16 16:08:09,874 - [webpage_parser.py:65] - INFO - procotol:http, hostname:tieba.baidu.com, new_link:/p/3249877592
2017-09-16 16:08:09,874 - [webpage_parser.py:65] - INFO - procotol:http, hostname:wenku.baidu.com, new_link:/view/245541305a8102d276a22f33.html
2017-09-16 16:08:09,875 - [webpage_parser.py:65] - INFO - procotol:http, hostname:tieba.baidu.com, new_link:/home/main?un=lacus84714
2017-09-16 16:08:09,875 - [webpage_parser.py:65] - INFO - procotol:http, hostname:wenku.baidu.com, new_link:/view/6e26e0fb770bf78a65295406.html
2017-09-16 16:08:09,875 - [webpage_parser.py:65] - INFO - procotol:http, hostname:tieba.baidu.com, new_link:/home/main?un=lacus84714
2017-09-16 16:08:09,876 - [webpage_parser.py:65] - INFO - procotol:http, hostname:wenku.baidu.com, new_link:/view/8fd0c9c7aa00b52acfc7ca25.html
2017-09-16 16:08:09,876 - [webpage_parser.py:65] - INFO - procotol:http, hostname:tieba.baidu.com, new_link:/p/4421655018
2017-09-16 16:08:09,877 - [webpage_parser.py:65] - INFO - procotol:http, hostname:wenku.baidu.com, new_link:/p/%C6%C6%CF%FE%B3%BF%D6%D3zyl
2017-09-16 16:08:09,877 - [webpage_parser.py:65] - INFO - procotol:http, hostname:tieba.baidu.com, new_link:/home/main?un=陈观慧应援会
2017-09-16 16:08:09,878 - [webpage_parser.py:65] - INFO - procotol:http, hostname:wenku.baidu.com, new_link:/p/%C6%C6%CF%FE%B3%BF%D6%D3zyl
2017-09-16 16:08:09,878 - [webpage_parser.py:65] - INFO - procotol:http, hostname:tieba.baidu.com, new_link:/home/main?un=陈观慧应援会
2017-09-16 16:08:09,879 - [webpage_parser.py:65] - INFO - procotol:http, hostname:wenku.baidu.com, new_link:/view/38fe30217375a417866f8fd0.html
2017-09-16 16:08:09,879 - [webpage_parser.py:65] - INFO - procotol:http, hostname:tieba.baidu.com, new_link:/p/4559080275
2017-09-16 16:08:09,879 - [webpage_parser.py:65] - INFO - procotol:http, hostname:wenku.baidu.com, new_link:/view/d653e509c5da50e2524d7f18.html
2017-09-16 16:08:09,880 - [webpage_parser.py:65] - INFO - procotol:http, hostname:tieba.baidu.com, new_link:Mailto:tiebayule@baidu.com
2017-09-16 16:08:09,880 - [webpage_parser.py:65] - INFO - procotol:http, hostname:wenku.baidu.com, new_link:/view/5cb5614e336c1eb91a375dd7.html
2017-09-16 16:08:09,881 - [webpage_parser.py:65] - INFO - procotol:http, hostname:tieba.baidu.com, new_link:/f?kw=%E6%B2%AA%E6%B1%9F%E7%BD%91%E6%A0%A1&fr=index
2017-09-16 16:08:09,881 - [webpage_parser.py:65] - INFO - procotol:http, hostname:wenku.baidu.com, new_link:/p/mickol
2017-09-16 16:08:09,882 - [webpage_parser.py:65] - INFO - procotol:http, hostname:tieba.baidu.com, new_link:/f?kw=%E6%B2%AA%E6%B1%9F%E7%BD%91%E6%A0%A1&fr=index
2017-09-16 16:08:09,882 - [webpage_parser.py:65] - INFO - procotol:http, hostname:wenku.baidu.com, new_link:/p/mickol
2017-09-16 16:08:09,882 - [webpage_parser.py:65] - INFO - procotol:http, hostname:tieba.baidu.com, new_link:/f?kw=%E7%BA%A2%E7%89%9B%E5%AE%98%E6%96%B9&fr=index
2017-09-16 16:08:09,883 - [webpage_parser.py:65] - INFO - procotol:http, hostname:wenku.baidu.com, new_link:/view/b3b7b92587c24028915fc357.html
2017-09-16 16:08:09,883 - [webpage_parser.py:65] - INFO - procotol:http, hostname:tieba.baidu.com, new_link:/f?kw=%E7%BA%A2%E7%89%9B%E5%AE%98%E6%96%B9&fr=index
2017-09-16 16:08:09,884 - [webpage_parser.py:65] - INFO - procotol:http, hostname:wenku.baidu.com, new_link:/view/a69cee5f312b3169a451a44e.html
2017-09-16 16:08:09,884 - [webpage_parser.py:65] - INFO - procotol:http, hostname:tieba.baidu.com, new_link:/f?kw=%E8%B1%86%E8%94%93%E7%90%86%E8%B4%A2&fr=index
2017-09-16 16:08:09,884 - [webpage_parser.py:65] - INFO - procotol:http, hostname:wenku.baidu.com, new_link:/view/c9e34c313968011ca30091d0.html
2017-09-16 16:08:09,885 - [webpage_parser.py:65] - INFO - procotol:http, hostname:tieba.baidu.com, new_link:/f?kw=%E8%B1%86%E8%94%93%E7%90%86%E8%B4%A2&fr=index
2017-09-16 16:08:09,885 - [webpage_parser.py:65] - INFO - procotol:http, hostname:wenku.baidu.com, new_link:/p/%D6%D0%CC%FA%D7%B7%B7%E7%CD%F5%D7%D3
2017-09-16 16:08:09,885 - [webpage_parser.py:65] - INFO - procotol:http, hostname:tieba.baidu.com, new_link:/f?kw=%E8%89%BA%E7%A6%8F%E5%A0%82&fr=index
2017-09-16 16:08:09,886 - [webpage_parser.py:65] - INFO - procotol:http, hostname:wenku.baidu.com, new_link:/p/%D6%D0%CC%FA%D7%B7%B7%E7%CD%F5%D7%D3
2017-09-16 16:08:09,886 - [webpage_parser.py:65] - INFO - procotol:http, hostname:tieba.baidu.com, new_link:/f?kw=%E8%89%BA%E7%A6%8F%E5%A0%82&fr=index
2017-09-16 16:08:09,886 - [webpage_parser.py:65] - INFO - procotol:http, hostname:wenku.baidu.com, new_link:/view/fce1381a59eef8c75fbfb38d.html
2017-09-16 16:08:09,887 - [webpage_parser.py:65] - INFO - procotol:http, hostname:tieba.baidu.com, new_link:/f?kw=%E9%87%91%E7%AB%8B&fr=index
2017-09-16 16:08:09,887 - [webpage_parser.py:65] - INFO - procotol:http, hostname:wenku.baidu.com, new_link:/view/f3a45e1c866fb84ae45c8dd8.html
2017-09-16 16:08:09,888 - [webpage_parser.py:65] - INFO - procotol:http, hostname:tieba.baidu.com, new_link:/f?kw=%E9%87%91%E7%AB%8B&fr=index
2017-09-16 16:08:09,888 - [webpage_parser.py:65] - INFO - procotol:http, hostname:wenku.baidu.com, new_link:/view/2b9621287375a417866f8fa3.html
2017-09-16 16:08:09,892 - [webpage_parser.py:65] - INFO - procotol:http, hostname:wenku.baidu.com, new_link:/p/%B6%AB%B7%E7%B9%A4%B3%CC1234
2017-09-16 16:08:09,893 - [webpage_parser.py:65] - INFO - procotol:http, hostname:wenku.baidu.com, new_link:/p/%B6%AB%B7%E7%B9%A4%B3%CC1234
2017-09-16 16:08:09,896 - [webpage_parser.py:65] - INFO - procotol:http, hostname:wenku.baidu.com, new_link:/view/2d59feb2580216fc710afd64.html
2017-09-16 16:08:09,900 - [webpage_parser.py:65] - INFO - procotol:http, hostname:wenku.baidu.com, new_link:/view/a67da4ac3169a4517723a3af.html
2017-09-16 16:08:09,900 - [webpage_parser.py:65] - INFO - procotol:http, hostname:wenku.baidu.com, new_link:/view/95e0ee4d69eae009581becf2.html
2017-09-16 16:08:09,901 - [webpage_saver.py:45] - INFO - url http://tieba.baidu.com/ is not match
2017-09-16 16:08:09,901 - [webpage_parser.py:65] - INFO - procotol:http, hostname:wenku.baidu.com, new_link:/p/Ailoh
2017-09-16 16:08:09,902 - [webpage_parser.py:65] - INFO - procotol:http, hostname:wenku.baidu.com, new_link:/p/Ailoh
2017-09-16 16:08:09,903 - [webpage_parser.py:65] - INFO - procotol:http, hostname:wenku.baidu.com, new_link:/view/8a6420fc941ea76e58fa04a4.html
2017-09-16 16:08:09,904 - [webpage_parser.py:65] - INFO - procotol:http, hostname:wenku.baidu.com, new_link:/view/2f698ddcce2f0066f533226a.html
2017-09-16 16:08:09,904 - [webpage_parser.py:65] - INFO - procotol:http, hostname:wenku.baidu.com, new_link:/view/dc1157b9960590c69ec37644.html
2017-09-16 16:08:09,905 - [webpage_parser.py:65] - INFO - procotol:http, hostname:wenku.baidu.com, new_link:/p/%CD%F5%CA%C0%BF%A1466
2017-09-16 16:08:09,906 - [webpage_parser.py:65] - INFO - procotol:http, hostname:wenku.baidu.com, new_link:/p/%CD%F5%CA%C0%BF%A1466
2017-09-16 16:08:09,906 - [webpage_parser.py:65] - INFO - procotol:http, hostname:wenku.baidu.com, new_link:/view/f663b434eff9aef8941e0683.html
2017-09-16 16:08:09,907 - [webpage_parser.py:65] - INFO - procotol:http, hostname:wenku.baidu.com, new_link:/view/c6adcb3cf12d2af90242e683.html
2017-09-16 16:08:09,907 - [webpage_parser.py:65] - INFO - procotol:http, hostname:wenku.baidu.com, new_link:/view/bae43ffc0508763231121280.html
2017-09-16 16:08:09,908 - [webpage_parser.py:65] - INFO - procotol:http, hostname:wenku.baidu.com, new_link:/p/gtjacc007
2017-09-16 16:08:09,908 - [webpage_parser.py:65] - INFO - procotol:http, hostname:wenku.baidu.com, new_link:/p/gtjacc007
2017-09-16 16:08:09,908 - [webpage_parser.py:65] - INFO - procotol:http, hostname:wenku.baidu.com, new_link:/view/b44b8717c5da50e2524d7f22.html
2017-09-16 16:08:09,909 - [webpage_parser.py:65] - INFO - procotol:http, hostname:wenku.baidu.com, new_link:/view/d5127505cfc789eb172dc847.html
2017-09-16 16:08:09,909 - [webpage_parser.py:65] - INFO - procotol:http, hostname:wenku.baidu.com, new_link:/view/ce8ee1f83186bceb19e8bb7f.html
2017-09-16 16:08:09,909 - [webpage_parser.py:65] - INFO - procotol:http, hostname:wenku.baidu.com, new_link:/p/heinrico
2017-09-16 16:08:09,910 - [webpage_parser.py:65] - INFO - procotol:http, hostname:wenku.baidu.com, new_link:/p/heinrico
2017-09-16 16:08:09,910 - [webpage_parser.py:65] - INFO - procotol:http, hostname:wenku.baidu.com, new_link:/view/a914692aaaea998fcc220ed5.html
2017-09-16 16:08:09,910 - [webpage_parser.py:65] - INFO - procotol:http, hostname:wenku.baidu.com, new_link:/view/57e093cf58f5f61fb7366617.html
2017-09-16 16:08:09,910 - [webpage_parser.py:65] - INFO - procotol:http, hostname:wenku.baidu.com, new_link:/view/e2fe9a257375a417866f8fd5.html
2017-09-16 16:08:09,911 - [webpage_parser.py:65] - INFO - procotol:http, hostname:wenku.baidu.com, new_link:/p/rcmei99
2017-09-16 16:08:09,911 - [webpage_parser.py:65] - INFO - procotol:http, hostname:wenku.baidu.com, new_link:/p/rcmei99
2017-09-16 16:08:09,913 - [webpage_parser.py:65] - INFO - procotol:http, hostname:wenku.baidu.com, new_link:/view/d7e9ef16a76e58fafab0031c.html
2017-09-16 16:08:09,916 - [webpage_parser.py:65] - INFO - procotol:http, hostname:wenku.baidu.com, new_link:/view/75b5b63f580216fc700afd3f.html
2017-09-16 16:08:09,918 - [webpage_parser.py:65] - INFO - procotol:http, hostname:wenku.baidu.com, new_link:/view/999980d328ea81c758f57826.html
2017-09-16 16:08:09,920 - [webpage_parser.py:65] - INFO - procotol:http, hostname:wenku.baidu.com, new_link:/p/bacerashanghai
2017-09-16 16:08:09,923 - [webpage_parser.py:65] - INFO - procotol:http, hostname:wenku.baidu.com, new_link:/p/bacerashanghai
2017-09-16 16:08:09,926 - [webpage_parser.py:65] - INFO - procotol:http, hostname:wenku.baidu.com, new_link:/view/0f66a2d03186bceb19e8bbac.html
2017-09-16 16:08:09,927 - [webpage_parser.py:65] - INFO - procotol:http, hostname:wenku.baidu.com, new_link:/view/95897603a6c30c2259019e9c.html
2017-09-16 16:08:09,927 - [webpage_parser.py:65] - INFO - procotol:http, hostname:wenku.baidu.com, new_link:/view/d8ea60dbd15abe23482f4d68.html
2017-09-16 16:08:09,928 - [webpage_parser.py:65] - INFO - procotol:http, hostname:wenku.baidu.com, new_link:/p/%D5%C5%BD%F2%C0%D8
2017-09-16 16:08:09,929 - [webpage_parser.py:65] - INFO - procotol:http, hostname:wenku.baidu.com, new_link:/p/%D5%C5%BD%F2%C0%D8
2017-09-16 16:08:09,931 - [webpage_parser.py:65] - INFO - procotol:http, hostname:wenku.baidu.com, new_link:/view/06641b1c453610661ed9f47d.html
2017-09-16 16:08:09,933 - [webpage_parser.py:65] - INFO - procotol:http, hostname:wenku.baidu.com, new_link:/view/6bb6a01c0066f5335a8121a4.html
2017-09-16 16:08:09,934 - [webpage_parser.py:65] - INFO - procotol:http, hostname:wenku.baidu.com, new_link:/view/f016bc90f121dd36a32d8264.html
2017-09-16 16:08:09,935 - [webpage_parser.py:65] - INFO - procotol:http, hostname:wenku.baidu.com, new_link:/p/%B7%F0%B6%C8%D7%D4%B6%C8%D5%DF
2017-09-16 16:08:09,936 - [webpage_parser.py:65] - INFO - procotol:http, hostname:wenku.baidu.com, new_link:/p/%B7%F0%B6%C8%D7%D4%B6%C8%D5%DF
2017-09-16 16:08:09,936 - [webpage_parser.py:65] - INFO - procotol:http, hostname:wenku.baidu.com, new_link:/view/cbe1e53da5e9856a561260fc.html
2017-09-16 16:08:09,937 - [webpage_parser.py:65] - INFO - procotol:http, hostname:wenku.baidu.com, new_link:/view/82ba7a9d284ac850ad0242bc.html
2017-09-16 16:08:09,937 - [webpage_parser.py:65] - INFO - procotol:http, hostname:wenku.baidu.com, new_link:/view/829792a2c77da26925c5b06b.html
2017-09-16 16:08:09,938 - [webpage_parser.py:65] - INFO - procotol:http, hostname:wenku.baidu.com, new_link:/p/%D0%ED%B4%AB%E7%F4bass
2017-09-16 16:08:09,938 - [webpage_parser.py:65] - INFO - procotol:http, hostname:wenku.baidu.com, new_link:/p/%D0%ED%B4%AB%E7%F4bass
2017-09-16 16:08:09,939 - [webpage_parser.py:65] - INFO - procotol:http, hostname:wenku.baidu.com, new_link:/view/7760941d5a8102d276a22f31.html
2017-09-16 16:08:09,939 - [webpage_parser.py:65] - INFO - procotol:http, hostname:wenku.baidu.com, new_link:/view/b2d05722ba1aa8114431d931.html
2017-09-16 16:08:09,939 - [webpage_parser.py:65] - INFO - procotol:http, hostname:wenku.baidu.com, new_link:/view/f9595a1b67ec102de2bd8936.html
2017-09-16 16:08:09,941 - [webpage_parser.py:65] - INFO - procotol:http, hostname:wenku.baidu.com, new_link:/p/junqiuzhu
2017-09-16 16:08:09,941 - [webpage_parser.py:65] - INFO - procotol:http, hostname:wenku.baidu.com, new_link:/p/junqiuzhu
2017-09-16 16:08:09,943 - [webpage_parser.py:65] - INFO - procotol:http, hostname:wenku.baidu.com, new_link:/view/aac810e8ce2f0066f53322ff.html
2017-09-16 16:08:09,944 - [webpage_parser.py:65] - INFO - procotol:http, hostname:wenku.baidu.com, new_link:/view/d8d19b4369eae009581bece7.html
2017-09-16 16:08:09,946 - [webpage_parser.py:65] - INFO - procotol:http, hostname:wenku.baidu.com, new_link:/view/15bb0a3102020740be1e9bcc.html
2017-09-16 16:08:09,949 - [webpage_parser.py:65] - INFO - procotol:http, hostname:wenku.baidu.com, new_link:/p/mashaohuaruc
2017-09-16 16:08:09,950 - [webpage_parser.py:65] - INFO - procotol:http, hostname:wenku.baidu.com, new_link:/p/mashaohuaruc
2017-09-16 16:08:09,950 - [webpage_parser.py:65] - INFO - procotol:http, hostname:wenku.baidu.com, new_link:/view/5d5e142e0b1c59eef8c7b4c4.html
2017-09-16 16:08:09,952 - [webpage_parser.py:65] - INFO - procotol:http, hostname:wenku.baidu.com, new_link:/view/cb6e0502fe4733687e21aaba.html
2017-09-16 16:08:09,952 - [webpage_parser.py:65] - INFO - procotol:http, hostname:wenku.baidu.com, new_link:/view/5975ce47bb68a98271fefad2.html
2017-09-16 16:08:09,953 - [webpage_parser.py:65] - INFO - procotol:http, hostname:wenku.baidu.com, new_link:/p/xsjhr
2017-09-16 16:08:09,954 - [webpage_parser.py:65] - INFO - procotol:http, hostname:wenku.baidu.com, new_link:/p/xsjhr
2017-09-16 16:08:09,955 - [webpage_parser.py:65] - INFO - procotol:http, hostname:wenku.baidu.com, new_link:/view/5d5897c4aa00b52acfc7ca9f.html
2017-09-16 16:08:09,957 - [webpage_parser.py:65] - INFO - procotol:http, hostname:wenku.baidu.com, new_link:/view/be07de708e9951e79b89277e.html
2017-09-16 16:08:09,958 - [webpage_parser.py:65] - INFO - procotol:http, hostname:wenku.baidu.com, new_link:/view/19ab38583b3567ec102d8ae3.html
2017-09-16 16:08:09,958 - [webpage_parser.py:65] - INFO - procotol:http, hostname:wenku.baidu.com, new_link:/p/wangx0718
2017-09-16 16:08:09,959 - [webpage_parser.py:65] - INFO - procotol:http, hostname:wenku.baidu.com, new_link:/p/wangx0718
2017-09-16 16:08:09,960 - [webpage_parser.py:65] - INFO - procotol:http, hostname:wenku.baidu.com, new_link:/view/422dee481ed9ad51f01df24f.html
2017-09-16 16:08:09,960 - [webpage_parser.py:65] - INFO - procotol:http, hostname:wenku.baidu.com, new_link:/view/5f839b07647d27284b73513d.html
2017-09-16 16:08:09,961 - [webpage_parser.py:65] - INFO - procotol:http, hostname:wenku.baidu.com, new_link:/view/8acfb75df242336c1fb95e13.html
2017-09-16 16:08:09,961 - [webpage_parser.py:65] - INFO - procotol:http, hostname:wenku.baidu.com, new_link:/p/%CE%D2%CA%C7%BC%D3%B0%D9%C1%A6
2017-09-16 16:08:09,962 - [webpage_parser.py:65] - INFO - procotol:http, hostname:wenku.baidu.com, new_link:/p/%CE%D2%CA%C7%BC%D3%B0%D9%C1%A6
2017-09-16 16:08:09,962 - [webpage_parser.py:65] - INFO - procotol:http, hostname:wenku.baidu.com, new_link:/view/6594c469caaedd3383c4d31b.html
2017-09-16 16:08:09,963 - [webpage_parser.py:65] - INFO - procotol:http, hostname:wenku.baidu.com, new_link:/view/2f59e80bba1aa8114431d991.html
2017-09-16 16:08:09,963 - [webpage_parser.py:65] - INFO - procotol:http, hostname:wenku.baidu.com, new_link:/view/1a323446f7ec4afe05a1df04.html
2017-09-16 16:08:09,964 - [webpage_parser.py:65] - INFO - procotol:http, hostname:wenku.baidu.com, new_link:/p/%C8%FC%CE%AC%CC%D8%D3%A2%D3%EF
2017-09-16 16:08:09,966 - [webpage_parser.py:65] - INFO - procotol:http, hostname:wenku.baidu.com, new_link:/p/%C8%FC%CE%AC%CC%D8%D3%A2%D3%EF
2017-09-16 16:08:09,967 - [webpage_parser.py:65] - INFO - procotol:http, hostname:wenku.baidu.com, new_link:/view/1103117031b765ce0508141e.html
2017-09-16 16:08:09,967 - [webpage_parser.py:65] - INFO - procotol:http, hostname:wenku.baidu.com, new_link:/view/cbeff5da49649b6648d74771.html
2017-09-16 16:08:09,969 - [webpage_parser.py:65] - INFO - procotol:http, hostname:wenku.baidu.com, new_link:/view/eecf832eccbff121dd368371.html
2017-09-16 16:08:09,969 - [webpage_parser.py:65] - INFO - procotol:http, hostname:wenku.baidu.com, new_link:/p/%CE%A4%CF%FE%C1%C1%C0%CF%CA%A6
2017-09-16 16:08:09,970 - [webpage_parser.py:65] - INFO - procotol:http, hostname:wenku.baidu.com, new_link:/p/%CE%A4%CF%FE%C1%C1%C0%CF%CA%A6
2017-09-16 16:08:09,970 - [webpage_parser.py:65] - INFO - procotol:http, hostname:wenku.baidu.com, new_link:/view/311528de28ea81c758f57898.html
2017-09-16 16:08:09,971 - [webpage_parser.py:65] - INFO - procotol:http, hostname:wenku.baidu.com, new_link:/view/45745d7231b765ce05081475.html
2017-09-16 16:08:09,971 - [webpage_parser.py:65] - INFO - procotol:http, hostname:wenku.baidu.com, new_link:/view/1b0db4ce2cc58bd63186bd75.html
2017-09-16 16:08:09,972 - [webpage_parser.py:65] - INFO - procotol:http, hostname:wenku.baidu.com, new_link:/p/liuwei_ielts
2017-09-16 16:08:09,972 - [webpage_parser.py:65] - INFO - procotol:http, hostname:wenku.baidu.com, new_link:/p/liuwei_ielts
2017-09-16 16:08:09,973 - [webpage_parser.py:65] - INFO - procotol:http, hostname:wenku.baidu.com, new_link:/view/e5e8401c866fb84ae45c8dac.html
2017-09-16 16:08:09,974 - [webpage_parser.py:65] - INFO - procotol:http, hostname:wenku.baidu.com, new_link:/view/7c2d7526e2bd960590c677c9.html
2017-09-16 16:08:09,974 - [webpage_parser.py:65] - INFO - procotol:http, hostname:wenku.baidu.com, new_link:/view/8ce02898daef5ef7ba0d3c1b.html
2017-09-16 16:08:09,975 - [webpage_parser.py:65] - INFO - procotol:http, hostname:wenku.baidu.com, new_link:/p/%BB%B7%C7%F2%D1%C5%CB%BC%D1%EE%CC%CE
2017-09-16 16:08:09,975 - [webpage_parser.py:65] - INFO - procotol:http, hostname:wenku.baidu.com, new_link:/p/%BB%B7%C7%F2%D1%C5%CB%BC%D1%EE%CC%CE
2017-09-16 16:08:09,976 - [webpage_parser.py:65] - INFO - procotol:http, hostname:wenku.baidu.com, new_link:/view/32061145852458fb770b56d8.html
2017-09-16 16:08:09,976 - [webpage_parser.py:65] - INFO - procotol:http, hostname:wenku.baidu.com, new_link:/view/84eba424cfc789eb172dc8fc.html
2017-09-16 16:08:09,977 - [webpage_parser.py:65] - INFO - procotol:http, hostname:wenku.baidu.com, new_link:/view/098e20462b160b4e767fcfd8.html
2017-09-16 16:08:09,977 - [webpage_parser.py:65] - INFO - procotol:http, hostname:wenku.baidu.com, new_link:/p/tanya19821004
2017-09-16 16:08:09,978 - [webpage_parser.py:65] - INFO - procotol:http, hostname:wenku.baidu.com, new_link:/p/tanya19821004
2017-09-16 16:08:09,978 - [webpage_parser.py:65] - INFO - procotol:http, hostname:wenku.baidu.com, new_link:/view/451828b81a37f111f1855b70.html
2017-09-16 16:08:09,979 - [webpage_parser.py:65] - INFO - procotol:http, hostname:wenku.baidu.com, new_link:/view/c46d07136edb6f1aff001f65.html
2017-09-16 16:08:09,979 - [webpage_parser.py:65] - INFO - procotol:http, hostname:wenku.baidu.com, new_link:/view/75fc5a8bd0d233d4b14e696e.html
2017-09-16 16:08:09,980 - [webpage_parser.py:65] - INFO - procotol:http, hostname:wenku.baidu.com, new_link:/p/zenghy02
2017-09-16 16:08:09,980 - [webpage_parser.py:65] - INFO - procotol:http, hostname:wenku.baidu.com, new_link:/p/zenghy02
2017-09-16 16:08:09,981 - [webpage_parser.py:65] - INFO - procotol:http, hostname:wenku.baidu.com, new_link:/view/ef5bae2cb90d6c85ec3ac66d.html
2017-09-16 16:08:09,982 - [webpage_parser.py:65] - INFO - procotol:http, hostname:wenku.baidu.com, new_link:/view/a58db5a2c77da26925c5b06d.html
2017-09-16 16:08:09,983 - [webpage_parser.py:65] - INFO - procotol:http, hostname:wenku.baidu.com, new_link:/view/e33f4e0a866fb84ae45c8d6d.html
2017-09-16 16:08:09,983 - [webpage_parser.py:65] - INFO - procotol:http, hostname:wenku.baidu.com, new_link:/p/Cc%B5%A9%B5%A9dan
2017-09-16 16:08:09,983 - [webpage_parser.py:65] - INFO - procotol:http, hostname:wenku.baidu.com, new_link:/p/Cc%B5%A9%B5%A9dan
2017-09-16 16:08:09,984 - [webpage_parser.py:65] - INFO - procotol:http, hostname:wenku.baidu.com, new_link:/view/a763cf7d5627a5e9856a561252d380eb62942323
2017-09-16 16:08:09,984 - [webpage_parser.py:65] - INFO - procotol:http, hostname:wenku.baidu.com, new_link:/p/8425995
2017-09-16 16:08:09,985 - [webpage_parser.py:65] - INFO - procotol:http, hostname:wenku.baidu.com, new_link:/p/8425995
2017-09-16 16:08:09,986 - [webpage_parser.py:65] - INFO - procotol:http, hostname:wenku.baidu.com, new_link:/view/f5b1a097370cba1aa8114431b90d6c85ed3a8852
2017-09-16 16:08:09,987 - [webpage_parser.py:65] - INFO - procotol:http, hostname:wenku.baidu.com, new_link:/p/yanghong1980
2017-09-16 16:08:09,988 - [webpage_parser.py:65] - INFO - procotol:http, hostname:wenku.baidu.com, new_link:/p/yanghong1980
2017-09-16 16:08:09,989 - [webpage_parser.py:65] - INFO - procotol:http, hostname:wenku.baidu.com, new_link:/view/bcf2d7d96037ee06eff9aef8941ea76e59fa4a4d
2017-09-16 16:08:09,989 - [webpage_parser.py:65] - INFO - procotol:http, hostname:wenku.baidu.com, new_link:/p/in7bt4
2017-09-16 16:08:09,989 - [webpage_parser.py:65] - INFO - procotol:http, hostname:wenku.baidu.com, new_link:/p/in7bt4
2017-09-16 16:08:09,990 - [webpage_parser.py:65] - INFO - procotol:http, hostname:wenku.baidu.com, new_link:/view/e72f3e8ccf2f0066f5335a8102d276a2002960d0
2017-09-16 16:08:09,990 - [webpage_parser.py:65] - INFO - procotol:http, hostname:wenku.baidu.com, new_link:/p/%C0%C1%C0%C1%C0%CF%B3%B2
2017-09-16 16:08:09,990 - [webpage_parser.py:65] - INFO - procotol:http, hostname:wenku.baidu.com, new_link:/p/%C0%C1%C0%C1%C0%CF%B3%B2
2017-09-16 16:08:09,991 - [webpage_parser.py:65] - INFO - procotol:http, hostname:wenku.baidu.com, new_link:/view/04829b7411661ed9ad51f01dc281e53a580251bf
2017-09-16 16:08:09,991 - [webpage_parser.py:65] - INFO - procotol:http, hostname:wenku.baidu.com, new_link:/p/%EE%DA%BD%A3%C8%C8%B0%AE%C9%FA%BB%EE
2017-09-16 16:08:09,992 - [webpage_parser.py:65] - INFO - procotol:http, hostname:wenku.baidu.com, new_link:/p/%EE%DA%BD%A3%C8%C8%B0%AE%C9%FA%BB%EE
2017-09-16 16:08:09,994 - [webpage_parser.py:65] - INFO - procotol:http, hostname:wenku.baidu.com, new_link:/view/d7795fc0dc88d0d233d4b14e852458fb770b38b7
2017-09-16 16:08:09,996 - [webpage_parser.py:65] - INFO - procotol:http, hostname:wenku.baidu.com, new_link:/p/xuwei7383726
2017-09-16 16:08:09,999 - [webpage_parser.py:65] - INFO - procotol:http, hostname:wenku.baidu.com, new_link:/p/xuwei7383726
2017-09-16 16:08:10,001 - [webpage_parser.py:65] - INFO - procotol:http, hostname:wenku.baidu.com, new_link:/view/06e2f122dcccda38376baf1ffc4ffe473268fd55
2017-09-16 16:08:10,002 - [webpage_parser.py:65] - INFO - procotol:http, hostname:wenku.baidu.com, new_link:/p/fuchangzheng29
2017-09-16 16:08:10,003 - [webpage_parser.py:65] - INFO - procotol:http, hostname:wenku.baidu.com, new_link:/p/fuchangzheng29
2017-09-16 16:08:10,004 - [webpage_parser.py:65] - INFO - procotol:http, hostname:wenku.baidu.com, new_link:/view/71e9519bb8d528ea81c758f5f61fb7360b4c2b93
2017-09-16 16:08:10,005 - [webpage_parser.py:65] - INFO - procotol:http, hostname:wenku.baidu.com, new_link:/p/%C7%E5%CF%E3%D1%C0%D1%C02016
2017-09-16 16:08:10,006 - [webpage_parser.py:65] - INFO - procotol:http, hostname:wenku.baidu.com, new_link:/p/%C7%E5%CF%E3%D1%C0%D1%C02016
2017-09-16 16:08:10,009 - [webpage_parser.py:65] - INFO - procotol:http, hostname:wenku.baidu.com, new_link:/view/63ee9c698f9951e79b89680203d8ce2f006665ed
2017-09-16 16:08:10,010 - [webpage_parser.py:65] - INFO - procotol:http, hostname:wenku.baidu.com, new_link:/p/susuh15
2017-09-16 16:08:10,013 - [webpage_parser.py:65] - INFO - procotol:http, hostname:wenku.baidu.com, new_link:/p/susuh15
2017-09-16 16:08:10,015 - [webpage_parser.py:65] - INFO - procotol:http, hostname:wenku.baidu.com, new_link:/view/95b5dfb49f3143323968011ca300a6c30d22f156
2017-09-16 16:08:10,015 - [webpage_parser.py:65] - INFO - procotol:http, hostname:wenku.baidu.com, new_link:/p/babykimi0123
2017-09-16 16:08:10,016 - [webpage_parser.py:65] - INFO - procotol:http, hostname:wenku.baidu.com, new_link:/p/babykimi0123
2017-09-16 16:08:10,017 - [webpage_parser.py:65] - INFO - procotol:http, hostname:wenku.baidu.com, new_link:/view/8405af6e86c24028915f804d2b160b4e767f8184
2017-09-16 16:08:10,017 - [webpage_parser.py:65] - INFO - procotol:http, hostname:wenku.baidu.com, new_link:/p/%B4%F3%C8%F8%B4%EF1911
2017-09-16 16:08:10,018 - [webpage_parser.py:65] - INFO - procotol:http, hostname:wenku.baidu.com, new_link:/p/%B4%F3%C8%F8%B4%EF1911
2017-09-16 16:08:10,018 - [webpage_parser.py:65] - INFO - procotol:http, hostname:wenku.baidu.com, new_link:/view/86dc5b5c640e52ea551810a6f524ccbff121ca8e
2017-09-16 16:08:10,018 - [webpage_parser.py:65] - INFO - procotol:http, hostname:wenku.baidu.com, new_link:/p/ht27217638l
2017-09-16 16:08:10,018 - [webpage_parser.py:65] - INFO - procotol:http, hostname:wenku.baidu.com, new_link:/p/ht27217638l
2017-09-16 16:08:10,019 - [webpage_parser.py:65] - INFO - procotol:http, hostname:wenku.baidu.com, new_link:/view/01c9bbda2dc58bd63186bceb19e8b8f67c1cef91
2017-09-16 16:08:10,019 - [webpage_parser.py:65] - INFO - procotol:http, hostname:wenku.baidu.com, new_link:/p/tpxxzhang1
2017-09-16 16:08:10,019 - [webpage_parser.py:65] - INFO - procotol:http, hostname:wenku.baidu.com, new_link:/p/tpxxzhang1
2017-09-16 16:08:10,020 - [webpage_parser.py:65] - INFO - procotol:http, hostname:wenku.baidu.com, new_link:/view/82a5452449d7c1c708a1284ac850ad02df800755
2017-09-16 16:08:10,021 - [webpage_parser.py:65] - INFO - procotol:http, hostname:wenku.baidu.com, new_link:/p/%B3%A4%B7%A2%D3%EB%B0%AE%C7%E9a
2017-09-16 16:08:10,022 - [webpage_parser.py:65] - INFO - procotol:http, hostname:wenku.baidu.com, new_link:/p/%B3%A4%B7%A2%D3%EB%B0%AE%C7%E9a
2017-09-16 16:08:10,022 - [webpage_parser.py:65] - INFO - procotol:http, hostname:wenku.baidu.com, new_link:/view/e6897bab846a561252d380eb6294dd88d0d23da0
2017-09-16 16:08:10,023 - [webpage_parser.py:65] - INFO - procotol:http, hostname:wenku.baidu.com, new_link:/p/%C2%FC%C0%FB%C2%FC%C0%FB%C2%FC%C0%FB%C2%FC
2017-09-16 16:08:10,023 - [webpage_parser.py:65] - INFO - procotol:http, hostname:wenku.baidu.com, new_link:/p/%C2%FC%C0%FB%C2%FC%C0%FB%C2%FC%C0%FB%C2%FC
2017-09-16 16:08:10,024 - [webpage_parser.py:65] - INFO - procotol:http, hostname:wenku.baidu.com, new_link:/view/0f0ee400a9956bec0975f46527d3240c8547a16b
2017-09-16 16:08:10,025 - [webpage_parser.py:65] - INFO - procotol:http, hostname:wenku.baidu.com, new_link:/p/bobobolee
2017-09-16 16:08:10,026 - [webpage_parser.py:65] - INFO - procotol:http, hostname:wenku.baidu.com, new_link:/p/bobobolee
2017-09-16 16:08:10,026 - [webpage_parser.py:65] - INFO - procotol:http, hostname:wenku.baidu.com, new_link:/view/7320af6db5daa58da0116c175f0e7cd184251817
2017-09-16 16:08:10,027 - [webpage_parser.py:65] - INFO - procotol:http, hostname:wenku.baidu.com, new_link:/p/skylingyun1111
2017-09-16 16:08:10,029 - [webpage_parser.py:65] - INFO - procotol:http, hostname:wenku.baidu.com, new_link:/p/skylingyun1111
2017-09-16 16:08:10,030 - [webpage_parser.py:65] - INFO - procotol:http, hostname:wenku.baidu.com, new_link:/view/71566d943086bceb19e8b8f67c1cfad6195fe987
2017-09-16 16:08:10,032 - [webpage_parser.py:65] - INFO - procotol:http, hostname:wenku.baidu.com, new_link:/p/yezi20080824
2017-09-16 16:08:10,032 - [webpage_parser.py:65] - INFO - procotol:http, hostname:wenku.baidu.com, new_link:/p/yezi20080824
2017-09-16 16:08:10,033 - [webpage_parser.py:65] - INFO - procotol:http, hostname:wenku.baidu.com, new_link:/view/96d1e150a31614791711cc7931b765ce04087a63
2017-09-16 16:08:10,033 - [webpage_parser.py:65] - INFO - procotol:http, hostname:wenku.baidu.com, new_link:/p/zhangjun9198
2017-09-16 16:08:10,034 - [webpage_parser.py:65] - INFO - procotol:http, hostname:wenku.baidu.com, new_link:/p/zhangjun9198
2017-09-16 16:08:10,034 - [webpage_parser.py:65] - INFO - procotol:http, hostname:wenku.baidu.com, new_link:/view/4a059c79590216fc700abb68a98271fe910eaf99
2017-09-16 16:08:10,034 - [webpage_parser.py:65] - INFO - procotol:http, hostname:wenku.baidu.com, new_link:/p/wyabcdltiy
2017-09-16 16:08:10,035 - [webpage_parser.py:65] - INFO - procotol:http, hostname:wenku.baidu.com, new_link:/p/wyabcdltiy
2017-09-16 16:08:10,035 - [webpage_parser.py:65] - INFO - procotol:http, hostname:wenku.baidu.com, new_link:/view/7bd8834102d8ce2f0066f5335a8102d276a261c4
2017-09-16 16:08:10,035 - [webpage_parser.py:65] - INFO - procotol:http, hostname:wenku.baidu.com, new_link:/p/%C0%B6%C9%AB%BC%D2%D4%B00
2017-09-16 16:08:10,035 - [webpage_parser.py:65] - INFO - procotol:http, hostname:wenku.baidu.com, new_link:/p/%C0%B6%C9%AB%BC%D2%D4%B00
2017-09-16 16:08:10,036 - [webpage_parser.py:65] - INFO - procotol:http, hostname:wenku.baidu.com, new_link:/view/afbeef0f0166f5335a8102d276a20029bd6463d7
2017-09-16 16:08:10,037 - [webpage_parser.py:65] - INFO - procotol:http, hostname:wenku.baidu.com, new_link:/p/%B3%BD%B4%BA%CC%CE
2017-09-16 16:08:10,038 - [webpage_parser.py:65] - INFO - procotol:http, hostname:wenku.baidu.com, new_link:/p/%B3%BD%B4%BA%CC%CE
2017-09-16 16:08:10,038 - [webpage_parser.py:65] - INFO - procotol:http, hostname:wenku.baidu.com, new_link:/view/33d31647cd1755270722192e453610661ed95a3f
2017-09-16 16:08:10,039 - [webpage_parser.py:65] - INFO - procotol:http, hostname:wenku.baidu.com, new_link:/p/838324283
2017-09-16 16:08:10,039 - [webpage_parser.py:65] - INFO - procotol:http, hostname:wenku.baidu.com, new_link:/p/838324283
2017-09-16 16:08:10,039 - [webpage_parser.py:65] - INFO - procotol:http, hostname:wenku.baidu.com, new_link:/view/60c58aa59a89680203d8ce2f0066f5335a8167ce
2017-09-16 16:08:10,040 - [webpage_parser.py:65] - INFO - procotol:http, hostname:wenku.baidu.com, new_link:/p/%BC%AB%CF%DE%B9%A5%BB%F7%CE%E5%BD%A3%C9%F1
2017-09-16 16:08:10,040 - [webpage_parser.py:65] - INFO - procotol:http, hostname:wenku.baidu.com, new_link:/p/%BC%AB%CF%DE%B9%A5%BB%F7%CE%E5%BD%A3%C9%F1
2017-09-16 16:08:10,040 - [webpage_parser.py:65] - INFO - procotol:http, hostname:wenku.baidu.com, new_link:/view/79d183153d1ec5da50e2524de518964bce84d24e
2017-09-16 16:08:10,041 - [webpage_parser.py:65] - INFO - procotol:http, hostname:wenku.baidu.com, new_link:/p/shanhu7hao
2017-09-16 16:08:10,041 - [webpage_parser.py:65] - INFO - procotol:http, hostname:wenku.baidu.com, new_link:/p/shanhu7hao
2017-09-16 16:08:10,041 - [webpage_parser.py:65] - INFO - procotol:http, hostname:wenku.baidu.com, new_link:/view/21461c87250c844769eae009581b6bd97f19bc29
2017-09-16 16:08:10,041 - [webpage_parser.py:65] - INFO - procotol:http, hostname:wenku.baidu.com, new_link:/p/%BA%CE%B2%CA%B7%EF%CE%E2%CD%A9%D0%C0
2017-09-16 16:08:10,042 - [webpage_parser.py:65] - INFO - procotol:http, hostname:wenku.baidu.com, new_link:/p/%BA%CE%B2%CA%B7%EF%CE%E2%CD%A9%D0%C0
2017-09-16 16:08:10,042 - [webpage_parser.py:65] - INFO - procotol:http, hostname:wenku.baidu.com, new_link:/view/34f7ef2e1fb91a37f111f18583d049649b660ea9
2017-09-16 16:08:10,042 - [webpage_parser.py:65] - INFO - procotol:http, hostname:wenku.baidu.com, new_link:/p/wenboyashi
2017-09-16 16:08:10,042 - [webpage_parser.py:65] - INFO - procotol:http, hostname:wenku.baidu.com, new_link:/p/wenboyashi
2017-09-16 16:08:10,043 - [webpage_parser.py:65] - INFO - procotol:http, hostname:wenku.baidu.com, new_link:/p/%C8%AB%D0%C2%B5%D8%B4%F8637
2017-09-16 16:08:10,043 - [webpage_parser.py:65] - INFO - procotol:http, hostname:wenku.baidu.com, new_link:/p/%C8%AB%D0%C2%B5%D8%B4%F8637
2017-09-16 16:08:10,043 - [webpage_parser.py:65] - INFO - procotol:http, hostname:wenku.baidu.com, new_link:/p/%BA%E9%C3%C5%D5%F2%C0%CF%B4%F3
2017-09-16 16:08:10,044 - [webpage_parser.py:65] - INFO - procotol:http, hostname:wenku.baidu.com, new_link:/p/%BA%E9%C3%C5%D5%F2%C0%CF%B4%F3
2017-09-16 16:08:10,044 - [webpage_parser.py:65] - INFO - procotol:http, hostname:wenku.baidu.com, new_link:/view/50e879875901020207409cd4.html
2017-09-16 16:08:10,045 - [webpage_parser.py:65] - INFO - procotol:http, hostname:wenku.baidu.com, new_link:/view/c87017eb964bcf84b8d57b34.html
2017-09-16 16:08:10,045 - [webpage_parser.py:65] - INFO - procotol:http, hostname:wenku.baidu.com, new_link:/view/682ea1224afe04a1b171de34.html
2017-09-16 16:08:10,046 - [webpage_parser.py:65] - INFO - procotol:http, hostname:wenku.baidu.com, new_link:/view/522ba466650e52ea551898e6.html
2017-09-16 16:08:10,046 - [webpage_parser.py:65] - INFO - procotol:http, hostname:wenku.baidu.com, new_link:/view/2941a39fb8f67c1cfbd6b827.html
2017-09-16 16:08:10,046 - [webpage_parser.py:65] - INFO - procotol:http, hostname:wenku.baidu.com, new_link:/view/b3591477a6c30c2259019eb8.html
2017-09-16 16:08:10,047 - [webpage_parser.py:65] - INFO - procotol:http, hostname:wenku.baidu.com, new_link:/view/d0bdea04c4da50e2524de518964bcf84b8d52d57.html
2017-09-16 16:08:10,047 - [webpage_parser.py:65] - INFO - procotol:http, hostname:wenku.baidu.com, new_link:/view/cdcc4a92d05abe23482fb4daa58da0116c171fc7.html
2017-09-16 16:08:10,047 - [webpage_parser.py:65] - INFO - procotol:http, hostname:wenku.baidu.com, new_link:/view/ae76c89981eb6294dd88d0d233d4b14e85243efe.html
2017-09-16 16:08:10,048 - [webpage_parser.py:65] - INFO - procotol:http, hostname:wenku.baidu.com, new_link:/view/c4326113f46527d3250ce040.html
2017-09-16 16:08:10,049 - [webpage_parser.py:65] - INFO - procotol:http, hostname:wenku.baidu.com, new_link:/view/ea861b625a8102d277a22f37.html
2017-09-16 16:08:10,049 - [webpage_parser.py:65] - INFO - procotol:http, hostname:wenku.baidu.com, new_link:/view/2fe6baec6529647d26285256.html
2017-09-16 16:08:10,050 - [webpage_parser.py:65] - INFO - procotol:http, hostname:wenku.baidu.com, new_link:/view/89fb4166cc22bcd126ff0cff.html
2017-09-16 16:08:10,051 - [webpage_parser.py:65] - INFO - procotol:http, hostname:wenku.baidu.com, new_link:/view/bb52f42a0c22590103029d3e.html
2017-09-16 16:08:10,051 - [webpage_parser.py:65] - INFO - procotol:http, hostname:wenku.baidu.com, new_link:/view/93ea939031b765ce040814e1.html
2017-09-16 16:08:10,052 - [webpage_parser.py:65] - INFO - procotol:http, hostname:wenku.baidu.com, new_link:/view/105122c0fd0a79563d1e720b.html
2017-09-16 16:08:10,052 - [webpage_parser.py:65] - INFO - procotol:http, hostname:wenku.baidu.com, new_link:/view/6b08a759aaea998fcd220e4a.html
2017-09-16 16:08:10,053 - [webpage_parser.py:65] - INFO - procotol:http, hostname:wenku.baidu.com, new_link:/view/7dd7dfbe8bd63186bcebbc8b.html
2017-09-16 16:08:10,053 - [webpage_parser.py:65] - INFO - procotol:http, hostname:wenku.baidu.com, new_link:/view/4b194b2d31b765ce05081459.html
2017-09-16 16:08:10,054 - [webpage_parser.py:65] - INFO - procotol:http, hostname:wenku.baidu.com, new_link:/view/577aae6dee06eff9aff80713.html
2017-09-16 16:08:10,054 - [webpage_parser.py:65] - INFO - procotol:http, hostname:wenku.baidu.com, new_link:/view/5b308859de80d4d8d15a4fbe.html
2017-09-16 16:08:10,054 - [webpage_parser.py:65] - INFO - procotol:http, hostname:wenku.baidu.com, new_link:/view/22fae9443968011ca2009147.html
2017-09-16 16:08:10,055 - [webpage_parser.py:65] - INFO - procotol:http, hostname:wenku.baidu.com, new_link:/view/ddc6122ab4daa58da0114aef.html
2017-09-16 16:08:10,055 - [webpage_parser.py:65] - INFO - procotol:http, hostname:wenku.baidu.com, new_link:/view/3eece4e24028915f804dc2f2.html
2017-09-16 16:08:10,056 - [webpage_parser.py:65] - INFO - procotol:http, hostname:wenku.baidu.com, new_link:/view/a9114e94524de518974b7d44.html
2017-09-16 16:08:10,056 - [webpage_parser.py:65] - INFO - procotol:http, hostname:wenku.baidu.com, new_link:/view/9897817402020740bf1e9b2e.html
2017-09-16 16:08:10,057 - [webpage_parser.py:65] - INFO - procotol:http, hostname:wenku.baidu.com, new_link:/view/cf0c2ce2dd88d0d232d46a58.html
2017-09-16 16:08:10,057 - [webpage_parser.py:65] - INFO - procotol:http, hostname:wenku.baidu.com, new_link:/view/dc33164443323968001c923e.html
2017-09-16 16:08:10,058 - [webpage_parser.py:65] - INFO - procotol:http, hostname:wenku.baidu.com, new_link:/view/e46d6fc8960590c69ec376b3.html
2017-09-16 16:08:10,058 - [webpage_parser.py:65] - INFO - procotol:http, hostname:wenku.baidu.com, new_link:/view/0fbfbc4683c4bb4cf7ecd182.html
2017-09-16 16:08:10,058 - [webpage_parser.py:65] - INFO - procotol:http, hostname:wenku.baidu.com, new_link:/view/1f1e39d4f524ccbff121847d.html
2017-09-16 16:08:10,059 - [webpage_parser.py:65] - INFO - procotol:http, hostname:wenku.baidu.com, new_link:/view/5159fd0fa26925c52dc5bf5d.html
2017-09-16 16:08:10,059 - [webpage_parser.py:65] - INFO - procotol:http, hostname:wenku.baidu.com, new_link:/view/1170207cf12d2af90342e604.html
2017-09-16 16:08:10,059 - [webpage_parser.py:65] - INFO - procotol:http, hostname:wenku.baidu.com, new_link:/view/5872eb75866fb84ae45c8d6c.html
2017-09-16 16:08:10,060 - [webpage_parser.py:65] - INFO - procotol:http, hostname:wenku.baidu.com, new_link:/view/d491ef736c175f0e7cd1377b.html
2017-09-16 16:08:10,060 - [webpage_parser.py:65] - INFO - procotol:http, hostname:wenku.baidu.com, new_link:/view/7b68e6e071fe910ef12df866.html
2017-09-16 16:08:10,060 - [webpage_parser.py:65] - INFO - procotol:http, hostname:wenku.baidu.com, new_link:/view/7a15dce384868762caaed5dd.html
2017-09-16 16:08:10,061 - [webpage_parser.py:65] - INFO - procotol:http, hostname:wenku.baidu.com, new_link:/view/d34ed2d21a37f111f1855b8b.html
2017-09-16 16:08:10,061 - [webpage_parser.py:65] - INFO - procotol:http, hostname:wenku.baidu.com, new_link:/view/41b46fe6a0116c175f0e48df.html
2017-09-16 16:08:10,062 - [webpage_parser.py:65] - INFO - procotol:http, hostname:wenku.baidu.com, new_link:/view/bc737dab19e8b8f67d1cb933.html
2017-09-16 16:08:10,062 - [webpage_parser.py:65] - INFO - procotol:http, hostname:wenku.baidu.com, new_link:/view/1fefe339168884868662d632.html
2017-09-16 16:08:10,063 - [webpage_parser.py:65] - INFO - procotol:http, hostname:wenku.baidu.com, new_link:/view/a0e6ad575f0e7cd185253632.html
2017-09-16 16:08:10,063 - [webpage_parser.py:65] - INFO - procotol:http, hostname:wenku.baidu.com, new_link:/view/04dde4aa58f5f61fb73666a1.html
2017-09-16 16:08:10,064 - [webpage_parser.py:65] - INFO - procotol:http, hostname:wenku.baidu.com, new_link:/view/34dcf53c77232f60dccca127.html
2017-09-16 16:08:10,064 - [webpage_parser.py:65] - INFO - procotol:http, hostname:wenku.baidu.com, new_link:/view/78f661b928ea81c758f578da.html
2017-09-16 16:08:10,064 - [webpage_parser.py:65] - INFO - procotol:http, hostname:wenku.baidu.com, new_link:/view/7fe2114e0b4e767f5bcfce0d.html
2017-09-16 16:08:10,064 - [webpage_parser.py:65] - INFO - procotol:http, hostname:wenku.baidu.com, new_link:/view/aa103e7b2f60ddccda38a09c.html
2017-09-16 16:08:10,065 - [webpage_parser.py:65] - INFO - procotol:http, hostname:wenku.baidu.com, new_link:/view/27e1d40e3c1ec5da51e27041.html
2017-09-16 16:08:10,065 - [webpage_parser.py:65] - INFO - procotol:http, hostname:wenku.baidu.com, new_link:/view/80007188e009581b6bd9ebac.html
2017-09-16 16:08:10,065 - [webpage_parser.py:65] - INFO - procotol:http, hostname:wenku.baidu.com, new_link:/view/39724a8cf8c75fbfc77db2d5.html
2017-09-16 16:08:10,066 - [webpage_parser.py:65] - INFO - procotol:http, hostname:wenku.baidu.com, new_link:/view/f1109fa04028915f804dc289.html
2017-09-16 16:08:10,066 - [webpage_parser.py:65] - INFO - procotol:http, hostname:wenku.baidu.com, new_link:/view/6190b20103d8ce2f00662318.html
2017-09-16 16:08:10,066 - [webpage_parser.py:65] - INFO - procotol:http, hostname:wenku.baidu.com, new_link:/view/8587500952ea551810a687a5.html
2017-09-16 16:08:10,067 - [webpage_parser.py:65] - INFO - procotol:http, hostname:wenku.baidu.com, new_link:/view/5feacd4d767f5acfa0c7cd05.html
2017-09-16 16:08:10,067 - [webpage_parser.py:65] - INFO - procotol:http, hostname:wenku.baidu.com, new_link:/view/3fc1d74bf7ec4afe04a1df08.html
2017-09-16 16:08:10,067 - [webpage_parser.py:65] - INFO - procotol:http, hostname:wenku.baidu.com, new_link:/view/e4db3c25aaea998fcc220e0b.html
2017-09-16 16:08:10,068 - [webpage_parser.py:65] - INFO - procotol:http, hostname:wenku.baidu.com, new_link:/view/d3aed0ec19e8b8f67c1cb935.html
2017-09-16 16:08:10,068 - [webpage_parser.py:65] - INFO - procotol:http, hostname:wenku.baidu.com, new_link:/view/c78efd4ecf84b9d528ea7a9e.html
2017-09-16 16:08:10,069 - [webpage_parser.py:65] - INFO - procotol:http, hostname:wenku.baidu.com, new_link:/view/3c531207cc175527072208ab.html
2017-09-16 16:08:10,069 - [webpage_parser.py:65] - INFO - procotol:http, hostname:wenku.baidu.com, new_link:/view/336891eb856a561252d36f54.html
2017-09-16 16:08:10,070 - [webpage_parser.py:65] - INFO - procotol:http, hostname:wenku.baidu.com, new_link:/view/0608ed49ff00bed5b8f31d23.html
2017-09-16 16:08:10,070 - [webpage_parser.py:65] - INFO - procotol:http, hostname:wenku.baidu.com, new_link:/view/ceb0d3e465ce050877321319.html
2017-09-16 16:08:10,070 - [webpage_parser.py:65] - INFO - procotol:http, hostname:wenku.baidu.com, new_link:/view/f3ca5737783e0912a3162a32.html
2017-09-16 16:08:10,071 - [webpage_parser.py:65] - INFO - procotol:http, hostname:wenku.baidu.com, new_link:/view/24cc6a2daf1ffc4fff47ac3e.html
2017-09-16 16:08:10,071 - [webpage_parser.py:65] - INFO - procotol:http, hostname:wenku.baidu.com, new_link:/view/fbadaef669dc5022aaea0098.html
2017-09-16 16:08:10,071 - [webpage_parser.py:65] - INFO - procotol:http, hostname:wenku.baidu.com, new_link:/view/b9b6045bc281e53a5902ff2b.html
2017-09-16 16:08:10,072 - [webpage_parser.py:65] - INFO - procotol:http, hostname:wenku.baidu.com, new_link:/view/edd95b4e16fc700aba68fc2a.html
2017-09-16 16:08:10,072 - [webpage_parser.py:65] - INFO - procotol:http, hostname:wenku.baidu.com, new_link:/view/864d71a0172ded630b1cb6d3.html
2017-09-16 16:08:10,072 - [webpage_parser.py:65] - INFO - procotol:http, hostname:wenku.baidu.com, new_link:/view/7c8c17351711cc7931b716e3.html
2017-09-16 16:08:10,072 - [webpage_parser.py:65] - INFO - procotol:http, hostname:wenku.baidu.com, new_link:/view/24fc2b8283d049649b6658f0.html
2017-09-16 16:08:10,073 - [webpage_parser.py:65] - INFO - procotol:http, hostname:wenku.baidu.com, new_link:/view/29fd157aa26925c52cc5bf4f.html
2017-09-16 16:08:10,073 - [webpage_parser.py:65] - INFO - procotol:http, hostname:wenku.baidu.com, new_link:/view/c8c3f0fe0242a8956bece4f3.html
2017-09-16 16:08:10,073 - [webpage_parser.py:65] - INFO - procotol:http, hostname:wenku.baidu.com, new_link:/view/23dbb9f66f1aff00bed51ef3.html
2017-09-16 16:08:10,074 - [webpage_parser.py:65] - INFO - procotol:http, hostname:wenku.baidu.com, new_link:/view/ad961fcb941ea76e58fa04a7.html
2017-09-16 16:08:10,074 - [webpage_parser.py:65] - INFO - procotol:http, hostname:wenku.baidu.com, new_link:/view/93e7dbeedd3383c4bb4cd2c0.html
2017-09-16 16:08:10,075 - [webpage_parser.py:65] - INFO - procotol:http, hostname:wenku.baidu.com, new_link:/view/95a24dc6b8d528ea81c758f5f61fb7360a4c2b7a.html
2017-09-16 16:08:10,075 - [webpage_parser.py:65] - INFO - procotol:http, hostname:wenku.baidu.com, new_link:/view/95a24dc6b8d528ea81c758f5f61fb7360a4c2b7a.html
2017-09-16 16:08:10,076 - [webpage_parser.py:65] - INFO - procotol:http, hostname:wenku.baidu.com, new_link:/org/view?org=cjcpg
2017-09-16 16:08:10,076 - [webpage_parser.py:65] - INFO - procotol:http, hostname:wenku.baidu.com, new_link:/view/8d979aa40c22590102029dfb.html
2017-09-16 16:08:10,076 - [webpage_parser.py:65] - INFO - procotol:http, hostname:wenku.baidu.com, new_link:/view/8d979aa40c22590102029dfb.html
2017-09-16 16:08:10,076 - [webpage_parser.py:65] - INFO - procotol:http, hostname:wenku.baidu.com, new_link:/p/dhanyi
2017-09-16 16:08:10,077 - [webpage_parser.py:65] - INFO - procotol:http, hostname:wenku.baidu.com, new_link:/view/3512ef3d590216fc700abb68a98271fe910eafca.html
2017-09-16 16:08:10,077 - [webpage_parser.py:65] - INFO - procotol:http, hostname:wenku.baidu.com, new_link:/view/3512ef3d590216fc700abb68a98271fe910eafca.html
2017-09-16 16:08:10,078 - [webpage_parser.py:65] - INFO - procotol:http, hostname:wenku.baidu.com, new_link:/p/西林林1
2017-09-16 16:08:10,078 - [webpage_parser.py:65] - INFO - procotol:http, hostname:wenku.baidu.com, new_link:/view/a437b1545fbfc77da369b168.html
2017-09-16 16:08:10,078 - [webpage_parser.py:65] - INFO - procotol:http, hostname:wenku.baidu.com, new_link:/view/a437b1545fbfc77da369b168.html
2017-09-16 16:08:10,078 - [webpage_parser.py:65] - INFO - procotol:http, hostname:wenku.baidu.com, new_link:/p/qixiao1996
2017-09-16 16:08:10,079 - [webpage_parser.py:65] - INFO - procotol:http, hostname:wenku.baidu.com, new_link:/view/025ff1e1915f804d2a16c162.html
2017-09-16 16:08:10,079 - [webpage_parser.py:65] - INFO - procotol:http, hostname:wenku.baidu.com, new_link:/view/025ff1e1915f804d2a16c162.html
2017-09-16 16:08:10,080 - [webpage_parser.py:65] - INFO - procotol:http, hostname:wenku.baidu.com, new_link:/p/守候爱的铁树
2017-09-16 16:08:10,080 - [webpage_parser.py:65] - INFO - procotol:http, hostname:wenku.baidu.com, new_link:/view/00644a51df80d4d8d15abe23482fb4daa58d1dd9.html
2017-09-16 16:08:10,081 - [webpage_parser.py:65] - INFO - procotol:http, hostname:wenku.baidu.com, new_link:/view/00644a51df80d4d8d15abe23482fb4daa58d1dd9.html
2017-09-16 16:08:10,081 - [webpage_parser.py:65] - INFO - procotol:http, hostname:wenku.baidu.com, new_link:/org/view?org=cjcpg
2017-09-16 16:08:10,081 - [webpage_parser.py:65] - INFO - procotol:http, hostname:wenku.baidu.com, new_link:javascript:void(0);
2017-09-16 16:08:10,082 - [webpage_parser.py:65] - INFO - procotol:http, hostname:wenku.baidu.com, new_link:javascript:void(0);
2017-09-16 16:08:10,082 - [webpage_parser.py:65] - INFO - procotol:http, hostname:wenku.baidu.com, new_link:javascript:void(0);
2017-09-16 16:08:10,082 - [webpage_parser.py:65] - INFO - procotol:http, hostname:wenku.baidu.com, new_link:javascript:void(0);
2017-09-16 16:08:10,083 - [webpage_parser.py:65] - INFO - procotol:http, hostname:wenku.baidu.com, new_link:javascript:void(0);
2017-09-16 16:08:10,083 - [webpage_parser.py:65] - INFO - procotol:http, hostname:wenku.baidu.com, new_link:javascript:void(0);
2017-09-16 16:08:10,083 - [webpage_parser.py:65] - INFO - procotol:http, hostname:wenku.baidu.com, new_link:/userverify/request
2017-09-16 16:08:10,083 - [webpage_parser.py:65] - INFO - procotol:http, hostname:wenku.baidu.com, new_link:/view/d80ae1c665ce0508763213e1.html
2017-09-16 16:08:10,084 - [webpage_parser.py:65] - INFO - procotol:http, hostname:wenku.baidu.com, new_link:/view/d80ae1c665ce0508763213e1.html
2017-09-16 16:08:10,084 - [webpage_parser.py:65] - INFO - procotol:http, hostname:wenku.baidu.com, new_link:/p/学堂那点事儿
2017-09-16 16:08:10,084 - [webpage_parser.py:65] - INFO - procotol:http, hostname:wenku.baidu.com, new_link:/view/12d1613669eae009591bec4a.html
2017-09-16 16:08:10,084 - [webpage_parser.py:65] - INFO - procotol:http, hostname:wenku.baidu.com, new_link:/view/12d1613669eae009591bec4a.html
2017-09-16 16:08:10,085 - [webpage_parser.py:65] - INFO - procotol:http, hostname:wenku.baidu.com, new_link:/p/烟雨花涵
2017-09-16 16:08:10,085 - [webpage_parser.py:65] - INFO - procotol:http, hostname:wenku.baidu.com, new_link:/view/a412b00b581b6bd97f19eafe.html
2017-09-16 16:08:10,086 - [webpage_parser.py:65] - INFO - procotol:http, hostname:wenku.baidu.com, new_link:/view/a412b00b581b6bd97f19eafe.html
2017-09-16 16:08:10,086 - [webpage_parser.py:65] - INFO - procotol:http, hostname:wenku.baidu.com, new_link:/p/星期八那天
2017-09-16 16:08:10,087 - [webpage_parser.py:65] - INFO - procotol:http, hostname:wenku.baidu.com, new_link:/view/e119ab271eb91a37f1115ca3.html
2017-09-16 16:08:10,087 - [webpage_parser.py:65] - INFO - procotol:http, hostname:wenku.baidu.com, new_link:/view/e119ab271eb91a37f1115ca3.html
2017-09-16 16:08:10,088 - [webpage_parser.py:65] - INFO - procotol:http, hostname:wenku.baidu.com, new_link:/p/富诚理财师
2017-09-16 16:08:10,088 - [webpage_parser.py:65] - INFO - procotol:http, hostname:wenku.baidu.com, new_link:/view/bed9a38271fe910ef12df8b4.html
2017-09-16 16:08:10,088 - [webpage_parser.py:65] - INFO - procotol:http, hostname:wenku.baidu.com, new_link:/view/bed9a38271fe910ef12df8b4.html
2017-09-16 16:08:10,088 - [webpage_parser.py:65] - INFO - procotol:http, hostname:wenku.baidu.com, new_link:/view/81b1223a580216fc700afd34.html
2017-09-16 16:08:10,089 - [webpage_parser.py:65] - INFO - procotol:http, hostname:wenku.baidu.com, new_link:/view/81b1223a580216fc700afd34.html
2017-09-16 16:08:10,089 - [webpage_parser.py:65] - INFO - procotol:http, hostname:wenku.baidu.com, new_link:/view/4fd6ef4a192e45361166f55f.html
2017-09-16 16:08:10,089 - [webpage_parser.py:65] - INFO - procotol:http, hostname:wenku.baidu.com, new_link:/view/4fd6ef4a192e45361166f55f.html
2017-09-16 16:08:10,090 - [webpage_parser.py:65] - INFO - procotol:http, hostname:wenku.baidu.com, new_link:/p/qingyouqian
2017-09-16 16:08:10,090 - [webpage_parser.py:65] - INFO - procotol:http, hostname:wenku.baidu.com, new_link:/view/d80ae1c665ce0508763213e1.html
2017-09-16 16:08:10,091 - [webpage_parser.py:65] - INFO - procotol:http, hostname:wenku.baidu.com, new_link:/view/d80ae1c665ce0508763213e1.html
2017-09-16 16:08:10,091 - [webpage_parser.py:65] - INFO - procotol:http, hostname:wenku.baidu.com, new_link:/p/学堂那点事儿
2017-09-16 16:08:10,092 - [webpage_parser.py:65] - INFO - procotol:http, hostname:wenku.baidu.com, new_link:/view/13f3d97ca8956bec0975e34c.html
2017-09-16 16:08:10,092 - [webpage_parser.py:65] - INFO - procotol:http, hostname:wenku.baidu.com, new_link:/view/13f3d97ca8956bec0975e34c.html
2017-09-16 16:08:10,092 - [webpage_parser.py:65] - INFO - procotol:http, hostname:wenku.baidu.com, new_link:/p/白毒11
2017-09-16 16:08:10,093 - [webpage_parser.py:65] - INFO - procotol:http, hostname:wenku.baidu.com, new_link:/view/55e08e350912a21614792995.html
2017-09-16 16:08:10,093 - [webpage_parser.py:65] - INFO - procotol:http, hostname:wenku.baidu.com, new_link:/view/55e08e350912a21614792995.html
2017-09-16 16:08:10,093 - [webpage_parser.py:65] - INFO - procotol:http, hostname:wenku.baidu.com, new_link:/p/0821yuan
2017-09-16 16:08:10,094 - [webpage_parser.py:65] - INFO - procotol:http, hostname:wenku.baidu.com, new_link:/view/a547948cb9d528ea81c77911.html
2017-09-16 16:08:10,094 - [webpage_parser.py:65] - INFO - procotol:http, hostname:wenku.baidu.com, new_link:/view/a547948cb9d528ea81c77911.html
2017-09-16 16:08:10,094 - [webpage_parser.py:65] - INFO - procotol:http, hostname:wenku.baidu.com, new_link:/view/c6650e2a312b3169a551a42d.html
2017-09-16 16:08:10,095 - [webpage_parser.py:65] - INFO - procotol:http, hostname:wenku.baidu.com, new_link:/view/c6650e2a312b3169a551a42d.html
2017-09-16 16:08:10,095 - [webpage_parser.py:65] - INFO - procotol:http, hostname:wenku.baidu.com, new_link:/p/cnbensoft
2017-09-16 16:08:10,095 - [webpage_parser.py:65] - INFO - procotol:http, hostname:wenku.baidu.com, new_link:/view/efc1f1727fd5360cba1adb61.html
2017-09-16 16:08:10,096 - [webpage_parser.py:65] - INFO - procotol:http, hostname:wenku.baidu.com, new_link:/view/efc1f1727fd5360cba1adb61.html
2017-09-16 16:08:10,096 - [webpage_parser.py:65] - INFO - procotol:http, hostname:wenku.baidu.com, new_link:/view/136e55c589eb172ded63b742.html
2017-09-16 16:08:10,096 - [webpage_parser.py:65] - INFO - procotol:http, hostname:wenku.baidu.com, new_link:/view/136e55c589eb172ded63b742.html
2017-09-16 16:08:10,097 - [webpage_parser.py:65] - INFO - procotol:http, hostname:wenku.baidu.com, new_link:/view/193601d384254b35eefd343f.html
2017-09-16 16:08:10,097 - [webpage_parser.py:65] - INFO - procotol:http, hostname:wenku.baidu.com, new_link:/view/193601d384254b35eefd343f.html
2017-09-16 16:08:10,097 - [webpage_parser.py:65] - INFO - procotol:http, hostname:wenku.baidu.com, new_link:/view/57c039d0360cba1aa811dab2.html
2017-09-16 16:08:10,098 - [webpage_parser.py:65] - INFO - procotol:http, hostname:wenku.baidu.com, new_link:/view/57c039d0360cba1aa811dab2.html
2017-09-16 16:08:10,098 - [webpage_parser.py:65] - INFO - procotol:http, hostname:wenku.baidu.com, new_link:/view/fa2570dd6f1aff00bed51e38.html
2017-09-16 16:08:10,098 - [webpage_parser.py:65] - INFO - procotol:http, hostname:wenku.baidu.com, new_link:/view/fa2570dd6f1aff00bed51e38.html
2017-09-16 16:08:10,099 - [webpage_parser.py:65] - INFO - procotol:http, hostname:wenku.baidu.com, new_link:/view/76fe12fef705cc1755270935.html
2017-09-16 16:08:10,099 - [webpage_parser.py:65] - INFO - procotol:http, hostname:wenku.baidu.com, new_link:/view/76fe12fef705cc1755270935.html
2017-09-16 16:08:10,099 - [webpage_parser.py:65] - INFO - procotol:http, hostname:wenku.baidu.com, new_link:/view/05d05dd1c1c708a1284a44b9.html
2017-09-16 16:08:10,100 - [webpage_parser.py:65] - INFO - procotol:http, hostname:wenku.baidu.com, new_link:/view/05d05dd1c1c708a1284a44b9.html
2017-09-16 16:08:10,100 - [webpage_parser.py:65] - INFO - procotol:http, hostname:wenku.baidu.com, new_link:/view/94bf9363caaedd3383c4d33f.html
2017-09-16 16:08:10,100 - [webpage_parser.py:65] - INFO - procotol:http, hostname:wenku.baidu.com, new_link:/view/94bf9363caaedd3383c4d33f.html
2017-09-16 16:08:10,101 - [webpage_parser.py:65] - INFO - procotol:http, hostname:wenku.baidu.com, new_link:/view/19ac6f00763231126edb116f.html
2017-09-16 16:08:10,101 - [webpage_parser.py:65] - INFO - procotol:http, hostname:wenku.baidu.com, new_link:/view/19ac6f00763231126edb116f.html
2017-09-16 16:08:10,101 - [webpage_parser.py:65] - INFO - procotol:http, hostname:wenku.baidu.com, new_link:/view/e7142051ad02de80d4d84065.html
2017-09-16 16:08:10,102 - [webpage_parser.py:65] - INFO - procotol:http, hostname:wenku.baidu.com, new_link:/view/e7142051ad02de80d4d84065.html
2017-09-16 16:08:10,102 - [webpage_parser.py:65] - INFO - procotol:http, hostname:wenku.baidu.com, new_link:/view/f1d247df6f1aff00bed51ec1.html
2017-09-16 16:08:10,103 - [webpage_parser.py:65] - INFO - procotol:http, hostname:wenku.baidu.com, new_link:/view/f1d247df6f1aff00bed51ec1.html
2017-09-16 16:08:10,103 - [webpage_parser.py:65] - INFO - procotol:http, hostname:wenku.baidu.com, new_link:/view/63a7fe9951e79b89680226d4.html
2017-09-16 16:08:10,103 - [webpage_parser.py:65] - INFO - procotol:http, hostname:wenku.baidu.com, new_link:/view/63a7fe9951e79b89680226d4.html
2017-09-16 16:08:10,104 - [webpage_parser.py:65] - INFO - procotol:http, hostname:wenku.baidu.com, new_link:/view/4347231b6bd97f192279e94a.html
2017-09-16 16:08:10,104 - [webpage_parser.py:65] - INFO - procotol:http, hostname:wenku.baidu.com, new_link:/view/4347231b6bd97f192279e94a.html
2017-09-16 16:08:10,104 - [webpage_parser.py:65] - INFO - procotol:http, hostname:wenku.baidu.com, new_link:/view/05fe8deeaeaad1f346933f2b.html
2017-09-16 16:08:10,104 - [webpage_parser.py:65] - INFO - procotol:http, hostname:wenku.baidu.com, new_link:/view/05fe8deeaeaad1f346933f2b.html
2017-09-16 16:08:10,105 - [webpage_parser.py:65] - INFO - procotol:http, hostname:wenku.baidu.com, new_link:/view/11b3a1091ed9ad51f01df2f0.html
2017-09-16 16:08:10,105 - [webpage_parser.py:65] - INFO - procotol:http, hostname:wenku.baidu.com, new_link:/view/11b3a1091ed9ad51f01df2f0.html
2017-09-16 16:08:10,105 - [webpage_parser.py:65] - INFO - procotol:http, hostname:wenku.baidu.com, new_link:/org/view?org=eol
2017-09-16 16:08:10,106 - [webpage_parser.py:65] - INFO - procotol:http, hostname:wenku.baidu.com, new_link:/view/38161852cfc789eb172dc88a.html
2017-09-16 16:08:10,106 - [webpage_parser.py:65] - INFO - procotol:http, hostname:wenku.baidu.com, new_link:/view/38161852cfc789eb172dc88a.html
2017-09-16 16:08:10,106 - [webpage_parser.py:65] - INFO - procotol:http, hostname:wenku.baidu.com, new_link:/p/kiddyzxz
2017-09-16 16:08:10,106 - [webpage_parser.py:65] - INFO - procotol:http, hostname:wenku.baidu.com, new_link:/view/9b79b30d4a7302768e99398b.html
2017-09-16 16:08:10,107 - [webpage_parser.py:65] - INFO - procotol:http, hostname:wenku.baidu.com, new_link:/view/9b79b30d4a7302768e99398b.html
2017-09-16 16:08:10,107 - [webpage_parser.py:65] - INFO - procotol:http, hostname:wenku.baidu.com, new_link:/view/cf2b966db84ae45c3b358c3b.html
2017-09-16 16:08:10,107 - [webpage_parser.py:65] - INFO - procotol:http, hostname:wenku.baidu.com, new_link:/view/cf2b966db84ae45c3b358c3b.html
2017-09-16 16:08:10,108 - [webpage_parser.py:65] - INFO - procotol:http, hostname:wenku.baidu.com, new_link:/view/e89f76624431b90d6c85c7fc.html
2017-09-16 16:08:10,108 - [webpage_parser.py:65] - INFO - procotol:http, hostname:wenku.baidu.com, new_link:/view/e89f76624431b90d6c85c7fc.html
2017-09-16 16:08:10,109 - [webpage_parser.py:65] - INFO - procotol:http, hostname:wenku.baidu.com, new_link:/p/淘金老冯
2017-09-16 16:08:10,109 - [webpage_parser.py:65] - INFO - procotol:http, hostname:wenku.baidu.com, new_link:/view/006b516cb84ae45c3b358c85.html
2017-09-16 16:08:10,110 - [webpage_parser.py:65] - INFO - procotol:http, hostname:wenku.baidu.com, new_link:/view/006b516cb84ae45c3b358c85.html
2017-09-16 16:08:10,110 - [webpage_parser.py:65] - INFO - procotol:http, hostname:wenku.baidu.com, new_link:/view/af97736a168884868762d6a7.html
2017-09-16 16:08:10,110 - [webpage_parser.py:65] - INFO - procotol:http, hostname:wenku.baidu.com, new_link:/view/af97736a168884868762d6a7.html
2017-09-16 16:08:10,111 - [webpage_parser.py:65] - INFO - procotol:http, hostname:wenku.baidu.com, new_link:/p/heinrico
2017-09-16 16:08:10,111 - [webpage_parser.py:65] - INFO - procotol:http, hostname:wenku.baidu.com, new_link:/view/29244cdb5022aaea998f0f9e.html
2017-09-16 16:08:10,111 - [webpage_parser.py:65] - INFO - procotol:http, hostname:wenku.baidu.com, new_link:/view/29244cdb5022aaea998f0f9e.html
2017-09-16 16:08:10,112 - [webpage_parser.py:65] - INFO - procotol:http, hostname:wenku.baidu.com, new_link:/view/c381de19011ca300a7c39020.html
2017-09-16 16:08:10,112 - [webpage_parser.py:65] - INFO - procotol:http, hostname:wenku.baidu.com, new_link:/view/c381de19011ca300a7c39020.html
2017-09-16 16:08:10,112 - [webpage_parser.py:65] - INFO - procotol:http, hostname:wenku.baidu.com, new_link:/p/baby马上就有钱
2017-09-16 16:08:10,113 - [webpage_parser.py:65] - INFO - procotol:http, hostname:wenku.baidu.com, new_link:/view/2a0ded81e53a580216fcfe14.html
2017-09-16 16:08:10,113 - [webpage_parser.py:65] - INFO - procotol:http, hostname:wenku.baidu.com, new_link:/view/2a0ded81e53a580216fcfe14.html
2017-09-16 16:08:10,114 - [webpage_parser.py:65] - INFO - procotol:http, hostname:wenku.baidu.com, new_link:/view/c499859951e79b89680226ea.html
2017-09-16 16:08:10,114 - [webpage_parser.py:65] - INFO - procotol:http, hostname:wenku.baidu.com, new_link:/view/c499859951e79b89680226ea.html
2017-09-16 16:08:10,114 - [webpage_parser.py:65] - INFO - procotol:http, hostname:wenku.baidu.com, new_link:/view/44b78514cc7931b765ce15d6.html
2017-09-16 16:08:10,115 - [webpage_parser.py:65] - INFO - procotol:http, hostname:wenku.baidu.com, new_link:/view/44b78514cc7931b765ce15d6.html
2017-09-16 16:08:10,115 - [webpage_parser.py:65] - INFO - procotol:http, hostname:wenku.baidu.com, new_link:/view/43832a4de518964bcf847c64.html
2017-09-16 16:08:10,115 - [webpage_parser.py:65] - INFO - procotol:http, hostname:wenku.baidu.com, new_link:/view/43832a4de518964bcf847c64.html
2017-09-16 16:08:10,116 - [webpage_parser.py:65] - INFO - procotol:http, hostname:wenku.baidu.com, new_link:/view/1f6baa70f46527d3240ce088.html
2017-09-16 16:08:10,116 - [webpage_parser.py:65] - INFO - procotol:http, hostname:wenku.baidu.com, new_link:/view/1f6baa70f46527d3240ce088.html
2017-09-16 16:08:10,116 - [webpage_parser.py:65] - INFO - procotol:http, hostname:wenku.baidu.com, new_link:/view/8a8905be960590c69ec376ad.html
2017-09-16 16:08:10,117 - [webpage_parser.py:65] - INFO - procotol:http, hostname:wenku.baidu.com, new_link:/view/8a8905be960590c69ec376ad.html
2017-09-16 16:08:10,117 - [webpage_parser.py:65] - INFO - procotol:http, hostname:wenku.baidu.com, new_link:/view/7ff8158302d276a200292ec8.html
2017-09-16 16:08:10,117 - [webpage_parser.py:65] - INFO - procotol:http, hostname:wenku.baidu.com, new_link:/view/7ff8158302d276a200292ec8.html
2017-09-16 16:08:10,117 - [webpage_parser.py:65] - INFO - procotol:http, hostname:wenku.baidu.com, new_link:/view/9022890402020740be1e9b03.html
2017-09-16 16:08:10,118 - [webpage_parser.py:65] - INFO - procotol:http, hostname:wenku.baidu.com, new_link:/view/9022890402020740be1e9b03.html
2017-09-16 16:08:10,118 - [webpage_parser.py:65] - INFO - procotol:http, hostname:wenku.baidu.com, new_link:/view/d942d09b680203d8ce2f24b2.html
2017-09-16 16:08:10,119 - [webpage_parser.py:65] - INFO - procotol:http, hostname:wenku.baidu.com, new_link:/view/d942d09b680203d8ce2f24b2.html
2017-09-16 16:08:10,119 - [webpage_parser.py:65] - INFO - procotol:http, hostname:wenku.baidu.com, new_link:/p/营养医师王兴国
2017-09-16 16:08:10,119 - [webpage_parser.py:65] - INFO - procotol:http, hostname:wenku.baidu.com, new_link:/view/e4a2f628647d27284b73512c.html
2017-09-16 16:08:10,119 - [webpage_parser.py:65] - INFO - procotol:http, hostname:wenku.baidu.com, new_link:/view/e4a2f628647d27284b73512c.html
2017-09-16 16:08:10,120 - [webpage_parser.py:65] - INFO - procotol:http, hostname:wenku.baidu.com, new_link:/view/f32835c1240c844769eaee5a.html
2017-09-16 16:08:10,120 - [webpage_parser.py:65] - INFO - procotol:http, hostname:wenku.baidu.com, new_link:/view/f32835c1240c844769eaee5a.html
2017-09-16 16:08:10,120 - [webpage_parser.py:65] - INFO - procotol:http, hostname:wenku.baidu.com, new_link:/p/营养医师王兴国
2017-09-16 16:08:10,121 - [webpage_parser.py:65] - INFO - procotol:http, hostname:wenku.baidu.com, new_link:/view/ef1e195c804d2b160b4ec03f.html
2017-09-16 16:08:10,121 - [webpage_parser.py:65] - INFO - procotol:http, hostname:wenku.baidu.com, new_link:/view/ef1e195c804d2b160b4ec03f.html
2017-09-16 16:08:10,121 - [webpage_parser.py:65] - INFO - procotol:http, hostname:wenku.baidu.com, new_link:/view/5d53e80b52ea551810a68756.html
2017-09-16 16:08:10,121 - [webpage_parser.py:65] - INFO - procotol:http, hostname:wenku.baidu.com, new_link:/view/5d53e80b52ea551810a68756.html
2017-09-16 16:08:10,122 - [webpage_parser.py:65] - INFO - procotol:http, hostname:wenku.baidu.com, new_link:/view/bf1f35d86f1aff00bed51e15.html
2017-09-16 16:08:10,122 - [webpage_parser.py:65] - INFO - procotol:http, hostname:wenku.baidu.com, new_link:/view/bf1f35d86f1aff00bed51e15.html
2017-09-16 16:08:10,122 - [webpage_parser.py:65] - INFO - procotol:http, hostname:wenku.baidu.com, new_link:/view/79af2eb40975f46527d3e196.html
2017-09-16 16:08:10,122 - [webpage_parser.py:65] - INFO - procotol:http, hostname:wenku.baidu.com, new_link:/view/79af2eb40975f46527d3e196.html
2017-09-16 16:08:10,123 - [webpage_parser.py:65] - INFO - procotol:http, hostname:wenku.baidu.com, new_link:/p/zhaodh1971
2017-09-16 16:08:10,123 - [webpage_parser.py:65] - INFO - procotol:http, hostname:wenku.baidu.com, new_link:/view/f0ed8bea172ded630b1cb62e.html
2017-09-16 16:08:10,123 - [webpage_parser.py:65] - INFO - procotol:http, hostname:wenku.baidu.com, new_link:/view/f0ed8bea172ded630b1cb62e.html
2017-09-16 16:08:10,124 - [webpage_parser.py:65] - INFO - procotol:http, hostname:wenku.baidu.com, new_link:/view/e96d5c77a417866fb84a8e47.html
2017-09-16 16:08:10,124 - [webpage_parser.py:65] - INFO - procotol:http, hostname:wenku.baidu.com, new_link:/view/e96d5c77a417866fb84a8e47.html
2017-09-16 16:08:10,124 - [webpage_parser.py:65] - INFO - procotol:http, hostname:wenku.baidu.com, new_link:/view/f9e8575776c66137ee061976.html
2017-09-16 16:08:10,125 - [webpage_parser.py:65] - INFO - procotol:http, hostname:wenku.baidu.com, new_link:/view/f9e8575776c66137ee061976.html
2017-09-16 16:08:10,126 - [webpage_parser.py:65] - INFO - procotol:http, hostname:wenku.baidu.com, new_link:/p/李兴万
2017-09-16 16:08:10,126 - [webpage_parser.py:65] - INFO - procotol:http, hostname:wenku.baidu.com, new_link:/view/bd49f81ec5da50e2524d7f25.html
2017-09-16 16:08:10,127 - [webpage_parser.py:65] - INFO - procotol:http, hostname:wenku.baidu.com, new_link:/view/bd49f81ec5da50e2524d7f25.html
2017-09-16 16:08:10,128 - [webpage_parser.py:65] - INFO - procotol:http, hostname:wenku.baidu.com, new_link:/view/398b3bef998fcc22bcd10dab.html
2017-09-16 16:08:10,128 - [webpage_parser.py:65] - INFO - procotol:http, hostname:wenku.baidu.com, new_link:/view/398b3bef998fcc22bcd10dab.html
2017-09-16 16:08:10,129 - [webpage_parser.py:65] - INFO - procotol:http, hostname:wenku.baidu.com, new_link:/view/a8d68e9e6bd97f192379e960.html
2017-09-16 16:08:10,129 - [webpage_parser.py:65] - INFO - procotol:http, hostname:wenku.baidu.com, new_link:/view/a8d68e9e6bd97f192379e960.html
2017-09-16 16:08:10,130 - [webpage_parser.py:65] - INFO - procotol:http, hostname:wenku.baidu.com, new_link:/p/杏杏枝
2017-09-16 16:08:10,130 - [webpage_parser.py:65] - INFO - procotol:http, hostname:wenku.baidu.com, new_link:/view/e89f76624431b90d6c85c7fc.html
2017-09-16 16:08:10,130 - [webpage_parser.py:65] - INFO - procotol:http, hostname:wenku.baidu.com, new_link:/view/e89f76624431b90d6c85c7fc.html
2017-09-16 16:08:10,131 - [webpage_parser.py:65] - INFO - procotol:http, hostname:wenku.baidu.com, new_link:/p/淘金老冯
2017-09-16 16:08:10,131 - [webpage_parser.py:65] - INFO - procotol:http, hostname:wenku.baidu.com, new_link:/view/15ad471a59eef8c75fbfb3d0.html
2017-09-16 16:08:10,132 - [webpage_parser.py:65] - INFO - procotol:http, hostname:wenku.baidu.com, new_link:/view/15ad471a59eef8c75fbfb3d0.html
2017-09-16 16:08:10,132 - [webpage_parser.py:65] - INFO - procotol:http, hostname:wenku.baidu.com, new_link:/view/3b27014aa8956bec0975e3e3.html
2017-09-16 16:08:10,132 - [webpage_parser.py:65] - INFO - procotol:http, hostname:wenku.baidu.com, new_link:/view/3b27014aa8956bec0975e3e3.html
2017-09-16 16:08:10,133 - [webpage_parser.py:65] - INFO - procotol:http, hostname:wenku.baidu.com, new_link:/view/f178806b915f804d2b16c1fb.html
2017-09-16 16:08:10,133 - [webpage_parser.py:65] - INFO - procotol:http, hostname:wenku.baidu.com, new_link:/view/f178806b915f804d2b16c1fb.html
2017-09-16 16:08:10,134 - [webpage_parser.py:65] - INFO - procotol:http, hostname:wenku.baidu.com, new_link:/view/cc3a7e866294dd88d1d26b52.html
2017-09-16 16:08:10,135 - [webpage_parser.py:65] - INFO - procotol:http, hostname:wenku.baidu.com, new_link:/view/cc3a7e866294dd88d1d26b52.html
2017-09-16 16:08:10,136 - [webpage_parser.py:65] - INFO - procotol:http, hostname:wenku.baidu.com, new_link:/p/DrMeng
2017-09-16 16:08:10,136 - [webpage_parser.py:65] - INFO - procotol:http, hostname:wenku.baidu.com, new_link:/view/da18f355f111f18582d05a01.html
2017-09-16 16:08:10,137 - [webpage_parser.py:65] - INFO - procotol:http, hostname:wenku.baidu.com, new_link:/view/da18f355f111f18582d05a01.html
2017-09-16 16:08:10,137 - [webpage_parser.py:65] - INFO - procotol:http, hostname:wenku.baidu.com, new_link:/p/老赵传说
2017-09-16 16:08:10,137 - [webpage_parser.py:65] - INFO - procotol:http, hostname:wenku.baidu.com, new_link:/view/389e595603d8ce2f0066236e.html
2017-09-16 16:08:10,138 - [webpage_parser.py:65] - INFO - procotol:http, hostname:wenku.baidu.com, new_link:/view/389e595603d8ce2f0066236e.html
2017-09-16 16:08:10,138 - [webpage_parser.py:65] - INFO - procotol:http, hostname:wenku.baidu.com, new_link:/p/老赵传说
2017-09-16 16:08:10,139 - [webpage_parser.py:65] - INFO - procotol:http, hostname:wenku.baidu.com, new_link:/view/25fb15940242a8956aece441.html
2017-09-16 16:08:10,139 - [webpage_parser.py:65] - INFO - procotol:http, hostname:wenku.baidu.com, new_link:/view/25fb15940242a8956aece441.html
2017-09-16 16:08:10,140 - [webpage_parser.py:65] - INFO - procotol:http, hostname:wenku.baidu.com, new_link:/p/爱你宏宏
2017-09-16 16:08:10,140 - [webpage_parser.py:65] - INFO - procotol:http, hostname:wenku.baidu.com, new_link:/view/9565bd9ba300a6c30c229f90.html
2017-09-16 16:08:10,140 - [webpage_parser.py:65] - INFO - procotol:http, hostname:wenku.baidu.com, new_link:/view/9565bd9ba300a6c30c229f90.html
2017-09-16 16:08:10,140 - [webpage_parser.py:65] - INFO - procotol:http, hostname:wenku.baidu.com, new_link:/p/qingyouqian
2017-09-16 16:08:10,141 - [webpage_parser.py:65] - INFO - procotol:http, hostname:wenku.baidu.com, new_link:/view/25fb15940242a8956aece441.html
2017-09-16 16:08:10,141 - [webpage_parser.py:65] - INFO - procotol:http, hostname:wenku.baidu.com, new_link:/view/25fb15940242a8956aece441.html
2017-09-16 16:08:10,141 - [webpage_parser.py:65] - INFO - procotol:http, hostname:wenku.baidu.com, new_link:/p/爱你宏宏
2017-09-16 16:08:10,142 - [webpage_parser.py:65] - INFO - procotol:http, hostname:wenku.baidu.com, new_link:/view/5606a1a5e53a580216fcfe45.html
2017-09-16 16:08:10,142 - [webpage_parser.py:65] - INFO - procotol:http, hostname:wenku.baidu.com, new_link:/view/5606a1a5e53a580216fcfe45.html
2017-09-16 16:08:10,143 - [webpage_parser.py:65] - INFO - procotol:http, hostname:wenku.baidu.com, new_link:/p/际遇海洋
2017-09-16 16:08:10,143 - [webpage_parser.py:65] - INFO - procotol:http, hostname:wenku.baidu.com, new_link:/view/8b82f1bcce2f0066f53322e0.html
2017-09-16 16:08:10,143 - [webpage_parser.py:65] - INFO - procotol:http, hostname:wenku.baidu.com, new_link:/view/8b82f1bcce2f0066f53322e0.html
2017-09-16 16:08:10,143 - [webpage_parser.py:65] - INFO - procotol:http, hostname:wenku.baidu.com, new_link:/p/老赵传说
2017-09-16 16:08:10,144 - [webpage_parser.py:65] - INFO - procotol:http, hostname:wenku.baidu.com, new_link:/view/4bf159d833687e21ae45a95b.html
2017-09-16 16:08:10,144 - [webpage_parser.py:65] - INFO - procotol:http, hostname:wenku.baidu.com, new_link:/view/4bf159d833687e21ae45a95b.html
2017-09-16 16:08:10,144 - [webpage_parser.py:65] - INFO - procotol:http, hostname:wenku.baidu.com, new_link:/p/只吃青菜
2017-09-16 16:08:10,145 - [webpage_parser.py:65] - INFO - procotol:http, hostname:wenku.baidu.com, new_link:/view/a797fa6a4afe04a1b171de64.html
2017-09-16 16:08:10,145 - [webpage_parser.py:65] - INFO - procotol:http, hostname:wenku.baidu.com, new_link:/view/a797fa6a4afe04a1b171de64.html
2017-09-16 16:08:10,145 - [webpage_parser.py:65] - INFO - procotol:http, hostname:wenku.baidu.com, new_link:/p/zhaomeiyan888
2017-09-16 16:08:10,146 - [webpage_parser.py:65] - INFO - procotol:http, hostname:wenku.baidu.com, new_link:/view/3df9845e561252d380eb6e41.html
2017-09-16 16:08:10,146 - [webpage_parser.py:65] - INFO - procotol:http, hostname:wenku.baidu.com, new_link:/view/3df9845e561252d380eb6e41.html
2017-09-16 16:08:10,147 - [webpage_parser.py:65] - INFO - procotol:http, hostname:wenku.baidu.com, new_link:/p/saboteur1984
2017-09-16 16:08:10,147 - [webpage_parser.py:65] - INFO - procotol:http, hostname:wenku.baidu.com, new_link:/view/cf1af98d240c844769eaeedb.html
2017-09-16 16:08:10,147 - [webpage_parser.py:65] - INFO - procotol:http, hostname:wenku.baidu.com, new_link:/view/cf1af98d240c844769eaeedb.html
2017-09-16 16:08:10,148 - [webpage_parser.py:65] - INFO - procotol:http, hostname:wenku.baidu.com, new_link:/p/saboteur1984
2017-09-16 16:08:10,148 - [webpage_parser.py:65] - INFO - procotol:http, hostname:wenku.baidu.com, new_link:javascript:void(0);
2017-09-16 16:08:10,149 - [webpage_parser.py:65] - INFO - procotol:http, hostname:wenku.baidu.com, new_link:javascript:void(0);
2017-09-16 16:08:10,149 - [webpage_parser.py:65] - INFO - procotol:http, hostname:wenku.baidu.com, new_link:javascript:void(0);
2017-09-16 16:08:10,150 - [webpage_parser.py:65] - INFO - procotol:http, hostname:wenku.baidu.com, new_link:javascript:void(0);
2017-09-16 16:08:10,150 - [webpage_parser.py:65] - INFO - procotol:http, hostname:wenku.baidu.com, new_link:javascript:void(0);
2017-09-16 16:08:10,150 - [webpage_parser.py:65] - INFO - procotol:http, hostname:wenku.baidu.com, new_link:/org/view?org=cjcpg
2017-09-16 16:08:10,150 - [webpage_parser.py:65] - INFO - procotol:http, hostname:wenku.baidu.com, new_link:/org/view?org=cjcpg
2017-09-16 16:08:10,151 - [webpage_parser.py:65] - INFO - procotol:http, hostname:wenku.baidu.com, new_link:/view/95a24dc6b8d528ea81c758f5f61fb7360a4c2b7a.html
2017-09-16 16:08:10,151 - [webpage_parser.py:65] - INFO - procotol:http, hostname:wenku.baidu.com, new_link:/view/0a9c5049a9114431b90d6c85ec3a87c240288ab5.html
2017-09-16 16:08:10,152 - [webpage_parser.py:65] - INFO - procotol:http, hostname:wenku.baidu.com, new_link:/view/fde178be294ac850ad02de80d4d8d15abe230014.html
2017-09-16 16:08:10,152 - [webpage_parser.py:65] - INFO - procotol:http, hostname:wenku.baidu.com, new_link:/org/view?org=ziyuanku
2017-09-16 16:08:10,153 - [webpage_parser.py:65] - INFO - procotol:http, hostname:wenku.baidu.com, new_link:/org/view?org=ziyuanku
2017-09-16 16:08:10,153 - [webpage_parser.py:65] - INFO - procotol:http, hostname:wenku.baidu.com, new_link:/view/6540226b0975f46526d3e158.html
2017-09-16 16:08:10,154 - [webpage_parser.py:65] - INFO - procotol:http, hostname:wenku.baidu.com, new_link:/view/1313ba9ac281e53a5802ffcf.html
2017-09-16 16:08:10,154 - [webpage_parser.py:65] - INFO - procotol:http, hostname:wenku.baidu.com, new_link:/view/1db3b38876c66137ee0619c2.html
2017-09-16 16:08:10,154 - [webpage_parser.py:65] - INFO - procotol:http, hostname:wenku.baidu.com, new_link:/org/view?org=programmer
2017-09-16 16:08:10,154 - [webpage_parser.py:65] - INFO - procotol:http, hostname:wenku.baidu.com, new_link:/org/view?org=programmer
2017-09-16 16:08:10,155 - [webpage_parser.py:65] - INFO - procotol:http, hostname:wenku.baidu.com, new_link:/view/bcd407b53968011ca2009169.html
2017-09-16 16:08:10,155 - [webpage_parser.py:65] - INFO - procotol:http, hostname:wenku.baidu.com, new_link:/view/50e57c597f1922791788e87b.html
2017-09-16 16:08:10,155 - [webpage_parser.py:65] - INFO - procotol:http, hostname:wenku.baidu.com, new_link:/view/6c104977ba0d4a7303763a7a.html
2017-09-16 16:08:10,156 - [webpage_parser.py:65] - INFO - procotol:http, hostname:wenku.baidu.com, new_link:/org/view?org=wushiwuzhongxue
2017-09-16 16:08:10,156 - [webpage_parser.py:65] - INFO - procotol:http, hostname:wenku.baidu.com, new_link:/org/view?org=wushiwuzhongxue
2017-09-16 16:08:10,156 - [webpage_parser.py:65] - INFO - procotol:http, hostname:wenku.baidu.com, new_link:/view/610a82385a8102d276a22f72.html
2017-09-16 16:08:10,156 - [webpage_parser.py:65] - INFO - procotol:http, hostname:wenku.baidu.com, new_link:/view/e38165ff770bf78a652954ac.html
2017-09-16 16:08:10,157 - [webpage_parser.py:65] - INFO - procotol:http, hostname:wenku.baidu.com, new_link:/view/86a28ee2998fcc22bcd10d8d.html
2017-09-16 16:08:10,157 - [webpage_parser.py:65] - INFO - procotol:http, hostname:wenku.baidu.com, new_link:/org/view?org=jssfdxfssyxx
2017-09-16 16:08:10,157 - [webpage_parser.py:65] - INFO - procotol:http, hostname:wenku.baidu.com, new_link:/org/view?org=jssfdxfssyxx
2017-09-16 16:08:10,157 - [webpage_parser.py:65] - INFO - procotol:http, hostname:wenku.baidu.com, new_link:/view/5464b034767f5acfa1c7cde8.html
2017-09-16 16:08:10,158 - [webpage_parser.py:65] - INFO - procotol:http, hostname:wenku.baidu.com, new_link:/view/1d67b3f6a0116c175e0e483d.html
2017-09-16 16:08:10,158 - [webpage_parser.py:65] - INFO - procotol:http, hostname:wenku.baidu.com, new_link:/view/6bed663bf12d2af90242e64c.html
2017-09-16 16:08:10,159 - [webpage_parser.py:65] - INFO - procotol:http, hostname:wenku.baidu.com, new_link:/org/view?org=sufep
2017-09-16 16:08:10,159 - [webpage_parser.py:65] - INFO - procotol:http, hostname:wenku.baidu.com, new_link:/org/view?org=sufep
2017-09-16 16:08:10,159 - [webpage_parser.py:65] - INFO - procotol:http, hostname:wenku.baidu.com, new_link:/view/ee28cd2d102de2bd960588da.html
2017-09-16 16:08:10,160 - [webpage_parser.py:65] - INFO - procotol:http, hostname:wenku.baidu.com, new_link:/view/99935a953c1ec5da51e27059.html
2017-09-16 16:08:10,160 - [webpage_parser.py:65] - INFO - procotol:http, hostname:wenku.baidu.com, new_link:/view/fa4272fb87c24028905fc38c.html
2017-09-16 16:08:10,161 - [webpage_parser.py:65] - INFO - procotol:http, hostname:wenku.baidu.com, new_link:/org/view?org=csdn
2017-09-16 16:08:10,161 - [webpage_parser.py:65] - INFO - procotol:http, hostname:wenku.baidu.com, new_link:/org/view?org=csdn
2017-09-16 16:08:10,161 - [webpage_parser.py:65] - INFO - procotol:http, hostname:wenku.baidu.com, new_link:/view/e58b6918b307e87100f6960d.html
2017-09-16 16:08:10,161 - [webpage_parser.py:65] - INFO - procotol:http, hostname:wenku.baidu.com, new_link:/view/cca17b5cb52acfc789ebc9c6.html
2017-09-16 16:08:10,162 - [webpage_parser.py:65] - INFO - procotol:http, hostname:wenku.baidu.com, new_link:/view/4e8860d0a0116c175f0e48b5.html
2017-09-16 16:08:10,162 - [webpage_parser.py:65] - INFO - procotol:http, hostname:wenku.baidu.com, new_link:/org/view?org=uejiangtang
2017-09-16 16:08:10,162 - [webpage_parser.py:65] - INFO - procotol:http, hostname:wenku.baidu.com, new_link:/org/view?org=uejiangtang
2017-09-16 16:08:10,163 - [webpage_parser.py:65] - INFO - procotol:http, hostname:wenku.baidu.com, new_link:/view/3dc3be062379168884868762caaedd3383c4b56b.html
2017-09-16 16:08:10,163 - [webpage_parser.py:65] - INFO - procotol:http, hostname:wenku.baidu.com, new_link:/view/7f72667e00f69e3143323968011ca300a6c3f6d4.html
2017-09-16 16:08:10,163 - [webpage_parser.py:65] - INFO - procotol:http, hostname:wenku.baidu.com, new_link:/view/430154089b89680202d82582.html
2017-09-16 16:08:10,164 - [webpage_parser.py:65] - INFO - procotol:http, hostname:wenku.baidu.com, new_link:/org/view?org=ixdc
2017-09-16 16:08:10,164 - [webpage_parser.py:65] - INFO - procotol:http, hostname:wenku.baidu.com, new_link:/org/view?org=ixdc
2017-09-16 16:08:10,164 - [webpage_parser.py:65] - INFO - procotol:http, hostname:wenku.baidu.com, new_link:/view/24cc6a2daf1ffc4fff47ac3e.html
2017-09-16 16:08:10,165 - [webpage_parser.py:65] - INFO - procotol:http, hostname:wenku.baidu.com, new_link:/view/b9b6045bc281e53a5902ff2b.html
2017-09-16 16:08:10,165 - [webpage_parser.py:65] - INFO - procotol:http, hostname:wenku.baidu.com, new_link:/view/fbadaef669dc5022aaea0098.html
2017-09-16 16:08:10,166 - [webpage_parser.py:65] - INFO - procotol:http, hostname:wenku.baidu.com, new_link:/org/view?org=36kr
2017-09-16 16:08:10,166 - [webpage_parser.py:65] - INFO - procotol:http, hostname:wenku.baidu.com, new_link:/org/view?org=36kr
2017-09-16 16:08:10,167 - [webpage_parser.py:65] - INFO - procotol:http, hostname:wenku.baidu.com, new_link:/view/49ed7e0902020740be1e9bd2.html
2017-09-16 16:08:10,167 - [webpage_parser.py:65] - INFO - procotol:http, hostname:wenku.baidu.com, new_link:/view/0e50ef8fd0d233d4b14e69ce.html
2017-09-16 16:08:10,167 - [webpage_parser.py:65] - INFO - procotol:http, hostname:wenku.baidu.com, new_link:/view/8f979a452b160b4e767fcfd5.html
2017-09-16 16:08:10,168 - [webpage_parser.py:65] - INFO - procotol:http, hostname:wenku.baidu.com, new_link:/org/view?org=html5dw
2017-09-16 16:08:10,168 - [webpage_parser.py:65] - INFO - procotol:http, hostname:wenku.baidu.com, new_link:/org/view?org=html5dw
2017-09-16 16:08:10,168 - [webpage_parser.py:65] - INFO - procotol:http, hostname:wenku.baidu.com, new_link:/view/39724a8cf8c75fbfc77db2d5.html
2017-09-16 16:08:10,168 - [webpage_parser.py:65] - INFO - procotol:http, hostname:wenku.baidu.com, new_link:/view/307e4ee302d276a200292eaa.html
2017-09-16 16:08:10,169 - [webpage_parser.py:65] - INFO - procotol:http, hostname:wenku.baidu.com, new_link:/view/9ddf11b076a20029bd642dc5.html
2017-09-16 16:08:10,169 - [webpage_parser.py:65] - INFO - procotol:http, hostname:wenku.baidu.com, new_link:/org/view?org=top100summit
2017-09-16 16:08:10,169 - [webpage_parser.py:65] - INFO - procotol:http, hostname:wenku.baidu.com, new_link:/org/view?org=top100summit
2017-09-16 16:08:10,170 - [webpage_parser.py:65] - INFO - procotol:http, hostname:wenku.baidu.com, new_link:/view/83610719168884868762d6dc.html
2017-09-16 16:08:10,170 - [webpage_parser.py:65] - INFO - procotol:http, hostname:wenku.baidu.com, new_link:/view/ed5421b276a20029bc642d30.html
2017-09-16 16:08:10,170 - [webpage_parser.py:65] - INFO - procotol:http, hostname:wenku.baidu.com, new_link:/view/2e0c938b19e8b8f67c1cb9ef.html
2017-09-16 16:08:10,171 - [webpage_parser.py:65] - INFO - procotol:http, hostname:wenku.baidu.com, new_link:/org/view?org=xueqiu
2017-09-16 16:08:10,171 - [webpage_parser.py:65] - INFO - procotol:http, hostname:wenku.baidu.com, new_link:/org/view?org=xueqiu
2017-09-16 16:08:10,172 - [webpage_parser.py:65] - INFO - procotol:http, hostname:wenku.baidu.com, new_link:/view/62dfb70f482fb4daa58d4bb4.html
2017-09-16 16:08:10,172 - [webpage_parser.py:65] - INFO - procotol:http, hostname:wenku.baidu.com, new_link:/view/1d493044011ca300a6c390a2.html
2017-09-16 16:08:10,172 - [webpage_parser.py:65] - INFO - procotol:http, hostname:wenku.baidu.com, new_link:/view/49745ede0975f46526d3e111.html
2017-09-16 16:08:10,172 - [webpage_parser.py:65] - INFO - procotol:http, hostname:wenku.baidu.com, new_link:/org/view?org=finance
2017-09-16 16:08:10,173 - [webpage_parser.py:65] - INFO - procotol:http, hostname:wenku.baidu.com, new_link:/org/view?org=finance
2017-09-16 16:08:10,173 - [webpage_parser.py:65] - INFO - procotol:http, hostname:wenku.baidu.com, new_link:/view/2b60577fa300a6c30c229f6e.html
2017-09-16 16:08:10,173 - [webpage_parser.py:65] - INFO - procotol:http, hostname:wenku.baidu.com, new_link:/view/ff68db4fed630b1c59eeb5e3.html
2017-09-16 16:08:10,174 - [webpage_parser.py:65] - INFO - procotol:http, hostname:wenku.baidu.com, new_link:/view/68923d8f0975f46527d3e16e.html
2017-09-16 16:08:10,174 - [webpage_parser.py:65] - INFO - procotol:http, hostname:wenku.baidu.com, new_link:/org/view?org=imeigu
2017-09-16 16:08:10,175 - [webpage_parser.py:65] - INFO - procotol:http, hostname:wenku.baidu.com, new_link:/org/view?org=imeigu
2017-09-16 16:08:10,175 - [webpage_parser.py:65] - INFO - procotol:http, hostname:wenku.baidu.com, new_link:/view/022c9e4d33687e21af45a96b.html
2017-09-16 16:08:10,175 - [webpage_parser.py:65] - INFO - procotol:http, hostname:wenku.baidu.com, new_link:/view/44535962011ca300a6c3906e.html
2017-09-16 16:08:10,175 - [webpage_parser.py:65] - INFO - procotol:http, hostname:wenku.baidu.com, new_link:/view/65ae89bfdd3383c4bb4cd2db.html
2017-09-16 16:08:10,176 - [webpage_parser.py:65] - INFO - procotol:http, hostname:wenku.baidu.com, new_link:/org/view?org=gaodun
2017-09-16 16:08:10,176 - [webpage_parser.py:65] - INFO - procotol:http, hostname:wenku.baidu.com, new_link:/org/view?org=gaodun
2017-09-16 16:08:10,176 - [webpage_parser.py:65] - INFO - procotol:http, hostname:wenku.baidu.com, new_link:/view/21fc666fad02de80d4d840f0.html
2017-09-16 16:08:10,177 - [webpage_parser.py:65] - INFO - procotol:http, hostname:wenku.baidu.com, new_link:/view/03cb675e783e0912a3162a19.html
2017-09-16 16:08:10,177 - [webpage_parser.py:65] - INFO - procotol:http, hostname:wenku.baidu.com, new_link:/view/bc4c9cee84254b35eefd3487.html
2017-09-16 16:08:10,177 - [webpage_parser.py:65] - INFO - procotol:http, hostname:wenku.baidu.com, new_link:/org/view?org=rushuicaijing
2017-09-16 16:08:10,178 - [webpage_parser.py:65] - INFO - procotol:http, hostname:wenku.baidu.com, new_link:/org/view?org=rushuicaijing
2017-09-16 16:08:10,178 - [webpage_parser.py:65] - INFO - procotol:http, hostname:wenku.baidu.com, new_link:/view/300269ef4afe04a1b071de57.html
2017-09-16 16:08:10,179 - [webpage_parser.py:65] - INFO - procotol:http, hostname:wenku.baidu.com, new_link:/view/785ad1fd04a1b0717fd5ddbf.html
2017-09-16 16:08:10,179 - [webpage_parser.py:65] - INFO - procotol:http, hostname:wenku.baidu.com, new_link:/view/888ab2c68bd63186bcebbc56.html
2017-09-16 16:08:10,179 - [webpage_parser.py:65] - INFO - procotol:http, hostname:wenku.baidu.com, new_link:/org/view?org=rong360
2017-09-16 16:08:10,179 - [webpage_parser.py:65] - INFO - procotol:http, hostname:wenku.baidu.com, new_link:/org/view?org=rong360
2017-09-16 16:08:10,180 - [webpage_parser.py:65] - INFO - procotol:http, hostname:wenku.baidu.com, new_link:/view/9a9391eaaef8941ea76e05ad.html
2017-09-16 16:08:10,180 - [webpage_parser.py:65] - INFO - procotol:http, hostname:wenku.baidu.com, new_link:/view/d69768ef700abb68a982fbac.html
2017-09-16 16:08:10,180 - [webpage_parser.py:65] - INFO - procotol:http, hostname:wenku.baidu.com, new_link:/view/3b7fffd458f5f61fb73666ad.html
2017-09-16 16:08:10,181 - [webpage_parser.py:65] - INFO - procotol:http, hostname:wenku.baidu.com, new_link:/org/view?org=cpfy
2017-09-16 16:08:10,181 - [webpage_parser.py:65] - INFO - procotol:http, hostname:wenku.baidu.com, new_link:/org/view?org=cpfy
2017-09-16 16:08:10,181 - [webpage_parser.py:65] - INFO - procotol:http, hostname:wenku.baidu.com, new_link:/view/4db4b4d228ea81c758f57832.html
2017-09-16 16:08:10,181 - [webpage_parser.py:65] - INFO - procotol:http, hostname:wenku.baidu.com, new_link:/view/e0359dc19ec3d5bbfd0a7432.html
2017-09-16 16:08:10,182 - [webpage_parser.py:65] - INFO - procotol:http, hostname:wenku.baidu.com, new_link:/view/5312540602020740be1e9b32.html
2017-09-16 16:08:10,183 - [webpage_parser.py:65] - INFO - procotol:http, hostname:wenku.baidu.com, new_link:/org/view?org=ilaw360
2017-09-16 16:08:10,183 - [webpage_parser.py:65] - INFO - procotol:http, hostname:wenku.baidu.com, new_link:/org/view?org=ilaw360
2017-09-16 16:08:10,183 - [webpage_parser.py:65] - INFO - procotol:http, hostname:wenku.baidu.com, new_link:/view/0324fcf3e009581b6bd9eb78.html
2017-09-16 16:08:10,184 - [webpage_parser.py:65] - INFO - procotol:http, hostname:wenku.baidu.com, new_link:/view/2564e0096c175f0e7dd13704.html
2017-09-16 16:08:10,184 - [webpage_parser.py:65] - INFO - procotol:http, hostname:wenku.baidu.com, new_link:/view/7e7d2bf40975f46526d3e104.html
2017-09-16 16:08:10,184 - [webpage_parser.py:65] - INFO - procotol:http, hostname:wenku.baidu.com, new_link:/org/view?org=fawuzaixian
2017-09-16 16:08:10,184 - [webpage_parser.py:65] - INFO - procotol:http, hostname:wenku.baidu.com, new_link:/org/view?org=fawuzaixian
2017-09-16 16:08:10,185 - [webpage_parser.py:65] - INFO - procotol:http, hostname:wenku.baidu.com, new_link:/view/e0b0708fc1c708a1294a442b.html
2017-09-16 16:08:10,185 - [webpage_parser.py:65] - INFO - procotol:http, hostname:wenku.baidu.com, new_link:/view/7cf35fb4102de2bd9705881b.html
2017-09-16 16:08:10,185 - [webpage_parser.py:65] - INFO - procotol:http, hostname:wenku.baidu.com, new_link:/view/47f4be8d28ea81c758f578cd.html
2017-09-16 16:08:10,186 - [webpage_parser.py:65] - INFO - procotol:http, hostname:wenku.baidu.com, new_link:/org/view?org=npcpub
2017-09-16 16:08:10,186 - [webpage_parser.py:65] - INFO - procotol:http, hostname:wenku.baidu.com, new_link:/org/view?org=npcpub
2017-09-16 16:08:10,186 - [webpage_parser.py:65] - INFO - procotol:http, hostname:wenku.baidu.com, new_link:/view/c1eaec89ba0d4a7302763a86.html
2017-09-16 16:08:10,187 - [webpage_parser.py:65] - INFO - procotol:http, hostname:wenku.baidu.com, new_link:/view/e3b9c2c01a37f111f0855b4a.html
2017-09-16 16:08:10,187 - [webpage_parser.py:65] - INFO - procotol:http, hostname:wenku.baidu.com, new_link:/view/32a9247b90c69ec3d5bb7596.html
2017-09-16 16:08:10,188 - [webpage_parser.py:65] - INFO - procotol:http, hostname:wenku.baidu.com, new_link:/org/view?org=lawtime520
2017-09-16 16:08:10,188 - [webpage_parser.py:65] - INFO - procotol:http, hostname:wenku.baidu.com, new_link:/org/view?org=lawtime520
2017-09-16 16:08:10,188 - [webpage_parser.py:65] - INFO - procotol:http, hostname:wenku.baidu.com, new_link:/view/5077155a5727a5e9856a61a5.html
2017-09-16 16:08:10,188 - [webpage_parser.py:65] - INFO - procotol:http, hostname:wenku.baidu.com, new_link:/view/5b154e4c4b73f242336c5fc9.html
2017-09-16 16:08:10,189 - [webpage_parser.py:65] - INFO - procotol:http, hostname:wenku.baidu.com, new_link:/view/6405a17bb7360b4c2f3f6451.html
2017-09-16 16:08:10,189 - [webpage_parser.py:65] - INFO - procotol:http, hostname:wenku.baidu.com, new_link:/org/view?org=law-lib
2017-09-16 16:08:10,189 - [webpage_parser.py:65] - INFO - procotol:http, hostname:wenku.baidu.com, new_link:/org/view?org=law-lib
2017-09-16 16:08:10,190 - [webpage_parser.py:65] - INFO - procotol:http, hostname:wenku.baidu.com, new_link:/view/736a1d0379563c1ec5da71de.html
2017-09-16 16:08:10,190 - [webpage_parser.py:65] - INFO - procotol:http, hostname:wenku.baidu.com, new_link:/view/29d146ca0c22590102029dde.html
2017-09-16 16:08:10,190 - [webpage_parser.py:65] - INFO - procotol:http, hostname:wenku.baidu.com, new_link:/view/dce448df195f312b3069a507.html
2017-09-16 16:08:10,191 - [webpage_parser.py:65] - INFO - procotol:http, hostname:wenku.baidu.com, new_link:/org/view?org=dongchawang
2017-09-16 16:08:10,191 - [webpage_parser.py:65] - INFO - procotol:http, hostname:wenku.baidu.com, new_link:/org/view?org=dongchawang
2017-09-16 16:08:10,191 - [webpage_parser.py:65] - INFO - procotol:http, hostname:wenku.baidu.com, new_link:/view/b7f9a7a084254b35effd346c.html
2017-09-16 16:08:10,192 - [webpage_parser.py:65] - INFO - procotol:http, hostname:wenku.baidu.com, new_link:/view/31d75666ad02de80d4d840d6.html
2017-09-16 16:08:10,192 - [webpage_parser.py:65] - INFO - procotol:http, hostname:wenku.baidu.com, new_link:/view/ef928d3feff9aef8941e06db.html
2017-09-16 16:08:10,192 - [webpage_parser.py:65] - INFO - procotol:http, hostname:wenku.baidu.com, new_link:/org/view?org=cuslink
2017-09-16 16:08:10,192 - [webpage_parser.py:65] - INFO - procotol:http, hostname:wenku.baidu.com, new_link:/org/view?org=cuslink
2017-09-16 16:08:10,193 - [webpage_parser.py:65] - INFO - procotol:http, hostname:wenku.baidu.com, new_link:/view/f1be5c58c281e53a5902ff30.html
2017-09-16 16:08:10,193 - [webpage_parser.py:65] - INFO - procotol:http, hostname:wenku.baidu.com, new_link:/view/bbbc34e0960590c69ec376ea.html
2017-09-16 16:08:10,194 - [webpage_parser.py:65] - INFO - procotol:http, hostname:wenku.baidu.com, new_link:/view/cd7ec670e2bd960590c677f5.html
2017-09-16 16:08:10,194 - [webpage_parser.py:65] - INFO - procotol:http, hostname:wenku.baidu.com, new_link:/org/view?org=xinxian
2017-09-16 16:08:10,194 - [webpage_parser.py:65] - INFO - procotol:http, hostname:wenku.baidu.com, new_link:/org/view?org=xinxian
2017-09-16 16:08:10,195 - [webpage_parser.py:65] - INFO - procotol:http, hostname:wenku.baidu.com, new_link:/view/2686805210661ed9ac51f308.html
2017-09-16 16:08:10,195 - [webpage_parser.py:65] - INFO - procotol:http, hostname:wenku.baidu.com, new_link:/view/ccdc7d517cd184254a35352f.html
2017-09-16 16:08:10,195 - [webpage_parser.py:65] - INFO - procotol:http, hostname:wenku.baidu.com, new_link:/view/9ed8a75503d8ce2f006623ad.html
2017-09-16 16:08:10,196 - [webpage_parser.py:65] - INFO - procotol:http, hostname:wenku.baidu.com, new_link:/org/view?org=enfodesk
2017-09-16 16:08:10,196 - [webpage_parser.py:65] - INFO - procotol:http, hostname:wenku.baidu.com, new_link:/org/view?org=enfodesk
2017-09-16 16:08:10,196 - [webpage_parser.py:65] - INFO - procotol:http, hostname:wenku.baidu.com, new_link:/view/3a411c03be23482fb4da4cf6.html
2017-09-16 16:08:10,197 - [webpage_parser.py:65] - INFO - procotol:http, hostname:wenku.baidu.com, new_link:/view/f054381ea8956bec0875e30f.html
2017-09-16 16:08:10,197 - [webpage_parser.py:65] - INFO - procotol:http, hostname:wenku.baidu.com, new_link:/view/9f13f2b54afe04a1b071debd.html
2017-09-16 16:08:10,197 - [webpage_parser.py:65] - INFO - procotol:http, hostname:wenku.baidu.com, new_link:/org/view?org=iresearch
2017-09-16 16:08:10,197 - [webpage_parser.py:65] - INFO - procotol:http, hostname:wenku.baidu.com, new_link:/org/view?org=iresearch
2017-09-16 16:08:10,198 - [webpage_parser.py:65] - INFO - procotol:http, hostname:wenku.baidu.com, new_link:/view/55faa6b99e314332396893de.html
2017-09-16 16:08:10,198 - [webpage_parser.py:65] - INFO - procotol:http, hostname:wenku.baidu.com, new_link:/view/17891c27a98271fe910ef9d6.html
2017-09-16 16:08:10,199 - [webpage_parser.py:65] - INFO - procotol:http, hostname:wenku.baidu.com, new_link:/view/36a91a2b783e0912a2162aca.html
2017-09-16 16:08:10,199 - [webpage_parser.py:65] - INFO - procotol:http, hostname:wenku.baidu.com, new_link:/org/view?org=itjuzi
2017-09-16 16:08:10,200 - [webpage_parser.py:65] - INFO - procotol:http, hostname:wenku.baidu.com, new_link:/org/view?org=itjuzi
2017-09-16 16:08:10,200 - [webpage_parser.py:65] - INFO - procotol:http, hostname:wenku.baidu.com, new_link:/view/394ed5967f1922791688e8a0.html
2017-09-16 16:08:10,200 - [webpage_parser.py:65] - INFO - procotol:http, hostname:wenku.baidu.com, new_link:/view/3abd6d1fad02de80d5d84043.html
2017-09-16 16:08:10,200 - [webpage_parser.py:65] - INFO - procotol:http, hostname:wenku.baidu.com, new_link:/view/7737b52e58fafab069dc026c.html
2017-09-16 16:08:10,201 - [webpage_parser.py:65] - INFO - procotol:http, hostname:wenku.baidu.com, new_link:/org/view?org=cndata
2017-09-16 16:08:10,201 - [webpage_parser.py:65] - INFO - procotol:http, hostname:wenku.baidu.com, new_link:/org/view?org=cndata
2017-09-16 16:08:10,201 - [webpage_parser.py:65] - INFO - procotol:http, hostname:wenku.baidu.com, new_link:/view/daa0166b0812a21614791711cc7931b764ce7b48
2017-09-16 16:08:10,202 - [webpage_parser.py:65] - INFO - procotol:http, hostname:wenku.baidu.com, new_link:/org/view?org=shyb18
2017-09-16 16:08:10,202 - [webpage_parser.py:65] - INFO - procotol:http, hostname:wenku.baidu.com, new_link:/org/view?org=shyb18
2017-09-16 16:08:10,202 - [webpage_parser.py:65] - INFO - procotol:http, hostname:wenku.baidu.com, new_link:/org/view?org=wealthy
2017-09-16 16:08:10,203 - [webpage_parser.py:65] - INFO - procotol:http, hostname:wenku.baidu.com, new_link:/org/view?org=wealthy
2017-09-16 16:08:10,203 - [webpage_parser.py:65] - INFO - procotol:http, hostname:wenku.baidu.com, new_link:/org/view?org=webienglish
2017-09-16 16:08:10,203 - [webpage_parser.py:65] - INFO - procotol:http, hostname:wenku.baidu.com, new_link:/org/view?org=webienglish
2017-09-16 16:08:10,204 - [webpage_parser.py:65] - INFO - procotol:http, hostname:wenku.baidu.com, new_link:/org/view?org=shengle
2017-09-16 16:08:10,204 - [webpage_parser.py:65] - INFO - procotol:http, hostname:wenku.baidu.com, new_link:/org/view?org=shengle
2017-09-16 16:08:10,204 - [webpage_parser.py:65] - INFO - procotol:http, hostname:wenku.baidu.com, new_link:/org/view?org=alirank
2017-09-16 16:08:10,204 - [webpage_parser.py:65] - INFO - procotol:http, hostname:wenku.baidu.com, new_link:/org/view?org=alirank
2017-09-16 16:08:10,205 - [webpage_parser.py:65] - INFO - procotol:http, hostname:wenku.baidu.com, new_link:/org/view?org=JRX
2017-09-16 16:08:10,205 - [webpage_parser.py:65] - INFO - procotol:http, hostname:wenku.baidu.com, new_link:/org/view?org=JRX
2017-09-16 16:08:10,205 - [webpage_parser.py:65] - INFO - procotol:http, hostname:wenku.baidu.com, new_link:/org/view?org=weiyi0703
2017-09-16 16:08:10,205 - [webpage_parser.py:65] - INFO - procotol:http, hostname:wenku.baidu.com, new_link:/org/view?org=weiyi0703
2017-09-16 16:08:10,206 - [webpage_parser.py:65] - INFO - procotol:http, hostname:wenku.baidu.com, new_link:/org/view?org=sllhy
2017-09-16 16:08:10,206 - [webpage_parser.py:65] - INFO - procotol:http, hostname:wenku.baidu.com, new_link:/org/view?org=sllhy
2017-09-16 16:08:10,207 - [webpage_parser.py:65] - INFO - procotol:http, hostname:wenku.baidu.com, new_link:/org/view?org=wailianvisa
2017-09-16 16:08:10,207 - [webpage_parser.py:65] - INFO - procotol:http, hostname:wenku.baidu.com, new_link:/org/view?org=wailianvisa
2017-09-16 16:08:10,208 - [webpage_parser.py:65] - INFO - procotol:http, hostname:wenku.baidu.com, new_link:/teacher
2017-09-16 16:08:10,208 - [webpage_parser.py:65] - INFO - procotol:http, hostname:wenku.baidu.com, new_link:/userverify/request
2017-09-16 16:08:10,209 - [webpage_parser.py:65] - INFO - procotol:http, hostname:wenku.baidu.com, new_link:/org/index
2017-09-16 16:08:10,209 - [webpage_parser.py:65] - INFO - procotol:http, hostname:wenku.baidu.com, new_link:/org/request
2017-09-16 16:08:10,209 - [webpage_parser.py:65] - INFO - procotol:http, hostname:wenku.baidu.com, new_link:/org/view?org=baiduwenku&tab=1&cid=0#org-tab
2017-09-16 16:08:10,210 - [webpage_parser.py:65] - INFO - procotol:http, hostname:wenku.baidu.com, new_link:/org/request
2017-09-16 16:08:10,211 - [webpage_parser.py:65] - INFO - procotol:http, hostname:wenku.baidu.com, new_link:/feedback
2017-09-16 16:08:10,211 - [webpage_parser.py:65] - INFO - procotol:http, hostname:wenku.baidu.com, new_link:/portal/browse/websitemap
2017-09-16 16:08:10,212 - [webpage_parser.py:65] - INFO - procotol:http, hostname:wenku.baidu.com, new_link:/portal/browse/help
2017-09-16 16:08:10,248 - [webpage_saver.py:45] - INFO - url http://wenku.baidu.com/ is not match
2017-09-16 16:08:12,362 - [connectionpool.py:207] - DEBUG - Starting new HTTP connection (1): news.ifeng.com
2017-09-16 16:08:12,364 - [connectionpool.py:207] - DEBUG - Starting new HTTP connection (1): news.baidu.com
2017-09-16 16:08:12,373 - [connectionpool.py:818] - DEBUG - Starting new HTTPS connection (1): www.baidu.com
2017-09-16 16:08:12,376 - [connectionpool.py:818] - DEBUG - Starting new HTTPS connection (1): baijia.baidu.com
2017-09-16 16:08:12,376 - [connectionpool.py:207] - DEBUG - Starting new HTTP connection (1): xinwen.eastday.com
2017-09-16 16:08:12,378 - [connectionpool.py:207] - DEBUG - Starting new HTTP connection (1): news.baidu.com
2017-09-16 16:08:12,380 - [connectionpool.py:818] - DEBUG - Starting new HTTPS connection (1): itunes.apple.com
2017-09-16 16:08:12,381 - [connectionpool.py:818] - DEBUG - Starting new HTTPS connection (1): baijia.baidu.com
2017-09-16 16:08:12,388 - [connectionpool.py:395] - DEBUG - http://news.ifeng.com:80 "GET /a/20170916/52016721_0.shtml?_zbs_baidu_news HTTP/1.1" 200 None
2017-09-16 16:08:12,410 - [connectionpool.py:395] - DEBUG - http://news.baidu.com:80 "GET /history.html HTTP/1.1" 200 None
2017-09-16 16:08:12,460 - [connectionpool.py:395] - DEBUG - http://xinwen.eastday.com:80 "GET /a/xjump.html?id=n170916085359240 HTTP/1.1" 200 3162
2017-09-16 16:08:12,484 - [webpage_saver.py:45] - INFO - url http://xinwen.eastday.com/a/xjump.html?id=n170916085359240 is not match
2017-09-16 16:08:12,581 - [webpage_parser.py:65] - INFO - procotol:http, hostname:news.baidu.com, new_link:/view.html
2017-09-16 16:08:12,667 - [webpage_parser.py:65] - INFO - procotol:http, hostname:news.ifeng.com, new_link:javascript:void(0);
2017-09-16 16:08:12,669 - [webpage_parser.py:65] - INFO - procotol:http, hostname:news.ifeng.com, new_link:javascript:void(0);
2017-09-16 16:08:12,669 - [webpage_parser.py:65] - INFO - procotol:http, hostname:news.ifeng.com, new_link:javascript:void(0);
2017-09-16 16:08:12,670 - [webpage_parser.py:65] - INFO - procotol:http, hostname:news.ifeng.com, new_link:javascript:void(0);
2017-09-16 16:08:12,671 - [connectionpool.py:395] - DEBUG - https://www.baidu.com:443 "GET /s?wd=%E5%8C%97%E4%BA%ACS1%E7%BA%BF%E7%A3%81%E6%B5%AE%E5%88%97%E8%BD%A6%E4%B8%8B%E5%91%A8%E8%AF%95%E8%BF%90%E8%A1%8C%20%E9%A2%84%E8%AE%A1%E5%B9%B4%E5%BA%95%E5%BC%80%E9%80%9A%E8%AF%95%E8%BF%90%E8%90%A5 HTTP/1.1" 200 227
2017-09-16 16:08:12,671 - [webpage_parser.py:65] - INFO - procotol:http, hostname:news.ifeng.com, new_link:javascript:void(0);
2017-09-16 16:08:12,678 - [webpage_saver.py:45] - INFO - url https://www.baidu.com/s?wd=%E5%8C%97%E4%BA%ACS1%E7%BA%BF%E7%A3%81%E6%B5%AE%E5%88%97%E8%BD%A6%E4%B8%8B%E5%91%A8%E8%AF%95%E8%BF%90%E8%A1%8C%20%E9%A2%84%E8%AE%A1%E5%B9%B4%E5%BA%95%E5%BC%80%E9%80%9A%E8%AF%95%E8%BF%90%E8%90%A5 is not match
2017-09-16 16:08:12,683 - [webpage_parser.py:65] - INFO - procotol:http, hostname:news.ifeng.com, new_link:javascript:void(0);
2017-09-16 16:08:12,684 - [webpage_parser.py:65] - INFO - procotol:http, hostname:news.ifeng.com, new_link:javascript:void(0);
2017-09-16 16:08:12,684 - [webpage_parser.py:65] - INFO - procotol:http, hostname:news.ifeng.com, new_link:javascript:void(0);
2017-09-16 16:08:12,684 - [webpage_parser.py:65] - INFO - procotol:http, hostname:news.ifeng.com, new_link:javascript:void(0);
2017-09-16 16:08:12,687 - [webpage_saver.py:45] - INFO - url http://news.ifeng.com/a/20170916/52016721_0.shtml?_zbs_baidu_news is not match
2017-09-16 16:08:12,848 - [connectionpool.py:395] - DEBUG - https://baijia.baidu.com:443 "GET /s?id=1578374273180822002 HTTP/1.1" 200 None
2017-09-16 16:08:12,937 - [webpage_parser.py:65] - INFO - procotol:https, hostname:baijia.baidu.com, new_link:/
2017-09-16 16:08:12,938 - [webpage_parser.py:65] - INFO - procotol:https, hostname:baijia.baidu.com, new_link:/
2017-09-16 16:08:12,938 - [webpage_parser.py:65] - INFO - procotol:https, hostname:baijia.baidu.com, new_link:/channel?cat=1
2017-09-16 16:08:12,938 - [webpage_parser.py:65] - INFO - procotol:https, hostname:baijia.baidu.com, new_link:/channel?cat=2
2017-09-16 16:08:12,939 - [webpage_parser.py:65] - INFO - procotol:https, hostname:baijia.baidu.com, new_link:/channel?cat=3
2017-09-16 16:08:12,939 - [webpage_parser.py:65] - INFO - procotol:https, hostname:baijia.baidu.com, new_link:/channel?cat=4
2017-09-16 16:08:12,939 - [webpage_parser.py:65] - INFO - procotol:https, hostname:baijia.baidu.com, new_link:/channel?cat=5
2017-09-16 16:08:12,940 - [webpage_parser.py:65] - INFO - procotol:https, hostname:baijia.baidu.com, new_link:/u?app_id=1536766474050767&wfr=pc&fr=new_lst
2017-09-16 16:08:12,940 - [webpage_parser.py:65] - INFO - procotol:https, hostname:baijia.baidu.com, new_link:/s?id=1578374273180822002&wfr=pc&fr=new_lst
2017-09-16 16:08:12,940 - [webpage_parser.py:65] - INFO - procotol:https, hostname:baijia.baidu.com, new_link:/s?id=1578288575660223057&wfr=pc&fr=new_lst
2017-09-16 16:08:12,940 - [webpage_parser.py:65] - INFO - procotol:https, hostname:baijia.baidu.com, new_link:/s?id=1578196683387186073&wfr=pc&fr=new_lst
2017-09-16 16:08:12,941 - [webpage_parser.py:65] - INFO - procotol:https, hostname:baijia.baidu.com, new_link:/s?id=1577756735737868277&wfr=pc&fr=new_lst
2017-09-16 16:08:12,941 - [webpage_parser.py:65] - INFO - procotol:https, hostname:baijia.baidu.com, new_link:/u?app_id=1536766474050767&wfr=pc&fr=new_lst
2017-09-16 16:08:12,941 - [webpage_parser.py:65] - INFO - procotol:https, hostname:baijia.baidu.com, new_link:/s?id=1578504898616167009&wfr=pc&fr=new_top
2017-09-16 16:08:12,942 - [webpage_parser.py:65] - INFO - procotol:https, hostname:baijia.baidu.com, new_link:/s?id=1578623174990307367&wfr=pc&fr=new_top
2017-09-16 16:08:12,942 - [webpage_parser.py:65] - INFO - procotol:https, hostname:baijia.baidu.com, new_link:/u?app_id=1536772658226902&wfr=pc&fr=new_top
2017-09-16 16:08:12,942 - [webpage_parser.py:65] - INFO - procotol:https, hostname:baijia.baidu.com, new_link:/s?id=1578607976201766738&wfr=pc&fr=new_top
2017-09-16 16:08:12,943 - [webpage_parser.py:65] - INFO - procotol:https, hostname:baijia.baidu.com, new_link:/u?app_id=1542908067534756&wfr=pc&fr=new_top
2017-09-16 16:08:12,943 - [webpage_parser.py:65] - INFO - procotol:https, hostname:baijia.baidu.com, new_link:/s?id=1578577505038446664&wfr=pc&fr=new_top
2017-09-16 16:08:12,943 - [webpage_parser.py:65] - INFO - procotol:https, hostname:baijia.baidu.com, new_link:/u?app_id=1536767684387819&wfr=pc&fr=new_top
2017-09-16 16:08:12,943 - [webpage_parser.py:65] - INFO - procotol:https, hostname:baijia.baidu.com, new_link:/s?id=1578593165078946033&wfr=pc&fr=new_top
2017-09-16 16:08:12,944 - [webpage_parser.py:65] - INFO - procotol:https, hostname:baijia.baidu.com, new_link:/u?app_id=1536767517568852&wfr=pc&fr=new_top
2017-09-16 16:08:12,944 - [webpage_parser.py:65] - INFO - procotol:https, hostname:baijia.baidu.com, new_link:/s?id=1578557257887453884&wfr=pc&fr=new_top
2017-09-16 16:08:12,944 - [webpage_parser.py:65] - INFO - procotol:https, hostname:baijia.baidu.com, new_link:/u?app_id=1536766549127199&wfr=pc&fr=new_top
2017-09-16 16:08:12,945 - [webpage_parser.py:65] - INFO - procotol:https, hostname:baijia.baidu.com, new_link:/s?id=1578507534024718953&wfr=pc&fr=new_top
2017-09-16 16:08:12,945 - [webpage_parser.py:65] - INFO - procotol:https, hostname:baijia.baidu.com, new_link:/u?app_id=1536766289627322&wfr=pc&fr=new_top
2017-09-16 16:08:12,945 - [webpage_parser.py:65] - INFO - procotol:https, hostname:baijia.baidu.com, new_link:/s?id=1578558686663240107&wfr=pc&fr=new_top
2017-09-16 16:08:12,945 - [webpage_parser.py:65] - INFO - procotol:https, hostname:baijia.baidu.com, new_link:/u?app_id=1536766474050767&wfr=pc&fr=new_top
2017-09-16 16:08:12,946 - [webpage_parser.py:65] - INFO - procotol:https, hostname:baijia.baidu.com, new_link:/s?id=1578653355907666885&wfr=pc&fr=new_top
2017-09-16 16:08:12,946 - [webpage_parser.py:65] - INFO - procotol:https, hostname:baijia.baidu.com, new_link:/u?app_id=1536766737196056&wfr=pc&fr=new_top
2017-09-16 16:08:12,946 - [webpage_parser.py:65] - INFO - procotol:https, hostname:baijia.baidu.com, new_link:/s?id=1578548392389415079&wfr=pc&fr=new_top
2017-09-16 16:08:12,947 - [webpage_parser.py:65] - INFO - procotol:https, hostname:baijia.baidu.com, new_link:/u?app_id=1536767911508436&wfr=pc&fr=new_top
2017-09-16 16:08:12,947 - [webpage_parser.py:65] - INFO - procotol:https, hostname:baijia.baidu.com, new_link:/s?id=1578208807638478293&wfr=pc&fr=new_top
2017-09-16 16:08:12,947 - [webpage_parser.py:65] - INFO - procotol:https, hostname:baijia.baidu.com, new_link:/s?id=1578410468853518882&wfr=pc&fr=new_top
2017-09-16 16:08:12,948 - [webpage_parser.py:65] - INFO - procotol:https, hostname:baijia.baidu.com, new_link:/u?app_id=1536767911508436&wfr=pc&fr=new_top
2017-09-16 16:08:12,948 - [webpage_parser.py:65] - INFO - procotol:https, hostname:baijia.baidu.com, new_link:/s?id=1578129331659506891&wfr=pc&fr=new_top
2017-09-16 16:08:12,948 - [webpage_parser.py:65] - INFO - procotol:https, hostname:baijia.baidu.com, new_link:/u?app_id=1536774014301697&wfr=pc&fr=new_top
2017-09-16 16:08:12,949 - [webpage_parser.py:65] - INFO - procotol:https, hostname:baijia.baidu.com, new_link:/s?id=1578374273180822002&wfr=pc&fr=new_top
2017-09-16 16:08:12,949 - [webpage_parser.py:65] - INFO - procotol:https, hostname:baijia.baidu.com, new_link:/u?app_id=1536766474050767&wfr=pc&fr=new_top
2017-09-16 16:08:12,949 - [webpage_parser.py:65] - INFO - procotol:https, hostname:baijia.baidu.com, new_link:/s?id=1578373838877672334&wfr=pc&fr=new_top
2017-09-16 16:08:12,950 - [webpage_parser.py:65] - INFO - procotol:https, hostname:baijia.baidu.com, new_link:/u?app_id=1536766549127199&wfr=pc&fr=new_top
2017-09-16 16:08:12,950 - [webpage_parser.py:65] - INFO - procotol:https, hostname:baijia.baidu.com, new_link:/s?id=1578123833701584481&wfr=pc&fr=new_top
2017-09-16 16:08:12,950 - [webpage_parser.py:65] - INFO - procotol:https, hostname:baijia.baidu.com, new_link:/u?app_id=1536766231434959&wfr=pc&fr=new_top
2017-09-16 16:08:12,951 - [webpage_parser.py:65] - INFO - procotol:https, hostname:baijia.baidu.com, new_link:/s?id=1578240209069435195&wfr=pc&fr=new_top
2017-09-16 16:08:12,951 - [webpage_parser.py:65] - INFO - procotol:https, hostname:baijia.baidu.com, new_link:/u?app_id=1536766719453005&wfr=pc&fr=new_top
2017-09-16 16:08:12,951 - [webpage_parser.py:65] - INFO - procotol:https, hostname:baijia.baidu.com, new_link:/s?id=1578365804884109727&wfr=pc&fr=new_top
2017-09-16 16:08:12,952 - [webpage_parser.py:65] - INFO - procotol:https, hostname:baijia.baidu.com, new_link:/u?app_id=1536768690718780&wfr=pc&fr=new_top
2017-09-16 16:08:12,952 - [webpage_parser.py:65] - INFO - procotol:https, hostname:baijia.baidu.com, new_link:/s?id=1578275578438991585&wfr=pc&fr=new_top
2017-09-16 16:08:12,952 - [webpage_parser.py:65] - INFO - procotol:https, hostname:baijia.baidu.com, new_link:/u?app_id=1536768690718780&wfr=pc&fr=new_top
2017-09-16 16:08:12,953 - [webpage_parser.py:65] - INFO - procotol:https, hostname:baijia.baidu.com, new_link:/s?id=1578233654535496137&wfr=pc&fr=new_top
2017-09-16 16:08:12,953 - [webpage_parser.py:65] - INFO - procotol:https, hostname:baijia.baidu.com, new_link:/u?app_id=1536767517568852&wfr=pc&fr=new_top
2017-09-16 16:08:12,953 - [webpage_parser.py:65] - INFO - procotol:https, hostname:baijia.baidu.com, new_link:/u?app_id=1536766474050767&wfr=pc&fr=new_dtl
2017-09-16 16:08:12,955 - [webpage_saver.py:45] - INFO - url https://baijia.baidu.com/s?id=1578374273180822002 is not match
2017-09-16 16:08:13,115 - [connectionpool.py:395] - DEBUG - https://baijia.baidu.com:443 "GET /s?id=1578623174990307367 HTTP/1.1" 200 None
2017-09-16 16:08:13,184 - [webpage_parser.py:65] - INFO - procotol:https, hostname:baijia.baidu.com, new_link:/
2017-09-16 16:08:13,184 - [webpage_parser.py:65] - INFO - procotol:https, hostname:baijia.baidu.com, new_link:/
2017-09-16 16:08:13,184 - [webpage_parser.py:65] - INFO - procotol:https, hostname:baijia.baidu.com, new_link:/channel?cat=1
2017-09-16 16:08:13,185 - [webpage_parser.py:65] - INFO - procotol:https, hostname:baijia.baidu.com, new_link:/channel?cat=2
2017-09-16 16:08:13,185 - [webpage_parser.py:65] - INFO - procotol:https, hostname:baijia.baidu.com, new_link:/channel?cat=3
2017-09-16 16:08:13,185 - [webpage_parser.py:65] - INFO - procotol:https, hostname:baijia.baidu.com, new_link:/channel?cat=4
2017-09-16 16:08:13,186 - [webpage_parser.py:65] - INFO - procotol:https, hostname:baijia.baidu.com, new_link:/channel?cat=5
2017-09-16 16:08:13,186 - [webpage_parser.py:65] - INFO - procotol:https, hostname:baijia.baidu.com, new_link:/u?app_id=1536772658226902&wfr=pc&fr=new_lst
2017-09-16 16:08:13,186 - [webpage_parser.py:65] - INFO - procotol:https, hostname:baijia.baidu.com, new_link:/s?id=1578623174990307367&wfr=pc&fr=new_lst
2017-09-16 16:08:13,187 - [webpage_parser.py:65] - INFO - procotol:https, hostname:baijia.baidu.com, new_link:/s?id=1578528875452309194&wfr=pc&fr=new_lst
2017-09-16 16:08:13,187 - [webpage_parser.py:65] - INFO - procotol:https, hostname:baijia.baidu.com, new_link:/s?id=1578440546094617801&wfr=pc&fr=new_lst
2017-09-16 16:08:13,187 - [webpage_parser.py:65] - INFO - procotol:https, hostname:baijia.baidu.com, new_link:/s?id=1578436366115992989&wfr=pc&fr=new_lst
2017-09-16 16:08:13,187 - [webpage_parser.py:65] - INFO - procotol:https, hostname:baijia.baidu.com, new_link:/u?app_id=1536772658226902&wfr=pc&fr=new_lst
2017-09-16 16:08:13,188 - [webpage_parser.py:65] - INFO - procotol:https, hostname:baijia.baidu.com, new_link:/s?id=1578504898616167009&wfr=pc&fr=new_top
2017-09-16 16:08:13,188 - [webpage_parser.py:65] - INFO - procotol:https, hostname:baijia.baidu.com, new_link:/s?id=1578623174990307367&wfr=pc&fr=new_top
2017-09-16 16:08:13,188 - [webpage_parser.py:65] - INFO - procotol:https, hostname:baijia.baidu.com, new_link:/u?app_id=1536772658226902&wfr=pc&fr=new_top
2017-09-16 16:08:13,189 - [webpage_parser.py:65] - INFO - procotol:https, hostname:baijia.baidu.com, new_link:/s?id=1578607976201766738&wfr=pc&fr=new_top
2017-09-16 16:08:13,189 - [webpage_parser.py:65] - INFO - procotol:https, hostname:baijia.baidu.com, new_link:/u?app_id=1542908067534756&wfr=pc&fr=new_top
2017-09-16 16:08:13,189 - [webpage_parser.py:65] - INFO - procotol:https, hostname:baijia.baidu.com, new_link:/s?id=1578577505038446664&wfr=pc&fr=new_top
2017-09-16 16:08:13,189 - [webpage_parser.py:65] - INFO - procotol:https, hostname:baijia.baidu.com, new_link:/u?app_id=1536767684387819&wfr=pc&fr=new_top
2017-09-16 16:08:13,190 - [webpage_parser.py:65] - INFO - procotol:https, hostname:baijia.baidu.com, new_link:/s?id=1578593165078946033&wfr=pc&fr=new_top
2017-09-16 16:08:13,190 - [webpage_parser.py:65] - INFO - procotol:https, hostname:baijia.baidu.com, new_link:/u?app_id=1536767517568852&wfr=pc&fr=new_top
2017-09-16 16:08:13,190 - [webpage_parser.py:65] - INFO - procotol:https, hostname:baijia.baidu.com, new_link:/s?id=1578557257887453884&wfr=pc&fr=new_top
2017-09-16 16:08:13,191 - [webpage_parser.py:65] - INFO - procotol:https, hostname:baijia.baidu.com, new_link:/u?app_id=1536766549127199&wfr=pc&fr=new_top
2017-09-16 16:08:13,191 - [webpage_parser.py:65] - INFO - procotol:https, hostname:baijia.baidu.com, new_link:/s?id=1578507534024718953&wfr=pc&fr=new_top
2017-09-16 16:08:13,191 - [webpage_parser.py:65] - INFO - procotol:https, hostname:baijia.baidu.com, new_link:/u?app_id=1536766289627322&wfr=pc&fr=new_top
2017-09-16 16:08:13,192 - [webpage_parser.py:65] - INFO - procotol:https, hostname:baijia.baidu.com, new_link:/s?id=1578558686663240107&wfr=pc&fr=new_top
2017-09-16 16:08:13,192 - [webpage_parser.py:65] - INFO - procotol:https, hostname:baijia.baidu.com, new_link:/u?app_id=1536766474050767&wfr=pc&fr=new_top
2017-09-16 16:08:13,192 - [webpage_parser.py:65] - INFO - procotol:https, hostname:baijia.baidu.com, new_link:/s?id=1578653355907666885&wfr=pc&fr=new_top
2017-09-16 16:08:13,193 - [webpage_parser.py:65] - INFO - procotol:https, hostname:baijia.baidu.com, new_link:/u?app_id=1536766737196056&wfr=pc&fr=new_top
2017-09-16 16:08:13,193 - [webpage_parser.py:65] - INFO - procotol:https, hostname:baijia.baidu.com, new_link:/s?id=1578548392389415079&wfr=pc&fr=new_top
2017-09-16 16:08:13,193 - [webpage_parser.py:65] - INFO - procotol:https, hostname:baijia.baidu.com, new_link:/u?app_id=1536767911508436&wfr=pc&fr=new_top
2017-09-16 16:08:13,194 - [webpage_parser.py:65] - INFO - procotol:https, hostname:baijia.baidu.com, new_link:/s?id=1578208807638478293&wfr=pc&fr=new_top
2017-09-16 16:08:13,194 - [webpage_parser.py:65] - INFO - procotol:https, hostname:baijia.baidu.com, new_link:/s?id=1578410468853518882&wfr=pc&fr=new_top
2017-09-16 16:08:13,194 - [webpage_parser.py:65] - INFO - procotol:https, hostname:baijia.baidu.com, new_link:/u?app_id=1536767911508436&wfr=pc&fr=new_top
2017-09-16 16:08:13,194 - [webpage_parser.py:65] - INFO - procotol:https, hostname:baijia.baidu.com, new_link:/s?id=1578129331659506891&wfr=pc&fr=new_top
2017-09-16 16:08:13,195 - [webpage_parser.py:65] - INFO - procotol:https, hostname:baijia.baidu.com, new_link:/u?app_id=1536774014301697&wfr=pc&fr=new_top
2017-09-16 16:08:13,195 - [webpage_parser.py:65] - INFO - procotol:https, hostname:baijia.baidu.com, new_link:/s?id=1578374273180822002&wfr=pc&fr=new_top
2017-09-16 16:08:13,195 - [webpage_parser.py:65] - INFO - procotol:https, hostname:baijia.baidu.com, new_link:/u?app_id=1536766474050767&wfr=pc&fr=new_top
2017-09-16 16:08:13,196 - [webpage_parser.py:65] - INFO - procotol:https, hostname:baijia.baidu.com, new_link:/s?id=1578373838877672334&wfr=pc&fr=new_top
2017-09-16 16:08:13,196 - [webpage_parser.py:65] - INFO - procotol:https, hostname:baijia.baidu.com, new_link:/u?app_id=1536766549127199&wfr=pc&fr=new_top
2017-09-16 16:08:13,196 - [webpage_parser.py:65] - INFO - procotol:https, hostname:baijia.baidu.com, new_link:/s?id=1578123833701584481&wfr=pc&fr=new_top
2017-09-16 16:08:13,197 - [webpage_parser.py:65] - INFO - procotol:https, hostname:baijia.baidu.com, new_link:/u?app_id=1536766231434959&wfr=pc&fr=new_top
2017-09-16 16:08:13,197 - [webpage_parser.py:65] - INFO - procotol:https, hostname:baijia.baidu.com, new_link:/s?id=1578240209069435195&wfr=pc&fr=new_top
2017-09-16 16:08:13,197 - [webpage_parser.py:65] - INFO - procotol:https, hostname:baijia.baidu.com, new_link:/u?app_id=1536766719453005&wfr=pc&fr=new_top
2017-09-16 16:08:13,197 - [webpage_parser.py:65] - INFO - procotol:https, hostname:baijia.baidu.com, new_link:/s?id=1578365804884109727&wfr=pc&fr=new_top
2017-09-16 16:08:13,198 - [webpage_parser.py:65] - INFO - procotol:https, hostname:baijia.baidu.com, new_link:/u?app_id=1536768690718780&wfr=pc&fr=new_top
2017-09-16 16:08:13,198 - [webpage_parser.py:65] - INFO - procotol:https, hostname:baijia.baidu.com, new_link:/s?id=1578275578438991585&wfr=pc&fr=new_top
2017-09-16 16:08:13,198 - [webpage_parser.py:65] - INFO - procotol:https, hostname:baijia.baidu.com, new_link:/u?app_id=1536768690718780&wfr=pc&fr=new_top
2017-09-16 16:08:13,199 - [webpage_parser.py:65] - INFO - procotol:https, hostname:baijia.baidu.com, new_link:/s?id=1578233654535496137&wfr=pc&fr=new_top
2017-09-16 16:08:13,199 - [webpage_parser.py:65] - INFO - procotol:https, hostname:baijia.baidu.com, new_link:/u?app_id=1536767517568852&wfr=pc&fr=new_top
2017-09-16 16:08:13,199 - [webpage_parser.py:65] - INFO - procotol:https, hostname:baijia.baidu.com, new_link:/u?app_id=1536772658226902&wfr=pc&fr=new_dtl
2017-09-16 16:08:13,201 - [webpage_saver.py:45] - INFO - url https://baijia.baidu.com/s?id=1578623174990307367 is not match
2017-09-16 16:08:13,391 - [webpage_crawler.py:71] - ERROR - read timeout http://news.baidu.com/n?cmd=6&loc=0&name=%B8%DB%B0%C4%CC%A8&locname=%B8%DB%B0%C4%CC%A8
2017-09-16 16:08:13,392 - [webpage_crawler.py:117] - ERROR - crawl url http://news.baidu.com/n?cmd=6&loc=0&name=%B8%DB%B0%C4%CC%A8&locname=%B8%DB%B0%C4%CC%A8 failed, status code 2
2017-09-16 16:08:13,475 - [connectionpool.py:395] - DEBUG - https://itunes.apple.com:443 "GET /cn/app/id482820737 HTTP/1.1" 200 18409
2017-09-16 16:08:13,698 - [webpage_parser.py:65] - INFO - procotol:https, hostname:itunes.apple.com, new_link:#ac-gn-menustate
2017-09-16 16:08:13,704 - [webpage_parser.py:65] - INFO - procotol:https, hostname:itunes.apple.com, new_link:#ac-gf-directory-column-section-state-products
2017-09-16 16:08:13,709 - [webpage_parser.py:65] - INFO - procotol:https, hostname:itunes.apple.com, new_link:#ac-gf-directory-column-section-state-storeservices
2017-09-16 16:08:13,712 - [webpage_parser.py:65] - INFO - procotol:https, hostname:itunes.apple.com, new_link:#ac-gf-directory-column-section-state-education
2017-09-16 16:08:13,713 - [webpage_parser.py:65] - INFO - procotol:https, hostname:itunes.apple.com, new_link:#ac-gf-directory-column-section-state-business
2017-09-16 16:08:13,714 - [webpage_parser.py:65] - INFO - procotol:https, hostname:itunes.apple.com, new_link:#ac-gf-directory-column-section-state-accounts
2017-09-16 16:08:13,715 - [webpage_parser.py:65] - INFO - procotol:https, hostname:itunes.apple.com, new_link:#ac-gf-directory-column-section-state-responsibility
2017-09-16 16:08:13,719 - [webpage_parser.py:65] - INFO - procotol:https, hostname:itunes.apple.com, new_link:#ac-gf-directory-column-section-state-about
2017-09-16 16:08:13,740 - [webpage_saver.py:45] - INFO - url https://itunes.apple.com/cn/app/id482820737 is not match
2017-09-16 16:08:15,179 - [connectionpool.py:207] - DEBUG - Starting new HTTP connection (1): news.youth.cn
2017-09-16 16:08:15,183 - [connectionpool.py:818] - DEBUG - Starting new HTTPS connection (1): baijia.baidu.com
2017-09-16 16:08:15,204 - [connectionpool.py:207] - DEBUG - Starting new HTTP connection (1): downpack.baidu.com
2017-09-16 16:08:15,207 - [connectionpool.py:207] - DEBUG - Starting new HTTP connection (1): news.china.com
2017-09-16 16:08:15,208 - [connectionpool.py:207] - DEBUG - Starting new HTTP connection (1): news.china.com
2017-09-16 16:08:15,210 - [connectionpool.py:818] - DEBUG - Starting new HTTPS connection (1): baijia.baidu.com
2017-09-16 16:08:15,211 - [connectionpool.py:818] - DEBUG - Starting new HTTPS connection (1): baijia.baidu.com
2017-09-16 16:08:15,212 - [connectionpool.py:207] - DEBUG - Starting new HTTP connection (1): news.baidu.com
2017-09-16 16:08:15,683 - [connectionpool.py:395] - DEBUG - http://news.baidu.com:80 "GET / HTTP/1.1" 200 None
2017-09-16 16:08:15,768 - [connectionpool.py:395] - DEBUG - http://news.china.com:80 "GET /domestic/945/20170916/31425885.html HTTP/1.1" 200 None
2017-09-16 16:08:15,805 - [webpage_parser.py:65] - INFO - procotol:http, hostname:news.baidu.com, new_link:/
2017-09-16 16:08:15,806 - [connectionpool.py:395] - DEBUG - http://news.china.com:80 "GET /domestic/945/20170916/31426302.html HTTP/1.1" 200 None
2017-09-16 16:08:15,808 - [connectionpool.py:395] - DEBUG - http://news.youth.cn:80 "GET /tbxw/201709/t20170915_10721201.htm HTTP/1.1" 200 None
2017-09-16 16:08:15,809 - [webpage_parser.py:65] - INFO - procotol:http, hostname:news.baidu.com, new_link:/guonei
2017-09-16 16:08:15,812 - [webpage_parser.py:65] - INFO - procotol:http, hostname:news.baidu.com, new_link:/guoji
2017-09-16 16:08:15,812 - [webpage_parser.py:65] - INFO - procotol:http, hostname:news.baidu.com, new_link:/mil
2017-09-16 16:08:15,812 - [webpage_parser.py:65] - INFO - procotol:http, hostname:news.baidu.com, new_link:/society
2017-09-16 16:08:15,813 - [webpage_parser.py:65] - INFO - procotol:http, hostname:news.baidu.com, new_link:/finance
2017-09-16 16:08:15,814 - [webpage_parser.py:65] - INFO - procotol:http, hostname:news.baidu.com, new_link:/ent
2017-09-16 16:08:15,814 - [webpage_parser.py:65] - INFO - procotol:http, hostname:news.baidu.com, new_link:/sports
2017-09-16 16:08:15,815 - [webpage_parser.py:65] - INFO - procotol:http, hostname:news.baidu.com, new_link:/internet
2017-09-16 16:08:15,840 - [webpage_parser.py:65] - INFO - procotol:http, hostname:news.baidu.com, new_link:/tech
2017-09-16 16:08:15,879 - [webpage_parser.py:65] - INFO - procotol:http, hostname:news.baidu.com, new_link:/game
2017-09-16 16:08:15,896 - [webpage_parser.py:65] - INFO - procotol:http, hostname:news.baidu.com, new_link:/fashion
2017-09-16 16:08:15,897 - [connectionpool.py:395] - DEBUG - https://baijia.baidu.com:443 "GET /s?id=1578652976924681727 HTTP/1.1" 200 None
2017-09-16 16:08:15,963 - [webpage_parser.py:65] - INFO - procotol:http, hostname:news.youth.cn, new_link:../../
2017-09-16 16:08:16,025 - [webpage_parser.py:65] - INFO - procotol:http, hostname:news.china.com, new_link:#comment
2017-09-16 16:08:16,026 - [webpage_parser.py:65] - INFO - procotol:http, hostname:news.baidu.com, new_link:/lady
2017-09-16 16:08:16,035 - [connectionpool.py:395] - DEBUG - https://baijia.baidu.com:443 "GET /s?id=1578653355907666885 HTTP/1.1" 200 None
2017-09-16 16:08:16,074 - [webpage_parser.py:65] - INFO - procotol:http, hostname:news.china.com, new_link:#comment
2017-09-16 16:08:16,077 - [webpage_parser.py:65] - INFO - procotol:http, hostname:news.youth.cn, new_link:../
2017-09-16 16:08:16,077 - [webpage_parser.py:65] - INFO - procotol:http, hostname:news.china.com, new_link:javascript:void(0);
2017-09-16 16:08:16,077 - [webpage_parser.py:65] - INFO - procotol:http, hostname:news.baidu.com, new_link:/auto
2017-09-16 16:08:16,080 - [webpage_parser.py:65] - INFO - procotol:http, hostname:news.china.com, new_link:javascript:void(0);
2017-09-16 16:08:16,081 - [webpage_parser.py:65] - INFO - procotol:http, hostname:news.youth.cn, new_link:../../jsxw/201709/t20170913_10707605.htm
2017-09-16 16:08:16,082 - [webpage_parser.py:65] - INFO - procotol:http, hostname:news.china.com, new_link:javascript:void(0);
2017-09-16 16:08:16,082 - [webpage_parser.py:65] - INFO - procotol:http, hostname:news.baidu.com, new_link:/house
2017-09-16 16:08:16,083 - [webpage_parser.py:65] - INFO - procotol:http, hostname:news.china.com, new_link:javascript:void(0);
2017-09-16 16:08:16,084 - [webpage_parser.py:65] - INFO - procotol:http, hostname:news.youth.cn, new_link:../../sz/201709/t20170913_10706755.htm
2017-09-16 16:08:16,084 - [webpage_parser.py:65] - INFO - procotol:http, hostname:news.china.com, new_link:javascript:void(0);
2017-09-16 16:08:16,085 - [connectionpool.py:395] - DEBUG - https://baijia.baidu.com:443 "GET /s?id=1578373838877672334 HTTP/1.1" 200 None
2017-09-16 16:08:16,086 - [webpage_parser.py:65] - INFO - procotol:http, hostname:news.baidu.com, new_link:/
2017-09-16 16:08:16,086 - [webpage_parser.py:65] - INFO - procotol:http, hostname:news.china.com, new_link:javascript:void(0);
2017-09-16 16:08:16,089 - [webpage_parser.py:65] - INFO - procotol:http, hostname:news.youth.cn, new_link:../../gn/201709/t20170913_10704680.htm
2017-09-16 16:08:16,089 - [webpage_parser.py:65] - INFO - procotol:http, hostname:news.china.com, new_link:#comment
2017-09-16 16:08:16,151 - [webpage_parser.py:65] - INFO - procotol:http, hostname:news.baidu.com, new_link:/guonei
2017-09-16 16:08:16,154 - [webpage_parser.py:65] - INFO - procotol:https, hostname:baijia.baidu.com, new_link:/
2017-09-16 16:08:16,154 - [webpage_parser.py:65] - INFO - procotol:http, hostname:news.china.com, new_link:#comment
2017-09-16 16:08:16,155 - [webpage_parser.py:65] - INFO - procotol:http, hostname:news.youth.cn, new_link:../../jsxw/201709/t20170904_10644123.htm
2017-09-16 16:08:16,158 - [webpage_parser.py:65] - INFO - procotol:http, hostname:news.china.com, new_link:31425885_1.html
2017-09-16 16:08:16,226 - [webpage_parser.py:65] - INFO - procotol:https, hostname:baijia.baidu.com, new_link:/
2017-09-16 16:08:16,227 - [webpage_parser.py:65] - INFO - procotol:http, hostname:news.baidu.com, new_link:/guoji
2017-09-16 16:08:16,227 - [webpage_parser.py:65] - INFO - procotol:https, hostname:baijia.baidu.com, new_link:/
2017-09-16 16:08:16,228 - [webpage_parser.py:65] - INFO - procotol:http, hostname:news.china.com, new_link:31426302_1.html
2017-09-16 16:08:16,229 - [webpage_parser.py:65] - INFO - procotol:http, hostname:news.youth.cn, new_link:../../jsxw/201709/t20170905_10651336.htm
2017-09-16 16:08:16,229 - [webpage_parser.py:65] - INFO - procotol:http, hostname:news.china.com, new_link:31425885_2.html
2017-09-16 16:08:16,233 - [webpage_parser.py:65] - INFO - procotol:https, hostname:baijia.baidu.com, new_link:/
2017-09-16 16:08:16,234 - [webpage_parser.py:65] - INFO - procotol:http, hostname:news.baidu.com, new_link:/mil
2017-09-16 16:08:16,235 - [webpage_parser.py:65] - INFO - procotol:https, hostname:baijia.baidu.com, new_link:/channel?cat=1
2017-09-16 16:08:16,235 - [webpage_parser.py:65] - INFO - procotol:http, hostname:news.youth.cn, new_link:../../jsxw/201709/t20170905_10652050.htm
2017-09-16 16:08:16,235 - [webpage_parser.py:65] - INFO - procotol:http, hostname:news.china.com, new_link:31426302_all.html#page_2
2017-09-16 16:08:16,303 - [webpage_parser.py:65] - INFO - procotol:http, hostname:news.china.com, new_link:31425885_all.html#page_2
2017-09-16 16:08:16,318 - [webpage_parser.py:65] - INFO - procotol:https, hostname:baijia.baidu.com, new_link:/
2017-09-16 16:08:16,319 - [webpage_parser.py:65] - INFO - procotol:https, hostname:baijia.baidu.com, new_link:/channel?cat=1
2017-09-16 16:08:16,319 - [webpage_parser.py:65] - INFO - procotol:http, hostname:news.baidu.com, new_link:/society
2017-09-16 16:08:16,320 - [webpage_parser.py:65] - INFO - procotol:https, hostname:baijia.baidu.com, new_link:/channel?cat=2
2017-09-16 16:08:16,322 - [webpage_parser.py:65] - INFO - procotol:http, hostname:news.youth.cn, new_link:javascript:void(document.getElementById('identifier-pannel').style.display='none')
2017-09-16 16:08:16,323 - [webpage_parser.py:65] - INFO - procotol:http, hostname:news.china.com, new_link:31426302_1.html
2017-09-16 16:08:16,323 - [webpage_parser.py:65] - INFO - procotol:http, hostname:news.china.com, new_link:31425885_1.html
2017-09-16 16:08:16,323 - [webpage_parser.py:65] - INFO - procotol:https, hostname:baijia.baidu.com, new_link:/
2017-09-16 16:08:16,324 - [webpage_parser.py:65] - INFO - procotol:https, hostname:baijia.baidu.com, new_link:/channel?cat=2
2017-09-16 16:08:16,324 - [webpage_parser.py:65] - INFO - procotol:http, hostname:news.baidu.com, new_link:/finance
2017-09-16 16:08:16,325 - [webpage_parser.py:65] - INFO - procotol:https, hostname:baijia.baidu.com, new_link:/channel?cat=3
2017-09-16 16:08:16,328 - [webpage_parser.py:65] - INFO - procotol:http, hostname:news.china.com, new_link:javascript:void(0);
2017-09-16 16:08:16,329 - [webpage_parser.py:65] - INFO - procotol:http, hostname:news.china.com, new_link:javascript:void(0);
2017-09-16 16:08:16,329 - [webpage_parser.py:65] - INFO - procotol:https, hostname:baijia.baidu.com, new_link:/channel?cat=1
2017-09-16 16:08:16,330 - [webpage_parser.py:65] - INFO - procotol:https, hostname:baijia.baidu.com, new_link:/channel?cat=3
2017-09-16 16:08:16,332 - [webpage_parser.py:65] - INFO - procotol:http, hostname:news.baidu.com, new_link:/ent
2017-09-16 16:08:16,334 - [webpage_parser.py:65] - INFO - procotol:https, hostname:baijia.baidu.com, new_link:/channel?cat=4
2017-09-16 16:08:16,335 - [webpage_parser.py:65] - INFO - procotol:http, hostname:news.china.com, new_link:javascript:void(0);
2017-09-16 16:08:16,335 - [webpage_parser.py:65] - INFO - procotol:http, hostname:news.china.com, new_link:javascript:void(0);
2017-09-16 16:08:16,336 - [webpage_parser.py:65] - INFO - procotol:https, hostname:baijia.baidu.com, new_link:/channel?cat=2
2017-09-16 16:08:16,336 - [webpage_parser.py:65] - INFO - procotol:https, hostname:baijia.baidu.com, new_link:/channel?cat=4
2017-09-16 16:08:16,339 - [webpage_parser.py:65] - INFO - procotol:http, hostname:news.baidu.com, new_link:/sports
2017-09-16 16:08:16,341 - [webpage_parser.py:65] - INFO - procotol:https, hostname:baijia.baidu.com, new_link:/channel?cat=5
2017-09-16 16:08:16,344 - [webpage_parser.py:65] - INFO - procotol:http, hostname:news.china.com, new_link:javascript:void(0);
2017-09-16 16:08:16,345 - [webpage_parser.py:65] - INFO - procotol:http, hostname:news.china.com, new_link:javascript:void(0);
2017-09-16 16:08:16,346 - [webpage_parser.py:65] - INFO - procotol:https, hostname:baijia.baidu.com, new_link:/channel?cat=3
2017-09-16 16:08:16,347 - [webpage_parser.py:65] - INFO - procotol:https, hostname:baijia.baidu.com, new_link:/channel?cat=5
2017-09-16 16:08:16,349 - [webpage_parser.py:65] - INFO - procotol:http, hostname:news.baidu.com, new_link:/internet
2017-09-16 16:08:16,349 - [webpage_parser.py:65] - INFO - procotol:https, hostname:baijia.baidu.com, new_link:/u?app_id=1536772579465891&wfr=pc&fr=new_lst
2017-09-16 16:08:16,351 - [webpage_parser.py:65] - INFO - procotol:http, hostname:news.china.com, new_link:javascript:void(0);
2017-09-16 16:08:16,352 - [webpage_parser.py:65] - INFO - procotol:https, hostname:baijia.baidu.com, new_link:/channel?cat=4
2017-09-16 16:08:16,353 - [webpage_parser.py:65] - INFO - procotol:https, hostname:baijia.baidu.com, new_link:/u?app_id=1536766737196056&wfr=pc&fr=new_lst
2017-09-16 16:08:16,351 - [webpage_parser.py:65] - INFO - procotol:http, hostname:news.china.com, new_link:javascript:void(0);
2017-09-16 16:08:16,353 - [webpage_parser.py:65] - INFO - procotol:http, hostname:news.baidu.com, new_link:/tech
2017-09-16 16:08:16,353 - [webpage_parser.py:65] - INFO - procotol:https, hostname:baijia.baidu.com, new_link:/s?id=1578652976924681727&wfr=pc&fr=new_lst
2017-09-16 16:08:16,356 - [webpage_parser.py:65] - INFO - procotol:http, hostname:news.china.com, new_link:mailto:newsgroup@bj.china.com
2017-09-16 16:08:16,357 - [webpage_parser.py:65] - INFO - procotol:https, hostname:baijia.baidu.com, new_link:/channel?cat=5
2017-09-16 16:08:16,357 - [webpage_parser.py:65] - INFO - procotol:https, hostname:baijia.baidu.com, new_link:/s?id=1578653355907666885&wfr=pc&fr=new_lst
2017-09-16 16:08:16,359 - [webpage_parser.py:65] - INFO - procotol:http, hostname:news.china.com, new_link:mailto:newsgroup@bj.china.com
2017-09-16 16:08:16,360 - [webpage_parser.py:65] - INFO - procotol:http, hostname:news.baidu.com, new_link:/game
2017-09-16 16:08:16,360 - [webpage_parser.py:65] - INFO - procotol:https, hostname:baijia.baidu.com, new_link:/s?id=1578565721561084993&wfr=pc&fr=new_lst
2017-09-16 16:08:16,363 - [webpage_parser.py:65] - INFO - procotol:https, hostname:baijia.baidu.com, new_link:/u?app_id=1536766549127199&wfr=pc&fr=new_lst
2017-09-16 16:08:16,363 - [webpage_parser.py:65] - INFO - procotol:https, hostname:baijia.baidu.com, new_link:/s?id=1578494310073685856&wfr=pc&fr=new_lst
2017-09-16 16:08:16,366 - [webpage_parser.py:65] - INFO - procotol:http, hostname:news.baidu.com, new_link:/fashion
2017-09-16 16:08:16,367 - [webpage_parser.py:65] - INFO - procotol:https, hostname:baijia.baidu.com, new_link:/s?id=1578489504261056741&wfr=pc&fr=new_lst
2017-09-16 16:08:16,369 - [webpage_parser.py:65] - INFO - procotol:https, hostname:baijia.baidu.com, new_link:/s?id=1578563195827671541&wfr=pc&fr=new_lst
2017-09-16 16:08:16,370 - [webpage_parser.py:65] - INFO - procotol:https, hostname:baijia.baidu.com, new_link:/s?id=1578482010109952443&wfr=pc&fr=new_lst
2017-09-16 16:08:16,370 - [webpage_parser.py:65] - INFO - procotol:http, hostname:news.baidu.com, new_link:/lady
2017-09-16 16:08:16,371 - [webpage_parser.py:65] - INFO - procotol:https, hostname:baijia.baidu.com, new_link:/s?id=1578481081221065927&wfr=pc&fr=new_lst
2017-09-16 16:08:16,371 - [webpage_parser.py:65] - INFO - procotol:https, hostname:baijia.baidu.com, new_link:/s?id=1578557257887453884&wfr=pc&fr=new_lst
2017-09-16 16:08:16,372 - [webpage_parser.py:65] - INFO - procotol:https, hostname:baijia.baidu.com, new_link:/s?id=1578298098903448461&wfr=pc&fr=new_lst
2017-09-16 16:08:16,372 - [webpage_parser.py:65] - INFO - procotol:http, hostname:news.baidu.com, new_link:/auto
2017-09-16 16:08:16,372 - [webpage_parser.py:65] - INFO - procotol:https, hostname:baijia.baidu.com, new_link:/u?app_id=1536772579465891&wfr=pc&fr=new_lst
2017-09-16 16:08:16,373 - [webpage_parser.py:65] - INFO - procotol:https, hostname:baijia.baidu.com, new_link:/s?id=1578446725114887957&wfr=pc&fr=new_lst
2017-09-16 16:08:16,373 - [webpage_parser.py:65] - INFO - procotol:https, hostname:baijia.baidu.com, new_link:/u?app_id=1536766737196056&wfr=pc&fr=new_lst
2017-09-16 16:08:16,374 - [webpage_parser.py:65] - INFO - procotol:http, hostname:news.baidu.com, new_link:/house
2017-09-16 16:08:16,374 - [webpage_parser.py:65] - INFO - procotol:https, hostname:baijia.baidu.com, new_link:/s?id=1578504898616167009&wfr=pc&fr=new_top
2017-09-16 16:08:16,375 - [webpage_parser.py:65] - INFO - procotol:https, hostname:baijia.baidu.com, new_link:/s?id=1578434575153982485&wfr=pc&fr=new_lst
2017-09-16 16:08:16,375 - [webpage_parser.py:65] - INFO - procotol:https, hostname:baijia.baidu.com, new_link:/s?id=1578504898616167009&wfr=pc&fr=new_top
2017-09-16 16:08:16,375 - [webpage_parser.py:65] - INFO - procotol:http, hostname:news.baidu.com, new_link:javascript:;
2017-09-16 16:08:16,376 - [webpage_parser.py:65] - INFO - procotol:https, hostname:baijia.baidu.com, new_link:/s?id=1578623174990307367&wfr=pc&fr=new_top
2017-09-16 16:08:16,376 - [webpage_parser.py:65] - INFO - procotol:https, hostname:baijia.baidu.com, new_link:/u?app_id=1536766549127199&wfr=pc&fr=new_lst
2017-09-16 16:08:16,376 - [webpage_parser.py:65] - INFO - procotol:https, hostname:baijia.baidu.com, new_link:/s?id=1578623174990307367&wfr=pc&fr=new_top
2017-09-16 16:08:16,377 - [webpage_parser.py:65] - INFO - procotol:http, hostname:news.baidu.com, new_link:javascript:;
2017-09-16 16:08:16,377 - [webpage_parser.py:65] - INFO - procotol:https, hostname:baijia.baidu.com, new_link:/u?app_id=1536772658226902&wfr=pc&fr=new_top
2017-09-16 16:08:16,377 - [webpage_parser.py:65] - INFO - procotol:https, hostname:baijia.baidu.com, new_link:/s?id=1578504898616167009&wfr=pc&fr=new_top
2017-09-16 16:08:16,378 - [webpage_parser.py:65] - INFO - procotol:https, hostname:baijia.baidu.com, new_link:/u?app_id=1536772658226902&wfr=pc&fr=new_top
2017-09-16 16:08:16,378 - [webpage_parser.py:65] - INFO - procotol:http, hostname:news.baidu.com, new_link:javascript:;
2017-09-16 16:08:16,378 - [webpage_parser.py:65] - INFO - procotol:https, hostname:baijia.baidu.com, new_link:/s?id=1578607976201766738&wfr=pc&fr=new_top
2017-09-16 16:08:16,379 - [webpage_parser.py:65] - INFO - procotol:https, hostname:baijia.baidu.com, new_link:/s?id=1578623174990307367&wfr=pc&fr=new_top
2017-09-16 16:08:16,379 - [webpage_parser.py:65] - INFO - procotol:https, hostname:baijia.baidu.com, new_link:/s?id=1578607976201766738&wfr=pc&fr=new_top
2017-09-16 16:08:16,379 - [webpage_parser.py:65] - INFO - procotol:http, hostname:news.baidu.com, new_link:javascript:;
2017-09-16 16:08:16,380 - [webpage_parser.py:65] - INFO - procotol:https, hostname:baijia.baidu.com, new_link:/u?app_id=1542908067534756&wfr=pc&fr=new_top
2017-09-16 16:08:16,380 - [webpage_parser.py:65] - INFO - procotol:https, hostname:baijia.baidu.com, new_link:/u?app_id=1536772658226902&wfr=pc&fr=new_top
2017-09-16 16:08:16,380 - [webpage_parser.py:65] - INFO - procotol:https, hostname:baijia.baidu.com, new_link:/u?app_id=1542908067534756&wfr=pc&fr=new_top
2017-09-16 16:08:16,382 - [webpage_parser.py:65] - INFO - procotol:http, hostname:news.baidu.com, new_link:javascript:;
2017-09-16 16:08:16,383 - [webpage_parser.py:65] - INFO - procotol:https, hostname:baijia.baidu.com, new_link:/s?id=1578577505038446664&wfr=pc&fr=new_top
2017-09-16 16:08:16,384 - [webpage_parser.py:65] - INFO - procotol:https, hostname:baijia.baidu.com, new_link:/s?id=1578607976201766738&wfr=pc&fr=new_top
2017-09-16 16:08:16,384 - [webpage_parser.py:65] - INFO - procotol:https, hostname:baijia.baidu.com, new_link:/s?id=1578577505038446664&wfr=pc&fr=new_top
2017-09-16 16:08:16,385 - [webpage_parser.py:65] - INFO - procotol:http, hostname:news.baidu.com, new_link:javascript:;
2017-09-16 16:08:16,385 - [webpage_parser.py:65] - INFO - procotol:https, hostname:baijia.baidu.com, new_link:/u?app_id=1536767684387819&wfr=pc&fr=new_top
2017-09-16 16:08:16,386 - [webpage_parser.py:65] - INFO - procotol:https, hostname:baijia.baidu.com, new_link:/u?app_id=1542908067534756&wfr=pc&fr=new_top
2017-09-16 16:08:16,386 - [webpage_parser.py:65] - INFO - procotol:https, hostname:baijia.baidu.com, new_link:/u?app_id=1536767684387819&wfr=pc&fr=new_top
2017-09-16 16:08:16,387 - [webpage_parser.py:65] - INFO - procotol:http, hostname:news.baidu.com, new_link:javascript:void(0);
2017-09-16 16:08:16,387 - [webpage_parser.py:65] - INFO - procotol:https, hostname:baijia.baidu.com, new_link:/s?id=1578593165078946033&wfr=pc&fr=new_top
2017-09-16 16:08:16,388 - [webpage_parser.py:65] - INFO - procotol:https, hostname:baijia.baidu.com, new_link:/s?id=1578577505038446664&wfr=pc&fr=new_top
2017-09-16 16:08:16,388 - [webpage_parser.py:65] - INFO - procotol:https, hostname:baijia.baidu.com, new_link:/s?id=1578593165078946033&wfr=pc&fr=new_top
2017-09-16 16:08:16,388 - [webpage_parser.py:65] - INFO - procotol:http, hostname:news.baidu.com, new_link:javascript:void(0);
2017-09-16 16:08:16,389 - [webpage_parser.py:65] - INFO - procotol:https, hostname:baijia.baidu.com, new_link:/u?app_id=1536767517568852&wfr=pc&fr=new_top
2017-09-16 16:08:16,389 - [webpage_parser.py:65] - INFO - procotol:https, hostname:baijia.baidu.com, new_link:/u?app_id=1536767684387819&wfr=pc&fr=new_top
2017-09-16 16:08:16,390 - [webpage_parser.py:65] - INFO - procotol:https, hostname:baijia.baidu.com, new_link:/u?app_id=1536767517568852&wfr=pc&fr=new_top
2017-09-16 16:08:16,390 - [webpage_parser.py:65] - INFO - procotol:http, hostname:news.baidu.com, new_link:javascript:void(0)
2017-09-16 16:08:16,390 - [webpage_parser.py:65] - INFO - procotol:https, hostname:baijia.baidu.com, new_link:/s?id=1578557257887453884&wfr=pc&fr=new_top
2017-09-16 16:08:16,391 - [webpage_parser.py:65] - INFO - procotol:https, hostname:baijia.baidu.com, new_link:/s?id=1578593165078946033&wfr=pc&fr=new_top
2017-09-16 16:08:16,391 - [webpage_parser.py:65] - INFO - procotol:https, hostname:baijia.baidu.com, new_link:/s?id=1578557257887453884&wfr=pc&fr=new_top
2017-09-16 16:08:16,391 - [webpage_parser.py:65] - INFO - procotol:http, hostname:news.baidu.com, new_link:javascript:void(0)
2017-09-16 16:08:16,392 - [webpage_parser.py:65] - INFO - procotol:https, hostname:baijia.baidu.com, new_link:/u?app_id=1536766549127199&wfr=pc&fr=new_top
2017-09-16 16:08:16,392 - [webpage_parser.py:65] - INFO - procotol:https, hostname:baijia.baidu.com, new_link:/u?app_id=1536767517568852&wfr=pc&fr=new_top
2017-09-16 16:08:16,392 - [webpage_parser.py:65] - INFO - procotol:https, hostname:baijia.baidu.com, new_link:/u?app_id=1536766549127199&wfr=pc&fr=new_top
2017-09-16 16:08:16,393 - [webpage_parser.py:65] - INFO - procotol:http, hostname:news.baidu.com, new_link:javascript:void(0)
2017-09-16 16:08:16,393 - [webpage_parser.py:65] - INFO - procotol:https, hostname:baijia.baidu.com, new_link:/s?id=1578507534024718953&wfr=pc&fr=new_top
2017-09-16 16:08:16,394 - [webpage_parser.py:65] - INFO - procotol:https, hostname:baijia.baidu.com, new_link:/s?id=1578557257887453884&wfr=pc&fr=new_top
2017-09-16 16:08:16,394 - [webpage_parser.py:65] - INFO - procotol:https, hostname:baijia.baidu.com, new_link:/s?id=1578507534024718953&wfr=pc&fr=new_top
2017-09-16 16:08:16,394 - [webpage_parser.py:65] - INFO - procotol:http, hostname:news.baidu.com, new_link:javascript:void(0)
2017-09-16 16:08:16,395 - [webpage_parser.py:65] - INFO - procotol:https, hostname:baijia.baidu.com, new_link:/u?app_id=1536766289627322&wfr=pc&fr=new_top
2017-09-16 16:08:16,395 - [webpage_parser.py:65] - INFO - procotol:https, hostname:baijia.baidu.com, new_link:/u?app_id=1536766549127199&wfr=pc&fr=new_top
2017-09-16 16:08:16,395 - [webpage_parser.py:65] - INFO - procotol:https, hostname:baijia.baidu.com, new_link:/u?app_id=1536766289627322&wfr=pc&fr=new_top
2017-09-16 16:08:16,395 - [webpage_parser.py:65] - INFO - procotol:http, hostname:news.baidu.com, new_link:javascript:void(0)
2017-09-16 16:08:16,396 - [webpage_parser.py:65] - INFO - procotol:https, hostname:baijia.baidu.com, new_link:/s?id=1578558686663240107&wfr=pc&fr=new_top
2017-09-16 16:08:16,396 - [webpage_parser.py:65] - INFO - procotol:https, hostname:baijia.baidu.com, new_link:/s?id=1578507534024718953&wfr=pc&fr=new_top
2017-09-16 16:08:16,396 - [webpage_parser.py:65] - INFO - procotol:https, hostname:baijia.baidu.com, new_link:/s?id=1578558686663240107&wfr=pc&fr=new_top
2017-09-16 16:08:16,397 - [webpage_parser.py:65] - INFO - procotol:http, hostname:news.baidu.com, new_link:javascript:void(0)
2017-09-16 16:08:16,397 - [webpage_parser.py:65] - INFO - procotol:https, hostname:baijia.baidu.com, new_link:/u?app_id=1536766474050767&wfr=pc&fr=new_top
2017-09-16 16:08:16,397 - [webpage_parser.py:65] - INFO - procotol:https, hostname:baijia.baidu.com, new_link:/u?app_id=1536766289627322&wfr=pc&fr=new_top
2017-09-16 16:08:16,398 - [webpage_parser.py:65] - INFO - procotol:https, hostname:baijia.baidu.com, new_link:/u?app_id=1536766474050767&wfr=pc&fr=new_top
2017-09-16 16:08:16,399 - [webpage_parser.py:65] - INFO - procotol:http, hostname:news.baidu.com, new_link:javascript:void(0)
2017-09-16 16:08:16,399 - [webpage_parser.py:65] - INFO - procotol:https, hostname:baijia.baidu.com, new_link:/s?id=1578653355907666885&wfr=pc&fr=new_top
2017-09-16 16:08:16,400 - [webpage_parser.py:65] - INFO - procotol:https, hostname:baijia.baidu.com, new_link:/s?id=1578558686663240107&wfr=pc&fr=new_top
2017-09-16 16:08:16,400 - [webpage_parser.py:65] - INFO - procotol:https, hostname:baijia.baidu.com, new_link:/s?id=1578653355907666885&wfr=pc&fr=new_top
2017-09-16 16:08:16,401 - [webpage_parser.py:65] - INFO - procotol:http, hostname:news.baidu.com, new_link:javascript:void(0)
2017-09-16 16:08:16,401 - [webpage_parser.py:65] - INFO - procotol:https, hostname:baijia.baidu.com, new_link:/u?app_id=1536766737196056&wfr=pc&fr=new_top
2017-09-16 16:08:16,402 - [webpage_parser.py:65] - INFO - procotol:https, hostname:baijia.baidu.com, new_link:/u?app_id=1536766474050767&wfr=pc&fr=new_top
2017-09-16 16:08:16,403 - [webpage_parser.py:65] - INFO - procotol:https, hostname:baijia.baidu.com, new_link:/u?app_id=1536766737196056&wfr=pc&fr=new_top
2017-09-16 16:08:16,403 - [webpage_parser.py:65] - INFO - procotol:http, hostname:news.baidu.com, new_link:/n?cmd=1&class=reci
2017-09-16 16:08:16,405 - [webpage_parser.py:65] - INFO - procotol:https, hostname:baijia.baidu.com, new_link:/s?id=1578548392389415079&wfr=pc&fr=new_top
2017-09-16 16:08:16,407 - [webpage_parser.py:65] - INFO - procotol:https, hostname:baijia.baidu.com, new_link:/s?id=1578653355907666885&wfr=pc&fr=new_top
2017-09-16 16:08:16,407 - [webpage_parser.py:65] - INFO - procotol:https, hostname:baijia.baidu.com, new_link:/s?id=1578548392389415079&wfr=pc&fr=new_top
2017-09-16 16:08:16,409 - [webpage_parser.py:65] - INFO - procotol:http, hostname:news.baidu.com, new_link:javascript:void(0)
2017-09-16 16:08:16,409 - [webpage_parser.py:65] - INFO - procotol:https, hostname:baijia.baidu.com, new_link:/u?app_id=1536767911508436&wfr=pc&fr=new_top
2017-09-16 16:08:16,410 - [webpage_parser.py:65] - INFO - procotol:https, hostname:baijia.baidu.com, new_link:/u?app_id=1536766737196056&wfr=pc&fr=new_top
2017-09-16 16:08:16,410 - [webpage_parser.py:65] - INFO - procotol:https, hostname:baijia.baidu.com, new_link:/u?app_id=1536767911508436&wfr=pc&fr=new_top
2017-09-16 16:08:16,411 - [webpage_parser.py:65] - INFO - procotol:http, hostname:news.baidu.com, new_link:javascript:void(0)
2017-09-16 16:08:16,411 - [webpage_parser.py:65] - INFO - procotol:https, hostname:baijia.baidu.com, new_link:/s?id=1578208807638478293&wfr=pc&fr=new_top
2017-09-16 16:08:16,411 - [webpage_parser.py:65] - INFO - procotol:https, hostname:baijia.baidu.com, new_link:/s?id=1578548392389415079&wfr=pc&fr=new_top
2017-09-16 16:08:16,411 - [webpage_parser.py:65] - INFO - procotol:https, hostname:baijia.baidu.com, new_link:/s?id=1578208807638478293&wfr=pc&fr=new_top
2017-09-16 16:08:16,413 - [webpage_parser.py:65] - INFO - procotol:http, hostname:news.baidu.com, new_link:javascript:void(0)
2017-09-16 16:08:16,413 - [webpage_parser.py:65] - INFO - procotol:https, hostname:baijia.baidu.com, new_link:/s?id=1578410468853518882&wfr=pc&fr=new_top
2017-09-16 16:08:16,413 - [webpage_parser.py:65] - INFO - procotol:https, hostname:baijia.baidu.com, new_link:/u?app_id=1536767911508436&wfr=pc&fr=new_top
2017-09-16 16:08:16,414 - [webpage_parser.py:65] - INFO - procotol:https, hostname:baijia.baidu.com, new_link:/s?id=1578410468853518882&wfr=pc&fr=new_top
2017-09-16 16:08:16,415 - [webpage_parser.py:65] - INFO - procotol:http, hostname:news.baidu.com, new_link:/n?cmd=6&loc=0&name=%B8%DB%B0%C4%CC%A8&locname=%B8%DB%B0%C4%CC%A8
2017-09-16 16:08:16,415 - [webpage_parser.py:65] - INFO - procotol:https, hostname:baijia.baidu.com, new_link:/u?app_id=1536767911508436&wfr=pc&fr=new_top
2017-09-16 16:08:16,416 - [webpage_parser.py:65] - INFO - procotol:https, hostname:baijia.baidu.com, new_link:/s?id=1578208807638478293&wfr=pc&fr=new_top
2017-09-16 16:08:16,417 - [webpage_parser.py:65] - INFO - procotol:https, hostname:baijia.baidu.com, new_link:/u?app_id=1536767911508436&wfr=pc&fr=new_top
2017-09-16 16:08:16,418 - [webpage_parser.py:65] - INFO - procotol:http, hostname:news.baidu.com, new_link:javascript:;
2017-09-16 16:08:16,418 - [webpage_parser.py:65] - INFO - procotol:https, hostname:baijia.baidu.com, new_link:/s?id=1578129331659506891&wfr=pc&fr=new_top
2017-09-16 16:08:16,419 - [webpage_parser.py:65] - INFO - procotol:https, hostname:baijia.baidu.com, new_link:/s?id=1578410468853518882&wfr=pc&fr=new_top
2017-09-16 16:08:16,419 - [webpage_parser.py:65] - INFO - procotol:https, hostname:baijia.baidu.com, new_link:/s?id=1578129331659506891&wfr=pc&fr=new_top
2017-09-16 16:08:16,420 - [webpage_parser.py:65] - INFO - procotol:http, hostname:news.baidu.com, new_link:javascript:;
2017-09-16 16:08:16,421 - [webpage_parser.py:65] - INFO - procotol:https, hostname:baijia.baidu.com, new_link:/u?app_id=1536774014301697&wfr=pc&fr=new_top
2017-09-16 16:08:16,421 - [webpage_parser.py:65] - INFO - procotol:https, hostname:baijia.baidu.com, new_link:/u?app_id=1536767911508436&wfr=pc&fr=new_top
2017-09-16 16:08:16,422 - [webpage_parser.py:65] - INFO - procotol:https, hostname:baijia.baidu.com, new_link:/u?app_id=1536774014301697&wfr=pc&fr=new_top
2017-09-16 16:08:16,423 - [webpage_parser.py:65] - INFO - procotol:http, hostname:news.baidu.com, new_link:javascript:;
2017-09-16 16:08:16,423 - [webpage_parser.py:65] - INFO - procotol:https, hostname:baijia.baidu.com, new_link:/s?id=1578374273180822002&wfr=pc&fr=new_top
2017-09-16 16:08:16,424 - [webpage_parser.py:65] - INFO - procotol:https, hostname:baijia.baidu.com, new_link:/s?id=1578129331659506891&wfr=pc&fr=new_top
2017-09-16 16:08:16,424 - [webpage_parser.py:65] - INFO - procotol:https, hostname:baijia.baidu.com, new_link:/s?id=1578374273180822002&wfr=pc&fr=new_top
2017-09-16 16:08:16,424 - [webpage_parser.py:65] - INFO - procotol:http, hostname:news.baidu.com, new_link:javascript:;
2017-09-16 16:08:16,425 - [webpage_parser.py:65] - INFO - procotol:https, hostname:baijia.baidu.com, new_link:/u?app_id=1536766474050767&wfr=pc&fr=new_top
2017-09-16 16:08:16,425 - [webpage_parser.py:65] - INFO - procotol:https, hostname:baijia.baidu.com, new_link:/u?app_id=1536774014301697&wfr=pc&fr=new_top
2017-09-16 16:08:16,425 - [webpage_parser.py:65] - INFO - procotol:https, hostname:baijia.baidu.com, new_link:/u?app_id=1536766474050767&wfr=pc&fr=new_top
2017-09-16 16:08:16,428 - [webpage_saver.py:45] - INFO - url http://news.baidu.com/ is not match
2017-09-16 16:08:16,428 - [webpage_parser.py:65] - INFO - procotol:https, hostname:baijia.baidu.com, new_link:/s?id=1578373838877672334&wfr=pc&fr=new_top
2017-09-16 16:08:16,429 - [webpage_parser.py:65] - INFO - procotol:https, hostname:baijia.baidu.com, new_link:/s?id=1578374273180822002&wfr=pc&fr=new_top
2017-09-16 16:08:16,429 - [webpage_parser.py:65] - INFO - procotol:https, hostname:baijia.baidu.com, new_link:/s?id=1578373838877672334&wfr=pc&fr=new_top
2017-09-16 16:08:16,429 - [webpage_parser.py:65] - INFO - procotol:https, hostname:baijia.baidu.com, new_link:/u?app_id=1536766549127199&wfr=pc&fr=new_top
2017-09-16 16:08:16,430 - [webpage_parser.py:65] - INFO - procotol:https, hostname:baijia.baidu.com, new_link:/u?app_id=1536766474050767&wfr=pc&fr=new_top
2017-09-16 16:08:16,431 - [webpage_parser.py:65] - INFO - procotol:https, hostname:baijia.baidu.com, new_link:/u?app_id=1536766549127199&wfr=pc&fr=new_top
2017-09-16 16:08:16,431 - [webpage_parser.py:65] - INFO - procotol:https, hostname:baijia.baidu.com, new_link:/s?id=1578373838877672334&wfr=pc&fr=new_top
2017-09-16 16:08:16,432 - [webpage_parser.py:65] - INFO - procotol:https, hostname:baijia.baidu.com, new_link:/s?id=1578123833701584481&wfr=pc&fr=new_top
2017-09-16 16:08:16,432 - [webpage_parser.py:65] - INFO - procotol:https, hostname:baijia.baidu.com, new_link:/s?id=1578123833701584481&wfr=pc&fr=new_top
2017-09-16 16:08:16,432 - [webpage_parser.py:65] - INFO - procotol:https, hostname:baijia.baidu.com, new_link:/u?app_id=1536766549127199&wfr=pc&fr=new_top
2017-09-16 16:08:16,433 - [webpage_parser.py:65] - INFO - procotol:https, hostname:baijia.baidu.com, new_link:/u?app_id=1536766231434959&wfr=pc&fr=new_top
2017-09-16 16:08:16,434 - [webpage_parser.py:65] - INFO - procotol:https, hostname:baijia.baidu.com, new_link:/u?app_id=1536766231434959&wfr=pc&fr=new_top
2017-09-16 16:08:16,434 - [webpage_parser.py:65] - INFO - procotol:https, hostname:baijia.baidu.com, new_link:/s?id=1578123833701584481&wfr=pc&fr=new_top
2017-09-16 16:08:16,435 - [webpage_parser.py:65] - INFO - procotol:https, hostname:baijia.baidu.com, new_link:/s?id=1578240209069435195&wfr=pc&fr=new_top
2017-09-16 16:08:16,435 - [webpage_parser.py:65] - INFO - procotol:https, hostname:baijia.baidu.com, new_link:/s?id=1578240209069435195&wfr=pc&fr=new_top
2017-09-16 16:08:16,436 - [webpage_parser.py:65] - INFO - procotol:https, hostname:baijia.baidu.com, new_link:/u?app_id=1536766231434959&wfr=pc&fr=new_top
2017-09-16 16:08:16,436 - [webpage_parser.py:65] - INFO - procotol:https, hostname:baijia.baidu.com, new_link:/u?app_id=1536766719453005&wfr=pc&fr=new_top
2017-09-16 16:08:16,437 - [webpage_parser.py:65] - INFO - procotol:https, hostname:baijia.baidu.com, new_link:/u?app_id=1536766719453005&wfr=pc&fr=new_top
2017-09-16 16:08:16,437 - [webpage_parser.py:65] - INFO - procotol:https, hostname:baijia.baidu.com, new_link:/s?id=1578240209069435195&wfr=pc&fr=new_top
2017-09-16 16:08:16,438 - [webpage_parser.py:65] - INFO - procotol:https, hostname:baijia.baidu.com, new_link:/s?id=1578365804884109727&wfr=pc&fr=new_top
2017-09-16 16:08:16,438 - [webpage_parser.py:65] - INFO - procotol:https, hostname:baijia.baidu.com, new_link:/s?id=1578365804884109727&wfr=pc&fr=new_top
2017-09-16 16:08:16,439 - [webpage_parser.py:65] - INFO - procotol:https, hostname:baijia.baidu.com, new_link:/u?app_id=1536766719453005&wfr=pc&fr=new_top
2017-09-16 16:08:16,439 - [webpage_parser.py:65] - INFO - procotol:https, hostname:baijia.baidu.com, new_link:/u?app_id=1536768690718780&wfr=pc&fr=new_top
2017-09-16 16:08:16,440 - [webpage_parser.py:65] - INFO - procotol:https, hostname:baijia.baidu.com, new_link:/u?app_id=1536768690718780&wfr=pc&fr=new_top
2017-09-16 16:08:16,440 - [webpage_parser.py:65] - INFO - procotol:https, hostname:baijia.baidu.com, new_link:/s?id=1578365804884109727&wfr=pc&fr=new_top
2017-09-16 16:08:16,441 - [webpage_parser.py:65] - INFO - procotol:https, hostname:baijia.baidu.com, new_link:/s?id=1578275578438991585&wfr=pc&fr=new_top
2017-09-16 16:08:16,441 - [webpage_parser.py:65] - INFO - procotol:https, hostname:baijia.baidu.com, new_link:/s?id=1578275578438991585&wfr=pc&fr=new_top
2017-09-16 16:08:16,441 - [webpage_parser.py:65] - INFO - procotol:https, hostname:baijia.baidu.com, new_link:/u?app_id=1536768690718780&wfr=pc&fr=new_top
2017-09-16 16:08:16,442 - [webpage_parser.py:65] - INFO - procotol:https, hostname:baijia.baidu.com, new_link:/u?app_id=1536768690718780&wfr=pc&fr=new_top
2017-09-16 16:08:16,442 - [webpage_parser.py:65] - INFO - procotol:https, hostname:baijia.baidu.com, new_link:/u?app_id=1536768690718780&wfr=pc&fr=new_top
2017-09-16 16:08:16,443 - [webpage_parser.py:65] - INFO - procotol:https, hostname:baijia.baidu.com, new_link:/s?id=1578275578438991585&wfr=pc&fr=new_top
2017-09-16 16:08:16,443 - [webpage_parser.py:65] - INFO - procotol:https, hostname:baijia.baidu.com, new_link:/s?id=1578233654535496137&wfr=pc&fr=new_top
2017-09-16 16:08:16,444 - [webpage_parser.py:65] - INFO - procotol:https, hostname:baijia.baidu.com, new_link:/s?id=1578233654535496137&wfr=pc&fr=new_top
2017-09-16 16:08:16,444 - [webpage_parser.py:65] - INFO - procotol:https, hostname:baijia.baidu.com, new_link:/u?app_id=1536768690718780&wfr=pc&fr=new_top
2017-09-16 16:08:16,444 - [webpage_parser.py:65] - INFO - procotol:https, hostname:baijia.baidu.com, new_link:/u?app_id=1536767517568852&wfr=pc&fr=new_top
2017-09-16 16:08:16,445 - [webpage_parser.py:65] - INFO - procotol:https, hostname:baijia.baidu.com, new_link:/u?app_id=1536767517568852&wfr=pc&fr=new_top
2017-09-16 16:08:16,445 - [webpage_parser.py:65] - INFO - procotol:https, hostname:baijia.baidu.com, new_link:/s?id=1578233654535496137&wfr=pc&fr=new_top
2017-09-16 16:08:16,446 - [webpage_parser.py:65] - INFO - procotol:https, hostname:baijia.baidu.com, new_link:/u?app_id=1536766737196056&wfr=pc&fr=new_dtl
2017-09-16 16:08:16,446 - [webpage_parser.py:65] - INFO - procotol:https, hostname:baijia.baidu.com, new_link:/u?app_id=1536772579465891&wfr=pc&fr=new_dtl
2017-09-16 16:08:16,447 - [webpage_parser.py:65] - INFO - procotol:https, hostname:baijia.baidu.com, new_link:/u?app_id=1536767517568852&wfr=pc&fr=new_top
2017-09-16 16:08:16,448 - [webpage_saver.py:45] - INFO - url https://baijia.baidu.com/s?id=1578653355907666885 is not match
2017-09-16 16:08:16,449 - [webpage_parser.py:65] - INFO - procotol:https, hostname:baijia.baidu.com, new_link:/u?app_id=1536766549127199&wfr=pc&fr=new_dtl
2017-09-16 16:08:16,451 - [webpage_saver.py:45] - INFO - url https://baijia.baidu.com/s?id=1578652976924681727 is not match
2017-09-16 16:08:16,453 - [webpage_saver.py:45] - INFO - url https://baijia.baidu.com/s?id=1578373838877672334 is not match
2017-09-16 16:08:16,873 - [connectionpool.py:395] - DEBUG - http://downpack.baidu.com:80 "GET /baidunews_AndroidPhone_1014720b.apk HTTP/1.1" 302 0
2017-09-16 16:08:16,880 - [connectionpool.py:207] - DEBUG - Starting new HTTP connection (1): downapp.baidu.com
2017-09-16 16:08:16,900 - [connectionpool.py:395] - DEBUG - http://downapp.baidu.com:80 "GET /baidunews/AndroidPhone/6.6.1.0/1/1014720b/20170911154904/baidunews_AndroidPhone_6-6-1-0_1014720b.apk?responseContentDisposition=attachment%3Bfilename%3D%22baidunews_AndroidPhone_1014720b.apk%22&responseContentType=application%2Fvnd.android.package-archive&request_id=1505549295_9540092487&type=static HTTP/1.1" 200 8940551
2017-09-16 16:08:19,325 - [sjisprober.py:61] - DEBUG - SHIFT_JIS Japanese prober hit error at byte 19
2017-09-16 16:08:19,513 - [eucjpprober.py:62] - DEBUG - EUC-JP Japanese prober hit error at byte 23
2017-09-16 16:08:19,678 - [mbcharsetprober.py:66] - DEBUG - GB2312 Chinese prober hit error at byte 57
2017-09-16 16:08:19,853 - [mbcharsetprober.py:66] - DEBUG - EUC-KR Korean prober hit error at byte 23
2017-09-16 16:08:20,033 - [mbcharsetprober.py:66] - DEBUG - CP949 Korean prober hit error at byte 23
2017-09-16 16:08:20,233 - [mbcharsetprober.py:66] - DEBUG - Big5 Chinese prober hit error at byte 53
2017-09-16 16:08:20,420 - [mbcharsetprober.py:66] - DEBUG - EUC-TW Taiwan prober hit error at byte 23
2017-09-16 16:08:21,688 - [connectionpool.py:207] - DEBUG - Starting new HTTP connection (1): news.baidu.com
2017-09-16 16:08:21,704 - [connectionpool.py:818] - DEBUG - Starting new HTTPS connection (1): baijia.baidu.com
2017-09-16 16:08:21,705 - [connectionpool.py:818] - DEBUG - Starting new HTTPS connection (1): baijia.baidu.com
2017-09-16 16:08:21,706 - [connectionpool.py:818] - DEBUG - Starting new HTTPS connection (1): zhidao.baidu.com
2017-09-16 16:08:21,707 - [connectionpool.py:818] - DEBUG - Starting new HTTPS connection (1): www.baidu.com
2017-09-16 16:08:21,710 - [connectionpool.py:818] - DEBUG - Starting new HTTPS connection (1): baijia.baidu.com
2017-09-16 16:08:21,711 - [connectionpool.py:207] - DEBUG - Starting new HTTP connection (1): china.huanqiu.com
2017-09-16 16:08:21,776 - [connectionpool.py:395] - DEBUG - http://news.baidu.com:80 "GET /tech HTTP/1.1" 200 None
2017-09-16 16:08:21,960 - [webpage_parser.py:65] - INFO - procotol:http, hostname:news.baidu.com, new_link:/
2017-09-16 16:08:21,988 - [webpage_parser.py:65] - INFO - procotol:http, hostname:news.baidu.com, new_link:/guonei
2017-09-16 16:08:21,992 - [webpage_parser.py:65] - INFO - procotol:http, hostname:news.baidu.com, new_link:/guoji
2017-09-16 16:08:21,995 - [webpage_parser.py:65] - INFO - procotol:http, hostname:news.baidu.com, new_link:/mil
2017-09-16 16:08:21,998 - [webpage_parser.py:65] - INFO - procotol:http, hostname:news.baidu.com, new_link:/society
2017-09-16 16:08:22,001 - [webpage_parser.py:65] - INFO - procotol:http, hostname:news.baidu.com, new_link:/finance
2017-09-16 16:08:22,001 - [webpage_parser.py:65] - INFO - procotol:http, hostname:news.baidu.com, new_link:/ent
2017-09-16 16:08:22,002 - [webpage_parser.py:65] - INFO - procotol:http, hostname:news.baidu.com, new_link:/sports
2017-09-16 16:08:22,002 - [webpage_parser.py:65] - INFO - procotol:http, hostname:news.baidu.com, new_link:/internet
2017-09-16 16:08:22,003 - [webpage_parser.py:65] - INFO - procotol:http, hostname:news.baidu.com, new_link:/tech
2017-09-16 16:08:22,003 - [webpage_parser.py:65] - INFO - procotol:http, hostname:news.baidu.com, new_link:/game
2017-09-16 16:08:22,003 - [webpage_parser.py:65] - INFO - procotol:http, hostname:news.baidu.com, new_link:/fashion
2017-09-16 16:08:22,003 - [webpage_parser.py:65] - INFO - procotol:http, hostname:news.baidu.com, new_link:/lady
2017-09-16 16:08:22,004 - [webpage_parser.py:65] - INFO - procotol:http, hostname:news.baidu.com, new_link:/auto
2017-09-16 16:08:22,004 - [webpage_parser.py:65] - INFO - procotol:http, hostname:news.baidu.com, new_link:/house
2017-09-16 16:08:22,004 - [webpage_parser.py:65] - INFO - procotol:http, hostname:news.baidu.com, new_link:/
2017-09-16 16:08:22,005 - [webpage_parser.py:65] - INFO - procotol:http, hostname:news.baidu.com, new_link:/guonei
2017-09-16 16:08:22,005 - [webpage_parser.py:65] - INFO - procotol:http, hostname:news.baidu.com, new_link:/guoji
2017-09-16 16:08:22,005 - [webpage_parser.py:65] - INFO - procotol:http, hostname:news.baidu.com, new_link:/mil
2017-09-16 16:08:22,005 - [webpage_parser.py:65] - INFO - procotol:http, hostname:news.baidu.com, new_link:/society
2017-09-16 16:08:22,006 - [webpage_parser.py:65] - INFO - procotol:http, hostname:news.baidu.com, new_link:/finance
2017-09-16 16:08:22,006 - [webpage_parser.py:65] - INFO - procotol:http, hostname:news.baidu.com, new_link:/ent
2017-09-16 16:08:22,007 - [webpage_parser.py:65] - INFO - procotol:http, hostname:news.baidu.com, new_link:/sports
2017-09-16 16:08:22,008 - [webpage_parser.py:65] - INFO - procotol:http, hostname:news.baidu.com, new_link:/internet
2017-09-16 16:08:22,008 - [webpage_parser.py:65] - INFO - procotol:http, hostname:news.baidu.com, new_link:/tech
2017-09-16 16:08:22,008 - [webpage_parser.py:65] - INFO - procotol:http, hostname:news.baidu.com, new_link:/game
2017-09-16 16:08:22,009 - [webpage_parser.py:65] - INFO - procotol:http, hostname:news.baidu.com, new_link:/fashion
2017-09-16 16:08:22,009 - [webpage_parser.py:65] - INFO - procotol:http, hostname:news.baidu.com, new_link:/lady
2017-09-16 16:08:22,010 - [webpage_parser.py:65] - INFO - procotol:http, hostname:news.baidu.com, new_link:/auto
2017-09-16 16:08:22,010 - [webpage_parser.py:65] - INFO - procotol:http, hostname:news.baidu.com, new_link:/house
2017-09-16 16:08:22,014 - [webpage_parser.py:65] - INFO - procotol:http, hostname:news.baidu.com, new_link:javascript:void(0);
2017-09-16 16:08:22,017 - [webpage_parser.py:65] - INFO - procotol:http, hostname:news.baidu.com, new_link:javascript:void(0);
2017-09-16 16:08:22,018 - [webpage_parser.py:65] - INFO - procotol:http, hostname:news.baidu.com, new_link:javascript:void(0)
2017-09-16 16:08:22,018 - [webpage_parser.py:65] - INFO - procotol:http, hostname:news.baidu.com, new_link:javascript:void(0)
2017-09-16 16:08:22,019 - [webpage_parser.py:65] - INFO - procotol:http, hostname:news.baidu.com, new_link:javascript:void(0)
2017-09-16 16:08:22,023 - [webpage_parser.py:65] - INFO - procotol:http, hostname:news.baidu.com, new_link:javascript:void(0)
2017-09-16 16:08:22,028 - [webpage_parser.py:65] - INFO - procotol:http, hostname:news.baidu.com, new_link:javascript:void(0)
2017-09-16 16:08:22,030 - [webpage_parser.py:65] - INFO - procotol:http, hostname:news.baidu.com, new_link:javascript:;
2017-09-16 16:08:22,030 - [connectionpool.py:395] - DEBUG - https://baijia.baidu.com:443 "GET /s?id=1578410468853518882 HTTP/1.1" 200 None
2017-09-16 16:08:22,034 - [webpage_parser.py:65] - INFO - procotol:http, hostname:news.baidu.com, new_link:javascript:;
2017-09-16 16:08:22,038 - [webpage_parser.py:65] - INFO - procotol:http, hostname:news.baidu.com, new_link:javascript:;
2017-09-16 16:08:22,041 - [webpage_parser.py:65] - INFO - procotol:http, hostname:news.baidu.com, new_link:javascript:;
2017-09-16 16:08:22,097 - [connectionpool.py:395] - DEBUG - https://baijia.baidu.com:443 "GET / HTTP/1.1" 200 None
2017-09-16 16:08:22,135 - [webpage_parser.py:65] - INFO - procotol:https, hostname:baijia.baidu.com, new_link:/
2017-09-16 16:08:22,137 - [webpage_parser.py:65] - INFO - procotol:https, hostname:baijia.baidu.com, new_link:/
2017-09-16 16:08:22,138 - [webpage_parser.py:65] - INFO - procotol:https, hostname:baijia.baidu.com, new_link:/channel?cat=1
2017-09-16 16:08:22,139 - [webpage_parser.py:65] - INFO - procotol:https, hostname:baijia.baidu.com, new_link:/channel?cat=2
2017-09-16 16:08:22,140 - [webpage_parser.py:65] - INFO - procotol:https, hostname:baijia.baidu.com, new_link:/channel?cat=3
2017-09-16 16:08:22,141 - [webpage_parser.py:65] - INFO - procotol:https, hostname:baijia.baidu.com, new_link:/channel?cat=4
2017-09-16 16:08:22,143 - [webpage_parser.py:65] - INFO - procotol:https, hostname:baijia.baidu.com, new_link:/channel?cat=5
2017-09-16 16:08:22,146 - [webpage_parser.py:65] - INFO - procotol:https, hostname:baijia.baidu.com, new_link:/u?app_id=1536767911508436&wfr=pc&fr=new_lst
2017-09-16 16:08:22,147 - [webpage_parser.py:65] - INFO - procotol:https, hostname:baijia.baidu.com, new_link:/s?id=1578548392389415079&wfr=pc&fr=new_lst
2017-09-16 16:08:22,148 - [webpage_parser.py:65] - INFO - procotol:https, hostname:baijia.baidu.com, new_link:/s?id=1578470854169521020&wfr=pc&fr=new_lst
2017-09-16 16:08:22,148 - [webpage_parser.py:65] - INFO - procotol:https, hostname:baijia.baidu.com, new_link:/s?id=1578410468853518882&wfr=pc&fr=new_lst
2017-09-16 16:08:22,149 - [webpage_parser.py:65] - INFO - procotol:https, hostname:baijia.baidu.com, new_link:/s?id=1578389263088459457&wfr=pc&fr=new_lst
2017-09-16 16:08:22,149 - [webpage_parser.py:65] - INFO - procotol:https, hostname:baijia.baidu.com, new_link:/u?app_id=1536767911508436&wfr=pc&fr=new_lst
2017-09-16 16:08:22,150 - [webpage_parser.py:65] - INFO - procotol:https, hostname:baijia.baidu.com, new_link:/s?id=1578504898616167009&wfr=pc&fr=new_top
2017-09-16 16:08:22,150 - [webpage_parser.py:65] - INFO - procotol:https, hostname:baijia.baidu.com, new_link:/s?id=1578623174990307367&wfr=pc&fr=new_top
2017-09-16 16:08:22,151 - [webpage_parser.py:65] - INFO - procotol:https, hostname:baijia.baidu.com, new_link:/u?app_id=1536772658226902&wfr=pc&fr=new_top
2017-09-16 16:08:22,153 - [webpage_parser.py:65] - INFO - procotol:https, hostname:baijia.baidu.com, new_link:/s?id=1578607976201766738&wfr=pc&fr=new_top
2017-09-16 16:08:22,154 - [webpage_parser.py:65] - INFO - procotol:https, hostname:baijia.baidu.com, new_link:/u?app_id=1542908067534756&wfr=pc&fr=new_top
2017-09-16 16:08:22,155 - [webpage_parser.py:65] - INFO - procotol:https, hostname:baijia.baidu.com, new_link:/s?id=1578577505038446664&wfr=pc&fr=new_top
2017-09-16 16:08:22,156 - [webpage_parser.py:65] - INFO - procotol:https, hostname:baijia.baidu.com, new_link:/u?app_id=1536767684387819&wfr=pc&fr=new_top
2017-09-16 16:08:22,157 - [webpage_parser.py:65] - INFO - procotol:https, hostname:baijia.baidu.com, new_link:/s?id=1578593165078946033&wfr=pc&fr=new_top
2017-09-16 16:08:22,157 - [webpage_parser.py:65] - INFO - procotol:https, hostname:baijia.baidu.com, new_link:/u?app_id=1536767517568852&wfr=pc&fr=new_top
2017-09-16 16:08:22,159 - [connectionpool.py:395] - DEBUG - http://china.huanqiu.com:80 "GET /article/2017-09/11253449.html?from=bdwz HTTP/1.1" 200 7739
2017-09-16 16:08:22,159 - [webpage_parser.py:65] - INFO - procotol:https, hostname:baijia.baidu.com, new_link:/s?id=1578557257887453884&wfr=pc&fr=new_top
2017-09-16 16:08:22,165 - [webpage_parser.py:65] - INFO - procotol:https, hostname:baijia.baidu.com, new_link:/u?app_id=1536766549127199&wfr=pc&fr=new_top
2017-09-16 16:08:22,175 - [webpage_parser.py:65] - INFO - procotol:https, hostname:baijia.baidu.com, new_link:/s?id=1578507534024718953&wfr=pc&fr=new_top
2017-09-16 16:08:22,177 - [webpage_saver.py:45] - INFO - url http://news.baidu.com/tech is not match
2017-09-16 16:08:22,251 - [webpage_parser.py:65] - INFO - procotol:http, hostname:china.huanqiu.com, new_link:javascript:doZoom(14)
2017-09-16 16:08:22,251 - [webpage_parser.py:65] - INFO - procotol:https, hostname:baijia.baidu.com, new_link:/u?app_id=1536766289627322&wfr=pc&fr=new_top
2017-09-16 16:08:22,320 - [webpage_parser.py:65] - INFO - procotol:http, hostname:china.huanqiu.com, new_link:javascript:doZoom(16)
2017-09-16 16:08:22,321 - [webpage_parser.py:65] - INFO - procotol:https, hostname:baijia.baidu.com, new_link:/s?id=1578558686663240107&wfr=pc&fr=new_top
2017-09-16 16:08:22,379 - [connectionpool.py:395] - DEBUG - https://www.baidu.com:443 "GET /s?wd=%E8%8C%83%E5%86%B0%E5%86%B036%E5%B2%81%E7%94%9F%E6%97%A5%E8%BF%99%E5%A4%A9%20%E6%9D%8E%E6%99%A8%E6%B1%82%E5%A9%9A%E6%88%90%E5%8A%9F%E4%BA%86 HTTP/1.1" 200 227
2017-09-16 16:08:22,383 - [webpage_parser.py:65] - INFO - procotol:https, hostname:baijia.baidu.com, new_link:/
2017-09-16 16:08:22,384 - [webpage_parser.py:65] - INFO - procotol:http, hostname:china.huanqiu.com, new_link:#frame_content
2017-09-16 16:08:22,385 - [webpage_parser.py:65] - INFO - procotol:https, hostname:baijia.baidu.com, new_link:/u?app_id=1536766474050767&wfr=pc&fr=new_top
2017-09-16 16:08:22,394 - [webpage_saver.py:45] - INFO - url https://www.baidu.com/s?wd=%E8%8C%83%E5%86%B0%E5%86%B036%E5%B2%81%E7%94%9F%E6%97%A5%E8%BF%99%E5%A4%A9%20%E6%9D%8E%E6%99%A8%E6%B1%82%E5%A9%9A%E6%88%90%E5%8A%9F%E4%BA%86 is not match
2017-09-16 16:08:22,396 - [webpage_parser.py:65] - INFO - procotol:https, hostname:baijia.baidu.com, new_link:/
2017-09-16 16:08:22,399 - [webpage_parser.py:65] - INFO - procotol:http, hostname:china.huanqiu.com, new_link:mailto:jubao@huanqiu.com
2017-09-16 16:08:22,403 - [webpage_parser.py:65] - INFO - procotol:https, hostname:baijia.baidu.com, new_link:/channel?cat=1
2017-09-16 16:08:22,407 - [webpage_parser.py:65] - INFO - procotol:https, hostname:baijia.baidu.com, new_link:/s?id=1578653355907666885&wfr=pc&fr=new_top
2017-09-16 16:08:22,409 - [webpage_saver.py:45] - INFO - url http://china.huanqiu.com/article/2017-09/11253449.html?from=bdwz is not match
2017-09-16 16:08:22,417 - [webpage_parser.py:65] - INFO - procotol:https, hostname:baijia.baidu.com, new_link:/channel?cat=2
2017-09-16 16:08:22,417 - [webpage_parser.py:65] - INFO - procotol:https, hostname:baijia.baidu.com, new_link:/u?app_id=1536766737196056&wfr=pc&fr=new_top
2017-09-16 16:08:22,423 - [webpage_parser.py:65] - INFO - procotol:https, hostname:baijia.baidu.com, new_link:/channel?cat=3
2017-09-16 16:08:22,423 - [webpage_parser.py:65] - INFO - procotol:https, hostname:baijia.baidu.com, new_link:/s?id=1578548392389415079&wfr=pc&fr=new_top
2017-09-16 16:08:22,423 - [webpage_parser.py:65] - INFO - procotol:https, hostname:baijia.baidu.com, new_link:/channel?cat=4
2017-09-16 16:08:22,434 - [webpage_parser.py:65] - INFO - procotol:https, hostname:baijia.baidu.com, new_link:/channel?cat=5
2017-09-16 16:08:22,435 - [webpage_parser.py:65] - INFO - procotol:https, hostname:baijia.baidu.com, new_link:/u?app_id=1536767911508436&wfr=pc&fr=new_top
2017-09-16 16:08:22,436 - [webpage_parser.py:65] - INFO - procotol:https, hostname:baijia.baidu.com, new_link:/topic?topic_id=687
2017-09-16 16:08:22,436 - [webpage_parser.py:65] - INFO - procotol:https, hostname:baijia.baidu.com, new_link:/s?id=1578208807638478293&wfr=pc&fr=new_top
2017-09-16 16:08:22,437 - [webpage_parser.py:65] - INFO - procotol:https, hostname:baijia.baidu.com, new_link:/topiclist
2017-09-16 16:08:22,438 - [webpage_parser.py:65] - INFO - procotol:https, hostname:baijia.baidu.com, new_link:/s?id=1578410468853518882&wfr=pc&fr=new_top
2017-09-16 16:08:22,438 - [webpage_parser.py:65] - INFO - procotol:https, hostname:baijia.baidu.com, new_link:/s?id=1578504898616167009&wfr=pc&fr=idx_top
2017-09-16 16:08:22,439 - [webpage_parser.py:65] - INFO - procotol:https, hostname:baijia.baidu.com, new_link:/u?app_id=1536767911508436&wfr=pc&fr=new_top
2017-09-16 16:08:22,439 - [webpage_parser.py:65] - INFO - procotol:https, hostname:baijia.baidu.com, new_link:/s?id=1578623174990307367&wfr=pc&fr=idx_top
2017-09-16 16:08:22,440 - [webpage_parser.py:65] - INFO - procotol:https, hostname:baijia.baidu.com, new_link:/s?id=1578129331659506891&wfr=pc&fr=new_top
2017-09-16 16:08:22,452 - [webpage_parser.py:65] - INFO - procotol:https, hostname:baijia.baidu.com, new_link:/u?app_id=1536772658226902&wfr=pc&fr=idx_top
2017-09-16 16:08:22,452 - [webpage_parser.py:65] - INFO - procotol:https, hostname:baijia.baidu.com, new_link:/u?app_id=1536774014301697&wfr=pc&fr=new_top
2017-09-16 16:08:22,457 - [webpage_parser.py:65] - INFO - procotol:https, hostname:baijia.baidu.com, new_link:/s?id=1578607976201766738&wfr=pc&fr=idx_top
2017-09-16 16:08:22,458 - [webpage_parser.py:65] - INFO - procotol:https, hostname:baijia.baidu.com, new_link:/s?id=1578374273180822002&wfr=pc&fr=new_top
2017-09-16 16:08:22,458 - [webpage_parser.py:65] - INFO - procotol:https, hostname:baijia.baidu.com, new_link:/u?app_id=1542908067534756&wfr=pc&fr=idx_top
2017-09-16 16:08:22,460 - [webpage_parser.py:65] - INFO - procotol:https, hostname:baijia.baidu.com, new_link:/u?app_id=1536766474050767&wfr=pc&fr=new_top
2017-09-16 16:08:22,465 - [webpage_parser.py:65] - INFO - procotol:https, hostname:baijia.baidu.com, new_link:/s?id=1578577505038446664&wfr=pc&fr=idx_top
2017-09-16 16:08:22,465 - [webpage_parser.py:65] - INFO - procotol:https, hostname:baijia.baidu.com, new_link:/s?id=1578373838877672334&wfr=pc&fr=new_top
2017-09-16 16:08:22,468 - [webpage_parser.py:65] - INFO - procotol:https, hostname:baijia.baidu.com, new_link:/u?app_id=1536767684387819&wfr=pc&fr=idx_top
2017-09-16 16:08:22,469 - [webpage_parser.py:65] - INFO - procotol:https, hostname:baijia.baidu.com, new_link:/u?app_id=1536766549127199&wfr=pc&fr=new_top
2017-09-16 16:08:22,470 - [webpage_parser.py:65] - INFO - procotol:https, hostname:baijia.baidu.com, new_link:/s?id=1578593165078946033&wfr=pc&fr=idx_top
2017-09-16 16:08:22,471 - [webpage_parser.py:65] - INFO - procotol:https, hostname:baijia.baidu.com, new_link:/s?id=1578123833701584481&wfr=pc&fr=new_top
2017-09-16 16:08:22,471 - [webpage_parser.py:65] - INFO - procotol:https, hostname:baijia.baidu.com, new_link:/u?app_id=1536767517568852&wfr=pc&fr=idx_top
2017-09-16 16:08:22,472 - [webpage_parser.py:65] - INFO - procotol:https, hostname:baijia.baidu.com, new_link:/u?app_id=1536766231434959&wfr=pc&fr=new_top
2017-09-16 16:08:22,472 - [webpage_parser.py:65] - INFO - procotol:https, hostname:baijia.baidu.com, new_link:/s?id=1578557257887453884&wfr=pc&fr=idx_top
2017-09-16 16:08:22,474 - [webpage_parser.py:65] - INFO - procotol:https, hostname:baijia.baidu.com, new_link:/s?id=1578240209069435195&wfr=pc&fr=new_top
2017-09-16 16:08:22,475 - [webpage_parser.py:65] - INFO - procotol:https, hostname:baijia.baidu.com, new_link:/u?app_id=1536766549127199&wfr=pc&fr=idx_top
2017-09-16 16:08:22,476 - [webpage_parser.py:65] - INFO - procotol:https, hostname:baijia.baidu.com, new_link:/u?app_id=1536766719453005&wfr=pc&fr=new_top
2017-09-16 16:08:22,478 - [webpage_parser.py:65] - INFO - procotol:https, hostname:baijia.baidu.com, new_link:/s?id=1578507534024718953&wfr=pc&fr=idx_top
2017-09-16 16:08:22,478 - [webpage_parser.py:65] - INFO - procotol:https, hostname:baijia.baidu.com, new_link:/s?id=1578365804884109727&wfr=pc&fr=new_top
2017-09-16 16:08:22,479 - [webpage_parser.py:65] - INFO - procotol:https, hostname:baijia.baidu.com, new_link:/u?app_id=1536766289627322&wfr=pc&fr=idx_top
2017-09-16 16:08:22,481 - [webpage_parser.py:65] - INFO - procotol:https, hostname:baijia.baidu.com, new_link:/u?app_id=1536768690718780&wfr=pc&fr=new_top
2017-09-16 16:08:22,481 - [webpage_parser.py:65] - INFO - procotol:https, hostname:baijia.baidu.com, new_link:/s?id=1578558686663240107&wfr=pc&fr=idx_top
2017-09-16 16:08:22,569 - [webpage_parser.py:65] - INFO - procotol:https, hostname:baijia.baidu.com, new_link:/s?id=1578275578438991585&wfr=pc&fr=new_top
2017-09-16 16:08:22,607 - [connectionpool.py:395] - DEBUG - https://baijia.baidu.com:443 "GET /u?app_id=1536766474050767 HTTP/1.1" 200 None
2017-09-16 16:08:22,618 - [webpage_parser.py:65] - INFO - procotol:https, hostname:baijia.baidu.com, new_link:/u?app_id=1536766474050767&wfr=pc&fr=idx_top
2017-09-16 16:08:22,639 - [connectionpool.py:395] - DEBUG - https://zhidao.baidu.com:443 "GET / HTTP/1.1" 200 None
2017-09-16 16:08:22,659 - [webpage_parser.py:65] - INFO - procotol:https, hostname:baijia.baidu.com, new_link:/u?app_id=1536768690718780&wfr=pc&fr=new_top
2017-09-16 16:08:22,660 - [webpage_parser.py:65] - INFO - procotol:https, hostname:baijia.baidu.com, new_link:/s?id=1578653355907666885&wfr=pc&fr=idx_top
2017-09-16 16:08:22,670 - [webpage_parser.py:65] - INFO - procotol:https, hostname:baijia.baidu.com, new_link:/s?id=1578233654535496137&wfr=pc&fr=new_top
2017-09-16 16:08:22,693 - [webpage_parser.py:65] - INFO - procotol:https, hostname:baijia.baidu.com, new_link:/u?app_id=1536766737196056&wfr=pc&fr=idx_top
2017-09-16 16:08:22,693 - [webpage_parser.py:65] - INFO - procotol:https, hostname:baijia.baidu.com, new_link:/u?app_id=1536767517568852&wfr=pc&fr=new_top
2017-09-16 16:08:22,694 - [webpage_parser.py:65] - INFO - procotol:https, hostname:baijia.baidu.com, new_link:/s?id=1578548392389415079&wfr=pc&fr=idx_top
2017-09-16 16:08:22,742 - [webpage_parser.py:65] - INFO - procotol:https, hostname:baijia.baidu.com, new_link:/u?app_id=1536767911508436&wfr=pc&fr=new_dtl
2017-09-16 16:08:22,753 - [webpage_parser.py:65] - INFO - procotol:https, hostname:baijia.baidu.com, new_link:/u?app_id=1536767911508436&wfr=pc&fr=idx_top
2017-09-16 16:08:22,828 - [webpage_parser.py:65] - INFO - procotol:https, hostname:baijia.baidu.com, new_link:/s?id=1578208807638478293&wfr=pc&fr=idx_top
2017-09-16 16:08:22,850 - [webpage_parser.py:65] - INFO - procotol:https, hostname:baijia.baidu.com, new_link:/s?id=1578410468853518882&wfr=pc&fr=idx_top
2017-09-16 16:08:22,852 - [webpage_parser.py:65] - INFO - procotol:https, hostname:baijia.baidu.com, new_link:/u?app_id=1536767911508436&wfr=pc&fr=idx_top
2017-09-16 16:08:22,856 - [webpage_saver.py:45] - INFO - url https://baijia.baidu.com/s?id=1578410468853518882 is not match
2017-09-16 16:08:22,857 - [webpage_parser.py:65] - INFO - procotol:https, hostname:baijia.baidu.com, new_link:/s?id=1578129331659506891&wfr=pc&fr=idx_top
2017-09-16 16:08:22,875 - [webpage_parser.py:65] - INFO - procotol:https, hostname:baijia.baidu.com, new_link:/u?app_id=1536774014301697&wfr=pc&fr=idx_top
2017-09-16 16:08:22,918 - [webpage_parser.py:65] - INFO - procotol:https, hostname:baijia.baidu.com, new_link:/s?id=1578374273180822002&wfr=pc&fr=idx_top
2017-09-16 16:08:22,924 - [webpage_parser.py:65] - INFO - procotol:https, hostname:baijia.baidu.com, new_link:/u?app_id=1536766474050767&wfr=pc&fr=idx_top
2017-09-16 16:08:22,978 - [webpage_parser.py:65] - INFO - procotol:https, hostname:baijia.baidu.com, new_link:/s?id=1578373838877672334&wfr=pc&fr=idx_top
2017-09-16 16:08:22,979 - [webpage_parser.py:65] - INFO - procotol:https, hostname:baijia.baidu.com, new_link:/u?app_id=1536766549127199&wfr=pc&fr=idx_top
2017-09-16 16:08:23,075 - [webpage_parser.py:65] - INFO - procotol:https, hostname:baijia.baidu.com, new_link:/s?id=1578123833701584481&wfr=pc&fr=idx_top
2017-09-16 16:08:23,079 - [webpage_parser.py:65] - INFO - procotol:https, hostname:baijia.baidu.com, new_link:/
2017-09-16 16:08:23,083 - [webpage_parser.py:65] - INFO - procotol:https, hostname:baijia.baidu.com, new_link:/u?app_id=1536766231434959&wfr=pc&fr=idx_top
2017-09-16 16:08:23,222 - [webpage_parser.py:65] - INFO - procotol:https, hostname:baijia.baidu.com, new_link:/
2017-09-16 16:08:23,310 - [webpage_parser.py:65] - INFO - procotol:https, hostname:baijia.baidu.com, new_link:/s?id=1578240209069435195&wfr=pc&fr=idx_top
2017-09-16 16:08:23,316 - [webpage_parser.py:65] - INFO - procotol:https, hostname:baijia.baidu.com, new_link:/channel?cat=1
2017-09-16 16:08:23,318 - [webpage_parser.py:65] - INFO - procotol:https, hostname:baijia.baidu.com, new_link:/u?app_id=1536766719453005&wfr=pc&fr=idx_top
2017-09-16 16:08:23,319 - [webpage_parser.py:65] - INFO - procotol:https, hostname:baijia.baidu.com, new_link:/channel?cat=2
2017-09-16 16:08:23,334 - [webpage_parser.py:65] - INFO - procotol:https, hostname:baijia.baidu.com, new_link:/s?id=1578365804884109727&wfr=pc&fr=idx_top
2017-09-16 16:08:23,336 - [webpage_parser.py:65] - INFO - procotol:https, hostname:baijia.baidu.com, new_link:/channel?cat=3
2017-09-16 16:08:23,345 - [webpage_parser.py:65] - INFO - procotol:https, hostname:baijia.baidu.com, new_link:/u?app_id=1536768690718780&wfr=pc&fr=idx_top
2017-09-16 16:08:23,350 - [webpage_parser.py:65] - INFO - procotol:https, hostname:baijia.baidu.com, new_link:/channel?cat=4
2017-09-16 16:08:23,355 - [webpage_parser.py:65] - INFO - procotol:https, hostname:baijia.baidu.com, new_link:/s?id=1578275578438991585&wfr=pc&fr=idx_top
2017-09-16 16:08:23,363 - [webpage_parser.py:65] - INFO - procotol:https, hostname:baijia.baidu.com, new_link:/channel?cat=5
2017-09-16 16:08:23,364 - [webpage_parser.py:65] - INFO - procotol:https, hostname:baijia.baidu.com, new_link:/u?app_id=1536768690718780&wfr=pc&fr=idx_top
2017-09-16 16:08:23,365 - [webpage_parser.py:65] - INFO - procotol:https, hostname:baijia.baidu.com, new_link:/s?id=1578558686663240107&wfr=pc&fr=app_lst
2017-09-16 16:08:23,366 - [webpage_parser.py:65] - INFO - procotol:https, hostname:baijia.baidu.com, new_link:/s?id=1578558686663240107&wfr=pc&fr=app_lst
2017-09-16 16:08:23,367 - [webpage_parser.py:65] - INFO - procotol:https, hostname:baijia.baidu.com, new_link:/s?id=1578233654535496137&wfr=pc&fr=idx_top
2017-09-16 16:08:23,368 - [webpage_parser.py:65] - INFO - procotol:https, hostname:baijia.baidu.com, new_link:/s?id=1578558686663240107&wfr=pc&fr=app_lst
2017-09-16 16:08:23,379 - [webpage_parser.py:65] - INFO - procotol:https, hostname:baijia.baidu.com, new_link:/u?app_id=1536767517568852&wfr=pc&fr=idx_top
2017-09-16 16:08:23,381 - [webpage_parser.py:65] - INFO - procotol:https, hostname:baijia.baidu.com, new_link:/s?id=1578558686663240107&wfr=pc&fr=app_lst
2017-09-16 16:08:23,435 - [webpage_parser.py:65] - INFO - procotol:https, hostname:baijia.baidu.com, new_link:/s?id=1578669950010882209&wfr=pc&fr=idx_lst
2017-09-16 16:08:23,438 - [webpage_parser.py:65] - INFO - procotol:https, hostname:baijia.baidu.com, new_link:/s?id=1578558686663240107&wfr=pc&fr=_lst
2017-09-16 16:08:23,441 - [webpage_parser.py:65] - INFO - procotol:https, hostname:baijia.baidu.com, new_link:/s?id=1578669950010882209&wfr=pc&fr=idx_lst
2017-09-16 16:08:23,441 - [webpage_parser.py:65] - INFO - procotol:https, hostname:baijia.baidu.com, new_link:/s?id=1578374273180822002&wfr=pc&fr=app_lst
2017-09-16 16:08:23,445 - [webpage_parser.py:65] - INFO - procotol:https, hostname:baijia.baidu.com, new_link:/u?app_id=1536766276004443&wfr=pc&fr=idx_lst
2017-09-16 16:08:23,446 - [webpage_parser.py:65] - INFO - procotol:https, hostname:baijia.baidu.com, new_link:/s?id=1578374273180822002&wfr=pc&fr=app_lst
2017-09-16 16:08:23,447 - [webpage_parser.py:65] - INFO - procotol:https, hostname:baijia.baidu.com, new_link:/s?id=1578667900922986662&wfr=pc&fr=idx_lst
2017-09-16 16:08:23,448 - [webpage_parser.py:65] - INFO - procotol:https, hostname:baijia.baidu.com, new_link:/s?id=1578374273180822002&wfr=pc&fr=app_lst
2017-09-16 16:08:23,448 - [webpage_parser.py:65] - INFO - procotol:https, hostname:baijia.baidu.com, new_link:/s?id=1578667900922986662&wfr=pc&fr=idx_lst
2017-09-16 16:08:23,449 - [webpage_parser.py:65] - INFO - procotol:https, hostname:baijia.baidu.com, new_link:/s?id=1578374273180822002&wfr=pc&fr=app_lst
2017-09-16 16:08:23,450 - [webpage_parser.py:65] - INFO - procotol:https, hostname:baijia.baidu.com, new_link:/s?id=1578667900922986662&wfr=pc&fr=idx_lst
2017-09-16 16:08:23,452 - [webpage_parser.py:65] - INFO - procotol:https, hostname:baijia.baidu.com, new_link:/s?id=1578374273180822002&wfr=pc&fr=_lst
2017-09-16 16:08:23,453 - [webpage_parser.py:65] - INFO - procotol:https, hostname:baijia.baidu.com, new_link:/s?id=1578667900922986662&wfr=pc&fr=idx_lst
2017-09-16 16:08:23,455 - [webpage_parser.py:65] - INFO - procotol:https, hostname:baijia.baidu.com, new_link:/s?id=1578288575660223057&wfr=pc&fr=app_lst
2017-09-16 16:08:23,455 - [webpage_parser.py:65] - INFO - procotol:https, hostname:baijia.baidu.com, new_link:/s?id=1578667900922986662&wfr=pc&fr=idx_lst
2017-09-16 16:08:23,456 - [webpage_parser.py:65] - INFO - procotol:https, hostname:baijia.baidu.com, new_link:/s?id=1578288575660223057&wfr=pc&fr=app_lst
2017-09-16 16:08:23,457 - [webpage_parser.py:65] - INFO - procotol:https, hostname:baijia.baidu.com, new_link:/u?app_id=1536553280141132&wfr=pc&fr=idx_lst
2017-09-16 16:08:23,458 - [webpage_parser.py:65] - INFO - procotol:https, hostname:baijia.baidu.com, new_link:/s?id=1578288575660223057&wfr=pc&fr=app_lst
2017-09-16 16:08:23,458 - [webpage_parser.py:65] - INFO - procotol:https, hostname:baijia.baidu.com, new_link:/s?id=1578657807931787886&wfr=pc&fr=idx_lst
2017-09-16 16:08:23,460 - [webpage_parser.py:65] - INFO - procotol:https, hostname:baijia.baidu.com, new_link:/s?id=1578288575660223057&wfr=pc&fr=app_lst
2017-09-16 16:08:23,462 - [webpage_parser.py:65] - INFO - procotol:https, hostname:baijia.baidu.com, new_link:/s?id=1578657807931787886&wfr=pc&fr=idx_lst
2017-09-16 16:08:23,463 - [webpage_parser.py:65] - INFO - procotol:https, hostname:baijia.baidu.com, new_link:/u?app_id=1536766783015290&wfr=pc&fr=idx_lst
2017-09-16 16:08:23,462 - [webpage_parser.py:65] - INFO - procotol:https, hostname:baijia.baidu.com, new_link:/s?id=1578288575660223057&wfr=pc&fr=_lst
2017-09-16 16:08:23,464 - [webpage_parser.py:65] - INFO - procotol:https, hostname:baijia.baidu.com, new_link:/s?id=1578653355907666885&wfr=pc&fr=idx_lst
2017-09-16 16:08:23,466 - [webpage_parser.py:65] - INFO - procotol:https, hostname:baijia.baidu.com, new_link:/s?id=1578196683387186073&wfr=pc&fr=app_lst
2017-09-16 16:08:23,467 - [webpage_parser.py:65] - INFO - procotol:https, hostname:baijia.baidu.com, new_link:/s?id=1578653355907666885&wfr=pc&fr=idx_lst
2017-09-16 16:08:23,469 - [webpage_parser.py:65] - INFO - procotol:https, hostname:baijia.baidu.com, new_link:/s?id=1578196683387186073&wfr=pc&fr=app_lst
2017-09-16 16:08:23,472 - [webpage_parser.py:65] - INFO - procotol:https, hostname:baijia.baidu.com, new_link:/u?app_id=1536766737196056&wfr=pc&fr=idx_lst
2017-09-16 16:08:23,473 - [webpage_parser.py:65] - INFO - procotol:https, hostname:baijia.baidu.com, new_link:/s?id=1578652976924681727&wfr=pc&fr=idx_lst
2017-09-16 16:08:23,474 - [webpage_parser.py:65] - INFO - procotol:https, hostname:baijia.baidu.com, new_link:/s?id=1578652976924681727&wfr=pc&fr=idx_lst
2017-09-16 16:08:23,475 - [webpage_parser.py:65] - INFO - procotol:https, hostname:baijia.baidu.com, new_link:/s?id=1578652976924681727&wfr=pc&fr=idx_lst
2017-09-16 16:08:23,476 - [webpage_parser.py:65] - INFO - procotol:https, hostname:baijia.baidu.com, new_link:/s?id=1578196683387186073&wfr=pc&fr=app_lst
2017-09-16 16:08:23,477 - [webpage_parser.py:65] - INFO - procotol:https, hostname:baijia.baidu.com, new_link:/s?id=1578652976924681727&wfr=pc&fr=idx_lst
2017-09-16 16:08:23,480 - [webpage_parser.py:65] - INFO - procotol:https, hostname:baijia.baidu.com, new_link:/s?id=1578196683387186073&wfr=pc&fr=app_lst
2017-09-16 16:08:23,482 - [webpage_parser.py:65] - INFO - procotol:https, hostname:baijia.baidu.com, new_link:/s?id=1578652976924681727&wfr=pc&fr=idx_lst
2017-09-16 16:08:23,484 - [webpage_parser.py:65] - INFO - procotol:https, hostname:baijia.baidu.com, new_link:/s?id=1578196683387186073&wfr=pc&fr=_lst
2017-09-16 16:08:23,486 - [webpage_parser.py:65] - INFO - procotol:https, hostname:baijia.baidu.com, new_link:/u?app_id=1536772579465891&wfr=pc&fr=idx_lst
2017-09-16 16:08:23,490 - [webpage_parser.py:65] - INFO - procotol:https, hostname:baijia.baidu.com, new_link:/s?id=1577756735737868277&wfr=pc&fr=app_lst
2017-09-16 16:08:23,491 - [webpage_parser.py:65] - INFO - procotol:https, hostname:baijia.baidu.com, new_link:/s?id=1578623174990307367&wfr=pc&fr=idx_lst
2017-09-16 16:08:23,494 - [webpage_parser.py:65] - INFO - procotol:https, hostname:baijia.baidu.com, new_link:/s?id=1578623174990307367&wfr=pc&fr=idx_lst
2017-09-16 16:08:23,502 - [webpage_parser.py:65] - INFO - procotol:https, hostname:baijia.baidu.com, new_link:/s?id=1577756735737868277&wfr=pc&fr=app_lst
2017-09-16 16:08:23,505 - [webpage_parser.py:65] - INFO - procotol:https, hostname:baijia.baidu.com, new_link:/s?id=1578623174990307367&wfr=pc&fr=idx_lst
2017-09-16 16:08:23,507 - [webpage_parser.py:65] - INFO - procotol:https, hostname:baijia.baidu.com, new_link:/s?id=1577756735737868277&wfr=pc&fr=app_lst
2017-09-16 16:08:23,508 - [webpage_parser.py:65] - INFO - procotol:https, hostname:baijia.baidu.com, new_link:/s?id=1578623174990307367&wfr=pc&fr=idx_lst
2017-09-16 16:08:23,510 - [webpage_parser.py:65] - INFO - procotol:https, hostname:baijia.baidu.com, new_link:/s?id=1577756735737868277&wfr=pc&fr=app_lst
2017-09-16 16:08:23,514 - [webpage_parser.py:65] - INFO - procotol:https, hostname:baijia.baidu.com, new_link:/s?id=1578623174990307367&wfr=pc&fr=idx_lst
2017-09-16 16:08:23,515 - [webpage_parser.py:65] - INFO - procotol:https, hostname:baijia.baidu.com, new_link:/s?id=1577756735737868277&wfr=pc&fr=_lst
2017-09-16 16:08:23,518 - [webpage_parser.py:65] - INFO - procotol:https, hostname:baijia.baidu.com, new_link:/u?app_id=1536772658226902&wfr=pc&fr=idx_lst
2017-09-16 16:08:23,525 - [webpage_parser.py:65] - INFO - procotol:https, hostname:baijia.baidu.com, new_link:/s?id=1577695995982771590&wfr=pc&fr=app_lst
2017-09-16 16:08:23,526 - [webpage_parser.py:65] - INFO - procotol:https, hostname:baijia.baidu.com, new_link:/s?id=1578617968046174105&wfr=pc&fr=idx_lst
2017-09-16 16:08:23,527 - [webpage_parser.py:65] - INFO - procotol:https, hostname:baijia.baidu.com, new_link:/s?id=1577695995982771590&wfr=pc&fr=app_lst
2017-09-16 16:08:23,529 - [webpage_parser.py:65] - INFO - procotol:https, hostname:baijia.baidu.com, new_link:/s?id=1578617968046174105&wfr=pc&fr=idx_lst
2017-09-16 16:08:23,531 - [webpage_parser.py:65] - INFO - procotol:https, hostname:baijia.baidu.com, new_link:/s?id=1577695995982771590&wfr=pc&fr=app_lst
2017-09-16 16:08:23,532 - [webpage_parser.py:65] - INFO - procotol:https, hostname:baijia.baidu.com, new_link:/u?app_id=1571253367222561&wfr=pc&fr=idx_lst
2017-09-16 16:08:23,532 - [webpage_parser.py:65] - INFO - procotol:https, hostname:baijia.baidu.com, new_link:/s?id=1577695995982771590&wfr=pc&fr=app_lst
2017-09-16 16:08:23,533 - [webpage_parser.py:65] - INFO - procotol:https, hostname:baijia.baidu.com, new_link:/s?id=1578609288168293606&wfr=pc&fr=idx_lst
2017-09-16 16:08:23,534 - [webpage_parser.py:65] - INFO - procotol:https, hostname:baijia.baidu.com, new_link:/s?id=1577695995982771590&wfr=pc&fr=_lst
2017-09-16 16:08:23,534 - [webpage_parser.py:65] - INFO - procotol:https, hostname:baijia.baidu.com, new_link:/s?id=1578609288168293606&wfr=pc&fr=idx_lst
2017-09-16 16:08:23,535 - [webpage_parser.py:65] - INFO - procotol:https, hostname:baijia.baidu.com, new_link:/s?id=1577561988996859185&wfr=pc&fr=app_lst
2017-09-16 16:08:23,537 - [webpage_parser.py:65] - INFO - procotol:https, hostname:baijia.baidu.com, new_link:/s?id=1577561988996859185&wfr=pc&fr=app_lst
2017-09-16 16:08:23,539 - [webpage_parser.py:65] - INFO - procotol:https, hostname:baijia.baidu.com, new_link:/s?id=1577561988996859185&wfr=pc&fr=app_lst
2017-09-16 16:08:23,540 - [webpage_parser.py:65] - INFO - procotol:https, hostname:baijia.baidu.com, new_link:/s?id=1578609288168293606&wfr=pc&fr=idx_lst
2017-09-16 16:08:23,543 - [webpage_parser.py:65] - INFO - procotol:https, hostname:baijia.baidu.com, new_link:/s?id=1577561988996859185&wfr=pc&fr=app_lst
2017-09-16 16:08:23,546 - [webpage_parser.py:65] - INFO - procotol:https, hostname:baijia.baidu.com, new_link:/s?id=1578609288168293606&wfr=pc&fr=idx_lst
2017-09-16 16:08:23,550 - [webpage_parser.py:65] - INFO - procotol:https, hostname:baijia.baidu.com, new_link:/s?id=1577561988996859185&wfr=pc&fr=_lst
2017-09-16 16:08:23,558 - [webpage_parser.py:65] - INFO - procotol:https, hostname:baijia.baidu.com, new_link:/s?id=1578609288168293606&wfr=pc&fr=idx_lst
2017-09-16 16:08:23,559 - [webpage_parser.py:65] - INFO - procotol:https, hostname:baijia.baidu.com, new_link:/s?id=1577384521844999760&wfr=pc&fr=app_lst
2017-09-16 16:08:23,561 - [webpage_parser.py:65] - INFO - procotol:https, hostname:baijia.baidu.com, new_link:/u?app_id=1536766780383735&wfr=pc&fr=idx_lst
2017-09-16 16:08:23,565 - [webpage_parser.py:65] - INFO - procotol:https, hostname:baijia.baidu.com, new_link:/s?id=1578608841763998356&wfr=pc&fr=idx_lst
2017-09-16 16:08:23,567 - [webpage_parser.py:65] - INFO - procotol:https, hostname:baijia.baidu.com, new_link:/s?id=1578608841763998356&wfr=pc&fr=idx_lst
2017-09-16 16:08:23,568 - [webpage_parser.py:65] - INFO - procotol:https, hostname:baijia.baidu.com, new_link:/s?id=1578608841763998356&wfr=pc&fr=idx_lst
2017-09-16 16:08:23,569 - [webpage_parser.py:65] - INFO - procotol:https, hostname:baijia.baidu.com, new_link:/s?id=1578608841763998356&wfr=pc&fr=idx_lst
2017-09-16 16:08:23,570 - [webpage_parser.py:65] - INFO - procotol:https, hostname:baijia.baidu.com, new_link:/s?id=1578608841763998356&wfr=pc&fr=idx_lst
2017-09-16 16:08:23,571 - [webpage_parser.py:65] - INFO - procotol:https, hostname:baijia.baidu.com, new_link:/u?app_id=1536766273450987&wfr=pc&fr=idx_lst
2017-09-16 16:08:23,572 - [webpage_parser.py:65] - INFO - procotol:https, hostname:baijia.baidu.com, new_link:/s?id=1578607976201766738&wfr=pc&fr=idx_lst
2017-09-16 16:08:23,574 - [webpage_parser.py:65] - INFO - procotol:https, hostname:baijia.baidu.com, new_link:/s?id=1578607976201766738&wfr=pc&fr=idx_lst
2017-09-16 16:08:23,575 - [webpage_parser.py:65] - INFO - procotol:https, hostname:baijia.baidu.com, new_link:/s?id=1577384521844999760&wfr=pc&fr=app_lst
2017-09-16 16:08:23,576 - [webpage_parser.py:65] - INFO - procotol:https, hostname:baijia.baidu.com, new_link:/s?id=1578607976201766738&wfr=pc&fr=idx_lst
2017-09-16 16:08:23,579 - [webpage_parser.py:65] - INFO - procotol:https, hostname:baijia.baidu.com, new_link:/s?id=1577384521844999760&wfr=pc&fr=app_lst
2017-09-16 16:08:23,584 - [webpage_parser.py:65] - INFO - procotol:https, hostname:baijia.baidu.com, new_link:/s?id=1578607976201766738&wfr=pc&fr=idx_lst
2017-09-16 16:08:23,584 - [webpage_parser.py:65] - INFO - procotol:https, hostname:baijia.baidu.com, new_link:/s?id=1577384521844999760&wfr=pc&fr=app_lst
2017-09-16 16:08:23,585 - [webpage_parser.py:65] - INFO - procotol:https, hostname:baijia.baidu.com, new_link:/s?id=1578607976201766738&wfr=pc&fr=idx_lst
2017-09-16 16:08:23,587 - [webpage_parser.py:65] - INFO - procotol:https, hostname:baijia.baidu.com, new_link:/s?id=1577384521844999760&wfr=pc&fr=_lst
2017-09-16 16:08:23,588 - [webpage_parser.py:65] - INFO - procotol:https, hostname:baijia.baidu.com, new_link:/u?app_id=1542908067534756&wfr=pc&fr=idx_lst
2017-09-16 16:08:23,590 - [webpage_parser.py:65] - INFO - procotol:https, hostname:baijia.baidu.com, new_link:/s?id=1577193070074856601&wfr=pc&fr=app_lst
2017-09-16 16:08:23,596 - [webpage_parser.py:65] - INFO - procotol:https, hostname:baijia.baidu.com, new_link:/s?id=1578604756474950432&wfr=pc&fr=idx_lst
2017-09-16 16:08:23,608 - [webpage_parser.py:65] - INFO - procotol:https, hostname:baijia.baidu.com, new_link:/s?id=1577193070074856601&wfr=pc&fr=app_lst
2017-09-16 16:08:23,610 - [webpage_parser.py:65] - INFO - procotol:https, hostname:baijia.baidu.com, new_link:/s?id=1578604756474950432&wfr=pc&fr=idx_lst
2017-09-16 16:08:23,613 - [webpage_parser.py:65] - INFO - procotol:https, hostname:baijia.baidu.com, new_link:/s?id=1577193070074856601&wfr=pc&fr=app_lst
2017-09-16 16:08:23,616 - [webpage_parser.py:65] - INFO - procotol:https, hostname:baijia.baidu.com, new_link:/s?id=1578604756474950432&wfr=pc&fr=idx_lst
2017-09-16 16:08:23,619 - [webpage_parser.py:65] - INFO - procotol:https, hostname:baijia.baidu.com, new_link:/s?id=1577193070074856601&wfr=pc&fr=app_lst
2017-09-16 16:08:23,624 - [webpage_parser.py:65] - INFO - procotol:https, hostname:baijia.baidu.com, new_link:/s?id=1578604756474950432&wfr=pc&fr=idx_lst
2017-09-16 16:08:23,626 - [webpage_parser.py:65] - INFO - procotol:https, hostname:baijia.baidu.com, new_link:/s?id=1577193070074856601&wfr=pc&fr=_lst
2017-09-16 16:08:23,627 - [webpage_parser.py:65] - INFO - procotol:https, hostname:baijia.baidu.com, new_link:/s?id=1578604756474950432&wfr=pc&fr=idx_lst
2017-09-16 16:08:23,628 - [webpage_parser.py:65] - INFO - procotol:https, hostname:baijia.baidu.com, new_link:/s?id=1577018453954215796&wfr=pc&fr=app_lst
2017-09-16 16:08:23,636 - [webpage_parser.py:65] - INFO - procotol:https, hostname:baijia.baidu.com, new_link:/u?app_id=1536766499334559&wfr=pc&fr=idx_lst
2017-09-16 16:08:23,646 - [webpage_parser.py:65] - INFO - procotol:https, hostname:baijia.baidu.com, new_link:/s?id=1577018453954215796&wfr=pc&fr=app_lst
2017-09-16 16:08:23,653 - [webpage_parser.py:65] - INFO - procotol:https, hostname:baijia.baidu.com, new_link:/s?id=1578596321947204839&wfr=pc&fr=idx_lst
2017-09-16 16:08:23,674 - [webpage_parser.py:65] - INFO - procotol:https, hostname:baijia.baidu.com, new_link:/s?id=1577018453954215796&wfr=pc&fr=app_lst
2017-09-16 16:08:23,699 - [webpage_parser.py:65] - INFO - procotol:https, hostname:baijia.baidu.com, new_link:/s?id=1578596321947204839&wfr=pc&fr=idx_lst
2017-09-16 16:08:23,703 - [webpage_parser.py:65] - INFO - procotol:https, hostname:baijia.baidu.com, new_link:/s?id=1577018453954215796&wfr=pc&fr=app_lst
2017-09-16 16:08:23,704 - [webpage_parser.py:65] - INFO - procotol:https, hostname:baijia.baidu.com, new_link:/s?id=1578596321947204839&wfr=pc&fr=idx_lst
2017-09-16 16:08:23,709 - [webpage_parser.py:65] - INFO - procotol:https, hostname:baijia.baidu.com, new_link:/s?id=1577018453954215796&wfr=pc&fr=_lst
2017-09-16 16:08:23,738 - [webpage_parser.py:65] - INFO - procotol:https, hostname:baijia.baidu.com, new_link:/s?id=1578596321947204839&wfr=pc&fr=idx_lst
2017-09-16 16:08:23,739 - [webpage_parser.py:65] - INFO - procotol:https, hostname:baijia.baidu.com, new_link:/s?id=1576839482116891609&wfr=pc&fr=app_lst
2017-09-16 16:08:23,746 - [webpage_parser.py:65] - INFO - procotol:https, hostname:baijia.baidu.com, new_link:/s?id=1578596321947204839&wfr=pc&fr=idx_lst
2017-09-16 16:08:23,748 - [webpage_parser.py:65] - INFO - procotol:https, hostname:baijia.baidu.com, new_link:/s?id=1576839482116891609&wfr=pc&fr=app_lst
2017-09-16 16:08:23,750 - [webpage_parser.py:65] - INFO - procotol:https, hostname:baijia.baidu.com, new_link:/u?app_id=1536766549127199&wfr=pc&fr=idx_lst
2017-09-16 16:08:23,773 - [webpage_parser.py:65] - INFO - procotol:https, hostname:baijia.baidu.com, new_link:/s?id=1576839482116891609&wfr=pc&fr=app_lst
2017-09-16 16:08:23,778 - [webpage_parser.py:65] - INFO - procotol:https, hostname:baijia.baidu.com, new_link:/s?id=1578593165078946033&wfr=pc&fr=idx_lst
2017-09-16 16:08:23,787 - [webpage_parser.py:65] - INFO - procotol:https, hostname:baijia.baidu.com, new_link:/s?id=1576839482116891609&wfr=pc&fr=app_lst
2017-09-16 16:08:23,792 - [webpage_parser.py:65] - INFO - procotol:https, hostname:baijia.baidu.com, new_link:/s?id=1578593165078946033&wfr=pc&fr=idx_lst
2017-09-16 16:08:23,794 - [webpage_parser.py:65] - INFO - procotol:https, hostname:baijia.baidu.com, new_link:/s?id=1576839482116891609&wfr=pc&fr=_lst
2017-09-16 16:08:23,803 - [webpage_parser.py:65] - INFO - procotol:https, hostname:baijia.baidu.com, new_link:/u?app_id=1536767517568852&wfr=pc&fr=idx_lst
2017-09-16 16:08:23,804 - [webpage_parser.py:65] - INFO - procotol:https, hostname:baijia.baidu.com, new_link:/s?id=1576747950562409429&wfr=pc&fr=app_lst
2017-09-16 16:08:23,807 - [webpage_parser.py:65] - INFO - procotol:https, hostname:baijia.baidu.com, new_link:/s?id=1578590779372906002&wfr=pc&fr=idx_lst
2017-09-16 16:08:23,809 - [webpage_parser.py:65] - INFO - procotol:https, hostname:baijia.baidu.com, new_link:/s?id=1576747950562409429&wfr=pc&fr=app_lst
2017-09-16 16:08:23,815 - [webpage_parser.py:65] - INFO - procotol:https, hostname:baijia.baidu.com, new_link:/s?id=1578590779372906002&wfr=pc&fr=idx_lst
2017-09-16 16:08:23,839 - [webpage_parser.py:65] - INFO - procotol:https, hostname:baijia.baidu.com, new_link:/s?id=1576747950562409429&wfr=pc&fr=app_lst
2017-09-16 16:08:23,839 - [webpage_parser.py:65] - INFO - procotol:https, hostname:baijia.baidu.com, new_link:/u?app_id=1536767340404530&wfr=pc&fr=idx_lst
2017-09-16 16:08:23,840 - [webpage_parser.py:65] - INFO - procotol:https, hostname:baijia.baidu.com, new_link:/s?id=1576747950562409429&wfr=pc&fr=app_lst
2017-09-16 16:08:23,851 - [webpage_parser.py:65] - INFO - procotol:https, hostname:baijia.baidu.com, new_link:/s?id=1578577710700168665&wfr=pc&fr=idx_lst
2017-09-16 16:08:23,859 - [webpage_parser.py:65] - INFO - procotol:https, hostname:baijia.baidu.com, new_link:/s?id=1576747950562409429&wfr=pc&fr=_lst
2017-09-16 16:08:23,874 - [webpage_parser.py:65] - INFO - procotol:https, hostname:baijia.baidu.com, new_link:/s?id=1578577710700168665&wfr=pc&fr=idx_lst
2017-09-16 16:08:23,875 - [webpage_parser.py:65] - INFO - procotol:https, hostname:baijia.baidu.com, new_link:/s?id=1576656460957443419&wfr=pc&fr=app_lst
2017-09-16 16:08:23,884 - [webpage_parser.py:65] - INFO - procotol:https, hostname:baijia.baidu.com, new_link:/s?id=1578577710700168665&wfr=pc&fr=idx_lst
2017-09-16 16:08:23,886 - [webpage_parser.py:65] - INFO - procotol:https, hostname:baijia.baidu.com, new_link:/s?id=1576656460957443419&wfr=pc&fr=app_lst
2017-09-16 16:08:23,888 - [webpage_parser.py:65] - INFO - procotol:https, hostname:baijia.baidu.com, new_link:/s?id=1578577710700168665&wfr=pc&fr=idx_lst
2017-09-16 16:08:23,889 - [webpage_parser.py:65] - INFO - procotol:https, hostname:baijia.baidu.com, new_link:/s?id=1576564172786962844&wfr=pc&fr=app_lst
2017-09-16 16:08:23,890 - [webpage_parser.py:65] - INFO - procotol:https, hostname:baijia.baidu.com, new_link:/s?id=1578577710700168665&wfr=pc&fr=idx_lst
2017-09-16 16:08:23,892 - [webpage_parser.py:65] - INFO - procotol:https, hostname:baijia.baidu.com, new_link:/s?id=1576564172786962844&wfr=pc&fr=app_lst
2017-09-16 16:08:23,895 - [webpage_parser.py:65] - INFO - procotol:https, hostname:baijia.baidu.com, new_link:/u?app_id=1566365578755720&wfr=pc&fr=idx_lst
2017-09-16 16:08:23,897 - [webpage_parser.py:65] - INFO - procotol:https, hostname:baijia.baidu.com, new_link:/s?id=1576564172786962844&wfr=pc&fr=app_lst
2017-09-16 16:08:23,904 - [webpage_parser.py:65] - INFO - procotol:https, hostname:baijia.baidu.com, new_link:/s?id=1576564172786962844&wfr=pc&fr=app_lst
2017-09-16 16:08:23,905 - [webpage_parser.py:65] - INFO - procotol:https, hostname:baijia.baidu.com, new_link:/s?id=1576564172786962844&wfr=pc&fr=_lst
2017-09-16 16:08:23,907 - [webpage_saver.py:45] - INFO - url https://baijia.baidu.com/ is not match
2017-09-16 16:08:23,908 - [webpage_parser.py:65] - INFO - procotol:https, hostname:baijia.baidu.com, new_link:/s?id=1576384845494060389&wfr=pc&fr=app_lst
2017-09-16 16:08:23,912 - [webpage_parser.py:65] - INFO - procotol:https, hostname:baijia.baidu.com, new_link:/s?id=1576384845494060389&wfr=pc&fr=app_lst
2017-09-16 16:08:23,915 - [webpage_parser.py:65] - INFO - procotol:https, hostname:baijia.baidu.com, new_link:/s?id=1576384845494060389&wfr=pc&fr=app_lst
2017-09-16 16:08:23,916 - [webpage_parser.py:65] - INFO - procotol:https, hostname:baijia.baidu.com, new_link:/s?id=1576384845494060389&wfr=pc&fr=app_lst
2017-09-16 16:08:23,917 - [webpage_parser.py:65] - INFO - procotol:https, hostname:baijia.baidu.com, new_link:/s?id=1576384845494060389&wfr=pc&fr=_lst
2017-09-16 16:08:23,919 - [webpage_parser.py:65] - INFO - procotol:https, hostname:baijia.baidu.com, new_link:/s?id=1576203504403923257&wfr=pc&fr=app_lst
2017-09-16 16:08:23,922 - [webpage_parser.py:65] - INFO - procotol:https, hostname:baijia.baidu.com, new_link:/s?id=1576203504403923257&wfr=pc&fr=app_lst
2017-09-16 16:08:23,924 - [webpage_parser.py:65] - INFO - procotol:https, hostname:baijia.baidu.com, new_link:/s?id=1576203504403923257&wfr=pc&fr=app_lst
2017-09-16 16:08:23,925 - [webpage_parser.py:65] - INFO - procotol:https, hostname:baijia.baidu.com, new_link:/s?id=1576203504403923257&wfr=pc&fr=app_lst
2017-09-16 16:08:23,926 - [webpage_parser.py:65] - INFO - procotol:https, hostname:baijia.baidu.com, new_link:/s?id=1576203504403923257&wfr=pc&fr=_lst
2017-09-16 16:08:23,929 - [webpage_parser.py:65] - INFO - procotol:https, hostname:baijia.baidu.com, new_link:/s?id=1576052760211174&wfr=pc&fr=app_lst
2017-09-16 16:08:23,934 - [webpage_parser.py:65] - INFO - procotol:https, hostname:baijia.baidu.com, new_link:/s?id=1576052760211174&wfr=pc&fr=app_lst
2017-09-16 16:08:23,939 - [webpage_parser.py:65] - INFO - procotol:https, hostname:baijia.baidu.com, new_link:/s?id=1576052760211174&wfr=pc&fr=app_lst
2017-09-16 16:08:23,941 - [webpage_parser.py:65] - INFO - procotol:https, hostname:baijia.baidu.com, new_link:/s?id=1576052760211174&wfr=pc&fr=app_lst
2017-09-16 16:08:23,942 - [webpage_parser.py:65] - INFO - procotol:https, hostname:baijia.baidu.com, new_link:/s?id=1576052760211174&wfr=pc&fr=_lst
2017-09-16 16:08:23,944 - [webpage_parser.py:65] - INFO - procotol:https, hostname:baijia.baidu.com, new_link:/s?id=1576022568722570&wfr=pc&fr=app_lst
2017-09-16 16:08:23,945 - [webpage_parser.py:65] - INFO - procotol:https, hostname:baijia.baidu.com, new_link:/s?id=1576022568722570&wfr=pc&fr=app_lst
2017-09-16 16:08:23,946 - [webpage_parser.py:65] - INFO - procotol:https, hostname:baijia.baidu.com, new_link:/s?id=1576022568722570&wfr=pc&fr=app_lst
2017-09-16 16:08:23,951 - [webpage_parser.py:65] - INFO - procotol:https, hostname:baijia.baidu.com, new_link:/s?id=1576022568722570&wfr=pc&fr=app_lst
2017-09-16 16:08:23,965 - [webpage_parser.py:65] - INFO - procotol:https, hostname:baijia.baidu.com, new_link:/s?id=1576022568722570&wfr=pc&fr=_lst
2017-09-16 16:08:23,968 - [webpage_parser.py:65] - INFO - procotol:https, hostname:baijia.baidu.com, new_link:/s?id=1575933029031439&wfr=pc&fr=app_lst
2017-09-16 16:08:23,970 - [webpage_parser.py:65] - INFO - procotol:https, hostname:baijia.baidu.com, new_link:/s?id=1575933029031439&wfr=pc&fr=app_lst
2017-09-16 16:08:23,975 - [webpage_parser.py:65] - INFO - procotol:https, hostname:baijia.baidu.com, new_link:/s?id=1575933029031439&wfr=pc&fr=app_lst
2017-09-16 16:08:23,979 - [webpage_parser.py:65] - INFO - procotol:https, hostname:baijia.baidu.com, new_link:/s?id=1575933029031439&wfr=pc&fr=app_lst
2017-09-16 16:08:23,981 - [webpage_parser.py:65] - INFO - procotol:https, hostname:baijia.baidu.com, new_link:/s?id=1575933029031439&wfr=pc&fr=_lst
2017-09-16 16:08:23,989 - [webpage_saver.py:45] - INFO - url https://baijia.baidu.com/u?app_id=1536766474050767 is not match
2017-09-16 16:08:24,178 - [webpage_parser.py:65] - INFO - procotol:https, hostname:zhidao.baidu.com, new_link:javascript:;
2017-09-16 16:08:24,181 - [webpage_parser.py:65] - INFO - procotol:https, hostname:zhidao.baidu.com, new_link:/shop
2017-09-16 16:08:24,183 - [webpage_parser.py:65] - INFO - procotol:https, hostname:zhidao.baidu.com, new_link:/
2017-09-16 16:08:24,187 - [webpage_parser.py:65] - INFO - procotol:https, hostname:zhidao.baidu.com, new_link:/
2017-09-16 16:08:24,194 - [webpage_parser.py:65] - INFO - procotol:https, hostname:zhidao.baidu.com, new_link:/list?fr=daohang
2017-09-16 16:08:24,195 - [webpage_parser.py:65] - INFO - procotol:https, hostname:zhidao.baidu.com, new_link:/list?fr=daohang
2017-09-16 16:08:24,196 - [webpage_parser.py:65] - INFO - procotol:https, hostname:zhidao.baidu.com, new_link:/list?cid=101&fr=daohang
2017-09-16 16:08:24,196 - [webpage_parser.py:65] - INFO - procotol:https, hostname:zhidao.baidu.com, new_link:/list?cid=102&fr=daohang
2017-09-16 16:08:24,204 - [webpage_parser.py:65] - INFO - procotol:https, hostname:zhidao.baidu.com, new_link:/list?cid=103&fr=daohang
2017-09-16 16:08:24,205 - [webpage_parser.py:65] - INFO - procotol:https, hostname:zhidao.baidu.com, new_link:/list?cid=104&fr=daohang
2017-09-16 16:08:24,207 - [webpage_parser.py:65] - INFO - procotol:https, hostname:zhidao.baidu.com, new_link:/list?cid=105&fr=daohang
2017-09-16 16:08:24,210 - [webpage_parser.py:65] - INFO - procotol:https, hostname:zhidao.baidu.com, new_link:/list?cid=106&fr=daohang
2017-09-16 16:08:24,217 - [webpage_parser.py:65] - INFO - procotol:https, hostname:zhidao.baidu.com, new_link:/list?cid=107&fr=daohang
2017-09-16 16:08:24,232 - [webpage_parser.py:65] - INFO - procotol:https, hostname:zhidao.baidu.com, new_link:/list?cid=108&fr=daohang
2017-09-16 16:08:24,233 - [webpage_parser.py:65] - INFO - procotol:https, hostname:zhidao.baidu.com, new_link:/list?cid=109&fr=daohang
2017-09-16 16:08:24,234 - [webpage_parser.py:65] - INFO - procotol:https, hostname:zhidao.baidu.com, new_link:/list?cid=110&fr=daohang
2017-09-16 16:08:24,235 - [webpage_parser.py:65] - INFO - procotol:https, hostname:zhidao.baidu.com, new_link:/list?cid=111&fr=daohang
2017-09-16 16:08:24,237 - [webpage_parser.py:65] - INFO - procotol:https, hostname:zhidao.baidu.com, new_link:/list?cid=113&fr=daohang
2017-09-16 16:08:24,238 - [webpage_parser.py:65] - INFO - procotol:https, hostname:zhidao.baidu.com, new_link:/list?cid=114&fr=daohang
2017-09-16 16:08:24,239 - [webpage_parser.py:65] - INFO - procotol:https, hostname:zhidao.baidu.com, new_link:/list?cid=115&fr=daohang
2017-09-16 16:08:24,241 - [webpage_parser.py:65] - INFO - procotol:https, hostname:zhidao.baidu.com, new_link:javascript:;
2017-09-16 16:08:24,242 - [webpage_parser.py:65] - INFO - procotol:https, hostname:zhidao.baidu.com, new_link:/special/column?fr=daohang
2017-09-16 16:08:24,243 - [webpage_parser.py:65] - INFO - procotol:https, hostname:zhidao.baidu.com, new_link:/daily?fr=daohang
2017-09-16 16:08:24,246 - [webpage_parser.py:65] - INFO - procotol:https, hostname:zhidao.baidu.com, new_link:/bigdata/view
2017-09-16 16:08:24,248 - [webpage_parser.py:65] - INFO - procotol:https, hostname:zhidao.baidu.com, new_link:/culture/index?fr=daohang
2017-09-16 16:08:24,249 - [webpage_parser.py:65] - INFO - procotol:https, hostname:zhidao.baidu.com, new_link:javascript:;
2017-09-16 16:08:24,253 - [webpage_parser.py:65] - INFO - procotol:https, hostname:zhidao.baidu.com, new_link:/uteam?fr=daohang
2017-09-16 16:08:24,254 - [webpage_parser.py:65] - INFO - procotol:https, hostname:zhidao.baidu.com, new_link:/user/admin?fr=daohang
2017-09-16 16:08:24,255 - [webpage_parser.py:65] - INFO - procotol:https, hostname:zhidao.baidu.com, new_link:/hangjia?fr=daohang
2017-09-16 16:08:24,255 - [webpage_parser.py:65] - INFO - procotol:https, hostname:zhidao.baidu.com, new_link:/daily/authorcenter?fr=daohang
2017-09-16 16:08:24,256 - [webpage_parser.py:65] - INFO - procotol:https, hostname:zhidao.baidu.com, new_link:/misc/nowshowstar?fr=daohang
2017-09-16 16:08:24,257 - [webpage_parser.py:65] - INFO - procotol:https, hostname:zhidao.baidu.com, new_link:/hangjia?fr=daohang
2017-09-16 16:08:24,257 - [webpage_parser.py:65] - INFO - procotol:https, hostname:zhidao.baidu.com, new_link:/opendev?fr=daohang
2017-09-16 16:08:24,257 - [webpage_parser.py:65] - INFO - procotol:https, hostname:zhidao.baidu.com, new_link:/special/view/cooperation?fr=daohang
2017-09-16 16:08:24,258 - [webpage_parser.py:65] - INFO - procotol:https, hostname:zhidao.baidu.com, new_link:/shop?fr=daohang
2017-09-16 16:08:24,258 - [webpage_parser.py:65] - INFO - procotol:https, hostname:zhidao.baidu.com, new_link:/s/activity/index.html?fr=daohang
2017-09-16 16:08:24,258 - [webpage_parser.py:65] - INFO - procotol:https, hostname:zhidao.baidu.com, new_link:javascript:;
2017-09-16 16:08:24,259 - [webpage_parser.py:65] - INFO - procotol:https, hostname:zhidao.baidu.com, new_link:/activity/simpleindexact?tplName=nareplace&type=pc
2017-09-16 16:08:24,259 - [webpage_parser.py:65] - INFO - procotol:https, hostname:zhidao.baidu.com, new_link:/ihome
2017-09-16 16:08:24,261 - [webpage_parser.py:65] - INFO - procotol:https, hostname:zhidao.baidu.com, new_link:/new
2017-09-16 16:08:24,261 - [webpage_parser.py:65] - INFO - procotol:https, hostname:zhidao.baidu.com, new_link:/browse
2017-09-16 16:08:24,263 - [webpage_parser.py:65] - INFO - procotol:https, hostname:zhidao.baidu.com, new_link:javascript:;
2017-09-16 16:08:24,270 - [webpage_parser.py:65] - INFO - procotol:https, hostname:zhidao.baidu.com, new_link:/question/1643973260955187660.html?push=asking&entry=qb_home_new
2017-09-16 16:08:24,272 - [webpage_parser.py:65] - INFO - procotol:https, hostname:zhidao.baidu.com, new_link:/question/396767922993424725.html?push=asking&entry=qb_home_new
2017-09-16 16:08:24,272 - [webpage_parser.py:65] - INFO - procotol:https, hostname:zhidao.baidu.com, new_link:/question/622257385989313252.html?push=asking&entry=qb_home_new
2017-09-16 16:08:24,273 - [webpage_parser.py:65] - INFO - procotol:https, hostname:zhidao.baidu.com, new_link:/question/396767922864769565.html?push=asking&entry=qb_home_new
2017-09-16 16:08:24,273 - [webpage_parser.py:65] - INFO - procotol:https, hostname:zhidao.baidu.com, new_link:/question/1951931866635173508.html?push=asking&entry=qb_home_new
2017-09-16 16:08:24,274 - [webpage_parser.py:65] - INFO - procotol:https, hostname:zhidao.baidu.com, new_link:/question/622257385861087252.html?push=asking&entry=qb_home_new
2017-09-16 16:08:24,274 - [webpage_parser.py:65] - INFO - procotol:https, hostname:zhidao.baidu.com, new_link:/question/1180215318869575619.html?push=asking&entry=qb_home_new
2017-09-16 16:08:24,275 - [webpage_parser.py:65] - INFO - procotol:https, hostname:zhidao.baidu.com, new_link:/question/1180215318805330699.html?push=asking&entry=qb_home_new
2017-09-16 16:08:24,277 - [webpage_parser.py:65] - INFO - procotol:https, hostname:zhidao.baidu.com, new_link:/question/1951931866506580228.html?push=asking&entry=qb_home_new
2017-09-16 16:08:24,278 - [webpage_parser.py:65] - INFO - procotol:https, hostname:zhidao.baidu.com, new_link:/question/1643973260568933940.html?push=asking&entry=qb_home_new
2017-09-16 16:08:24,278 - [webpage_parser.py:65] - INFO - procotol:https, hostname:zhidao.baidu.com, new_link:/question/437756074036803804.html?push=asking&entry=qb_home_new
2017-09-16 16:08:24,282 - [webpage_parser.py:65] - INFO - procotol:https, hostname:zhidao.baidu.com, new_link:/question/622257322114752172.html?push=asking&entry=qb_home_new
2017-09-16 16:08:24,285 - [webpage_parser.py:65] - INFO - procotol:https, hostname:zhidao.baidu.com, new_link:/question/1951931802697147068.html?push=asking&entry=qb_home_new
2017-09-16 16:08:24,286 - [webpage_parser.py:65] - INFO - procotol:https, hostname:zhidao.baidu.com, new_link:/question/1180215254929910099.html?push=asking&entry=qb_home_new
2017-09-16 16:08:24,287 - [webpage_parser.py:65] - INFO - procotol:https, hostname:zhidao.baidu.com, new_link:/question/1643973196694334180.html?push=asking&entry=qb_home_new
2017-09-16 16:08:24,291 - [webpage_parser.py:65] - INFO - procotol:https, hostname:zhidao.baidu.com, new_link:/question/622257321729011852.html?push=asking&entry=qb_home_new
2017-09-16 16:08:24,291 - [webpage_parser.py:65] - INFO - procotol:https, hostname:zhidao.baidu.com, new_link:/question/622193898240438892.html?push=asking&entry=qb_home_new
2017-09-16 16:08:24,292 - [webpage_parser.py:65] - INFO - procotol:https, hostname:zhidao.baidu.com, new_link:/question/396704435179792605.html?push=asking&entry=qb_home_new
2017-09-16 16:08:24,292 - [webpage_parser.py:65] - INFO - procotol:https, hostname:zhidao.baidu.com, new_link:/question/622193898111803212.html?push=asking&entry=qb_home_new
2017-09-16 16:08:24,293 - [webpage_parser.py:65] - INFO - procotol:https, hostname:zhidao.baidu.com, new_link:/question/1643909772947773580.html?push=asking&entry=qb_home_new
2017-09-16 16:08:24,294 - [webpage_parser.py:65] - INFO - procotol:https, hostname:zhidao.baidu.com, new_link:/browse
2017-09-16 16:08:24,296 - [webpage_parser.py:65] - INFO - procotol:https, hostname:zhidao.baidu.com, new_link:/uteam/view?teamId=36134
2017-09-16 16:08:24,298 - [webpage_parser.py:65] - INFO - procotol:https, hostname:zhidao.baidu.com, new_link:/uteam/view?teamId=36134
2017-09-16 16:08:24,299 - [webpage_parser.py:65] - INFO - procotol:https, hostname:zhidao.baidu.com, new_link:/uteam/class
2017-09-16 16:08:24,299 - [webpage_parser.py:65] - INFO - procotol:https, hostname:zhidao.baidu.com, new_link:/usercenter?uid=28df4069236f25705e79a800
2017-09-16 16:08:24,299 - [webpage_parser.py:65] - INFO - procotol:https, hostname:zhidao.baidu.com, new_link:/usercenter?uid=28df4069236f25705e79a800
2017-09-16 16:08:24,300 - [webpage_parser.py:65] - INFO - procotol:https, hostname:zhidao.baidu.com, new_link:/misc/rank?type=0
2017-09-16 16:08:24,300 - [webpage_parser.py:65] - INFO - procotol:https, hostname:zhidao.baidu.com, new_link:/misc/rank?type=1
2017-09-16 16:08:24,301 - [webpage_parser.py:65] - INFO - procotol:https, hostname:zhidao.baidu.com, new_link:/usercenter?uid=b3334069236f25705e7931ab
2017-09-16 16:08:24,307 - [webpage_parser.py:65] - INFO - procotol:https, hostname:zhidao.baidu.com, new_link:/usercenter?uid=b0664069236f25705e79be64
2017-09-16 16:08:24,308 - [webpage_parser.py:65] - INFO - procotol:https, hostname:zhidao.baidu.com, new_link:/usercenter?uid=58f44069236f25705e794627
2017-09-16 16:08:24,309 - [webpage_parser.py:65] - INFO - procotol:https, hostname:zhidao.baidu.com, new_link:/usercenter?uid=074f4069236f25705e792c42
2017-09-16 16:08:24,310 - [webpage_parser.py:65] - INFO - procotol:https, hostname:zhidao.baidu.com, new_link:/usercenter?uid=b0db4069236f25705e79569d
2017-09-16 16:08:24,311 - [webpage_parser.py:65] - INFO - procotol:https, hostname:zhidao.baidu.com, new_link:/usercenter?uid=ab5d4069236f25705e79a138
2017-09-16 16:08:24,316 - [webpage_parser.py:65] - INFO - procotol:https, hostname:zhidao.baidu.com, new_link:/usercenter?uid=2cc54069236f25705e79bf2c
2017-09-16 16:08:24,318 - [webpage_parser.py:65] - INFO - procotol:https, hostname:zhidao.baidu.com, new_link:/usercenter?uid=67d24069236f25705e7909a7
2017-09-16 16:08:24,318 - [webpage_parser.py:65] - INFO - procotol:https, hostname:zhidao.baidu.com, new_link:/usercenter?uid=b0664069236f25705e79be64
2017-09-16 16:08:24,318 - [webpage_parser.py:65] - INFO - procotol:https, hostname:zhidao.baidu.com, new_link:/usercenter?uid=ada64069236f25705e79412d
2017-09-16 16:08:24,320 - [webpage_parser.py:65] - INFO - procotol:https, hostname:zhidao.baidu.com, new_link:/usercenter?uid=67d24069236f25705e7909a7
2017-09-16 16:08:24,325 - [webpage_parser.py:65] - INFO - procotol:https, hostname:zhidao.baidu.com, new_link:/usercenter?uid=074f4069236f25705e792c42
2017-09-16 16:08:24,327 - [webpage_parser.py:65] - INFO - procotol:https, hostname:zhidao.baidu.com, new_link:/usercenter?uid=3e294069236f25705e79809c
2017-09-16 16:08:24,335 - [webpage_parser.py:65] - INFO - procotol:https, hostname:zhidao.baidu.com, new_link:/usercenter?uid=69eb4069236f25705e794269
2017-09-16 16:08:24,336 - [webpage_parser.py:65] - INFO - procotol:https, hostname:zhidao.baidu.com, new_link:/usercenter?uid=ab5d4069236f25705e79a138
2017-09-16 16:08:24,336 - [webpage_parser.py:65] - INFO - procotol:https, hostname:zhidao.baidu.com, new_link:/usercenter?uid=a5724069236f25705e794f4b
2017-09-16 16:08:24,340 - [webpage_parser.py:65] - INFO - procotol:https, hostname:zhidao.baidu.com, new_link:javascript:void(0)
2017-09-16 16:08:24,340 - [webpage_parser.py:65] - INFO - procotol:https, hostname:zhidao.baidu.com, new_link:javascript:void(0)
2017-09-16 16:08:24,341 - [webpage_parser.py:65] - INFO - procotol:https, hostname:zhidao.baidu.com, new_link:javascript:void(0)
2017-09-16 16:08:24,347 - [webpage_parser.py:65] - INFO - procotol:https, hostname:zhidao.baidu.com, new_link:javascript:void(0)
2017-09-16 16:08:24,349 - [webpage_parser.py:65] - INFO - procotol:https, hostname:zhidao.baidu.com, new_link:javascript:void(0)
2017-09-16 16:08:24,351 - [webpage_parser.py:65] - INFO - procotol:https, hostname:zhidao.baidu.com, new_link:/shop
2017-09-16 16:08:24,352 - [webpage_parser.py:65] - INFO - procotol:https, hostname:zhidao.baidu.com, new_link:/hangjia
2017-09-16 16:08:24,356 - [webpage_parser.py:65] - INFO - procotol:https, hostname:zhidao.baidu.com, new_link:/misc/feedback
2017-09-16 16:08:24,356 - [webpage_parser.py:65] - INFO - procotol:https, hostname:zhidao.baidu.com, new_link:/misc/appeal
2017-09-16 16:08:24,363 - [webpage_parser.py:65] - INFO - procotol:https, hostname:zhidao.baidu.com, new_link:/special/view/cooperation
2017-09-16 16:08:24,626 - [webpage_saver.py:45] - INFO - url https://zhidao.baidu.com/ is not match
2017-09-16 16:08:33,375 - [sbcharsetprober.py:119] - DEBUG - windows-1251 confidence = 0.0430777555122, below negative shortcut threshhold 0.05
2017-09-16 16:08:43,786 - [sbcharsetprober.py:119] - DEBUG - KOI8-R confidence = 0.0400657826281, below negative shortcut threshhold 0.05
2017-09-16 16:08:54,787 - [sbcharsetprober.py:119] - DEBUG - ISO-8859-5 confidence = 0.0419917491873, below negative shortcut threshhold 0.05
2017-09-16 16:09:06,070 - [sbcharsetprober.py:119] - DEBUG - MacCyrillic confidence = 0.0452323887412, below negative shortcut threshhold 0.05
2017-09-16 16:09:17,322 - [sbcharsetprober.py:119] - DEBUG - IBM866 confidence = 0.0406853574226, below negative shortcut threshhold 0.05
2017-09-16 16:09:29,210 - [sbcharsetprober.py:119] - DEBUG - IBM855 confidence = 0.042768723504, below negative shortcut threshhold 0.05
2017-09-16 16:10:02,428 - [sbcharsetprober.py:119] - DEBUG - ISO-8859-5 confidence = 0.0406445246827, below negative shortcut threshhold 0.05
2017-09-16 16:10:13,085 - [sbcharsetprober.py:119] - DEBUG - windows-1251 confidence = 0.0411460781495, below negative shortcut threshhold 0.05
2017-09-16 16:10:24,029 - [sbcharsetprober.py:119] - DEBUG - TIS-620 confidence = 0.0429805829552, below negative shortcut threshhold 0.05
2017-09-16 16:10:48,649 - [sbcharsetprober.py:119] - DEBUG - windows-1255 confidence = 0.0485494015771, below negative shortcut threshhold 0.05
2017-09-16 16:10:49,782 - [connectionpool.py:207] - DEBUG - Starting new HTTP connection (1): world.huanqiu.com
2017-09-16 16:10:49,784 - [connectionpool.py:818] - DEBUG - Starting new HTTPS connection (1): baijia.baidu.com
2017-09-16 16:10:49,801 - [connectionpool.py:818] - DEBUG - Starting new HTTPS connection (1): baijia.baidu.com
2017-09-16 16:10:49,801 - [connectionpool.py:207] - DEBUG - Starting new HTTP connection (1): xinwen.eastday.com
2017-09-16 16:10:49,803 - [connectionpool.py:207] - DEBUG - Starting new HTTP connection (1): news.baidu.com
2017-09-16 16:10:49,820 - [connectionpool.py:818] - DEBUG - Starting new HTTPS connection (1): www.baidu.com
2017-09-16 16:10:49,838 - [connectionpool.py:818] - DEBUG - Starting new HTTPS connection (1): baijia.baidu.com
2017-09-16 16:10:49,844 - [connectionpool.py:395] - DEBUG - http://world.huanqiu.com:80 "GET /article/2017-09/11253365.html?from=bdwz HTTP/1.1" 200 7943
2017-09-16 16:10:49,860 - [connectionpool.py:395] - DEBUG - http://xinwen.eastday.com:80 "GET /a/xjump.html?id=n170916094556028 HTTP/1.1" 200 3162
2017-09-16 16:10:49,867 - [connectionpool.py:395] - DEBUG - http://news.baidu.com:80 "GET /newscode.html HTTP/1.1" 200 None
2017-09-16 16:10:49,876 - [webpage_saver.py:45] - INFO - url http://xinwen.eastday.com/a/xjump.html?id=n170916094556028 is not match
2017-09-16 16:10:49,971 - [webpage_parser.py:65] - INFO - procotol:http, hostname:news.baidu.com, new_link:javascript:Toggle(1)
2017-09-16 16:10:50,044 - [webpage_parser.py:65] - INFO - procotol:http, hostname:news.baidu.com, new_link:javascript:Toggle(2)
2017-09-16 16:10:50,062 - [connectionpool.py:395] - DEBUG - https://www.baidu.com:443 "GET /s?wd=%E7%94%B7%E5%AD%90%E8%87%AA%E9%A9%BE108%E5%A4%A9%E9%80%81%E5%A5%B3%E5%84%BF%E4%B8%8A%E5%A4%A7%E5%AD%A6%20%E7%A9%BF%E8%B6%8A26%E5%9B%BD%E8%A1%8C%E7%A8%8B3%E4%B8%87%E5%85%AC%E9%87%8C HTTP/1.1" 200 227
2017-09-16 16:10:50,075 - [webpage_parser.py:65] - INFO - procotol:http, hostname:world.huanqiu.com, new_link:javascript:doZoom(14)
2017-09-16 16:10:50,078 - [webpage_parser.py:65] - INFO - procotol:http, hostname:news.baidu.com, new_link:javascript:Toggle(3)
2017-09-16 16:10:50,083 - [webpage_parser.py:65] - INFO - procotol:http, hostname:world.huanqiu.com, new_link:javascript:doZoom(16)
2017-09-16 16:10:50,089 - [webpage_saver.py:45] - INFO - url https://www.baidu.com/s?wd=%E7%94%B7%E5%AD%90%E8%87%AA%E9%A9%BE108%E5%A4%A9%E9%80%81%E5%A5%B3%E5%84%BF%E4%B8%8A%E5%A4%A7%E5%AD%A6%20%E7%A9%BF%E8%B6%8A26%E5%9B%BD%E8%A1%8C%E7%A8%8B3%E4%B8%87%E5%85%AC%E9%87%8C is not match
2017-09-16 16:10:50,122 - [webpage_parser.py:65] - INFO - procotol:http, hostname:news.baidu.com, new_link:javascript:Toggle(4)
2017-09-16 16:10:50,122 - [webpage_parser.py:65] - INFO - procotol:http, hostname:world.huanqiu.com, new_link:#frame_content
2017-09-16 16:10:50,141 - [webpage_parser.py:65] - INFO - procotol:http, hostname:news.baidu.com, new_link:javascript:Toggle(5)
2017-09-16 16:10:50,145 - [webpage_parser.py:65] - INFO - procotol:http, hostname:world.huanqiu.com, new_link:mailto:jubao@huanqiu.com
2017-09-16 16:10:50,146 - [webpage_parser.py:65] - INFO - procotol:http, hostname:news.baidu.com, new_link:javascript:Toggle(6)
2017-09-16 16:10:50,149 - [webpage_parser.py:65] - INFO - procotol:http, hostname:news.baidu.com, new_link:javascript:Toggle(7)
2017-09-16 16:10:50,152 - [webpage_saver.py:45] - INFO - url http://world.huanqiu.com/article/2017-09/11253365.html?from=bdwz is not match
2017-09-16 16:10:50,277 - [connectionpool.py:395] - DEBUG - https://baijia.baidu.com:443 "GET /s?id=1578593165078946033&wfr=pc&fr=idx_lst HTTP/1.1" 200 None
2017-09-16 16:10:50,353 - [connectionpool.py:395] - DEBUG - https://baijia.baidu.com:443 "GET /u?app_id=1536766541482661 HTTP/1.1" 200 None
2017-09-16 16:10:50,356 - [connectionpool.py:395] - DEBUG - https://baijia.baidu.com:443 "GET /u?app_id=1536766549127199 HTTP/1.1" 200 None
2017-09-16 16:10:50,603 - [webpage_parser.py:65] - INFO - procotol:https, hostname:baijia.baidu.com, new_link:/
2017-09-16 16:10:50,684 - [webpage_parser.py:65] - INFO - procotol:https, hostname:baijia.baidu.com, new_link:/
2017-09-16 16:10:50,685 - [webpage_parser.py:65] - INFO - procotol:https, hostname:baijia.baidu.com, new_link:/
2017-09-16 16:10:50,720 - [webpage_parser.py:65] - INFO - procotol:https, hostname:baijia.baidu.com, new_link:/
2017-09-16 16:10:50,760 - [webpage_parser.py:65] - INFO - procotol:https, hostname:baijia.baidu.com, new_link:/channel?cat=1
2017-09-16 16:10:50,761 - [webpage_parser.py:65] - INFO - procotol:https, hostname:baijia.baidu.com, new_link:/channel?cat=1
2017-09-16 16:10:50,763 - [webpage_parser.py:65] - INFO - procotol:https, hostname:baijia.baidu.com, new_link:/
2017-09-16 16:10:50,795 - [webpage_parser.py:65] - INFO - procotol:https, hostname:baijia.baidu.com, new_link:/channel?cat=2
2017-09-16 16:10:50,804 - [webpage_parser.py:65] - INFO - procotol:https, hostname:baijia.baidu.com, new_link:/channel?cat=2
2017-09-16 16:10:50,851 - [webpage_parser.py:65] - INFO - procotol:https, hostname:baijia.baidu.com, new_link:/channel?cat=3
2017-09-16 16:10:50,853 - [webpage_parser.py:65] - INFO - procotol:https, hostname:baijia.baidu.com, new_link:/
2017-09-16 16:10:50,857 - [webpage_parser.py:65] - INFO - procotol:https, hostname:baijia.baidu.com, new_link:/channel?cat=3
2017-09-16 16:10:50,858 - [webpage_parser.py:65] - INFO - procotol:https, hostname:baijia.baidu.com, new_link:/channel?cat=4
2017-09-16 16:10:50,866 - [webpage_parser.py:65] - INFO - procotol:https, hostname:baijia.baidu.com, new_link:/channel?cat=4
2017-09-16 16:10:50,873 - [webpage_parser.py:65] - INFO - procotol:https, hostname:baijia.baidu.com, new_link:/channel?cat=1
2017-09-16 16:10:50,874 - [webpage_parser.py:65] - INFO - procotol:https, hostname:baijia.baidu.com, new_link:/channel?cat=5
2017-09-16 16:10:50,874 - [webpage_parser.py:65] - INFO - procotol:https, hostname:baijia.baidu.com, new_link:/channel?cat=5
2017-09-16 16:10:50,878 - [webpage_parser.py:65] - INFO - procotol:https, hostname:baijia.baidu.com, new_link:/channel?cat=2
2017-09-16 16:10:50,898 - [webpage_parser.py:65] - INFO - procotol:https, hostname:baijia.baidu.com, new_link:/s?id=1578578379278029881&wfr=pc&fr=app_lst
2017-09-16 16:10:50,904 - [webpage_parser.py:65] - INFO - procotol:https, hostname:baijia.baidu.com, new_link:/s?id=1578596321947204839&wfr=pc&fr=app_lst
2017-09-16 16:10:50,907 - [webpage_parser.py:65] - INFO - procotol:https, hostname:baijia.baidu.com, new_link:/channel?cat=3
2017-09-16 16:10:50,907 - [webpage_parser.py:65] - INFO - procotol:https, hostname:baijia.baidu.com, new_link:/s?id=1578578379278029881&wfr=pc&fr=app_lst
2017-09-16 16:10:50,930 - [webpage_parser.py:65] - INFO - procotol:https, hostname:baijia.baidu.com, new_link:/s?id=1578505728737371787&wfr=pc&fr=app_lst
2017-09-16 16:10:50,928 - [webpage_parser.py:65] - INFO - procotol:https, hostname:baijia.baidu.com, new_link:/channel?cat=4
2017-09-16 16:10:50,922 - [webpage_parser.py:65] - INFO - procotol:https, hostname:baijia.baidu.com, new_link:/s?id=1578596321947204839&wfr=pc&fr=app_lst
2017-09-16 16:10:50,961 - [webpage_parser.py:65] - INFO - procotol:https, hostname:baijia.baidu.com, new_link:/channel?cat=5
2017-09-16 16:10:50,966 - [webpage_parser.py:65] - INFO - procotol:https, hostname:baijia.baidu.com, new_link:/s?id=1578505728737371787&wfr=pc&fr=app_lst
2017-09-16 16:10:50,966 - [webpage_parser.py:65] - INFO - procotol:https, hostname:baijia.baidu.com, new_link:/s?id=1578504898616167009&wfr=pc&fr=app_lst
2017-09-16 16:10:50,971 - [webpage_parser.py:65] - INFO - procotol:https, hostname:baijia.baidu.com, new_link:/s?id=1578596321947204839&wfr=pc&fr=app_lst
2017-09-16 16:10:50,980 - [webpage_parser.py:65] - INFO - procotol:https, hostname:baijia.baidu.com, new_link:/u?app_id=1536767517568852&wfr=pc&fr=new_lst
2017-09-16 16:10:50,986 - [webpage_parser.py:65] - INFO - procotol:https, hostname:baijia.baidu.com, new_link:/s?id=1578504898616167009&wfr=pc&fr=app_lst
2017-09-16 16:10:50,990 - [webpage_parser.py:65] - INFO - procotol:https, hostname:baijia.baidu.com, new_link:/s?id=1578596321947204839&wfr=pc&fr=app_lst
2017-09-16 16:10:50,997 - [webpage_parser.py:65] - INFO - procotol:https, hostname:baijia.baidu.com, new_link:/s?id=1578593165078946033&wfr=pc&fr=new_lst
2017-09-16 16:10:50,998 - [webpage_parser.py:65] - INFO - procotol:https, hostname:baijia.baidu.com, new_link:/s?id=1578504898616167009&wfr=pc&fr=app_lst
2017-09-16 16:10:51,005 - [webpage_parser.py:65] - INFO - procotol:https, hostname:baijia.baidu.com, new_link:/s?id=1578596321947204839&wfr=pc&fr=_lst
2017-09-16 16:10:51,006 - [webpage_parser.py:65] - INFO - procotol:https, hostname:baijia.baidu.com, new_link:/s?id=1578504898616167009&wfr=pc&fr=app_lst
2017-09-16 16:10:51,007 - [webpage_parser.py:65] - INFO - procotol:https, hostname:baijia.baidu.com, new_link:/s?id=1578566140964946523&wfr=pc&fr=new_lst
2017-09-16 16:10:51,008 - [webpage_parser.py:65] - INFO - procotol:https, hostname:baijia.baidu.com, new_link:/s?id=1578563195827671541&wfr=pc&fr=app_lst
2017-09-16 16:10:51,011 - [webpage_parser.py:65] - INFO - procotol:https, hostname:baijia.baidu.com, new_link:/s?id=1578504898616167009&wfr=pc&fr=_lst
2017-09-16 16:10:51,015 - [webpage_parser.py:65] - INFO - procotol:https, hostname:baijia.baidu.com, new_link:/s?id=1578526455963085669&wfr=pc&fr=new_lst
2017-09-16 16:10:51,021 - [webpage_parser.py:65] - INFO - procotol:https, hostname:baijia.baidu.com, new_link:/s?id=1578563195827671541&wfr=pc&fr=app_lst
2017-09-16 16:10:51,029 - [webpage_parser.py:65] - INFO - procotol:https, hostname:baijia.baidu.com, new_link:/s?id=1578344770465177057&wfr=pc&fr=app_lst
2017-09-16 16:10:51,043 - [webpage_parser.py:65] - INFO - procotol:https, hostname:baijia.baidu.com, new_link:/s?id=1578474246605452549&wfr=pc&fr=new_lst
2017-09-16 16:10:51,054 - [webpage_parser.py:65] - INFO - procotol:https, hostname:baijia.baidu.com, new_link:/s?id=1578563195827671541&wfr=pc&fr=app_lst
2017-09-16 16:10:51,081 - [webpage_parser.py:65] - INFO - procotol:https, hostname:baijia.baidu.com, new_link:/s?id=1578344770465177057&wfr=pc&fr=app_lst
2017-09-16 16:10:51,085 - [webpage_parser.py:65] - INFO - procotol:https, hostname:baijia.baidu.com, new_link:/u?app_id=1536767517568852&wfr=pc&fr=new_lst
2017-09-16 16:10:51,092 - [webpage_parser.py:65] - INFO - procotol:https, hostname:baijia.baidu.com, new_link:/s?id=1578563195827671541&wfr=pc&fr=app_lst
2017-09-16 16:10:51,100 - [webpage_parser.py:65] - INFO - procotol:https, hostname:baijia.baidu.com, new_link:/s?id=1578344770465177057&wfr=pc&fr=app_lst
2017-09-16 16:10:51,106 - [webpage_parser.py:65] - INFO - procotol:https, hostname:baijia.baidu.com, new_link:/s?id=1578504898616167009&wfr=pc&fr=new_top
2017-09-16 16:10:51,108 - [webpage_parser.py:65] - INFO - procotol:https, hostname:baijia.baidu.com, new_link:/s?id=1578563195827671541&wfr=pc&fr=_lst
2017-09-16 16:10:51,111 - [webpage_parser.py:65] - INFO - procotol:https, hostname:baijia.baidu.com, new_link:/s?id=1578344770465177057&wfr=pc&fr=app_lst
2017-09-16 16:10:51,112 - [webpage_parser.py:65] - INFO - procotol:https, hostname:baijia.baidu.com, new_link:/s?id=1578623174990307367&wfr=pc&fr=new_top
2017-09-16 16:10:51,114 - [webpage_parser.py:65] - INFO - procotol:https, hostname:baijia.baidu.com, new_link:/s?id=1578557257887453884&wfr=pc&fr=app_lst
2017-09-16 16:10:51,115 - [webpage_parser.py:65] - INFO - procotol:https, hostname:baijia.baidu.com, new_link:/s?id=1578344770465177057&wfr=pc&fr=_lst
2017-09-16 16:10:51,116 - [webpage_parser.py:65] - INFO - procotol:https, hostname:baijia.baidu.com, new_link:/u?app_id=1536772658226902&wfr=pc&fr=new_top
2017-09-16 16:10:51,117 - [webpage_parser.py:65] - INFO - procotol:https, hostname:baijia.baidu.com, new_link:/s?id=1578557257887453884&wfr=pc&fr=app_lst
2017-09-16 16:10:51,117 - [webpage_parser.py:65] - INFO - procotol:https, hostname:baijia.baidu.com, new_link:/s?id=1578301952585101420&wfr=pc&fr=app_lst
2017-09-16 16:10:51,118 - [webpage_parser.py:65] - INFO - procotol:https, hostname:baijia.baidu.com, new_link:/s?id=1578607976201766738&wfr=pc&fr=new_top
2017-09-16 16:10:51,118 - [webpage_parser.py:65] - INFO - procotol:https, hostname:baijia.baidu.com, new_link:/s?id=1578557257887453884&wfr=pc&fr=app_lst
2017-09-16 16:10:51,118 - [webpage_parser.py:65] - INFO - procotol:https, hostname:baijia.baidu.com, new_link:/s?id=1578301952585101420&wfr=pc&fr=app_lst
2017-09-16 16:10:51,121 - [webpage_parser.py:65] - INFO - procotol:https, hostname:baijia.baidu.com, new_link:/u?app_id=1542908067534756&wfr=pc&fr=new_top
2017-09-16 16:10:51,124 - [webpage_parser.py:65] - INFO - procotol:https, hostname:baijia.baidu.com, new_link:/s?id=1578557257887453884&wfr=pc&fr=app_lst
2017-09-16 16:10:51,125 - [webpage_parser.py:65] - INFO - procotol:https, hostname:baijia.baidu.com, new_link:/s?id=1578230634499060009&wfr=pc&fr=app_lst
2017-09-16 16:10:51,126 - [webpage_parser.py:65] - INFO - procotol:https, hostname:baijia.baidu.com, new_link:/s?id=1578577505038446664&wfr=pc&fr=new_top
2017-09-16 16:10:51,127 - [webpage_parser.py:65] - INFO - procotol:https, hostname:baijia.baidu.com, new_link:/s?id=1578557257887453884&wfr=pc&fr=_lst
2017-09-16 16:10:51,127 - [webpage_parser.py:65] - INFO - procotol:https, hostname:baijia.baidu.com, new_link:/u?app_id=1536767684387819&wfr=pc&fr=new_top
2017-09-16 16:10:51,128 - [webpage_parser.py:65] - INFO - procotol:https, hostname:baijia.baidu.com, new_link:/s?id=1578230634499060009&wfr=pc&fr=app_lst
2017-09-16 16:10:51,129 - [webpage_parser.py:65] - INFO - procotol:https, hostname:baijia.baidu.com, new_link:/s?id=1578446725114887957&wfr=pc&fr=app_lst
2017-09-16 16:10:51,130 - [webpage_parser.py:65] - INFO - procotol:https, hostname:baijia.baidu.com, new_link:/s?id=1578593165078946033&wfr=pc&fr=new_top
2017-09-16 16:10:51,132 - [webpage_parser.py:65] - INFO - procotol:https, hostname:baijia.baidu.com, new_link:/s?id=1578230634499060009&wfr=pc&fr=app_lst
2017-09-16 16:10:51,133 - [webpage_parser.py:65] - INFO - procotol:https, hostname:baijia.baidu.com, new_link:/s?id=1578446725114887957&wfr=pc&fr=app_lst
2017-09-16 16:10:51,133 - [webpage_parser.py:65] - INFO - procotol:https, hostname:baijia.baidu.com, new_link:/u?app_id=1536767517568852&wfr=pc&fr=new_top
2017-09-16 16:10:51,137 - [webpage_parser.py:65] - INFO - procotol:https, hostname:baijia.baidu.com, new_link:/s?id=1578230634499060009&wfr=pc&fr=app_lst
2017-09-16 16:10:51,137 - [webpage_parser.py:65] - INFO - procotol:https, hostname:baijia.baidu.com, new_link:/s?id=1578446725114887957&wfr=pc&fr=app_lst
2017-09-16 16:10:51,138 - [webpage_parser.py:65] - INFO - procotol:https, hostname:baijia.baidu.com, new_link:/s?id=1578557257887453884&wfr=pc&fr=new_top
2017-09-16 16:10:51,139 - [webpage_parser.py:65] - INFO - procotol:https, hostname:baijia.baidu.com, new_link:/s?id=1578230634499060009&wfr=pc&fr=_lst
2017-09-16 16:10:51,139 - [webpage_parser.py:65] - INFO - procotol:https, hostname:baijia.baidu.com, new_link:/s?id=1578446725114887957&wfr=pc&fr=app_lst
2017-09-16 16:10:51,148 - [webpage_parser.py:65] - INFO - procotol:https, hostname:baijia.baidu.com, new_link:/u?app_id=1536766549127199&wfr=pc&fr=new_top
2017-09-16 16:10:51,151 - [webpage_parser.py:65] - INFO - procotol:https, hostname:baijia.baidu.com, new_link:/s?id=1578446725114887957&wfr=pc&fr=_lst
2017-09-16 16:10:51,154 - [webpage_parser.py:65] - INFO - procotol:https, hostname:baijia.baidu.com, new_link:/s?id=1577950646646264951&wfr=pc&fr=app_lst
2017-09-16 16:10:51,158 - [webpage_parser.py:65] - INFO - procotol:https, hostname:baijia.baidu.com, new_link:/s?id=1578507534024718953&wfr=pc&fr=new_top
2017-09-16 16:10:51,161 - [webpage_parser.py:65] - INFO - procotol:https, hostname:baijia.baidu.com, new_link:/s?id=1578434575153982485&wfr=pc&fr=app_lst
2017-09-16 16:10:51,162 - [webpage_parser.py:65] - INFO - procotol:https, hostname:baijia.baidu.com, new_link:/s?id=1577950646646264951&wfr=pc&fr=app_lst
2017-09-16 16:10:51,163 - [webpage_parser.py:65] - INFO - procotol:https, hostname:baijia.baidu.com, new_link:/u?app_id=1536766289627322&wfr=pc&fr=new_top
2017-09-16 16:10:51,164 - [webpage_parser.py:65] - INFO - procotol:https, hostname:baijia.baidu.com, new_link:/s?id=1578434575153982485&wfr=pc&fr=app_lst
2017-09-16 16:10:51,166 - [webpage_parser.py:65] - INFO - procotol:https, hostname:baijia.baidu.com, new_link:/s?id=1578558686663240107&wfr=pc&fr=new_top
2017-09-16 16:10:51,169 - [webpage_parser.py:65] - INFO - procotol:https, hostname:baijia.baidu.com, new_link:/s?id=1577869506931848598&wfr=pc&fr=app_lst
2017-09-16 16:10:51,173 - [webpage_parser.py:65] - INFO - procotol:https, hostname:baijia.baidu.com, new_link:/s?id=1578434575153982485&wfr=pc&fr=app_lst
2017-09-16 16:10:51,175 - [webpage_parser.py:65] - INFO - procotol:https, hostname:baijia.baidu.com, new_link:/u?app_id=1536766474050767&wfr=pc&fr=new_top
2017-09-16 16:10:51,177 - [webpage_parser.py:65] - INFO - procotol:https, hostname:baijia.baidu.com, new_link:/s?id=1577869506931848598&wfr=pc&fr=app_lst
2017-09-16 16:10:51,177 - [webpage_parser.py:65] - INFO - procotol:https, hostname:baijia.baidu.com, new_link:/s?id=1578434575153982485&wfr=pc&fr=app_lst
2017-09-16 16:10:51,180 - [webpage_parser.py:65] - INFO - procotol:https, hostname:baijia.baidu.com, new_link:/s?id=1578653355907666885&wfr=pc&fr=new_top
2017-09-16 16:10:51,181 - [webpage_parser.py:65] - INFO - procotol:https, hostname:baijia.baidu.com, new_link:/s?id=1577751911586017981&wfr=pc&fr=app_lst
2017-09-16 16:10:51,183 - [webpage_parser.py:65] - INFO - procotol:https, hostname:baijia.baidu.com, new_link:/s?id=1578434575153982485&wfr=pc&fr=_lst
2017-09-16 16:10:51,183 - [webpage_parser.py:65] - INFO - procotol:https, hostname:baijia.baidu.com, new_link:/u?app_id=1536766737196056&wfr=pc&fr=new_top
2017-09-16 16:10:51,185 - [webpage_parser.py:65] - INFO - procotol:https, hostname:baijia.baidu.com, new_link:/s?id=1577751911586017981&wfr=pc&fr=app_lst
2017-09-16 16:10:51,186 - [webpage_parser.py:65] - INFO - procotol:https, hostname:baijia.baidu.com, new_link:/s?id=1578393415880796348&wfr=pc&fr=app_lst
2017-09-16 16:10:51,187 - [webpage_parser.py:65] - INFO - procotol:https, hostname:baijia.baidu.com, new_link:/s?id=1578548392389415079&wfr=pc&fr=new_top
2017-09-16 16:10:51,187 - [webpage_parser.py:65] - INFO - procotol:https, hostname:baijia.baidu.com, new_link:/s?id=1577503927301114713&wfr=pc&fr=app_lst
2017-09-16 16:10:51,189 - [webpage_parser.py:65] - INFO - procotol:https, hostname:baijia.baidu.com, new_link:/s?id=1578393415880796348&wfr=pc&fr=app_lst
2017-09-16 16:10:51,192 - [webpage_parser.py:65] - INFO - procotol:https, hostname:baijia.baidu.com, new_link:/s?id=1577503927301114713&wfr=pc&fr=app_lst
2017-09-16 16:10:51,194 - [webpage_parser.py:65] - INFO - procotol:https, hostname:baijia.baidu.com, new_link:/u?app_id=1536767911508436&wfr=pc&fr=new_top
2017-09-16 16:10:51,196 - [webpage_parser.py:65] - INFO - procotol:https, hostname:baijia.baidu.com, new_link:/s?id=1578393415880796348&wfr=pc&fr=app_lst
2017-09-16 16:10:51,197 - [webpage_parser.py:65] - INFO - procotol:https, hostname:baijia.baidu.com, new_link:/s?id=1577392361177203007&wfr=pc&fr=app_lst
2017-09-16 16:10:51,198 - [webpage_parser.py:65] - INFO - procotol:https, hostname:baijia.baidu.com, new_link:/s?id=1578208807638478293&wfr=pc&fr=new_top
2017-09-16 16:10:51,200 - [webpage_parser.py:65] - INFO - procotol:https, hostname:baijia.baidu.com, new_link:/s?id=1578393415880796348&wfr=pc&fr=app_lst
2017-09-16 16:10:51,201 - [webpage_parser.py:65] - INFO - procotol:https, hostname:baijia.baidu.com, new_link:/s?id=1577392361177203007&wfr=pc&fr=app_lst
2017-09-16 16:10:51,202 - [webpage_parser.py:65] - INFO - procotol:https, hostname:baijia.baidu.com, new_link:/s?id=1578410468853518882&wfr=pc&fr=new_top
2017-09-16 16:10:51,203 - [webpage_parser.py:65] - INFO - procotol:https, hostname:baijia.baidu.com, new_link:/s?id=1578393415880796348&wfr=pc&fr=_lst
2017-09-16 16:10:51,204 - [webpage_parser.py:65] - INFO - procotol:https, hostname:baijia.baidu.com, new_link:/s?id=1577392361177203007&wfr=pc&fr=app_lst
2017-09-16 16:10:51,204 - [webpage_parser.py:65] - INFO - procotol:https, hostname:baijia.baidu.com, new_link:/u?app_id=1536767911508436&wfr=pc&fr=new_top
2017-09-16 16:10:51,205 - [webpage_parser.py:65] - INFO - procotol:https, hostname:baijia.baidu.com, new_link:/s?id=1577392361177203007&wfr=pc&fr=app_lst
2017-09-16 16:10:51,206 - [webpage_parser.py:65] - INFO - procotol:https, hostname:baijia.baidu.com, new_link:/s?id=1578373838877672334&wfr=pc&fr=app_lst
2017-09-16 16:10:51,206 - [webpage_parser.py:65] - INFO - procotol:https, hostname:baijia.baidu.com, new_link:/s?id=1578129331659506891&wfr=pc&fr=new_top
2017-09-16 16:10:51,207 - [webpage_parser.py:65] - INFO - procotol:https, hostname:baijia.baidu.com, new_link:/s?id=1577392361177203007&wfr=pc&fr=_lst
2017-09-16 16:10:51,213 - [webpage_parser.py:65] - INFO - procotol:https, hostname:baijia.baidu.com, new_link:/s?id=1578373838877672334&wfr=pc&fr=app_lst
2017-09-16 16:10:51,215 - [webpage_parser.py:65] - INFO - procotol:https, hostname:baijia.baidu.com, new_link:/u?app_id=1536774014301697&wfr=pc&fr=new_top
2017-09-16 16:10:51,216 - [webpage_parser.py:65] - INFO - procotol:https, hostname:baijia.baidu.com, new_link:/s?id=1577316780909410870&wfr=pc&fr=app_lst
2017-09-16 16:10:51,219 - [webpage_parser.py:65] - INFO - procotol:https, hostname:baijia.baidu.com, new_link:/s?id=1578373838877672334&wfr=pc&fr=app_lst
2017-09-16 16:10:51,221 - [webpage_parser.py:65] - INFO - procotol:https, hostname:baijia.baidu.com, new_link:/s?id=1578374273180822002&wfr=pc&fr=new_top
2017-09-16 16:10:51,223 - [webpage_parser.py:65] - INFO - procotol:https, hostname:baijia.baidu.com, new_link:/s?id=1577316780909410870&wfr=pc&fr=app_lst
2017-09-16 16:10:51,224 - [webpage_parser.py:65] - INFO - procotol:https, hostname:baijia.baidu.com, new_link:/u?app_id=1536766474050767&wfr=pc&fr=new_top
2017-09-16 16:10:51,225 - [webpage_parser.py:65] - INFO - procotol:https, hostname:baijia.baidu.com, new_link:/s?id=1578373838877672334&wfr=pc&fr=app_lst
2017-09-16 16:10:51,225 - [webpage_parser.py:65] - INFO - procotol:https, hostname:baijia.baidu.com, new_link:/s?id=1577311438668887401&wfr=pc&fr=app_lst
2017-09-16 16:10:51,226 - [webpage_parser.py:65] - INFO - procotol:https, hostname:baijia.baidu.com, new_link:/s?id=1578373838877672334&wfr=pc&fr=new_top
2017-09-16 16:10:51,228 - [webpage_parser.py:65] - INFO - procotol:https, hostname:baijia.baidu.com, new_link:/s?id=1578373838877672334&wfr=pc&fr=_lst
2017-09-16 16:10:51,229 - [webpage_parser.py:65] - INFO - procotol:https, hostname:baijia.baidu.com, new_link:/s?id=1577311438668887401&wfr=pc&fr=app_lst
2017-09-16 16:10:51,234 - [webpage_parser.py:65] - INFO - procotol:https, hostname:baijia.baidu.com, new_link:/u?app_id=1536766549127199&wfr=pc&fr=new_top
2017-09-16 16:10:51,240 - [webpage_parser.py:65] - INFO - procotol:https, hostname:baijia.baidu.com, new_link:/s?id=1578335766174276946&wfr=pc&fr=app_lst
2017-09-16 16:10:51,243 - [webpage_parser.py:65] - INFO - procotol:https, hostname:baijia.baidu.com, new_link:/s?id=1577311438668887401&wfr=pc&fr=app_lst
2017-09-16 16:10:51,244 - [webpage_parser.py:65] - INFO - procotol:https, hostname:baijia.baidu.com, new_link:/s?id=1578123833701584481&wfr=pc&fr=new_top
2017-09-16 16:10:51,244 - [webpage_parser.py:65] - INFO - procotol:https, hostname:baijia.baidu.com, new_link:/s?id=1578335766174276946&wfr=pc&fr=app_lst
2017-09-16 16:10:51,245 - [webpage_parser.py:65] - INFO - procotol:https, hostname:baijia.baidu.com, new_link:/s?id=1577311438668887401&wfr=pc&fr=app_lst
2017-09-16 16:10:51,248 - [webpage_parser.py:65] - INFO - procotol:https, hostname:baijia.baidu.com, new_link:/s?id=1578335766174276946&wfr=pc&fr=app_lst
2017-09-16 16:10:51,249 - [webpage_parser.py:65] - INFO - procotol:https, hostname:baijia.baidu.com, new_link:/u?app_id=1536766231434959&wfr=pc&fr=new_top
2017-09-16 16:10:51,251 - [webpage_parser.py:65] - INFO - procotol:https, hostname:baijia.baidu.com, new_link:/s?id=1577311438668887401&wfr=pc&fr=_lst
2017-09-16 16:10:51,252 - [webpage_parser.py:65] - INFO - procotol:https, hostname:baijia.baidu.com, new_link:/s?id=1578335766174276946&wfr=pc&fr=app_lst
2017-09-16 16:10:51,255 - [webpage_parser.py:65] - INFO - procotol:https, hostname:baijia.baidu.com, new_link:/s?id=1578240209069435195&wfr=pc&fr=new_top
2017-09-16 16:10:51,257 - [webpage_parser.py:65] - INFO - procotol:https, hostname:baijia.baidu.com, new_link:/s?id=1577306200254327476&wfr=pc&fr=app_lst
2017-09-16 16:10:51,258 - [webpage_parser.py:65] - INFO - procotol:https, hostname:baijia.baidu.com, new_link:/s?id=1578335766174276946&wfr=pc&fr=_lst
2017-09-16 16:10:51,259 - [webpage_parser.py:65] - INFO - procotol:https, hostname:baijia.baidu.com, new_link:/u?app_id=1536766719453005&wfr=pc&fr=new_top
2017-09-16 16:10:51,259 - [webpage_parser.py:65] - INFO - procotol:https, hostname:baijia.baidu.com, new_link:/s?id=1577306200254327476&wfr=pc&fr=app_lst
2017-09-16 16:10:51,263 - [webpage_parser.py:65] - INFO - procotol:https, hostname:baijia.baidu.com, new_link:/s?id=1578291094532093099&wfr=pc&fr=app_lst
2017-09-16 16:10:51,264 - [webpage_parser.py:65] - INFO - procotol:https, hostname:baijia.baidu.com, new_link:/s?id=1578365804884109727&wfr=pc&fr=new_top
2017-09-16 16:10:51,268 - [webpage_parser.py:65] - INFO - procotol:https, hostname:baijia.baidu.com, new_link:/s?id=1577306200254327476&wfr=pc&fr=app_lst
2017-09-16 16:10:51,270 - [webpage_parser.py:65] - INFO - procotol:https, hostname:baijia.baidu.com, new_link:/s?id=1578291094532093099&wfr=pc&fr=app_lst
2017-09-16 16:10:51,272 - [webpage_parser.py:65] - INFO - procotol:https, hostname:baijia.baidu.com, new_link:/u?app_id=1536768690718780&wfr=pc&fr=new_top
2017-09-16 16:10:51,275 - [webpage_parser.py:65] - INFO - procotol:https, hostname:baijia.baidu.com, new_link:/s?id=1577306200254327476&wfr=pc&fr=app_lst
2017-09-16 16:10:51,276 - [webpage_parser.py:65] - INFO - procotol:https, hostname:baijia.baidu.com, new_link:/s?id=1578291094532093099&wfr=pc&fr=app_lst
2017-09-16 16:10:51,276 - [webpage_parser.py:65] - INFO - procotol:https, hostname:baijia.baidu.com, new_link:/s?id=1578275578438991585&wfr=pc&fr=new_top
2017-09-16 16:10:51,277 - [webpage_parser.py:65] - INFO - procotol:https, hostname:baijia.baidu.com, new_link:/s?id=1577306200254327476&wfr=pc&fr=_lst
2017-09-16 16:10:51,278 - [webpage_parser.py:65] - INFO - procotol:https, hostname:baijia.baidu.com, new_link:/s?id=1578291094532093099&wfr=pc&fr=app_lst
2017-09-16 16:10:51,281 - [webpage_parser.py:65] - INFO - procotol:https, hostname:baijia.baidu.com, new_link:/u?app_id=1536768690718780&wfr=pc&fr=new_top
2017-09-16 16:10:51,284 - [webpage_parser.py:65] - INFO - procotol:https, hostname:baijia.baidu.com, new_link:/s?id=1577238830361096706&wfr=pc&fr=app_lst
2017-09-16 16:10:51,287 - [webpage_parser.py:65] - INFO - procotol:https, hostname:baijia.baidu.com, new_link:/s?id=1578291094532093099&wfr=pc&fr=_lst
2017-09-16 16:10:51,291 - [webpage_parser.py:65] - INFO - procotol:https, hostname:baijia.baidu.com, new_link:/s?id=1578233654535496137&wfr=pc&fr=new_top
2017-09-16 16:10:51,292 - [webpage_parser.py:65] - INFO - procotol:https, hostname:baijia.baidu.com, new_link:/s?id=1577238830361096706&wfr=pc&fr=app_lst
2017-09-16 16:10:51,292 - [webpage_parser.py:65] - INFO - procotol:https, hostname:baijia.baidu.com, new_link:/s?id=1578260083529678969&wfr=pc&fr=app_lst
2017-09-16 16:10:51,293 - [webpage_parser.py:65] - INFO - procotol:https, hostname:baijia.baidu.com, new_link:/u?app_id=1536767517568852&wfr=pc&fr=new_top
2017-09-16 16:10:51,293 - [webpage_parser.py:65] - INFO - procotol:https, hostname:baijia.baidu.com, new_link:/s?id=1577153535467888311&wfr=pc&fr=app_lst
2017-09-16 16:10:51,294 - [webpage_parser.py:65] - INFO - procotol:https, hostname:baijia.baidu.com, new_link:/s?id=1578260083529678969&wfr=pc&fr=app_lst
2017-09-16 16:10:51,296 - [webpage_parser.py:65] - INFO - procotol:https, hostname:baijia.baidu.com, new_link:/u?app_id=1536767517568852&wfr=pc&fr=new_dtl
2017-09-16 16:10:51,298 - [webpage_parser.py:65] - INFO - procotol:https, hostname:baijia.baidu.com, new_link:/s?id=1577153535467888311&wfr=pc&fr=app_lst
2017-09-16 16:10:51,301 - [webpage_parser.py:65] - INFO - procotol:https, hostname:baijia.baidu.com, new_link:/s?id=1578260083529678969&wfr=pc&fr=app_lst
2017-09-16 16:10:51,308 - [webpage_parser.py:65] - INFO - procotol:https, hostname:baijia.baidu.com, new_link:/s?id=1577072362550882322&wfr=pc&fr=app_lst
2017-09-16 16:10:51,310 - [webpage_parser.py:65] - INFO - procotol:https, hostname:baijia.baidu.com, new_link:/s?id=1578260083529678969&wfr=pc&fr=app_lst
2017-09-16 16:10:51,312 - [webpage_parser.py:65] - INFO - procotol:https, hostname:baijia.baidu.com, new_link:/s?id=1577072362550882322&wfr=pc&fr=app_lst
2017-09-16 16:10:51,312 - [webpage_parser.py:65] - INFO - procotol:https, hostname:baijia.baidu.com, new_link:/s?id=1578260083529678969&wfr=pc&fr=_lst
2017-09-16 16:10:51,313 - [webpage_parser.py:65] - INFO - procotol:https, hostname:baijia.baidu.com, new_link:/s?id=1577072362550882322&wfr=pc&fr=app_lst
2017-09-16 16:10:51,314 - [webpage_parser.py:65] - INFO - procotol:https, hostname:baijia.baidu.com, new_link:/s?id=1578213043967282309&wfr=pc&fr=app_lst
2017-09-16 16:10:51,315 - [webpage_saver.py:45] - INFO - url https://baijia.baidu.com/s?id=1578593165078946033&wfr=pc&fr=idx_lst is not match
2017-09-16 16:10:51,318 - [webpage_parser.py:65] - INFO - procotol:https, hostname:baijia.baidu.com, new_link:/s?id=1577072362550882322&wfr=pc&fr=app_lst
2017-09-16 16:10:51,321 - [webpage_parser.py:65] - INFO - procotol:https, hostname:baijia.baidu.com, new_link:/s?id=1578213043967282309&wfr=pc&fr=app_lst
2017-09-16 16:10:51,325 - [webpage_parser.py:65] - INFO - procotol:https, hostname:baijia.baidu.com, new_link:/s?id=1577072362550882322&wfr=pc&fr=_lst
2017-09-16 16:10:51,325 - [webpage_parser.py:65] - INFO - procotol:https, hostname:baijia.baidu.com, new_link:/s?id=1578213043967282309&wfr=pc&fr=app_lst
2017-09-16 16:10:51,326 - [webpage_parser.py:65] - INFO - procotol:https, hostname:baijia.baidu.com, new_link:/s?id=1577069989852507094&wfr=pc&fr=app_lst
2017-09-16 16:10:51,326 - [webpage_parser.py:65] - INFO - procotol:https, hostname:baijia.baidu.com, new_link:/s?id=1578213043967282309&wfr=pc&fr=app_lst
2017-09-16 16:10:51,327 - [webpage_parser.py:65] - INFO - procotol:https, hostname:baijia.baidu.com, new_link:/s?id=1577069989852507094&wfr=pc&fr=app_lst
2017-09-16 16:10:51,328 - [webpage_parser.py:65] - INFO - procotol:https, hostname:baijia.baidu.com, new_link:/s?id=1578213043967282309&wfr=pc&fr=_lst
2017-09-16 16:10:51,329 - [webpage_parser.py:65] - INFO - procotol:https, hostname:baijia.baidu.com, new_link:/s?id=1577069989852507094&wfr=pc&fr=app_lst
2017-09-16 16:10:51,330 - [webpage_parser.py:65] - INFO - procotol:https, hostname:baijia.baidu.com, new_link:/s?id=1578121568994642445&wfr=pc&fr=app_lst
2017-09-16 16:10:51,331 - [webpage_parser.py:65] - INFO - procotol:https, hostname:baijia.baidu.com, new_link:/s?id=1577069989852507094&wfr=pc&fr=app_lst
2017-09-16 16:10:51,334 - [webpage_parser.py:65] - INFO - procotol:https, hostname:baijia.baidu.com, new_link:/s?id=1578121568994642445&wfr=pc&fr=app_lst
2017-09-16 16:10:51,336 - [webpage_parser.py:65] - INFO - procotol:https, hostname:baijia.baidu.com, new_link:/s?id=1577069989852507094&wfr=pc&fr=_lst
2017-09-16 16:10:51,338 - [webpage_parser.py:65] - INFO - procotol:https, hostname:baijia.baidu.com, new_link:/s?id=1578121568994642445&wfr=pc&fr=app_lst
2017-09-16 16:10:51,350 - [webpage_parser.py:65] - INFO - procotol:https, hostname:baijia.baidu.com, new_link:/s?id=1576954372695794038&wfr=pc&fr=app_lst
2017-09-16 16:10:51,354 - [webpage_parser.py:65] - INFO - procotol:https, hostname:baijia.baidu.com, new_link:/s?id=1578121568994642445&wfr=pc&fr=app_lst
2017-09-16 16:10:51,357 - [webpage_parser.py:65] - INFO - procotol:https, hostname:baijia.baidu.com, new_link:/s?id=1576954372695794038&wfr=pc&fr=app_lst
2017-09-16 16:10:51,357 - [webpage_parser.py:65] - INFO - procotol:https, hostname:baijia.baidu.com, new_link:/s?id=1578121568994642445&wfr=pc&fr=_lst
2017-09-16 16:10:51,358 - [webpage_parser.py:65] - INFO - procotol:https, hostname:baijia.baidu.com, new_link:/s?id=1576954372695794038&wfr=pc&fr=app_lst
2017-09-16 16:10:51,360 - [webpage_parser.py:65] - INFO - procotol:https, hostname:baijia.baidu.com, new_link:/s?id=1576954372695794038&wfr=pc&fr=app_lst
2017-09-16 16:10:51,361 - [webpage_parser.py:65] - INFO - procotol:https, hostname:baijia.baidu.com, new_link:/s?id=1576954372695794038&wfr=pc&fr=_lst
2017-09-16 16:10:51,362 - [webpage_parser.py:65] - INFO - procotol:https, hostname:baijia.baidu.com, new_link:/s?id=1578112613651747314&wfr=pc&fr=app_lst
2017-09-16 16:10:51,366 - [webpage_parser.py:65] - INFO - procotol:https, hostname:baijia.baidu.com, new_link:/s?id=1576756500587349375&wfr=pc&fr=app_lst
2017-09-16 16:10:51,367 - [webpage_parser.py:65] - INFO - procotol:https, hostname:baijia.baidu.com, new_link:/s?id=1578112613651747314&wfr=pc&fr=app_lst
2017-09-16 16:10:51,368 - [webpage_parser.py:65] - INFO - procotol:https, hostname:baijia.baidu.com, new_link:/s?id=1576756500587349375&wfr=pc&fr=app_lst
2017-09-16 16:10:51,369 - [webpage_parser.py:65] - INFO - procotol:https, hostname:baijia.baidu.com, new_link:/s?id=1578112613651747314&wfr=pc&fr=app_lst
2017-09-16 16:10:51,372 - [webpage_parser.py:65] - INFO - procotol:https, hostname:baijia.baidu.com, new_link:/s?id=1576756500587349375&wfr=pc&fr=app_lst
2017-09-16 16:10:51,375 - [webpage_parser.py:65] - INFO - procotol:https, hostname:baijia.baidu.com, new_link:/s?id=1578112613651747314&wfr=pc&fr=app_lst
2017-09-16 16:10:51,376 - [webpage_parser.py:65] - INFO - procotol:https, hostname:baijia.baidu.com, new_link:/s?id=1576756500587349375&wfr=pc&fr=app_lst
2017-09-16 16:10:51,377 - [webpage_parser.py:65] - INFO - procotol:https, hostname:baijia.baidu.com, new_link:/s?id=1578112613651747314&wfr=pc&fr=_lst
2017-09-16 16:10:51,377 - [webpage_parser.py:65] - INFO - procotol:https, hostname:baijia.baidu.com, new_link:/s?id=1576756500587349375&wfr=pc&fr=_lst
2017-09-16 16:10:51,381 - [webpage_parser.py:65] - INFO - procotol:https, hostname:baijia.baidu.com, new_link:/s?id=1578031073747038068&wfr=pc&fr=app_lst
2017-09-16 16:10:51,386 - [webpage_parser.py:65] - INFO - procotol:https, hostname:baijia.baidu.com, new_link:/s?id=1578031073747038068&wfr=pc&fr=app_lst
2017-09-16 16:10:51,387 - [webpage_parser.py:65] - INFO - procotol:https, hostname:baijia.baidu.com, new_link:/s?id=1578031073747038068&wfr=pc&fr=app_lst
2017-09-16 16:10:51,388 - [webpage_parser.py:65] - INFO - procotol:https, hostname:baijia.baidu.com, new_link:/s?id=1578031073747038068&wfr=pc&fr=app_lst
2017-09-16 16:10:51,385 - [webpage_saver.py:45] - INFO - url https://baijia.baidu.com/u?app_id=1536766541482661 is not match
2017-09-16 16:10:51,390 - [webpage_parser.py:65] - INFO - procotol:https, hostname:baijia.baidu.com, new_link:/s?id=1578031073747038068&wfr=pc&fr=_lst
2017-09-16 16:10:51,392 - [webpage_parser.py:65] - INFO - procotol:https, hostname:baijia.baidu.com, new_link:/s?id=1577991908078069875&wfr=pc&fr=app_lst
2017-09-16 16:10:51,392 - [webpage_parser.py:65] - INFO - procotol:https, hostname:baijia.baidu.com, new_link:/s?id=1577991908078069875&wfr=pc&fr=app_lst
2017-09-16 16:10:51,392 - [webpage_parser.py:65] - INFO - procotol:https, hostname:baijia.baidu.com, new_link:/s?id=1577991908078069875&wfr=pc&fr=app_lst
2017-09-16 16:10:51,393 - [webpage_parser.py:65] - INFO - procotol:https, hostname:baijia.baidu.com, new_link:/s?id=1577991908078069875&wfr=pc&fr=app_lst
2017-09-16 16:10:51,393 - [webpage_parser.py:65] - INFO - procotol:https, hostname:baijia.baidu.com, new_link:/s?id=1577991908078069875&wfr=pc&fr=_lst
2017-09-16 16:10:51,394 - [webpage_parser.py:65] - INFO - procotol:https, hostname:baijia.baidu.com, new_link:/s?id=1577930520555571703&wfr=pc&fr=app_lst
2017-09-16 16:10:51,395 - [webpage_parser.py:65] - INFO - procotol:https, hostname:baijia.baidu.com, new_link:/s?id=1577930520555571703&wfr=pc&fr=app_lst
2017-09-16 16:10:51,395 - [webpage_parser.py:65] - INFO - procotol:https, hostname:baijia.baidu.com, new_link:/s?id=1577930520555571703&wfr=pc&fr=app_lst
2017-09-16 16:10:51,396 - [webpage_parser.py:65] - INFO - procotol:https, hostname:baijia.baidu.com, new_link:/s?id=1577930520555571703&wfr=pc&fr=app_lst
2017-09-16 16:10:51,396 - [webpage_parser.py:65] - INFO - procotol:https, hostname:baijia.baidu.com, new_link:/s?id=1577930520555571703&wfr=pc&fr=_lst
2017-09-16 16:10:51,397 - [webpage_parser.py:65] - INFO - procotol:https, hostname:baijia.baidu.com, new_link:/s?id=1577841799877011574&wfr=pc&fr=app_lst
2017-09-16 16:10:51,397 - [webpage_parser.py:65] - INFO - procotol:https, hostname:baijia.baidu.com, new_link:/s?id=1577841799877011574&wfr=pc&fr=app_lst
2017-09-16 16:10:51,398 - [webpage_parser.py:65] - INFO - procotol:https, hostname:baijia.baidu.com, new_link:/s?id=1577841799877011574&wfr=pc&fr=app_lst
2017-09-16 16:10:51,398 - [webpage_parser.py:65] - INFO - procotol:https, hostname:baijia.baidu.com, new_link:/s?id=1577841799877011574&wfr=pc&fr=app_lst
2017-09-16 16:10:51,399 - [webpage_parser.py:65] - INFO - procotol:https, hostname:baijia.baidu.com, new_link:/s?id=1577841799877011574&wfr=pc&fr=_lst
2017-09-16 16:10:51,399 - [webpage_parser.py:65] - INFO - procotol:https, hostname:baijia.baidu.com, new_link:/s?id=1577668592745598986&wfr=pc&fr=app_lst
2017-09-16 16:10:51,399 - [webpage_parser.py:65] - INFO - procotol:https, hostname:baijia.baidu.com, new_link:/s?id=1577668592745598986&wfr=pc&fr=app_lst
2017-09-16 16:10:51,400 - [webpage_parser.py:65] - INFO - procotol:https, hostname:baijia.baidu.com, new_link:/s?id=1577668592745598986&wfr=pc&fr=app_lst
2017-09-16 16:10:51,400 - [webpage_parser.py:65] - INFO - procotol:https, hostname:baijia.baidu.com, new_link:/s?id=1577668592745598986&wfr=pc&fr=app_lst
2017-09-16 16:10:51,401 - [webpage_parser.py:65] - INFO - procotol:https, hostname:baijia.baidu.com, new_link:/s?id=1577668592745598986&wfr=pc&fr=_lst
2017-09-16 16:10:51,401 - [webpage_parser.py:65] - INFO - procotol:https, hostname:baijia.baidu.com, new_link:/s?id=1577663814991830239&wfr=pc&fr=app_lst
2017-09-16 16:10:51,402 - [webpage_parser.py:65] - INFO - procotol:https, hostname:baijia.baidu.com, new_link:/s?id=1577663814991830239&wfr=pc&fr=app_lst
2017-09-16 16:10:51,405 - [webpage_parser.py:65] - INFO - procotol:https, hostname:baijia.baidu.com, new_link:/s?id=1577663814991830239&wfr=pc&fr=app_lst
2017-09-16 16:10:51,406 - [webpage_parser.py:65] - INFO - procotol:https, hostname:baijia.baidu.com, new_link:/s?id=1577663814991830239&wfr=pc&fr=app_lst
2017-09-16 16:10:51,407 - [webpage_parser.py:65] - INFO - procotol:https, hostname:baijia.baidu.com, new_link:/s?id=1577663814991830239&wfr=pc&fr=_lst
2017-09-16 16:10:51,407 - [webpage_parser.py:65] - INFO - procotol:https, hostname:baijia.baidu.com, new_link:/s?id=1577663330329891310&wfr=pc&fr=app_lst
2017-09-16 16:10:51,408 - [webpage_parser.py:65] - INFO - procotol:https, hostname:baijia.baidu.com, new_link:/s?id=1577663330329891310&wfr=pc&fr=app_lst
2017-09-16 16:10:51,408 - [webpage_parser.py:65] - INFO - procotol:https, hostname:baijia.baidu.com, new_link:/s?id=1577663330329891310&wfr=pc&fr=app_lst
2017-09-16 16:10:51,409 - [webpage_parser.py:65] - INFO - procotol:https, hostname:baijia.baidu.com, new_link:/s?id=1577663330329891310&wfr=pc&fr=app_lst
2017-09-16 16:10:51,411 - [webpage_parser.py:65] - INFO - procotol:https, hostname:baijia.baidu.com, new_link:/s?id=1577663330329891310&wfr=pc&fr=_lst
2017-09-16 16:10:51,429 - [webpage_saver.py:45] - INFO - url https://baijia.baidu.com/u?app_id=1536766549127199 is not match
2017-09-16 16:11:01,118 - [mini_spider.py:70] - INFO - Starting mini spider
2017-09-16 16:11:03,419 - [connectionpool.py:207] - DEBUG - Starting new HTTP connection (1): www.baidu.com
2017-09-16 16:11:03,434 - [connectionpool.py:395] - DEBUG - http://www.baidu.com:80 "GET / HTTP/1.1" 200 None
2017-09-16 16:11:03,451 - [webpage_saver.py:45] - INFO - url http://www.baidu.com
 is not match
2017-09-16 16:11:10,337 - [webpage_crawler.py:107] - ERROR - url //www.baidu.com/more/ startswith //
2017-09-16 16:11:10,343 - [connectionpool.py:207] - DEBUG - Starting new HTTP connection (1): news.baidu.com
2017-09-16 16:11:10,343 - [connectionpool.py:207] - DEBUG - Starting new HTTP connection (1): map.baidu.com
2017-09-16 16:11:10,356 - [connectionpool.py:207] - DEBUG - Starting new HTTP connection (1): ir.baidu.com
2017-09-16 16:11:10,361 - [connectionpool.py:207] - DEBUG - Starting new HTTP connection (1): www.hao123.com
2017-09-16 16:11:10,361 - [connectionpool.py:207] - DEBUG - Starting new HTTP connection (1): tieba.baidu.com
2017-09-16 16:11:10,363 - [connectionpool.py:207] - DEBUG - Starting new HTTP connection (1): jianyi.baidu.com
2017-09-16 16:11:10,364 - [connectionpool.py:207] - DEBUG - Starting new HTTP connection (1): home.baidu.com
2017-09-16 16:11:10,426 - [connectionpool.py:395] - DEBUG - http://tieba.baidu.com:80 "GET / HTTP/1.1" 302 0
2017-09-16 16:11:10,434 - [connectionpool.py:818] - DEBUG - Starting new HTTPS connection (1): tieba.baidu.com
2017-09-16 16:11:10,436 - [connectionpool.py:395] - DEBUG - http://news.baidu.com:80 "GET / HTTP/1.1" 200 None
2017-09-16 16:11:10,442 - [connectionpool.py:395] - DEBUG - http://jianyi.baidu.com:80 "GET / HTTP/1.1" 302 0
2017-09-16 16:11:10,454 - [connectionpool.py:207] - DEBUG - Starting new HTTP connection (1): help.baidu.com
2017-09-16 16:11:10,494 - [connectionpool.py:395] - DEBUG - http://map.baidu.com:80 "GET / HTTP/1.1" 200 None
2017-09-16 16:11:10,523 - [connectionpool.py:395] - DEBUG - http://www.hao123.com:80 "GET / HTTP/1.1" 200 None
2017-09-16 16:11:10,622 - [webpage_saver.py:45] - INFO - url http://news.baidu.com is not match
2017-09-16 16:11:10,646 - [webpage_saver.py:45] - INFO - url http://map.baidu.com is not match
2017-09-16 16:11:10,868 - [connectionpool.py:395] - DEBUG - http://ir.baidu.com:80 "GET / HTTP/1.1" 302 749
2017-09-16 16:11:10,874 - [connectionpool.py:395] - DEBUG - http://home.baidu.com:80 "GET / HTTP/1.1" 200 None
2017-09-16 16:11:10,952 - [connectionpool.py:395] - DEBUG - http://help.baidu.com:80 "GET / HTTP/1.1" 200 None
2017-09-16 16:11:11,013 - [connectionpool.py:395] - DEBUG - http://ir.baidu.com:80 "GET /phoenix.zhtml?c=188488&p=irol-irhome HTTP/1.1" 200 4210
2017-09-16 16:11:11,242 - [webpage_saver.py:45] - INFO - url http://ir.baidu.com is not match
2017-09-16 16:11:11,246 - [webpage_saver.py:45] - INFO - url http://home.baidu.com is not match
2017-09-16 16:11:11,249 - [webpage_saver.py:45] - INFO - url http://jianyi.baidu.com/ is not match
2017-09-16 16:11:11,253 - [webpage_saver.py:45] - INFO - url http://www.hao123.com is not match
2017-09-16 16:11:11,449 - [connectionpool.py:395] - DEBUG - https://tieba.baidu.com:443 "GET /index.html HTTP/1.1" 200 None
2017-09-16 16:11:11,769 - [webpage_saver.py:45] - INFO - url http://tieba.baidu.com is not match
2017-09-16 16:13:18,654 - [connectionpool.py:207] - DEBUG - Starting new HTTP connection (1): v.baidu.com
2017-09-16 16:13:18,656 - [connectionpool.py:207] - DEBUG - Starting new HTTP connection (1): www.baidu.com
2017-09-16 16:13:18,660 - [connectionpool.py:207] - DEBUG - Starting new HTTP connection (1): news.china.com
2017-09-16 16:13:18,660 - [connectionpool.py:818] - DEBUG - Starting new HTTPS connection (1): www.baidu.com
2017-09-16 16:13:18,664 - [connectionpool.py:207] - DEBUG - Starting new HTTP connection (1): map.baidu.com
2017-09-16 16:13:18,664 - [connectionpool.py:207] - DEBUG - Starting new HTTP connection (1): v.baidu.com
2017-09-16 16:13:18,665 - [connectionpool.py:818] - DEBUG - Starting new HTTPS connection (1): baijia.baidu.com
2017-09-16 16:13:18,665 - [connectionpool.py:207] - DEBUG - Starting new HTTP connection (1): www.baidu.com
2017-09-16 16:13:19,118 - [connectionpool.py:395] - DEBUG - http://www.baidu.com:80 "GET /duty/ HTTP/1.1" 200 2451
2017-09-16 16:13:19,133 - [webpage_saver.py:45] - INFO - url http://www.baidu.com/duty/ is not match
2017-09-16 16:13:19,447 - [connectionpool.py:395] - DEBUG - http://v.baidu.com:80 "GET / HTTP/1.1" 200 None
2017-09-16 16:13:19,665 - [connectionpool.py:395] - DEBUG - http://news.china.com:80 "GET /domestic/945/20170916/31425893.html HTTP/1.1" 200 12587
2017-09-16 16:13:19,695 - [connectionpool.py:395] - DEBUG - http://www.baidu.com:80 "GET /bdorz/login.gif?login&tpl=mn&u=http%3A%2F%2Fwww.baidu.com%2f%3fbdorz_come%3d1 HTTP/1.1" 302 161
2017-09-16 16:13:19,740 - [connectionpool.py:818] - DEBUG - Starting new HTTPS connection (1): passport.baidu.com
2017-09-16 16:13:19,776 - [connectionpool.py:395] - DEBUG - http://map.baidu.com:80 "GET / HTTP/1.1" 200 None
2017-09-16 16:13:19,794 - [connectionpool.py:395] - DEBUG - https://www.baidu.com:443 "GET /s?wd=%E6%9C%80%E4%B8%8D%E5%A5%BD%E5%AE%A2%E5%9B%BD%E5%AE%B6%E6%8E%92%E8%A1%8C HTTP/1.1" 200 227
2017-09-16 16:13:19,884 - [webpage_saver.py:45] - INFO - url https://www.baidu.com/s?wd=%E6%9C%80%E4%B8%8D%E5%A5%BD%E5%AE%A2%E5%9B%BD%E5%AE%B6%E6%8E%92%E8%A1%8C is not match
2017-09-16 16:13:19,963 - [webpage_saver.py:45] - INFO - url http://map.baidu.com/ is not match
2017-09-16 16:13:19,989 - [connectionpool.py:395] - DEBUG - https://baijia.baidu.com:443 "GET /u?app_id=1536767517568852 HTTP/1.1" 200 None
2017-09-16 16:13:20,100 - [connectionpool.py:395] - DEBUG - http://v.baidu.com:80 "GET / HTTP/1.1" 200 None
2017-09-16 16:13:20,328 - [connectionpool.py:395] - DEBUG - https://passport.baidu.com:443 "GET /v2/?login&tpl=mn&u=http%3A%2F%2Fwww.baidu.com%2f%3fbdorz_come%3d1 HTTP/1.1" 200 None
2017-09-16 16:13:20,845 - [webpage_saver.py:45] - INFO - url http://www.baidu.com/bdorz/login.gif?login&tpl=mn&u=http%3A%2F%2Fwww.baidu.com%2f%3fbdorz_come%3d1 is not match
2017-09-16 16:13:21,553 - [webpage_saver.py:45] - INFO - url https://baijia.baidu.com/u?app_id=1536767517568852 is not match
2017-09-16 16:13:21,618 - [webpage_saver.py:45] - INFO - url http://v.baidu.com/ is not match
2017-09-16 16:13:21,727 - [webpage_saver.py:45] - INFO - url http://v.baidu.com is not match
2017-09-16 16:14:23,373 - [connectionpool.py:207] - DEBUG - Starting new HTTP connection (1): news.ifeng.com
2017-09-16 16:14:23,374 - [connectionpool.py:207] - DEBUG - Starting new HTTP connection (1): world.huanqiu.com
2017-09-16 16:14:23,381 - [connectionpool.py:818] - DEBUG - Starting new HTTPS connection (1): baijia.baidu.com
2017-09-16 16:14:23,383 - [connectionpool.py:207] - DEBUG - Starting new HTTP connection (1): xinwen.eastday.com
2017-09-16 16:14:23,384 - [connectionpool.py:818] - DEBUG - Starting new HTTPS connection (1): www.baidu.com
2017-09-16 16:14:23,387 - [connectionpool.py:207] - DEBUG - Starting new HTTP connection (1): tousu.baidu.com
2017-09-16 16:14:23,387 - [connectionpool.py:818] - DEBUG - Starting new HTTPS connection (1): baijia.baidu.com
2017-09-16 16:14:23,389 - [connectionpool.py:207] - DEBUG - Starting new HTTP connection (1): www.baidu.com
2017-09-16 16:14:23,811 - [connectionpool.py:395] - DEBUG - http://news.ifeng.com:80 "GET /a/20170916/52017745_0.shtml?_zbs_baidu_news HTTP/1.1" 200 None
2017-09-16 16:14:24,070 - [webpage_saver.py:45] - INFO - url http://news.ifeng.com/a/20170916/52017745_0.shtml?_zbs_baidu_news is not match
2017-09-16 16:14:24,245 - [connectionpool.py:395] - DEBUG - http://world.huanqiu.com:80 "GET /article/2017-09/11253500.html?from=bdwz HTTP/1.1" 200 7890
2017-09-16 16:14:24,355 - [webpage_saver.py:45] - INFO - url http://world.huanqiu.com/article/2017-09/11253500.html?from=bdwz is not match
2017-09-16 16:14:24,559 - [connectionpool.py:395] - DEBUG - https://baijia.baidu.com:443 "GET /s?id=1578504898616167009 HTTP/1.1" 200 None
2017-09-16 16:14:24,659 - [webpage_saver.py:45] - INFO - url https://baijia.baidu.com/s?id=1578504898616167009 is not match
2017-09-16 16:14:24,669 - [connectionpool.py:395] - DEBUG - http://xinwen.eastday.com:80 "GET /a/xjump.html?id=n170916084846365 HTTP/1.1" 200 3162
2017-09-16 16:14:24,677 - [connectionpool.py:395] - DEBUG - http://tousu.baidu.com:80 "GET /news/add HTTP/1.1" 302 None
2017-09-16 16:14:24,691 - [connectionpool.py:395] - DEBUG - http://www.baidu.com:80 "GET /search/rss.html HTTP/1.1" 200 10478
2017-09-16 16:14:24,692 - [webpage_saver.py:45] - INFO - url http://xinwen.eastday.com/a/xjump.html?id=n170916084846365 is not match
2017-09-16 16:14:24,705 - [connectionpool.py:207] - DEBUG - Starting new HTTP connection (1): help.baidu.com
2017-09-16 16:14:24,903 - [connectionpool.py:395] - DEBUG - https://www.baidu.com:443 "GET / HTTP/1.1" 200 None
2017-09-16 16:14:24,961 - [connectionpool.py:395] - DEBUG - http://help.baidu.com:80 "GET /news/add HTTP/1.1" 200 None
2017-09-16 16:14:24,979 - [webpage_saver.py:45] - INFO - url https://www.baidu.com/ is not match
2017-09-16 16:14:25,032 - [connectionpool.py:395] - DEBUG - https://baijia.baidu.com:443 "GET /s?id=1578577505038446664 HTTP/1.1" 200 None
2017-09-16 16:14:25,109 - [webpage_saver.py:45] - INFO - url http://tousu.baidu.com/news/add is not match
2017-09-16 16:14:25,203 - [webpage_saver.py:45] - INFO - url https://baijia.baidu.com/s?id=1578577505038446664 is not match
2017-09-16 16:14:32,446 - [mini_spider.py:70] - INFO - Starting mini spider
2017-09-16 16:14:34,181 - [webpage_crawler.py:104] - INFO - url:http://www.baidu.com
,level:0
2017-09-16 16:14:34,198 - [connectionpool.py:207] - DEBUG - Starting new HTTP connection (1): www.baidu.com
2017-09-16 16:14:34,214 - [connectionpool.py:395] - DEBUG - http://www.baidu.com:80 "GET / HTTP/1.1" 200 None
2017-09-16 16:14:41,735 - [webpage_crawler.py:104] - INFO - url://www.baidu.com/more/,level:1
2017-09-16 16:14:41,736 - [webpage_crawler.py:104] - INFO - url:http://www.hao123.com,level:1
2017-09-16 16:14:41,736 - [webpage_crawler.py:104] - INFO - url:http://home.baidu.com,level:1
2017-09-16 16:14:41,736 - [webpage_crawler.py:104] - INFO - url:http://jianyi.baidu.com/,level:1
2017-09-16 16:14:41,737 - [webpage_crawler.py:104] - INFO - url:http://tieba.baidu.com,level:1
2017-09-16 16:14:41,737 - [webpage_crawler.py:107] - ERROR - url //www.baidu.com/more/ startswith //
2017-09-16 16:14:41,738 - [webpage_crawler.py:104] - INFO - url:http://ir.baidu.com,level:1
2017-09-16 16:14:41,738 - [webpage_crawler.py:104] - INFO - url:http://news.baidu.com,level:1
2017-09-16 16:14:41,738 - [webpage_crawler.py:104] - INFO - url:http://map.baidu.com,level:1
2017-09-16 16:14:41,743 - [connectionpool.py:207] - DEBUG - Starting new HTTP connection (1): www.hao123.com
2017-09-16 16:14:41,751 - [connectionpool.py:207] - DEBUG - Starting new HTTP connection (1): home.baidu.com
2017-09-16 16:14:41,764 - [connectionpool.py:207] - DEBUG - Starting new HTTP connection (1): ir.baidu.com
2017-09-16 16:14:41,765 - [connectionpool.py:207] - DEBUG - Starting new HTTP connection (1): tieba.baidu.com
2017-09-16 16:14:41,768 - [connectionpool.py:207] - DEBUG - Starting new HTTP connection (1): map.baidu.com
2017-09-16 16:14:41,769 - [connectionpool.py:207] - DEBUG - Starting new HTTP connection (1): jianyi.baidu.com
2017-09-16 16:14:41,770 - [connectionpool.py:207] - DEBUG - Starting new HTTP connection (1): news.baidu.com
2017-09-16 16:14:42,231 - [connectionpool.py:395] - DEBUG - http://home.baidu.com:80 "GET / HTTP/1.1" 200 None
2017-09-16 16:14:42,379 - [connectionpool.py:395] - DEBUG - http://www.hao123.com:80 "GET / HTTP/1.1" 200 None
2017-09-16 16:14:42,629 - [connectionpool.py:395] - DEBUG - http://tieba.baidu.com:80 "GET / HTTP/1.1" 302 0
2017-09-16 16:14:42,636 - [connectionpool.py:395] - DEBUG - http://jianyi.baidu.com:80 "GET / HTTP/1.1" 302 0
2017-09-16 16:14:42,644 - [connectionpool.py:207] - DEBUG - Starting new HTTP connection (1): help.baidu.com
2017-09-16 16:14:42,645 - [connectionpool.py:818] - DEBUG - Starting new HTTPS connection (1): tieba.baidu.com
2017-09-16 16:14:42,687 - [connectionpool.py:395] - DEBUG - http://news.baidu.com:80 "GET / HTTP/1.1" 200 None
2017-09-16 16:14:42,726 - [connectionpool.py:395] - DEBUG - http://map.baidu.com:80 "GET / HTTP/1.1" 200 None
2017-09-16 16:14:42,728 - [connectionpool.py:395] - DEBUG - http://help.baidu.com:80 "GET / HTTP/1.1" 200 None
2017-09-16 16:14:42,740 - [connectionpool.py:395] - DEBUG - http://ir.baidu.com:80 "GET / HTTP/1.1" 302 749
2017-09-16 16:14:43,053 - [connectionpool.py:395] - DEBUG - https://tieba.baidu.com:443 "GET /index.html HTTP/1.1" 200 None
2017-09-16 16:14:43,426 - [connectionpool.py:395] - DEBUG - http://ir.baidu.com:80 "GET /phoenix.zhtml?c=188488&p=irol-irhome HTTP/1.1" 200 4210
2017-09-16 16:15:55,700 - [mini_spider.py:70] - INFO - Starting mini spider
2017-09-16 16:15:58,478 - [webpage_crawler.py:104] - INFO - url:http://www.baidu.com
,level:0
2017-09-16 16:15:58,491 - [connectionpool.py:207] - DEBUG - Starting new HTTP connection (1): www.baidu.com
2017-09-16 16:15:58,884 - [connectionpool.py:395] - DEBUG - http://www.baidu.com:80 "GET / HTTP/1.1" 200 None
2017-09-16 16:16:03,353 - [webpage_crawler.py:104] - INFO - url:http://map.baidu.com,level:1
2017-09-16 16:16:03,355 - [webpage_crawler.py:104] - INFO - url:http://home.baidu.com,level:1
2017-09-16 16:16:03,356 - [webpage_crawler.py:104] - INFO - url:http://tieba.baidu.com,level:1
2017-09-16 16:16:03,366 - [webpage_crawler.py:104] - INFO - url://www.baidu.com/more/,level:1
2017-09-16 16:16:03,375 - [webpage_crawler.py:104] - INFO - url:http://www.hao123.com,level:1
2017-09-16 16:16:03,375 - [webpage_crawler.py:104] - INFO - url:http://jianyi.baidu.com/,level:1
2017-09-16 16:16:03,378 - [webpage_crawler.py:104] - INFO - url:http://news.baidu.com,level:1
2017-09-16 16:16:03,378 - [webpage_crawler.py:107] - ERROR - url //www.baidu.com/more/ startswith //
2017-09-16 16:16:03,378 - [webpage_crawler.py:104] - INFO - url:http://ir.baidu.com,level:1
2017-09-16 16:16:03,379 - [connectionpool.py:207] - DEBUG - Starting new HTTP connection (1): tieba.baidu.com
2017-09-16 16:16:03,382 - [connectionpool.py:207] - DEBUG - Starting new HTTP connection (1): map.baidu.com
2017-09-16 16:16:03,387 - [connectionpool.py:207] - DEBUG - Starting new HTTP connection (1): home.baidu.com
2017-09-16 16:16:03,394 - [connectionpool.py:207] - DEBUG - Starting new HTTP connection (1): www.hao123.com
2017-09-16 16:16:03,395 - [connectionpool.py:207] - DEBUG - Starting new HTTP connection (1): jianyi.baidu.com
2017-09-16 16:16:03,396 - [connectionpool.py:207] - DEBUG - Starting new HTTP connection (1): news.baidu.com
2017-09-16 16:16:03,403 - [connectionpool.py:207] - DEBUG - Starting new HTTP connection (1): ir.baidu.com
2017-09-16 16:16:03,434 - [connectionpool.py:395] - DEBUG - http://tieba.baidu.com:80 "GET / HTTP/1.1" 302 0
2017-09-16 16:16:03,449 - [connectionpool.py:818] - DEBUG - Starting new HTTPS connection (1): tieba.baidu.com
2017-09-16 16:16:03,839 - [connectionpool.py:395] - DEBUG - http://jianyi.baidu.com:80 "GET / HTTP/1.1" 302 0
2017-09-16 16:16:03,847 - [connectionpool.py:395] - DEBUG - http://home.baidu.com:80 "GET / HTTP/1.1" 200 None
2017-09-16 16:16:03,854 - [connectionpool.py:207] - DEBUG - Starting new HTTP connection (1): help.baidu.com
2017-09-16 16:16:03,913 - [connectionpool.py:395] - DEBUG - http://news.baidu.com:80 "GET / HTTP/1.1" 200 None
2017-09-16 16:16:03,949 - [connectionpool.py:395] - DEBUG - http://map.baidu.com:80 "GET / HTTP/1.1" 200 None
2017-09-16 16:16:03,967 - [connectionpool.py:395] - DEBUG - http://www.hao123.com:80 "GET / HTTP/1.1" 200 None
2017-09-16 16:16:04,056 - [connectionpool.py:395] - DEBUG - http://help.baidu.com:80 "GET / HTTP/1.1" 200 None
2017-09-16 16:16:04,375 - [connectionpool.py:395] - DEBUG - http://ir.baidu.com:80 "GET / HTTP/1.1" 302 749
2017-09-16 16:16:04,409 - [connectionpool.py:395] - DEBUG - https://tieba.baidu.com:443 "GET /index.html HTTP/1.1" 200 None
2017-09-16 16:16:04,574 - [connectionpool.py:395] - DEBUG - http://ir.baidu.com:80 "GET /phoenix.zhtml?c=188488&p=irol-irhome HTTP/1.1" 200 4210
2017-09-16 16:17:17,051 - [mini_spider.py:70] - INFO - Starting mini spider
2017-09-16 16:17:18,987 - [webpage_crawler.py:104] - INFO - url:http://www.baidu.com
,level:0
2017-09-16 16:17:19,000 - [connectionpool.py:207] - DEBUG - Starting new HTTP connection (1): www.baidu.com
2017-09-16 16:17:19,019 - [connectionpool.py:395] - DEBUG - http://www.baidu.com:80 "GET / HTTP/1.1" 200 None
2017-09-16 16:17:24,144 - [webpage_crawler.py:104] - INFO - url://www.baidu.com/more/,level:1
2017-09-16 16:17:24,145 - [webpage_crawler.py:104] - INFO - url:http://tieba.baidu.com,level:1
2017-09-16 16:17:24,146 - [webpage_crawler.py:104] - INFO - url:http://news.baidu.com,level:1
2017-09-16 16:17:24,146 - [webpage_crawler.py:104] - INFO - url:http://jianyi.baidu.com/,level:1
2017-09-16 16:17:24,147 - [webpage_crawler.py:104] - INFO - url:http://www.hao123.com,level:1
2017-09-16 16:17:24,148 - [webpage_crawler.py:107] - ERROR - url //www.baidu.com/more/ startswith //
2017-09-16 16:17:24,157 - [webpage_crawler.py:104] - INFO - url:http://ir.baidu.com,level:1
2017-09-16 16:17:24,157 - [webpage_crawler.py:104] - INFO - url:http://map.baidu.com,level:1
2017-09-16 16:17:24,157 - [webpage_crawler.py:104] - INFO - url:http://home.baidu.com,level:1
2017-09-16 16:17:24,160 - [connectionpool.py:207] - DEBUG - Starting new HTTP connection (1): tieba.baidu.com
2017-09-16 16:17:24,168 - [connectionpool.py:207] - DEBUG - Starting new HTTP connection (1): news.baidu.com
2017-09-16 16:17:24,172 - [connectionpool.py:207] - DEBUG - Starting new HTTP connection (1): www.hao123.com
2017-09-16 16:17:24,178 - [connectionpool.py:207] - DEBUG - Starting new HTTP connection (1): jianyi.baidu.com
2017-09-16 16:17:24,179 - [connectionpool.py:207] - DEBUG - Starting new HTTP connection (1): ir.baidu.com
2017-09-16 16:17:24,189 - [connectionpool.py:207] - DEBUG - Starting new HTTP connection (1): map.baidu.com
2017-09-16 16:17:24,190 - [connectionpool.py:207] - DEBUG - Starting new HTTP connection (1): home.baidu.com
2017-09-16 16:17:24,235 - [connectionpool.py:395] - DEBUG - http://tieba.baidu.com:80 "GET / HTTP/1.1" 302 0
2017-09-16 16:17:24,246 - [connectionpool.py:818] - DEBUG - Starting new HTTPS connection (1): tieba.baidu.com
2017-09-16 16:17:24,266 - [connectionpool.py:395] - DEBUG - http://news.baidu.com:80 "GET / HTTP/1.1" 200 None
2017-09-16 16:17:24,653 - [connectionpool.py:395] - DEBUG - http://jianyi.baidu.com:80 "GET / HTTP/1.1" 302 0
2017-09-16 16:17:24,660 - [connectionpool.py:207] - DEBUG - Starting new HTTP connection (1): help.baidu.com
2017-09-16 16:17:24,661 - [connectionpool.py:395] - DEBUG - http://home.baidu.com:80 "GET / HTTP/1.1" 200 None
2017-09-16 16:17:24,739 - [connectionpool.py:395] - DEBUG - http://www.hao123.com:80 "GET / HTTP/1.1" 200 None
2017-09-16 16:17:24,770 - [connectionpool.py:395] - DEBUG - http://map.baidu.com:80 "GET / HTTP/1.1" 200 None
2017-09-16 16:17:24,771 - [connectionpool.py:395] - DEBUG - http://help.baidu.com:80 "GET / HTTP/1.1" 200 None
2017-09-16 16:17:25,149 - [connectionpool.py:395] - DEBUG - https://tieba.baidu.com:443 "GET /index.html HTTP/1.1" 200 None
2017-09-16 16:17:25,150 - [connectionpool.py:395] - DEBUG - http://ir.baidu.com:80 "GET / HTTP/1.1" 302 749
2017-09-16 16:17:25,384 - [connectionpool.py:395] - DEBUG - http://ir.baidu.com:80 "GET /phoenix.zhtml?c=188488&p=irol-irhome HTTP/1.1" 200 4211
2017-09-16 16:31:26,603 - [mini_spider.py:70] - INFO - Starting mini spider
2017-09-16 16:31:29,250 - [webpage_crawler.py:104] - INFO - url:http://www.baidu.com
,level:0
2017-09-16 16:31:29,268 - [connectionpool.py:207] - DEBUG - Starting new HTTP connection (1): www.baidu.com
2017-09-16 16:31:29,701 - [connectionpool.py:395] - DEBUG - http://www.baidu.com:80 "GET / HTTP/1.1" 200 None
2017-09-16 16:32:01,922 - [mini_spider.py:70] - INFO - Starting mini spider
2017-09-16 16:32:14,232 - [webpage_crawler.py:104] - INFO - url:http://www.baidu.com
,level:0
2017-09-16 16:32:14,242 - [connectionpool.py:207] - DEBUG - Starting new HTTP connection (1): www.baidu.com
2017-09-16 16:32:14,259 - [connectionpool.py:395] - DEBUG - http://www.baidu.com:80 "GET / HTTP/1.1" 200 None
2017-09-16 16:34:51,978 - [mini_spider.py:70] - INFO - Starting mini spider
2017-09-16 16:34:53,270 - [webpage_crawler.py:104] - INFO - url:http://www.baidu.com
,level:0
2017-09-16 16:34:53,281 - [connectionpool.py:207] - DEBUG - Starting new HTTP connection (1): www.baidu.com
2017-09-16 16:34:53,301 - [connectionpool.py:395] - DEBUG - http://www.baidu.com:80 "GET / HTTP/1.1" 200 None
2017-09-16 16:35:31,985 - [mini_spider.py:70] - INFO - Starting mini spider
2017-09-16 16:35:33,020 - [webpage_crawler.py:104] - INFO - url:http://www.baidu.com
,level:0
2017-09-16 16:35:33,037 - [connectionpool.py:207] - DEBUG - Starting new HTTP connection (1): www.baidu.com
2017-09-16 16:35:33,051 - [connectionpool.py:395] - DEBUG - http://www.baidu.com:80 "GET / HTTP/1.1" 200 None
2017-09-16 16:36:16,359 - [mini_spider.py:70] - INFO - Starting mini spider
2017-09-16 16:36:18,166 - [webpage_crawler.py:104] - INFO - url:http://www.baidu.com
,level:0
2017-09-16 16:36:18,179 - [connectionpool.py:207] - DEBUG - Starting new HTTP connection (1): www.baidu.com
2017-09-16 16:36:18,201 - [connectionpool.py:395] - DEBUG - http://www.baidu.com:80 "GET / HTTP/1.1" 200 None
2017-09-16 16:36:31,736 - [webpage_crawler.py:104] - INFO - url:http://map.baidu.com,level:1
2017-09-16 16:36:31,737 - [webpage_crawler.py:104] - INFO - url:http://v.baidu.com,level:1
2017-09-16 16:36:31,742 - [webpage_crawler.py:104] - INFO - url:http://jianyi.baidu.com/,level:1
2017-09-16 16:36:31,746 - [webpage_crawler.py:104] - INFO - url:http://www.hao123.com,level:1
2017-09-16 16:36:31,750 - [webpage_crawler.py:104] - INFO - url:http://home.baidu.com,level:1
2017-09-16 16:36:31,757 - [connectionpool.py:207] - DEBUG - Starting new HTTP connection (1): jianyi.baidu.com
2017-09-16 16:36:31,759 - [webpage_crawler.py:104] - INFO - url:http://ir.baidu.com,level:1
2017-09-16 16:36:31,760 - [webpage_crawler.py:104] - INFO - url:http://news.baidu.com,level:1
2017-09-16 16:36:31,761 - [connectionpool.py:207] - DEBUG - Starting new HTTP connection (1): v.baidu.com
2017-09-16 16:36:31,761 - [webpage_crawler.py:104] - INFO - url:http://tieba.baidu.com,level:1
2017-09-16 16:36:31,768 - [connectionpool.py:207] - DEBUG - Starting new HTTP connection (1): map.baidu.com
2017-09-16 16:36:31,770 - [connectionpool.py:207] - DEBUG - Starting new HTTP connection (1): home.baidu.com
2017-09-16 16:36:31,772 - [connectionpool.py:207] - DEBUG - Starting new HTTP connection (1): www.hao123.com
2017-09-16 16:36:31,777 - [connectionpool.py:207] - DEBUG - Starting new HTTP connection (1): ir.baidu.com
2017-09-16 16:36:31,783 - [connectionpool.py:207] - DEBUG - Starting new HTTP connection (1): news.baidu.com
2017-09-16 16:36:31,786 - [connectionpool.py:207] - DEBUG - Starting new HTTP connection (1): tieba.baidu.com
2017-09-16 16:36:32,205 - [connectionpool.py:395] - DEBUG - http://jianyi.baidu.com:80 "GET / HTTP/1.1" 302 0
2017-09-16 16:36:32,211 - [connectionpool.py:207] - DEBUG - Starting new HTTP connection (1): help.baidu.com
2017-09-16 16:36:32,314 - [connectionpool.py:395] - DEBUG - http://map.baidu.com:80 "GET / HTTP/1.1" 200 None
2017-09-16 16:36:32,509 - [connectionpool.py:395] - DEBUG - http://v.baidu.com:80 "GET / HTTP/1.1" 200 None
2017-09-16 16:36:32,713 - [connectionpool.py:395] - DEBUG - http://home.baidu.com:80 "GET / HTTP/1.1" 200 None
2017-09-16 16:36:32,769 - [connectionpool.py:395] - DEBUG - http://www.hao123.com:80 "GET / HTTP/1.1" 200 None
2017-09-16 16:36:33,524 - [connectionpool.py:395] - DEBUG - http://news.baidu.com:80 "GET / HTTP/1.1" 200 None
2017-09-16 16:36:33,541 - [connectionpool.py:395] - DEBUG - http://tieba.baidu.com:80 "GET / HTTP/1.1" 302 0
2017-09-16 16:36:33,542 - [connectionpool.py:395] - DEBUG - http://ir.baidu.com:80 "GET / HTTP/1.1" 302 749
2017-09-16 16:36:33,561 - [connectionpool.py:818] - DEBUG - Starting new HTTPS connection (1): tieba.baidu.com
2017-09-16 16:36:33,627 - [connectionpool.py:395] - DEBUG - http://help.baidu.com:80 "GET / HTTP/1.1" 200 None
2017-09-16 16:36:33,970 - [connectionpool.py:395] - DEBUG - http://ir.baidu.com:80 "GET /phoenix.zhtml?c=188488&p=irol-irhome HTTP/1.1" 200 4211
2017-09-16 16:36:34,128 - [connectionpool.py:395] - DEBUG - https://tieba.baidu.com:443 "GET /index.html HTTP/1.1" 200 None
2017-09-16 16:37:05,294 - [webpage_crawler.py:104] - INFO - url:http://www.baidu.com/duty/,level:1
2017-09-16 16:37:05,301 - [connectionpool.py:207] - DEBUG - Starting new HTTP connection (1): www.baidu.com
2017-09-16 16:37:05,310 - [webpage_crawler.py:104] - INFO - url:http://www.baidu.com/bdorz/login.gif?login&tpl=mn&u=http%3A%2F%2Fwww.baidu.com%2f%3fbdorz_come%3d1,level:1
2017-09-16 16:37:05,323 - [connectionpool.py:395] - DEBUG - http://www.baidu.com:80 "GET /duty/ HTTP/1.1" 200 2451
2017-09-16 16:37:05,327 - [connectionpool.py:207] - DEBUG - Starting new HTTP connection (1): www.baidu.com
2017-09-16 16:37:05,370 - [connectionpool.py:395] - DEBUG - http://www.baidu.com:80 "GET /bdorz/login.gif?login&tpl=mn&u=http%3A%2F%2Fwww.baidu.com%2f%3fbdorz_come%3d1 HTTP/1.1" 302 161
2017-09-16 16:37:05,387 - [connectionpool.py:818] - DEBUG - Starting new HTTPS connection (1): passport.baidu.com
2017-09-16 16:37:05,940 - [connectionpool.py:395] - DEBUG - https://passport.baidu.com:443 "GET /v2/?login&tpl=mn&u=http%3A%2F%2Fwww.baidu.com%2f%3fbdorz_come%3d1 HTTP/1.1" 200 None
2017-09-16 16:37:06,961 - [webpage_crawler.py:104] - INFO - url:http://www.baidu.com/more/,level:1
2017-09-16 16:37:06,966 - [connectionpool.py:207] - DEBUG - Starting new HTTP connection (1): www.baidu.com
2017-09-16 16:37:06,984 - [connectionpool.py:395] - DEBUG - http://www.baidu.com:80 "GET /more/ HTTP/1.1" 200 11633
2017-09-16 16:37:08,143 - [webpage_crawler.py:104] - INFO - url:http://v.baidu.com/comic/17218.htm?frp=browse,level:2
2017-09-16 16:37:08,149 - [connectionpool.py:207] - DEBUG - Starting new HTTP connection (1): v.baidu.com
2017-09-16 16:37:08,228 - [connectionpool.py:395] - DEBUG - http://v.baidu.com:80 "GET /comic/17218.htm?frp=browse HTTP/1.1" 200 None
2017-09-16 16:37:27,877 - [webpage_crawler.py:104] - INFO - url:http://baishi.baidu.com/watch/5588332353240657179.html,level:2
2017-09-16 16:37:27,882 - [connectionpool.py:207] - DEBUG - Starting new HTTP connection (1): baishi.baidu.com
2017-09-16 16:37:27,890 - [webpage_crawler.py:104] - INFO - url:http://baishi.baidu.com/watch/08400668201127307334.html,level:2
2017-09-16 16:37:27,891 - [webpage_crawler.py:104] - INFO - url:http://baishi.baidu.com/watch/4599827730776907701.html,level:2
2017-09-16 16:37:27,895 - [connectionpool.py:207] - DEBUG - Starting new HTTP connection (1): baishi.baidu.com
2017-09-16 16:37:27,898 - [connectionpool.py:207] - DEBUG - Starting new HTTP connection (1): baishi.baidu.com
2017-09-16 16:37:27,899 - [webpage_crawler.py:104] - INFO - url:http://v.baidu.com/eduindex/,level:2
2017-09-16 16:37:27,900 - [webpage_crawler.py:104] - INFO - url:http://v.baidu.com/tv/26778.htm?frp=browse,level:2
2017-09-16 16:37:27,905 - [connectionpool.py:207] - DEBUG - Starting new HTTP connection (1): v.baidu.com
2017-09-16 16:37:27,906 - [connectionpool.py:207] - DEBUG - Starting new HTTP connection (1): v.baidu.com
2017-09-16 16:37:27,907 - [webpage_crawler.py:104] - INFO - url:http://v.baidu.com/movie/list/filter-true+type-%E5%8A%A8%E4%BD%9C+order-hot+pn-1+channel-movie,level:2
2017-09-16 16:37:27,911 - [connectionpool.py:207] - DEBUG - Starting new HTTP connection (1): v.baidu.com
2017-09-16 16:37:27,919 - [webpage_crawler.py:104] - INFO - url:http://v.baidu.com/show/20734.htm?frp=browse,level:2
2017-09-16 16:37:27,920 - [webpage_crawler.py:104] - INFO - url:http://v.qq.com/,level:2
2017-09-16 16:37:27,922 - [connectionpool.py:207] - DEBUG - Starting new HTTP connection (1): v.baidu.com
2017-09-16 16:37:27,926 - [connectionpool.py:207] - DEBUG - Starting new HTTP connection (1): v.qq.com
2017-09-16 16:37:27,944 - [connectionpool.py:395] - DEBUG - http://v.baidu.com:80 "GET /movie/list/filter-true+type-%E5%8A%A8%E4%BD%9C+order-hot+pn-1+channel-movie HTTP/1.1" 200 None
2017-09-16 16:37:27,956 - [connectionpool.py:395] - DEBUG - http://v.baidu.com:80 "GET /tv/26778.htm?frp=browse HTTP/1.1" 200 None
2017-09-16 16:37:27,984 - [connectionpool.py:395] - DEBUG - http://v.baidu.com:80 "GET /show/20734.htm?frp=browse HTTP/1.1" 200 None
2017-09-16 16:37:27,996 - [connectionpool.py:395] - DEBUG - http://v.baidu.com:80 "GET /eduindex/ HTTP/1.1" 200 None
2017-09-16 16:37:28,176 - [connectionpool.py:395] - DEBUG - http://baishi.baidu.com:80 "GET /watch/08400668201127307334.html HTTP/1.1" 200 None
2017-09-16 16:37:28,212 - [connectionpool.py:395] - DEBUG - http://baishi.baidu.com:80 "GET /watch/5588332353240657179.html HTTP/1.1" 200 None
2017-09-16 16:37:28,288 - [connectionpool.py:395] - DEBUG - http://baishi.baidu.com:80 "GET /watch/4599827730776907701.html HTTP/1.1" 200 None
2017-09-16 16:37:28,393 - [connectionpool.py:395] - DEBUG - http://v.qq.com:80 "GET / HTTP/1.1" 302 22
2017-09-16 16:37:28,418 - [connectionpool.py:818] - DEBUG - Starting new HTTPS connection (1): v.qq.com
2017-09-16 16:37:28,686 - [connectionpool.py:395] - DEBUG - https://v.qq.com:443 "GET / HTTP/1.1" 200 None
2017-09-16 16:37:29,142 - [webpage_crawler.py:104] - INFO - url:http://v.baidu.com/movie/129631.htm?frp=browse,level:2
2017-09-16 16:37:29,304 - [webpage_crawler.py:104] - INFO - url:http://baishi.baidu.com/watch/4451034459793402953.html,level:2
2017-09-16 16:37:29,481 - [webpage_crawler.py:104] - INFO - url:http://baishi.baidu.com/watch/7924520890904084371.html,level:2
2017-09-16 16:37:29,514 - [webpage_crawler.py:104] - INFO - url:http://baishi.baidu.com/watch/9214825655246546535.html,level:2
2017-09-16 16:37:29,570 - [connectionpool.py:207] - DEBUG - Starting new HTTP connection (1): baishi.baidu.com
2017-09-16 16:37:29,671 - [webpage_crawler.py:104] - INFO - url:http://baishi.baidu.com/watch/04826785648801352903.html,level:2
2017-09-16 16:37:29,708 - [connectionpool.py:207] - DEBUG - Starting new HTTP connection (1): baishi.baidu.com
2017-09-16 16:37:29,708 - [connectionpool.py:207] - DEBUG - Starting new HTTP connection (1): v.baidu.com
2017-09-16 16:37:29,756 - [webpage_crawler.py:104] - INFO - url:http://v.baidu.com/show/19931.htm?frp=browse,level:2
2017-09-16 16:37:29,762 - [connectionpool.py:207] - DEBUG - Starting new HTTP connection (1): baishi.baidu.com
2017-09-16 16:37:29,762 - [webpage_crawler.py:104] - INFO - url:http://zhibo.v.baidu.com/6rooms?pagetab=preversion,level:2
2017-09-16 16:37:29,986 - [connectionpool.py:207] - DEBUG - Starting new HTTP connection (1): baishi.baidu.com
2017-09-16 16:37:30,082 - [connectionpool.py:207] - DEBUG - Starting new HTTP connection (1): zhibo.v.baidu.com
2017-09-16 16:37:30,247 - [connectionpool.py:207] - DEBUG - Starting new HTTP connection (1): v.baidu.com
2017-09-16 16:37:30,316 - [connectionpool.py:395] - DEBUG - http://baishi.baidu.com:80 "GET /watch/9214825655246546535.html HTTP/1.1" 200 None
2017-09-16 16:37:30,317 - [connectionpool.py:395] - DEBUG - http://baishi.baidu.com:80 "GET /watch/4451034459793402953.html HTTP/1.1" 200 None
2017-09-16 16:37:30,322 - [connectionpool.py:395] - DEBUG - http://v.baidu.com:80 "GET /movie/129631.htm?frp=browse HTTP/1.1" 302 0
2017-09-16 16:37:30,393 - [connectionpool.py:395] - DEBUG - http://v.baidu.com:80 "GET /link?url=dm_00pw_klemzAqUjr-Q0lj09RpEh7G-CUAnyxYr0QoTm3hrtp9tcGwVOyA271PAw_rx8xmPoUs8MobMhKuh0yIfzh63xQduPis7to2PSE5pAdnDtzAqu3L87-GSfCyCBNoI.&vfm=bdvcsplld&page=moviedetail_br&frp=v.baidu.com/movie_intro/browse&kwid=129631 HTTP/1.1" 200 None
2017-09-16 16:37:30,492 - [connectionpool.py:395] - DEBUG - http://baishi.baidu.com:80 "GET /watch/7924520890904084371.html HTTP/1.1" 200 None
2017-09-16 16:37:30,598 - [connectionpool.py:395] - DEBUG - http://baishi.baidu.com:80 "GET /watch/04826785648801352903.html HTTP/1.1" 200 None
2017-09-16 16:37:30,773 - [connectionpool.py:395] - DEBUG - http://zhibo.v.baidu.com:80 "GET /6rooms?pagetab=preversion HTTP/1.1" 200 None
2017-09-16 16:37:30,839 - [connectionpool.py:395] - DEBUG - http://v.baidu.com:80 "GET /show/19931.htm?frp=browse HTTP/1.1" 200 None
2017-09-16 16:37:31,454 - [webpage_crawler.py:104] - INFO - url:http://baishi.baidu.com/watch/5004008237055027625.html,level:2
2017-09-16 16:37:31,460 - [connectionpool.py:207] - DEBUG - Starting new HTTP connection (1): baishi.baidu.com
2017-09-16 16:37:31,766 - [webpage_crawler.py:104] - INFO - url:http://baidu.v.ifeng.com/kan/aB9xR?fr=v.baidu.com/,level:2
2017-09-16 16:37:31,771 - [connectionpool.py:207] - DEBUG - Starting new HTTP connection (1): baidu.v.ifeng.com
2017-09-16 16:37:31,778 - [connectionpool.py:395] - DEBUG - http://baishi.baidu.com:80 "GET /watch/5004008237055027625.html HTTP/1.1" 200 None
2017-09-16 16:37:31,856 - [connectionpool.py:395] - DEBUG - http://baidu.v.ifeng.com:80 "GET /kan/aB9xR?fr=v.baidu.com/ HTTP/1.1" 200 None
2017-09-16 16:37:31,900 - [webpage_crawler.py:104] - INFO - url:http://v.ifeng.com/,level:2
2017-09-16 16:37:31,906 - [connectionpool.py:207] - DEBUG - Starting new HTTP connection (1): v.ifeng.com
2017-09-16 16:37:31,950 - [webpage_crawler.py:104] - INFO - url:http://baishi.baidu.com/watch/4531996940364110254.html,level:2
2017-09-16 16:37:31,955 - [connectionpool.py:207] - DEBUG - Starting new HTTP connection (1): baishi.baidu.com
2017-09-16 16:37:32,050 - [webpage_crawler.py:104] - INFO - url:http://list.video.baidu.com/iph_promote.html,level:2
2017-09-16 16:37:32,054 - [connectionpool.py:207] - DEBUG - Starting new HTTP connection (1): list.video.baidu.com
2017-09-16 16:37:32,335 - [connectionpool.py:395] - DEBUG - http://v.ifeng.com:80 "GET / HTTP/1.1" 200 None
2017-09-16 16:37:32,354 - [connectionpool.py:395] - DEBUG - http://list.video.baidu.com:80 "GET /iph_promote.html HTTP/1.1" 200 2157
2017-09-16 16:37:32,376 - [webpage_crawler.py:104] - INFO - url:http://v.baidu.com/show/16.htm?frp=browse,level:2
2017-09-16 16:37:32,377 - [webpage_crawler.py:104] - INFO - url:http://image.baidu.com/,level:2
2017-09-16 16:37:32,418 - [connectionpool.py:207] - DEBUG - Starting new HTTP connection (1): image.baidu.com
2017-09-16 16:37:32,419 - [connectionpool.py:207] - DEBUG - Starting new HTTP connection (1): v.baidu.com
2017-09-16 16:37:32,419 - [webpage_crawler.py:104] - INFO - url:http://baishi.baidu.com/watch/4705593744129679148.html,level:2
2017-09-16 16:37:32,424 - [connectionpool.py:207] - DEBUG - Starting new HTTP connection (1): baishi.baidu.com
2017-09-16 16:37:32,607 - [connectionpool.py:395] - DEBUG - http://baishi.baidu.com:80 "GET /watch/4531996940364110254.html HTTP/1.1" 200 None
2017-09-16 16:37:32,857 - [connectionpool.py:395] - DEBUG - http://image.baidu.com:80 "GET / HTTP/1.1" 200 None
2017-09-16 16:37:32,873 - [webpage_crawler.py:104] - INFO - url:http://baishi.baidu.com/watch/01202245847233823025.html,level:2
2017-09-16 16:37:32,902 - [webpage_crawler.py:104] - INFO - url:http://v.baidu.com/comic/847.htm?frp=browse,level:2
2017-09-16 16:37:32,914 - [connectionpool.py:395] - DEBUG - http://v.baidu.com:80 "GET /show/16.htm?frp=browse HTTP/1.1" 200 None
2017-09-16 16:37:32,931 - [connectionpool.py:207] - DEBUG - Starting new HTTP connection (1): v.baidu.com
2017-09-16 16:37:32,931 - [connectionpool.py:207] - DEBUG - Starting new HTTP connection (1): baishi.baidu.com
2017-09-16 16:37:33,027 - [connectionpool.py:395] - DEBUG - http://v.baidu.com:80 "GET /comic/847.htm?frp=browse HTTP/1.1" 200 None
2017-09-16 16:37:33,115 - [connectionpool.py:395] - DEBUG - http://baishi.baidu.com:80 "GET /watch/4705593744129679148.html HTTP/1.1" 200 None
2017-09-16 16:37:33,192 - [connectionpool.py:395] - DEBUG - http://baishi.baidu.com:80 "GET /watch/01202245847233823025.html HTTP/1.1" 200 None
2017-09-16 16:37:33,396 - [webpage_crawler.py:104] - INFO - url:http://baidu.v.ifeng.com/kan/aB9Rf?fr=v.baidu.com/,level:2
2017-09-16 16:37:33,399 - [connectionpool.py:207] - DEBUG - Starting new HTTP connection (1): baidu.v.ifeng.com
2017-09-16 16:37:33,430 - [connectionpool.py:395] - DEBUG - http://baidu.v.ifeng.com:80 "GET /kan/aB9Rf?fr=v.baidu.com/ HTTP/1.1" 200 None
2017-09-16 16:37:33,727 - [webpage_crawler.py:104] - INFO - url:http://v.baidu.com/live/,level:2
2017-09-16 16:37:33,731 - [connectionpool.py:207] - DEBUG - Starting new HTTP connection (1): v.baidu.com
2017-09-16 16:37:33,770 - [webpage_crawler.py:104] - INFO - url:http://v.baidu.com/cooperate/qt/keji,level:2
2017-09-16 16:37:33,773 - [connectionpool.py:207] - DEBUG - Starting new HTTP connection (1): v.baidu.com
2017-09-16 16:37:33,814 - [connectionpool.py:395] - DEBUG - http://v.baidu.com:80 "GET /live/ HTTP/1.1" 200 None
2017-09-16 16:37:33,843 - [connectionpool.py:395] - DEBUG - http://v.baidu.com:80 "GET /cooperate/qt/keji HTTP/1.1" 200 None
2017-09-16 16:37:33,953 - [webpage_crawler.py:104] - INFO - url:http://baidu.pptv.com/kan/aB9nz?fr=v.baidu.com/,level:2
2017-09-16 16:37:34,009 - [webpage_crawler.py:104] - INFO - url:http://baidu.v.ifeng.com/kan/aB9R9?fr=v.baidu.com/,level:2
2017-09-16 16:37:34,047 - [connectionpool.py:207] - DEBUG - Starting new HTTP connection (1): baidu.pptv.com
2017-09-16 16:37:34,086 - [connectionpool.py:207] - DEBUG - Starting new HTTP connection (1): baidu.v.ifeng.com
2017-09-16 16:37:34,194 - [connectionpool.py:395] - DEBUG - http://baidu.v.ifeng.com:80 "GET /kan/aB9R9?fr=v.baidu.com/ HTTP/1.1" 200 None
2017-09-16 16:37:34,196 - [webpage_crawler.py:104] - INFO - url:http://baishi.baidu.com/watch/5271253246589800334.html,level:2
2017-09-16 16:37:34,227 - [connectionpool.py:395] - DEBUG - http://baidu.pptv.com:80 "GET /kan/aB9nz?fr=v.baidu.com/ HTTP/1.1" 200 None
2017-09-16 16:37:34,248 - [connectionpool.py:207] - DEBUG - Starting new HTTP connection (1): baishi.baidu.com
2017-09-16 16:37:34,256 - [webpage_crawler.py:104] - INFO - url:http://baishi.baidu.com/watch/5397924676010433941.html,level:2
2017-09-16 16:37:34,311 - [connectionpool.py:207] - DEBUG - Starting new HTTP connection (1): baishi.baidu.com
2017-09-16 16:37:34,347 - [webpage_crawler.py:104] - INFO - url:http://baishi.baidu.com/watch/4946690114113140510.html,level:2
2017-09-16 16:37:34,357 - [connectionpool.py:207] - DEBUG - Starting new HTTP connection (1): baishi.baidu.com
2017-09-16 16:37:34,443 - [webpage_crawler.py:104] - INFO - url:http://baishi.baidu.com/watch/02341843108965594095.html,level:2
2017-09-16 16:37:34,450 - [connectionpool.py:207] - DEBUG - Starting new HTTP connection (1): baishi.baidu.com
2017-09-16 16:37:34,569 - [connectionpool.py:395] - DEBUG - http://baishi.baidu.com:80 "GET /watch/5397924676010433941.html HTTP/1.1" 200 None
2017-09-16 16:37:34,578 - [connectionpool.py:395] - DEBUG - http://baishi.baidu.com:80 "GET /watch/5271253246589800334.html HTTP/1.1" 200 None
2017-09-16 16:37:34,638 - [connectionpool.py:395] - DEBUG - http://baishi.baidu.com:80 "GET /watch/4946690114113140510.html HTTP/1.1" 200 None
2017-09-16 16:37:34,934 - [connectionpool.py:395] - DEBUG - http://baishi.baidu.com:80 "GET /watch/02341843108965594095.html HTTP/1.1" 200 None
2017-09-16 16:37:35,152 - [webpage_crawler.py:104] - INFO - url:http://baishi.baidu.com/watch/4661567868415340546.html,level:2
2017-09-16 16:37:35,163 - [connectionpool.py:207] - DEBUG - Starting new HTTP connection (1): baishi.baidu.com
2017-09-16 16:37:35,300 - [webpage_crawler.py:104] - INFO - url:http://baidu.iqiyi.com/kan/aBhVm?fr=v.baidu.com/,level:2
2017-09-16 16:37:35,304 - [connectionpool.py:207] - DEBUG - Starting new HTTP connection (1): baidu.iqiyi.com
2017-09-16 16:37:35,340 - [webpage_crawler.py:104] - INFO - url:http://v.baidu.com/show/20732.htm?frp=browse,level:2
2017-09-16 16:37:35,343 - [connectionpool.py:395] - DEBUG - http://baidu.iqiyi.com:80 "GET /kan/aBhVm?fr=v.baidu.com/ HTTP/1.1" 200 None
2017-09-16 16:37:35,348 - [connectionpool.py:207] - DEBUG - Starting new HTTP connection (1): v.baidu.com
2017-09-16 16:37:35,383 - [webpage_crawler.py:104] - INFO - url:http://baidu.v.ifeng.com/kan/aB94O?fr=v.baidu.com/,level:2
2017-09-16 16:37:35,394 - [connectionpool.py:207] - DEBUG - Starting new HTTP connection (1): baidu.v.ifeng.com
2017-09-16 16:37:35,408 - [connectionpool.py:395] - DEBUG - http://v.baidu.com:80 "GET /show/20732.htm?frp=browse HTTP/1.1" 200 None
2017-09-16 16:37:35,417 - [connectionpool.py:395] - DEBUG - http://baidu.v.ifeng.com:80 "GET /kan/aB94O?fr=v.baidu.com/ HTTP/1.1" 200 None
2017-09-16 16:37:35,646 - [connectionpool.py:395] - DEBUG - http://baishi.baidu.com:80 "GET /watch/4661567868415340546.html HTTP/1.1" 200 None
2017-09-16 16:37:35,751 - [webpage_crawler.py:104] - INFO - url:http://baishi.baidu.com/watch/5282266925669962266.html,level:2
2017-09-16 16:37:35,756 - [connectionpool.py:207] - DEBUG - Starting new HTTP connection (1): baishi.baidu.com
2017-09-16 16:37:35,816 - [webpage_crawler.py:104] - INFO - url:http://baishi.baidu.com/watch/5193235446735271165.html,level:2
2017-09-16 16:37:35,821 - [connectionpool.py:207] - DEBUG - Starting new HTTP connection (1): baishi.baidu.com
2017-09-16 16:37:35,880 - [webpage_crawler.py:104] - INFO - url:http://baishi.baidu.com/watch/7393483206181247429.html,level:2
2017-09-16 16:37:35,891 - [connectionpool.py:207] - DEBUG - Starting new HTTP connection (1): baishi.baidu.com
2017-09-16 16:37:36,019 - [webpage_crawler.py:104] - INFO - url:http://baishi.baidu.com/watch/4747754639690807221.html,level:2
2017-09-16 16:37:36,023 - [connectionpool.py:207] - DEBUG - Starting new HTTP connection (1): baishi.baidu.com
2017-09-16 16:37:36,052 - [connectionpool.py:395] - DEBUG - http://baishi.baidu.com:80 "GET /watch/5282266925669962266.html HTTP/1.1" 200 None
2017-09-16 16:37:36,094 - [connectionpool.py:395] - DEBUG - http://baishi.baidu.com:80 "GET /watch/5193235446735271165.html HTTP/1.1" 200 None
2017-09-16 16:37:36,189 - [connectionpool.py:395] - DEBUG - http://baishi.baidu.com:80 "GET /watch/7393483206181247429.html HTTP/1.1" 200 None
2017-09-16 16:37:36,292 - [connectionpool.py:395] - DEBUG - http://baishi.baidu.com:80 "GET /watch/4747754639690807221.html HTTP/1.1" 200 None
2017-09-16 16:37:36,374 - [webpage_crawler.py:104] - INFO - url:http://v.baidu.com/channel/beauty,level:2
2017-09-16 16:37:36,378 - [connectionpool.py:207] - DEBUG - Starting new HTTP connection (1): v.baidu.com
2017-09-16 16:37:36,472 - [webpage_crawler.py:104] - INFO - url:http://baishi.baidu.com/watch/5180986277374292248.html,level:2
2017-09-16 16:37:36,476 - [connectionpool.py:207] - DEBUG - Starting new HTTP connection (1): baishi.baidu.com
2017-09-16 16:37:36,513 - [webpage_crawler.py:104] - INFO - url:http://player.baidu.com/yingyin.html,level:2
2017-09-16 16:37:36,518 - [connectionpool.py:207] - DEBUG - Starting new HTTP connection (1): player.baidu.com
2017-09-16 16:37:36,531 - [connectionpool.py:395] - DEBUG - http://v.baidu.com:80 "GET /channel/beauty HTTP/1.1" 200 None
2017-09-16 16:37:36,759 - [webpage_crawler.py:104] - INFO - url:http://v.baidu.com/movie/list/filter-true+type-%E6%81%90%E6%80%96+order-hot+pn-1+channel-movie,level:2
2017-09-16 16:37:36,763 - [connectionpool.py:207] - DEBUG - Starting new HTTP connection (1): v.baidu.com
2017-09-16 16:37:36,940 - [connectionpool.py:395] - DEBUG - http://baishi.baidu.com:80 "GET /watch/5180986277374292248.html HTTP/1.1" 200 None
2017-09-16 16:37:36,954 - [connectionpool.py:395] - DEBUG - http://player.baidu.com:80 "GET /yingyin.html HTTP/1.1" 200 None
2017-09-16 16:37:36,985 - [connectionpool.py:395] - DEBUG - http://v.baidu.com:80 "GET /movie/list/filter-true+type-%E6%81%90%E6%80%96+order-hot+pn-1+channel-movie HTTP/1.1" 200 None
2017-09-16 16:37:37,205 - [webpage_crawler.py:104] - INFO - url:http://baishi.baidu.com/watch/8919763333959083898.html,level:2
2017-09-16 16:37:37,210 - [connectionpool.py:207] - DEBUG - Starting new HTTP connection (1): baishi.baidu.com
2017-09-16 16:37:37,279 - [webpage_crawler.py:104] - INFO - url:http://v.baidu.com/tv/list/filter-true+type-%E9%9D%92%E6%98%A5%E5%81%B6%E5%83%8F+order-hot+pn-1+channel-tvplay,level:2
2017-09-16 16:37:37,284 - [connectionpool.py:207] - DEBUG - Starting new HTTP connection (1): v.baidu.com
2017-09-16 16:37:37,317 - [connectionpool.py:395] - DEBUG - http://v.baidu.com:80 "GET /tv/list/filter-true+type-%E9%9D%92%E6%98%A5%E5%81%B6%E5%83%8F+order-hot+pn-1+channel-tvplay HTTP/1.1" 200 None
2017-09-16 16:37:37,382 - [webpage_crawler.py:104] - INFO - url:http://baishi.baidu.com/watch/4709565927499271713.html,level:2
2017-09-16 16:37:37,385 - [connectionpool.py:207] - DEBUG - Starting new HTTP connection (1): baishi.baidu.com
2017-09-16 16:37:37,452 - [webpage_crawler.py:104] - INFO - url:http://v.baidu.com/tv/24937.htm?frp=browse,level:2
2017-09-16 16:37:37,457 - [connectionpool.py:207] - DEBUG - Starting new HTTP connection (1): v.baidu.com
2017-09-16 16:37:37,472 - [connectionpool.py:395] - DEBUG - http://baishi.baidu.com:80 "GET /watch/8919763333959083898.html HTTP/1.1" 200 None
2017-09-16 16:37:37,548 - [connectionpool.py:395] - DEBUG - http://v.baidu.com:80 "GET /tv/24937.htm?frp=browse HTTP/1.1" 200 None
2017-09-16 16:37:37,691 - [webpage_crawler.py:104] - INFO - url:http://baidu.v.ifeng.com/kan/aB9x5?fr=v.baidu.com/,level:2
2017-09-16 16:37:37,692 - [connectionpool.py:395] - DEBUG - http://baishi.baidu.com:80 "GET /watch/4709565927499271713.html HTTP/1.1" 200 None
2017-09-16 16:37:37,704 - [connectionpool.py:207] - DEBUG - Starting new HTTP connection (1): baidu.v.ifeng.com
2017-09-16 16:37:37,783 - [connectionpool.py:395] - DEBUG - http://baidu.v.ifeng.com:80 "GET /kan/aB9x5?fr=v.baidu.com/ HTTP/1.1" 200 None
2017-09-16 16:37:38,028 - [webpage_crawler.py:104] - INFO - url:http://v.baidu.com/movie/22766.htm?frp=browse,level:2
2017-09-16 16:37:38,033 - [connectionpool.py:207] - DEBUG - Starting new HTTP connection (1): v.baidu.com
2017-09-16 16:37:38,099 - [webpage_crawler.py:104] - INFO - url:http://baidu.pptv.com/kan/aB9gZ?fr=v.baidu.com/,level:2
2017-09-16 16:37:38,106 - [connectionpool.py:207] - DEBUG - Starting new HTTP connection (1): baidu.pptv.com
2017-09-16 16:37:38,141 - [connectionpool.py:395] - DEBUG - http://baidu.pptv.com:80 "GET /kan/aB9gZ?fr=v.baidu.com/ HTTP/1.1" 200 None
2017-09-16 16:37:38,151 - [webpage_crawler.py:104] - INFO - url:http://v.baidu.com/comic/16932.htm?frp=browse,level:2
2017-09-16 16:37:38,155 - [connectionpool.py:207] - DEBUG - Starting new HTTP connection (1): v.baidu.com
2017-09-16 16:37:38,185 - [connectionpool.py:395] - DEBUG - http://v.baidu.com:80 "GET /movie/22766.htm?frp=browse HTTP/1.1" 200 None
2017-09-16 16:37:38,278 - [connectionpool.py:395] - DEBUG - http://v.baidu.com:80 "GET /comic/16932.htm?frp=browse HTTP/1.1" 200 None
2017-09-16 16:37:38,387 - [webpage_crawler.py:104] - INFO - url:http://baishi.baidu.com/watch/3916364104313413750.html,level:2
2017-09-16 16:37:38,390 - [connectionpool.py:207] - DEBUG - Starting new HTTP connection (1): baishi.baidu.com
2017-09-16 16:37:38,557 - [webpage_crawler.py:104] - INFO - url:http://baishi.baidu.com/watch/4236983215454642353.html,level:2
2017-09-16 16:37:38,561 - [connectionpool.py:207] - DEBUG - Starting new HTTP connection (1): baishi.baidu.com
2017-09-16 16:37:38,652 - [webpage_crawler.py:104] - INFO - url:http://baishi.baidu.com/watch/027665032131853271.html,level:2
2017-09-16 16:37:38,657 - [connectionpool.py:207] - DEBUG - Starting new HTTP connection (1): baishi.baidu.com
2017-09-16 16:37:38,774 - [webpage_crawler.py:104] - INFO - url:http://baishi.baidu.com/watch/4685684532700037511.html,level:2
2017-09-16 16:37:38,786 - [connectionpool.py:207] - DEBUG - Starting new HTTP connection (1): baishi.baidu.com
2017-09-16 16:37:38,796 - [webpage_crawler.py:104] - INFO - url:http://baishi.baidu.com/watch/06555130158452440387.html,level:2
2017-09-16 16:37:38,803 - [connectionpool.py:207] - DEBUG - Starting new HTTP connection (1): baishi.baidu.com
2017-09-16 16:37:38,843 - [connectionpool.py:395] - DEBUG - http://baishi.baidu.com:80 "GET /watch/4236983215454642353.html HTTP/1.1" 200 None
2017-09-16 16:37:38,893 - [connectionpool.py:395] - DEBUG - http://baishi.baidu.com:80 "GET /watch/3916364104313413750.html HTTP/1.1" 200 None
2017-09-16 16:37:38,935 - [connectionpool.py:395] - DEBUG - http://baishi.baidu.com:80 "GET /watch/027665032131853271.html HTTP/1.1" 200 None
2017-09-16 16:37:39,041 - [connectionpool.py:395] - DEBUG - http://baishi.baidu.com:80 "GET /watch/06555130158452440387.html HTTP/1.1" 200 None
2017-09-16 16:37:39,128 - [connectionpool.py:395] - DEBUG - http://baishi.baidu.com:80 "GET /watch/4685684532700037511.html HTTP/1.1" 200 None
2017-09-16 16:37:39,198 - [webpage_crawler.py:104] - INFO - url:http://v.baidu.com/movie/22727.htm?frp=browse,level:2
2017-09-16 16:37:39,201 - [connectionpool.py:207] - DEBUG - Starting new HTTP connection (1): v.baidu.com
2017-09-16 16:37:39,326 - [webpage_crawler.py:104] - INFO - url:http://v.baidu.com/show/list/filter-true+type-%E8%84%B1%E5%8F%A3%E7%A7%80+order-hot+pn-1+channel-tvshow,level:2
2017-09-16 16:37:39,331 - [connectionpool.py:207] - DEBUG - Starting new HTTP connection (1): v.baidu.com
2017-09-16 16:37:39,335 - [connectionpool.py:395] - DEBUG - http://v.baidu.com:80 "GET /movie/22727.htm?frp=browse HTTP/1.1" 200 None
2017-09-16 16:37:39,429 - [webpage_crawler.py:104] - INFO - url:http://v.baidu.com/tv/23833.htm?frp=browse,level:2
2017-09-16 16:37:39,430 - [connectionpool.py:395] - DEBUG - http://v.baidu.com:80 "GET /show/list/filter-true+type-%E8%84%B1%E5%8F%A3%E7%A7%80+order-hot+pn-1+channel-tvshow HTTP/1.1" 200 None
2017-09-16 16:37:39,439 - [connectionpool.py:207] - DEBUG - Starting new HTTP connection (1): v.baidu.com
2017-09-16 16:37:39,527 - [connectionpool.py:395] - DEBUG - http://v.baidu.com:80 "GET /tv/23833.htm?frp=browse HTTP/1.1" 200 None
2017-09-16 16:37:39,939 - [webpage_crawler.py:104] - INFO - url:http://top.baidu.com/,level:2
2017-09-16 16:37:39,944 - [connectionpool.py:207] - DEBUG - Starting new HTTP connection (1): top.baidu.com
2017-09-16 16:37:40,046 - [webpage_crawler.py:104] - INFO - url:http://baishi.baidu.com/watch/3839101340980344087.html,level:2
2017-09-16 16:37:40,050 - [connectionpool.py:207] - DEBUG - Starting new HTTP connection (1): baishi.baidu.com
2017-09-16 16:37:40,133 - [webpage_crawler.py:104] - INFO - url:http://v.baidu.com/tv/26729.htm?frp=browse,level:2
2017-09-16 16:37:40,139 - [connectionpool.py:207] - DEBUG - Starting new HTTP connection (1): v.baidu.com
2017-09-16 16:37:40,206 - [webpage_crawler.py:104] - INFO - url:http://baidu.56.com/kan/aBhgy?fr=v.baidu.com/,level:2
2017-09-16 16:37:40,210 - [connectionpool.py:207] - DEBUG - Starting new HTTP connection (1): baidu.56.com
2017-09-16 16:37:40,294 - [webpage_crawler.py:104] - INFO - url:http://v.baidu.com/v?word=%E7%99%BD%E7%99%BE%E4%BD%95%E8%A2%AB%E7%8B%97%E4%BB%94%E6%83%B9%E5%93%AD&ct=301989888&rn=27&pn=0&db=0&s=0&fbl=800&ie=utf-8,level:2
2017-09-16 16:37:40,299 - [connectionpool.py:207] - DEBUG - Starting new HTTP connection (1): v.baidu.com
2017-09-16 16:37:40,406 - [connectionpool.py:395] - DEBUG - http://baidu.56.com:80 "GET /kan/aBhgy?fr=v.baidu.com/ HTTP/1.1" 200 None
2017-09-16 16:37:40,409 - [connectionpool.py:395] - DEBUG - http://top.baidu.com:80 "GET / HTTP/1.1" 200 None
2017-09-16 16:37:40,423 - [connectionpool.py:395] - DEBUG - http://v.baidu.com:80 "GET /tv/26729.htm?frp=browse HTTP/1.1" 200 None
2017-09-16 16:37:40,440 - [webpage_crawler.py:104] - INFO - url:http://baishi.baidu.com/watch/05845821836704581225.html,level:2
2017-09-16 16:37:40,455 - [connectionpool.py:395] - DEBUG - http://v.baidu.com:80 "GET /v?word=%E7%99%BD%E7%99%BE%E4%BD%95%E8%A2%AB%E7%8B%97%E4%BB%94%E6%83%B9%E5%93%AD&ct=301989888&rn=27&pn=0&db=0&s=0&fbl=800&ie=utf-8 HTTP/1.1" 200 None
2017-09-16 16:37:40,479 - [connectionpool.py:207] - DEBUG - Starting new HTTP connection (1): baishi.baidu.com
2017-09-16 16:37:40,496 - [webpage_crawler.py:104] - INFO - url:http://baishi.baidu.com/watch/4128185609178461550.html,level:2
2017-09-16 16:37:40,497 - [sjisprober.py:61] - DEBUG - SHIFT_JIS Japanese prober hit error at byte 146
2017-09-16 16:37:40,510 - [connectionpool.py:207] - DEBUG - Starting new HTTP connection (1): baishi.baidu.com
2017-09-16 16:37:40,680 - [webpage_crawler.py:104] - INFO - url:http://tv.sohu.com/,level:2
2017-09-16 16:37:40,710 - [connectionpool.py:395] - DEBUG - http://baishi.baidu.com:80 "GET /watch/05845821836704581225.html HTTP/1.1" 200 None
2017-09-16 16:37:40,720 - [connectionpool.py:207] - DEBUG - Starting new HTTP connection (1): tv.sohu.com
2017-09-16 16:37:40,722 - [connectionpool.py:395] - DEBUG - http://baishi.baidu.com:80 "GET /watch/3839101340980344087.html HTTP/1.1" 200 None
2017-09-16 16:37:40,870 - [connectionpool.py:395] - DEBUG - http://baishi.baidu.com:80 "GET /watch/4128185609178461550.html HTTP/1.1" 200 None
2017-09-16 16:37:41,130 - [eucjpprober.py:62] - DEBUG - EUC-JP Japanese prober hit error at byte 12574
2017-09-16 16:37:41,255 - [connectionpool.py:395] - DEBUG - http://tv.sohu.com:80 "GET / HTTP/1.1" 200 43419
2017-09-16 16:37:41,445 - [webpage_crawler.py:104] - INFO - url:http://baidu.v.ifeng.com/kan/aB9xa?fr=v.baidu.com/,level:2
2017-09-16 16:37:41,640 - [connectionpool.py:207] - DEBUG - Starting new HTTP connection (1): baidu.v.ifeng.com
2017-09-16 16:37:41,737 - [webpage_crawler.py:104] - INFO - url:http://baidu.v.ifeng.com/kan/aB9gy?fr=v.baidu.com/,level:2
2017-09-16 16:37:41,951 - [webpage_crawler.py:104] - INFO - url:http://v.baidu.com/show/19821.htm?frp=browse,level:2
2017-09-16 16:37:41,963 - [connectionpool.py:395] - DEBUG - http://baidu.v.ifeng.com:80 "GET /kan/aB9xa?fr=v.baidu.com/ HTTP/1.1" 200 None
2017-09-16 16:37:42,002 - [connectionpool.py:207] - DEBUG - Starting new HTTP connection (1): baidu.v.ifeng.com
2017-09-16 16:37:42,087 - [connectionpool.py:207] - DEBUG - Starting new HTTP connection (1): v.baidu.com
2017-09-16 16:37:42,149 - [webpage_crawler.py:104] - INFO - url:http://v.baidu.com/infoindex/,level:2
2017-09-16 16:37:42,248 - [webpage_crawler.py:104] - INFO - url:http://baishi.baidu.com/watch/3186813026965611295.html,level:2
2017-09-16 16:37:42,457 - [webpage_crawler.py:104] - INFO - url:http://v.baidu.com/channel/spoof,level:2
2017-09-16 16:37:42,477 - [connectionpool.py:395] - DEBUG - http://baidu.v.ifeng.com:80 "GET /kan/aB9gy?fr=v.baidu.com/ HTTP/1.1" 200 None
2017-09-16 16:37:42,517 - [connectionpool.py:207] - DEBUG - Starting new HTTP connection (1): v.baidu.com
2017-09-16 16:37:42,551 - [connectionpool.py:395] - DEBUG - http://v.baidu.com:80 "GET /show/19821.htm?frp=browse HTTP/1.1" 200 None
2017-09-16 16:37:42,551 - [connectionpool.py:207] - DEBUG - Starting new HTTP connection (1): v.baidu.com
2017-09-16 16:37:42,573 - [connectionpool.py:207] - DEBUG - Starting new HTTP connection (1): baishi.baidu.com
2017-09-16 16:37:42,796 - [connectionpool.py:395] - DEBUG - http://v.baidu.com:80 "GET /channel/spoof HTTP/1.1" 200 None
2017-09-16 16:37:42,797 - [connectionpool.py:395] - DEBUG - http://v.baidu.com:80 "GET /infoindex/ HTTP/1.1" 200 None
2017-09-16 16:37:43,201 - [connectionpool.py:395] - DEBUG - http://baishi.baidu.com:80 "GET /watch/3186813026965611295.html HTTP/1.1" 200 None
2017-09-16 16:37:43,402 - [webpage_crawler.py:104] - INFO - url:http://baidu.pptv.com/kan/aB9gD?fr=v.baidu.com/,level:2
2017-09-16 16:37:43,428 - [connectionpool.py:207] - DEBUG - Starting new HTTP connection (1): baidu.pptv.com
2017-09-16 16:37:43,508 - [connectionpool.py:395] - DEBUG - http://baidu.pptv.com:80 "GET /kan/aB9gD?fr=v.baidu.com/ HTTP/1.1" 200 None
2017-09-16 16:37:43,625 - [webpage_crawler.py:104] - INFO - url:http://baidu.v.ifeng.com/kan/aB9Jn?fr=v.baidu.com/,level:2
2017-09-16 16:37:43,645 - [connectionpool.py:207] - DEBUG - Starting new HTTP connection (1): baidu.v.ifeng.com
2017-09-16 16:37:43,848 - [connectionpool.py:395] - DEBUG - http://baidu.v.ifeng.com:80 "GET /kan/aB9Jn?fr=v.baidu.com/ HTTP/1.1" 200 None
2017-09-16 16:37:44,122 - [webpage_crawler.py:104] - INFO - url:http://baishi.baidu.com/watch/4931428534064214947.html,level:2
2017-09-16 16:37:44,223 - [connectionpool.py:207] - DEBUG - Starting new HTTP connection (1): baishi.baidu.com
2017-09-16 16:37:44,248 - [sbcharsetprober.py:119] - DEBUG - windows-1251 confidence = 0.00314635839889, below negative shortcut threshhold 0.05
2017-09-16 16:37:44,291 - [sbcharsetprober.py:119] - DEBUG - ISO-8859-5 confidence = 0.0441450079871, below negative shortcut threshhold 0.05
2017-09-16 16:37:44,379 - [sbcharsetprober.py:119] - DEBUG - ISO-8859-7 confidence = 0.00558707154774, below negative shortcut threshhold 0.05
2017-09-16 16:37:44,401 - [sbcharsetprober.py:119] - DEBUG - windows-1253 confidence = 0.00601445254395, below negative shortcut threshhold 0.05
2017-09-16 16:37:44,424 - [sbcharsetprober.py:119] - DEBUG - ISO-8859-5 confidence = 0.0466465142561, below negative shortcut threshhold 0.05
2017-09-16 16:37:44,448 - [sbcharsetprober.py:119] - DEBUG - windows-1251 confidence = 0.009391632407, below negative shortcut threshhold 0.05
2017-09-16 16:37:44,589 - [connectionpool.py:395] - DEBUG - http://baishi.baidu.com:80 "GET /watch/4931428534064214947.html HTTP/1.1" 200 None
2017-09-16 16:37:44,600 - [webpage_crawler.py:104] - INFO - url:http://baidu.pptv.com/kan/aB9xF?fr=v.baidu.com/,level:2
2017-09-16 16:37:44,615 - [connectionpool.py:207] - DEBUG - Starting new HTTP connection (1): baidu.pptv.com
2017-09-16 16:37:44,701 - [connectionpool.py:395] - DEBUG - http://baidu.pptv.com:80 "GET /kan/aB9xF?fr=v.baidu.com/ HTTP/1.1" 200 None
2017-09-16 16:37:44,773 - [sbcharsetprober.py:119] - DEBUG - windows-1255 confidence = 0.00596163953081, below negative shortcut threshhold 0.05
2017-09-16 16:37:44,793 - [sbcharsetprober.py:119] - DEBUG - windows-1255 confidence = 0.00638747092587, below negative shortcut threshhold 0.05
2017-09-16 16:37:45,068 - [charsetgroupprober.py:97] - DEBUG - utf-8 not active
2017-09-16 16:37:45,068 - [charsetgroupprober.py:97] - DEBUG - SHIFT_JIS not active
2017-09-16 16:37:45,069 - [charsetgroupprober.py:97] - DEBUG - EUC-JP not active
2017-09-16 16:37:45,069 - [charsetgroupprober.py:100] - DEBUG - GB2312 Chinese confidence = 0.99
2017-09-16 16:37:45,070 - [charsetgroupprober.py:100] - DEBUG - EUC-KR Korean confidence = 0.01
2017-09-16 16:37:45,071 - [charsetgroupprober.py:100] - DEBUG - CP949 Korean confidence = 0.01
2017-09-16 16:37:45,072 - [charsetgroupprober.py:100] - DEBUG - Big5 Chinese confidence = 0.01
2017-09-16 16:37:45,072 - [charsetgroupprober.py:100] - DEBUG - EUC-TW Taiwan confidence = 0.01
2017-09-16 16:37:45,073 - [charsetgroupprober.py:97] - DEBUG - windows-1251 not active
2017-09-16 16:37:45,073 - [charsetgroupprober.py:100] - DEBUG - KOI8-R Russian confidence = 0.153398371386
2017-09-16 16:37:45,074 - [charsetgroupprober.py:97] - DEBUG - ISO-8859-5 not active
2017-09-16 16:37:45,074 - [charsetgroupprober.py:100] - DEBUG - MacCyrillic Russian confidence = 0.0
2017-09-16 16:37:45,075 - [charsetgroupprober.py:100] - DEBUG - IBM866 Russian confidence = 0.0309647707663
2017-09-16 16:37:45,075 - [charsetgroupprober.py:100] - DEBUG - IBM855 Russian confidence = 0.0782307370358
2017-09-16 16:37:45,075 - [charsetgroupprober.py:97] - DEBUG - ISO-8859-7 not active
2017-09-16 16:37:45,076 - [charsetgroupprober.py:97] - DEBUG - windows-1253 not active
2017-09-16 16:37:45,076 - [charsetgroupprober.py:97] - DEBUG - ISO-8859-5 not active
2017-09-16 16:37:45,076 - [charsetgroupprober.py:97] - DEBUG - windows-1251 not active
2017-09-16 16:37:45,077 - [charsetgroupprober.py:100] - DEBUG - TIS-620 Thai confidence = 0.0852566154271
2017-09-16 16:37:45,077 - [charsetgroupprober.py:100] - DEBUG - ISO-8859-9 Turkish confidence = 0.536181562234
2017-09-16 16:37:45,077 - [charsetgroupprober.py:100] - DEBUG - windows-1255 Hebrew confidence = 0.0
2017-09-16 16:37:45,078 - [charsetgroupprober.py:97] - DEBUG - windows-1255 not active
2017-09-16 16:37:45,078 - [charsetgroupprober.py:97] - DEBUG - windows-1255 not active
2017-09-16 16:37:45,078 - [charsetgroupprober.py:97] - DEBUG - utf-8 not active
2017-09-16 16:37:45,079 - [charsetgroupprober.py:97] - DEBUG - SHIFT_JIS not active
2017-09-16 16:37:45,079 - [charsetgroupprober.py:97] - DEBUG - EUC-JP not active
2017-09-16 16:37:45,079 - [charsetgroupprober.py:100] - DEBUG - GB2312 Chinese confidence = 0.99
2017-09-16 16:37:45,080 - [charsetgroupprober.py:100] - DEBUG - EUC-KR Korean confidence = 0.01
2017-09-16 16:37:45,080 - [charsetgroupprober.py:100] - DEBUG - CP949 Korean confidence = 0.01
2017-09-16 16:37:45,080 - [charsetgroupprober.py:100] - DEBUG - Big5 Chinese confidence = 0.01
2017-09-16 16:37:45,080 - [charsetgroupprober.py:100] - DEBUG - EUC-TW Taiwan confidence = 0.01
2017-09-16 16:37:45,318 - [webpage_crawler.py:104] - INFO - url:http://www.cntv.cn/,level:2
2017-09-16 16:37:45,439 - [connectionpool.py:207] - DEBUG - Starting new HTTP connection (1): www.cntv.cn
2017-09-16 16:37:45,475 - [connectionpool.py:395] - DEBUG - http://www.cntv.cn:80 "GET / HTTP/1.1" 200 167
2017-09-16 16:37:45,524 - [webpage_crawler.py:104] - INFO - url:http://g.youxi.v.baidu.com/s/1/1265/77.html?frm=bdsp-jddt,level:2
2017-09-16 16:37:45,529 - [connectionpool.py:207] - DEBUG - Starting new HTTP connection (1): g.youxi.v.baidu.com
2017-09-16 16:37:45,555 - [connectionpool.py:395] - DEBUG - http://g.youxi.v.baidu.com:80 "GET /s/1/1265/77.html?frm=bdsp-jddt HTTP/1.1" 200 None
2017-09-16 16:37:45,601 - [webpage_crawler.py:104] - INFO - url:http://baishi.baidu.com/watch/3777192445131353375.html,level:2
2017-09-16 16:37:45,606 - [connectionpool.py:207] - DEBUG - Starting new HTTP connection (1): baishi.baidu.com
2017-09-16 16:37:45,768 - [webpage_crawler.py:104] - INFO - url:http://v.baidu.com/tv/26757.htm?frp=browse,level:2
2017-09-16 16:37:45,773 - [connectionpool.py:207] - DEBUG - Starting new HTTP connection (1): v.baidu.com
2017-09-16 16:37:45,852 - [connectionpool.py:395] - DEBUG - http://v.baidu.com:80 "GET /tv/26757.htm?frp=browse HTTP/1.1" 200 None
2017-09-16 16:37:45,877 - [connectionpool.py:395] - DEBUG - http://baishi.baidu.com:80 "GET /watch/3777192445131353375.html HTTP/1.1" 200 None
2017-09-16 16:37:46,078 - [webpage_crawler.py:104] - INFO - url:http://v.baidu.com/v?word=%E5%AE%8B%E5%96%86%E8%A2%AB%E5%88%91%E6%8B%98&ct=301989888&rn=27&pn=0&db=0&s=0&fbl=800&ie=utf-8&oq=%E5%AE%8B%E5%96%86%E8%A2%AB&f=3&rsp=0,level:2
2017-09-16 16:37:46,088 - [connectionpool.py:207] - DEBUG - Starting new HTTP connection (1): v.baidu.com
2017-09-16 16:37:46,210 - [connectionpool.py:395] - DEBUG - http://v.baidu.com:80 "GET /v?word=%E5%AE%8B%E5%96%86%E8%A2%AB%E5%88%91%E6%8B%98&ct=301989888&rn=27&pn=0&db=0&s=0&fbl=800&ie=utf-8&oq=%E5%AE%8B%E5%96%86%E8%A2%AB&f=3&rsp=0 HTTP/1.1" 200 None
2017-09-16 16:37:46,456 - [webpage_crawler.py:104] - INFO - url:http://v.baidu.com/show,level:2
2017-09-16 16:37:46,460 - [connectionpool.py:207] - DEBUG - Starting new HTTP connection (1): v.baidu.com
2017-09-16 16:37:46,461 - [webpage_crawler.py:104] - INFO - url:http://baishi.baidu.com/watch/4425914570536927411.html,level:2
2017-09-16 16:37:46,464 - [connectionpool.py:207] - DEBUG - Starting new HTTP connection (1): baishi.baidu.com
2017-09-16 16:37:46,469 - [webpage_crawler.py:104] - INFO - url:http://map.baidu.com/,level:2
2017-09-16 16:37:46,474 - [connectionpool.py:207] - DEBUG - Starting new HTTP connection (1): map.baidu.com
2017-09-16 16:37:46,483 - [webpage_crawler.py:104] - INFO - url:http://baishi.baidu.com/watch/4785034116597459576.html,level:2
2017-09-16 16:37:46,487 - [connectionpool.py:207] - DEBUG - Starting new HTTP connection (1): baishi.baidu.com
2017-09-16 16:37:46,546 - [connectionpool.py:395] - DEBUG - http://v.baidu.com:80 "GET /show HTTP/1.1" 200 None
2017-09-16 16:37:46,579 - [webpage_crawler.py:104] - INFO - url:http://baishi.baidu.com/watch/05659654735295082911.html,level:2
2017-09-16 16:37:46,612 - [connectionpool.py:395] - DEBUG - http://map.baidu.com:80 "GET / HTTP/1.1" 200 20850
2017-09-16 16:37:46,626 - [connectionpool.py:207] - DEBUG - Starting new HTTP connection (1): baishi.baidu.com
2017-09-16 16:37:46,771 - [connectionpool.py:395] - DEBUG - http://baishi.baidu.com:80 "GET /watch/4425914570536927411.html HTTP/1.1" 200 None
2017-09-16 16:37:46,786 - [connectionpool.py:395] - DEBUG - http://baishi.baidu.com:80 "GET /watch/4785034116597459576.html HTTP/1.1" 200 None
2017-09-16 16:37:47,004 - [webpage_crawler.py:104] - INFO - url:http://v.baidu.com/tv/26373.htm?frp=browse,level:2
2017-09-16 16:37:47,074 - [webpage_crawler.py:104] - INFO - url:http://baishi.baidu.com/watch/3877388719269832029.html,level:2
2017-09-16 16:37:47,078 - [connectionpool.py:207] - DEBUG - Starting new HTTP connection (1): v.baidu.com
2017-09-16 16:37:47,078 - [connectionpool.py:207] - DEBUG - Starting new HTTP connection (1): baishi.baidu.com
2017-09-16 16:37:47,106 - [connectionpool.py:395] - DEBUG - http://baishi.baidu.com:80 "GET /watch/05659654735295082911.html HTTP/1.1" 200 None
2017-09-16 16:37:47,157 - [connectionpool.py:395] - DEBUG - http://v.baidu.com:80 "GET /tv/26373.htm?frp=browse HTTP/1.1" 200 None
2017-09-16 16:37:47,360 - [connectionpool.py:395] - DEBUG - http://baishi.baidu.com:80 "GET /watch/3877388719269832029.html HTTP/1.1" 200 None
2017-09-16 16:37:47,437 - [webpage_crawler.py:104] - INFO - url:http://v.baidu.com/tv/list/filter-true+type-%E5%96%9C%E5%89%A7+order-hot+pn-1+channel-tvplay,level:2
2017-09-16 16:37:47,442 - [connectionpool.py:207] - DEBUG - Starting new HTTP connection (1): v.baidu.com
2017-09-16 16:37:47,477 - [connectionpool.py:395] - DEBUG - http://v.baidu.com:80 "GET /tv/list/filter-true+type-%E5%96%9C%E5%89%A7+order-hot+pn-1+channel-tvplay HTTP/1.1" 200 None
2017-09-16 16:37:47,939 - [webpage_crawler.py:104] - INFO - url:http://baishi.baidu.com/watch/4614435133353961603.html,level:2
2017-09-16 16:37:47,943 - [connectionpool.py:207] - DEBUG - Starting new HTTP connection (1): baishi.baidu.com
2017-09-16 16:37:47,944 - [webpage_crawler.py:104] - INFO - url:http://baishi.baidu.com/watch/4726631404430525148.html,level:2
2017-09-16 16:37:47,947 - [connectionpool.py:207] - DEBUG - Starting new HTTP connection (1): baishi.baidu.com
2017-09-16 16:37:48,011 - [webpage_crawler.py:104] - INFO - url:http://baidu.pptv.com/kan/aB9RA?fr=v.baidu.com/,level:2
2017-09-16 16:37:48,017 - [connectionpool.py:207] - DEBUG - Starting new HTTP connection (1): baidu.pptv.com
2017-09-16 16:37:48,043 - [connectionpool.py:395] - DEBUG - http://baidu.pptv.com:80 "GET /kan/aB9RA?fr=v.baidu.com/ HTTP/1.1" 200 None
2017-09-16 16:37:48,084 - [webpage_crawler.py:104] - INFO - url:http://v.baidu.com/movie/115408.htm?frp=browse,level:2
2017-09-16 16:37:48,091 - [connectionpool.py:207] - DEBUG - Starting new HTTP connection (1): v.baidu.com
2017-09-16 16:37:48,185 - [connectionpool.py:395] - DEBUG - http://v.baidu.com:80 "GET /movie/115408.htm?frp=browse HTTP/1.1" 302 0
2017-09-16 16:37:48,201 - [connectionpool.py:395] - DEBUG - http://baishi.baidu.com:80 "GET /watch/4726631404430525148.html HTTP/1.1" 200 None
2017-09-16 16:37:48,207 - [webpage_crawler.py:104] - INFO - url:http://baishi.baidu.com/watch/5497168479203280224.html,level:2
2017-09-16 16:37:48,213 - [connectionpool.py:395] - DEBUG - http://v.baidu.com:80 "GET /link?url=dm_10tBNoD-LLAMb79CB_p0kxoziqJsK0VHF6PygdtOjTYyOP1RSivvOrIQVZ6oZRXdG0oaMiKJjTOgwNmJ0GfEN6i03emTurp_xojuHxROs2ctUESpoL_3GnBZ94RMuJ2ZR9v7eKlp-pOjuuFyMsDpSCj-6Tagg3&vfm=bdvcsplld&page=moviedetail_br&frp=v.baidu.com/movie_intro/browse&kwid=115408 HTTP/1.1" 200 None
2017-09-16 16:37:48,214 - [connectionpool.py:207] - DEBUG - Starting new HTTP connection (1): baishi.baidu.com
2017-09-16 16:37:48,296 - [webpage_crawler.py:104] - INFO - url:http://baishi.baidu.com/watch/5254659482964630881.html,level:2
2017-09-16 16:37:48,300 - [connectionpool.py:207] - DEBUG - Starting new HTTP connection (1): baishi.baidu.com
2017-09-16 16:37:48,420 - [connectionpool.py:395] - DEBUG - http://baishi.baidu.com:80 "GET /watch/4614435133353961603.html HTTP/1.1" 200 None
2017-09-16 16:37:48,450 - [webpage_crawler.py:104] - INFO - url:http://v.baidu.com/movie/124218.htm?frp=browse,level:2
2017-09-16 16:37:48,465 - [connectionpool.py:207] - DEBUG - Starting new HTTP connection (1): v.baidu.com
2017-09-16 16:37:48,540 - [connectionpool.py:395] - DEBUG - http://baishi.baidu.com:80 "GET /watch/5497168479203280224.html HTTP/1.1" 200 None
2017-09-16 16:37:48,538 - [webpage_crawler.py:104] - INFO - url:http://v.baidu.com/tv/26753.htm?frp=browse,level:2
2017-09-16 16:37:48,549 - [connectionpool.py:207] - DEBUG - Starting new HTTP connection (1): v.baidu.com
2017-09-16 16:37:48,563 - [connectionpool.py:395] - DEBUG - http://baishi.baidu.com:80 "GET /watch/5254659482964630881.html HTTP/1.1" 200 None
2017-09-16 16:37:48,637 - [connectionpool.py:395] - DEBUG - http://v.baidu.com:80 "GET /movie/124218.htm?frp=browse HTTP/1.1" 200 None
2017-09-16 16:37:48,642 - [connectionpool.py:395] - DEBUG - http://v.baidu.com:80 "GET /tv/26753.htm?frp=browse HTTP/1.1" 200 None
2017-09-16 16:37:49,055 - [webpage_crawler.py:104] - INFO - url:http://baishi.baidu.com/watch/4545749999189172164.html,level:2
2017-09-16 16:37:49,060 - [connectionpool.py:207] - DEBUG - Starting new HTTP connection (1): baishi.baidu.com
2017-09-16 16:37:49,221 - [webpage_crawler.py:104] - INFO - url:http://v.baidu.com/tv/26891.htm?frp=browse,level:2
2017-09-16 16:37:49,227 - [connectionpool.py:207] - DEBUG - Starting new HTTP connection (1): v.baidu.com
2017-09-16 16:37:49,281 - [connectionpool.py:395] - DEBUG - http://v.baidu.com:80 "GET /tv/26891.htm?frp=browse HTTP/1.1" 200 None
2017-09-16 16:37:49,362 - [webpage_crawler.py:104] - INFO - url:http://v.baidu.com/movie/123753.htm?frp=browse,level:2
2017-09-16 16:37:49,363 - [connectionpool.py:395] - DEBUG - http://baishi.baidu.com:80 "GET /watch/4545749999189172164.html HTTP/1.1" 200 None
2017-09-16 16:37:49,396 - [connectionpool.py:207] - DEBUG - Starting new HTTP connection (1): v.baidu.com
2017-09-16 16:37:49,506 - [webpage_crawler.py:104] - INFO - url:http://tieba.baidu.com/,level:2
2017-09-16 16:37:49,510 - [connectionpool.py:395] - DEBUG - http://v.baidu.com:80 "GET /movie/123753.htm?frp=browse HTTP/1.1" 200 None
2017-09-16 16:37:49,521 - [connectionpool.py:207] - DEBUG - Starting new HTTP connection (1): tieba.baidu.com
2017-09-16 16:37:49,645 - [connectionpool.py:395] - DEBUG - http://tieba.baidu.com:80 "GET / HTTP/1.1" 302 0
2017-09-16 16:37:49,654 - [connectionpool.py:818] - DEBUG - Starting new HTTPS connection (1): tieba.baidu.com
2017-09-16 16:37:49,666 - [webpage_crawler.py:104] - INFO - url:http://adx.xiaodutv.com/click/stdssp?p=eyJzaWQiOiI0M0ZERDQ4OTVFMDE2OTNBMEEyRTQzMUYwQzAwQjQ4NyIsInJlcWlkIjoiYmZlYWRiYTRmNzEwYzJmNjgxNWFmNmVmMGNlNzA1MzciLCJzZWxsZXJpZCI6NjAwMCwic2VsbGVydWlkIjoiIiwiYXBwaWQiOiIiLCJpbXBpZCI6IjEyMDciLCJidXllcmlkIjoxMDAwLCJiaWRpZCI6IjVhYjFkMmNlZGQ1MjA2Mzg5ZjA2ZmE4OWZkOGM0NzdiIiwic2VhdGlkIjoiIiwiY3JpZCI6IjY0NDI3OTQyMCIsImJ1eWVyX2JpZHR5cGUiOjAsImJ1eWVyX3ByaWNlIjoyMDAsImJ1eWVyX2dzcCI6MjAwLCJleHRkYXRhIjoie1wiYWR2ZXJ0aXNlcl9zZXR0bGVtZW50X3ByaWNlXCI6MjAwLFwiYWR2ZXJ0aXNlcl9zZXR0bGVtZW50X3R5cGVcIjowLFwiYWR2ZXJ0aXNlcl9zZWNwcmljZVwiOjIwMCxcInN0cmF0ZWd5XCI6XCJwcmVjaXNlOkFEXzBYQTA2XCIsXCJhZHRva2VuXCI6XCJkY2M2NGQxMTE3NTk5MWM3ZDEzM2FkMjFhYzkwMjc1OFwifSIsImRlYWxpZCI6IiIsImFkeF9iaWR0eXBlIjowLCJhZHhfcHJpY2UiOjIwMH0=&lp=aHR0cDovL3poaWJvLnYuYmFpZHUuY29tL3F1YW5taW4=,level:2
2017-09-16 16:37:49,669 - [connectionpool.py:207] - DEBUG - Starting new HTTP connection (1): adx.xiaodutv.com
2017-09-16 16:37:49,763 - [webpage_crawler.py:104] - INFO - url:http://baishi.baidu.com/watch/3437740445258542895.html,level:2
2017-09-16 16:37:49,768 - [connectionpool.py:207] - DEBUG - Starting new HTTP connection (1): baishi.baidu.com
2017-09-16 16:37:49,860 - [webpage_crawler.py:104] - INFO - url:http://service.baidu.com/question?prod_en=video,level:2
2017-09-16 16:37:49,866 - [connectionpool.py:207] - DEBUG - Starting new HTTP connection (1): service.baidu.com
2017-09-16 16:37:49,899 - [connectionpool.py:395] - DEBUG - https://tieba.baidu.com:443 "GET /index.html HTTP/1.1" 200 None
2017-09-16 16:37:49,953 - [webpage_crawler.py:104] - INFO - url:http://baishi.baidu.com/watch/4314229619628031930.html,level:2
2017-09-16 16:37:49,958 - [connectionpool.py:207] - DEBUG - Starting new HTTP connection (1): baishi.baidu.com
2017-09-16 16:37:50,096 - [connectionpool.py:395] - DEBUG - http://adx.xiaodutv.com:80 "GET /click/stdssp?p=eyJzaWQiOiI0M0ZERDQ4OTVFMDE2OTNBMEEyRTQzMUYwQzAwQjQ4NyIsInJlcWlkIjoiYmZlYWRiYTRmNzEwYzJmNjgxNWFmNmVmMGNlNzA1MzciLCJzZWxsZXJpZCI6NjAwMCwic2VsbGVydWlkIjoiIiwiYXBwaWQiOiIiLCJpbXBpZCI6IjEyMDciLCJidXllcmlkIjoxMDAwLCJiaWRpZCI6IjVhYjFkMmNlZGQ1MjA2Mzg5ZjA2ZmE4OWZkOGM0NzdiIiwic2VhdGlkIjoiIiwiY3JpZCI6IjY0NDI3OTQyMCIsImJ1eWVyX2JpZHR5cGUiOjAsImJ1eWVyX3ByaWNlIjoyMDAsImJ1eWVyX2dzcCI6MjAwLCJleHRkYXRhIjoie1wiYWR2ZXJ0aXNlcl9zZXR0bGVtZW50X3ByaWNlXCI6MjAwLFwiYWR2ZXJ0aXNlcl9zZXR0bGVtZW50X3R5cGVcIjowLFwiYWR2ZXJ0aXNlcl9zZWNwcmljZVwiOjIwMCxcInN0cmF0ZWd5XCI6XCJwcmVjaXNlOkFEXzBYQTA2XCIsXCJhZHRva2VuXCI6XCJkY2M2NGQxMTE3NTk5MWM3ZDEzM2FkMjFhYzkwMjc1OFwifSIsImRlYWxpZCI6IiIsImFkeF9iaWR0eXBlIjowLCJhZHhfcHJpY2UiOjIwMH0=&lp=aHR0cDovL3poaWJvLnYuYmFpZHUuY29tL3F1YW5taW4= HTTP/1.1" 302 None
2017-09-16 16:37:50,106 - [connectionpool.py:207] - DEBUG - Starting new HTTP connection (1): zhibo.v.baidu.com
2017-09-16 16:37:50,107 - [connectionpool.py:395] - DEBUG - http://service.baidu.com:80 "GET /question?prod_en=video HTTP/1.1" 302 None
2017-09-16 16:37:50,121 - [connectionpool.py:207] - DEBUG - Starting new HTTP connection (1): help.baidu.com
2017-09-16 16:37:50,146 - [connectionpool.py:395] - DEBUG - http://zhibo.v.baidu.com:80 "GET /quanmin HTTP/1.1" 200 None
2017-09-16 16:37:50,256 - [connectionpool.py:395] - DEBUG - http://help.baidu.com:80 "GET /question?prod_en=video HTTP/1.1" 200 None
2017-09-16 16:37:50,367 - [connectionpool.py:395] - DEBUG - http://baishi.baidu.com:80 "GET /watch/3437740445258542895.html HTTP/1.1" 200 None
2017-09-16 16:37:50,377 - [connectionpool.py:395] - DEBUG - http://baishi.baidu.com:80 "GET /watch/4314229619628031930.html HTTP/1.1" 200 None
2017-09-16 16:37:50,404 - [webpage_crawler.py:104] - INFO - url:http://v.baidu.com/show/20383.htm?frp=browse,level:2
2017-09-16 16:37:50,458 - [connectionpool.py:207] - DEBUG - Starting new HTTP connection (1): v.baidu.com
2017-09-16 16:37:50,527 - [webpage_crawler.py:104] - INFO - url:http://baishi.baidu.com/watch/5143055075456108542.html,level:2
2017-09-16 16:37:50,541 - [connectionpool.py:395] - DEBUG - http://v.baidu.com:80 "GET /show/20383.htm?frp=browse HTTP/1.1" 200 None
2017-09-16 16:37:50,589 - [connectionpool.py:207] - DEBUG - Starting new HTTP connection (1): baishi.baidu.com
2017-09-16 16:37:50,632 - [webpage_crawler.py:104] - INFO - url:http://v.baidu.com/show/18731.htm?frp=browse,level:2
2017-09-16 16:37:50,702 - [connectionpool.py:207] - DEBUG - Starting new HTTP connection (1): v.baidu.com
2017-09-16 16:37:50,768 - [connectionpool.py:395] - DEBUG - http://v.baidu.com:80 "GET /show/18731.htm?frp=browse HTTP/1.1" 200 None
2017-09-16 16:37:50,976 - [connectionpool.py:395] - DEBUG - http://baishi.baidu.com:80 "GET /watch/5143055075456108542.html HTTP/1.1" 200 None
2017-09-16 16:37:51,169 - [webpage_crawler.py:104] - INFO - url:http://baishi.baidu.com/watch/7349401320639922035.html,level:2
2017-09-16 16:37:51,174 - [connectionpool.py:207] - DEBUG - Starting new HTTP connection (1): baishi.baidu.com
2017-09-16 16:37:51,236 - [webpage_crawler.py:104] - INFO - url:http://baishi.baidu.com/watch/5045734143192383485.html,level:2
2017-09-16 16:37:51,239 - [connectionpool.py:207] - DEBUG - Starting new HTTP connection (1): baishi.baidu.com
2017-09-16 16:37:51,297 - [webpage_crawler.py:104] - INFO - url:http://v.baidu.com/gameindex/,level:2
2017-09-16 16:37:51,303 - [connectionpool.py:207] - DEBUG - Starting new HTTP connection (1): v.baidu.com
2017-09-16 16:37:51,430 - [connectionpool.py:395] - DEBUG - http://v.baidu.com:80 "GET /gameindex/ HTTP/1.1" 200 None
2017-09-16 16:37:51,468 - [webpage_crawler.py:104] - INFO - url:http://baishi.baidu.com/watch/4432511386911289872.html,level:2
2017-09-16 16:37:51,470 - [connectionpool.py:395] - DEBUG - http://baishi.baidu.com:80 "GET /watch/7349401320639922035.html HTTP/1.1" 200 None
2017-09-16 16:37:51,517 - [connectionpool.py:395] - DEBUG - http://baishi.baidu.com:80 "GET /watch/5045734143192383485.html HTTP/1.1" 200 None
2017-09-16 16:37:51,525 - [connectionpool.py:207] - DEBUG - Starting new HTTP connection (1): baishi.baidu.com
2017-09-16 16:37:51,598 - [webpage_crawler.py:104] - INFO - url:http://baishi.baidu.com/watch/5812290774001908378.html,level:2
2017-09-16 16:37:51,648 - [connectionpool.py:207] - DEBUG - Starting new HTTP connection (1): baishi.baidu.com
2017-09-16 16:37:51,709 - [webpage_crawler.py:104] - INFO - url:http://baishi.baidu.com/watch/4670454851622230073.html,level:2
2017-09-16 16:37:51,785 - [connectionpool.py:207] - DEBUG - Starting new HTTP connection (1): baishi.baidu.com
2017-09-16 16:37:51,872 - [webpage_crawler.py:104] - INFO - url:http://v.baidu.com/tv/,level:2
2017-09-16 16:37:51,876 - [connectionpool.py:395] - DEBUG - http://baishi.baidu.com:80 "GET /watch/4432511386911289872.html HTTP/1.1" 200 None
2017-09-16 16:37:51,903 - [connectionpool.py:207] - DEBUG - Starting new HTTP connection (1): v.baidu.com
2017-09-16 16:37:51,989 - [connectionpool.py:395] - DEBUG - http://baishi.baidu.com:80 "GET /watch/5812290774001908378.html HTTP/1.1" 200 None
2017-09-16 16:37:52,027 - [connectionpool.py:395] - DEBUG - http://v.baidu.com:80 "GET /tv/ HTTP/1.1" 200 None
2017-09-16 16:37:52,076 - [webpage_crawler.py:104] - INFO - url:http://v.baidu.com/show/20985.htm?frp=browse,level:2
2017-09-16 16:37:52,089 - [connectionpool.py:207] - DEBUG - Starting new HTTP connection (1): v.baidu.com
2017-09-16 16:37:52,103 - [connectionpool.py:395] - DEBUG - http://baishi.baidu.com:80 "GET /watch/4670454851622230073.html HTTP/1.1" 200 None
2017-09-16 16:37:52,172 - [connectionpool.py:395] - DEBUG - http://v.baidu.com:80 "GET /show/20985.htm?frp=browse HTTP/1.1" 200 None
2017-09-16 16:37:52,835 - [webpage_crawler.py:104] - INFO - url:http://v.baidu.com/tv/26768.htm?frp=browse,level:2
2017-09-16 16:37:52,839 - [connectionpool.py:207] - DEBUG - Starting new HTTP connection (1): v.baidu.com
2017-09-16 16:37:53,018 - [connectionpool.py:395] - DEBUG - http://v.baidu.com:80 "GET /tv/26768.htm?frp=browse HTTP/1.1" 200 None
2017-09-16 16:37:53,142 - [webpage_crawler.py:104] - INFO - url:http://www.iqiyi.com/,level:2
2017-09-16 16:37:53,142 - [webpage_crawler.py:104] - INFO - url:http://baishi.baidu.com/watch/06845262047291360400.html,level:2
2017-09-16 16:37:53,148 - [connectionpool.py:207] - DEBUG - Starting new HTTP connection (1): www.iqiyi.com
2017-09-16 16:37:53,151 - [connectionpool.py:207] - DEBUG - Starting new HTTP connection (1): baishi.baidu.com
2017-09-16 16:37:53,155 - [webpage_crawler.py:104] - INFO - url:http://baishi.baidu.com/watch/4641574808472520909.html,level:2
2017-09-16 16:37:53,163 - [connectionpool.py:207] - DEBUG - Starting new HTTP connection (1): baishi.baidu.com
2017-09-16 16:37:53,178 - [connectionpool.py:395] - DEBUG - http://www.iqiyi.com:80 "GET / HTTP/1.1" 200 None
2017-09-16 16:37:53,472 - [webpage_crawler.py:104] - INFO - url:http://v.baidu.com/movie/126000.htm?frp=browse,level:2
2017-09-16 16:37:53,479 - [connectionpool.py:207] - DEBUG - Starting new HTTP connection (1): v.baidu.com
2017-09-16 16:37:53,512 - [connectionpool.py:395] - DEBUG - http://baishi.baidu.com:80 "GET /watch/4641574808472520909.html HTTP/1.1" 200 None
2017-09-16 16:37:53,513 - [connectionpool.py:395] - DEBUG - http://baishi.baidu.com:80 "GET /watch/06845262047291360400.html HTTP/1.1" 200 None
2017-09-16 16:37:53,554 - [webpage_crawler.py:104] - INFO - url:http://www.1905.com/,level:2
2017-09-16 16:37:53,567 - [connectionpool.py:207] - DEBUG - Starting new HTTP connection (1): www.1905.com
2017-09-16 16:37:53,622 - [connectionpool.py:395] - DEBUG - http://v.baidu.com:80 "GET /movie/126000.htm?frp=browse HTTP/1.1" 200 None
2017-09-16 16:37:53,667 - [webpage_crawler.py:104] - INFO - url:http://v.baidu.com/movie/130389.htm?frp=browse,level:2
2017-09-16 16:37:53,759 - [webpage_crawler.py:104] - INFO - url:http://baishi.baidu.com/watch/4498932709521739925.html,level:2
2017-09-16 16:37:53,771 - [connectionpool.py:207] - DEBUG - Starting new HTTP connection (1): v.baidu.com
2017-09-16 16:37:53,772 - [connectionpool.py:207] - DEBUG - Starting new HTTP connection (1): baishi.baidu.com
2017-09-16 16:37:54,069 - [connectionpool.py:395] - DEBUG - http://v.baidu.com:80 "GET /movie/130389.htm?frp=browse HTTP/1.1" 200 None
2017-09-16 16:37:54,107 - [connectionpool.py:395] - DEBUG - http://www.1905.com:80 "GET / HTTP/1.1" 200 None
2017-09-16 16:37:54,174 - [webpage_crawler.py:104] - INFO - url:http://baishi.baidu.com/watch/5397973774493319952.html,level:2
2017-09-16 16:37:54,192 - [connectionpool.py:207] - DEBUG - Starting new HTTP connection (1): baishi.baidu.com
2017-09-16 16:37:54,264 - [connectionpool.py:395] - DEBUG - http://baishi.baidu.com:80 "GET /watch/4498932709521739925.html HTTP/1.1" 200 None
2017-09-16 16:37:54,625 - [connectionpool.py:395] - DEBUG - http://baishi.baidu.com:80 "GET /watch/5397973774493319952.html HTTP/1.1" 200 None
2017-09-16 16:37:54,791 - [webpage_crawler.py:104] - INFO - url:http://v.baidu.com/comic/17624.htm?frp=browse,level:2
2017-09-16 16:37:54,796 - [connectionpool.py:207] - DEBUG - Starting new HTTP connection (1): v.baidu.com
2017-09-16 16:37:54,796 - [webpage_crawler.py:104] - INFO - url:http://v.baidu.com/tv/26869.htm?frp=browse,level:2
2017-09-16 16:37:54,800 - [connectionpool.py:207] - DEBUG - Starting new HTTP connection (1): v.baidu.com
2017-09-16 16:37:54,853 - [connectionpool.py:395] - DEBUG - http://v.baidu.com:80 "GET /comic/17624.htm?frp=browse HTTP/1.1" 200 None
2017-09-16 16:37:54,852 - [connectionpool.py:395] - DEBUG - http://v.baidu.com:80 "GET /tv/26869.htm?frp=browse HTTP/1.1" 200 None
2017-09-16 16:37:54,927 - [webpage_crawler.py:104] - INFO - url:http://baishi.baidu.com/watch/5339666223553748823.html,level:2
2017-09-16 16:37:54,927 - [webpage_crawler.py:104] - INFO - url:http://v.baidu.com/show/7888.htm?frp=browse,level:2
2017-09-16 16:37:54,932 - [connectionpool.py:207] - DEBUG - Starting new HTTP connection (1): baishi.baidu.com
2017-09-16 16:37:55,004 - [connectionpool.py:207] - DEBUG - Starting new HTTP connection (1): v.baidu.com
2017-09-16 16:37:55,062 - [connectionpool.py:395] - DEBUG - http://v.baidu.com:80 "GET /show/7888.htm?frp=browse HTTP/1.1" 200 None
2017-09-16 16:37:55,183 - [webpage_crawler.py:104] - INFO - url:http://v.baidu.com/comic/18187.htm?frp=browse,level:2
2017-09-16 16:37:55,187 - [connectionpool.py:207] - DEBUG - Starting new HTTP connection (1): v.baidu.com
2017-09-16 16:37:55,241 - [connectionpool.py:395] - DEBUG - http://v.baidu.com:80 "GET /comic/18187.htm?frp=browse HTTP/1.1" 200 None
2017-09-16 16:37:55,334 - [connectionpool.py:395] - DEBUG - http://baishi.baidu.com:80 "GET /watch/5339666223553748823.html HTTP/1.1" 200 None
2017-09-16 16:37:55,338 - [webpage_crawler.py:104] - INFO - url:http://baishi.baidu.com/watch/06781090558179362124.html,level:2
2017-09-16 16:37:55,342 - [connectionpool.py:207] - DEBUG - Starting new HTTP connection (1): baishi.baidu.com
2017-09-16 16:37:55,406 - [webpage_crawler.py:104] - INFO - url:http://baishi.baidu.com/watch/3907785157472332777.html,level:2
2017-09-16 16:37:55,410 - [connectionpool.py:207] - DEBUG - Starting new HTTP connection (1): baishi.baidu.com
2017-09-16 16:37:55,584 - [connectionpool.py:395] - DEBUG - http://baishi.baidu.com:80 "GET /watch/06781090558179362124.html HTTP/1.1" 200 None
2017-09-16 16:37:55,712 - [webpage_crawler.py:104] - INFO - url:http://v.baidu.com/tv/26901.htm?frp=browse,level:2
2017-09-16 16:37:55,716 - [connectionpool.py:207] - DEBUG - Starting new HTTP connection (1): v.baidu.com
2017-09-16 16:37:55,760 - [connectionpool.py:395] - DEBUG - http://v.baidu.com:80 "GET /tv/26901.htm?frp=browse HTTP/1.1" 200 None
2017-09-16 16:37:55,937 - [webpage_crawler.py:104] - INFO - url:http://baishi.baidu.com/watch/4208439051922685637.html,level:2
2017-09-16 16:37:55,942 - [connectionpool.py:395] - DEBUG - http://baishi.baidu.com:80 "GET /watch/3907785157472332777.html HTTP/1.1" 200 None
2017-09-16 16:37:55,946 - [connectionpool.py:207] - DEBUG - Starting new HTTP connection (1): baishi.baidu.com
2017-09-16 16:37:56,025 - [webpage_crawler.py:104] - INFO - url:http://v.baidu.com/tv/list/filter-true+type-%E6%88%98%E4%BA%89+order-hot+pn-1+channel-tvplay,level:2
2017-09-16 16:37:56,029 - [connectionpool.py:207] - DEBUG - Starting new HTTP connection (1): v.baidu.com
2017-09-16 16:37:56,057 - [connectionpool.py:395] - DEBUG - http://v.baidu.com:80 "GET /tv/list/filter-true+type-%E6%88%98%E4%BA%89+order-hot+pn-1+channel-tvplay HTTP/1.1" 200 None
2017-09-16 16:37:56,172 - [webpage_crawler.py:104] - INFO - url:http://v.baidu.com/movie/127383.htm?frp=browse,level:2
2017-09-16 16:37:56,179 - [connectionpool.py:207] - DEBUG - Starting new HTTP connection (1): v.baidu.com
2017-09-16 16:37:56,268 - [connectionpool.py:395] - DEBUG - http://v.baidu.com:80 "GET /movie/127383.htm?frp=browse HTTP/1.1" 302 0
2017-09-16 16:37:56,291 - [connectionpool.py:395] - DEBUG - http://v.baidu.com:80 "GET /link?url=dm_20Jg0HnMUvGItah1n_HsgNSTtbPKa2_FAteHK8jpyFBvhWwezLIefumFAEKqVBpkRMOoq0tgDB54vLbPWSz50-8M0hK47BzEFcu1dqXkGuC1uTvuTDGTPTg1oqnwpi3Pb-1YS2enT9s0XLV37o0ep8cKXEsRxu&vfm=bdvcsplld&page=moviedetail_br&frp=v.baidu.com/movie_intro/browse&kwid=127383 HTTP/1.1" 200 None
2017-09-16 16:37:56,338 - [webpage_crawler.py:104] - INFO - url:http://baishi.baidu.com/watch/4395401258988006741.html,level:2
2017-09-16 16:37:56,346 - [connectionpool.py:207] - DEBUG - Starting new HTTP connection (1): baishi.baidu.com
2017-09-16 16:37:56,374 - [connectionpool.py:395] - DEBUG - http://baishi.baidu.com:80 "GET /watch/4208439051922685637.html HTTP/1.1" 200 None
2017-09-16 16:37:56,444 - [webpage_crawler.py:104] - INFO - url:http://v.baidu.com/comic,level:2
2017-09-16 16:37:56,480 - [connectionpool.py:207] - DEBUG - Starting new HTTP connection (1): v.baidu.com
2017-09-16 16:37:56,589 - [connectionpool.py:395] - DEBUG - http://baishi.baidu.com:80 "GET /watch/4395401258988006741.html HTTP/1.1" 200 None
2017-09-16 16:37:56,591 - [connectionpool.py:395] - DEBUG - http://v.baidu.com:80 "GET /comic HTTP/1.1" 200 None
2017-09-16 16:37:56,681 - [webpage_crawler.py:104] - INFO - url:http://v.baidu.com/musicindex/,level:2
2017-09-16 16:37:56,820 - [connectionpool.py:207] - DEBUG - Starting new HTTP connection (1): v.baidu.com
2017-09-16 16:37:56,922 - [webpage_crawler.py:104] - INFO - url:http://v.baidu.com/movie/list/filter-true+type-%E5%96%9C%E5%89%A7+order-hot+pn-1+channel-movie,level:2
2017-09-16 16:37:56,932 - [connectionpool.py:207] - DEBUG - Starting new HTTP connection (1): v.baidu.com
2017-09-16 16:37:56,965 - [connectionpool.py:395] - DEBUG - http://v.baidu.com:80 "GET /movie/list/filter-true+type-%E5%96%9C%E5%89%A7+order-hot+pn-1+channel-movie HTTP/1.1" 200 None
2017-09-16 16:37:57,006 - [connectionpool.py:395] - DEBUG - http://v.baidu.com:80 "GET /musicindex/ HTTP/1.1" 200 None
2017-09-16 16:37:57,032 - [webpage_crawler.py:104] - INFO - url:http://baishi.baidu.com/watch/0772311518982176432.html,level:2
2017-09-16 16:37:57,050 - [connectionpool.py:207] - DEBUG - Starting new HTTP connection (1): baishi.baidu.com
2017-09-16 16:37:57,259 - [webpage_crawler.py:104] - INFO - url:http://baishi.baidu.com/watch/3441219086346792841.html,level:2
2017-09-16 16:37:57,304 - [webpage_crawler.py:104] - INFO - url:http://baishi.baidu.com/watch/6779090896890534537.html,level:2
2017-09-16 16:37:57,324 - [connectionpool.py:207] - DEBUG - Starting new HTTP connection (1): baishi.baidu.com
2017-09-16 16:37:57,325 - [connectionpool.py:207] - DEBUG - Starting new HTTP connection (1): baishi.baidu.com
2017-09-16 16:37:57,483 - [webpage_crawler.py:104] - INFO - url:http://baishi.baidu.com/watch/06010174740739331168.html,level:2
2017-09-16 16:37:57,487 - [connectionpool.py:207] - DEBUG - Starting new HTTP connection (1): baishi.baidu.com
2017-09-16 16:37:57,603 - [connectionpool.py:395] - DEBUG - http://baishi.baidu.com:80 "GET /watch/3441219086346792841.html HTTP/1.1" 200 None
2017-09-16 16:37:57,677 - [connectionpool.py:395] - DEBUG - http://baishi.baidu.com:80 "GET /watch/0772311518982176432.html HTTP/1.1" 200 None
2017-09-16 16:37:57,686 - [connectionpool.py:395] - DEBUG - http://baishi.baidu.com:80 "GET /watch/6779090896890534537.html HTTP/1.1" 200 None
2017-09-16 16:37:57,831 - [connectionpool.py:395] - DEBUG - http://baishi.baidu.com:80 "GET /watch/06010174740739331168.html HTTP/1.1" 200 None
2017-09-16 16:37:57,946 - [webpage_crawler.py:104] - INFO - url:http://baidu.iqiyi.com/kan/aFWhU?fr=v.baidu.com/,level:2
2017-09-16 16:37:57,950 - [webpage_crawler.py:104] - INFO - url:http://home.baidu.com/,level:2
2017-09-16 16:37:57,956 - [connectionpool.py:207] - DEBUG - Starting new HTTP connection (1): home.baidu.com
2017-09-16 16:37:57,957 - [connectionpool.py:207] - DEBUG - Starting new HTTP connection (1): baidu.iqiyi.com
2017-09-16 16:37:57,985 - [connectionpool.py:395] - DEBUG - http://baidu.iqiyi.com:80 "GET /kan/aFWhU?fr=v.baidu.com/ HTTP/1.1" 200 None
2017-09-16 16:37:57,990 - [connectionpool.py:395] - DEBUG - http://home.baidu.com:80 "GET / HTTP/1.1" 200 None
2017-09-16 16:37:58,108 - [webpage_crawler.py:104] - INFO - url:http://v.baidu.com/sportindex/,level:2
2017-09-16 16:37:58,120 - [connectionpool.py:207] - DEBUG - Starting new HTTP connection (1): v.baidu.com
2017-09-16 16:37:58,220 - [connectionpool.py:395] - DEBUG - http://v.baidu.com:80 "GET /sportindex/ HTTP/1.1" 200 None
2017-09-16 16:37:58,336 - [webpage_crawler.py:104] - INFO - url:http://baishi.baidu.com/watch/06938036252983525176.html,level:2
2017-09-16 16:37:58,433 - [connectionpool.py:207] - DEBUG - Starting new HTTP connection (1): baishi.baidu.com
2017-09-16 16:37:58,711 - [webpage_crawler.py:104] - INFO - url:http://v.baidu.com/videoop.html,level:2
2017-09-16 16:37:58,715 - [connectionpool.py:207] - DEBUG - Starting new HTTP connection (1): v.baidu.com
2017-09-16 16:37:58,725 - [connectionpool.py:395] - DEBUG - http://baishi.baidu.com:80 "GET /watch/06938036252983525176.html HTTP/1.1" 200 None
2017-09-16 16:37:58,803 - [connectionpool.py:395] - DEBUG - http://v.baidu.com:80 "GET /videoop.html HTTP/1.1" 200 6353
2017-09-16 16:37:58,865 - [webpage_crawler.py:104] - INFO - url:http://baidu.v.ifeng.com/kan/aB957?fr=v.baidu.com/,level:2
2017-09-16 16:37:58,866 - [webpage_crawler.py:104] - INFO - url:http://baishi.baidu.com/watch/4689119924746006115.html,level:2
2017-09-16 16:37:58,893 - [connectionpool.py:207] - DEBUG - Starting new HTTP connection (1): baidu.v.ifeng.com
2017-09-16 16:37:58,894 - [connectionpool.py:207] - DEBUG - Starting new HTTP connection (1): baishi.baidu.com
2017-09-16 16:37:58,924 - [connectionpool.py:395] - DEBUG - http://baidu.v.ifeng.com:80 "GET /kan/aB957?fr=v.baidu.com/ HTTP/1.1" 200 None
2017-09-16 16:37:58,963 - [webpage_crawler.py:104] - INFO - url:http://baishi.baidu.com/watch/4911570460566510935.html?&recFrom=site&list=1,level:2
2017-09-16 16:37:58,968 - [connectionpool.py:207] - DEBUG - Starting new HTTP connection (1): baishi.baidu.com
2017-09-16 16:37:58,999 - [webpage_crawler.py:104] - INFO - url:http://v.baidu.com/channel/history,level:2
2017-09-16 16:37:59,003 - [connectionpool.py:207] - DEBUG - Starting new HTTP connection (1): v.baidu.com
2017-09-16 16:37:59,089 - [connectionpool.py:395] - DEBUG - http://v.baidu.com:80 "GET /channel/history HTTP/1.1" 200 None
2017-09-16 16:37:59,148 - [webpage_crawler.py:104] - INFO - url:http://zhibo.v.baidu.com/6rooms,level:2
2017-09-16 16:37:59,155 - [connectionpool.py:207] - DEBUG - Starting new HTTP connection (1): zhibo.v.baidu.com
2017-09-16 16:37:59,189 - [connectionpool.py:395] - DEBUG - http://zhibo.v.baidu.com:80 "GET /6rooms HTTP/1.1" 200 None
2017-09-16 16:37:59,211 - [connectionpool.py:395] - DEBUG - http://baishi.baidu.com:80 "GET /watch/4689119924746006115.html HTTP/1.1" 200 None
2017-09-16 16:37:59,368 - [connectionpool.py:395] - DEBUG - http://baishi.baidu.com:80 "GET /watch/4911570460566510935.html?&recFrom=site&list=1 HTTP/1.1" 200 None
2017-09-16 16:37:59,449 - [webpage_crawler.py:104] - INFO - url:http://baishi.baidu.com/watch/4333380668249992752.html,level:2
2017-09-16 16:37:59,452 - [connectionpool.py:207] - DEBUG - Starting new HTTP connection (1): baishi.baidu.com
2017-09-16 16:37:59,747 - [connectionpool.py:395] - DEBUG - http://baishi.baidu.com:80 "GET /watch/4333380668249992752.html HTTP/1.1" 200 None
2017-09-16 16:37:59,892 - [webpage_crawler.py:104] - INFO - url:http://baidu.v.ifeng.com/kan/aB9Rv?fr=v.baidu.com/,level:2
2017-09-16 16:37:59,898 - [connectionpool.py:207] - DEBUG - Starting new HTTP connection (1): baidu.v.ifeng.com
2017-09-16 16:37:59,898 - [webpage_crawler.py:104] - INFO - url:http://v.baidu.com/comic/,level:2
2017-09-16 16:37:59,904 - [connectionpool.py:207] - DEBUG - Starting new HTTP connection (1): v.baidu.com
2017-09-16 16:37:59,928 - [connectionpool.py:395] - DEBUG - http://baidu.v.ifeng.com:80 "GET /kan/aB9Rv?fr=v.baidu.com/ HTTP/1.1" 200 None
2017-09-16 16:37:59,944 - [webpage_crawler.py:104] - INFO - url:http://v.baidu.com/movie/128400.htm?frp=browse,level:2
2017-09-16 16:37:59,949 - [connectionpool.py:207] - DEBUG - Starting new HTTP connection (1): v.baidu.com
2017-09-16 16:38:00,003 - [connectionpool.py:395] - DEBUG - http://v.baidu.com:80 "GET /comic/ HTTP/1.1" 200 None
2017-09-16 16:38:00,071 - [connectionpool.py:395] - DEBUG - http://v.baidu.com:80 "GET /movie/128400.htm?frp=browse HTTP/1.1" 302 0
2017-09-16 16:38:00,175 - [webpage_crawler.py:104] - INFO - url:http://baishi.baidu.com/watch/5788552608747223945.html,level:2
2017-09-16 16:38:00,216 - [webpage_crawler.py:104] - INFO - url:http://baishi.baidu.com/watch/04867699933532153390.html,level:2
2017-09-16 16:38:00,221 - [connectionpool.py:207] - DEBUG - Starting new HTTP connection (1): baishi.baidu.com
2017-09-16 16:38:00,265 - [connectionpool.py:207] - DEBUG - Starting new HTTP connection (1): baishi.baidu.com
2017-09-16 16:38:00,280 - [connectionpool.py:395] - DEBUG - http://v.baidu.com:80 "GET /link?url=dm_00pw_klemzAqUjr-Q0lj09RpEh7W2BUQnyxYr0QoTm3hrtp9tcGwVOyA271PAw_rx8xmPoUs8MobMhKuh0yIfzh63xQduPis7to2PSE5pAdnDtzAquieM9vGvYCyCBNoI.&vfm=bdvcsplld&page=moviedetail_br&frp=v.baidu.com/movie_intro/browse&kwid=128400 HTTP/1.1" 200 None
2017-09-16 16:38:00,308 - [webpage_crawler.py:104] - INFO - url:http://baishi.baidu.com/watch/4622016588238848606.html,level:2
2017-09-16 16:38:00,312 - [connectionpool.py:207] - DEBUG - Starting new HTTP connection (1): baishi.baidu.com
2017-09-16 16:38:00,451 - [webpage_crawler.py:104] - INFO - url:http://v.baidu.com/movie/24963.htm,level:2
2017-09-16 16:38:00,455 - [connectionpool.py:207] - DEBUG - Starting new HTTP connection (1): v.baidu.com
2017-09-16 16:38:00,502 - [connectionpool.py:395] - DEBUG - http://baishi.baidu.com:80 "GET /watch/5788552608747223945.html HTTP/1.1" 200 None
2017-09-16 16:38:00,512 - [connectionpool.py:395] - DEBUG - http://baishi.baidu.com:80 "GET /watch/04867699933532153390.html HTTP/1.1" 200 None
2017-09-16 16:38:00,579 - [connectionpool.py:395] - DEBUG - http://v.baidu.com:80 "GET /movie/24963.htm HTTP/1.1" 200 None
2017-09-16 16:38:00,626 - [connectionpool.py:395] - DEBUG - http://baishi.baidu.com:80 "GET /watch/4622016588238848606.html HTTP/1.1" 200 None
2017-09-16 16:38:00,856 - [webpage_crawler.py:104] - INFO - url:http://v.baidu.com/show/20735.htm?frp=browse,level:2
2017-09-16 16:38:00,866 - [connectionpool.py:207] - DEBUG - Starting new HTTP connection (1): v.baidu.com
2017-09-16 16:38:00,921 - [connectionpool.py:395] - DEBUG - http://v.baidu.com:80 "GET /show/20735.htm?frp=browse HTTP/1.1" 200 None
2017-09-16 16:38:01,001 - [webpage_crawler.py:104] - INFO - url:http://baishi.baidu.com/watch/02593838349211993243.html,level:2
2017-09-16 16:38:01,005 - [connectionpool.py:207] - DEBUG - Starting new HTTP connection (1): baishi.baidu.com
2017-09-16 16:38:01,268 - [webpage_crawler.py:104] - INFO - url:http://baishi.baidu.com/watch/7095536714321222551.html,level:2
2017-09-16 16:38:01,272 - [connectionpool.py:207] - DEBUG - Starting new HTTP connection (1): baishi.baidu.com
2017-09-16 16:38:01,291 - [webpage_crawler.py:104] - INFO - url:http://v.baidu.com/,level:2
2017-09-16 16:38:01,296 - [connectionpool.py:207] - DEBUG - Starting new HTTP connection (1): v.baidu.com
2017-09-16 16:38:01,314 - [connectionpool.py:395] - DEBUG - http://baishi.baidu.com:80 "GET /watch/02593838349211993243.html HTTP/1.1" 200 None
2017-09-16 16:38:01,597 - [webpage_crawler.py:104] - INFO - url:http://baishi.baidu.com/watch/5391927269593725617.html,level:2
2017-09-16 16:38:01,601 - [connectionpool.py:207] - DEBUG - Starting new HTTP connection (1): baishi.baidu.com
2017-09-16 16:38:01,612 - [connectionpool.py:395] - DEBUG - http://baishi.baidu.com:80 "GET /watch/7095536714321222551.html HTTP/1.1" 200 None
2017-09-16 16:38:01,672 - [connectionpool.py:395] - DEBUG - http://v.baidu.com:80 "GET / HTTP/1.1" 200 None
2017-09-16 16:38:01,870 - [webpage_crawler.py:104] - INFO - url:http://baidu.v.ifeng.com/kan/aB9JQ?fr=v.baidu.com/,level:2
2017-09-16 16:38:01,870 - [webpage_crawler.py:104] - INFO - url:http://qingting.baidu.com/index?pid=4,level:2
2017-09-16 16:38:01,870 - [webpage_crawler.py:104] - INFO - url:http://v.baidu.com/show/list/filter-true+type-%E7%BA%AA%E5%AE%9E+order-hot+pn-1+channel-tvshow,level:2
2017-09-16 16:38:01,882 - [connectionpool.py:207] - DEBUG - Starting new HTTP connection (1): baidu.v.ifeng.com
2017-09-16 16:38:01,888 - [connectionpool.py:207] - DEBUG - Starting new HTTP connection (1): qingting.baidu.com
2017-09-16 16:38:01,893 - [connectionpool.py:207] - DEBUG - Starting new HTTP connection (1): v.baidu.com
2017-09-16 16:38:01,894 - [connectionpool.py:395] - DEBUG - http://baishi.baidu.com:80 "GET /watch/5391927269593725617.html HTTP/1.1" 200 None
2017-09-16 16:38:01,928 - [connectionpool.py:395] - DEBUG - http://baidu.v.ifeng.com:80 "GET /kan/aB9JQ?fr=v.baidu.com/ HTTP/1.1" 200 None
2017-09-16 16:38:01,958 - [connectionpool.py:395] - DEBUG - http://v.baidu.com:80 "GET /show/list/filter-true+type-%E7%BA%AA%E5%AE%9E+order-hot+pn-1+channel-tvshow HTTP/1.1" 200 None
2017-09-16 16:38:01,962 - [connectionpool.py:395] - DEBUG - http://qingting.baidu.com:80 "GET /index?pid=4 HTTP/1.1" 302 0
2017-09-16 16:38:02,099 - [webpage_crawler.py:104] - INFO - url:http://baishi.baidu.com/watch/1948799862242772711.html,level:2
2017-09-16 16:38:02,176 - [connectionpool.py:207] - DEBUG - Starting new HTTP connection (1): help.baidu.com
2017-09-16 16:38:02,450 - [webpage_crawler.py:104] - INFO - url:http://baidu.pptv.com/kan/aB9Rc?fr=v.baidu.com/,level:2
2017-09-16 16:38:02,501 - [connectionpool.py:207] - DEBUG - Starting new HTTP connection (1): baishi.baidu.com
2017-09-16 16:38:02,625 - [connectionpool.py:207] - DEBUG - Starting new HTTP connection (1): baidu.pptv.com
2017-09-16 16:38:02,631 - [connectionpool.py:395] - DEBUG - http://help.baidu.com:80 "GET /add?prod_id=2 HTTP/1.1" 200 None
2017-09-16 16:38:02,738 - [connectionpool.py:395] - DEBUG - http://baidu.pptv.com:80 "GET /kan/aB9Rc?fr=v.baidu.com/ HTTP/1.1" 200 None
2017-09-16 16:38:02,753 - [webpage_crawler.py:104] - INFO - url:http://v.baidu.com/channel/guangchangwu,level:2
2017-09-16 16:38:02,760 - [connectionpool.py:207] - DEBUG - Starting new HTTP connection (1): v.baidu.com
2017-09-16 16:38:02,826 - [connectionpool.py:395] - DEBUG - http://v.baidu.com:80 "GET /channel/guangchangwu HTTP/1.1" 200 None
2017-09-16 16:38:02,909 - [connectionpool.py:395] - DEBUG - http://baishi.baidu.com:80 "GET /watch/1948799862242772711.html HTTP/1.1" 200 None
2017-09-16 16:38:03,105 - [webpage_crawler.py:104] - INFO - url:http://baishi.baidu.com/watch/3111787700110744331.html,level:2
2017-09-16 16:38:03,109 - [connectionpool.py:207] - DEBUG - Starting new HTTP connection (1): baishi.baidu.com
2017-09-16 16:38:03,182 - [webpage_crawler.py:104] - INFO - url:http://baishi.baidu.com/watch/4485507138615246083.html,level:2
2017-09-16 16:38:03,186 - [connectionpool.py:207] - DEBUG - Starting new HTTP connection (1): baishi.baidu.com
2017-09-16 16:38:03,382 - [connectionpool.py:395] - DEBUG - http://baishi.baidu.com:80 "GET /watch/3111787700110744331.html HTTP/1.1" 200 None
2017-09-16 16:38:03,458 - [connectionpool.py:395] - DEBUG - http://baishi.baidu.com:80 "GET /watch/4485507138615246083.html HTTP/1.1" 200 None
2017-09-16 16:38:03,630 - [webpage_crawler.py:104] - INFO - url:http://v.baidu.com/tv/26884.htm?frp=browse,level:2
2017-09-16 16:38:03,633 - [connectionpool.py:207] - DEBUG - Starting new HTTP connection (1): v.baidu.com
2017-09-16 16:38:03,703 - [connectionpool.py:395] - DEBUG - http://v.baidu.com:80 "GET /tv/26884.htm?frp=browse HTTP/1.1" 200 None
2017-09-16 16:38:03,777 - [webpage_crawler.py:104] - INFO - url:http://www.cztv.com/,level:2
2017-09-16 16:38:03,778 - [webpage_crawler.py:104] - INFO - url:http://baidu.iqiyi.com/kan/aBn2y?fr=v.baidu.com/,level:2
2017-09-16 16:38:03,781 - [webpage_crawler.py:104] - INFO - url:http://v.baidu.com/tv/list/filter-true+type-%E7%BD%91%E5%89%A7+order-hot+pn-1+channel-tvplay,level:2
2017-09-16 16:38:03,783 - [connectionpool.py:207] - DEBUG - Starting new HTTP connection (1): www.cztv.com
2017-09-16 16:38:03,786 - [connectionpool.py:207] - DEBUG - Starting new HTTP connection (1): baidu.iqiyi.com
2017-09-16 16:38:03,789 - [connectionpool.py:207] - DEBUG - Starting new HTTP connection (1): v.baidu.com
2017-09-16 16:38:03,818 - [connectionpool.py:395] - DEBUG - http://baidu.iqiyi.com:80 "GET /kan/aBn2y?fr=v.baidu.com/ HTTP/1.1" 200 None
2017-09-16 16:38:03,827 - [connectionpool.py:395] - DEBUG - http://v.baidu.com:80 "GET /tv/list/filter-true+type-%E7%BD%91%E5%89%A7+order-hot+pn-1+channel-tvplay HTTP/1.1" 200 None
2017-09-16 16:38:03,903 - [connectionpool.py:395] - DEBUG - http://www.cztv.com:80 "GET / HTTP/1.1" 200 None
2017-09-16 16:38:03,905 - [webpage_crawler.py:104] - INFO - url:http://baishi.baidu.com/watch/3604941265523452406.html,level:2
2017-09-16 16:38:03,911 - [connectionpool.py:207] - DEBUG - Starting new HTTP connection (1): baishi.baidu.com
2017-09-16 16:38:04,031 - [webpage_crawler.py:104] - INFO - url:http://music.baidu.com/,level:2
2017-09-16 16:38:04,201 - [connectionpool.py:207] - DEBUG - Starting new HTTP connection (1): music.baidu.com
2017-09-16 16:38:04,276 - [connectionpool.py:395] - DEBUG - http://baishi.baidu.com:80 "GET /watch/3604941265523452406.html HTTP/1.1" 200 None
2017-09-16 16:38:04,457 - [webpage_crawler.py:104] - INFO - url:http://baishi.baidu.com/watch/3986191992068221327.html,level:2
2017-09-16 16:38:04,462 - [connectionpool.py:207] - DEBUG - Starting new HTTP connection (1): baishi.baidu.com
2017-09-16 16:38:04,539 - [webpage_crawler.py:104] - INFO - url:http://baishi.baidu.com/watch/8404897605245762812.html,level:2
2017-09-16 16:38:04,544 - [connectionpool.py:207] - DEBUG - Starting new HTTP connection (1): baishi.baidu.com
2017-09-16 16:38:04,658 - [connectionpool.py:395] - DEBUG - http://music.baidu.com:80 "GET / HTTP/1.1" 200 None
2017-09-16 16:38:04,838 - [webpage_crawler.py:104] - INFO - url:http://v.baidu.com/movie/15503.htm?frp=browse,level:2
2017-09-16 16:38:04,849 - [webpage_crawler.py:104] - INFO - url:http://v.baidu.com/movie/list/filter-true+type-%E7%A7%91%E5%B9%BB+order-hot+pn-1+channel-movie,level:2
2017-09-16 16:38:04,917 - [connectionpool.py:395] - DEBUG - http://baishi.baidu.com:80 "GET /watch/8404897605245762812.html HTTP/1.1" 200 None
2017-09-16 16:38:04,919 - [webpage_crawler.py:104] - INFO - url:http://baishi.baidu.com/watch/01584423619957607939.html,level:2
2017-09-16 16:38:04,933 - [connectionpool.py:207] - DEBUG - Starting new HTTP connection (1): v.baidu.com
2017-09-16 16:38:04,933 - [connectionpool.py:207] - DEBUG - Starting new HTTP connection (1): v.baidu.com
2017-09-16 16:38:05,009 - [connectionpool.py:395] - DEBUG - http://baishi.baidu.com:80 "GET /watch/3986191992068221327.html HTTP/1.1" 200 None
2017-09-16 16:38:05,093 - [connectionpool.py:207] - DEBUG - Starting new HTTP connection (1): baishi.baidu.com
2017-09-16 16:38:05,189 - [connectionpool.py:395] - DEBUG - http://v.baidu.com:80 "GET /movie/list/filter-true+type-%E7%A7%91%E5%B9%BB+order-hot+pn-1+channel-movie HTTP/1.1" 200 None
2017-09-16 16:38:05,251 - [connectionpool.py:395] - DEBUG - http://v.baidu.com:80 "GET /movie/15503.htm?frp=browse HTTP/1.1" 200 None
2017-09-16 16:38:05,325 - [webpage_crawler.py:104] - INFO - url:http://baidu.iqiyi.com/kan/aBhVv?fr=v.baidu.com/,level:2
2017-09-16 16:38:05,372 - [connectionpool.py:207] - DEBUG - Starting new HTTP connection (1): baidu.iqiyi.com
2017-09-16 16:38:05,387 - [webpage_crawler.py:104] - INFO - url:http://baidu.iqiyi.com/kan/aBn28?fr=v.baidu.com/,level:2
2017-09-16 16:38:05,391 - [connectionpool.py:207] - DEBUG - Starting new HTTP connection (1): baidu.iqiyi.com
2017-09-16 16:38:05,427 - [connectionpool.py:395] - DEBUG - http://baishi.baidu.com:80 "GET /watch/01584423619957607939.html HTTP/1.1" 200 None
2017-09-16 16:38:05,917 - [connectionpool.py:395] - DEBUG - http://baidu.iqiyi.com:80 "GET /kan/aBn28?fr=v.baidu.com/ HTTP/1.1" 200 None
2017-09-16 16:38:05,918 - [connectionpool.py:395] - DEBUG - http://baidu.iqiyi.com:80 "GET /kan/aBhVv?fr=v.baidu.com/ HTTP/1.1" 200 None
2017-09-16 16:38:06,144 - [webpage_crawler.py:104] - INFO - url:http://v.baidu.com/comic/15268.htm?frp=browse,level:2
2017-09-16 16:38:06,153 - [connectionpool.py:207] - DEBUG - Starting new HTTP connection (1): v.baidu.com
2017-09-16 16:38:06,218 - [connectionpool.py:395] - DEBUG - http://v.baidu.com:80 "GET /comic/15268.htm?frp=browse HTTP/1.1" 200 None
2017-09-16 16:38:06,377 - [webpage_crawler.py:104] - INFO - url:http://baishi.baidu.com/watch/03356719563210339015.html,level:2
2017-09-16 16:38:06,378 - [webpage_crawler.py:104] - INFO - url:http://www.wasu.cn/,level:2
2017-09-16 16:38:06,381 - [webpage_crawler.py:104] - INFO - url:http://v.baidu.com/v?word=%E9%A9%AC%E4%BC%8A%E7%90%8D%E5%90%8C%E6%83%85%E5%A7%9A%E7%AC%9B&ct=301989888&rn=27&pn=0&db=0&s=0&fbl=800&ie=utf-8,level:2
2017-09-16 16:38:06,400 - [connectionpool.py:207] - DEBUG - Starting new HTTP connection (1): baishi.baidu.com
2017-09-16 16:38:06,402 - [connectionpool.py:207] - DEBUG - Starting new HTTP connection (1): v.baidu.com
2017-09-16 16:38:06,403 - [connectionpool.py:207] - DEBUG - Starting new HTTP connection (1): www.wasu.cn
2017-09-16 16:38:06,505 - [webpage_crawler.py:104] - INFO - url:http://v.baidu.com/v?word=%E5%89%8D%E5%A5%B3%E5%8F%8B%E6%9B%9D%E8%A2%AB%E8%96%9B%E4%B9%8B%E8%B0%A6%E9%AA%97%E5%8D%83%E4%B8%87&ct=301989888&rn=27&pn=0&db=0&s=0&fbl=800&ie=utf-8,level:2
2017-09-16 16:38:06,509 - [connectionpool.py:207] - DEBUG - Starting new HTTP connection (1): v.baidu.com
2017-09-16 16:38:06,510 - [connectionpool.py:395] - DEBUG - http://www.wasu.cn:80 "GET / HTTP/1.1" 301 278
2017-09-16 16:38:06,520 - [connectionpool.py:818] - DEBUG - Starting new HTTPS connection (1): www.wasu.cn
2017-09-16 16:38:06,523 - [connectionpool.py:395] - DEBUG - http://v.baidu.com:80 "GET /v?word=%E9%A9%AC%E4%BC%8A%E7%90%8D%E5%90%8C%E6%83%85%E5%A7%9A%E7%AC%9B&ct=301989888&rn=27&pn=0&db=0&s=0&fbl=800&ie=utf-8 HTTP/1.1" 200 None
2017-09-16 16:38:06,643 - [connectionpool.py:395] - DEBUG - http://v.baidu.com:80 "GET /v?word=%E5%89%8D%E5%A5%B3%E5%8F%8B%E6%9B%9D%E8%A2%AB%E8%96%9B%E4%B9%8B%E8%B0%A6%E9%AA%97%E5%8D%83%E4%B8%87&ct=301989888&rn=27&pn=0&db=0&s=0&fbl=800&ie=utf-8 HTTP/1.1" 200 None
2017-09-16 16:38:06,675 - [connectionpool.py:395] - DEBUG - http://baishi.baidu.com:80 "GET /watch/03356719563210339015.html HTTP/1.1" 200 None
2017-09-16 16:38:06,853 - [connectionpool.py:395] - DEBUG - https://www.wasu.cn:443 "GET / HTTP/1.1" 200 32472
2017-09-16 16:38:07,097 - [webpage_crawler.py:104] - INFO - url:http://v.baidu.com/movie/127428.htm?frp=browse,level:2
2017-09-16 16:38:07,097 - [webpage_crawler.py:104] - INFO - url:http://v.baidu.com/v?word=%E6%88%98%E7%8B%BC2%E5%A5%B3%E4%B8%BB%E9%81%AD%E6%BD%9C%E8%A7%84%E5%88%99&ct=301989888&rn=27&pn=0&db=0&s=0&fbl=800&ie=utf-8,level:2
2017-09-16 16:38:07,104 - [webpage_crawler.py:104] - INFO - url:http://v.baidu.com/channel/xiaopin,level:2
2017-09-16 16:38:07,338 - [connectionpool.py:207] - DEBUG - Starting new HTTP connection (1): v.baidu.com
2017-09-16 16:38:07,384 - [webpage_crawler.py:104] - INFO - url:http://v.baidu.com/show/list/filter-true+type-%E7%9C%9F%E4%BA%BA%E7%A7%80+order-hot+pn-1+channel-tvshow,level:2
2017-09-16 16:38:07,386 - [connectionpool.py:207] - DEBUG - Starting new HTTP connection (1): v.baidu.com
2017-09-16 16:38:07,402 - [connectionpool.py:207] - DEBUG - Starting new HTTP connection (1): v.baidu.com
2017-09-16 16:38:07,419 - [connectionpool.py:207] - DEBUG - Starting new HTTP connection (1): v.baidu.com
2017-09-16 16:38:07,579 - [connectionpool.py:395] - DEBUG - http://v.baidu.com:80 "GET /movie/127428.htm?frp=browse HTTP/1.1" 200 None
2017-09-16 16:38:07,634 - [connectionpool.py:395] - DEBUG - http://v.baidu.com:80 "GET /show/list/filter-true+type-%E7%9C%9F%E4%BA%BA%E7%A7%80+order-hot+pn-1+channel-tvshow HTTP/1.1" 200 None
2017-09-16 16:38:07,716 - [connectionpool.py:395] - DEBUG - http://v.baidu.com:80 "GET /v?word=%E6%88%98%E7%8B%BC2%E5%A5%B3%E4%B8%BB%E9%81%AD%E6%BD%9C%E8%A7%84%E5%88%99&ct=301989888&rn=27&pn=0&db=0&s=0&fbl=800&ie=utf-8 HTTP/1.1" 200 None
2017-09-16 16:38:07,722 - [connectionpool.py:395] - DEBUG - http://v.baidu.com:80 "GET /channel/xiaopin HTTP/1.1" 200 None
2017-09-16 16:38:07,875 - [webpage_crawler.py:104] - INFO - url:http://v.baidu.com/topic/nnhkyzy,level:2
2017-09-16 16:38:08,239 - [connectionpool.py:207] - DEBUG - Starting new HTTP connection (1): v.baidu.com
2017-09-16 16:38:08,381 - [connectionpool.py:395] - DEBUG - http://v.baidu.com:80 "GET /topic/nnhkyzy HTTP/1.1" 200 None
2017-09-16 16:38:09,058 - [webpage_crawler.py:104] - INFO - url:http://baishi.baidu.com/watch/08798671514124403704.html,level:2
2017-09-16 16:38:09,134 - [webpage_crawler.py:104] - INFO - url:http://baishi.baidu.com/watch/4484209352970681681.html,level:2
2017-09-16 16:38:09,595 - [connectionpool.py:207] - DEBUG - Starting new HTTP connection (1): baishi.baidu.com
2017-09-16 16:38:09,613 - [connectionpool.py:207] - DEBUG - Starting new HTTP connection (1): baishi.baidu.com
2017-09-16 16:38:10,174 - [connectionpool.py:395] - DEBUG - http://baishi.baidu.com:80 "GET /watch/4484209352970681681.html HTTP/1.1" 200 None
2017-09-16 16:38:10,203 - [connectionpool.py:395] - DEBUG - http://baishi.baidu.com:80 "GET /watch/08798671514124403704.html HTTP/1.1" 200 None
2017-09-16 16:38:51,930 - [mini_spider.py:70] - INFO - Starting mini spider
2017-09-16 16:38:58,510 - [webpage_crawler.py:104] - INFO - url:http://www.baidu.com
,level:0
2017-09-16 16:38:58,524 - [connectionpool.py:207] - DEBUG - Starting new HTTP connection (1): www.baidu.com
2017-09-16 16:38:58,540 - [connectionpool.py:395] - DEBUG - http://www.baidu.com:80 "GET / HTTP/1.1" 200 None
2017-09-16 16:39:16,050 - [mini_spider.py:70] - INFO - Starting mini spider
2017-09-16 16:39:17,217 - [webpage_crawler.py:104] - INFO - url:http://www.baidu.com
,level:0
2017-09-16 16:39:17,236 - [connectionpool.py:207] - DEBUG - Starting new HTTP connection (1): www.baidu.com
2017-09-16 16:39:17,250 - [connectionpool.py:395] - DEBUG - http://www.baidu.com:80 "GET / HTTP/1.1" 200 None
2017-09-16 16:39:31,449 - [webpage_crawler.py:104] - INFO - url:http://map.baidu.com,level:1
2017-09-16 16:39:31,450 - [webpage_crawler.py:104] - INFO - url:http://ir.baidu.com,level:1
2017-09-16 16:39:31,450 - [webpage_crawler.py:104] - INFO - url:http://home.baidu.com,level:1
2017-09-16 16:39:31,450 - [webpage_crawler.py:104] - INFO - url:http://jianyi.baidu.com/,level:1
2017-09-16 16:39:31,451 - [webpage_crawler.py:104] - INFO - url:http://news.baidu.com,level:1
2017-09-16 16:39:31,451 - [webpage_crawler.py:104] - INFO - url:http://tieba.baidu.com,level:1
2017-09-16 16:39:31,452 - [webpage_crawler.py:104] - INFO - url:http://www.hao123.com,level:1
2017-09-16 16:39:31,465 - [connectionpool.py:207] - DEBUG - Starting new HTTP connection (1): ir.baidu.com
2017-09-16 16:39:31,468 - [connectionpool.py:207] - DEBUG - Starting new HTTP connection (1): map.baidu.com
2017-09-16 16:39:31,477 - [connectionpool.py:207] - DEBUG - Starting new HTTP connection (1): home.baidu.com
2017-09-16 16:39:31,478 - [connectionpool.py:207] - DEBUG - Starting new HTTP connection (1): jianyi.baidu.com
2017-09-16 16:39:31,479 - [connectionpool.py:207] - DEBUG - Starting new HTTP connection (1): www.hao123.com
2017-09-16 16:39:31,491 - [connectionpool.py:207] - DEBUG - Starting new HTTP connection (1): news.baidu.com
2017-09-16 16:39:31,495 - [connectionpool.py:207] - DEBUG - Starting new HTTP connection (1): tieba.baidu.com
2017-09-16 16:39:31,580 - [connectionpool.py:395] - DEBUG - http://map.baidu.com:80 "GET / HTTP/1.1" 200 None
2017-09-16 16:39:31,922 - [connectionpool.py:395] - DEBUG - http://jianyi.baidu.com:80 "GET / HTTP/1.1" 302 0
2017-09-16 16:39:31,930 - [connectionpool.py:395] - DEBUG - http://home.baidu.com:80 "GET / HTTP/1.1" 200 None
2017-09-16 16:39:31,932 - [connectionpool.py:207] - DEBUG - Starting new HTTP connection (1): help.baidu.com
2017-09-16 16:39:31,998 - [connectionpool.py:395] - DEBUG - http://ir.baidu.com:80 "GET / HTTP/1.1" 302 749
2017-09-16 16:39:32,223 - [connectionpool.py:395] - DEBUG - http://ir.baidu.com:80 "GET /phoenix.zhtml?c=188488&p=irol-irhome HTTP/1.1" 200 4210
2017-09-16 16:39:32,343 - [connectionpool.py:395] - DEBUG - http://tieba.baidu.com:80 "GET / HTTP/1.1" 302 0
2017-09-16 16:39:32,350 - [connectionpool.py:818] - DEBUG - Starting new HTTPS connection (1): tieba.baidu.com
2017-09-16 16:39:32,368 - [connectionpool.py:395] - DEBUG - http://news.baidu.com:80 "GET / HTTP/1.1" 200 None
2017-09-16 16:39:32,441 - [connectionpool.py:395] - DEBUG - http://www.hao123.com:80 "GET / HTTP/1.1" 200 None
2017-09-16 16:39:32,441 - [connectionpool.py:395] - DEBUG - http://help.baidu.com:80 "GET / HTTP/1.1" 200 None
2017-09-16 16:39:32,459 - [webpage_crawler.py:104] - INFO - url:http://v.baidu.com,level:1
2017-09-16 16:39:32,523 - [connectionpool.py:207] - DEBUG - Starting new HTTP connection (1): v.baidu.com
2017-09-16 16:39:32,624 - [webpage_crawler.py:104] - INFO - url:http://www.baidu.com/duty/,level:1
2017-09-16 16:39:32,641 - [connectionpool.py:395] - DEBUG - https://tieba.baidu.com:443 "GET /index.html HTTP/1.1" 200 None
2017-09-16 16:39:32,646 - [connectionpool.py:207] - DEBUG - Starting new HTTP connection (1): www.baidu.com
2017-09-16 16:39:33,135 - [connectionpool.py:395] - DEBUG - http://www.baidu.com:80 "GET /duty/ HTTP/1.1" 200 2451
2017-09-16 16:39:33,441 - [connectionpool.py:395] - DEBUG - http://v.baidu.com:80 "GET / HTTP/1.1" 200 None
2017-09-16 16:39:35,940 - [mini_spider.py:70] - INFO - Starting mini spider
2017-09-16 16:39:35,944 - [webpage_crawler.py:104] - INFO - url:http://www.baidu.com
,level:0
2017-09-16 16:39:35,955 - [connectionpool.py:207] - DEBUG - Starting new HTTP connection (1): www.baidu.com
2017-09-16 16:39:35,970 - [connectionpool.py:395] - DEBUG - http://www.baidu.com:80 "GET / HTTP/1.1" 200 None
2017-09-16 16:39:35,986 - [webpage_crawler.py:104] - INFO - url:http://map.baidu.com,level:1
2017-09-16 16:39:35,988 - [webpage_crawler.py:104] - INFO - url:http://ir.baidu.com,level:1
2017-09-16 16:39:35,991 - [webpage_crawler.py:104] - INFO - url:http://news.baidu.com,level:1
2017-09-16 16:39:35,991 - [webpage_crawler.py:104] - INFO - url:http://home.baidu.com,level:1
2017-09-16 16:39:35,991 - [webpage_crawler.py:104] - INFO - url:http://jianyi.baidu.com/,level:1
2017-09-16 16:39:35,991 - [webpage_crawler.py:104] - INFO - url:http://tieba.baidu.com,level:1
2017-09-16 16:39:35,991 - [webpage_crawler.py:104] - INFO - url:http://www.hao123.com,level:1
2017-09-16 16:39:35,992 - [connectionpool.py:207] - DEBUG - Starting new HTTP connection (1): map.baidu.com
2017-09-16 16:39:36,010 - [connectionpool.py:207] - DEBUG - Starting new HTTP connection (1): ir.baidu.com
2017-09-16 16:39:36,019 - [connectionpool.py:207] - DEBUG - Starting new HTTP connection (1): home.baidu.com
2017-09-16 16:39:36,020 - [connectionpool.py:207] - DEBUG - Starting new HTTP connection (1): news.baidu.com
2017-09-16 16:39:36,022 - [connectionpool.py:207] - DEBUG - Starting new HTTP connection (1): tieba.baidu.com
2017-09-16 16:39:36,024 - [connectionpool.py:207] - DEBUG - Starting new HTTP connection (1): jianyi.baidu.com
2017-09-16 16:39:36,026 - [connectionpool.py:207] - DEBUG - Starting new HTTP connection (1): www.hao123.com
2017-09-16 16:39:36,053 - [connectionpool.py:395] - DEBUG - http://tieba.baidu.com:80 "GET / HTTP/1.1" 302 0
2017-09-16 16:39:36,062 - [connectionpool.py:395] - DEBUG - http://jianyi.baidu.com:80 "GET / HTTP/1.1" 302 0
2017-09-16 16:39:36,064 - [connectionpool.py:395] - DEBUG - http://home.baidu.com:80 "GET / HTTP/1.1" 200 None
2017-09-16 16:39:36,074 - [connectionpool.py:207] - DEBUG - Starting new HTTP connection (1): help.baidu.com
2017-09-16 16:39:36,076 - [connectionpool.py:818] - DEBUG - Starting new HTTPS connection (1): tieba.baidu.com
2017-09-16 16:39:36,110 - [connectionpool.py:395] - DEBUG - http://news.baidu.com:80 "GET / HTTP/1.1" 200 None
2017-09-16 16:39:36,177 - [connectionpool.py:395] - DEBUG - http://map.baidu.com:80 "GET / HTTP/1.1" 200 None
2017-09-16 16:39:36,216 - [connectionpool.py:395] - DEBUG - http://help.baidu.com:80 "GET / HTTP/1.1" 200 None
2017-09-16 16:39:36,217 - [connectionpool.py:395] - DEBUG - http://www.hao123.com:80 "GET / HTTP/1.1" 200 None
2017-09-16 16:39:36,566 - [connectionpool.py:395] - DEBUG - http://ir.baidu.com:80 "GET / HTTP/1.1" 302 749
2017-09-16 16:39:36,632 - [connectionpool.py:395] - DEBUG - https://tieba.baidu.com:443 "GET /index.html HTTP/1.1" 200 None
2017-09-16 16:39:36,885 - [connectionpool.py:395] - DEBUG - http://ir.baidu.com:80 "GET /phoenix.zhtml?c=188488&p=irol-irhome HTTP/1.1" 200 4210
2017-09-16 16:39:37,059 - [webpage_crawler.py:104] - INFO - url:http://v.baidu.com,level:1
2017-09-16 16:39:37,158 - [connectionpool.py:207] - DEBUG - Starting new HTTP connection (1): v.baidu.com
2017-09-16 16:39:37,692 - [webpage_crawler.py:104] - INFO - url:http://www.baidu.com/duty/,level:1
2017-09-16 16:39:37,696 - [connectionpool.py:207] - DEBUG - Starting new HTTP connection (1): www.baidu.com
2017-09-16 16:39:37,708 - [connectionpool.py:395] - DEBUG - http://www.baidu.com:80 "GET /duty/ HTTP/1.1" 200 2451
2017-09-16 16:39:38,050 - [connectionpool.py:395] - DEBUG - http://v.baidu.com:80 "GET / HTTP/1.1" 200 None
2017-09-16 16:40:02,902 - [mini_spider.py:70] - INFO - Starting mini spider
2017-09-16 16:40:02,907 - [webpage_crawler.py:104] - INFO - url:http://www.baidu.com
,level:0
2017-09-16 16:40:02,921 - [connectionpool.py:207] - DEBUG - Starting new HTTP connection (1): www.baidu.com
2017-09-16 16:40:02,943 - [connectionpool.py:395] - DEBUG - http://www.baidu.com:80 "GET / HTTP/1.1" 200 None
2017-09-16 16:40:02,959 - [webpage_crawler.py:104] - INFO - url:http://map.baidu.com,level:1
2017-09-16 16:40:02,959 - [webpage_crawler.py:104] - INFO - url:http://ir.baidu.com,level:1
2017-09-16 16:40:02,961 - [webpage_crawler.py:104] - INFO - url:http://home.baidu.com,level:1
2017-09-16 16:40:02,961 - [webpage_crawler.py:104] - INFO - url:http://jianyi.baidu.com/,level:1
2017-09-16 16:40:02,963 - [webpage_crawler.py:104] - INFO - url:http://news.baidu.com,level:1
2017-09-16 16:40:02,964 - [connectionpool.py:207] - DEBUG - Starting new HTTP connection (1): map.baidu.com
2017-09-16 16:40:02,964 - [webpage_crawler.py:104] - INFO - url:http://tieba.baidu.com,level:1
2017-09-16 16:40:02,964 - [webpage_crawler.py:104] - INFO - url:http://www.hao123.com,level:1
2017-09-16 16:40:02,970 - [connectionpool.py:207] - DEBUG - Starting new HTTP connection (1): ir.baidu.com
2017-09-16 16:40:02,978 - [connectionpool.py:207] - DEBUG - Starting new HTTP connection (1): home.baidu.com
2017-09-16 16:40:02,994 - [connectionpool.py:207] - DEBUG - Starting new HTTP connection (1): www.hao123.com
2017-09-16 16:40:02,995 - [connectionpool.py:207] - DEBUG - Starting new HTTP connection (1): news.baidu.com
2017-09-16 16:40:02,996 - [connectionpool.py:207] - DEBUG - Starting new HTTP connection (1): jianyi.baidu.com
2017-09-16 16:40:02,997 - [connectionpool.py:207] - DEBUG - Starting new HTTP connection (1): tieba.baidu.com
2017-09-16 16:40:03,032 - [connectionpool.py:395] - DEBUG - http://jianyi.baidu.com:80 "GET / HTTP/1.1" 302 0
2017-09-16 16:40:03,033 - [connectionpool.py:395] - DEBUG - http://home.baidu.com:80 "GET / HTTP/1.1" 200 None
2017-09-16 16:40:03,034 - [connectionpool.py:395] - DEBUG - http://tieba.baidu.com:80 "GET / HTTP/1.1" 302 0
2017-09-16 16:40:03,056 - [connectionpool.py:395] - DEBUG - http://news.baidu.com:80 "GET / HTTP/1.1" 200 None
2017-09-16 16:40:03,058 - [connectionpool.py:207] - DEBUG - Starting new HTTP connection (1): help.baidu.com
2017-09-16 16:40:03,110 - [connectionpool.py:395] - DEBUG - http://map.baidu.com:80 "GET / HTTP/1.1" 200 None
2017-09-16 16:40:03,122 - [connectionpool.py:818] - DEBUG - Starting new HTTPS connection (1): tieba.baidu.com
2017-09-16 16:40:03,169 - [connectionpool.py:395] - DEBUG - http://help.baidu.com:80 "GET / HTTP/1.1" 200 None
2017-09-16 16:40:03,178 - [connectionpool.py:395] - DEBUG - http://www.hao123.com:80 "GET / HTTP/1.1" 200 None
2017-09-16 16:40:03,472 - [connectionpool.py:395] - DEBUG - https://tieba.baidu.com:443 "GET /index.html HTTP/1.1" 200 None
2017-09-16 16:40:03,525 - [connectionpool.py:395] - DEBUG - http://ir.baidu.com:80 "GET / HTTP/1.1" 302 749
2017-09-16 16:40:03,704 - [connectionpool.py:395] - DEBUG - http://ir.baidu.com:80 "GET /phoenix.zhtml?c=188488&p=irol-irhome HTTP/1.1" 200 4210
2017-09-16 16:40:04,001 - [webpage_crawler.py:104] - INFO - url:http://v.baidu.com,level:1
2017-09-16 16:40:04,256 - [connectionpool.py:207] - DEBUG - Starting new HTTP connection (1): v.baidu.com
2017-09-16 16:40:04,431 - [webpage_crawler.py:104] - INFO - url:http://www.baidu.com/duty/,level:1
2017-09-16 16:40:04,435 - [connectionpool.py:207] - DEBUG - Starting new HTTP connection (1): www.baidu.com
2017-09-16 16:40:04,450 - [connectionpool.py:395] - DEBUG - http://www.baidu.com:80 "GET /duty/ HTTP/1.1" 200 2451
2017-09-16 16:40:04,694 - [connectionpool.py:395] - DEBUG - http://v.baidu.com:80 "GET / HTTP/1.1" 200 None
2017-09-16 16:40:20,496 - [mini_spider.py:70] - INFO - Starting mini spider
2017-09-16 16:40:20,500 - [webpage_crawler.py:104] - INFO - url:http://www.baidu.com
,level:0
2017-09-16 16:40:20,510 - [connectionpool.py:207] - DEBUG - Starting new HTTP connection (1): www.baidu.com
2017-09-16 16:40:20,524 - [connectionpool.py:395] - DEBUG - http://www.baidu.com:80 "GET / HTTP/1.1" 200 None
2017-09-16 16:40:20,540 - [webpage_crawler.py:104] - INFO - url:http://map.baidu.com,level:1
2017-09-16 16:40:20,541 - [webpage_crawler.py:104] - INFO - url:http://ir.baidu.com,level:1
2017-09-16 16:40:20,541 - [webpage_crawler.py:104] - INFO - url:http://home.baidu.com,level:1
2017-09-16 16:40:20,541 - [webpage_crawler.py:104] - INFO - url:http://jianyi.baidu.com/,level:1
2017-09-16 16:40:20,543 - [webpage_crawler.py:104] - INFO - url:http://news.baidu.com,level:1
2017-09-16 16:40:20,546 - [webpage_crawler.py:104] - INFO - url:http://tieba.baidu.com,level:1
2017-09-16 16:40:20,552 - [webpage_crawler.py:104] - INFO - url:http://www.hao123.com,level:1
2017-09-16 16:40:20,558 - [connectionpool.py:207] - DEBUG - Starting new HTTP connection (1): home.baidu.com
2017-09-16 16:40:20,558 - [connectionpool.py:207] - DEBUG - Starting new HTTP connection (1): map.baidu.com
2017-09-16 16:40:20,560 - [connectionpool.py:207] - DEBUG - Starting new HTTP connection (1): news.baidu.com
2017-09-16 16:40:20,563 - [connectionpool.py:207] - DEBUG - Starting new HTTP connection (1): ir.baidu.com
2017-09-16 16:40:20,564 - [connectionpool.py:207] - DEBUG - Starting new HTTP connection (1): jianyi.baidu.com
2017-09-16 16:40:20,566 - [connectionpool.py:207] - DEBUG - Starting new HTTP connection (1): www.hao123.com
2017-09-16 16:40:20,567 - [connectionpool.py:207] - DEBUG - Starting new HTTP connection (1): tieba.baidu.com
2017-09-16 16:40:20,607 - [connectionpool.py:395] - DEBUG - http://home.baidu.com:80 "GET / HTTP/1.1" 200 None
2017-09-16 16:40:20,610 - [connectionpool.py:395] - DEBUG - http://tieba.baidu.com:80 "GET / HTTP/1.1" 302 0
2017-09-16 16:40:20,610 - [connectionpool.py:395] - DEBUG - http://jianyi.baidu.com:80 "GET / HTTP/1.1" 302 0
2017-09-16 16:40:20,625 - [connectionpool.py:818] - DEBUG - Starting new HTTPS connection (1): tieba.baidu.com
2017-09-16 16:40:20,644 - [connectionpool.py:395] - DEBUG - http://news.baidu.com:80 "GET / HTTP/1.1" 200 None
2017-09-16 16:40:20,740 - [connectionpool.py:207] - DEBUG - Starting new HTTP connection (1): help.baidu.com
2017-09-16 16:40:20,742 - [connectionpool.py:395] - DEBUG - http://map.baidu.com:80 "GET / HTTP/1.1" 200 None
2017-09-16 16:40:20,774 - [connectionpool.py:395] - DEBUG - http://www.hao123.com:80 "GET / HTTP/1.1" 200 None
2017-09-16 16:40:21,043 - [connectionpool.py:395] - DEBUG - http://help.baidu.com:80 "GET / HTTP/1.1" 200 None
2017-09-16 16:40:21,141 - [connectionpool.py:395] - DEBUG - http://ir.baidu.com:80 "GET / HTTP/1.1" 302 749
2017-09-16 16:40:21,265 - [connectionpool.py:395] - DEBUG - https://tieba.baidu.com:443 "GET /index.html HTTP/1.1" 200 None
2017-09-16 16:40:21,417 - [connectionpool.py:395] - DEBUG - http://ir.baidu.com:80 "GET /phoenix.zhtml?c=188488&p=irol-irhome HTTP/1.1" 200 4210
2017-09-16 16:40:21,559 - [webpage_crawler.py:104] - INFO - url:http://v.baidu.com,level:1
2017-09-16 16:40:21,592 - [connectionpool.py:207] - DEBUG - Starting new HTTP connection (1): v.baidu.com
2017-09-16 16:40:21,946 - [connectionpool.py:395] - DEBUG - http://v.baidu.com:80 "GET / HTTP/1.1" 200 None
2017-09-16 16:40:22,143 - [webpage_crawler.py:104] - INFO - url:http://www.baidu.com/duty/,level:1
2017-09-16 16:40:22,265 - [connectionpool.py:207] - DEBUG - Starting new HTTP connection (1): www.baidu.com
2017-09-16 16:40:22,460 - [connectionpool.py:395] - DEBUG - http://www.baidu.com:80 "GET /duty/ HTTP/1.1" 200 2451
2017-09-16 16:41:08,542 - [mini_spider.py:70] - INFO - Starting mini spider
2017-09-16 16:41:08,547 - [webpage_crawler.py:104] - INFO - url:http://www.baidu.com
,level:0
2017-09-16 16:41:08,556 - [connectionpool.py:207] - DEBUG - Starting new HTTP connection (1): www.baidu.com
2017-09-16 16:41:08,578 - [connectionpool.py:395] - DEBUG - http://www.baidu.com:80 "GET / HTTP/1.1" 200 None
2017-09-16 16:41:08,593 - [webpage_crawler.py:104] - INFO - url:http://map.baidu.com,level:1
2017-09-16 16:41:08,593 - [webpage_crawler.py:104] - INFO - url:http://ir.baidu.com,level:1
2017-09-16 16:41:08,595 - [webpage_crawler.py:104] - INFO - url:http://home.baidu.com,level:1
2017-09-16 16:41:08,595 - [webpage_crawler.py:104] - INFO - url:http://jianyi.baidu.com/,level:1
2017-09-16 16:41:08,596 - [webpage_crawler.py:104] - INFO - url:http://news.baidu.com,level:1
2017-09-16 16:41:08,597 - [webpage_crawler.py:104] - INFO - url:http://tieba.baidu.com,level:1
2017-09-16 16:41:08,599 - [webpage_crawler.py:104] - INFO - url:http://www.hao123.com,level:1
2017-09-16 16:41:08,607 - [connectionpool.py:207] - DEBUG - Starting new HTTP connection (1): ir.baidu.com
2017-09-16 16:41:08,608 - [connectionpool.py:207] - DEBUG - Starting new HTTP connection (1): map.baidu.com
2017-09-16 16:41:08,612 - [connectionpool.py:207] - DEBUG - Starting new HTTP connection (1): home.baidu.com
2017-09-16 16:41:08,616 - [connectionpool.py:207] - DEBUG - Starting new HTTP connection (1): news.baidu.com
2017-09-16 16:41:08,619 - [connectionpool.py:207] - DEBUG - Starting new HTTP connection (1): jianyi.baidu.com
2017-09-16 16:41:08,619 - [connectionpool.py:207] - DEBUG - Starting new HTTP connection (1): tieba.baidu.com
2017-09-16 16:41:08,620 - [connectionpool.py:207] - DEBUG - Starting new HTTP connection (1): www.hao123.com
2017-09-16 16:41:08,660 - [connectionpool.py:395] - DEBUG - http://tieba.baidu.com:80 "GET / HTTP/1.1" 302 0
2017-09-16 16:41:08,668 - [connectionpool.py:395] - DEBUG - http://jianyi.baidu.com:80 "GET / HTTP/1.1" 302 0
2017-09-16 16:41:08,672 - [connectionpool.py:395] - DEBUG - http://home.baidu.com:80 "GET / HTTP/1.1" 200 None
2017-09-16 16:41:08,676 - [connectionpool.py:207] - DEBUG - Starting new HTTP connection (1): help.baidu.com
2017-09-16 16:41:08,677 - [connectionpool.py:818] - DEBUG - Starting new HTTPS connection (1): tieba.baidu.com
2017-09-16 16:41:08,694 - [connectionpool.py:395] - DEBUG - http://news.baidu.com:80 "GET / HTTP/1.1" 200 None
2017-09-16 16:41:08,760 - [connectionpool.py:395] - DEBUG - http://map.baidu.com:80 "GET / HTTP/1.1" 200 None
2017-09-16 16:41:08,837 - [connectionpool.py:395] - DEBUG - http://www.hao123.com:80 "GET / HTTP/1.1" 200 None
2017-09-16 16:41:08,840 - [connectionpool.py:395] - DEBUG - http://help.baidu.com:80 "GET / HTTP/1.1" 200 None
2017-09-16 16:41:09,135 - [connectionpool.py:395] - DEBUG - http://ir.baidu.com:80 "GET / HTTP/1.1" 302 749
2017-09-16 16:41:09,286 - [connectionpool.py:395] - DEBUG - https://tieba.baidu.com:443 "GET /index.html HTTP/1.1" 200 None
2017-09-16 16:41:09,413 - [connectionpool.py:395] - DEBUG - http://ir.baidu.com:80 "GET /phoenix.zhtml?c=188488&p=irol-irhome HTTP/1.1" 200 4210
2017-09-16 16:41:09,604 - [webpage_crawler.py:104] - INFO - url:http://v.baidu.com,level:1
2017-09-16 16:41:09,773 - [connectionpool.py:207] - DEBUG - Starting new HTTP connection (1): v.baidu.com
2017-09-16 16:41:10,065 - [webpage_crawler.py:104] - INFO - url:http://www.baidu.com/duty/,level:1
2017-09-16 16:41:10,068 - [connectionpool.py:207] - DEBUG - Starting new HTTP connection (1): www.baidu.com
2017-09-16 16:41:10,086 - [connectionpool.py:395] - DEBUG - http://www.baidu.com:80 "GET /duty/ HTTP/1.1" 200 2451
2017-09-16 16:41:10,218 - [connectionpool.py:395] - DEBUG - http://v.baidu.com:80 "GET / HTTP/1.1" 200 None
2017-09-16 16:41:34,032 - [mini_spider.py:70] - INFO - Starting mini spider
2017-09-16 16:41:34,036 - [webpage_crawler.py:104] - INFO - url:http://www.baidu.com
,level:0
2017-09-16 16:41:34,046 - [connectionpool.py:207] - DEBUG - Starting new HTTP connection (1): www.baidu.com
2017-09-16 16:41:34,074 - [connectionpool.py:395] - DEBUG - http://www.baidu.com:80 "GET / HTTP/1.1" 200 None
2017-09-16 16:41:34,090 - [webpage_crawler.py:104] - INFO - url:http://map.baidu.com,level:1
2017-09-16 16:41:34,091 - [webpage_crawler.py:104] - INFO - url:http://ir.baidu.com,level:1
2017-09-16 16:41:34,091 - [webpage_crawler.py:104] - INFO - url:http://home.baidu.com,level:1
2017-09-16 16:41:34,093 - [webpage_crawler.py:104] - INFO - url:http://jianyi.baidu.com/,level:1
2017-09-16 16:41:34,095 - [webpage_crawler.py:104] - INFO - url:http://news.baidu.com,level:1
2017-09-16 16:41:34,099 - [webpage_crawler.py:104] - INFO - url:http://tieba.baidu.com,level:1
2017-09-16 16:41:34,101 - [connectionpool.py:207] - DEBUG - Starting new HTTP connection (1): home.baidu.com
2017-09-16 16:41:34,101 - [connectionpool.py:207] - DEBUG - Starting new HTTP connection (1): map.baidu.com
2017-09-16 16:41:34,104 - [webpage_crawler.py:104] - INFO - url:http://www.hao123.com,level:1
2017-09-16 16:41:34,104 - [connectionpool.py:207] - DEBUG - Starting new HTTP connection (1): ir.baidu.com
2017-09-16 16:41:34,111 - [connectionpool.py:207] - DEBUG - Starting new HTTP connection (1): tieba.baidu.com
2017-09-16 16:41:34,111 - [connectionpool.py:207] - DEBUG - Starting new HTTP connection (1): news.baidu.com
2017-09-16 16:41:34,112 - [connectionpool.py:207] - DEBUG - Starting new HTTP connection (1): jianyi.baidu.com
2017-09-16 16:41:34,117 - [connectionpool.py:207] - DEBUG - Starting new HTTP connection (1): www.hao123.com
2017-09-16 16:41:34,151 - [connectionpool.py:395] - DEBUG - http://tieba.baidu.com:80 "GET / HTTP/1.1" 302 0
2017-09-16 16:41:34,153 - [connectionpool.py:395] - DEBUG - http://home.baidu.com:80 "GET / HTTP/1.1" 200 None
2017-09-16 16:41:34,161 - [connectionpool.py:395] - DEBUG - http://jianyi.baidu.com:80 "GET / HTTP/1.1" 302 0
2017-09-16 16:41:34,168 - [connectionpool.py:207] - DEBUG - Starting new HTTP connection (1): help.baidu.com
2017-09-16 16:41:34,209 - [connectionpool.py:395] - DEBUG - http://map.baidu.com:80 "GET / HTTP/1.1" 200 None
2017-09-16 16:41:34,240 - [connectionpool.py:395] - DEBUG - http://news.baidu.com:80 "GET / HTTP/1.1" 200 None
2017-09-16 16:41:34,241 - [connectionpool.py:395] - DEBUG - http://www.hao123.com:80 "GET / HTTP/1.1" 200 None
2017-09-16 16:41:34,243 - [connectionpool.py:818] - DEBUG - Starting new HTTPS connection (1): tieba.baidu.com
2017-09-16 16:41:34,426 - [connectionpool.py:395] - DEBUG - http://help.baidu.com:80 "GET / HTTP/1.1" 200 None
2017-09-16 16:41:34,665 - [connectionpool.py:395] - DEBUG - http://ir.baidu.com:80 "GET / HTTP/1.1" 302 749
2017-09-16 16:41:34,732 - [connectionpool.py:395] - DEBUG - https://tieba.baidu.com:443 "GET /index.html HTTP/1.1" 200 None
2017-09-16 16:41:35,112 - [webpage_crawler.py:104] - INFO - url:http://v.baidu.com,level:1
2017-09-16 16:41:35,122 - [connectionpool.py:207] - DEBUG - Starting new HTTP connection (1): v.baidu.com
2017-09-16 16:41:35,372 - [webpage_crawler.py:104] - INFO - url:http://www.baidu.com/duty/,level:1
2017-09-16 16:41:35,377 - [connectionpool.py:207] - DEBUG - Starting new HTTP connection (1): www.baidu.com
2017-09-16 16:41:35,392 - [connectionpool.py:395] - DEBUG - http://www.baidu.com:80 "GET /duty/ HTTP/1.1" 200 2451
2017-09-16 16:41:35,510 - [connectionpool.py:395] - DEBUG - http://ir.baidu.com:80 "GET /phoenix.zhtml?c=188488&p=irol-irhome HTTP/1.1" 200 4210
2017-09-16 16:41:35,779 - [connectionpool.py:395] - DEBUG - http://v.baidu.com:80 "GET / HTTP/1.1" 200 None
2017-09-16 16:42:23,727 - [mini_spider.py:70] - INFO - Starting mini spider
2017-09-16 16:42:23,732 - [webpage_crawler.py:104] - INFO - url:http://www.baidu.com
,level:0
2017-09-16 16:42:23,742 - [connectionpool.py:207] - DEBUG - Starting new HTTP connection (1): www.baidu.com
2017-09-16 16:42:23,759 - [connectionpool.py:395] - DEBUG - http://www.baidu.com:80 "GET / HTTP/1.1" 200 None
2017-09-16 16:42:23,775 - [webpage_crawler.py:104] - INFO - url:http://map.baidu.com,level:1
2017-09-16 16:42:23,776 - [webpage_crawler.py:104] - INFO - url:http://ir.baidu.com,level:1
2017-09-16 16:42:23,776 - [webpage_crawler.py:104] - INFO - url:http://home.baidu.com,level:1
2017-09-16 16:42:23,778 - [webpage_crawler.py:104] - INFO - url:http://jianyi.baidu.com/,level:1
2017-09-16 16:42:23,778 - [webpage_crawler.py:104] - INFO - url:http://news.baidu.com,level:1
2017-09-16 16:42:23,781 - [webpage_crawler.py:104] - INFO - url:http://www.hao123.com,level:1
2017-09-16 16:42:23,782 - [webpage_crawler.py:104] - INFO - url:http://tieba.baidu.com,level:1
2017-09-16 16:42:23,788 - [connectionpool.py:207] - DEBUG - Starting new HTTP connection (1): ir.baidu.com
2017-09-16 16:42:23,789 - [connectionpool.py:207] - DEBUG - Starting new HTTP connection (1): map.baidu.com
2017-09-16 16:42:23,794 - [connectionpool.py:207] - DEBUG - Starting new HTTP connection (1): home.baidu.com
2017-09-16 16:42:23,799 - [connectionpool.py:207] - DEBUG - Starting new HTTP connection (1): news.baidu.com
2017-09-16 16:42:23,802 - [connectionpool.py:207] - DEBUG - Starting new HTTP connection (1): jianyi.baidu.com
2017-09-16 16:42:23,803 - [connectionpool.py:207] - DEBUG - Starting new HTTP connection (1): www.hao123.com
2017-09-16 16:42:23,805 - [connectionpool.py:207] - DEBUG - Starting new HTTP connection (1): tieba.baidu.com
2017-09-16 16:42:23,835 - [connectionpool.py:395] - DEBUG - http://tieba.baidu.com:80 "GET / HTTP/1.1" 302 0
2017-09-16 16:42:23,836 - [connectionpool.py:395] - DEBUG - http://home.baidu.com:80 "GET / HTTP/1.1" 200 None
2017-09-16 16:42:23,841 - [connectionpool.py:395] - DEBUG - http://jianyi.baidu.com:80 "GET / HTTP/1.1" 302 0
2017-09-16 16:42:23,854 - [connectionpool.py:207] - DEBUG - Starting new HTTP connection (1): help.baidu.com
2017-09-16 16:42:23,854 - [connectionpool.py:818] - DEBUG - Starting new HTTPS connection (1): tieba.baidu.com
2017-09-16 16:42:23,883 - [connectionpool.py:395] - DEBUG - http://news.baidu.com:80 "GET / HTTP/1.1" 200 None
2017-09-16 16:42:23,928 - [connectionpool.py:395] - DEBUG - http://www.hao123.com:80 "GET / HTTP/1.1" 200 None
2017-09-16 16:42:23,943 - [connectionpool.py:395] - DEBUG - http://map.baidu.com:80 "GET / HTTP/1.1" 200 None
2017-09-16 16:42:24,020 - [connectionpool.py:395] - DEBUG - http://help.baidu.com:80 "GET / HTTP/1.1" 200 None
2017-09-16 16:42:24,343 - [connectionpool.py:395] - DEBUG - http://ir.baidu.com:80 "GET / HTTP/1.1" 302 749
2017-09-16 16:42:24,548 - [connectionpool.py:395] - DEBUG - http://ir.baidu.com:80 "GET /phoenix.zhtml?c=188488&p=irol-irhome HTTP/1.1" 200 4210
2017-09-16 16:42:24,548 - [connectionpool.py:395] - DEBUG - https://tieba.baidu.com:443 "GET /index.html HTTP/1.1" 200 None
2017-09-16 16:42:24,798 - [webpage_crawler.py:104] - INFO - url:http://v.baidu.com,level:1
2017-09-16 16:42:24,823 - [connectionpool.py:207] - DEBUG - Starting new HTTP connection (1): v.baidu.com
2017-09-16 16:42:25,060 - [webpage_crawler.py:104] - INFO - url:http://www.baidu.com/duty/,level:1
2017-09-16 16:42:25,065 - [connectionpool.py:207] - DEBUG - Starting new HTTP connection (1): www.baidu.com
2017-09-16 16:42:25,259 - [connectionpool.py:395] - DEBUG - http://v.baidu.com:80 "GET / HTTP/1.1" 200 None
2017-09-16 16:42:25,835 - [connectionpool.py:395] - DEBUG - http://www.baidu.com:80 "GET /duty/ HTTP/1.1" 200 2451
2017-09-16 16:42:47,219 - [mini_spider.py:70] - INFO - Starting mini spider
2017-09-16 16:42:47,224 - [webpage_crawler.py:104] - INFO - url:http://www.baidu.com
,level:0
2017-09-16 16:42:47,234 - [connectionpool.py:207] - DEBUG - Starting new HTTP connection (1): www.baidu.com
2017-09-16 16:42:47,273 - [connectionpool.py:395] - DEBUG - http://www.baidu.com:80 "GET / HTTP/1.1" 200 None
2017-09-16 16:42:47,288 - [webpage_crawler.py:104] - INFO - url:http://map.baidu.com,level:1
2017-09-16 16:42:47,288 - [webpage_crawler.py:104] - INFO - url:http://ir.baidu.com,level:1
2017-09-16 16:42:47,289 - [webpage_crawler.py:104] - INFO - url:http://home.baidu.com,level:1
2017-09-16 16:42:47,290 - [webpage_crawler.py:104] - INFO - url:http://jianyi.baidu.com/,level:1
2017-09-16 16:42:47,294 - [webpage_crawler.py:104] - INFO - url:http://tieba.baidu.com,level:1
2017-09-16 16:42:47,294 - [webpage_crawler.py:104] - INFO - url:http://news.baidu.com,level:1
2017-09-16 16:42:47,295 - [webpage_crawler.py:104] - INFO - url:http://www.hao123.com,level:1
2017-09-16 16:42:47,296 - [connectionpool.py:207] - DEBUG - Starting new HTTP connection (1): map.baidu.com
2017-09-16 16:42:47,306 - [connectionpool.py:207] - DEBUG - Starting new HTTP connection (1): ir.baidu.com
2017-09-16 16:42:47,307 - [connectionpool.py:207] - DEBUG - Starting new HTTP connection (1): tieba.baidu.com
2017-09-16 16:42:47,308 - [connectionpool.py:207] - DEBUG - Starting new HTTP connection (1): news.baidu.com
2017-09-16 16:42:47,309 - [connectionpool.py:207] - DEBUG - Starting new HTTP connection (1): jianyi.baidu.com
2017-09-16 16:42:47,311 - [connectionpool.py:207] - DEBUG - Starting new HTTP connection (1): home.baidu.com
2017-09-16 16:42:47,312 - [connectionpool.py:207] - DEBUG - Starting new HTTP connection (1): www.hao123.com
2017-09-16 16:42:47,341 - [connectionpool.py:395] - DEBUG - http://tieba.baidu.com:80 "GET / HTTP/1.1" 302 0
2017-09-16 16:42:47,348 - [connectionpool.py:818] - DEBUG - Starting new HTTPS connection (1): tieba.baidu.com
2017-09-16 16:42:47,397 - [connectionpool.py:395] - DEBUG - http://map.baidu.com:80 "GET / HTTP/1.1" 200 None
2017-09-16 16:42:47,754 - [connectionpool.py:395] - DEBUG - http://jianyi.baidu.com:80 "GET / HTTP/1.1" 302 0
2017-09-16 16:42:47,761 - [connectionpool.py:207] - DEBUG - Starting new HTTP connection (1): help.baidu.com
2017-09-16 16:42:47,764 - [connectionpool.py:395] - DEBUG - http://home.baidu.com:80 "GET / HTTP/1.1" 200 None
2017-09-16 16:42:47,809 - [connectionpool.py:395] - DEBUG - http://news.baidu.com:80 "GET / HTTP/1.1" 200 None
2017-09-16 16:42:47,874 - [connectionpool.py:395] - DEBUG - http://ir.baidu.com:80 "GET / HTTP/1.1" 302 749
2017-09-16 16:42:47,875 - [connectionpool.py:395] - DEBUG - http://help.baidu.com:80 "GET / HTTP/1.1" 200 None
2017-09-16 16:42:47,919 - [connectionpool.py:395] - DEBUG - http://www.hao123.com:80 "GET / HTTP/1.1" 200 None
2017-09-16 16:42:48,084 - [connectionpool.py:395] - DEBUG - https://tieba.baidu.com:443 "GET /index.html HTTP/1.1" 200 None
2017-09-16 16:42:48,115 - [webpage_manager.py:69] - INFO - url http://jianyi.baidu.com/question?prod_id=117 is depth 2 great crawl depth 1
2017-09-16 16:42:48,085 - [connectionpool.py:395] - DEBUG - http://ir.baidu.com:80 "GET /phoenix.zhtml?c=188488&p=irol-irhome HTTP/1.1" 200 4210
2017-09-16 16:42:48,119 - [webpage_manager.py:69] - INFO - url http://www.12377.cn/ is depth 2 great crawl depth 1
2017-09-16 16:42:48,122 - [webpage_manager.py:69] - INFO - url http://jianyi.baidu.com/question?prod_id=113 is depth 2 great crawl depth 1
2017-09-16 16:42:48,122 - [webpage_manager.py:69] - INFO - url http://e.baidu.com/ is depth 2 great crawl depth 1
2017-09-16 16:42:48,123 - [webpage_manager.py:69] - INFO - url http://jianyi.baidu.com/question?prod_id=98 is depth 2 great crawl depth 1
2017-09-16 16:42:48,123 - [webpage_manager.py:69] - INFO - url http://jianyi.baidu.com/question?prod_id=131 is depth 2 great crawl depth 1
2017-09-16 16:42:48,123 - [webpage_manager.py:69] - INFO - url http://jianyi.baidu.com/question?prod_id=69 is depth 2 great crawl depth 1
2017-09-16 16:42:48,123 - [webpage_manager.py:69] - INFO - url http://jubao.baidu.com/jubao/ is depth 2 great crawl depth 1
2017-09-16 16:42:48,137 - [webpage_manager.py:69] - INFO - url http://jianyi.baidu.com/question?prod_id=41 is depth 2 great crawl depth 1
2017-09-16 16:42:48,166 - [webpage_manager.py:69] - INFO - url http://jianyi.baidu.com/question?prod_id=40 is depth 2 great crawl depth 1
2017-09-16 16:42:48,166 - [webpage_manager.py:69] - INFO - url http://phx.corporate-ir.net/External.File?item=UGFyZW50SUQ9Mjk2NTA5fENoaWxkSUQ9LTF8VHlwZT0z&t=1&cb=635736391718504506 is depth 2 great crawl depth 1
2017-09-16 16:42:48,167 - [webpage_manager.py:69] - INFO - url http://www.bjjubao.org/ is depth 2 great crawl depth 1
2017-09-16 16:42:48,168 - [webpage_manager.py:69] - INFO - url http://ir.baidu.comphoenix.zhtml?c=188488&p=irol-sec is depth 2 great crawl depth 1
2017-09-16 16:42:48,170 - [webpage_manager.py:69] - INFO - url http://jianyi.baidu.com/question?prod_id=102 is depth 2 great crawl depth 1
2017-09-16 16:42:48,182 - [webpage_manager.py:69] - INFO - url http://services.corporate-ir.net/SEC/Document.Service?id=P3VybD1hSFIwY0RvdkwyRndhUzUwWlc1cmQybDZZWEprTG1OdmJTOWtiM2R1Ykc5aFpDNXdhSEEvWVdOMGFXOXVQVmhNVXlacGNHRm5aVDB4TVRjeE5UY3dOQ1p6ZFdKemFXUTlOVGM9JnR5cGU9MSZmbj1CYWlkdV82S18yMDE3MDcyOC54bHM= is depth 2 great crawl depth 1
2017-09-16 16:42:48,292 - [webpage_manager.py:69] - INFO - url https://www.baidu.com/s?wd=%E6%9C%80%E4%B8%8D%E5%A5%BD%E5%AE%A2%E5%9B%BD%E5%AE%B6%E6%8E%92%E8%A1%8C is depth 2 great crawl depth 1
2017-09-16 16:42:48,292 - [webpage_manager.py:69] - INFO - url http://jianyi.baidu.com/question?prod_id=12 is depth 2 great crawl depth 1
2017-09-16 16:42:48,293 - [webpage_manager.py:69] - INFO - url http://ir.baidu.comphoenix.zhtml?c=188488&p=irol-milestones is depth 2 great crawl depth 1
2017-09-16 16:42:48,293 - [webpage_manager.py:69] - INFO - url http://news.china.com/domestic/945/20170916/31425893.html is depth 2 great crawl depth 1
2017-09-16 16:42:48,294 - [webpage_manager.py:69] - INFO - url http://jianyi.baidu.com/question?prod_id=13 is depth 2 great crawl depth 1
2017-09-16 16:42:48,294 - [webpage_manager.py:69] - INFO - url http://services.corporate-ir.net/SEC/Document.Service?id=P3VybD1hSFIwY0RvdkwyRndhUzUwWlc1cmQybDZZWEprTG1OdmJTOWtiM2R1Ykc5aFpDNXdhSEEvWVdOMGFXOXVQVmhNVXlacGNHRm5aVDB4TVRjM01EazNPU1p6ZFdKemFXUTlOVGM9JnR5cGU9MSZmbj1CYWlkdV82S18yMDE3MDgyOC54bHM= is depth 2 great crawl depth 1
2017-09-16 16:42:48,295 - [webpage_manager.py:69] - INFO - url http://v.baidu.com/ is depth 2 great crawl depth 1
2017-09-16 16:42:48,296 - [webpage_manager.py:69] - INFO - url http://jianyi.baidu.com/question?prod_id=10 is depth 2 great crawl depth 1
2017-09-16 16:42:48,297 - [webpage_manager.py:69] - INFO - url http://ir.baidu.comphoenix.zhtml?c=188488&p=irol-news is depth 2 great crawl depth 1
2017-09-16 16:42:48,299 - [webpage_manager.py:69] - INFO - url http://jianyi.baidu.com/question?prod_id=16 is depth 2 great crawl depth 1
2017-09-16 16:42:48,300 - [webpage_crawler.py:104] - INFO - url:http://v.baidu.com,level:1
2017-09-16 16:42:48,301 - [webpage_manager.py:69] - INFO - url http://ir.baidu.comphoenix.zhtml?c=188488&p=irol-ipp is depth 2 great crawl depth 1
2017-09-16 16:42:48,302 - [webpage_manager.py:69] - INFO - url http://jianyi.baidu.com/question?prod_id=17 is depth 2 great crawl depth 1
2017-09-16 16:42:48,303 - [webpage_manager.py:69] - INFO - url https://baijia.baidu.com/u?app_id=1536767517568852 is depth 2 great crawl depth 1
2017-09-16 16:42:48,319 - [webpage_manager.py:69] - INFO - url http://ir.baidu.comphoenix.zhtml?c=188488&p=irol-irhome is depth 2 great crawl depth 1
2017-09-16 16:42:48,320 - [webpage_manager.py:69] - INFO - url http://help.baidu.com is depth 2 great crawl depth 1
2017-09-16 16:42:48,323 - [webpage_manager.py:69] - INFO - url http://map.baidu.com/ is depth 2 great crawl depth 1
2017-09-16 16:42:48,323 - [connectionpool.py:207] - DEBUG - Starting new HTTP connection (1): v.baidu.com
2017-09-16 16:42:48,325 - [webpage_manager.py:69] - INFO - url http://jianyi.baidu.com/question?prod_id=15 is depth 2 great crawl depth 1
2017-09-16 16:42:48,325 - [webpage_manager.py:69] - INFO - url http://phx.corporate-ir.net/External.File?item=UGFyZW50SUQ9MzEwOTA5fENoaWxkSUQ9LTF8VHlwZT0z&t=1&cb=635820253168723078 is depth 2 great crawl depth 1
2017-09-16 16:42:48,325 - [webpage_manager.py:69] - INFO - url http://news.ifeng.com/a/20170916/52017745_0.shtml?_zbs_baidu_news is depth 2 great crawl depth 1
2017-09-16 16:42:48,327 - [webpage_manager.py:69] - INFO - url http://jianyi.baidu.com/question?prod_id=31 is depth 2 great crawl depth 1
2017-09-16 16:42:48,328 - [webpage_manager.py:69] - INFO - url http://ir.baidu.comphoenix.zhtml?c=188488&p=irol-contacts is depth 2 great crawl depth 1
2017-09-16 16:42:48,328 - [webpage_manager.py:69] - INFO - url http://www.baidu.com/search/rss.html is depth 2 great crawl depth 1
2017-09-16 16:42:48,329 - [webpage_manager.py:69] - INFO - url http://jianyi.baidu.com/question?prod_id=18 is depth 2 great crawl depth 1
2017-09-16 16:42:48,330 - [webpage_manager.py:69] - INFO - url http://services.corporate-ir.net/SEC/Document.Service?id=P3VybD1hSFIwY0RvdkwyRndhUzUwWlc1cmQybDZZWEprTG1OdmJTOWtiM2R1Ykc5aFpDNXdhSEEvWVdOMGFXOXVQVkJFUmlacGNHRm5aVDB4TVRjM01EazNPU1p6ZFdKemFXUTlOVGM9JnR5cGU9MiZmbj1CYWlkdV82S18yMDE3MDgyOC5wZGY= is depth 2 great crawl depth 1
2017-09-16 16:42:48,331 - [webpage_manager.py:69] - INFO - url https://baijia.baidu.com/s?id=1578577505038446664 is depth 2 great crawl depth 1
2017-09-16 16:42:48,332 - [webpage_manager.py:69] - INFO - url http://jianyi.baidu.com/question?prod_id=100 is depth 2 great crawl depth 1
2017-09-16 16:42:48,332 - [webpage_manager.py:69] - INFO - url http://ir.baidu.comphoenix.zhtml?c=188488&p=irol-homeprofile is depth 2 great crawl depth 1
2017-09-16 16:42:48,333 - [webpage_manager.py:69] - INFO - url http://tousu.baidu.com/news/add is depth 2 great crawl depth 1
2017-09-16 16:42:48,334 - [webpage_manager.py:69] - INFO - url https://passport.baidu.com/?getpassappeal&code is depth 2 great crawl depth 1
2017-09-16 16:42:48,337 - [webpage_manager.py:69] - INFO - url http://ir.baidu.comphoenix.zhtml?c=188488&p=privacy is depth 2 great crawl depth 1
2017-09-16 16:42:48,337 - [webpage_manager.py:69] - INFO - url http://world.huanqiu.com/article/2017-09/11253500.html?from=bdwz is depth 2 great crawl depth 1
2017-09-16 16:42:48,339 - [webpage_manager.py:69] - INFO - url http://jianyi.baidu.com/question?prod_id=176 is depth 2 great crawl depth 1
2017-09-16 16:42:48,339 - [webpage_manager.py:69] - INFO - url http://ir.baidu.comphoenix.zhtml?c=188488&p=irol-transactointservices is depth 2 great crawl depth 1
2017-09-16 16:42:48,340 - [webpage_manager.py:69] - INFO - url https://www.baidu.com/ is depth 2 great crawl depth 1
2017-09-16 16:42:48,340 - [webpage_manager.py:69] - INFO - url http://jianyi.baidu.com/question?prod_id=159 is depth 2 great crawl depth 1
2017-09-16 16:42:48,341 - [webpage_manager.py:69] - INFO - url http://ir.baidu.comphoenix.zhtml?c=188488&p=irol-newsArticle&ID=2295394 is depth 2 great crawl depth 1
2017-09-16 16:42:48,346 - [webpage_manager.py:69] - INFO - url http://xinwen.eastday.com/a/xjump.html?id=n170916084846365 is depth 2 great crawl depth 1
2017-09-16 16:42:48,346 - [webpage_manager.py:69] - INFO - url http://jianyi.baidu.com/zhifu is depth 2 great crawl depth 1
2017-09-16 16:42:48,347 - [webpage_manager.py:69] - INFO - url http://ir.baidu.comphoenix.zhtml?c=188488&p=irol-analysts is depth 2 great crawl depth 1
2017-09-16 16:42:48,348 - [webpage_manager.py:69] - INFO - url http://jianyi.baidu.com/question?prod_id=170 is depth 2 great crawl depth 1
2017-09-16 16:42:48,348 - [webpage_manager.py:69] - INFO - url https://baijia.baidu.com/s?id=1578504898616167009 is depth 2 great crawl depth 1
2017-09-16 16:42:48,361 - [webpage_manager.py:69] - INFO - url http://ir.baidu.comphoenix.zhtml?c=188488&p=irol-alerts is depth 2 great crawl depth 1
2017-09-16 16:42:48,406 - [webpage_manager.py:69] - INFO - url http://jianyi.baidu.com/question?prod_id=171 is depth 2 great crawl depth 1
2017-09-16 16:42:48,417 - [webpage_manager.py:69] - INFO - url http://xinwen.eastday.com/a/xjump.html?id=n170916074314051 is depth 2 great crawl depth 1
2017-09-16 16:42:48,440 - [webpage_crawler.py:104] - INFO - url:http://www.baidu.com/duty/,level:1
2017-09-16 16:42:48,456 - [webpage_manager.py:69] - INFO - url http://jianyi.baidu.com/question?prod_id=150 is depth 2 great crawl depth 1
2017-09-16 16:42:48,440 - [webpage_manager.py:69] - INFO - url http://media.corporate-ir.net/media_files/IROL/18/188488/2016/BIDU_--_Q3_2016_Earnings_Release.pdf is depth 2 great crawl depth 1
2017-09-16 16:42:48,472 - [webpage_manager.py:69] - INFO - url http://music.baidu.com/ is depth 2 great crawl depth 1
2017-09-16 16:42:48,641 - [webpage_manager.py:69] - INFO - url http://www.bj.cyberpolice.cn/index.jsp is depth 2 great crawl depth 1
2017-09-16 16:42:48,648 - [connectionpool.py:395] - DEBUG - http://v.baidu.com:80 "GET / HTTP/1.1" 200 None
2017-09-16 16:42:48,666 - [webpage_manager.py:69] - INFO - url http://www.baidu.com/ is depth 2 great crawl depth 1
2017-09-16 16:42:48,667 - [webpage_manager.py:69] - INFO - url https://baijia.baidu.com/u?app_id=1536767684387819 is depth 2 great crawl depth 1
2017-09-16 16:42:48,750 - [webpage_manager.py:69] - INFO - url http://jianyi.baidu.com/question?prod_id=99 is depth 2 great crawl depth 1
2017-09-16 16:42:48,831 - [connectionpool.py:207] - DEBUG - Starting new HTTP connection (1): www.baidu.com
2017-09-16 16:42:48,849 - [webpage_manager.py:69] - INFO - url http://ir.baidu.comphoenix.zhtml?c=188488&p=irol-searchservices is depth 2 great crawl depth 1
2017-09-16 16:42:48,924 - [webpage_manager.py:69] - INFO - url http://tieba.baidu.com/home/main?un=%E8%B4%B4%E5%90%A7%E6%89%8B%E6%B8%B8%E5%85%88%E9%94%8B&fr=index is depth 2 great crawl depth 1
2017-09-16 16:42:48,924 - [webpage_manager.py:69] - INFO - url https://baijia.baidu.com/s?id=1578669950010882209 is depth 2 great crawl depth 1
2017-09-16 16:42:48,927 - [webpage_manager.py:69] - INFO - url http://v.hao123.baidu.com/dianying_index/order-hot_pn-1_channel-movie is depth 2 great crawl depth 1
2017-09-16 16:42:48,927 - [webpage_manager.py:69] - INFO - url http://jianyi.baidu.com#6 is depth 2 great crawl depth 1
2017-09-16 16:42:48,928 - [webpage_manager.py:69] - INFO - url http://services.corporate-ir.net/SEC/Document.Service?id=P3VybD1hSFIwY0RvdkwyRndhUzUwWlc1cmQybDZZWEprTG1OdmJTOWtiM2R1Ykc5aFpDNXdhSEEvWVdOMGFXOXVQVkpVUmlacGNHRm5aVDB4TVRjeE5UY3dOQ1p6ZFdKemFXUTlOVGM9JnR5cGU9MyZmbj1CYWlkdV82S18yMDE3MDcyOC5ydGY= is depth 2 great crawl depth 1
2017-09-16 16:42:48,930 - [webpage_manager.py:69] - INFO - url https://baijia.baidu.com/channel?cat=2 is depth 2 great crawl depth 1
2017-09-16 16:42:48,930 - [webpage_manager.py:69] - INFO - url https://www.baidu.com/s?word=17%E6%B8%B8%E6%88%8F%E5%A4%A7%E5%85%A8&tn=50000016_hao_pg&ie=utf-8 is depth 2 great crawl depth 1
2017-09-16 16:42:48,930 - [webpage_manager.py:69] - INFO - url http://jianyi.baidu.com#7 is depth 2 great crawl depth 1
2017-09-16 16:42:48,931 - [webpage_manager.py:69] - INFO - url http://phx.corporate-ir.net/External.File?item=UGFyZW50SUQ9MzI1NDI4fENoaWxkSUQ9LTF8VHlwZT0z&t=1&cb=635920593224412832 is depth 2 great crawl depth 1
2017-09-16 16:42:48,932 - [webpage_manager.py:69] - INFO - url http://china.huanqiu.com/article/2017-09/11253501.html?from=bdwz is depth 2 great crawl depth 1
2017-09-16 16:42:48,933 - [webpage_manager.py:69] - INFO - url http://jianyi.baidu.com#4 is depth 2 great crawl depth 1
2017-09-16 16:42:48,933 - [webpage_manager.py:69] - INFO - url http://www.12306.cn/ is depth 2 great crawl depth 1
2017-09-16 16:42:48,934 - [webpage_manager.py:69] - INFO - url http://ir.baidu.comphoenix.zhtml?c=188488&p=irol-presentations is depth 2 great crawl depth 1
2017-09-16 16:42:48,934 - [webpage_manager.py:69] - INFO - url http://news.china.com/domestic/945/20170916/31431593.html is depth 2 great crawl depth 1
2017-09-16 16:42:48,934 - [webpage_manager.py:69] - INFO - url http://jianyi.baidu.com#5 is depth 2 great crawl depth 1
2017-09-16 16:42:48,934 - [webpage_manager.py:69] - INFO - url http://app.hao123.com/app is depth 2 great crawl depth 1
2017-09-16 16:42:48,935 - [webpage_manager.py:69] - INFO - url http://ir.baidu.comphoenix.zhtml?c=188488&p=irol-searchengine is depth 2 great crawl depth 1
2017-09-16 16:42:48,935 - [webpage_manager.py:69] - INFO - url https://www.baidu.com/s?wd=%E8%BF%99%E6%AD%A5%E6%A3%8B%EF%BC%8C%E4%B9%A0%E8%BF%91%E5%B9%B3%E8%90%BD%E5%AD%90%E2%80%9C%E5%85%B3%E9%94%AE%E5%B0%91%E6%95%B0%E2%80%9D is depth 2 great crawl depth 1
2017-09-16 16:42:48,936 - [webpage_manager.py:69] - INFO - url http://jianyi.baidu.com#2 is depth 2 great crawl depth 1
2017-09-16 16:42:48,936 - [webpage_manager.py:69] - INFO - url http://www.78.cn/?sid=1504 is depth 2 great crawl depth 1
2017-09-16 16:42:48,937 - [webpage_manager.py:69] - INFO - url http://ir.baidu.comphoenix.zhtml?c=188488&p=irol-reportsannual is depth 2 great crawl depth 1
2017-09-16 16:42:48,937 - [webpage_manager.py:69] - INFO - url http://xinwen.eastday.com/a/xjump.html?id=n170916073218847 is depth 2 great crawl depth 1
2017-09-16 16:42:48,938 - [webpage_manager.py:69] - INFO - url http://jianyi.baidu.com#3 is depth 2 great crawl depth 1
2017-09-16 16:42:48,938 - [webpage_manager.py:69] - INFO - url http://tejia.hao123.com/?tn=mz is depth 2 great crawl depth 1
2017-09-16 16:42:48,939 - [webpage_manager.py:69] - INFO - url http://newsalert.baidu.com/na?cmd=0 is depth 2 great crawl depth 1
2017-09-16 16:42:48,939 - [webpage_manager.py:69] - INFO - url http://media.corporate-ir.net/media_files/IROL/18/188488/2017/BIDU%20--%20Q2%202017%20Earnings%20Release.pdf is depth 2 great crawl depth 1
2017-09-16 16:42:48,940 - [webpage_manager.py:69] - INFO - url http://jianyi.baidu.com/index is depth 2 great crawl depth 1
2017-09-16 16:42:48,940 - [webpage_manager.py:69] - INFO - url https://www.baidu.com/s?word=%E8%B4%A2%E5%AF%8C&tn=50000017_hao_p&ie=utf-8 is depth 2 great crawl depth 1
2017-09-16 16:42:48,941 - [webpage_manager.py:69] - INFO - url https://baijia.baidu.com is depth 2 great crawl depth 1
2017-09-16 16:42:48,941 - [webpage_manager.py:69] - INFO - url http://ir.baidu.comphoenix.zhtml?c=188488&p=irol-faq is depth 2 great crawl depth 1
2017-09-16 16:42:48,941 - [webpage_manager.py:69] - INFO - url http://jianyi.baidu.com#1 is depth 2 great crawl depth 1
2017-09-16 16:42:48,942 - [webpage_manager.py:69] - INFO - url http://hot.ynet.com/2017/09/16/481672t1593.html is depth 2 great crawl depth 1
2017-09-16 16:42:48,942 - [webpage_manager.py:69] - INFO - url http://report.12377.cn:13225/toreportinputNormal_anis.do is depth 2 great crawl depth 1
2017-09-16 16:42:48,942 - [webpage_manager.py:69] - INFO - url http://ir.baidu.comphoenix.zhtml?c=188488&p=irol-govhighlights is depth 2 great crawl depth 1
2017-09-16 16:42:48,943 - [webpage_manager.py:69] - INFO - url http://jianyi.baidu.com/question?prod_id=92 is depth 2 great crawl depth 1
2017-09-16 16:42:48,943 - [webpage_manager.py:69] - INFO - url http://www.baidu.com/s?word=%E7%AA%83%E8%B4%BC%E5%85%A5%E5%AE%A4%E6%B7%A1%E5%AE%9A%E6%B4%97%E6%BE%A1&tn=50000028_hao_pg&ie=utf-8' is depth 2 great crawl depth 1
2017-09-16 16:42:48,943 - [webpage_manager.py:69] - INFO - url http://news.ifeng.com/a/20170916/52018327_0.shtml?_zbs_baidu_news is depth 2 great crawl depth 1
2017-09-16 16:42:48,944 - [connectionpool.py:395] - DEBUG - http://www.baidu.com:80 "GET /duty/ HTTP/1.1" 200 2451
2017-09-16 16:42:48,945 - [webpage_manager.py:69] - INFO - url http://ir.baidu.comphoenix.zhtml?c=188488&p=irol-newsArticle&ID=2294188 is depth 2 great crawl depth 1
2017-09-16 16:42:48,945 - [webpage_manager.py:69] - INFO - url http://www.hao123.com/yule is depth 2 great crawl depth 1
2017-09-16 16:42:48,945 - [webpage_manager.py:69] - INFO - url http://news.baidu.com/mil is depth 2 great crawl depth 1
2017-09-16 16:42:48,946 - [webpage_manager.py:69] - INFO - url http://jianyi.baidu.com/question?prod_id=120 is depth 2 great crawl depth 1
2017-09-16 16:42:48,949 - [webpage_manager.py:69] - INFO - url http://media.corporate-ir.net/media_files/IROL/18/188488/reports/Q1 2016 Earnings Release.pdf is depth 2 great crawl depth 1
2017-09-16 16:42:48,949 - [webpage_manager.py:69] - INFO - url http://www.hao123.com/top is depth 2 great crawl depth 1
2017-09-16 16:42:48,950 - [webpage_manager.py:69] - INFO - url https://baijia.baidu.com/s?id=1578667900922986662 is depth 2 great crawl depth 1
2017-09-16 16:42:48,951 - [webpage_manager.py:69] - INFO - url http://services.corporate-ir.net/SEC/Document.Service?id=P3VybD1hSFIwY0RvdkwyRndhUzUwWlc1cmQybDZZWEprTG1OdmJTOWtiM2R1Ykc5aFpDNXdhSEEvWVdOMGFXOXVQVkJFUmlacGNHRm5aVDB4TVRjeE5UY3dOQ1p6ZFdKemFXUTlOVGM9JnR5cGU9MiZmbj1CYWlkdV82S18yMDE3MDcyOC5wZGY= is depth 2 great crawl depth 1
2017-09-16 16:42:48,951 - [webpage_manager.py:69] - INFO - url http://www.xinhuanet.com/ is depth 2 great crawl depth 1
2017-09-16 16:42:48,958 - [webpage_manager.py:69] - INFO - url https://www.baidu.com/s?wd=IS%E5%AE%A3%E5%B8%83%E5%AF%B9%E4%BC%A6%E6%95%A6%E6%81%90%E8%A2%AD%E8%B4%9F%E8%B4%A3%20%E5%85%A8%E8%8B%B1%E6%81%90%E8%A2%AD%E5%A8%81%E8%83%81%E6%8F%90%E5%8D%87%E8%87%B3%E6%9C%80%E9%AB%98%E7%BA%A7 is depth 2 great crawl depth 1
2017-09-16 16:42:48,962 - [webpage_manager.py:69] - INFO - url http://www.baidu.combaozhang.html is depth 2 great crawl depth 1
2017-09-16 16:42:48,963 - [webpage_manager.py:69] - INFO - url http://ir.baidu.comphoenix.zhtml?c=188488&p=disclaimer is depth 2 great crawl depth 1
2017-09-16 16:42:48,963 - [webpage_manager.py:69] - INFO - url http://jianyi.baidu.com/question?prod_id=95 is depth 2 great crawl depth 1
2017-09-16 16:42:48,964 - [webpage_manager.py:69] - INFO - url https://www.baidu.com/s?word=%E4%B8%80%E5%88%80%E7%88%86%E6%A9%99%E8%A3%85&tn=50000016_hao_pg&ie=utf-8 is depth 2 great crawl depth 1
2017-09-16 16:42:48,964 - [webpage_manager.py:69] - INFO - url http://xinwen.eastday.com/a/xjump.html?id=n170916071413821 is depth 2 great crawl depth 1
2017-09-16 16:42:48,965 - [webpage_manager.py:69] - INFO - url http://www.baidu.comindex.html is depth 2 great crawl depth 1
2017-09-16 16:42:48,967 - [webpage_manager.py:69] - INFO - url http://ir.baidu.comphoenix.zhtml?c=188488&p=irol-stockquote is depth 2 great crawl depth 1
2017-09-16 16:42:48,968 - [webpage_manager.py:69] - INFO - url https://passport.baidu.com/center?_t=1437375292 is depth 2 great crawl depth 1
2017-09-16 16:42:48,969 - [webpage_manager.py:69] - INFO - url https://www.baidu.com/s?word=%E7%90%86%E8%B4%A2%E6%8E%92%E8%A1%8C%E6%A6%9C&tn=50000019_hao_pg&ie=utf-8 is depth 2 great crawl depth 1
2017-09-16 16:42:48,969 - [webpage_manager.py:69] - INFO - url https://baijia.baidu.com/u?app_id=1536774014301697 is depth 2 great crawl depth 1
2017-09-16 16:42:48,970 - [webpage_manager.py:69] - INFO - url http://www.baidu.comright.html is depth 2 great crawl depth 1
2017-09-16 16:42:48,970 - [webpage_manager.py:69] - INFO - url http://media.corporate-ir.net/media_files/IROL/18/188488/reports/BIDUQ22016EarningsRelease.pdf is depth 2 great crawl depth 1
2017-09-16 16:42:48,970 - [webpage_manager.py:69] - INFO - url https://passport.baidu.com/v2/account/password is depth 2 great crawl depth 1
2017-09-16 16:42:48,971 - [webpage_manager.py:69] - INFO - url http://tuijian.hao123.com/?type=rec is depth 2 great crawl depth 1
2017-09-16 16:42:48,971 - [webpage_manager.py:69] - INFO - url http://news.ifeng.com/a/20170916/52016368_0.shtml?_zbs_baidu_news is depth 2 great crawl depth 1
2017-09-16 16:42:48,971 - [webpage_manager.py:69] - INFO - url http://ir.baidu.comphoenix.zhtml?c=188488&p=irol-newsArticle&ID=2289721 is depth 2 great crawl depth 1
2017-09-16 16:42:48,972 - [webpage_manager.py:69] - INFO - url http://www.baidu.com is depth 2 great crawl depth 1
2017-09-16 16:42:48,972 - [webpage_manager.py:69] - INFO - url http://jianyi.baidu.com/question?prod_id=64 is depth 2 great crawl depth 1
2017-09-16 16:42:48,972 - [webpage_manager.py:69] - INFO - url http://life.hao123.com/menu is depth 2 great crawl depth 1
2017-09-16 16:42:48,973 - [webpage_manager.py:69] - INFO - url http://net.china.cn/chinese/index.htm is depth 2 great crawl depth 1
2017-09-16 16:42:48,973 - [webpage_manager.py:69] - INFO - url http://ir.baidu.comphoenix.zhtml?c=188488&p=irol-iqiyi is depth 2 great crawl depth 1
2017-09-16 16:42:48,973 - [webpage_manager.py:69] - INFO - url http://www.baidu.comcopyright.html is depth 2 great crawl depth 1
2017-09-16 16:42:48,974 - [webpage_manager.py:69] - INFO - url https://passport.baidu.com/v2/?reg&tpl=service_feedback&u= is depth 2 great crawl depth 1
2017-09-16 16:42:48,974 - [webpage_manager.py:69] - INFO - url https://www.6.cn/ is depth 2 great crawl depth 1
2017-09-16 16:42:48,975 - [webpage_manager.py:69] - INFO - url http://news.baidu.com/house is depth 2 great crawl depth 1
2017-09-16 16:42:48,976 - [webpage_manager.py:69] - INFO - url http://phx.corporate-ir.net/External.File?item=UGFyZW50SUQ9MjgzNDY0fENoaWxkSUQ9LTF8VHlwZT0z&t=1 is depth 2 great crawl depth 1
2017-09-16 16:42:48,982 - [webpage_manager.py:69] - INFO - url http://home.baidu.com/ is depth 2 great crawl depth 1
2017-09-16 16:42:49,021 - [webpage_manager.py:69] - INFO - url http://jianyi.baidu.com/question?prod_id=58 is depth 2 great crawl depth 1
2017-09-16 16:42:49,088 - [webpage_manager.py:69] - INFO - url http://www.bj.cyberpolice.cn/index.htm is depth 2 great crawl depth 1
2017-09-16 16:42:49,120 - [webpage_manager.py:69] - INFO - url https://www.qunar.com/?ex_track=auto_58c11276 is depth 2 great crawl depth 1
2017-09-16 16:42:49,134 - [webpage_manager.py:69] - INFO - url http://ir.baidu.comphoenix.zhtml?c=188488&p=irol-calendar is depth 2 great crawl depth 1
2017-09-16 16:42:49,238 - [webpage_manager.py:69] - INFO - url http://www.baidu.comyinsiquan.html is depth 2 great crawl depth 1
2017-09-16 16:42:49,259 - [webpage_manager.py:69] - INFO - url http://jianyi.baidu.com/question?prod_id=59 is depth 2 great crawl depth 1
2017-09-16 16:42:49,259 - [webpage_manager.py:69] - INFO - url http://news.baidu.com/n?cmd=1&class=reci is depth 2 great crawl depth 1
2017-09-16 16:42:49,293 - [webpage_manager.py:69] - INFO - url http://caipiao.hao123.com/ is depth 2 great crawl depth 1
2017-09-16 16:42:49,353 - [webpage_manager.py:69] - INFO - url http://services.corporate-ir.net/SEC/Document.Service?id=P3VybD1hSFIwY0RvdkwyRndhUzUwWlc1cmQybDZZWEprTG1OdmJTOWtiM2R1Ykc5aFpDNXdhSEEvWVdOMGFXOXVQVkpVUmlacGNHRm5aVDB4TVRjM01EazNPU1p6ZFdKemFXUTlOVGM9JnR5cGU9MyZmbj1CYWlkdV82S18yMDE3MDgyOC5ydGY= is depth 2 great crawl depth 1
2017-09-16 16:42:49,512 - [webpage_manager.py:69] - INFO - url http://jianyi.baidu.com/question?prod_id=200 is depth 2 great crawl depth 1
2017-09-16 16:42:49,514 - [webpage_manager.py:69] - INFO - url http://xinwen.eastday.com/a/xjump.html?id=170916031041190 is depth 2 great crawl depth 1
2017-09-16 16:42:49,540 - [webpage_manager.py:69] - INFO - url https://www.baidu.com/s?word=%E9%98%B3%E6%BE%84%E5%A4%A7%E9%97%B8%E8%9F%B9&tn=50000020_hao_pg&ie=utf-8 is depth 2 great crawl depth 1
2017-09-16 16:42:49,541 - [webpage_manager.py:69] - INFO - url http://media.corporate-ir.net/media_files/IROL/18/188488/2017/BIDU%20--%20Q4%20and%20FY%202016%20Earnings%20Release.pdf is depth 2 great crawl depth 1
2017-09-16 16:42:49,545 - [webpage_manager.py:69] - INFO - url https://aikefu.baidu.com/?product=qianbao006 is depth 2 great crawl depth 1
2017-09-16 16:42:49,565 - [webpage_manager.py:69] - INFO - url http://news.baidu.com/fashion is depth 2 great crawl depth 1
2017-09-16 16:42:49,565 - [webpage_manager.py:69] - INFO - url http://www.hao123.com/feedback is depth 2 great crawl depth 1
2017-09-16 16:42:49,566 - [webpage_manager.py:69] - INFO - url http://ir.baidu.comphoenix.zhtml?c=188488&p=irol-govmanage is depth 2 great crawl depth 1
2017-09-16 16:42:49,587 - [webpage_manager.py:69] - INFO - url http://jianyi.baidu.com/question?prod_id=66 is depth 2 great crawl depth 1
2017-09-16 16:42:49,587 - [webpage_manager.py:69] - INFO - url https://baijia.baidu.com/s?id=1578129331659506891 is depth 2 great crawl depth 1
2017-09-16 16:42:49,587 - [webpage_manager.py:69] - INFO - url http://www.qq.com/ is depth 2 great crawl depth 1
2017-09-16 16:42:49,599 - [webpage_manager.py:69] - INFO - url http://ir.baidu.comphoenix.zhtml?c=188488&p=irol-govboard is depth 2 great crawl depth 1
2017-09-16 16:42:49,644 - [webpage_manager.py:69] - INFO - url http://tieba.baidu.com/ is depth 2 great crawl depth 1
2017-09-16 16:42:49,599 - [webpage_manager.py:69] - INFO - url http://jianyi.baidu.com/question?prod_id=29 is depth 2 great crawl depth 1
2017-09-16 16:42:49,840 - [webpage_manager.py:69] - INFO - url http://weibo.com/ is depth 2 great crawl depth 1
2017-09-16 16:42:49,841 - [webpage_manager.py:69] - INFO - url http://media.corporate-ir.net/media_files/IROL/18/188488/BIDUQ12017EarningsRelease.pdf is depth 2 great crawl depth 1
2017-09-16 16:42:49,841 - [webpage_manager.py:69] - INFO - url http://wenku.baidu.com/ is depth 2 great crawl depth 1
2017-09-16 16:42:49,841 - [webpage_manager.py:69] - INFO - url http://v.baidu.com/comic/17218.htm?frp=browse is depth 2 great crawl depth 1
2017-09-16 16:42:49,841 - [webpage_manager.py:69] - INFO - url http://jianyi.baidu.com/question?prod_id=28 is depth 2 great crawl depth 1
2017-09-16 16:42:49,841 - [webpage_manager.py:69] - INFO - url https://app.tanwan.com/htmlcode/13074.html is depth 2 great crawl depth 1
2017-09-16 16:42:49,842 - [webpage_manager.py:69] - INFO - url http://image.baidu.com/ is depth 2 great crawl depth 1
2017-09-16 16:42:49,842 - [webpage_manager.py:69] - INFO - url http://baishi.baidu.com/watch/5588332353240657179.html is depth 2 great crawl depth 1
2017-09-16 16:42:49,843 - [webpage_manager.py:69] - INFO - url http://jianyi.baidu.com/question?prod_id=62 is depth 2 great crawl depth 1
2017-09-16 16:42:49,843 - [webpage_manager.py:69] - INFO - url http://life.hao123.com/health is depth 2 great crawl depth 1
2017-09-16 16:42:49,843 - [webpage_manager.py:69] - INFO - url http://news.ifeng.com/a/20170916/52016721_0.shtml?_zbs_baidu_news is depth 2 great crawl depth 1
2017-09-16 16:42:49,843 - [webpage_manager.py:69] - INFO - url http://v.baidu.com/eduindex/ is depth 2 great crawl depth 1
2017-09-16 16:42:49,844 - [webpage_manager.py:69] - INFO - url http://jianyi.baidu.com/question?prod_id=61 is depth 2 great crawl depth 1
2017-09-16 16:42:49,844 - [webpage_manager.py:69] - INFO - url https://www.baidu.com/s?word=%E8%82%BF%E7%98%A4%E5%8C%BB%E9%99%A2&tn=50000018_hao_pg&ie=utf-8 is depth 2 great crawl depth 1
2017-09-16 16:42:49,844 - [webpage_manager.py:69] - INFO - url https://baijia.baidu.com/s?id=1578623174990307367 is depth 2 great crawl depth 1
2017-09-16 16:42:49,844 - [webpage_manager.py:69] - INFO - url http://v.baidu.com/tv/26778.htm?frp=browse is depth 2 great crawl depth 1
2017-09-16 16:42:49,845 - [webpage_manager.py:69] - INFO - url http://jianyi.baidu.com/question?prod_id=60 is depth 2 great crawl depth 1
2017-09-16 16:42:49,845 - [webpage_manager.py:69] - INFO - url http://v.qq.com/ is depth 2 great crawl depth 1
2017-09-16 16:42:49,845 - [webpage_manager.py:69] - INFO - url http://xinwen.eastday.com/a/xjump.html?id=n170916085359240 is depth 2 great crawl depth 1
2017-09-16 16:42:49,846 - [webpage_manager.py:69] - INFO - url http://v.baidu.com/movie/list/filter-true+type-%E5%8A%A8%E4%BD%9C+order-hot+pn-1+channel-movie is depth 2 great crawl depth 1
2017-09-16 16:42:49,846 - [webpage_manager.py:69] - INFO - url http://jianyi.baidu.com/question?prod_id=23 is depth 2 great crawl depth 1
2017-09-16 16:42:49,846 - [webpage_manager.py:69] - INFO - url http://www.4399.com/ is depth 2 great crawl depth 1
2017-09-16 16:42:49,847 - [webpage_manager.py:69] - INFO - url http://news.baidu.com/n?cmd=6&loc=0&name=%B8%DB%B0%C4%CC%A8&locname=%B8%DB%B0%C4%CC%A8 is depth 2 great crawl depth 1
2017-09-16 16:42:49,847 - [webpage_manager.py:69] - INFO - url http://baishi.baidu.com/watch/4042441263182609686.html is depth 2 great crawl depth 1
2017-09-16 16:42:49,847 - [webpage_manager.py:69] - INFO - url http://jianyi.baidu.com/question?prod_id=147 is depth 2 great crawl depth 1
2017-09-16 16:42:49,848 - [webpage_manager.py:69] - INFO - url http://www.sohu.com?pvid=49d7a584a99565f7 is depth 2 great crawl depth 1
2017-09-16 16:42:49,848 - [webpage_manager.py:69] - INFO - url https://www.baidu.com/s?wd=%E5%8C%97%E4%BA%ACS1%E7%BA%BF%E7%A3%81%E6%B5%AE%E5%88%97%E8%BD%A6%E4%B8%8B%E5%91%A8%E8%AF%95%E8%BF%90%E8%A1%8C%20%E9%A2%84%E8%AE%A1%E5%B9%B4%E5%BA%95%E5%BC%80%E9%80%9A%E8%AF%95%E8%BF%90%E8%90%A5 is depth 2 great crawl depth 1
2017-09-16 16:42:49,848 - [webpage_manager.py:69] - INFO - url http://v.baidu.com/show/20734.htm?frp=browse is depth 2 great crawl depth 1
2017-09-16 16:42:49,849 - [webpage_manager.py:69] - INFO - url http://jianyi.baidu.com/question?prod_id=27 is depth 2 great crawl depth 1
2017-09-16 16:42:49,849 - [webpage_manager.py:69] - INFO - url http://e.cn.miaozhen.com/r/k=2058249&p=78igw&dx=__IPDX__&rt=2&ns=__IP__&ni=__IESID__&v=__LOC__&xa=__ADPLATFORM__&tr=__REQUESTID__&ro=sm&vo=3487f9a48&vr=2&o=https%3A%2F%2Fwww.xin.com%2F%3Fchannel%3Da90b199c46286d190734e2211253f513 is depth 2 great crawl depth 1
2017-09-16 16:42:49,849 - [webpage_manager.py:69] - INFO - url http://news.baidu.com/history.html is depth 2 great crawl depth 1
2017-09-16 16:42:49,849 - [webpage_manager.py:69] - INFO - url http://v.baidu.com/movie/129631.htm?frp=browse is depth 2 great crawl depth 1
2017-09-16 16:42:49,850 - [webpage_manager.py:69] - INFO - url http://jianyi.baidu.com/question?prod_id=26 is depth 2 great crawl depth 1
2017-09-16 16:42:49,850 - [webpage_manager.py:69] - INFO - url http://www.hao123.com/haoda is depth 2 great crawl depth 1
2017-09-16 16:42:49,850 - [webpage_manager.py:69] - INFO - url https://itunes.apple.com/cn/app/id482820737 is depth 2 great crawl depth 1
2017-09-16 16:42:49,850 - [webpage_manager.py:69] - INFO - url http://baishi.baidu.com/watch/4451034459793402953.html is depth 2 great crawl depth 1
2017-09-16 16:42:49,851 - [webpage_manager.py:69] - INFO - url http://jianyi.baidu.com/question?prod_id=25 is depth 2 great crawl depth 1
2017-09-16 16:42:49,851 - [webpage_manager.py:69] - INFO - url https://www.baidu.com/s?word=%E8%93%9D%E6%9C%88%E4%BC%A0%E5%A5%87&tn=50000016_hao_pg&ie=utf-8 is depth 2 great crawl depth 1
2017-09-16 16:42:49,851 - [webpage_manager.py:69] - INFO - url https://baijia.baidu.com/s?id=1578374273180822002 is depth 2 great crawl depth 1
2017-09-16 16:42:49,852 - [webpage_manager.py:69] - INFO - url http://baishi.baidu.com/watch/5391927269593725617.html is depth 2 great crawl depth 1
2017-09-16 16:42:49,852 - [webpage_manager.py:69] - INFO - url http://jianyi.baidu.com/question?prod_id=24 is depth 2 great crawl depth 1
2017-09-16 16:42:49,852 - [webpage_manager.py:69] - INFO - url http://news.ifeng.com/a/20170915/52015009_0.shtml?_zbs_hao123_news is depth 2 great crawl depth 1
2017-09-16 16:42:49,852 - [webpage_manager.py:69] - INFO - url https://baijia.baidu.com/s?id=1578652976924681727 is depth 2 great crawl depth 1
2017-09-16 16:42:49,853 - [webpage_manager.py:69] - INFO - url http://baishi.baidu.com/watch/04826785648801352903.html is depth 2 great crawl depth 1
2017-09-16 16:42:49,853 - [webpage_manager.py:69] - INFO - url http://jianyi.baidu.com/question?prod_id=8 is depth 2 great crawl depth 1
2017-09-16 16:42:49,854 - [webpage_manager.py:69] - INFO - url http://www.ifeng.com is depth 2 great crawl depth 1
2017-09-16 16:42:49,855 - [webpage_manager.py:69] - INFO - url https://baijia.baidu.com/s?id=1578653355907666885 is depth 2 great crawl depth 1
2017-09-16 16:42:49,855 - [webpage_manager.py:69] - INFO - url http://v.baidu.com/show/19931.htm?frp=browse is depth 2 great crawl depth 1
2017-09-16 16:42:49,855 - [webpage_manager.py:69] - INFO - url http://jianyi.baidu.com/question?prod_id=9 is depth 2 great crawl depth 1
2017-09-16 16:42:49,856 - [webpage_manager.py:69] - INFO - url https://jingcai.hao123.com/?sub_tag=127 is depth 2 great crawl depth 1
2017-09-16 16:42:49,856 - [webpage_manager.py:69] - INFO - url http://news.baidu.com/ is depth 2 great crawl depth 1
2017-09-16 16:42:49,857 - [webpage_manager.py:69] - INFO - url http://zhibo.v.baidu.com/6rooms?pagetab=preversion is depth 2 great crawl depth 1
2017-09-16 16:42:49,857 - [webpage_manager.py:69] - INFO - url http://youxi.baidu.com/cs/cs_home.xhtml is depth 2 great crawl depth 1
2017-09-16 16:42:49,857 - [webpage_manager.py:69] - INFO - url http://tejia.hao123.com/?tn=mxlm is depth 2 great crawl depth 1
2017-09-16 16:42:49,857 - [webpage_manager.py:69] - INFO - url http://news.youth.cn/tbxw/201709/t20170915_10721201.htm is depth 2 great crawl depth 1
2017-09-16 16:42:49,858 - [webpage_manager.py:69] - INFO - url http://baishi.baidu.com/watch/5004008237055027625.html is depth 2 great crawl depth 1
2017-09-16 16:42:49,858 - [webpage_manager.py:69] - INFO - url http://jianyi.baidu.com/question?prod_id=167 is depth 2 great crawl depth 1
2017-09-16 16:42:49,858 - [webpage_manager.py:69] - INFO - url http://mini.eastday.com/a/njump.html?id=n170916025437953&qid=hao123tj is depth 2 great crawl depth 1
2017-09-16 16:42:49,858 - [webpage_manager.py:69] - INFO - url http://downpack.baidu.com/baidunews_AndroidPhone_1014720b.apk is depth 2 great crawl depth 1
2017-09-16 16:42:49,859 - [webpage_manager.py:69] - INFO - url http://baidu.v.ifeng.com/kan/aB9xR?fr=v.baidu.com/ is depth 2 great crawl depth 1
2017-09-16 16:42:49,859 - [webpage_manager.py:69] - INFO - url http://jianyi.baidu.com/question?prod_id=103 is depth 2 great crawl depth 1
2017-09-16 16:42:49,859 - [webpage_manager.py:69] - INFO - url http://www.hao123.com/abouthao123 is depth 2 great crawl depth 1
2017-09-16 16:42:49,860 - [webpage_manager.py:69] - INFO - url http://news.china.com/domestic/945/20170916/31425885.html is depth 2 great crawl depth 1
2017-09-16 16:42:49,860 - [webpage_manager.py:69] - INFO - url http://v.baidu.com/movie/126000.htm?frp=browse is depth 2 great crawl depth 1
2017-09-16 16:42:49,860 - [webpage_manager.py:69] - INFO - url http://jianyi.baidu.com/question?prod_id=1 is depth 2 great crawl depth 1
2017-09-16 16:42:49,860 - [webpage_manager.py:69] - INFO - url http://www.baidu.com/s?word=%E6%97%A5%E5%8E%86&tn=sitehao123_09&ie=utf-8 is depth 2 great crawl depth 1
2017-09-16 16:42:49,861 - [webpage_manager.py:69] - INFO - url https://baijia.baidu.com/s?id=1578373838877672334 is depth 2 great crawl depth 1
2017-09-16 16:42:49,861 - [webpage_manager.py:69] - INFO - url http://baishi.baidu.com/watch/4531996940364110254.html is depth 2 great crawl depth 1
2017-09-16 16:42:49,861 - [webpage_manager.py:69] - INFO - url http://jianyi.baidu.com/question?prod_id=2 is depth 2 great crawl depth 1
2017-09-16 16:42:49,862 - [webpage_manager.py:69] - INFO - url http://www.hao123.com/ is depth 2 great crawl depth 1
2017-09-16 16:42:49,862 - [webpage_manager.py:69] - INFO - url http://news.china.com/domestic/945/20170916/31426302.html is depth 2 great crawl depth 1
2017-09-16 16:42:49,862 - [webpage_manager.py:69] - INFO - url http://list.video.baidu.com/iph_promote.html is depth 2 great crawl depth 1
2017-09-16 16:42:49,863 - [webpage_manager.py:69] - INFO - url http://jianyi.baidu.com/question?prod_id=3 is depth 2 great crawl depth 1
2017-09-16 16:42:49,863 - [webpage_manager.py:69] - INFO - url https://www.baidu.com/s?wd=%E6%96%97%E5%9C%B0%E4%B8%BB%E8%BE%BE%E4%BA%BA&tn=50000056_hao_pg&ie=UTF-8 is depth 2 great crawl depth 1
2017-09-16 16:42:49,863 - [webpage_manager.py:69] - INFO - url https://zhidao.baidu.com/ is depth 2 great crawl depth 1
2017-09-16 16:42:49,863 - [webpage_manager.py:69] - INFO - url http://v.baidu.com/show/16.htm?frp=browse is depth 2 great crawl depth 1
2017-09-16 16:42:49,864 - [webpage_manager.py:69] - INFO - url http://jianyi.baidu.com/question?prod_id=4 is depth 2 great crawl depth 1
2017-09-16 16:42:49,864 - [webpage_manager.py:69] - INFO - url http://www.hao123.com/sitemap is depth 2 great crawl depth 1
2017-09-16 16:42:49,864 - [webpage_manager.py:69] - INFO - url http://china.huanqiu.com/article/2017-09/11253449.html?from=bdwz is depth 2 great crawl depth 1
2017-09-16 16:42:49,865 - [webpage_manager.py:69] - INFO - url http://baishi.baidu.com/watch/4705593744129679148.html is depth 2 great crawl depth 1
2017-09-16 16:42:49,865 - [webpage_manager.py:69] - INFO - url http://jianyi.baidu.com/question?prod_id=5 is depth 2 great crawl depth 1
2017-09-16 16:42:49,866 - [webpage_manager.py:69] - INFO - url http://www.baidu.com/?tn=sitehao123 is depth 2 great crawl depth 1
2017-09-16 16:42:49,866 - [webpage_manager.py:69] - INFO - url https://baijia.baidu.com/s?id=1578410468853518882 is depth 2 great crawl depth 1
2017-09-16 16:42:49,866 - [webpage_manager.py:69] - INFO - url http://baishi.baidu.com/watch/01202245847233823025.html is depth 2 great crawl depth 1
2017-09-16 16:42:49,867 - [webpage_manager.py:69] - INFO - url http://jianyi.baidu.com/question?prod_id=6 is depth 2 great crawl depth 1
2017-09-16 16:42:49,867 - [webpage_manager.py:69] - INFO - url http://www.china.com.cn/ is depth 2 great crawl depth 1
2017-09-16 16:42:49,867 - [webpage_manager.py:69] - INFO - url https://baijia.baidu.com/ is depth 2 great crawl depth 1
2017-09-16 16:42:49,868 - [webpage_manager.py:69] - INFO - url http://v.baidu.com/comic/847.htm?frp=browse is depth 2 great crawl depth 1
2017-09-16 16:42:49,868 - [webpage_manager.py:69] - INFO - url http://jianyi.baidu.com/question?prod_id=7 is depth 2 great crawl depth 1
2017-09-16 16:42:49,868 - [webpage_manager.py:69] - INFO - url http://news.hao123.com/ is depth 2 great crawl depth 1
2017-09-16 16:42:49,868 - [webpage_manager.py:69] - INFO - url https://www.baidu.com/s?wd=%E8%8C%83%E5%86%B0%E5%86%B036%E5%B2%81%E7%94%9F%E6%97%A5%E8%BF%99%E5%A4%A9%20%E6%9D%8E%E6%99%A8%E6%B1%82%E5%A9%9A%E6%88%90%E5%8A%9F%E4%BA%86 is depth 2 great crawl depth 1
2017-09-16 16:42:49,869 - [webpage_manager.py:69] - INFO - url http://baidu.v.ifeng.com/kan/aB9Rf?fr=v.baidu.com/ is depth 2 great crawl depth 1
2017-09-16 16:42:49,869 - [webpage_manager.py:69] - INFO - url https://www.baidu.com/s?word=%E7%A7%80%E5%9C%BA%E7%9B%B4%E6%92%AD%E9%97%B4&tn=50000017_hao_pg&ie=utf-8 is depth 2 great crawl depth 1
2017-09-16 16:42:49,869 - [webpage_manager.py:69] - INFO - url https://baijia.baidu.com/u?app_id=1536766474050767 is depth 2 great crawl depth 1
2017-09-16 16:42:49,870 - [webpage_manager.py:69] - INFO - url http://v.baidu.com/live/ is depth 2 great crawl depth 1
2017-09-16 16:42:49,870 - [webpage_manager.py:69] - INFO - url https://dmp-data.vip.com/deeplink/goHome?tra_from=tra%3Am886rni1%3A%3A%3A%3A is depth 2 great crawl depth 1
2017-09-16 16:42:49,871 - [webpage_manager.py:69] - INFO - url http://news.baidu.com/tech is depth 2 great crawl depth 1
2017-09-16 16:42:49,871 - [webpage_manager.py:69] - INFO - url http://baishi.baidu.com/watch/6480011257789931324.html is depth 2 great crawl depth 1
2017-09-16 16:42:49,871 - [webpage_manager.py:69] - INFO - url http://www.baidu.com/s?word=%E6%9C%80%E4%B8%8D%E5%A5%BD%E5%AE%A2%E5%9B%BD%E5%AE%B6%E6%8E%92%E8%A1%8C&tn=50000028_hao_pg&ie=utf-8' is depth 2 great crawl depth 1
2017-09-16 16:42:49,872 - [webpage_manager.py:69] - INFO - url http://news.baidu.com/newscode.html is depth 2 great crawl depth 1
2017-09-16 16:42:49,872 - [webpage_manager.py:69] - INFO - url http://v.baidu.com/cooperate/qt/keji is depth 2 great crawl depth 1
2017-09-16 16:42:49,872 - [webpage_manager.py:69] - INFO - url http://www.hao123.com/zhaopin is depth 2 great crawl depth 1
2017-09-16 16:42:49,873 - [webpage_manager.py:69] - INFO - url http://www.kankanews.com/a/2017-09-16/0018155013.shtml is depth 2 great crawl depth 1
2017-09-16 16:42:49,873 - [webpage_manager.py:69] - INFO - url http://baidu.v.ifeng.com/kan/aB9R9?fr=v.baidu.com/ is depth 2 great crawl depth 1
2017-09-16 16:42:49,873 - [webpage_manager.py:69] - INFO - url http://redirect.simba.taobao.com/rd?c=un&w=bd&f=https%3A%2F%2Fai.taobao.com%2F%3Fpid%3Dmm_26632322_6858406_121586238&k=3e8e7ae3f29b7029&p=mm_26632322_6858406_121586238 is depth 2 great crawl depth 1
2017-09-16 16:42:49,873 - [webpage_manager.py:69] - INFO - url https://baijia.baidu.com/s?id=1578593165078946033&wfr=pc&fr=idx_lst is depth 2 great crawl depth 1
2017-09-16 16:42:49,874 - [webpage_manager.py:69] - INFO - url http://baishi.baidu.com/watch/5271253246589800334.html is depth 2 great crawl depth 1
2017-09-16 16:42:49,874 - [webpage_manager.py:69] - INFO - url https://www.taobao.com/ is depth 2 great crawl depth 1
2017-09-16 16:42:49,874 - [webpage_manager.py:69] - INFO - url http://xinwen.eastday.com/a/xjump.html?id=n170916094556028 is depth 2 great crawl depth 1
2017-09-16 16:42:49,874 - [webpage_manager.py:69] - INFO - url http://baishi.baidu.com/watch/5397924676010433941.html is depth 2 great crawl depth 1
2017-09-16 16:42:49,875 - [webpage_manager.py:69] - INFO - url http://cn.chinadaily.com.cn/ is depth 2 great crawl depth 1
2017-09-16 16:42:49,875 - [webpage_manager.py:69] - INFO - url https://baijia.baidu.com/u?app_id=1536766541482661 is depth 2 great crawl depth 1
2017-09-16 16:42:49,875 - [webpage_manager.py:69] - INFO - url http://baishi.baidu.com/watch/4946690114113140510.html is depth 2 great crawl depth 1
2017-09-16 16:42:49,876 - [webpage_manager.py:69] - INFO - url http://music.baidu.com is depth 2 great crawl depth 1
2017-09-16 16:42:49,876 - [webpage_manager.py:69] - INFO - url http://world.huanqiu.com/article/2017-09/11253365.html?from=bdwz is depth 2 great crawl depth 1
2017-09-16 16:42:49,876 - [webpage_manager.py:69] - INFO - url http://baishi.baidu.com/watch/02341843108965594095.html is depth 2 great crawl depth 1
2017-09-16 16:42:49,876 - [webpage_manager.py:69] - INFO - url http://v.hao123.baidu.com/dongman/ is depth 2 great crawl depth 1
2017-09-16 16:42:49,877 - [webpage_manager.py:69] - INFO - url https://www.baidu.com/s?wd=%E7%94%B7%E5%AD%90%E8%87%AA%E9%A9%BE108%E5%A4%A9%E9%80%81%E5%A5%B3%E5%84%BF%E4%B8%8A%E5%A4%A7%E5%AD%A6%20%E7%A9%BF%E8%B6%8A26%E5%9B%BD%E8%A1%8C%E7%A8%8B3%E4%B8%87%E5%85%AC%E9%87%8C is depth 2 great crawl depth 1
2017-09-16 16:42:49,877 - [webpage_manager.py:69] - INFO - url http://baidu.iqiyi.com/kan/aBhVm?fr=v.baidu.com/ is depth 2 great crawl depth 1
2017-09-16 16:42:49,877 - [webpage_manager.py:69] - INFO - url http://www.hao123.com/love is depth 2 great crawl depth 1
2017-09-16 16:42:49,878 - [webpage_manager.py:69] - INFO - url https://baijia.baidu.com/u?app_id=1536766549127199 is depth 2 great crawl depth 1
2017-09-16 16:42:49,878 - [webpage_manager.py:69] - INFO - url http://v.baidu.com/show/20732.htm?frp=browse is depth 2 great crawl depth 1
2017-09-16 16:42:49,878 - [webpage_manager.py:69] - INFO - url http://www.baidu.com/s?word=iphone8%E5%8F%91%E5%B8%83&tn=sitehao123_10_pg&ie=utf-8 is depth 2 great crawl depth 1
2017-09-16 16:42:49,879 - [webpage_manager.py:69] - INFO - url http://news.baidu.com/advanced_news.html is depth 2 great crawl depth 1
2017-09-16 16:42:49,879 - [webpage_manager.py:69] - INFO - url http://baidu.v.ifeng.com/kan/aB94O?fr=v.baidu.com/ is depth 2 great crawl depth 1
2017-09-16 16:42:49,879 - [webpage_manager.py:69] - INFO - url http://www.baidu.com/s?word=%E9%99%88%E7%BE%BD%E5%87%A1%E5%A4%8D%E5%87%BA&tn=50000028_hao_pg&ie=utf-8' is depth 2 great crawl depth 1
2017-09-16 16:42:49,879 - [webpage_manager.py:69] - INFO - url https://baijia.baidu.com/s?id=1578593165078946033 is depth 2 great crawl depth 1
2017-09-16 16:42:49,880 - [webpage_manager.py:69] - INFO - url http://baishi.baidu.com/watch/5193235446735271165.html is depth 2 great crawl depth 1
2017-09-16 16:42:49,880 - [webpage_manager.py:69] - INFO - url http://www.baidu.com/s?word=%E7%8E%AF%E4%BF%9D%E7%A8%8E%E5%BC%80%E5%BE%81%E5%80%92%E8%AE%A1%E6%97%B6&tn=50000028_hao_pg&ie=utf-8' is depth 2 great crawl depth 1
2017-09-16 16:42:49,880 - [webpage_manager.py:69] - INFO - url http://news.baidu.com/guoji is depth 2 great crawl depth 1
2017-09-16 16:42:49,880 - [webpage_manager.py:69] - INFO - url http://baishi.baidu.com/watch/5192108290821128595.html is depth 2 great crawl depth 1
2017-09-16 16:42:49,881 - [webpage_manager.py:69] - INFO - url http://tejia.hao123.com/?tn=zjl is depth 2 great crawl depth 1
2017-09-16 16:42:49,881 - [webpage_manager.py:69] - INFO - url http://news.baidu.com/auto is depth 2 great crawl depth 1
2017-09-16 16:42:49,881 - [webpage_manager.py:69] - INFO - url http://baishi.baidu.com/watch/7393483206181247429.html is depth 2 great crawl depth 1
2017-09-16 16:42:49,882 - [webpage_manager.py:69] - INFO - url http://life.hao123.com/?tn=kuzhan_movie&searchTab=dianying is depth 2 great crawl depth 1
2017-09-16 16:42:49,882 - [webpage_manager.py:69] - INFO - url http://xinwen.eastday.com/a/xjump.html?id=n170916070727357 is depth 2 great crawl depth 1
2017-09-16 16:42:49,882 - [webpage_manager.py:69] - INFO - url http://baishi.baidu.com/watch/4747754639690807221.html is depth 2 great crawl depth 1
2017-09-16 16:42:49,882 - [webpage_manager.py:69] - INFO - url http://www.huanqiu.com/ is depth 2 great crawl depth 1
2017-09-16 16:42:49,883 - [webpage_manager.py:69] - INFO - url https://baijia.baidu.com/u?app_id=1536772658226902 is depth 2 great crawl depth 1
2017-09-16 16:42:49,883 - [webpage_manager.py:69] - INFO - url http://v.baidu.com/channel/beauty is depth 2 great crawl depth 1
2017-09-16 16:42:49,883 - [webpage_manager.py:69] - INFO - url http://gouwu.hao123.com/?tn=mxlm1 is depth 2 great crawl depth 1
2017-09-16 16:42:49,883 - [webpage_manager.py:69] - INFO - url http://news.baidu.com/licence.html is depth 2 great crawl depth 1
2017-09-16 16:42:49,884 - [webpage_manager.py:69] - INFO - url http://baishi.baidu.com/watch/5180986277374292248.html is depth 2 great crawl depth 1
2017-09-16 16:42:49,884 - [webpage_manager.py:69] - INFO - url http://top.baidu.com/buzz?b=1 is depth 2 great crawl depth 1
2017-09-16 16:42:49,884 - [webpage_manager.py:69] - INFO - url https://baijia.baidu.com/s?id=1578657807931787886 is depth 2 great crawl depth 1
2017-09-16 16:42:49,885 - [webpage_manager.py:69] - INFO - url http://player.baidu.com/yingyin.html is depth 2 great crawl depth 1
2017-09-16 16:42:49,885 - [webpage_manager.py:69] - INFO - url http://www.baidu.com/s?word=%E6%94%BF%E5%BA%9C%E7%A6%81%E7%94%A8%E5%8D%A1%E5%B7%B4%E6%96%AF%E5%9F%BA&tn=50000028_hao_pg&ie=utf-8' is depth 2 great crawl depth 1
2017-09-16 16:42:49,885 - [webpage_manager.py:69] - INFO - url https://www.baidu.com/s?wd=2017%E5%B9%B4%E7%BD%91%E7%BB%9C%E5%AE%89%E5%85%A8%E5%AE%A3%E4%BC%A0%E5%91%A8 is depth 2 great crawl depth 1
2017-09-16 16:42:49,885 - [webpage_manager.py:69] - INFO - url http://v.baidu.com/movie/list/filter-true+type-%E6%81%90%E6%80%96+order-hot+pn-1+channel-movie is depth 2 great crawl depth 1
2017-09-16 16:42:49,886 - [webpage_manager.py:69] - INFO - url http://www.hao123.com/api/ajax?menu=game_kp is depth 2 great crawl depth 1
2017-09-16 16:42:49,886 - [webpage_manager.py:69] - INFO - url https://baijia.baidu.com/u?app_id=1542908067534756 is depth 2 great crawl depth 1
2017-09-16 16:42:49,886 - [webpage_manager.py:69] - INFO - url http://baishi.baidu.com/watch/8919763333959083898.html is depth 2 great crawl depth 1
2017-09-16 16:42:49,887 - [webpage_manager.py:69] - INFO - url http://www.cnr.cn/ is depth 2 great crawl depth 1
2017-09-16 16:42:49,887 - [webpage_manager.py:69] - INFO - url http://xinwen.eastday.com/a/xjump.html?id=n170916125841109 is depth 2 great crawl depth 1
2017-09-16 16:42:49,887 - [webpage_manager.py:69] - INFO - url http://v.baidu.com/tv/list/filter-true+type-%E9%9D%92%E6%98%A5%E5%81%B6%E5%83%8F+order-hot+pn-1+channel-tvplay is depth 2 great crawl depth 1
2017-09-16 16:42:49,888 - [webpage_manager.py:69] - INFO - url http://www.hao123.com/licaishuju is depth 2 great crawl depth 1
2017-09-16 16:42:49,888 - [webpage_manager.py:69] - INFO - url http://news.baidu.com/n?cmd=6&loc=0&name=%B1%B1%BE%A9 is depth 2 great crawl depth 1
2017-09-16 16:42:49,888 - [webpage_manager.py:69] - INFO - url http://baishi.baidu.com/watch/4709565927499271713.html is depth 2 great crawl depth 1
2017-09-16 16:42:49,888 - [webpage_manager.py:69] - INFO - url https://www.baidu.com/s?word=%E7%9B%97%E5%A2%93%E7%AC%94%E8%AE%B0&tn=50000016_hao_pg&ie=utf-8 is depth 2 great crawl depth 1
2017-09-16 16:42:49,889 - [webpage_manager.py:69] - INFO - url https://baijia.baidu.com/s?id=1578617968046174105 is depth 2 great crawl depth 1
2017-09-16 16:42:49,889 - [webpage_manager.py:69] - INFO - url http://v.baidu.com/tv/24937.htm?frp=browse is depth 2 great crawl depth 1
2017-09-16 16:42:49,889 - [webpage_manager.py:69] - INFO - url http://www.iqiyi.com/ is depth 2 great crawl depth 1
2017-09-16 16:42:49,889 - [webpage_manager.py:69] - INFO - url https://www.baidu.com/s?wd=%E5%AE%98%E6%96%B9%E5%85%AC%E5%B8%83140%E9%A1%B9%E8%81%8C%E4%B8%9A%E8%B5%84%E6%A0%BC%20%E4%BD%A0%E8%80%83%E7%9A%84%E8%AF%81%E5%9C%A8%E7%9B%AE%E5%BD%95%E9%87%8C%E5%90%97 is depth 2 great crawl depth 1
2017-09-16 16:42:49,890 - [webpage_manager.py:69] - INFO - url http://baidu.v.ifeng.com/kan/aB9x5?fr=v.baidu.com/ is depth 2 great crawl depth 1
2017-09-16 16:42:49,890 - [webpage_manager.py:69] - INFO - url http://bbs.miercn.com/hao123tj/201709/1248297.html is depth 2 great crawl depth 1
2017-09-16 16:42:49,890 - [webpage_manager.py:69] - INFO - url http://news.baidu.com/view.html is depth 2 great crawl depth 1
2017-09-16 16:42:49,890 - [webpage_manager.py:69] - INFO - url http://v.baidu.com/movie/22766.htm?frp=browse is depth 2 great crawl depth 1
2017-09-16 16:42:49,891 - [webpage_manager.py:69] - INFO - url https://www.baidu.com/s?wd=15w%E4%B9%B0%E5%A5%BD%E8%BD%A6&tn=50000056_hao_pg&ie=UTF-8 is depth 2 great crawl depth 1
2017-09-16 16:42:49,891 - [webpage_manager.py:69] - INFO - url http://xinwen.eastday.com/a/xjump.html?id=n170916002912607 is depth 2 great crawl depth 1
2017-09-16 16:42:49,891 - [webpage_manager.py:69] - INFO - url http://baidu.pptv.com/kan/aB9gZ?fr=v.baidu.com/ is depth 2 great crawl depth 1
2017-09-16 16:42:49,892 - [webpage_manager.py:69] - INFO - url https://www.baidu.com/s?word=%E6%83%85%E5%95%86%E5%9F%B9%E8%AE%AD%E7%8F%AD&tn=50000020_hao_pg&ie=utf-8 is depth 2 great crawl depth 1
2017-09-16 16:42:49,892 - [webpage_manager.py:69] - INFO - url http://news.baidu.com/society is depth 2 great crawl depth 1
2017-09-16 16:42:49,892 - [webpage_manager.py:69] - INFO - url http://v.baidu.com/comic/16932.htm?frp=browse is depth 2 great crawl depth 1
2017-09-16 16:42:49,892 - [webpage_manager.py:69] - INFO - url http://www.hao123.com/api/ajax?menu=tejia_kp is depth 2 great crawl depth 1
2017-09-16 16:42:49,893 - [webpage_manager.py:69] - INFO - url https://baijia.baidu.com/s?id=1578574027343504863&wfr=pc&fr=idx_lst is depth 2 great crawl depth 1
2017-09-16 16:42:49,893 - [webpage_manager.py:69] - INFO - url http://baishi.baidu.com/watch/3717971168242418011.html is depth 2 great crawl depth 1
2017-09-16 16:42:49,893 - [webpage_manager.py:69] - INFO - url http://www.youku.com/ is depth 2 great crawl depth 1
2017-09-16 16:42:49,894 - [webpage_manager.py:69] - INFO - url https://baijia.baidu.com/s?id=1578569789051062601&wfr=pc&fr=idx_lst is depth 2 great crawl depth 1
2017-09-16 16:42:49,894 - [webpage_manager.py:69] - INFO - url http://baishi.baidu.com/watch/3916364104313413750.html is depth 2 great crawl depth 1
2017-09-16 16:42:49,894 - [webpage_manager.py:69] - INFO - url http://www.qianlong.com/ is depth 2 great crawl depth 1
2017-09-16 16:42:49,895 - [webpage_manager.py:69] - INFO - url https://baijia.baidu.com/s?id=1578608841763998356 is depth 2 great crawl depth 1
2017-09-16 16:42:49,895 - [webpage_manager.py:69] - INFO - url http://baishi.baidu.com/watch/027665032131853271.html is depth 2 great crawl depth 1
2017-09-16 16:42:49,895 - [webpage_manager.py:69] - INFO - url http://www.baidu.com/s?word=NBA&tn=sitehao123_10_pg&ie=utf-8 is depth 2 great crawl depth 1
2017-09-16 16:42:49,895 - [webpage_manager.py:69] - INFO - url http://news.baidu.com/guonei is depth 2 great crawl depth 1
2017-09-16 16:42:49,896 - [webpage_manager.py:69] - INFO - url http://baishi.baidu.com/watch/4685684532700037511.html is depth 2 great crawl depth 1
2017-09-16 16:42:49,896 - [webpage_manager.py:69] - INFO - url http://www.youth.cn/ is depth 2 great crawl depth 1
2017-09-16 16:42:49,896 - [webpage_manager.py:69] - INFO - url https://baijia.baidu.com/s?id=1578607976201766738 is depth 2 great crawl depth 1
2017-09-16 16:42:49,896 - [webpage_manager.py:69] - INFO - url http://v.baidu.com/movie/22727.htm?frp=browse is depth 2 great crawl depth 1
2017-09-16 16:42:49,897 - [webpage_manager.py:69] - INFO - url http://www.17173.com/ is depth 2 great crawl depth 1
2017-09-16 16:42:49,897 - [webpage_manager.py:69] - INFO - url http://news.ifeng.com/a/20170916/52017417_0.shtml?_zbs_baidu_news is depth 2 great crawl depth 1
2017-09-16 16:42:49,897 - [webpage_manager.py:69] - INFO - url http://v.baidu.com/show/list/filter-true+type-%E8%84%B1%E5%8F%A3%E7%A7%80+order-hot+pn-1+channel-tvshow is depth 2 great crawl depth 1
2017-09-16 16:42:49,898 - [webpage_manager.py:69] - INFO - url https://ai.taobao.com/search/index.htm?key=%E6%96%87%E5%85%B7&pid=mm_43125636_4246598_118736310 is depth 2 great crawl depth 1
2017-09-16 16:42:49,898 - [webpage_manager.py:69] - INFO - url http://news.cctv.com/2017/09/15/ARTIrjSD08QwGpHiuiyZ3fi1170915.shtml is depth 2 great crawl depth 1
2017-09-16 16:42:49,898 - [webpage_manager.py:69] - INFO - url http://v.baidu.com/tv/23833.htm?frp=browse is depth 2 great crawl depth 1
2017-09-16 16:42:49,898 - [webpage_manager.py:69] - INFO - url http://u.ctrip.com/union/CtripRedirect.aspx?TypeID=2&Allianceid=1630&sid=1911&OUID=&jumpUrl=http://www.ctrip.com/ is depth 2 great crawl depth 1
2017-09-16 16:42:49,899 - [webpage_manager.py:69] - INFO - url https://baijia.baidu.com/s?id=1578208807638478293 is depth 2 great crawl depth 1
2017-09-16 16:42:49,899 - [webpage_manager.py:69] - INFO - url http://top.baidu.com/ is depth 2 great crawl depth 1
2017-09-16 16:42:49,899 - [webpage_manager.py:69] - INFO - url http://www.hao123.com/zt/qpcm2#l-1468469038778 is depth 2 great crawl depth 1
2017-09-16 16:42:49,900 - [webpage_manager.py:69] - INFO - url http://xinwen.eastday.com/a/xjump.html?id=n170916064853682 is depth 2 great crawl depth 1
2017-09-16 16:42:49,900 - [webpage_manager.py:69] - INFO - url http://baishi.baidu.com/watch/3839101340980344087.html is depth 2 great crawl depth 1
2017-09-16 16:42:49,900 - [webpage_manager.py:69] - INFO - url http://8.hao123.com/ is depth 2 great crawl depth 1
2017-09-16 16:42:49,900 - [webpage_manager.py:69] - INFO - url http://news.baidu.com/pianhao.html is depth 2 great crawl depth 1
2017-09-16 16:42:49,901 - [webpage_manager.py:69] - INFO - url http://yb.baidu.com/ is depth 2 great crawl depth 1
2017-09-16 16:42:49,901 - [webpage_manager.py:69] - INFO - url https://www.baidu.com/s?word=%E6%96%B0%E6%88%BF%E6%80%A5%E5%94%AE&tn=50000020_hao_pg&ie=utf-8 is depth 2 great crawl depth 1
2017-09-16 16:42:49,901 - [webpage_manager.py:69] - INFO - url http://news.baidu.com/sports is depth 2 great crawl depth 1
2017-09-16 16:42:49,901 - [webpage_manager.py:69] - INFO - url http://v.baidu.com/tv/26729.htm?frp=browse is depth 2 great crawl depth 1
2017-09-16 16:42:49,902 - [webpage_manager.py:69] - INFO - url http://v.hao123.baidu.com/dianshi/26819.htm is depth 2 great crawl depth 1
2017-09-16 16:42:49,902 - [webpage_manager.py:69] - INFO - url http://media.baidu.com is depth 2 great crawl depth 1
2017-09-16 16:42:49,902 - [webpage_manager.py:69] - INFO - url http://baidu.56.com/kan/aBhgy?fr=v.baidu.com/ is depth 2 great crawl depth 1
2017-09-16 16:42:49,903 - [webpage_manager.py:69] - INFO - url https://tieba.baidu.com/ is depth 2 great crawl depth 1
2017-09-16 16:42:49,903 - [webpage_manager.py:69] - INFO - url http://news.cctv.com/2017/09/15/ARTIGW5BWHGIZshMNqFSfXKN170915.shtml is depth 2 great crawl depth 1
2017-09-16 16:42:49,903 - [webpage_manager.py:69] - INFO - url http://v.baidu.com/v?word=%E7%99%BD%E7%99%BE%E4%BD%95%E8%A2%AB%E7%8B%97%E4%BB%94%E6%83%B9%E5%93%AD&ct=301989888&rn=27&pn=0&db=0&s=0&fbl=800&ie=utf-8 is depth 2 great crawl depth 1
2017-09-16 16:42:49,903 - [webpage_manager.py:69] - INFO - url http://www.baidu.com/s?word=%E6%AF%94%E7%89%B9%E5%B8%81%E4%B8%AD%E5%9B%BD%E5%B0%86%E5%81%9C%E4%BA%A4&tn=sitehao123_10_pg&ie=utf-8 is depth 2 great crawl depth 1
2017-09-16 16:42:49,904 - [webpage_manager.py:69] - INFO - url http://news.baidu.com/n?bypass=lamp&m=pagesother&v=newsgx is depth 2 great crawl depth 1
2017-09-16 16:42:49,904 - [webpage_manager.py:69] - INFO - url http://baishi.baidu.com/watch/05845821836704581225.html is depth 2 great crawl depth 1
2017-09-16 16:42:49,904 - [webpage_manager.py:69] - INFO - url http://www.cctv.com/ is depth 2 great crawl depth 1
2017-09-16 16:42:49,905 - [webpage_manager.py:69] - INFO - url http://world.huanqiu.com/article/2017-09/11253447.html?from=bdwz is depth 2 great crawl depth 1
2017-09-16 16:42:49,907 - [webpage_manager.py:69] - INFO - url http://tv.sohu.com/ is depth 2 great crawl depth 1
2017-09-16 16:42:49,908 - [webpage_manager.py:69] - INFO - url http://www.baidu.com/?tn=sitehao123_15 is depth 2 great crawl depth 1
2017-09-16 16:42:49,908 - [webpage_manager.py:69] - INFO - url http://jian.news.baidu.com/ is depth 2 great crawl depth 1
2017-09-16 16:42:49,909 - [webpage_manager.py:69] - INFO - url http://baidu.v.ifeng.com/kan/aB9xa?fr=v.baidu.com/ is depth 2 great crawl depth 1
2017-09-16 16:42:49,909 - [webpage_manager.py:69] - INFO - url https://www.nuomi.com/pcindex/index/trans?fr=hao123&to=ctrip is depth 2 great crawl depth 1
2017-09-16 16:42:49,910 - [webpage_manager.py:69] - INFO - url http://news.xinhuanet.com/politics/2017-09/15/c_1121670512.htm is depth 2 great crawl depth 1
2017-09-16 16:42:49,910 - [webpage_manager.py:69] - INFO - url http://baidu.v.ifeng.com/kan/aB9gy?fr=v.baidu.com/ is depth 2 great crawl depth 1
2017-09-16 16:42:49,910 - [webpage_manager.py:69] - INFO - url https://pan.baidu.com/ is depth 2 great crawl depth 1
2017-09-16 16:42:49,911 - [webpage_manager.py:69] - INFO - url http://d.news.ifeng.com/pc/special/55220/index.shtml?_zbs_baidu_news is depth 2 great crawl depth 1
2017-09-16 16:42:49,911 - [webpage_manager.py:69] - INFO - url http://v.baidu.com/show/19821.htm?frp=browse is depth 2 great crawl depth 1
2017-09-16 16:42:49,911 - [webpage_manager.py:69] - INFO - url http://mil.huanqiu.com/ is depth 2 great crawl depth 1
2017-09-16 16:42:49,911 - [webpage_manager.py:69] - INFO - url https://baijia.baidu.com/u?app_id=1536767911508436 is depth 2 great crawl depth 1
2017-09-16 16:42:49,912 - [webpage_manager.py:69] - INFO - url http://v.baidu.com/infoindex/ is depth 2 great crawl depth 1
2017-09-16 16:42:49,912 - [webpage_manager.py:69] - INFO - url http://www.baidu.com/s?word=%E6%9D%8E%E9%9B%A8%E6%A1%90%E5%86%8D%E7%88%86%E6%96%99&tn=50000028_hao_pg&ie=utf-8' is depth 2 great crawl depth 1
2017-09-16 16:42:49,912 - [webpage_manager.py:69] - INFO - url http://news.baidu.com/finance is depth 2 great crawl depth 1
2017-09-16 16:42:49,913 - [webpage_manager.py:69] - INFO - url http://v.baidu.com/tv/11296.htm?frp=browse is depth 2 great crawl depth 1
2017-09-16 16:42:49,913 - [webpage_manager.py:69] - INFO - url http://news.163.com/ is depth 2 great crawl depth 1
2017-09-16 16:42:49,913 - [webpage_manager.py:69] - INFO - url https://baijia.baidu.com/s?id=1578558686663240107&wfr=pc&fr=idx_lst is depth 2 great crawl depth 1
2017-09-16 16:42:49,913 - [webpage_manager.py:69] - INFO - url http://v.baidu.com/channel/spoof is depth 2 great crawl depth 1
2017-09-16 16:42:49,914 - [webpage_manager.py:69] - INFO - url http://video.hao123.baidu.com/dianshi is depth 2 great crawl depth 1
2017-09-16 16:42:49,914 - [webpage_manager.py:69] - INFO - url http://china.huanqiu.com/livelihood/2017-09/11253484.html?from=bdwz is depth 2 great crawl depth 1
2017-09-16 16:42:49,915 - [webpage_manager.py:69] - INFO - url http://baidu.pptv.com/kan/aB9gD?fr=v.baidu.com/ is depth 2 great crawl depth 1
2017-09-16 16:42:49,916 - [webpage_manager.py:69] - INFO - url http://www.sina.com.cn/ is depth 2 great crawl depth 1
2017-09-16 16:42:49,916 - [webpage_manager.py:69] - INFO - url https://baijia.baidu.com/s?id=1578609288168293606 is depth 2 great crawl depth 1
2017-09-16 16:42:49,916 - [webpage_manager.py:69] - INFO - url http://baidu.v.ifeng.com/kan/aB9Jn?fr=v.baidu.com/ is depth 2 great crawl depth 1
2017-09-16 16:42:49,916 - [webpage_manager.py:69] - INFO - url https://www.baidu.com/s?word=%E9%99%88%E7%BE%BD%E5%87%A1%E5%A4%8D%E5%87%BA&50000105_hao_pg is depth 2 great crawl depth 1
2017-09-16 16:42:49,917 - [webpage_manager.py:69] - INFO - url https://baijia.baidu.com/channel?cat=5 is depth 2 great crawl depth 1
2017-09-16 16:42:49,917 - [webpage_manager.py:69] - INFO - url http://baishi.baidu.com/watch/4931428534064214947.html is depth 2 great crawl depth 1
2017-09-16 16:42:49,917 - [webpage_manager.py:69] - INFO - url http://www.hao123.com/gaoxiao is depth 2 great crawl depth 1
2017-09-16 16:42:49,918 - [webpage_manager.py:69] - INFO - url https://baijia.baidu.com/channel?cat=4 is depth 2 great crawl depth 1
2017-09-16 16:42:49,918 - [webpage_manager.py:69] - INFO - url http://baidu.pptv.com/kan/aB9xF?fr=v.baidu.com/ is depth 2 great crawl depth 1
2017-09-16 16:42:49,918 - [webpage_manager.py:69] - INFO - url http://www.eastmoney.com is depth 2 great crawl depth 1
2017-09-16 16:42:49,919 - [webpage_manager.py:69] - INFO - url https://baijia.baidu.com/channel?cat=3 is depth 2 great crawl depth 1
2017-09-16 16:42:49,919 - [webpage_manager.py:69] - INFO - url http://www.cntv.cn/ is depth 2 great crawl depth 1
2017-09-16 16:42:49,919 - [webpage_manager.py:69] - INFO - url https://game.hao123.com is depth 2 great crawl depth 1
2017-09-16 16:42:49,919 - [webpage_manager.py:69] - INFO - url http://news.china.com/focus/taiwan/11165943/20170916/31424622.html is depth 2 great crawl depth 1
2017-09-16 16:42:49,920 - [webpage_manager.py:69] - INFO - url http://g.youxi.v.baidu.com/s/1/1265/77.html?frm=bdsp-jddt is depth 2 great crawl depth 1
2017-09-16 16:42:49,920 - [webpage_manager.py:69] - INFO - url https://www.baidu.com/s?word=%E7%8E%A9%E5%9C%A8%E8%A5%BF%E5%85%83%E5%89%8D&tn=50000016_hao_pg&ie=utf-8 is depth 2 great crawl depth 1
2017-09-16 16:42:49,920 - [webpage_manager.py:69] - INFO - url http://news.baidu.com/game is depth 2 great crawl depth 1
2017-09-16 16:42:49,921 - [webpage_manager.py:69] - INFO - url http://baishi.baidu.com/watch/3777192445131353375.html is depth 2 great crawl depth 1
2017-09-16 16:42:49,921 - [webpage_manager.py:69] - INFO - url http://v.hao123.baidu.com/zongyi/ is depth 2 great crawl depth 1
2017-09-16 16:42:49,921 - [webpage_manager.py:69] - INFO - url http://news.baidu.com/ent is depth 2 great crawl depth 1
2017-09-16 16:42:49,922 - [webpage_manager.py:69] - INFO - url http://v.baidu.com/tv/26757.htm?frp=browse is depth 2 great crawl depth 1
2017-09-16 16:42:49,922 - [webpage_manager.py:69] - INFO - url https://ai.taobao.com/search/index.htm?key=%E9%9B%B6%E9%A3%9F&pid=mm_43125636_4246598_118736310 is depth 2 great crawl depth 1
2017-09-16 16:42:49,922 - [webpage_manager.py:69] - INFO - url https://baijia.baidu.com/u?app_id=1536766231434959 is depth 2 great crawl depth 1
2017-09-16 16:42:49,922 - [webpage_manager.py:69] - INFO - url http://v.baidu.com/v?word=%E5%AE%8B%E5%96%86%E8%A2%AB%E5%88%91%E6%8B%98&ct=301989888&rn=27&pn=0&db=0&s=0&fbl=800&ie=utf-8&oq=%E5%AE%8B%E5%96%86%E8%A2%AB&f=3&rsp=0 is depth 2 great crawl depth 1
2017-09-16 16:42:49,923 - [webpage_manager.py:69] - INFO - url http://tejia.hao123.com/?tn=xqdh is depth 2 great crawl depth 1
2017-09-16 16:42:49,923 - [webpage_manager.py:69] - INFO - url http://news.china.com/socialgd/10000169/20170916/31424518.html is depth 2 great crawl depth 1
2017-09-16 16:42:49,923 - [webpage_manager.py:69] - INFO - url http://baishi.baidu.com/watch/01824440886660623646.html is depth 2 great crawl depth 1
2017-09-16 16:42:49,924 - [webpage_manager.py:69] - INFO - url http://clickc.admaster.com.cn/c/a93044,b1932074,c1165,i0,m101,8a1,8b2,h is depth 2 great crawl depth 1
2017-09-16 16:42:49,924 - [webpage_manager.py:69] - INFO - url http://news.baidu.com/lady is depth 2 great crawl depth 1
2017-09-16 16:42:49,924 - [webpage_manager.py:69] - INFO - url http://baishi.baidu.com/watch/4634629112017824990.html is depth 2 great crawl depth 1
2017-09-16 16:42:49,924 - [webpage_manager.py:69] - INFO - url http://www.ce.cn/ is depth 2 great crawl depth 1
2017-09-16 16:42:49,925 - [webpage_manager.py:69] - INFO - url http://news.baidu.com/internet is depth 2 great crawl depth 1
2017-09-16 16:42:49,925 - [webpage_manager.py:69] - INFO - url http://baishi.baidu.com/watch/4425914570536927411.html is depth 2 great crawl depth 1
2017-09-16 16:42:49,925 - [webpage_manager.py:69] - INFO - url http://www.hao123.com/sports is depth 2 great crawl depth 1
2017-09-16 16:42:49,925 - [webpage_manager.py:69] - INFO - url https://www.baidu.com/s?wd=%E4%B9%A0%E8%BF%91%E5%B9%B3%E5%90%91%E7%AC%AC%E4%BA%8C%E5%B1%8A%E4%B8%AD%E5%9B%BD%E8%B4%A8%E9%87%8F%E5%A4%A7%E4%BC%9A%E8%87%B4%E8%B4%BA%E4%BF%A1 is depth 2 great crawl depth 1
2017-09-16 16:42:49,926 - [webpage_manager.py:69] - INFO - url http://baishi.baidu.com/watch/4809181855416629531.html is depth 2 great crawl depth 1
2017-09-16 16:42:49,926 - [webpage_manager.py:69] - INFO - url http://www.hao123.com/api/ajax?menu=xyx_kp is depth 2 great crawl depth 1
2017-09-16 16:42:49,926 - [webpage_manager.py:69] - INFO - url http://www.baidu.com/search/news_help.html is depth 2 great crawl depth 1
2017-09-16 16:42:49,927 - [webpage_manager.py:69] - INFO - url http://baishi.baidu.com/watch/4740782853743256431.html is depth 2 great crawl depth 1
2017-09-16 16:42:49,927 - [webpage_manager.py:69] - INFO - url https://union-click.jd.com/jdc?d=iEZf6v is depth 2 great crawl depth 1
2017-09-16 16:42:49,927 - [webpage_manager.py:69] - INFO - url https://www.baidu.com/s?wd=%E5%8D%9A%E5%A3%AB%E5%9B%9E%E5%9B%BD%E7%9C%8B%E7%89%99%E6%83%8A%E5%8F%B9%EF%BC%8C%E4%B8%AD%E5%9B%BD%E7%89%99%E5%8C%BB%E8%B6%85%E6%A3%92%2C%E5%8C%BB%E6%9C%AF%E9%AB%98%E6%9C%8D%E5%8A%A1%E5%A5%BD is depth 2 great crawl depth 1
2017-09-16 16:42:49,928 - [webpage_manager.py:69] - INFO - url http://baishi.baidu.com/watch/05659654735295082911.html is depth 2 great crawl depth 1
2017-09-16 16:42:49,928 - [webpage_manager.py:69] - INFO - url http://www.baidu.com/s?word=%E9%82%A3%E5%B9%B4%E8%8A%B1%E5%BC%80%E6%9C%88%E6%AD%A3%E5%9C%86&tn=sitehao123_10_pg&ie=utf-8 is depth 2 great crawl depth 1
2017-09-16 16:42:49,928 - [webpage_manager.py:69] - INFO - url http://news.ifeng.com/a/20170916/52017175_0.shtml?_zbs_baidu_news is depth 2 great crawl depth 1
2017-09-16 16:42:49,928 - [webpage_manager.py:69] - INFO - url http://v.baidu.com/tv/26373.htm?frp=browse is depth 2 great crawl depth 1
2017-09-16 16:42:49,929 - [webpage_manager.py:69] - INFO - url https://www.baidu.com/s?word=%E4%B9%BE%E5%9D%A4%E6%88%98%E7%BA%AA&tn=50000016_hao_pg&ie=utf-8 is depth 2 great crawl depth 1
2017-09-16 16:42:49,929 - [webpage_manager.py:69] - INFO - url http://news.china.com/international/1000/20170916/31424920.html is depth 2 great crawl depth 1
2017-09-16 16:42:49,929 - [webpage_manager.py:69] - INFO - url http://baishi.baidu.com/watch/150983346410084962.html is depth 2 great crawl depth 1
2017-09-16 16:42:49,930 - [webpage_manager.py:69] - INFO - url https://www.baidu.com/s?word=%E6%96%B0%E8%83%BD%E6%BA%90SUV&tn=50000017_hao_pg&ie=utf-8 is depth 2 great crawl depth 1
2017-09-16 16:42:49,930 - [webpage_manager.py:69] - INFO - url http://xinwen.eastday.com/a/xjump.html?id=n170916074400735 is depth 2 great crawl depth 1
2017-09-16 16:42:49,930 - [webpage_manager.py:69] - INFO - url http://v.baidu.com/tv/list/filter-true+type-%E5%96%9C%E5%89%A7+order-hot+pn-1+channel-tvplay is depth 2 great crawl depth 1
2017-09-16 16:42:49,930 - [webpage_manager.py:69] - INFO - url https://www.baidu.com/s?word=%E7%90%86%E8%B4%A2%E6%96%B0%E8%B6%8B%E5%8A%BF&tn=50000017_hao_pg&ie=utf-8 is depth 2 great crawl depth 1
2017-09-16 16:42:49,931 - [webpage_manager.py:69] - INFO - url http://baishi.baidu.com/watch/4614435133353961603.html is depth 2 great crawl depth 1
2017-09-16 16:42:49,931 - [webpage_manager.py:69] - INFO - url http://www.beian.gov.cn/portal/registerSystemInfo?recordcode=11000002000001 is depth 2 great crawl depth 1
2017-09-16 16:42:49,931 - [webpage_manager.py:69] - INFO - url http://baishi.baidu.com/watch/4726631404430525148.html is depth 2 great crawl depth 1
2017-09-16 16:42:49,932 - [webpage_manager.py:69] - INFO - url https://s.click.taobao.com/Z6beuAx is depth 2 great crawl depth 1
2017-09-16 16:42:49,932 - [webpage_manager.py:69] - INFO - url http://baidu.pptv.com/kan/aB9RA?fr=v.baidu.com/ is depth 2 great crawl depth 1
2017-09-16 16:42:49,932 - [webpage_manager.py:69] - INFO - url http://www.baidu.com/s?word=%E4%B8%89%E4%BA%9A%E8%88%AA%E7%8F%AD%E5%8F%96%E6%B6%88&tn=50000028_hao_pg&ie=utf-8' is depth 2 great crawl depth 1
2017-09-16 16:42:49,932 - [webpage_manager.py:69] - INFO - url http://baishi.baidu.com/watch/04165215665199686309.html is depth 2 great crawl depth 1
2017-09-16 16:42:49,933 - [webpage_manager.py:69] - INFO - url http://dl.hao123.com/waphao123/n_apk/hao1231019956s.apk is depth 2 great crawl depth 1
2017-09-16 16:42:49,933 - [webpage_manager.py:69] - INFO - url http://v.baidu.com/movie/115408.htm?frp=browse is depth 2 great crawl depth 1
2017-09-16 16:42:49,933 - [webpage_manager.py:69] - INFO - url https://www.baidu.com/s?word=%E4%BF%A1%E5%8F%B7%E6%94%BE%E5%A4%A7%E5%99%A8&tn=50000019_hao_pg&ie=utf-8 is depth 2 great crawl depth 1
2017-09-16 16:42:49,934 - [webpage_manager.py:69] - INFO - url http://baishi.baidu.com/watch/5254659482964630881.html is depth 2 great crawl depth 1
2017-09-16 16:42:49,934 - [webpage_manager.py:69] - INFO - url http://www.gmw.cn/ is depth 2 great crawl depth 1
2017-09-16 16:42:49,934 - [webpage_manager.py:69] - INFO - url http://v.baidu.com/movie/124218.htm?frp=browse is depth 2 great crawl depth 1
2017-09-16 16:42:49,935 - [webpage_manager.py:69] - INFO - url https://ai.taobao.com/search/index.htm?key=%E5%85%BB%E7%94%9F%E4%BF%9D%E5%81%A5&pid=mm_43125636_4246598_118736310 is depth 2 great crawl depth 1
2017-09-16 16:42:49,935 - [webpage_manager.py:69] - INFO - url http://v.baidu.com/tv/26753.htm?frp=browse is depth 2 great crawl depth 1
2017-09-16 16:42:49,935 - [webpage_manager.py:69] - INFO - url http://www.sohu.com/ is depth 2 great crawl depth 1
2017-09-16 16:42:49,935 - [webpage_manager.py:69] - INFO - url http://baishi.baidu.com/watch/4545749999189172164.html is depth 2 great crawl depth 1
2017-09-16 16:42:49,936 - [webpage_manager.py:69] - INFO - url https://www.baidu.com/s?word=%E6%97%A9%E6%95%99%E5%8A%A0%E7%9B%9F&tn=50000019_hao_pg&ie=utf-8 is depth 2 great crawl depth 1
2017-09-16 16:42:49,936 - [webpage_manager.py:69] - INFO - url http://baishi.baidu.com/watch/05344666612083672283.html is depth 2 great crawl depth 1
2017-09-16 16:42:49,936 - [webpage_manager.py:69] - INFO - url https://www.suning.com/?utm_source=hao123&utm_medium=mingzhan is depth 2 great crawl depth 1
2017-09-16 16:42:49,937 - [webpage_manager.py:69] - INFO - url http://v.baidu.com/tv/26891.htm?frp=browse is depth 2 great crawl depth 1
2017-09-16 16:42:49,937 - [webpage_manager.py:69] - INFO - url http://www.renrenche.com/?fr=1465&tg_aid=10050666 is depth 2 great crawl depth 1
2017-09-16 16:42:49,937 - [webpage_manager.py:69] - INFO - url http://v.baidu.com/movie/123753.htm?frp=browse is depth 2 great crawl depth 1
2017-09-16 16:42:49,937 - [webpage_manager.py:69] - INFO - url https://s.click.taobao.com/qvi0lew is depth 2 great crawl depth 1
2017-09-16 16:42:49,938 - [webpage_manager.py:69] - INFO - url http://baishi.baidu.com/watch/0823471242282987087.html is depth 2 great crawl depth 1
2017-09-16 16:42:49,938 - [webpage_manager.py:69] - INFO - url http://mil.news.sina.com.cn/ is depth 2 great crawl depth 1
2017-09-16 16:42:49,938 - [webpage_manager.py:69] - INFO - url http://baishi.baidu.com/watch/4484191272502989270.html is depth 2 great crawl depth 1
2017-09-16 16:42:49,938 - [webpage_manager.py:69] - INFO - url https://www.baidu.com/s?word=%E5%8F%8C%E8%89%B2%E7%90%83&tn=50000103_hao_pg&ie=utf-8 is depth 2 great crawl depth 1
2017-09-16 16:42:49,939 - [webpage_manager.py:69] - INFO - url http://baishi.baidu.com/watch/5847118380506192715.html is depth 2 great crawl depth 1
2017-09-16 16:42:49,939 - [webpage_manager.py:69] - INFO - url http://pan.baidu.com/ is depth 2 great crawl depth 1
2017-09-16 16:42:49,939 - [webpage_manager.py:69] - INFO - url http://baishi.baidu.com/watch/03136395231360907357.html is depth 2 great crawl depth 1
2017-09-16 16:42:49,940 - [webpage_manager.py:69] - INFO - url http://www.hao123.com/api/ajax?menu=movie_kp is depth 2 great crawl depth 1
2017-09-16 16:42:49,940 - [webpage_manager.py:69] - INFO - url http://service.baidu.com/question?prod_en=video is depth 2 great crawl depth 1
2017-09-16 16:42:49,940 - [webpage_manager.py:69] - INFO - url https://www.baidu.com/s?wd=%E5%BF%AB%E9%80%9F%E5%80%9F%E6%AC%BE&tn=50000056_hao_pg&ie=UTF-8 is depth 2 great crawl depth 1
2017-09-16 16:42:49,940 - [webpage_manager.py:69] - INFO - url http://baishi.baidu.com/watch/4314229619628031930.html is depth 2 great crawl depth 1
2017-09-16 16:42:49,941 - [webpage_manager.py:69] - INFO - url http://www.baidu.com/s?word=%E6%AF%94%E7%89%B9%E5%B8%81%E4%B8%AD%E5%9B%BD%E5%B0%86%E5%85%B3%E5%81%9C&tn=50000028_hao_pg&ie=utf-8' is depth 2 great crawl depth 1
2017-09-16 16:42:49,941 - [webpage_manager.py:69] - INFO - url http://v.baidu.com/show/20383.htm?frp=browse is depth 2 great crawl depth 1
2017-09-16 16:42:49,941 - [webpage_manager.py:69] - INFO - url http://www.msparis.com/?platform=pc&channel=hao123_001 is depth 2 great crawl depth 1
2017-09-16 16:42:49,942 - [webpage_manager.py:69] - INFO - url http://baishi.baidu.com/watch/5143055075456108542.html is depth 2 great crawl depth 1
2017-09-16 16:42:49,942 - [webpage_manager.py:69] - INFO - url https://www.baidu.com/s?word=%E5%89%B2%E5%8F%8C%E7%9C%BC%E7%9A%AE&tn=50000018_hao_pg&ie=utf-8 is depth 2 great crawl depth 1
2017-09-16 16:42:49,942 - [webpage_manager.py:69] - INFO - url http://v.baidu.com/show/18731.htm?frp=browse is depth 2 great crawl depth 1
2017-09-16 16:42:49,943 - [webpage_manager.py:69] - INFO - url http://www.baidu.com/s?word=B%E7%AB%99%E8%AF%B7%E9%81%93%E5%A3%AB%E4%BD%9C%E6%B3%95&tn=sitehao123_10_pg&ie=utf-8 is depth 2 great crawl depth 1
2017-09-16 16:42:49,943 - [webpage_manager.py:69] - INFO - url http://baishi.baidu.com/watch/7349401320639922035.html is depth 2 great crawl depth 1
2017-09-16 16:42:49,943 - [webpage_manager.py:69] - INFO - url https://s.click.taobao.com/GSNeuAx is depth 2 great crawl depth 1
2017-09-16 16:42:49,943 - [webpage_manager.py:69] - INFO - url http://v.baidu.com/gameindex/ is depth 2 great crawl depth 1
2017-09-16 16:42:49,944 - [webpage_manager.py:69] - INFO - url https://www.baidu.com/s?word=%E8%A5%BF%E6%B8%B8%E9%9B%B6%E7%BA%AA%E5%85%83&tn=50000016_hao_pg&ie=utf-8 is depth 2 great crawl depth 1
2017-09-16 16:42:49,944 - [webpage_manager.py:69] - INFO - url http://baishi.baidu.com/watch/4432511386911289872.html is depth 2 great crawl depth 1
2017-09-16 16:42:49,944 - [webpage_manager.py:69] - INFO - url http://www.tuniu.com/?p=15190 is depth 2 great crawl depth 1
2017-09-16 16:42:49,944 - [webpage_manager.py:69] - INFO - url http://baishi.baidu.com/watch/4670454851622230073.html is depth 2 great crawl depth 1
2017-09-16 16:42:49,945 - [webpage_manager.py:69] - INFO - url https://www.baidu.com/s?word=%E4%BA%8C%E6%AC%A1%E5%85%83%E6%89%8B%E5%8A%9E&tn=50000017_hao_pg&ie=utf-8 is depth 2 great crawl depth 1
2017-09-16 16:42:49,945 - [webpage_manager.py:69] - INFO - url http://v.baidu.com/tv/ is depth 2 great crawl depth 1
2017-09-16 16:42:49,945 - [webpage_manager.py:69] - INFO - url http://www.hao123.com/redian/problem.htm is depth 2 great crawl depth 1
2017-09-16 16:42:49,946 - [webpage_manager.py:69] - INFO - url http://v.baidu.com/show/20985.htm?frp=browse is depth 2 great crawl depth 1
2017-09-16 16:42:49,946 - [webpage_manager.py:69] - INFO - url http://www.hao123.com/licai is depth 2 great crawl depth 1
2017-09-16 16:42:49,946 - [webpage_manager.py:69] - INFO - url http://v.baidu.com/tv/26768.htm?frp=browse is depth 2 great crawl depth 1
2017-09-16 16:42:49,946 - [webpage_manager.py:69] - INFO - url http://www.beijing.gov.cn/ is depth 2 great crawl depth 1
2017-09-16 16:42:49,947 - [webpage_manager.py:69] - INFO - url http://baishi.baidu.com/watch/06845262047291360400.html is depth 2 great crawl depth 1
2017-09-16 16:42:49,947 - [webpage_manager.py:69] - INFO - url http://www.fawan.com/2017/09/16/482152t185.html?hao123 is depth 2 great crawl depth 1
2017-09-16 16:42:49,947 - [webpage_manager.py:69] - INFO - url http://v.ifeng.com/ is depth 2 great crawl depth 1
2017-09-16 16:42:49,948 - [webpage_manager.py:69] - INFO - url https://www.baidu.com/s?word=%E9%A2%88%E6%A4%8E%E7%97%85%E6%B2%BB%E7%96%97&tn=50000018_hao_pg&ie=utf-8 is depth 2 great crawl depth 1
2017-09-16 16:42:49,948 - [webpage_manager.py:69] - INFO - url http://www.1905.com/ is depth 2 great crawl depth 1
2017-09-16 16:42:49,948 - [webpage_manager.py:69] - INFO - url http://www.hao123.com/video/wangju is depth 2 great crawl depth 1
2017-09-16 16:42:49,948 - [webpage_manager.py:69] - INFO - url http://v.baidu.com/movie/130389.htm?frp=browse is depth 2 great crawl depth 1
2017-09-16 16:42:49,949 - [webpage_manager.py:69] - INFO - url http://www.hao123.com/zt/lcqh is depth 2 great crawl depth 1
2017-09-16 16:42:49,949 - [webpage_manager.py:69] - INFO - url http://baishi.baidu.com/watch/4498932709521739925.html is depth 2 great crawl depth 1
2017-09-16 16:42:49,949 - [webpage_manager.py:69] - INFO - url https://www.baidu.com/s?word=%E8%BD%BB%E6%9D%BE%E8%87%B4%E5%AF%8C&tn=50000019_hao_pg&ie=utf-8 is depth 2 great crawl depth 1
2017-09-16 16:42:49,949 - [webpage_manager.py:69] - INFO - url http://baishi.baidu.com/watch/4913029759734576706.html is depth 2 great crawl depth 1
2017-09-16 16:42:49,950 - [webpage_manager.py:69] - INFO - url http://www.hao123.com/gaoxiao/haomeizi/1011 is depth 2 great crawl depth 1
2017-09-16 16:42:49,950 - [webpage_manager.py:69] - INFO - url http://baishi.baidu.com/watch/5397973774493319952.html is depth 2 great crawl depth 1
2017-09-16 16:42:49,950 - [webpage_manager.py:69] - INFO - url http://www.baidu.com/s?word=%E4%B8%83%E6%9C%88%E5%BB%BF%E5%85%AD&tn=sitehao123_11_pg&ie=utf-8 is depth 2 great crawl depth 1
2017-09-16 16:42:49,951 - [webpage_manager.py:69] - INFO - url http://v.baidu.com/show/list/filter-true+type-%E6%83%85%E6%84%9F+order-hot+pn-1+channel-tvshow is depth 2 great crawl depth 1
2017-09-16 16:42:49,951 - [webpage_manager.py:69] - INFO - url http://v.hao123.baidu.com/dianying/ is depth 2 great crawl depth 1
2017-09-16 16:42:49,951 - [webpage_manager.py:69] - INFO - url http://v.baidu.com/comic/17624.htm?frp=browse is depth 2 great crawl depth 1
2017-09-16 16:42:49,952 - [webpage_manager.py:69] - INFO - url http://www.renrenche.com/ershouche?fr=hao123&tg_aid=10029701 is depth 2 great crawl depth 1
2017-09-16 16:42:49,952 - [webpage_manager.py:69] - INFO - url http://v.baidu.com/tv/26869.htm?frp=browse is depth 2 great crawl depth 1
2017-09-16 16:42:49,952 - [webpage_manager.py:69] - INFO - url http://map.baidu.com/?newmap=1&l=12&s=s%26wd%3D%E9%85%92%E5%BA%97 is depth 2 great crawl depth 1
2017-09-16 16:42:49,952 - [webpage_manager.py:69] - INFO - url http://baishi.baidu.com/watch/5339666223553748823.html is depth 2 great crawl depth 1
2017-09-16 16:42:49,953 - [webpage_manager.py:69] - INFO - url https://www.booking.com/index.html?aid=1337411 is depth 2 great crawl depth 1
2017-09-16 16:42:49,953 - [webpage_manager.py:69] - INFO - url http://v.baidu.com/show/7888.htm?frp=browse is depth 2 great crawl depth 1
2017-09-16 16:42:49,953 - [webpage_manager.py:69] - INFO - url http://www.37.com/ is depth 2 great crawl depth 1
2017-09-16 16:42:49,954 - [webpage_manager.py:69] - INFO - url http://v.baidu.com/comic/18187.htm?frp=browse is depth 2 great crawl depth 1
2017-09-16 16:42:49,954 - [webpage_manager.py:69] - INFO - url http://www.163.com/ is depth 2 great crawl depth 1
2017-09-16 16:42:49,954 - [webpage_manager.py:69] - INFO - url http://baishi.baidu.com/watch/06781090558179362124.html is depth 2 great crawl depth 1
2017-09-16 16:42:49,954 - [webpage_manager.py:69] - INFO - url http://xyx.hao123.com/ is depth 2 great crawl depth 1
2017-09-16 16:42:49,955 - [webpage_manager.py:69] - INFO - url http://baishi.baidu.com/watch/3907785157472332777.html is depth 2 great crawl depth 1
2017-09-16 16:42:49,955 - [webpage_manager.py:69] - INFO - url http://tuijian.hao123.com/ is depth 2 great crawl depth 1
2017-09-16 16:42:49,955 - [webpage_manager.py:69] - INFO - url http://v.baidu.com/tv/26901.htm?frp=browse is depth 2 great crawl depth 1
2017-09-16 16:42:49,956 - [webpage_manager.py:69] - INFO - url http://www.baidu.com/s?word=%E8%96%9B%E4%B9%8B%E8%B0%A6%E5%9B%9E%E5%BA%94%E9%A3%8E%E6%B3%A2&tn=sitehao123_10_pg&ie=utf-8 is depth 2 great crawl depth 1
2017-09-16 16:42:49,957 - [webpage_manager.py:69] - INFO - url http://baishi.baidu.com/watch/08373158378900904093.html is depth 2 great crawl depth 1
2017-09-16 16:42:49,958 - [webpage_manager.py:69] - INFO - url http://news.ifeng.com/a/20170916/52021026_0.shtml?_zbs_hao123_pic is depth 2 great crawl depth 1
2017-09-16 16:42:49,959 - [webpage_manager.py:69] - INFO - url http://v.baidu.com/tv/list/filter-true+type-%E6%88%98%E4%BA%89+order-hot+pn-1+channel-tvplay is depth 2 great crawl depth 1
2017-09-16 16:42:49,959 - [webpage_manager.py:69] - INFO - url http://www.hao123.com/auto is depth 2 great crawl depth 1
2017-09-16 16:42:49,960 - [webpage_manager.py:69] - INFO - url http://v.baidu.com/movie/127383.htm?frp=browse is depth 2 great crawl depth 1
2017-09-16 16:42:49,960 - [webpage_manager.py:69] - INFO - url http://tuijian.hao123.com/?type=military is depth 2 great crawl depth 1
2017-09-16 16:42:49,960 - [webpage_manager.py:69] - INFO - url http://baishi.baidu.com/watch/4395401258988006741.html is depth 2 great crawl depth 1
2017-09-16 16:42:49,960 - [webpage_manager.py:69] - INFO - url http://soft.hao123.com/?=shouye is depth 2 great crawl depth 1
2017-09-16 16:42:49,961 - [webpage_manager.py:69] - INFO - url http://v.baidu.com/comic is depth 2 great crawl depth 1
2017-09-16 16:42:49,961 - [webpage_manager.py:69] - INFO - url http://www.baidu.com/s?word=%E6%B1%AA%E5%B3%B0%E5%91%8A%E7%99%BD%E7%AB%A0%E5%AD%90%E6%80%A1&tn=sitehao123_10_pg&ie=utf-8 is depth 2 great crawl depth 1
2017-09-16 16:42:49,961 - [webpage_manager.py:69] - INFO - url http://v.baidu.com/musicindex/ is depth 2 great crawl depth 1
2017-09-16 16:42:49,962 - [webpage_manager.py:69] - INFO - url http://hot.ynet.com/2017/09/16/482182t1593.html is depth 2 great crawl depth 1
2017-09-16 16:42:49,962 - [webpage_manager.py:69] - INFO - url http://v.baidu.com/movie/list/filter-true+type-%E5%96%9C%E5%89%A7+order-hot+pn-1+channel-movie is depth 2 great crawl depth 1
2017-09-16 16:42:49,962 - [webpage_manager.py:69] - INFO - url http://xyx.hao123.com is depth 2 great crawl depth 1
2017-09-16 16:42:49,962 - [webpage_manager.py:69] - INFO - url http://baishi.baidu.com/watch/0772311518982176432.html is depth 2 great crawl depth 1
2017-09-16 16:42:49,963 - [webpage_manager.py:69] - INFO - url http://go.hao123.com/sales?tn=mxlm is depth 2 great crawl depth 1
2017-09-16 16:42:49,963 - [webpage_manager.py:69] - INFO - url http://baishi.baidu.com/watch/3441219086346792841.html is depth 2 great crawl depth 1
2017-09-16 16:42:49,963 - [webpage_manager.py:69] - INFO - url http://www.7k7k.com is depth 2 great crawl depth 1
2017-09-16 16:42:49,963 - [webpage_manager.py:69] - INFO - url http://baishi.baidu.com/watch/6779090896890534537.html is depth 2 great crawl depth 1
2017-09-16 16:42:49,964 - [webpage_manager.py:69] - INFO - url https://www.baidu.com/s?word=%E7%84%A6%E8%99%91%E8%84%B1%E5%8F%91%E7%97%87&tn=50000018_hao_pg&ie=utf-8 is depth 2 great crawl depth 1
2017-09-16 16:42:49,964 - [webpage_manager.py:69] - INFO - url http://baishi.baidu.com/watch/06010174740739331168.html is depth 2 great crawl depth 1
2017-09-16 16:42:49,964 - [webpage_manager.py:69] - INFO - url http://www.thepaper.cn/ is depth 2 great crawl depth 1
2017-09-16 16:42:49,965 - [webpage_manager.py:69] - INFO - url http://baidu.iqiyi.com/kan/aFWhU?fr=v.baidu.com/ is depth 2 great crawl depth 1
2017-09-16 16:42:49,965 - [webpage_manager.py:69] - INFO - url http://www.miercn.com/ is depth 2 great crawl depth 1
2017-09-16 16:42:49,966 - [webpage_manager.py:69] - INFO - url http://v.baidu.com/sportindex/ is depth 2 great crawl depth 1
2017-09-16 16:42:49,966 - [webpage_manager.py:69] - INFO - url http://www.hao123.com/api/ajax?menu=news_kp is depth 2 great crawl depth 1
2017-09-16 16:42:49,966 - [webpage_manager.py:69] - INFO - url http://baishi.baidu.com/watch/06938036252983525176.html is depth 2 great crawl depth 1
2017-09-16 16:42:49,967 - [webpage_manager.py:69] - INFO - url http://gouwu.hao123.com/?tn=kuzhan is depth 2 great crawl depth 1
2017-09-16 16:42:49,967 - [webpage_manager.py:69] - INFO - url http://v.baidu.com/videoop.html is depth 2 great crawl depth 1
2017-09-16 16:42:49,967 - [webpage_manager.py:69] - INFO - url http://news.sohu.com/ is depth 2 great crawl depth 1
2017-09-16 16:42:49,968 - [webpage_manager.py:69] - INFO - url http://baidu.v.ifeng.com/kan/aB957?fr=v.baidu.com/ is depth 2 great crawl depth 1
2017-09-16 16:42:49,968 - [webpage_manager.py:69] - INFO - url https://www.baidu.com/s?wd=%E8%A3%85%E4%BF%AE%E6%94%BB%E7%95%A5&tn=50000056_hao_pg&ie=UTF-8 is depth 2 great crawl depth 1
2017-09-16 16:42:49,968 - [webpage_manager.py:69] - INFO - url http://baishi.baidu.com/watch/4689119924746006115.html is depth 2 great crawl depth 1
2017-09-16 16:42:49,968 - [webpage_manager.py:69] - INFO - url http://www.fang.com/ is depth 2 great crawl depth 1
2017-09-16 16:42:49,969 - [webpage_manager.py:69] - INFO - url http://baishi.baidu.com/watch/4911570460566510935.html?&recFrom=site&list=1 is depth 2 great crawl depth 1
2017-09-16 16:42:49,969 - [webpage_manager.py:69] - INFO - url http://www.hao123.com/api/ajax?menu=auto_kp is depth 2 great crawl depth 1
2017-09-16 16:42:49,969 - [webpage_manager.py:69] - INFO - url http://v.baidu.com/show is depth 2 great crawl depth 1
2017-09-16 16:42:49,969 - [webpage_manager.py:69] - INFO - url http://www.hao123.com/api/ajax?menu=tv_kp is depth 2 great crawl depth 1
2017-09-16 16:42:49,970 - [webpage_manager.py:69] - INFO - url http://zhibo.v.baidu.com/6rooms is depth 2 great crawl depth 1
2017-09-16 16:42:49,970 - [webpage_manager.py:69] - INFO - url http://mini.eastday.com/a/n170916095120551.html?qid=hao123tj is depth 2 great crawl depth 1
2017-09-16 16:42:49,970 - [webpage_manager.py:69] - INFO - url http://baishi.baidu.com/watch/4333380668249992752.html is depth 2 great crawl depth 1
2017-09-16 16:42:49,971 - [webpage_manager.py:69] - INFO - url https://www.baidu.com/s?word=%E6%8A%91%E9%83%81%E5%A4%B1%E7%9C%A0%E7%97%87&tn=50000018_hao_pg&ie=utf-8 is depth 2 great crawl depth 1
2017-09-16 16:42:49,971 - [webpage_manager.py:69] - INFO - url http://baidu.v.ifeng.com/kan/aB9Rv?fr=v.baidu.com/ is depth 2 great crawl depth 1
2017-09-16 16:42:49,972 - [webpage_manager.py:69] - INFO - url http://www.baidu.com/s?word=%E7%BE%8E%E5%9B%BD%E5%86%9B%E4%BA%8B%E5%9F%BA%E5%9C%B0%E7%88%86%E7%82%B8&tn=50000028_hao_pg&ie=utf-8' is depth 2 great crawl depth 1
2017-09-16 16:42:49,972 - [webpage_manager.py:69] - INFO - url http://v.baidu.com/comic/ is depth 2 great crawl depth 1
2017-09-16 16:42:49,972 - [webpage_manager.py:69] - INFO - url http://zhidao.baidu.com is depth 2 great crawl depth 1
2017-09-16 16:42:49,973 - [webpage_manager.py:69] - INFO - url http://v.baidu.com/movie/128400.htm?frp=browse is depth 2 great crawl depth 1
2017-09-16 16:42:49,973 - [webpage_manager.py:69] - INFO - url http://www.hao123.com/manhua is depth 2 great crawl depth 1
2017-09-16 16:42:49,973 - [webpage_manager.py:69] - INFO - url http://baishi.baidu.com/watch/5788552608747223945.html is depth 2 great crawl depth 1
2017-09-16 16:42:49,973 - [webpage_manager.py:69] - INFO - url http://bdtg.9377d.com/sousuotg.php?id=17552 is depth 2 great crawl depth 1
2017-09-16 16:42:49,974 - [webpage_manager.py:69] - INFO - url http://baishi.baidu.com/watch/04867699933532153390.html is depth 2 great crawl depth 1
2017-09-16 16:42:49,974 - [webpage_manager.py:69] - INFO - url http://jingcai.hao123.com is depth 2 great crawl depth 1
2017-09-16 16:42:49,974 - [webpage_manager.py:69] - INFO - url http://baishi.baidu.com/watch/4622016588238848606.html is depth 2 great crawl depth 1
2017-09-16 16:42:49,974 - [webpage_manager.py:69] - INFO - url http://www.cri.cn/ is depth 2 great crawl depth 1
2017-09-16 16:42:49,975 - [webpage_manager.py:69] - INFO - url http://v.baidu.com/movie/24963.htm is depth 2 great crawl depth 1
2017-09-16 16:42:49,975 - [webpage_manager.py:69] - INFO - url http://www.autohome.com.cn is depth 2 great crawl depth 1
2017-09-16 16:42:49,975 - [webpage_manager.py:69] - INFO - url http://v.baidu.com/show/20735.htm?frp=browse is depth 2 great crawl depth 1
2017-09-16 16:42:49,976 - [webpage_manager.py:69] - INFO - url http://www.cac.gov.cn/ is depth 2 great crawl depth 1
2017-09-16 16:42:49,976 - [webpage_manager.py:69] - INFO - url http://baishi.baidu.com/watch/02593838349211993243.html is depth 2 great crawl depth 1
2017-09-16 16:42:49,976 - [webpage_manager.py:69] - INFO - url http://www.fang.com is depth 2 great crawl depth 1
2017-09-16 16:42:49,977 - [webpage_manager.py:69] - INFO - url http://baishi.baidu.com/watch/7095536714321222551.html is depth 2 great crawl depth 1
2017-09-16 16:42:49,977 - [webpage_manager.py:69] - INFO - url http://tuijian.hao123.com is depth 2 great crawl depth 1
2017-09-16 16:42:49,977 - [webpage_manager.py:69] - INFO - url http://baishi.baidu.com/watch/7924520890904084371.html is depth 2 great crawl depth 1
2017-09-16 16:42:49,977 - [webpage_manager.py:69] - INFO - url http://news.ifeng.com/mil/ is depth 2 great crawl depth 1
2017-09-16 16:42:49,978 - [webpage_manager.py:69] - INFO - url http://baidu.v.ifeng.com/kan/aB9JQ?fr=v.baidu.com/ is depth 2 great crawl depth 1
2017-09-16 16:42:49,978 - [webpage_manager.py:69] - INFO - url http://www.hao123.com/redian/sheshouyef.htm is depth 2 great crawl depth 1
2017-09-16 16:42:49,978 - [webpage_manager.py:69] - INFO - url http://qingting.baidu.com/index?pid=4 is depth 2 great crawl depth 1
2017-09-16 16:42:49,978 - [webpage_manager.py:69] - INFO - url http://www.sohu.com/a/192335243_123753?_f=index_news_6?pvid=14855e4311efced0 is depth 2 great crawl depth 1
2017-09-16 16:42:49,979 - [webpage_manager.py:69] - INFO - url http://v.baidu.com/show/list/filter-true+type-%E7%BA%AA%E5%AE%9E+order-hot+pn-1+channel-tvshow is depth 2 great crawl depth 1
2017-09-16 16:42:49,979 - [webpage_manager.py:69] - INFO - url http://www.tiexue.net/ is depth 2 great crawl depth 1
2017-09-16 16:42:49,979 - [webpage_manager.py:69] - INFO - url http://baishi.baidu.com/watch/1948799862242772711.html is depth 2 great crawl depth 1
2017-09-16 16:42:49,979 - [webpage_manager.py:69] - INFO - url http://go.hao123.com/?tn=mz is depth 2 great crawl depth 1
2017-09-16 16:42:49,980 - [webpage_manager.py:69] - INFO - url http://baidu.pptv.com/kan/aB9Rc?fr=v.baidu.com/ is depth 2 great crawl depth 1
2017-09-16 16:42:49,980 - [webpage_manager.py:69] - INFO - url http://www.baidu.com/s?word=%E5%8D%9A%E5%A3%AB%E5%9B%9E%E5%9B%BD%E7%9C%8B%E7%89%99%E6%83%8A%E5%8F%B9&tn=50000028_hao_pg&ie=utf-8' is depth 2 great crawl depth 1
2017-09-16 16:42:49,980 - [webpage_manager.py:69] - INFO - url http://v.baidu.com/channel/guangchangwu is depth 2 great crawl depth 1
2017-09-16 16:42:49,981 - [webpage_manager.py:69] - INFO - url http://www.mgtv.com/ is depth 2 great crawl depth 1
2017-09-16 16:42:49,981 - [webpage_manager.py:69] - INFO - url http://baishi.baidu.com/watch/3111787700110744331.html is depth 2 great crawl depth 1
2017-09-16 16:42:49,981 - [webpage_manager.py:69] - INFO - url http://www.baidu.com/s?word=%E5%8C%97%E4%BA%AC%E4%B8%80%E5%91%A8%E5%A4%A9%E6%B0%94%E9%A2%84%E6%8A%A5&tn=50000048_hao_pg&ie=utf-8 is depth 2 great crawl depth 1
2017-09-16 16:42:49,981 - [webpage_manager.py:69] - INFO - url http://baishi.baidu.com/watch/4485507138615246083.html is depth 2 great crawl depth 1
2017-09-16 16:42:49,982 - [webpage_manager.py:69] - INFO - url http://lt.cjdby.net/ is depth 2 great crawl depth 1
2017-09-16 16:42:49,982 - [webpage_manager.py:69] - INFO - url http://v.baidu.com/tv/26884.htm?frp=browse is depth 2 great crawl depth 1
2017-09-16 16:42:49,982 - [webpage_manager.py:69] - INFO - url https://www.baidu.com/s?word=%E5%86%85%E5%88%86%E6%B3%8C%E7%B4%8A%E4%B9%B1&tn=50000018_hao_pg&ie=utf-8 is depth 2 great crawl depth 1
2017-09-16 16:42:49,983 - [webpage_manager.py:69] - INFO - url http://www.cztv.com/ is depth 2 great crawl depth 1
2017-09-16 16:42:49,983 - [webpage_manager.py:69] - INFO - url http://shehui.rmzxb.com.cn/c/2017-09-16/1796464.shtml is depth 2 great crawl depth 1
2017-09-16 16:42:49,983 - [webpage_manager.py:69] - INFO - url http://baidu.iqiyi.com/kan/aBn2y?fr=v.baidu.com/ is depth 2 great crawl depth 1
2017-09-16 16:42:49,984 - [webpage_manager.py:69] - INFO - url https://www.baidu.com/s?word=%E4%BA%BA%E4%BA%BA%E8%BD%A6%E4%B9%B0%E8%BD%A6&tn=50000019_hao_pg&ie=utf-8 is depth 2 great crawl depth 1
2017-09-16 16:42:49,984 - [webpage_manager.py:69] - INFO - url http://v.baidu.com/tv/list/filter-true+type-%E7%BD%91%E5%89%A7+order-hot+pn-1+channel-tvplay is depth 2 great crawl depth 1
2017-09-16 16:42:49,984 - [webpage_manager.py:69] - INFO - url https://www.baidu.com/s?word=%E7%8E%BB%E5%B0%BF%E9%85%B8%E7%BE%8E%E5%AE%B9&tn=50000018_hao_pg&ie=utf-8 is depth 2 great crawl depth 1
2017-09-16 16:42:49,984 - [webpage_manager.py:69] - INFO - url http://baishi.baidu.com/watch/8404897605245762812.html is depth 2 great crawl depth 1
2017-09-16 16:42:49,985 - [webpage_manager.py:69] - INFO - url http://game.hao123.com/ is depth 2 great crawl depth 1
2017-09-16 16:42:49,985 - [webpage_manager.py:69] - INFO - url http://v.baidu.com/movie/15503.htm?frp=browse is depth 2 great crawl depth 1
2017-09-16 16:42:49,985 - [webpage_manager.py:69] - INFO - url http://www.qstheory.cn/ is depth 2 great crawl depth 1
2017-09-16 16:42:49,985 - [webpage_manager.py:69] - INFO - url http://v.baidu.com/movie/list/filter-true+type-%E7%A7%91%E5%B9%BB+order-hot+pn-1+channel-movie is depth 2 great crawl depth 1
2017-09-16 16:42:49,986 - [webpage_manager.py:69] - INFO - url http://www.ali213.net/ is depth 2 great crawl depth 1
2017-09-16 16:42:49,986 - [webpage_manager.py:69] - INFO - url http://baishi.baidu.com/watch/01584423619957607939.html is depth 2 great crawl depth 1
2017-09-16 16:42:49,986 - [webpage_manager.py:69] - INFO - url http://mini.qq.com/ is depth 2 great crawl depth 1
2017-09-16 16:42:49,987 - [webpage_manager.py:69] - INFO - url http://baidu.iqiyi.com/kan/aBhVv?fr=v.baidu.com/ is depth 2 great crawl depth 1
2017-09-16 16:42:49,987 - [webpage_manager.py:69] - INFO - url http://www.lvmama.com/?losc=050150&tele=603&cm_mmc=hao123-_-cpt-_-dh-_-m is depth 2 great crawl depth 1
2017-09-16 16:42:49,987 - [webpage_manager.py:69] - INFO - url http://baidu.iqiyi.com/kan/aBn28?fr=v.baidu.com/ is depth 2 great crawl depth 1
2017-09-16 16:42:49,988 - [webpage_manager.py:69] - INFO - url https://www.baidu.com/s?word=%E4%BA%A7%E5%90%8E%E4%B8%B0%E8%83%B8&tn=50000018_hao_pg&ie=utf-8 is depth 2 great crawl depth 1
2017-09-16 16:42:49,988 - [webpage_manager.py:69] - INFO - url http://v.baidu.com/comic/15268.htm?frp=browse is depth 2 great crawl depth 1
2017-09-16 16:42:49,988 - [webpage_manager.py:69] - INFO - url http://www.hao123.com/stocknew is depth 2 great crawl depth 1
2017-09-16 16:42:49,989 - [webpage_manager.py:69] - INFO - url http://baishi.baidu.com/watch/03356719563210339015.html is depth 2 great crawl depth 1
2017-09-16 16:42:49,989 - [webpage_manager.py:69] - INFO - url http://music.hao123.com/ is depth 2 great crawl depth 1
2017-09-16 16:42:49,989 - [webpage_manager.py:69] - INFO - url http://www.wasu.cn/ is depth 2 great crawl depth 1
2017-09-16 16:42:49,990 - [webpage_manager.py:69] - INFO - url http://www.hao123.com/api/ajax?menu=bagua_kp is depth 2 great crawl depth 1
2017-09-16 16:42:49,990 - [webpage_manager.py:69] - INFO - url http://v.baidu.com/v?word=%E9%A9%AC%E4%BC%8A%E7%90%8D%E5%90%8C%E6%83%85%E5%A7%9A%E7%AC%9B&ct=301989888&rn=27&pn=0&db=0&s=0&fbl=800&ie=utf-8 is depth 2 great crawl depth 1
2017-09-16 16:42:49,990 - [webpage_manager.py:69] - INFO - url http://image.baidu.com is depth 2 great crawl depth 1
2017-09-16 16:42:49,991 - [webpage_manager.py:69] - INFO - url http://v.baidu.com/v?word=%E5%89%8D%E5%A5%B3%E5%8F%8B%E6%9B%9D%E8%A2%AB%E8%96%9B%E4%B9%8B%E8%B0%A6%E9%AA%97%E5%8D%83%E4%B8%87&ct=301989888&rn=27&pn=0&db=0&s=0&fbl=800&ie=utf-8 is depth 2 great crawl depth 1
2017-09-16 16:42:49,991 - [webpage_manager.py:69] - INFO - url http://www.hao123.com/video/lol is depth 2 great crawl depth 1
2017-09-16 16:42:49,991 - [webpage_manager.py:69] - INFO - url http://v.baidu.com/movie/127428.htm?frp=browse is depth 2 great crawl depth 1
2017-09-16 16:42:49,992 - [webpage_manager.py:69] - INFO - url http://www.hao123.com/video/zixun is depth 2 great crawl depth 1
2017-09-16 16:42:49,992 - [webpage_manager.py:69] - INFO - url http://baishi.baidu.com/watch/8339858117302569826.html is depth 2 great crawl depth 1
2017-09-16 16:42:49,992 - [webpage_manager.py:69] - INFO - url http://www.hao123.com/api/ajax?menu=military_kp is depth 2 great crawl depth 1
2017-09-16 16:42:49,993 - [webpage_manager.py:69] - INFO - url http://v.baidu.com/v?word=%E6%88%98%E7%8B%BC2%E5%A5%B3%E4%B8%BB%E9%81%AD%E6%BD%9C%E8%A7%84%E5%88%99&ct=301989888&rn=27&pn=0&db=0&s=0&fbl=800&ie=utf-8 is depth 2 great crawl depth 1
2017-09-16 16:42:49,993 - [webpage_manager.py:69] - INFO - url http://jump.luna.58.com/s?spm=b-31580022738699-me-f-862&ch=mingzhan is depth 2 great crawl depth 1
2017-09-16 16:42:49,993 - [webpage_manager.py:69] - INFO - url http://v.baidu.com/channel/xiaopin is depth 2 great crawl depth 1
2017-09-16 16:42:49,994 - [webpage_manager.py:69] - INFO - url http://www.hao123.com/zt/2017lygq is depth 2 great crawl depth 1
2017-09-16 16:42:49,994 - [webpage_manager.py:69] - INFO - url http://v.baidu.com/show/list/filter-true+type-%E7%9C%9F%E4%BA%BA%E7%A7%80+order-hot+pn-1+channel-tvshow is depth 2 great crawl depth 1
2017-09-16 16:42:49,994 - [webpage_manager.py:69] - INFO - url http://www.hao123.com/nba is depth 2 great crawl depth 1
2017-09-16 16:42:49,994 - [webpage_manager.py:69] - INFO - url http://v.baidu.com/topic/nnhkyzy is depth 2 great crawl depth 1
2017-09-16 16:42:49,995 - [webpage_manager.py:69] - INFO - url https://chaoshi.suning.com/?utm_source=hao123&utm_medium=cnxhic2 is depth 2 great crawl depth 1
2017-09-16 16:42:49,995 - [webpage_manager.py:69] - INFO - url http://baishi.baidu.com/watch/08798671514124403704.html is depth 2 great crawl depth 1
2017-09-16 16:42:49,995 - [webpage_manager.py:69] - INFO - url http://live.hao123.com/ is depth 2 great crawl depth 1
2017-09-16 16:42:49,996 - [webpage_manager.py:69] - INFO - url http://baishi.baidu.com/watch/4453562121247496452.html is depth 2 great crawl depth 1
2017-09-16 16:42:49,996 - [webpage_manager.py:69] - INFO - url http://www.baidu.com/s?word=%E6%9C%9D%E9%B2%9C%E5%8F%91%E5%B0%84%E5%AF%BC%E5%BC%B9&tn=sitehao123_10_pg&ie=utf-8 is depth 2 great crawl depth 1
2017-09-16 16:42:49,996 - [webpage_manager.py:69] - INFO - url http://baishi.baidu.com/watch/4484209352970681681.html is depth 2 great crawl depth 1
2017-09-16 16:42:49,997 - [webpage_manager.py:69] - INFO - url http://www.lvmama.com/?losc=243930&tele=603&cm_mmc=hao123-_-cpt-_-dh-_-caixi is depth 2 great crawl depth 1
2017-09-16 16:42:49,997 - [webpage_manager.py:69] - INFO - url http://v.baidu.com/tv/26773.htm?frp=browse is depth 2 great crawl depth 1
2017-09-16 16:42:49,997 - [webpage_manager.py:69] - INFO - url http://v.hao123.baidu.com/ is depth 2 great crawl depth 1
2017-09-16 16:42:49,997 - [webpage_manager.py:69] - INFO - url http://baishi.baidu.com/watch/01426272611594334998.html is depth 2 great crawl depth 1
2017-09-16 16:42:49,998 - [webpage_manager.py:69] - INFO - url http://www.hao123.com/api/ajax?skintype=0&toggle=1 is depth 2 great crawl depth 1
2017-09-16 16:42:49,998 - [webpage_manager.py:69] - INFO - url http://v.baidu.com/top/ is depth 2 great crawl depth 1
2017-09-16 16:42:49,999 - [webpage_manager.py:69] - INFO - url http://v.baidu.com/movie/125455.htm?frp=browse is depth 2 great crawl depth 1
2017-09-16 16:42:49,998 - [webpage_manager.py:69] - INFO - url http://military.china.com/zh_cn/ is depth 2 great crawl depth 1
2017-09-16 16:42:49,999 - [webpage_manager.py:69] - INFO - url http://baishi.baidu.com/watch/5427033643147148733.html is depth 2 great crawl depth 1
2017-09-16 16:42:50,000 - [webpage_manager.py:69] - INFO - url http://baishi.baidu.com/watch/7796701692919517534.html is depth 2 great crawl depth 1
2017-09-16 16:42:50,001 - [webpage_manager.py:69] - INFO - url http://v.baidu.com/tv/list/filter-true+type-%E5%8F%A4%E8%A3%85+order-hot+pn-1+channel-tvplay is depth 2 great crawl depth 1
2017-09-16 16:42:50,001 - [webpage_manager.py:69] - INFO - url http://baishi.baidu.com/watch/7158337991466353611.html is depth 2 great crawl depth 1
2017-09-16 16:42:50,000 - [webpage_manager.py:69] - INFO - url https://www.baidu.com/s?word=%E5%87%BA%E6%B8%B8%E5%BF%85%E5%A4%87&tn=50000020_hao_pg&ie=utf-8 is depth 2 great crawl depth 1
2017-09-16 16:42:50,002 - [webpage_manager.py:69] - INFO - url http://baidu.v.ifeng.com/kan/aB9g3?fr=v.baidu.com/ is depth 2 great crawl depth 1
2017-09-16 16:42:50,002 - [webpage_manager.py:69] - INFO - url http://www.people.com.cn/ is depth 2 great crawl depth 1
2017-09-16 16:42:50,002 - [webpage_manager.py:69] - INFO - url http://baidu.iqiyi.com/kan/aB9Jk?fr=v.baidu.com/ is depth 2 great crawl depth 1
2017-09-16 16:42:50,003 - [webpage_manager.py:69] - INFO - url https://www.renrenche.com/sales?fr=hao123&tg_aid=10048424 is depth 2 great crawl depth 1
2017-09-16 16:42:50,003 - [webpage_manager.py:69] - INFO - url http://baishi.baidu.com/watch/02530304006764843288.html is depth 2 great crawl depth 1
2017-09-16 16:42:50,004 - [webpage_manager.py:69] - INFO - url https://game.hao123.com/ is depth 2 great crawl depth 1
2017-09-16 16:42:50,004 - [webpage_manager.py:69] - INFO - url http://baidu.pptv.com/kan/aB9nz?fr=v.baidu.com/ is depth 2 great crawl depth 1
2017-09-16 16:42:50,005 - [webpage_manager.py:69] - INFO - url http://v.hao123.baidu.com is depth 2 great crawl depth 1
2017-09-16 16:42:50,005 - [webpage_manager.py:69] - INFO - url http://baishi.baidu.com/watch/7408275333650641847.html is depth 2 great crawl depth 1
2017-09-16 16:42:50,006 - [webpage_manager.py:69] - INFO - url http://www.baidu.com/s?word=%E5%8C%97%E4%BA%AC%E5%A4%A9%E6%B0%94&tn=sitehao123_10_pg&ie=utf-8 is depth 2 great crawl depth 1
2017-09-16 16:42:50,006 - [webpage_manager.py:69] - INFO - url http://v.baidu.com/channel/dub is depth 2 great crawl depth 1
2017-09-16 16:42:50,007 - [webpage_manager.py:69] - INFO - url http://v.baidu.com/tv/25553.htm?frp=browse is depth 2 great crawl depth 1
2017-09-16 16:42:50,007 - [webpage_manager.py:69] - INFO - url http://www.hao123.com/api/ajax?menu=travel_kp is depth 2 great crawl depth 1
2017-09-16 16:42:50,007 - [webpage_manager.py:69] - INFO - url http://www.rr.tv/ is depth 2 great crawl depth 1
2017-09-16 16:42:50,008 - [webpage_manager.py:69] - INFO - url http://www.hao123.com/api/gettop/?t0=4 is depth 2 great crawl depth 1
2017-09-16 16:42:50,008 - [webpage_manager.py:69] - INFO - url http://baishi.baidu.com/watch/04415749814541560849.html is depth 2 great crawl depth 1
2017-09-16 16:42:50,008 - [webpage_manager.py:69] - INFO - url http://www.hao123.com/zt/xzmzyd is depth 2 great crawl depth 1
2017-09-16 16:42:50,009 - [webpage_manager.py:69] - INFO - url http://v.baidu.com/show/19861.htm?frp=browse is depth 2 great crawl depth 1
2017-09-16 16:42:50,009 - [webpage_manager.py:69] - INFO - url http://www.hao123.com/api/gettop/?t0=2 is depth 2 great crawl depth 1
2017-09-16 16:42:50,009 - [webpage_manager.py:69] - INFO - url http://www.hunantv.com/ is depth 2 great crawl depth 1
2017-09-16 16:42:50,010 - [webpage_manager.py:69] - INFO - url http://www.hao123.com/api/gettop/?t0=3 is depth 2 great crawl depth 1
2017-09-16 16:42:50,010 - [webpage_manager.py:69] - INFO - url http://v.baidu.com/show/list/filter-true+type-%E9%80%89%E7%A7%80+order-hot+pn-1+channel-tvshow is depth 2 great crawl depth 1
2017-09-16 16:42:50,010 - [webpage_manager.py:69] - INFO - url http://www.hao123.com/api/gettop/?t0=1 is depth 2 great crawl depth 1
2017-09-16 16:42:50,011 - [webpage_manager.py:69] - INFO - url http://v.baidu.com/show/20765.htm?frp=browse is depth 2 great crawl depth 1
2017-09-16 16:42:50,011 - [webpage_manager.py:69] - INFO - url http://hao123.zongheng.com is depth 2 great crawl depth 1
2017-09-16 16:42:50,011 - [webpage_manager.py:69] - INFO - url http://v.baidu.com/movie/128038.htm?frp=browse is depth 2 great crawl depth 1
2017-09-16 16:42:50,011 - [webpage_manager.py:69] - INFO - url http://news.sina.com.cn/ is depth 2 great crawl depth 1
2017-09-16 16:42:50,012 - [webpage_manager.py:69] - INFO - url http://v.baidu.com/movie/23630.htm?frp=browse is depth 2 great crawl depth 1
2017-09-16 16:42:50,012 - [webpage_manager.py:69] - INFO - url http://v.baidu.com/movie/128768.htm?frp=browse is depth 2 great crawl depth 1
2017-09-16 16:42:50,012 - [webpage_manager.py:69] - INFO - url http://baishi.baidu.com/watch/01181324442823867829.html is depth 2 great crawl depth 1
2017-09-16 16:42:50,013 - [webpage_manager.py:69] - INFO - url http://v.baidu.com/movie/125174.htm?frp=browse is depth 2 great crawl depth 1
2017-09-16 16:42:50,013 - [webpage_manager.py:69] - INFO - url http://v.baidu.com/channel/music is depth 2 great crawl depth 1
2017-09-16 16:42:50,013 - [webpage_manager.py:69] - INFO - url http://www.iqiyi.com/v_19rr90s6hg.html?src=frbdaldjunest&vfm=bdvtx&frp=v.baidu.com%2Fv&kwid=20835 is depth 2 great crawl depth 1
2017-09-16 16:42:50,013 - [webpage_manager.py:69] - INFO - url http://www.yinyuetai.com/ is depth 2 great crawl depth 1
2017-09-16 16:42:50,014 - [webpage_manager.py:69] - INFO - url http://v.baidu.com/topic/business/index is depth 2 great crawl depth 1
2017-09-16 16:42:50,015 - [webpage_manager.py:69] - INFO - url http://baidu.v.ifeng.com/kan/aB9Jr?fr=v.baidu.com/ is depth 2 great crawl depth 1
2017-09-16 16:42:50,016 - [webpage_manager.py:69] - INFO - url http://baishi.baidu.com/watch/08556316660953115637.html is depth 2 great crawl depth 1
2017-09-16 16:42:50,017 - [webpage_manager.py:69] - INFO - url http://v.baidu.com/tv/26890.htm?frp=browse is depth 2 great crawl depth 1
2017-09-16 16:42:50,017 - [webpage_manager.py:69] - INFO - url http://baishi.baidu.com/watch/5909165106919167030.html is depth 2 great crawl depth 1
2017-09-16 16:42:50,019 - [webpage_manager.py:69] - INFO - url http://baishi.baidu.com/watch/8013874275601576565.html is depth 2 great crawl depth 1
2017-09-16 16:42:50,020 - [webpage_manager.py:69] - INFO - url http://v.baidu.com/channel/lieqi is depth 2 great crawl depth 1
2017-09-16 16:42:50,021 - [webpage_manager.py:69] - INFO - url http://baishi.baidu.com/watch/12215576123510666.html is depth 2 great crawl depth 1
2017-09-16 16:42:50,022 - [webpage_manager.py:69] - INFO - url http://baishi.baidu.com/watch/3807434331999804750.html is depth 2 great crawl depth 1
2017-09-16 16:42:50,022 - [webpage_manager.py:69] - INFO - url http://baidu.pptv.com/kan/aB9RM?fr=v.baidu.com/ is depth 2 great crawl depth 1
2017-09-16 16:42:50,022 - [webpage_manager.py:69] - INFO - url http://v.baidu.com/tv/26911.htm?frp=browse is depth 2 great crawl depth 1
2017-09-16 16:42:50,024 - [webpage_manager.py:69] - INFO - url http://v.baidu.com/show/1745.htm?frp=browse is depth 2 great crawl depth 1
2017-09-16 16:42:50,026 - [webpage_manager.py:69] - INFO - url http://baidu.iqiyi.com/kan/aBhsl?fr=v.baidu.com/ is depth 2 great crawl depth 1
2017-09-16 16:42:50,027 - [webpage_manager.py:69] - INFO - url http://baidu.v.ifeng.com/kan/aB9JL?fr=v.baidu.com/ is depth 2 great crawl depth 1
2017-09-16 16:42:50,029 - [webpage_manager.py:69] - INFO - url http://baishi.baidu.com/watch/0147833811432047813.html is depth 2 great crawl depth 1
2017-09-16 16:42:50,030 - [webpage_manager.py:69] - INFO - url http://v.baidu.com/movie/ is depth 2 great crawl depth 1
2017-09-16 16:42:50,032 - [webpage_manager.py:69] - INFO - url http://g.youxi.v.baidu.com/s/1/1265/185.html?frm=bdsp-xwzy-wz is depth 2 great crawl depth 1
2017-09-16 16:42:50,033 - [webpage_manager.py:69] - INFO - url http://v.baidu.com/entindex/ is depth 2 great crawl depth 1
2017-09-16 16:42:50,035 - [webpage_manager.py:69] - INFO - url http://v.baidu.com/movie/124817.htm?frp=browse is depth 2 great crawl depth 1
2017-09-16 16:42:50,036 - [webpage_manager.py:69] - INFO - url http://baishi.baidu.com/watch/4085837685517857959.html is depth 2 great crawl depth 1
2017-09-16 16:42:50,037 - [webpage_manager.py:69] - INFO - url http://v.baidu.com/gcdance/index is depth 2 great crawl depth 1
2017-09-16 16:42:50,038 - [webpage_manager.py:69] - INFO - url http://v.baidu.com/movie/119065.htm?frp=browse is depth 2 great crawl depth 1
2017-09-16 16:42:50,038 - [webpage_manager.py:69] - INFO - url http://baishi.baidu.com/watch/515618686885165341.html is depth 2 great crawl depth 1
2017-09-16 16:42:50,039 - [webpage_manager.py:69] - INFO - url http://baishi.baidu.com/watch/4440193528725115800.html is depth 2 great crawl depth 1
2017-09-16 16:42:50,040 - [webpage_manager.py:69] - INFO - url http://adx.xiaodutv.com/click/stdssp?p=eyJzaWQiOiI5RUJBREE4OTVFMDEzNjI2MEEyNDQzMUYwODAwMjE5OSIsInJlcWlkIjoiN2Q2NDZkZjYzMTJiZjIyYjIxZWM1NWQ0ZmIyMDVmZDMiLCJzZWxsZXJpZCI6NjAwMCwic2VsbGVydWlkIjoiIiwiYXBwaWQiOiIiLCJpbXBpZCI6IjEyMDYiLCJidXllcmlkIjoxMDAwLCJiaWRpZCI6ImQ3MDY2NDQ3MWUwMTc4YTI4OTNmMTNkNzFjNTIxYTc2Iiwic2VhdGlkIjoiIiwiY3JpZCI6IjE5MjMyMzY4MCIsImJ1eWVyX2JpZHR5cGUiOjAsImJ1eWVyX3ByaWNlIjoyMDAsImJ1eWVyX2dzcCI6MjAwLCJleHRkYXRhIjoie1wiYWR2ZXJ0aXNlcl9zZXR0bGVtZW50X3ByaWNlXCI6MjAwLFwiYWR2ZXJ0aXNlcl9zZXR0bGVtZW50X3R5cGVcIjowLFwiYWR2ZXJ0aXNlcl9zZWNwcmljZVwiOjIwMCxcInN0cmF0ZWd5XCI6XCJwcmVjaXNlOkFEXzBYQTA2XCIsXCJhZHRva2VuXCI6XCI0OGIxZjM2YmQ1YmM3YTQ1MTVmNThjMWY2OGNhMmYyZlwifSIsImRlYWxpZCI6IiIsImFkeF9iaWR0eXBlIjowLCJhZHhfcHJpY2UiOjIwMH0=&lp=aHR0cDovL3poaWJvLnYuYmFpZHUuY29tL3F1YW5taW4= is depth 2 great crawl depth 1
2017-09-16 16:42:50,040 - [webpage_manager.py:69] - INFO - url http://baidu.iqiyi.com/kan/aBht4?fr=v.baidu.com/ is depth 2 great crawl depth 1
2017-09-16 16:42:50,041 - [webpage_manager.py:69] - INFO - url http://baishi.baidu.com/watch/5045784393433459192.html is depth 2 great crawl depth 1
2017-09-16 16:42:50,042 - [webpage_manager.py:69] - INFO - url http://baishi.baidu.com/watch/4438279596806583387.html is depth 2 great crawl depth 1
2017-09-16 16:42:50,043 - [webpage_manager.py:69] - INFO - url http://m.video.baidu.com/wangjunkai.html is depth 2 great crawl depth 1
2017-09-16 16:42:50,044 - [webpage_manager.py:69] - INFO - url http://v.baidu.com/show/20842.htm?frp=browse is depth 2 great crawl depth 1
2017-09-16 16:42:50,046 - [webpage_manager.py:69] - INFO - url http://v.baidu.com/show/290.htm?frp=browse is depth 2 great crawl depth 1
2017-09-16 16:42:50,047 - [webpage_manager.py:69] - INFO - url http://baishi.baidu.com/watch/4763285413403570693.html is depth 2 great crawl depth 1
2017-09-16 16:42:50,051 - [webpage_manager.py:69] - INFO - url http://v.baidu.com/movie/121517.htm?frp=browse is depth 2 great crawl depth 1
2017-09-16 16:42:50,052 - [webpage_manager.py:69] - INFO - url http://baishi.baidu.com/watch/3408220012429803243.html is depth 2 great crawl depth 1
2017-09-16 16:42:50,053 - [webpage_manager.py:69] - INFO - url http://baishi.baidu.com/watch/8622440483267715557.html is depth 2 great crawl depth 1
2017-09-16 16:42:50,054 - [webpage_manager.py:69] - INFO - url http://baishi.baidu.com/watch/6392201170715085634.html is depth 2 great crawl depth 1
2017-09-16 16:42:50,054 - [webpage_manager.py:69] - INFO - url http://v.baidu.com/tv/26887.htm?frp=browse is depth 2 great crawl depth 1
2017-09-16 16:42:50,054 - [webpage_manager.py:69] - INFO - url http://baishi.baidu.com/watch/5167736322601999432.html is depth 2 great crawl depth 1
2017-09-16 16:42:50,055 - [webpage_manager.py:69] - INFO - url http://baidu.iqiyi.com/kan/aBNBm?fr=v.baidu.com/ is depth 2 great crawl depth 1
2017-09-16 16:42:50,055 - [webpage_manager.py:69] - INFO - url http://v.baidu.com/show/20730.htm?frp=browse is depth 2 great crawl depth 1
2017-09-16 16:42:50,056 - [webpage_manager.py:69] - INFO - url http://v.baidu.com/tv/12139.htm?frp=browse is depth 2 great crawl depth 1
2017-09-16 16:42:50,057 - [webpage_manager.py:69] - INFO - url http://v.baidu.com/channel/shaoer is depth 2 great crawl depth 1
2017-09-16 16:42:50,057 - [webpage_manager.py:69] - INFO - url http://v.baidu.com/channel/guichu is depth 2 great crawl depth 1
2017-09-16 16:42:50,058 - [webpage_manager.py:69] - INFO - url http://baishi.baidu.com/watch/7418907486691973098.html is depth 2 great crawl depth 1
2017-09-16 16:42:50,058 - [webpage_manager.py:69] - INFO - url http://baishi.baidu.com/watch/3403812104577185141.html is depth 2 great crawl depth 1
2017-09-16 16:42:50,059 - [webpage_manager.py:69] - INFO - url http://v.baidu.com/movie/list/filter-true+type-%E7%88%B1%E6%83%85+order-hot+pn-1+channel-movie is depth 2 great crawl depth 1
2017-09-16 16:42:50,060 - [webpage_manager.py:69] - INFO - url http://baidu.iqiyi.com/kan/aFzfV?fr=v.baidu.com/ is depth 2 great crawl depth 1
2017-09-16 16:42:50,060 - [webpage_manager.py:69] - INFO - url http://baishi.baidu.com/watch/5129395452319747308.html is depth 2 great crawl depth 1
2017-09-16 16:42:50,061 - [webpage_manager.py:69] - INFO - url http://baishi.baidu.com/watch/4600307946654317370.html is depth 2 great crawl depth 1
2017-09-16 16:42:50,062 - [webpage_manager.py:69] - INFO - url http://baishi.baidu.com/watch/9027592387465163014.html is depth 2 great crawl depth 1
2017-09-16 16:42:50,062 - [webpage_manager.py:69] - INFO - url http://v.baidu.com/license.html is depth 2 great crawl depth 1
2017-09-16 16:42:50,062 - [webpage_manager.py:69] - INFO - url http://baishi.baidu.com/watch/04503554823831804570.html is depth 2 great crawl depth 1
2017-09-16 16:42:50,063 - [webpage_manager.py:69] - INFO - url http://baishi.baidu.com/watch/02109991943451523757.html is depth 2 great crawl depth 1
2017-09-16 16:42:50,063 - [webpage_manager.py:69] - INFO - url http://baishi.baidu.com/watch/7469924443775654349.html is depth 2 great crawl depth 1
2017-09-16 16:42:50,063 - [webpage_manager.py:69] - INFO - url http://baishi.baidu.com/watch/1264141333565445662.html is depth 2 great crawl depth 1
2017-09-16 16:42:50,064 - [webpage_manager.py:69] - INFO - url http://baidu.iqiyi.com/kan/aFcIt?fr=v.baidu.com/ is depth 2 great crawl depth 1
2017-09-16 16:42:50,064 - [webpage_manager.py:69] - INFO - url http://baishi.baidu.com/watch/05843064719676043385.html is depth 2 great crawl depth 1
2017-09-16 16:42:50,065 - [webpage_manager.py:69] - INFO - url http://v.baidu.com/channel/amuse is depth 2 great crawl depth 1
2017-09-16 16:42:50,065 - [webpage_manager.py:69] - INFO - url http://v.baidu.com/show/ is depth 2 great crawl depth 1
2017-09-16 16:42:50,065 - [webpage_manager.py:69] - INFO - url http://baidu.iqiyi.com/kan/aFmpY?fr=v.baidu.com/ is depth 2 great crawl depth 1
2017-09-16 16:42:50,065 - [webpage_manager.py:69] - INFO - url http://v.baidu.com/channel/star is depth 2 great crawl depth 1
2017-09-16 16:42:50,066 - [webpage_manager.py:69] - INFO - url http://baidu.iqiyi.com/kan/aBhVF?fr=v.baidu.com/ is depth 2 great crawl depth 1
2017-09-16 16:42:50,066 - [webpage_manager.py:69] - INFO - url http://zhidao.baidu.com/ is depth 2 great crawl depth 1
2017-09-16 16:42:50,066 - [webpage_manager.py:69] - INFO - url http://baishi.baidu.com/watch/05506912412904308541.html is depth 2 great crawl depth 1
2017-09-16 16:42:50,066 - [webpage_manager.py:69] - INFO - url http://youxi.v.baidu.com/?frm=bdsp-yybq&referer=bdsp is depth 2 great crawl depth 1
2017-09-16 16:42:50,067 - [webpage_manager.py:69] - INFO - url http://baishi.baidu.com/watch/07411770498702740495.html is depth 2 great crawl depth 1
2017-09-16 16:42:50,067 - [webpage_manager.py:69] - INFO - url http://baidu.pptv.com/kan/aB9Rb?fr=v.baidu.com/ is depth 2 great crawl depth 1
2017-09-16 16:42:50,067 - [webpage_manager.py:69] - INFO - url http://baishi.baidu.com/watch/4316623647389416288.html is depth 2 great crawl depth 1
2017-09-16 16:42:50,067 - [webpage_manager.py:69] - INFO - url http://v.baidu.com/tv/26791.htm?frp=browse is depth 2 great crawl depth 1
2017-09-16 16:42:50,068 - [webpage_manager.py:69] - INFO - url http://baidu.iqiyi.com/kan/aBhtj?fr=v.baidu.com/ is depth 2 great crawl depth 1
2017-09-16 16:42:50,068 - [webpage_manager.py:69] - INFO - url http://v.baidu.com/show/20794.htm?frp=browse is depth 2 great crawl depth 1
2017-09-16 16:42:50,068 - [webpage_manager.py:69] - INFO - url http://baishi.baidu.com/watch/7662455533438458317.html is depth 2 great crawl depth 1
2017-09-16 16:42:50,068 - [webpage_manager.py:69] - INFO - url http://baishi.baidu.com/watch/08791757508787492247.html is depth 2 great crawl depth 1
2017-09-16 16:42:50,069 - [webpage_manager.py:69] - INFO - url http://baishi.baidu.com/watch/5273683791977862536.html is depth 2 great crawl depth 1
2017-09-16 16:42:50,070 - [webpage_manager.py:69] - INFO - url http://baidu.iqiyi.com/kan/aFmp2?fr=v.baidu.com/ is depth 2 great crawl depth 1
2017-09-16 16:42:50,070 - [webpage_manager.py:69] - INFO - url http://v.baidu.com/comic/18064.htm?frp=browse is depth 2 great crawl depth 1
2017-09-16 16:42:50,071 - [webpage_manager.py:69] - INFO - url http://zhibo.v.baidu.com/quanmin?pagetab=daohangzb is depth 2 great crawl depth 1
2017-09-16 16:42:50,071 - [webpage_manager.py:69] - INFO - url http://baishi.baidu.com/watch/04680112771607824098.html is depth 2 great crawl depth 1
2017-09-16 16:42:50,071 - [webpage_manager.py:69] - INFO - url http://v.baidu.com/channel/history is depth 2 great crawl depth 1
2017-09-16 16:42:50,072 - [webpage_manager.py:69] - INFO - url http://baidu.iqiyi.com/kan/aFcIQ?fr=v.baidu.com/ is depth 2 great crawl depth 1
2017-09-16 16:42:50,073 - [webpage_manager.py:69] - INFO - url http://baishi.baidu.com/watch/2293165227972769879.html is depth 2 great crawl depth 1
2017-09-16 16:42:50,073 - [webpage_manager.py:69] - INFO - url http://v.baidu.com/v?word=%E8%8B%B9%E6%9E%9C%E5%8F%91%E5%B8%83%E4%BC%9A&ct=301989888&rn=27&pn=0&db=0&s=0&fbl=800&ie=utf-8 is depth 2 great crawl depth 1
2017-09-16 16:42:50,074 - [webpage_manager.py:69] - INFO - url http://baidu.iqiyi.com/kan/aBhVT?fr=v.baidu.com/ is depth 2 great crawl depth 1
2017-09-16 16:42:50,074 - [webpage_manager.py:69] - INFO - url http://baishi.baidu.com/watch/4695017189660107164.html is depth 2 great crawl depth 1
2017-09-16 16:42:50,074 - [webpage_manager.py:69] - INFO - url http://baishi.baidu.com/watch/6244828082374576166.html is depth 2 great crawl depth 1
2017-09-16 16:42:50,075 - [webpage_manager.py:69] - INFO - url http://v.baidu.com/show/20821.htm?frp=browse is depth 2 great crawl depth 1
2017-09-16 16:42:50,075 - [webpage_manager.py:69] - INFO - url http://g.youxi.v.baidu.com/s/1/1265/265.html?frm=bdsp-jdxt3 is depth 2 great crawl depth 1
2017-09-16 16:42:50,075 - [webpage_manager.py:69] - INFO - url http://v.baidu.com/channel/rr is depth 2 great crawl depth 1
2017-09-16 16:42:50,076 - [webpage_manager.py:69] - INFO - url http://v.baidu.com/tv/26843.htm?frp=browse is depth 2 great crawl depth 1
2017-09-16 16:42:50,076 - [webpage_manager.py:69] - INFO - url http://v.baidu.com/movie/123219.htm?frp=browse is depth 2 great crawl depth 1
2017-09-16 16:42:50,076 - [webpage_manager.py:69] - INFO - url http://baishi.baidu.com/watch/06371604949719675509.html is depth 2 great crawl depth 1
2017-09-16 16:42:50,077 - [webpage_manager.py:69] - INFO - url http://baishi.baidu.com/watch/08073507838323726036.html is depth 2 great crawl depth 1
2017-09-16 16:42:50,077 - [webpage_manager.py:69] - INFO - url http://v.baidu.com/car is depth 2 great crawl depth 1
2017-09-16 16:42:50,077 - [webpage_manager.py:69] - INFO - url http://baidu.v.ifeng.com/kan/aB9gX?fr=v.baidu.com/ is depth 2 great crawl depth 1
2017-09-16 16:42:50,078 - [webpage_manager.py:69] - INFO - url http://v.baidu.com/tv/26772.htm?frp=browse is depth 2 great crawl depth 1
2017-09-16 16:42:50,078 - [webpage_manager.py:69] - INFO - url http://v.baidu.com/movie is depth 2 great crawl depth 1
2017-09-16 16:42:50,079 - [webpage_manager.py:69] - INFO - url http://baishi.baidu.com/watch/3688339334102592492.html is depth 2 great crawl depth 1
2017-09-16 16:42:50,079 - [webpage_manager.py:69] - INFO - url http://baishi.baidu.com/watch/05757364492985526185.html is depth 2 great crawl depth 1
2017-09-16 16:42:50,079 - [webpage_manager.py:69] - INFO - url http://baidu.iqiyi.com/kan/aFcI8?fr=v.baidu.com/ is depth 2 great crawl depth 1
2017-09-16 16:42:50,079 - [webpage_manager.py:69] - INFO - url http://v.baidu.com/movie/126370.htm?frp=browse is depth 2 great crawl depth 1
2017-09-16 16:42:50,080 - [webpage_manager.py:69] - INFO - url http://v.baidu.com/show/11533.htm?frp=browse is depth 2 great crawl depth 1
2017-09-16 16:42:50,080 - [webpage_manager.py:69] - INFO - url http://v.baidu.com/v?word=%E6%9E%97%E5%BF%83%E5%A6%82%E6%89%8E%E5%B0%8F%E4%BA%BA&ct=301989888&rn=27&pn=0&db=0&s=0&fbl=800&ie=utf-8 is depth 2 great crawl depth 1
2017-09-16 16:42:50,080 - [webpage_manager.py:69] - INFO - url http://v.baidu.com/movie/123597.htm?frp=browse is depth 2 great crawl depth 1
2017-09-16 16:42:50,081 - [webpage_manager.py:69] - INFO - url http://v.baidu.com/tv/26782.htm?frp=browse is depth 2 great crawl depth 1
2017-09-16 16:42:50,081 - [webpage_manager.py:69] - INFO - url http://baidu.v.ifeng.com/kan/aB9Rg?fr=v.baidu.com/ is depth 2 great crawl depth 1
2017-09-16 16:42:50,081 - [webpage_manager.py:69] - INFO - url http://zhibo.v.baidu.com/quanmin is depth 2 great crawl depth 1
2017-09-16 16:42:50,081 - [webpage_manager.py:69] - INFO - url http://baishi.baidu.com/watch/4173570430964107459.html is depth 2 great crawl depth 1
2017-09-16 16:42:50,082 - [webpage_manager.py:69] - INFO - url http://baishi.baidu.com/watch/5605258230805938597.html is depth 2 great crawl depth 1
2017-09-16 16:42:50,082 - [webpage_manager.py:69] - INFO - url http://www.le.com/ is depth 2 great crawl depth 1
2017-09-16 16:42:50,083 - [webpage_manager.py:69] - INFO - url http://baishi.baidu.com/watch/8279527102734139698.html is depth 2 great crawl depth 1
2017-09-16 16:42:50,083 - [webpage_manager.py:69] - INFO - url http://v.baidu.com/tv is depth 2 great crawl depth 1
2017-09-16 16:42:50,083 - [webpage_manager.py:69] - INFO - url http://baishi.baidu.com/watch/7342745346789793710.html is depth 2 great crawl depth 1
2017-09-16 16:42:50,084 - [webpage_manager.py:69] - INFO - url http://baishi.baidu.com/watch/5416908292051420464.html is depth 2 great crawl depth 1
2017-09-16 16:42:50,085 - [webpage_manager.py:69] - INFO - url http://baishi.baidu.com/watch/4666220164091949888.html is depth 2 great crawl depth 1
2017-09-16 16:42:50,085 - [webpage_manager.py:69] - INFO - url http://v.baidu.com/square/ is depth 2 great crawl depth 1
2017-09-16 16:42:50,085 - [webpage_manager.py:69] - INFO - url http://baishi.baidu.com/watch/4255781402687836036.html is depth 2 great crawl depth 1
2017-09-16 16:42:50,086 - [webpage_manager.py:69] - INFO - url http://v.baidu.com/tv/25370.htm?frp=browse is depth 2 great crawl depth 1
2017-09-16 16:42:50,086 - [webpage_manager.py:69] - INFO - url http://adx.xiaodutv.com/click/stdssp?p=eyJzaWQiOiI4RkJBREE4OTVFMDE2OTM5MEEyRTQzMUYwNzAwRjBCQyIsInJlcWlkIjoiMjk5YTUxN2VhNTliMzFiYjU0NWQzMDBhZGQ1NmIzMWMiLCJzZWxsZXJpZCI6NjAwMCwic2VsbGVydWlkIjoiIiwiYXBwaWQiOiIiLCJpbXBpZCI6IjEyMDciLCJidXllcmlkIjoxMDAwLCJiaWRpZCI6ImE3MDlmMTJmMjA4Yjk1YTllYjEwMTAyMDg4MTE1Y2FlIiwic2VhdGlkIjoiIiwiY3JpZCI6Ijk0OTQ5OTkwNiIsImJ1eWVyX2JpZHR5cGUiOjAsImJ1eWVyX3ByaWNlIjoyMDAsImJ1eWVyX2dzcCI6MjAwLCJleHRkYXRhIjoie1wiYWR2ZXJ0aXNlcl9zZXR0bGVtZW50X3ByaWNlXCI6MjAwLFwiYWR2ZXJ0aXNlcl9zZXR0bGVtZW50X3R5cGVcIjowLFwiYWR2ZXJ0aXNlcl9zZWNwcmljZVwiOjIwMCxcInN0cmF0ZWd5XCI6XCJwcmVjaXNlOkFEXzBYQTA2XCIsXCJhZHRva2VuXCI6XCJhMzc0NDQ3OGQwMzJiOTFiZWFhNjJmODRmYWU1MjczN1wifSIsImRlYWxpZCI6IiIsImFkeF9iaWR0eXBlIjowLCJhZHhfcHJpY2UiOjIwMH0=&lp=aHR0cDovL3poaWJvLnYuYmFpZHUuY29tL3F1YW5taW4= is depth 2 great crawl depth 1
2017-09-16 16:42:50,086 - [webpage_manager.py:69] - INFO - url http://baishi.baidu.com/watch/4875145186534460452.html is depth 2 great crawl depth 1
2017-09-16 16:42:50,086 - [webpage_manager.py:69] - INFO - url http://www.pptv.com/ is depth 2 great crawl depth 1
2017-09-16 16:42:50,087 - [webpage_manager.py:69] - INFO - url http://baishi.baidu.com/watch/4003407119782256974.html is depth 2 great crawl depth 1
2017-09-16 16:42:50,088 - [webpage_manager.py:69] - INFO - url http://v.baidu.com/comic/17978.htm?frp=browse is depth 2 great crawl depth 1
2017-09-16 16:42:50,088 - [webpage_manager.py:69] - INFO - url http://baishi.baidu.com/watch/01533230308800302045.html is depth 2 great crawl depth 1
2017-09-16 16:42:50,089 - [webpage_manager.py:69] - INFO - url http://baishi.baidu.com/watch/1219867944025765293.html is depth 2 great crawl depth 1
2017-09-16 16:42:50,089 - [webpage_manager.py:69] - INFO - url http://www.iqiyi.com/v_19rrn0x890.html#vfrm=3-2-zebra-1 is depth 2 great crawl depth 1
2017-09-16 16:42:50,089 - [webpage_manager.py:69] - INFO - url http://baidu.iqiyi.com/kan/aBaAy?fr=v.baidu.com/ is depth 2 great crawl depth 1
2017-09-16 16:42:50,470 - [webpage_crawler.py:104] - INFO - url:http://www.baidu.com/bdorz/login.gif?login&tpl=mn&u=http%3A%2F%2Fwww.baidu.com%2f%3fbdorz_come%3d1,level:1
2017-09-16 16:42:50,474 - [connectionpool.py:207] - DEBUG - Starting new HTTP connection (1): www.baidu.com
2017-09-16 16:42:50,487 - [connectionpool.py:395] - DEBUG - http://www.baidu.com:80 "GET /bdorz/login.gif?login&tpl=mn&u=http%3A%2F%2Fwww.baidu.com%2f%3fbdorz_come%3d1 HTTP/1.1" 302 161
2017-09-16 16:42:50,493 - [connectionpool.py:818] - DEBUG - Starting new HTTPS connection (1): passport.baidu.com
2017-09-16 16:42:50,846 - [webpage_crawler.py:104] - INFO - url:http://www.baidu.com/more/,level:1
2017-09-16 16:42:50,851 - [connectionpool.py:207] - DEBUG - Starting new HTTP connection (1): www.baidu.com
2017-09-16 16:42:50,898 - [connectionpool.py:395] - DEBUG - http://www.baidu.com:80 "GET /more/ HTTP/1.1" 200 11633
2017-09-16 16:42:51,035 - [webpage_manager.py:69] - INFO - url https://jin.baidu.com/?channel=baidumore is depth 2 great crawl depth 1
2017-09-16 16:42:51,036 - [webpage_manager.py:69] - INFO - url http://zhaopin.baidu.com/ is depth 2 great crawl depth 1
2017-09-16 16:42:51,038 - [webpage_manager.py:69] - INFO - url http://open.baidu.com/ is depth 2 great crawl depth 1
2017-09-16 16:42:51,038 - [webpage_manager.py:69] - INFO - url http://www.hiapk.com/ is depth 2 great crawl depth 1
2017-09-16 16:42:51,038 - [webpage_manager.py:69] - INFO - url http://developer.baidu.com/ is depth 2 great crawl depth 1
2017-09-16 16:42:51,038 - [webpage_manager.py:69] - INFO - url http://baike.baidu.com/ is depth 2 great crawl depth 1
2017-09-16 16:42:51,039 - [webpage_manager.py:69] - INFO - url http://bit.baidu.com/ is depth 2 great crawl depth 1
2017-09-16 16:42:51,039 - [webpage_manager.py:69] - INFO - url http://koubei.baidu.com/ is depth 2 great crawl depth 1
2017-09-16 16:42:51,039 - [webpage_manager.py:69] - INFO - url http://ce.baidu.com/?from=more is depth 2 great crawl depth 1
2017-09-16 16:42:51,039 - [webpage_manager.py:69] - INFO - url http://edu.baidu.com/  is depth 2 great crawl depth 1
2017-09-16 16:42:51,040 - [webpage_manager.py:69] - INFO - url http://wubi.baidu.com/ is depth 2 great crawl depth 1
2017-09-16 16:42:51,040 - [webpage_manager.py:69] - INFO - url http://caifu.baidu.com?tf=nb-cpdq/ is depth 2 great crawl depth 1
2017-09-16 16:42:51,040 - [webpage_manager.py:69] - INFO - url http://naotu.baidu.com is depth 2 great crawl depth 1
2017-09-16 16:42:51,041 - [webpage_manager.py:69] - INFO - url http://union.baidu.com/ is depth 2 great crawl depth 1
2017-09-16 16:42:51,041 - [webpage_manager.py:69] - INFO - url http://mtc.baidu.com/ is depth 2 great crawl depth 1
2017-09-16 16:42:51,041 - [webpage_manager.py:69] - INFO - url http://gongyi.baidu.com/ is depth 2 great crawl depth 1
2017-09-16 16:42:51,041 - [webpage_manager.py:69] - INFO - url http://app.baidu.com/ is depth 2 great crawl depth 1
2017-09-16 16:42:51,042 - [webpage_manager.py:69] - INFO - url http://mb.baidu.com/ is depth 2 great crawl depth 1
2017-09-16 16:42:51,042 - [webpage_manager.py:69] - INFO - url http://fanyi-pro.baidu.com/?from=bdmore is depth 2 great crawl depth 1
2017-09-16 16:42:51,042 - [webpage_manager.py:69] - INFO - url http://test.baidu.com is depth 2 great crawl depth 1
2017-09-16 16:42:51,042 - [webpage_manager.py:69] - INFO - url http://lingxi.baidu.com is depth 2 great crawl depth 1
2017-09-16 16:42:51,043 - [webpage_manager.py:69] - INFO - url http://jingyan.baidu.com/ is depth 2 great crawl depth 1
2017-09-16 16:42:51,043 - [webpage_manager.py:69] - INFO - url http://www.91.com/ is depth 2 great crawl depth 1
2017-09-16 16:42:51,043 - [webpage_manager.py:69] - INFO - url http://anquan.baidu.com/weishi is depth 2 great crawl depth 1
2017-09-16 16:42:51,044 - [webpage_manager.py:69] - INFO - url http://sem.baidu.com/ is depth 2 great crawl depth 1
2017-09-16 16:42:51,044 - [webpage_manager.py:69] - INFO - url http://mopai.baidu.com/ is depth 2 great crawl depth 1
2017-09-16 16:42:51,044 - [webpage_manager.py:69] - INFO - url http://sinan.baidu.com/ is depth 2 great crawl depth 1
2017-09-16 16:42:51,044 - [webpage_manager.py:69] - INFO - url http://ssp.baidu.com/ is depth 2 great crawl depth 1
2017-09-16 16:42:51,045 - [webpage_manager.py:69] - INFO - url http://srf.baidu.com is depth 2 great crawl depth 1
2017-09-16 16:42:51,045 - [webpage_manager.py:69] - INFO - url http://fang.baidu.com/ is depth 2 great crawl depth 1
2017-09-16 16:42:51,045 - [webpage_manager.py:69] - INFO - url http://youxi.baidu.com/ is depth 2 great crawl depth 1
2017-09-16 16:42:51,046 - [webpage_manager.py:69] - INFO - url http://kk.chuanke.com/android/ is depth 2 great crawl depth 1
2017-09-16 16:42:51,046 - [webpage_manager.py:69] - INFO - url http://anquan.baidu.com/bbs/ is depth 2 great crawl depth 1
2017-09-16 16:42:51,046 - [webpage_manager.py:69] - INFO - url http://zhuomian.baidu.com/ is depth 2 great crawl depth 1
2017-09-16 16:42:51,046 - [webpage_manager.py:69] - INFO - url http://yuqing.baidu.com/  is depth 2 great crawl depth 1
2017-09-16 16:42:51,046 - [webpage_manager.py:69] - INFO - url http://8.baidu.com/content/resource/app/index.html is depth 2 great crawl depth 1
2017-09-16 16:42:51,047 - [webpage_manager.py:69] - INFO - url http://ai.baidu.com/index/ is depth 2 great crawl depth 1
2017-09-16 16:42:51,047 - [webpage_manager.py:69] - INFO - url http://yunjiasu.baidu.com/?from=more is depth 2 great crawl depth 1
2017-09-16 16:42:51,047 - [webpage_manager.py:69] - INFO - url http://baitong.baidu.com is depth 2 great crawl depth 1
2017-09-16 16:42:51,047 - [webpage_manager.py:69] - INFO - url http://yuyin.baidu.com/ is depth 2 great crawl depth 1
2017-09-16 16:42:51,048 - [webpage_manager.py:69] - INFO - url http://qiao.baidu.com/home/ is depth 2 great crawl depth 1
2017-09-16 16:42:51,048 - [webpage_manager.py:69] - INFO - url https://cloud.baidu.com/ is depth 2 great crawl depth 1
2017-09-16 16:42:51,048 - [webpage_manager.py:69] - INFO - url http://jingsuan.baidu.com is depth 2 great crawl depth 1
2017-09-16 16:42:51,049 - [webpage_manager.py:69] - INFO - url http://shoujiweishi.baidu.com/ is depth 2 great crawl depth 1
2017-09-16 16:42:51,050 - [webpage_manager.py:69] - INFO - url http://cbbs.baidu.com is depth 2 great crawl depth 1
2017-09-16 16:42:51,050 - [webpage_manager.py:69] - INFO - url http://music.baidu.com/pc/index.html is depth 2 great crawl depth 1
2017-09-16 16:42:51,050 - [webpage_manager.py:69] - INFO - url http://piao.baidu.com/ is depth 2 great crawl depth 1
2017-09-16 16:42:51,051 - [webpage_manager.py:69] - INFO - url http://im.baidu.com/ is depth 2 great crawl depth 1
2017-09-16 16:42:51,051 - [webpage_manager.py:69] - INFO - url http://rj.baidu.com/ is depth 2 great crawl depth 1
2017-09-16 16:42:51,051 - [webpage_manager.py:69] - INFO - url http://quzheng.baidu.com/ is depth 2 great crawl depth 1
2017-09-16 16:42:51,051 - [webpage_manager.py:69] - INFO - url http://www.chuanke.com/ is depth 2 great crawl depth 1
2017-09-16 16:42:51,052 - [webpage_manager.py:69] - INFO - url http://fanyi.baidu.com/ is depth 2 great crawl depth 1
2017-09-16 16:42:51,052 - [webpage_manager.py:69] - INFO - url https://baiji.baidu.com/ is depth 2 great crawl depth 1
2017-09-16 16:42:51,052 - [webpage_manager.py:69] - INFO - url http://ivr.baidu.com/ is depth 2 great crawl depth 1
2017-09-16 16:42:51,052 - [webpage_manager.py:69] - INFO - url http://haokan.baidu.com is depth 2 great crawl depth 1
2017-09-16 16:42:51,052 - [webpage_manager.py:69] - INFO - url http://www.baidu.com/search/jiqiao.html is depth 2 great crawl depth 1
2017-09-16 16:42:51,053 - [webpage_manager.py:69] - INFO - url http://stu.baidu.com is depth 2 great crawl depth 1
2017-09-16 16:42:51,053 - [webpage_manager.py:69] - INFO - url http://download.nuomi.com/inter/group?from=HomeAdRightBanner/ is depth 2 great crawl depth 1
2017-09-16 16:42:51,053 - [webpage_manager.py:69] - INFO - url http://bim.baidu.com is depth 2 great crawl depth 1
2017-09-16 16:42:51,053 - [webpage_manager.py:69] - INFO - url http://index.baidu.com/ is depth 2 great crawl depth 1
2017-09-16 16:42:51,054 - [webpage_manager.py:69] - INFO - url http://kk.chuanke.com/ is depth 2 great crawl depth 1
2017-09-16 16:42:51,054 - [webpage_manager.py:69] - INFO - url http://www.lecai.com/ is depth 2 great crawl depth 1
2017-09-16 16:42:51,054 - [webpage_manager.py:69] - INFO - url http://tongji.baidu.com/ is depth 2 great crawl depth 1
2017-09-16 16:42:51,054 - [webpage_manager.py:69] - INFO - url http://youke.baidu.com/ is depth 2 great crawl depth 1
2017-09-16 16:42:51,055 - [webpage_manager.py:69] - INFO - url http://h5.baidu.com/ is depth 2 great crawl depth 1
2017-09-16 16:42:51,055 - [webpage_manager.py:69] - INFO - url http://y.baidu.com is depth 2 great crawl depth 1
2017-09-16 16:42:51,056 - [webpage_manager.py:69] - INFO - url https://www.baifubao.com/ is depth 2 great crawl depth 1
2017-09-16 16:42:51,056 - [webpage_manager.py:69] - INFO - url http://anquan.baidu.com/shadu is depth 2 great crawl depth 1
2017-09-16 16:42:51,056 - [webpage_manager.py:69] - INFO - url http://yingxiao.baidu.com is depth 2 great crawl depth 1
2017-09-16 16:42:51,057 - [webpage_manager.py:69] - INFO - url http://baobao.baidu.com is depth 2 great crawl depth 1
2017-09-16 16:42:51,057 - [webpage_manager.py:69] - INFO - url http://zhanzhang.baidu.com/ is depth 2 great crawl depth 1
2017-09-16 16:42:51,057 - [webpage_manager.py:69] - INFO - url http://duer.baidu.com/ is depth 2 great crawl depth 1
2017-09-16 16:42:51,058 - [webpage_manager.py:69] - INFO - url http://waimai.baidu.com/ is depth 2 great crawl depth 1
2017-09-16 16:42:51,058 - [webpage_manager.py:69] - INFO - url http://shurufa.baidu.com/ is depth 2 great crawl depth 1
2017-09-16 16:42:51,058 - [webpage_manager.py:69] - INFO - url http://baijiahao.baidu.com/ is depth 2 great crawl depth 1
2017-09-16 16:42:51,059 - [webpage_manager.py:69] - INFO - url http://apistore.baidu.com/ is depth 2 great crawl depth 1
2017-09-16 16:42:51,059 - [webpage_manager.py:69] - INFO - url http://fanyi.baidu.com/appdownload/download.html is depth 2 great crawl depth 1
2017-09-16 16:42:51,060 - [webpage_manager.py:69] - INFO - url http://lvyou.baidu.com/ is depth 2 great crawl depth 1
2017-09-16 16:42:51,061 - [webpage_manager.py:69] - INFO - url http://developer.baidu.com/vcast is depth 2 great crawl depth 1
2017-09-16 16:42:51,062 - [connectionpool.py:395] - DEBUG - https://passport.baidu.com:443 "GET /v2/?login&tpl=mn&u=http%3A%2F%2Fwww.baidu.com%2f%3fbdorz_come%3d1 HTTP/1.1" 200 None
2017-09-16 16:42:51,063 - [webpage_manager.py:69] - INFO - url http://weirenwu.baidu.com is depth 2 great crawl depth 1
2017-09-16 16:42:51,071 - [webpage_manager.py:69] - INFO - url http://www.nuomi.com/ is depth 2 great crawl depth 1
2017-09-16 16:42:51,073 - [webpage_manager.py:69] - INFO - url http://gupiao.baidu.com/ is depth 2 great crawl depth 1
2017-09-16 16:42:51,074 - [webpage_manager.py:69] - INFO - url http://tuijian.baidu.com/ is depth 2 great crawl depth 1
2017-09-16 16:42:51,075 - [webpage_manager.py:69] - INFO - url http://motu.baidu.com/  is depth 2 great crawl depth 1
2017-09-16 16:42:51,079 - [webpage_manager.py:69] - INFO - url http://xueshu.baidu.com/  is depth 2 great crawl depth 1
2017-09-16 16:42:51,095 - [webpage_manager.py:69] - INFO - url https://jin.baidu.com/insurance/apply?channel=bxpsp is depth 2 great crawl depth 1
2017-09-16 16:42:51,096 - [webpage_manager.py:69] - INFO - url http://lvshi.baidu.com/ is depth 2 great crawl depth 1
2017-09-16 16:42:51,096 - [webpage_manager.py:69] - INFO - url http://player.baidu.com/ is depth 2 great crawl depth 1
2017-09-16 16:42:51,097 - [webpage_manager.py:69] - INFO - url https://liulanqi.baidu.com/ is depth 2 great crawl depth 1
2017-09-16 16:42:51,097 - [webpage_manager.py:69] - INFO - url http://push.baidu.com/ is depth 2 great crawl depth 1
2017-09-16 16:42:51,097 - [webpage_manager.py:69] - INFO - url https://open2.baidu.com/ is depth 2 great crawl depth 1
2017-09-16 16:42:51,097 - [webpage_manager.py:69] - INFO - url http://imageplus.baidu.com/ is depth 2 great crawl depth 1
2017-09-16 16:42:51,098 - [webpage_manager.py:69] - INFO - url http://as.baidu.com/a/bdsuite is depth 2 great crawl depth 1
2017-09-16 16:42:51,098 - [webpage_manager.py:69] - INFO - url http://video.baidu.com/ is depth 2 great crawl depth 1
2017-09-16 16:42:51,098 - [webpage_manager.py:69] - INFO - url http://yuedu.baidu.com/ is depth 2 great crawl depth 1
2017-09-16 16:42:51,099 - [webpage_manager.py:69] - INFO - url http://game.91.com/ is depth 2 great crawl depth 1
2017-09-16 16:42:51,099 - [webpage_manager.py:69] - INFO - url http://mtj.baidu.com is depth 2 great crawl depth 1
2017-09-16 16:42:51,099 - [webpage_manager.py:69] - INFO - url http://site.baidu.com/ is depth 2 great crawl depth 1
2017-09-16 16:42:51,099 - [webpage_manager.py:69] - INFO - url https://trust.baidu.com/ is depth 2 great crawl depth 1
2017-09-16 16:42:51,100 - [webpage_manager.py:69] - INFO - url https://jiaoyu.baidu.com/topic/bsplatform/overview is depth 2 great crawl depth 1
2017-09-16 16:42:51,100 - [webpage_manager.py:69] - INFO - url http://music.baidu.com/app is depth 2 great crawl depth 1
2017-09-16 16:44:46,216 - [mini_spider.py:70] - INFO - Starting mini spider
2017-09-16 16:44:46,220 - [webpage_crawler.py:104] - INFO - url:http://www.baidu.com
,level:0
2017-09-16 16:44:46,230 - [connectionpool.py:207] - DEBUG - Starting new HTTP connection (1): www.baidu.com
2017-09-16 16:44:46,246 - [connectionpool.py:395] - DEBUG - http://www.baidu.com:80 "GET / HTTP/1.1" 200 None
2017-09-16 16:44:46,262 - [webpage_crawler.py:104] - INFO - url:http://map.baidu.com,level:1
2017-09-16 16:44:46,263 - [webpage_crawler.py:104] - INFO - url:http://ir.baidu.com,level:1
2017-09-16 16:44:46,264 - [webpage_crawler.py:104] - INFO - url:http://home.baidu.com,level:1
2017-09-16 16:44:46,264 - [webpage_crawler.py:104] - INFO - url:http://jianyi.baidu.com/,level:1
2017-09-16 16:44:46,270 - [webpage_crawler.py:104] - INFO - url:http://news.baidu.com,level:1
2017-09-16 16:44:46,276 - [connectionpool.py:207] - DEBUG - Starting new HTTP connection (1): map.baidu.com
2017-09-16 16:44:46,277 - [webpage_crawler.py:104] - INFO - url:http://tieba.baidu.com,level:1
2017-09-16 16:44:46,277 - [connectionpool.py:207] - DEBUG - Starting new HTTP connection (1): home.baidu.com
2017-09-16 16:44:46,278 - [webpage_crawler.py:104] - INFO - url:http://www.hao123.com,level:1
2017-09-16 16:44:46,279 - [connectionpool.py:207] - DEBUG - Starting new HTTP connection (1): news.baidu.com
2017-09-16 16:44:46,279 - [connectionpool.py:207] - DEBUG - Starting new HTTP connection (1): ir.baidu.com
2017-09-16 16:44:46,280 - [connectionpool.py:207] - DEBUG - Starting new HTTP connection (1): jianyi.baidu.com
2017-09-16 16:44:46,284 - [connectionpool.py:207] - DEBUG - Starting new HTTP connection (1): tieba.baidu.com
2017-09-16 16:44:46,288 - [connectionpool.py:207] - DEBUG - Starting new HTTP connection (1): www.hao123.com
2017-09-16 16:44:46,332 - [connectionpool.py:395] - DEBUG - http://home.baidu.com:80 "GET / HTTP/1.1" 200 None
2017-09-16 16:44:46,406 - [connectionpool.py:395] - DEBUG - http://map.baidu.com:80 "GET / HTTP/1.1" 200 None
2017-09-16 16:44:46,577 - [webpage_manager.py:69] - INFO - url https://www.baidu.com/s?wd=博士回国看牙惊叹 is depth 2 great crawl depth 1
2017-09-16 16:44:46,577 - [webpage_manager.py:69] - INFO - url https://www.baidu.com/s?wd=六城地标集体撞衫 is depth 2 great crawl depth 1
2017-09-16 16:44:46,577 - [webpage_manager.py:69] - INFO - url http://home.baidu.com/home/index/baidu_road is depth 2 great crawl depth 1
2017-09-16 16:44:46,578 - [webpage_manager.py:69] - INFO - url https://www.baidu.com/s?wd=共享单车新政出台 is depth 2 great crawl depth 1
2017-09-16 16:44:46,578 - [webpage_manager.py:69] - INFO - url http://home.baidu.com/home/index/company_culture is depth 2 great crawl depth 1
2017-09-16 16:44:46,578 - [webpage_manager.py:69] - INFO - url http://home.baidu.com/home/index/join_us is depth 2 great crawl depth 1
2017-09-16 16:44:46,578 - [webpage_manager.py:69] - INFO - url http://home.baidu.com/home/index/news_detail/id/17711 is depth 2 great crawl depth 1
2017-09-16 16:44:46,579 - [webpage_manager.py:69] - INFO - url http://home.baidu.com/home/index/news_detail/id/17712 is depth 2 great crawl depth 1
2017-09-16 16:44:46,579 - [webpage_manager.py:69] - INFO - url http://home.baidu.com/home/index/news_detail/id/17713 is depth 2 great crawl depth 1
2017-09-16 16:44:46,579 - [webpage_manager.py:69] - INFO - url http://home.baidu.com/home/index/news_detail/id/17714 is depth 2 great crawl depth 1
2017-09-16 16:44:46,579 - [webpage_manager.py:69] - INFO - url https://www.baidu.com/s?wd=十岁女童考上大专 is depth 2 great crawl depth 1
2017-09-16 16:44:46,580 - [webpage_manager.py:69] - INFO - url https://www.baidu.com/s?wd=最不好客国家排行 is depth 2 great crawl depth 1
2017-09-16 16:44:46,580 - [webpage_manager.py:69] - INFO - url https://www.baidu.com/s?wd=李雨桐再爆料 is depth 2 great crawl depth 1
2017-09-16 16:44:46,580 - [webpage_manager.py:69] - INFO - url https://www.baidu.com/s?wd=B站请道士作法 is depth 2 great crawl depth 1
2017-09-16 16:44:46,581 - [webpage_manager.py:69] - INFO - url http://csr.baidu.com/ is depth 2 great crawl depth 1
2017-09-16 16:44:46,581 - [webpage_manager.py:69] - INFO - url https://www.baidu.com/s?wd=王宝强村民谈宋喆 is depth 2 great crawl depth 1
2017-09-16 16:44:46,582 - [webpage_manager.py:69] - INFO - url http://home.baidu.com/home/index/special/id/34 is depth 2 great crawl depth 1
2017-09-16 16:44:46,583 - [webpage_manager.py:69] - INFO - url https://www.baidu.com/s?wd=日企周休三日 is depth 2 great crawl depth 1
2017-09-16 16:44:46,583 - [webpage_manager.py:69] - INFO - url http://create.baidu.com/index/ is depth 2 great crawl depth 1
2017-09-16 16:44:46,584 - [webpage_manager.py:69] - INFO - url https://www.baidu.com/s?wd=李晨求婚范冰冰 is depth 2 great crawl depth 1
2017-09-16 16:44:46,584 - [webpage_manager.py:69] - INFO - url https://www.baidu.com/s?wd=ios11正式版 is depth 2 great crawl depth 1
2017-09-16 16:44:46,584 - [webpage_manager.py:69] - INFO - url http://pro.baidu.com/ is depth 2 great crawl depth 1
2017-09-16 16:44:46,585 - [webpage_manager.py:69] - INFO - url https://www.baidu.com/s?wd=8天长假6场婚礼 is depth 2 great crawl depth 1
2017-09-16 16:44:46,585 - [webpage_manager.py:69] - INFO - url https://www.baidu.com/s?wd=国家职业资格目录 is depth 2 great crawl depth 1
2017-09-16 16:44:46,585 - [webpage_manager.py:69] - INFO - url https://www.baidu.com/s?wd=小学生获国家专利 is depth 2 great crawl depth 1
2017-09-16 16:44:46,585 - [webpage_manager.py:69] - INFO - url https://www.baidu.com/s?wd=新加坡首位女总统 is depth 2 great crawl depth 1
2017-09-16 16:44:46,586 - [webpage_manager.py:69] - INFO - url http://ir.baidu.com/phoenix.zhtml?c=188488&p=irol-irhome is depth 2 great crawl depth 1
2017-09-16 16:44:46,586 - [webpage_manager.py:69] - INFO - url http://home.baidu.com/home/index/show_banner_content/id/15/type/mobile is depth 2 great crawl depth 1
2017-09-16 16:44:46,586 - [webpage_manager.py:69] - INFO - url http://weibo.com/baiduguanfang?refer_flag=1001030101_&is_hot=1 is depth 2 great crawl depth 1
2017-09-16 16:44:46,586 - [webpage_manager.py:69] - INFO - url http://logo.baidu.com/ is depth 2 great crawl depth 1
2017-09-16 16:44:46,587 - [webpage_manager.py:69] - INFO - url http://home.baidu.com/home/index/news_detail/id/17710 is depth 2 great crawl depth 1
2017-09-16 16:44:46,587 - [webpage_manager.py:69] - INFO - url https://twitter.com/Baidu_Inc is depth 2 great crawl depth 1
2017-09-16 16:44:46,587 - [webpage_manager.py:69] - INFO - url https://www.baidu.com/s?wd=鹿晗陈赫游戏直播 is depth 2 great crawl depth 1
2017-09-16 16:44:46,588 - [webpage_manager.py:69] - INFO - url http://home.baidu.com/home/index/management_team is depth 2 great crawl depth 1
2017-09-16 16:44:46,588 - [webpage_manager.py:69] - INFO - url https://www.baidu.com/s?wd=比特币中国将关停 is depth 2 great crawl depth 1
2017-09-16 16:44:46,589 - [webpage_manager.py:69] - INFO - url https://www.baidu.com/s?wd=藏獒经济崩盘 is depth 2 great crawl depth 1
2017-09-16 16:44:46,589 - [webpage_manager.py:69] - INFO - url http://union.baidu.com/customerLogin.html?fromu=http%3A%2F%2Funion.baidu.com%2F is depth 2 great crawl depth 1
2017-09-16 16:44:46,590 - [webpage_manager.py:69] - INFO - url https://www.baidu.com/s?wd=骑单车身亡案开庭 is depth 2 great crawl depth 1
2017-09-16 16:44:46,590 - [webpage_manager.py:69] - INFO - url https://www.baidu.com/s?wd=美国军事基地爆炸 is depth 2 great crawl depth 1
2017-09-16 16:44:46,590 - [webpage_manager.py:69] - INFO - url http://quanjing.baidu.com/baidu is depth 2 great crawl depth 1
2017-09-16 16:44:46,590 - [webpage_manager.py:69] - INFO - url http://home.baidu.com/home/index/show_banner_content/id/38 is depth 2 great crawl depth 1
2017-09-16 16:44:46,591 - [webpage_manager.py:69] - INFO - url http://home.baidu.com/home/index/news_detail/id/17709 is depth 2 great crawl depth 1
2017-09-16 16:44:46,591 - [webpage_manager.py:69] - INFO - url https://www.baidu.com/s?wd=政府禁用卡巴斯基 is depth 2 great crawl depth 1
2017-09-16 16:44:46,591 - [webpage_manager.py:69] - INFO - url http://home.baidu.com/home/index/news_list is depth 2 great crawl depth 1
2017-09-16 16:44:46,592 - [webpage_manager.py:69] - INFO - url https://www.baidu.com/s?wd=林心如律师发声明 is depth 2 great crawl depth 1
2017-09-16 16:44:46,592 - [webpage_manager.py:69] - INFO - url https://www.baidu.com/s?wd=张一山拍戏遭臭骂 is depth 2 great crawl depth 1
2017-09-16 16:44:46,592 - [webpage_manager.py:69] - INFO - url https://www.baidu.com/s?wd=京东进军房地产 is depth 2 great crawl depth 1
2017-09-16 16:44:46,593 - [webpage_manager.py:69] - INFO - url https://www.baidu.com/s?wd=林志玲半蹲颁奖 is depth 2 great crawl depth 1
2017-09-16 16:44:46,593 - [webpage_manager.py:69] - INFO - url http://home.baidu.com/home/index/special/id/40 is depth 2 great crawl depth 1
2017-09-16 16:44:46,593 - [webpage_manager.py:69] - INFO - url http://home.baidu.com/home/index/special/id/29 is depth 2 great crawl depth 1
2017-09-16 16:44:46,594 - [webpage_manager.py:69] - INFO - url https://www.baidu.com/s?wd=长江口垃圾倾倒案 is depth 2 great crawl depth 1
2017-09-16 16:44:46,594 - [webpage_manager.py:69] - INFO - url http://home.baidu.com/home/index is depth 2 great crawl depth 1
2017-09-16 16:44:46,594 - [webpage_manager.py:69] - INFO - url https://www.baidu.com/s?wd=马伊琍新戏接长发 is depth 2 great crawl depth 1
2017-09-16 16:44:46,594 - [webpage_manager.py:69] - INFO - url https://www.baidu.com/s?wd=陈羽凡复出 is depth 2 great crawl depth 1
2017-09-16 16:44:46,595 - [webpage_manager.py:69] - INFO - url http://e.baidu.com/?subsite=bj is depth 2 great crawl depth 1
2017-09-16 16:44:46,595 - [webpage_manager.py:69] - INFO - url http://ai.baidu.com/ is depth 2 great crawl depth 1
2017-09-16 16:44:46,595 - [webpage_manager.py:69] - INFO - url http://home.baidu.com/home/index/show_mobile_banner_content/id/64 is depth 2 great crawl depth 1
2017-09-16 16:44:46,595 - [webpage_manager.py:69] - INFO - url https://www.baidu.com/s?wd=赛琳娜手术 is depth 2 great crawl depth 1
2017-09-16 16:44:46,596 - [webpage_manager.py:69] - INFO - url http://home.baidu.com/home/index/show_mobile_banner_content/id/62 is depth 2 great crawl depth 1
2017-09-16 16:44:46,596 - [webpage_manager.py:69] - INFO - url http://home.baidu.com/home/index/company is depth 2 great crawl depth 1
2017-09-16 16:44:46,596 - [webpage_manager.py:69] - INFO - url https://www.baidu.com/s?wd=沉迷游戏网吧吃住 is depth 2 great crawl depth 1
2017-09-16 16:44:46,596 - [webpage_manager.py:69] - INFO - url http://home.baidu.com/home/index/contact_us is depth 2 great crawl depth 1
2017-09-16 16:44:46,597 - [webpage_manager.py:69] - INFO - url https://www.baidu.com/s?wd=捡玉坠丢弃被索赔 is depth 2 great crawl depth 1
2017-09-16 16:44:46,597 - [webpage_manager.py:69] - INFO - url https://www.baidu.com/s?wd=举报公司遭报复 is depth 2 great crawl depth 1
2017-09-16 16:44:46,598 - [webpage_manager.py:69] - INFO - url https://www.baidu.com/s?wd=伦敦地铁发生爆炸 is depth 2 great crawl depth 1
2017-09-16 16:44:46,598 - [webpage_manager.py:69] - INFO - url https://www.facebook.com/BaiduIncorporated is depth 2 great crawl depth 1
2017-09-16 16:44:46,598 - [webpage_manager.py:69] - INFO - url https://www.baidu.com/s?wd=周星驰旧照曝光 is depth 2 great crawl depth 1
2017-09-16 16:44:46,598 - [webpage_manager.py:69] - INFO - url https://www.baidu.com/s?wd=章龄之晒美照 is depth 2 great crawl depth 1
2017-09-16 16:44:46,599 - [webpage_manager.py:69] - INFO - url http://home.baidu.com/home/index/show_banner_content/id/47 is depth 2 great crawl depth 1
2017-09-16 16:44:46,599 - [webpage_manager.py:69] - INFO - url https://www.baidu.com/s?wd=传奇大熊猫去世 is depth 2 great crawl depth 1
2017-09-16 16:44:46,599 - [webpage_manager.py:69] - INFO - url https://www.baidu.com/s?wd=范冰冰李晨撸串 is depth 2 great crawl depth 1
2017-09-16 16:44:46,599 - [webpage_manager.py:69] - INFO - url https://www.baidu.com/s?wd=林更新回应被骂 is depth 2 great crawl depth 1
2017-09-16 16:44:46,600 - [webpage_manager.py:69] - INFO - url http://home.baidu.com/home/index/show_banner_content/id/48 is depth 2 great crawl depth 1
2017-09-16 16:44:46,600 - [webpage_manager.py:69] - INFO - url https://www.baidu.com/s?wd=双台风结对来袭 is depth 2 great crawl depth 1
2017-09-16 16:44:46,600 - [webpage_manager.py:69] - INFO - url https://www.baidu.com/s?wd=微信隐私保护指引 is depth 2 great crawl depth 1
2017-09-16 16:44:46,802 - [connectionpool.py:395] - DEBUG - http://jianyi.baidu.com:80 "GET / HTTP/1.1" 302 0
2017-09-16 16:44:46,808 - [connectionpool.py:395] - DEBUG - http://tieba.baidu.com:80 "GET / HTTP/1.1" 302 0
2017-09-16 16:44:46,842 - [connectionpool.py:207] - DEBUG - Starting new HTTP connection (1): help.baidu.com
2017-09-16 16:44:46,844 - [connectionpool.py:818] - DEBUG - Starting new HTTPS connection (1): tieba.baidu.com
2017-09-16 16:44:46,851 - [connectionpool.py:395] - DEBUG - http://news.baidu.com:80 "GET / HTTP/1.1" 200 None
2017-09-16 16:44:47,055 - [webpage_manager.py:69] - INFO - url https://www.baidu.com/s?wd=%E6%9C%80%E4%B8%8D%E5%A5%BD%E5%AE%A2%E5%9B%BD%E5%AE%B6%E6%8E%92%E8%A1%8C is depth 2 great crawl depth 1
2017-09-16 16:44:47,055 - [webpage_manager.py:69] - INFO - url http://news.china.com/domestic/945/20170916/31425893.html is depth 2 great crawl depth 1
2017-09-16 16:44:47,055 - [webpage_manager.py:69] - INFO - url http://v.baidu.com/ is depth 2 great crawl depth 1
2017-09-16 16:44:47,056 - [webpage_manager.py:69] - INFO - url https://baijia.baidu.com/u?app_id=1536767517568852 is depth 2 great crawl depth 1
2017-09-16 16:44:47,059 - [webpage_manager.py:69] - INFO - url http://map.baidu.com/ is depth 2 great crawl depth 1
2017-09-16 16:44:47,060 - [webpage_manager.py:69] - INFO - url http://news.ifeng.com/a/20170916/52017745_0.shtml?_zbs_baidu_news is depth 2 great crawl depth 1
2017-09-16 16:44:47,062 - [webpage_manager.py:69] - INFO - url http://www.baidu.com/search/rss.html is depth 2 great crawl depth 1
2017-09-16 16:44:47,063 - [webpage_manager.py:69] - INFO - url https://baijia.baidu.com/s?id=1578577505038446664 is depth 2 great crawl depth 1
2017-09-16 16:44:47,063 - [webpage_manager.py:69] - INFO - url http://tousu.baidu.com/news/add is depth 2 great crawl depth 1
2017-09-16 16:44:47,064 - [webpage_manager.py:69] - INFO - url http://world.huanqiu.com/article/2017-09/11253500.html?from=bdwz is depth 2 great crawl depth 1
2017-09-16 16:44:47,065 - [webpage_manager.py:69] - INFO - url https://www.baidu.com/ is depth 2 great crawl depth 1
2017-09-16 16:44:47,065 - [webpage_manager.py:69] - INFO - url http://xinwen.eastday.com/a/xjump.html?id=n170916084846365 is depth 2 great crawl depth 1
2017-09-16 16:44:47,066 - [webpage_manager.py:69] - INFO - url https://baijia.baidu.com/s?id=1578504898616167009 is depth 2 great crawl depth 1
2017-09-16 16:44:47,067 - [webpage_manager.py:69] - INFO - url http://xinwen.eastday.com/a/xjump.html?id=n170916074314051 is depth 2 great crawl depth 1
2017-09-16 16:44:47,067 - [webpage_manager.py:69] - INFO - url http://music.baidu.com/ is depth 2 great crawl depth 1
2017-09-16 16:44:47,068 - [webpage_manager.py:69] - INFO - url https://baijia.baidu.com/u?app_id=1536767684387819 is depth 2 great crawl depth 1
2017-09-16 16:44:47,068 - [webpage_manager.py:69] - INFO - url https://baijia.baidu.com/s?id=1578669950010882209 is depth 2 great crawl depth 1
2017-09-16 16:44:47,069 - [webpage_manager.py:69] - INFO - url https://baijia.baidu.com/channel?cat=2 is depth 2 great crawl depth 1
2017-09-16 16:44:47,069 - [webpage_manager.py:69] - INFO - url http://china.huanqiu.com/article/2017-09/11253501.html?from=bdwz is depth 2 great crawl depth 1
2017-09-16 16:44:47,070 - [webpage_manager.py:69] - INFO - url http://news.china.com/domestic/945/20170916/31431593.html is depth 2 great crawl depth 1
2017-09-16 16:44:47,070 - [webpage_manager.py:69] - INFO - url https://www.baidu.com/s?wd=%E8%BF%99%E6%AD%A5%E6%A3%8B%EF%BC%8C%E4%B9%A0%E8%BF%91%E5%B9%B3%E8%90%BD%E5%AD%90%E2%80%9C%E5%85%B3%E9%94%AE%E5%B0%91%E6%95%B0%E2%80%9D is depth 2 great crawl depth 1
2017-09-16 16:44:47,070 - [webpage_manager.py:69] - INFO - url http://xinwen.eastday.com/a/xjump.html?id=n170916073218847 is depth 2 great crawl depth 1
2017-09-16 16:44:47,071 - [webpage_manager.py:69] - INFO - url http://newsalert.baidu.com/na?cmd=0 is depth 2 great crawl depth 1
2017-09-16 16:44:47,071 - [webpage_manager.py:69] - INFO - url https://baijia.baidu.com is depth 2 great crawl depth 1
2017-09-16 16:44:47,071 - [webpage_manager.py:69] - INFO - url http://report.12377.cn:13225/toreportinputNormal_anis.do is depth 2 great crawl depth 1
2017-09-16 16:44:47,072 - [webpage_manager.py:69] - INFO - url http://news.ifeng.com/a/20170916/52018327_0.shtml?_zbs_baidu_news is depth 2 great crawl depth 1
2017-09-16 16:44:47,072 - [webpage_manager.py:69] - INFO - url http://news.baidu.com/mil is depth 2 great crawl depth 1
2017-09-16 16:44:47,072 - [webpage_manager.py:69] - INFO - url https://baijia.baidu.com/s?id=1578667900922986662 is depth 2 great crawl depth 1
2017-09-16 16:44:47,073 - [webpage_manager.py:69] - INFO - url https://www.baidu.com/s?wd=IS%E5%AE%A3%E5%B8%83%E5%AF%B9%E4%BC%A6%E6%95%A6%E6%81%90%E8%A2%AD%E8%B4%9F%E8%B4%A3%20%E5%85%A8%E8%8B%B1%E6%81%90%E8%A2%AD%E5%A8%81%E8%83%81%E6%8F%90%E5%8D%87%E8%87%B3%E6%9C%80%E9%AB%98%E7%BA%A7 is depth 2 great crawl depth 1
2017-09-16 16:44:47,074 - [webpage_manager.py:69] - INFO - url http://xinwen.eastday.com/a/xjump.html?id=n170916071413821 is depth 2 great crawl depth 1
2017-09-16 16:44:47,075 - [webpage_manager.py:69] - INFO - url https://baijia.baidu.com/u?app_id=1536774014301697 is depth 2 great crawl depth 1
2017-09-16 16:44:47,076 - [webpage_manager.py:69] - INFO - url http://news.ifeng.com/a/20170916/52016368_0.shtml?_zbs_baidu_news is depth 2 great crawl depth 1
2017-09-16 16:44:47,076 - [webpage_manager.py:69] - INFO - url http://net.china.cn/chinese/index.htm is depth 2 great crawl depth 1
2017-09-16 16:44:47,077 - [webpage_manager.py:69] - INFO - url http://news.baidu.com/house is depth 2 great crawl depth 1
2017-09-16 16:44:47,077 - [webpage_manager.py:69] - INFO - url http://www.bj.cyberpolice.cn/index.htm is depth 2 great crawl depth 1
2017-09-16 16:44:47,078 - [webpage_manager.py:69] - INFO - url http://news.baidu.com/n?cmd=1&class=reci is depth 2 great crawl depth 1
2017-09-16 16:44:47,078 - [webpage_manager.py:69] - INFO - url http://xinwen.eastday.com/a/xjump.html?id=170916031041190 is depth 2 great crawl depth 1
2017-09-16 16:44:47,079 - [webpage_manager.py:69] - INFO - url http://news.baidu.com/fashion is depth 2 great crawl depth 1
2017-09-16 16:44:47,079 - [webpage_manager.py:69] - INFO - url https://baijia.baidu.com/s?id=1578129331659506891 is depth 2 great crawl depth 1
2017-09-16 16:44:47,079 - [webpage_manager.py:69] - INFO - url http://tieba.baidu.com/ is depth 2 great crawl depth 1
2017-09-16 16:44:47,080 - [webpage_manager.py:69] - INFO - url http://wenku.baidu.com/ is depth 2 great crawl depth 1
2017-09-16 16:44:47,080 - [webpage_manager.py:69] - INFO - url http://image.baidu.com/ is depth 2 great crawl depth 1
2017-09-16 16:44:47,080 - [webpage_manager.py:69] - INFO - url http://news.ifeng.com/a/20170916/52016721_0.shtml?_zbs_baidu_news is depth 2 great crawl depth 1
2017-09-16 16:44:47,080 - [webpage_manager.py:69] - INFO - url https://baijia.baidu.com/s?id=1578623174990307367 is depth 2 great crawl depth 1
2017-09-16 16:44:47,081 - [webpage_manager.py:69] - INFO - url http://xinwen.eastday.com/a/xjump.html?id=n170916085359240 is depth 2 great crawl depth 1
2017-09-16 16:44:47,081 - [webpage_manager.py:69] - INFO - url http://news.baidu.com/n?cmd=6&loc=0&name=%B8%DB%B0%C4%CC%A8&locname=%B8%DB%B0%C4%CC%A8 is depth 2 great crawl depth 1
2017-09-16 16:44:47,081 - [webpage_manager.py:69] - INFO - url https://www.baidu.com/s?wd=%E5%8C%97%E4%BA%ACS1%E7%BA%BF%E7%A3%81%E6%B5%AE%E5%88%97%E8%BD%A6%E4%B8%8B%E5%91%A8%E8%AF%95%E8%BF%90%E8%A1%8C%20%E9%A2%84%E8%AE%A1%E5%B9%B4%E5%BA%95%E5%BC%80%E9%80%9A%E8%AF%95%E8%BF%90%E8%90%A5 is depth 2 great crawl depth 1
2017-09-16 16:44:47,081 - [webpage_manager.py:69] - INFO - url http://news.baidu.com/history.html is depth 2 great crawl depth 1
2017-09-16 16:44:47,082 - [webpage_manager.py:69] - INFO - url https://itunes.apple.com/cn/app/id482820737 is depth 2 great crawl depth 1
2017-09-16 16:44:47,082 - [webpage_manager.py:69] - INFO - url https://baijia.baidu.com/s?id=1578374273180822002 is depth 2 great crawl depth 1
2017-09-16 16:44:47,082 - [webpage_manager.py:69] - INFO - url https://baijia.baidu.com/s?id=1578652976924681727 is depth 2 great crawl depth 1
2017-09-16 16:44:47,083 - [webpage_manager.py:69] - INFO - url https://baijia.baidu.com/s?id=1578653355907666885 is depth 2 great crawl depth 1
2017-09-16 16:44:47,083 - [webpage_manager.py:69] - INFO - url http://news.baidu.com/ is depth 2 great crawl depth 1
2017-09-16 16:44:47,083 - [webpage_manager.py:69] - INFO - url http://news.youth.cn/tbxw/201709/t20170915_10721201.htm is depth 2 great crawl depth 1
2017-09-16 16:44:47,083 - [webpage_manager.py:69] - INFO - url http://downpack.baidu.com/baidunews_AndroidPhone_1014720b.apk is depth 2 great crawl depth 1
2017-09-16 16:44:47,084 - [webpage_manager.py:69] - INFO - url http://news.china.com/domestic/945/20170916/31425885.html is depth 2 great crawl depth 1
2017-09-16 16:44:47,084 - [webpage_manager.py:69] - INFO - url https://baijia.baidu.com/s?id=1578373838877672334 is depth 2 great crawl depth 1
2017-09-16 16:44:47,084 - [webpage_manager.py:69] - INFO - url http://news.china.com/domestic/945/20170916/31426302.html is depth 2 great crawl depth 1
2017-09-16 16:44:47,084 - [webpage_manager.py:69] - INFO - url https://zhidao.baidu.com/ is depth 2 great crawl depth 1
2017-09-16 16:44:47,085 - [webpage_manager.py:69] - INFO - url http://china.huanqiu.com/article/2017-09/11253449.html?from=bdwz is depth 2 great crawl depth 1
2017-09-16 16:44:47,085 - [webpage_manager.py:69] - INFO - url https://baijia.baidu.com/s?id=1578410468853518882 is depth 2 great crawl depth 1
2017-09-16 16:44:47,085 - [webpage_manager.py:69] - INFO - url https://baijia.baidu.com/ is depth 2 great crawl depth 1
2017-09-16 16:44:47,085 - [webpage_manager.py:69] - INFO - url https://www.baidu.com/s?wd=%E8%8C%83%E5%86%B0%E5%86%B036%E5%B2%81%E7%94%9F%E6%97%A5%E8%BF%99%E5%A4%A9%20%E6%9D%8E%E6%99%A8%E6%B1%82%E5%A9%9A%E6%88%90%E5%8A%9F%E4%BA%86 is depth 2 great crawl depth 1
2017-09-16 16:44:47,086 - [webpage_manager.py:69] - INFO - url https://baijia.baidu.com/u?app_id=1536766474050767 is depth 2 great crawl depth 1
2017-09-16 16:44:47,086 - [webpage_manager.py:69] - INFO - url http://news.baidu.com/tech is depth 2 great crawl depth 1
2017-09-16 16:44:47,086 - [webpage_manager.py:69] - INFO - url http://news.baidu.com/newscode.html is depth 2 great crawl depth 1
2017-09-16 16:44:47,086 - [webpage_manager.py:69] - INFO - url http://www.kankanews.com/a/2017-09-16/0018155013.shtml is depth 2 great crawl depth 1
2017-09-16 16:44:47,087 - [webpage_manager.py:69] - INFO - url https://baijia.baidu.com/s?id=1578593165078946033&wfr=pc&fr=idx_lst is depth 2 great crawl depth 1
2017-09-16 16:44:47,087 - [webpage_manager.py:69] - INFO - url http://xinwen.eastday.com/a/xjump.html?id=n170916094556028 is depth 2 great crawl depth 1
2017-09-16 16:44:47,087 - [webpage_manager.py:69] - INFO - url https://baijia.baidu.com/u?app_id=1536766541482661 is depth 2 great crawl depth 1
2017-09-16 16:44:47,087 - [webpage_manager.py:69] - INFO - url http://world.huanqiu.com/article/2017-09/11253365.html?from=bdwz is depth 2 great crawl depth 1
2017-09-16 16:44:47,088 - [webpage_manager.py:69] - INFO - url https://www.baidu.com/s?wd=%E7%94%B7%E5%AD%90%E8%87%AA%E9%A9%BE108%E5%A4%A9%E9%80%81%E5%A5%B3%E5%84%BF%E4%B8%8A%E5%A4%A7%E5%AD%A6%20%E7%A9%BF%E8%B6%8A26%E5%9B%BD%E8%A1%8C%E7%A8%8B3%E4%B8%87%E5%85%AC%E9%87%8C is depth 2 great crawl depth 1
2017-09-16 16:44:47,088 - [webpage_manager.py:69] - INFO - url https://baijia.baidu.com/u?app_id=1536766549127199 is depth 2 great crawl depth 1
2017-09-16 16:44:47,088 - [webpage_manager.py:69] - INFO - url http://news.baidu.com/advanced_news.html is depth 2 great crawl depth 1
2017-09-16 16:44:47,088 - [webpage_manager.py:69] - INFO - url https://baijia.baidu.com/s?id=1578593165078946033 is depth 2 great crawl depth 1
2017-09-16 16:44:47,088 - [webpage_manager.py:69] - INFO - url http://news.baidu.com/guoji is depth 2 great crawl depth 1
2017-09-16 16:44:47,089 - [webpage_manager.py:69] - INFO - url http://news.baidu.com/auto is depth 2 great crawl depth 1
2017-09-16 16:44:47,089 - [webpage_manager.py:69] - INFO - url http://xinwen.eastday.com/a/xjump.html?id=n170916070727357 is depth 2 great crawl depth 1
2017-09-16 16:44:47,089 - [webpage_manager.py:69] - INFO - url https://baijia.baidu.com/u?app_id=1536772658226902 is depth 2 great crawl depth 1
2017-09-16 16:44:47,089 - [webpage_manager.py:69] - INFO - url http://news.baidu.com/licence.html is depth 2 great crawl depth 1
2017-09-16 16:44:47,090 - [webpage_manager.py:69] - INFO - url https://baijia.baidu.com/s?id=1578657807931787886 is depth 2 great crawl depth 1
2017-09-16 16:44:47,090 - [webpage_manager.py:69] - INFO - url https://www.baidu.com/s?wd=2017%E5%B9%B4%E7%BD%91%E7%BB%9C%E5%AE%89%E5%85%A8%E5%AE%A3%E4%BC%A0%E5%91%A8 is depth 2 great crawl depth 1
2017-09-16 16:44:47,091 - [webpage_manager.py:69] - INFO - url https://baijia.baidu.com/u?app_id=1542908067534756 is depth 2 great crawl depth 1
2017-09-16 16:44:47,091 - [webpage_manager.py:69] - INFO - url http://xinwen.eastday.com/a/xjump.html?id=n170916125841109 is depth 2 great crawl depth 1
2017-09-16 16:44:47,092 - [webpage_manager.py:69] - INFO - url http://news.baidu.com/n?cmd=6&loc=0&name=%B1%B1%BE%A9 is depth 2 great crawl depth 1
2017-09-16 16:44:47,092 - [webpage_manager.py:69] - INFO - url https://baijia.baidu.com/s?id=1578617968046174105 is depth 2 great crawl depth 1
2017-09-16 16:44:47,092 - [webpage_manager.py:69] - INFO - url https://www.baidu.com/s?wd=%E5%AE%98%E6%96%B9%E5%85%AC%E5%B8%83140%E9%A1%B9%E8%81%8C%E4%B8%9A%E8%B5%84%E6%A0%BC%20%E4%BD%A0%E8%80%83%E7%9A%84%E8%AF%81%E5%9C%A8%E7%9B%AE%E5%BD%95%E9%87%8C%E5%90%97 is depth 2 great crawl depth 1
2017-09-16 16:44:47,093 - [webpage_manager.py:69] - INFO - url http://news.baidu.com/view.html is depth 2 great crawl depth 1
2017-09-16 16:44:47,093 - [webpage_manager.py:69] - INFO - url http://xinwen.eastday.com/a/xjump.html?id=n170916002912607 is depth 2 great crawl depth 1
2017-09-16 16:44:47,093 - [webpage_manager.py:69] - INFO - url http://news.baidu.com/society is depth 2 great crawl depth 1
2017-09-16 16:44:47,094 - [webpage_manager.py:69] - INFO - url https://baijia.baidu.com/s?id=1578574027343504863&wfr=pc&fr=idx_lst is depth 2 great crawl depth 1
2017-09-16 16:44:47,094 - [webpage_manager.py:69] - INFO - url https://baijia.baidu.com/s?id=1578569789051062601&wfr=pc&fr=idx_lst is depth 2 great crawl depth 1
2017-09-16 16:44:47,095 - [webpage_manager.py:69] - INFO - url https://baijia.baidu.com/s?id=1578608841763998356 is depth 2 great crawl depth 1
2017-09-16 16:44:47,095 - [webpage_manager.py:69] - INFO - url http://news.baidu.com/guonei is depth 2 great crawl depth 1
2017-09-16 16:44:47,095 - [webpage_manager.py:69] - INFO - url https://baijia.baidu.com/s?id=1578607976201766738 is depth 2 great crawl depth 1
2017-09-16 16:44:47,096 - [webpage_manager.py:69] - INFO - url http://news.ifeng.com/a/20170916/52017417_0.shtml?_zbs_baidu_news is depth 2 great crawl depth 1
2017-09-16 16:44:47,096 - [webpage_manager.py:69] - INFO - url http://news.cctv.com/2017/09/15/ARTIrjSD08QwGpHiuiyZ3fi1170915.shtml is depth 2 great crawl depth 1
2017-09-16 16:44:47,096 - [webpage_manager.py:69] - INFO - url https://baijia.baidu.com/s?id=1578208807638478293 is depth 2 great crawl depth 1
2017-09-16 16:44:47,096 - [webpage_manager.py:69] - INFO - url http://xinwen.eastday.com/a/xjump.html?id=n170916064853682 is depth 2 great crawl depth 1
2017-09-16 16:44:47,096 - [webpage_manager.py:69] - INFO - url http://news.baidu.com/pianhao.html is depth 2 great crawl depth 1
2017-09-16 16:44:47,097 - [webpage_manager.py:69] - INFO - url http://news.baidu.com/sports is depth 2 great crawl depth 1
2017-09-16 16:44:47,097 - [webpage_manager.py:69] - INFO - url http://media.baidu.com is depth 2 great crawl depth 1
2017-09-16 16:44:47,097 - [webpage_manager.py:69] - INFO - url http://news.cctv.com/2017/09/15/ARTIGW5BWHGIZshMNqFSfXKN170915.shtml is depth 2 great crawl depth 1
2017-09-16 16:44:47,098 - [webpage_manager.py:69] - INFO - url http://news.baidu.com/n?bypass=lamp&m=pagesother&v=newsgx is depth 2 great crawl depth 1
2017-09-16 16:44:47,098 - [webpage_manager.py:69] - INFO - url http://world.huanqiu.com/article/2017-09/11253447.html?from=bdwz is depth 2 great crawl depth 1
2017-09-16 16:44:47,098 - [webpage_manager.py:69] - INFO - url http://jian.news.baidu.com/ is depth 2 great crawl depth 1
2017-09-16 16:44:47,098 - [webpage_manager.py:69] - INFO - url http://news.xinhuanet.com/politics/2017-09/15/c_1121670512.htm is depth 2 great crawl depth 1
2017-09-16 16:44:47,099 - [webpage_manager.py:69] - INFO - url http://d.news.ifeng.com/pc/special/55220/index.shtml?_zbs_baidu_news is depth 2 great crawl depth 1
2017-09-16 16:44:47,099 - [webpage_manager.py:69] - INFO - url https://baijia.baidu.com/u?app_id=1536767911508436 is depth 2 great crawl depth 1
2017-09-16 16:44:47,099 - [webpage_manager.py:69] - INFO - url http://news.baidu.com/finance is depth 2 great crawl depth 1
2017-09-16 16:44:47,099 - [webpage_manager.py:69] - INFO - url https://baijia.baidu.com/s?id=1578558686663240107&wfr=pc&fr=idx_lst is depth 2 great crawl depth 1
2017-09-16 16:44:47,100 - [webpage_manager.py:69] - INFO - url http://www.bjjubao.org/ is depth 2 great crawl depth 1
2017-09-16 16:44:47,100 - [webpage_manager.py:69] - INFO - url http://china.huanqiu.com/livelihood/2017-09/11253484.html?from=bdwz is depth 2 great crawl depth 1
2017-09-16 16:44:47,100 - [webpage_manager.py:69] - INFO - url https://baijia.baidu.com/s?id=1578609288168293606 is depth 2 great crawl depth 1
2017-09-16 16:44:47,100 - [webpage_manager.py:69] - INFO - url https://baijia.baidu.com/channel?cat=5 is depth 2 great crawl depth 1
2017-09-16 16:44:47,101 - [webpage_manager.py:69] - INFO - url https://baijia.baidu.com/channel?cat=4 is depth 2 great crawl depth 1
2017-09-16 16:44:47,101 - [webpage_manager.py:69] - INFO - url https://baijia.baidu.com/channel?cat=3 is depth 2 great crawl depth 1
2017-09-16 16:44:47,101 - [webpage_manager.py:69] - INFO - url http://news.china.com/focus/taiwan/11165943/20170916/31424622.html is depth 2 great crawl depth 1
2017-09-16 16:44:47,101 - [webpage_manager.py:69] - INFO - url http://news.baidu.com/game is depth 2 great crawl depth 1
2017-09-16 16:44:47,101 - [webpage_manager.py:69] - INFO - url http://news.baidu.com/ent is depth 2 great crawl depth 1
2017-09-16 16:44:47,102 - [webpage_manager.py:69] - INFO - url https://baijia.baidu.com/u?app_id=1536766231434959 is depth 2 great crawl depth 1
2017-09-16 16:44:47,102 - [webpage_manager.py:69] - INFO - url http://news.china.com/socialgd/10000169/20170916/31424518.html is depth 2 great crawl depth 1
2017-09-16 16:44:47,102 - [webpage_manager.py:69] - INFO - url http://news.baidu.com/lady is depth 2 great crawl depth 1
2017-09-16 16:44:47,102 - [webpage_manager.py:69] - INFO - url http://news.baidu.com/internet is depth 2 great crawl depth 1
2017-09-16 16:44:47,103 - [webpage_manager.py:69] - INFO - url https://www.baidu.com/s?wd=%E4%B9%A0%E8%BF%91%E5%B9%B3%E5%90%91%E7%AC%AC%E4%BA%8C%E5%B1%8A%E4%B8%AD%E5%9B%BD%E8%B4%A8%E9%87%8F%E5%A4%A7%E4%BC%9A%E8%87%B4%E8%B4%BA%E4%BF%A1 is depth 2 great crawl depth 1
2017-09-16 16:44:47,103 - [webpage_manager.py:69] - INFO - url http://www.baidu.com/search/news_help.html is depth 2 great crawl depth 1
2017-09-16 16:44:47,104 - [webpage_manager.py:69] - INFO - url https://www.baidu.com/s?wd=%E5%8D%9A%E5%A3%AB%E5%9B%9E%E5%9B%BD%E7%9C%8B%E7%89%99%E6%83%8A%E5%8F%B9%EF%BC%8C%E4%B8%AD%E5%9B%BD%E7%89%99%E5%8C%BB%E8%B6%85%E6%A3%92%2C%E5%8C%BB%E6%9C%AF%E9%AB%98%E6%9C%8D%E5%8A%A1%E5%A5%BD is depth 2 great crawl depth 1
2017-09-16 16:44:47,105 - [webpage_manager.py:69] - INFO - url http://news.ifeng.com/a/20170916/52017175_0.shtml?_zbs_baidu_news is depth 2 great crawl depth 1
2017-09-16 16:44:47,106 - [webpage_manager.py:69] - INFO - url http://news.china.com/international/1000/20170916/31424920.html is depth 2 great crawl depth 1
2017-09-16 16:44:47,107 - [webpage_manager.py:69] - INFO - url http://xinwen.eastday.com/a/xjump.html?id=n170916074400735 is depth 2 great crawl depth 1
2017-09-16 16:44:47,219 - [connectionpool.py:395] - DEBUG - http://help.baidu.com:80 "GET / HTTP/1.1" 200 None
2017-09-16 16:44:47,262 - [connectionpool.py:395] - DEBUG - http://www.hao123.com:80 "GET / HTTP/1.1" 200 None
2017-09-16 16:44:47,317 - [webpage_crawler.py:104] - INFO - url:http://v.baidu.com,level:1
2017-09-16 16:44:47,380 - [connectionpool.py:395] - DEBUG - https://tieba.baidu.com:443 "GET /index.html HTTP/1.1" 200 None
2017-09-16 16:44:47,408 - [webpage_manager.py:69] - INFO - url http://jianyi.baidu.com/question?prod_id=117 is depth 2 great crawl depth 1
2017-09-16 16:44:47,411 - [connectionpool.py:207] - DEBUG - Starting new HTTP connection (1): v.baidu.com
2017-09-16 16:44:47,411 - [webpage_manager.py:69] - INFO - url http://www.12377.cn/ is depth 2 great crawl depth 1
2017-09-16 16:44:47,412 - [webpage_manager.py:69] - INFO - url http://jianyi.baidu.com/question?prod_id=113 is depth 2 great crawl depth 1
2017-09-16 16:44:47,413 - [webpage_manager.py:69] - INFO - url http://e.baidu.com/ is depth 2 great crawl depth 1
2017-09-16 16:44:47,415 - [webpage_manager.py:69] - INFO - url http://jianyi.baidu.com/question?prod_id=98 is depth 2 great crawl depth 1
2017-09-16 16:44:47,416 - [webpage_manager.py:69] - INFO - url http://jianyi.baidu.com/question?prod_id=131 is depth 2 great crawl depth 1
2017-09-16 16:44:47,417 - [webpage_manager.py:69] - INFO - url http://jianyi.baidu.com/question?prod_id=69 is depth 2 great crawl depth 1
2017-09-16 16:44:47,417 - [webpage_manager.py:69] - INFO - url http://jubao.baidu.com/jubao/ is depth 2 great crawl depth 1
2017-09-16 16:44:47,417 - [webpage_manager.py:69] - INFO - url http://jianyi.baidu.com/question?prod_id=41 is depth 2 great crawl depth 1
2017-09-16 16:44:47,418 - [webpage_manager.py:69] - INFO - url http://jianyi.baidu.com/question?prod_id=40 is depth 2 great crawl depth 1
2017-09-16 16:44:47,418 - [webpage_manager.py:69] - INFO - url http://jianyi.baidu.com/question?prod_id=102 is depth 2 great crawl depth 1
2017-09-16 16:44:47,418 - [webpage_manager.py:69] - INFO - url http://jianyi.baidu.com/question?prod_id=12 is depth 2 great crawl depth 1
2017-09-16 16:44:47,419 - [webpage_manager.py:69] - INFO - url http://jianyi.baidu.com/question?prod_id=13 is depth 2 great crawl depth 1
2017-09-16 16:44:47,419 - [webpage_manager.py:69] - INFO - url http://jianyi.baidu.com/question?prod_id=10 is depth 2 great crawl depth 1
2017-09-16 16:44:47,419 - [webpage_manager.py:69] - INFO - url http://jianyi.baidu.com/question?prod_id=16 is depth 2 great crawl depth 1
2017-09-16 16:44:47,419 - [webpage_manager.py:69] - INFO - url http://jianyi.baidu.com/question?prod_id=17 is depth 2 great crawl depth 1
2017-09-16 16:44:47,420 - [webpage_manager.py:69] - INFO - url http://help.baidu.com is depth 2 great crawl depth 1
2017-09-16 16:44:47,420 - [webpage_manager.py:69] - INFO - url http://jianyi.baidu.com/question?prod_id=15 is depth 2 great crawl depth 1
2017-09-16 16:44:47,420 - [webpage_manager.py:69] - INFO - url http://jianyi.baidu.com/question?prod_id=31 is depth 2 great crawl depth 1
2017-09-16 16:44:47,423 - [webpage_manager.py:69] - INFO - url http://jianyi.baidu.com/question?prod_id=18 is depth 2 great crawl depth 1
2017-09-16 16:44:47,423 - [webpage_manager.py:69] - INFO - url http://jianyi.baidu.com/question?prod_id=100 is depth 2 great crawl depth 1
2017-09-16 16:44:47,424 - [webpage_manager.py:69] - INFO - url https://passport.baidu.com/?getpassappeal&code is depth 2 great crawl depth 1
2017-09-16 16:44:47,424 - [webpage_manager.py:69] - INFO - url http://jianyi.baidu.com/question?prod_id=176 is depth 2 great crawl depth 1
2017-09-16 16:44:47,427 - [webpage_manager.py:69] - INFO - url http://jianyi.baidu.com/question?prod_id=159 is depth 2 great crawl depth 1
2017-09-16 16:44:47,428 - [webpage_manager.py:69] - INFO - url http://jianyi.baidu.com/zhifu is depth 2 great crawl depth 1
2017-09-16 16:44:47,429 - [webpage_manager.py:69] - INFO - url http://jianyi.baidu.com/question?prod_id=170 is depth 2 great crawl depth 1
2017-09-16 16:44:47,429 - [webpage_manager.py:69] - INFO - url http://jianyi.baidu.com/question?prod_id=171 is depth 2 great crawl depth 1
2017-09-16 16:44:47,430 - [webpage_manager.py:69] - INFO - url http://jianyi.baidu.com/question?prod_id=150 is depth 2 great crawl depth 1
2017-09-16 16:44:47,431 - [webpage_manager.py:69] - INFO - url http://www.bj.cyberpolice.cn/index.jsp is depth 2 great crawl depth 1
2017-09-16 16:44:47,432 - [webpage_manager.py:69] - INFO - url http://jianyi.baidu.com/question?prod_id=99 is depth 2 great crawl depth 1
2017-09-16 16:44:47,432 - [webpage_manager.py:69] - INFO - url http://jianyi.baidu.com#6 is depth 2 great crawl depth 1
2017-09-16 16:44:47,433 - [webpage_manager.py:69] - INFO - url http://jianyi.baidu.com#7 is depth 2 great crawl depth 1
2017-09-16 16:44:47,433 - [webpage_manager.py:69] - INFO - url http://jianyi.baidu.com#4 is depth 2 great crawl depth 1
2017-09-16 16:44:47,434 - [webpage_manager.py:69] - INFO - url http://jianyi.baidu.com#5 is depth 2 great crawl depth 1
2017-09-16 16:44:47,434 - [webpage_manager.py:69] - INFO - url http://jianyi.baidu.com#2 is depth 2 great crawl depth 1
2017-09-16 16:44:47,435 - [webpage_manager.py:69] - INFO - url http://jianyi.baidu.com#3 is depth 2 great crawl depth 1
2017-09-16 16:44:47,435 - [webpage_manager.py:69] - INFO - url http://jianyi.baidu.com/index is depth 2 great crawl depth 1
2017-09-16 16:44:47,436 - [webpage_manager.py:69] - INFO - url http://jianyi.baidu.com#1 is depth 2 great crawl depth 1
2017-09-16 16:44:47,436 - [webpage_manager.py:69] - INFO - url http://jianyi.baidu.com/question?prod_id=92 is depth 2 great crawl depth 1
2017-09-16 16:44:47,437 - [webpage_manager.py:69] - INFO - url http://jianyi.baidu.com/question?prod_id=120 is depth 2 great crawl depth 1
2017-09-16 16:44:47,437 - [webpage_manager.py:69] - INFO - url http://jianyi.baidu.com/question?prod_id=95 is depth 2 great crawl depth 1
2017-09-16 16:44:47,438 - [webpage_manager.py:69] - INFO - url https://passport.baidu.com/center?_t=1437375292 is depth 2 great crawl depth 1
2017-09-16 16:44:47,438 - [webpage_manager.py:69] - INFO - url https://passport.baidu.com/v2/account/password is depth 2 great crawl depth 1
2017-09-16 16:44:47,439 - [webpage_manager.py:69] - INFO - url http://jianyi.baidu.com/question?prod_id=64 is depth 2 great crawl depth 1
2017-09-16 16:44:47,439 - [webpage_manager.py:69] - INFO - url https://passport.baidu.com/v2/?reg&tpl=service_feedback&u= is depth 2 great crawl depth 1
2017-09-16 16:44:47,440 - [webpage_manager.py:69] - INFO - url http://jianyi.baidu.com/question?prod_id=58 is depth 2 great crawl depth 1
2017-09-16 16:44:47,440 - [webpage_manager.py:69] - INFO - url http://jianyi.baidu.com/question?prod_id=59 is depth 2 great crawl depth 1
2017-09-16 16:44:47,440 - [webpage_manager.py:69] - INFO - url http://jianyi.baidu.com/question?prod_id=200 is depth 2 great crawl depth 1
2017-09-16 16:44:47,441 - [webpage_manager.py:69] - INFO - url https://aikefu.baidu.com/?product=qianbao006 is depth 2 great crawl depth 1
2017-09-16 16:44:47,441 - [webpage_manager.py:69] - INFO - url http://jianyi.baidu.com/question?prod_id=66 is depth 2 great crawl depth 1
2017-09-16 16:44:47,442 - [webpage_manager.py:69] - INFO - url http://jianyi.baidu.com/question?prod_id=29 is depth 2 great crawl depth 1
2017-09-16 16:44:47,443 - [webpage_manager.py:69] - INFO - url http://jianyi.baidu.com/question?prod_id=28 is depth 2 great crawl depth 1
2017-09-16 16:44:47,446 - [webpage_manager.py:69] - INFO - url http://jianyi.baidu.com/question?prod_id=62 is depth 2 great crawl depth 1
2017-09-16 16:44:47,549 - [webpage_manager.py:69] - INFO - url http://jianyi.baidu.com/question?prod_id=61 is depth 2 great crawl depth 1
2017-09-16 16:44:47,549 - [webpage_crawler.py:104] - INFO - url:http://www.baidu.com/duty/,level:1
2017-09-16 16:44:47,572 - [webpage_manager.py:69] - INFO - url http://jianyi.baidu.com/question?prod_id=60 is depth 2 great crawl depth 1
2017-09-16 16:44:47,588 - [webpage_manager.py:69] - INFO - url http://jianyi.baidu.com/question?prod_id=23 is depth 2 great crawl depth 1
2017-09-16 16:44:47,635 - [webpage_crawler.py:104] - INFO - url:http://www.baidu.com/bdorz/login.gif?login&tpl=mn&u=http%3A%2F%2Fwww.baidu.com%2f%3fbdorz_come%3d1,level:1
2017-09-16 16:44:47,639 - [webpage_manager.py:69] - INFO - url http://jianyi.baidu.com/question?prod_id=147 is depth 2 great crawl depth 1
2017-09-16 16:44:47,648 - [webpage_manager.py:69] - INFO - url http://jianyi.baidu.com/question?prod_id=27 is depth 2 great crawl depth 1
2017-09-16 16:44:47,649 - [connectionpool.py:207] - DEBUG - Starting new HTTP connection (1): www.baidu.com
2017-09-16 16:44:47,652 - [webpage_manager.py:69] - INFO - url http://jianyi.baidu.com/question?prod_id=26 is depth 2 great crawl depth 1
2017-09-16 16:44:47,654 - [connectionpool.py:207] - DEBUG - Starting new HTTP connection (1): www.baidu.com
2017-09-16 16:44:47,659 - [webpage_manager.py:69] - INFO - url http://jianyi.baidu.com/question?prod_id=25 is depth 2 great crawl depth 1
2017-09-16 16:44:47,662 - [webpage_manager.py:69] - INFO - url http://jianyi.baidu.com/question?prod_id=24 is depth 2 great crawl depth 1
2017-09-16 16:44:47,663 - [webpage_manager.py:69] - INFO - url http://jianyi.baidu.com/question?prod_id=8 is depth 2 great crawl depth 1
2017-09-16 16:44:47,670 - [webpage_manager.py:69] - INFO - url http://jianyi.baidu.com/question?prod_id=9 is depth 2 great crawl depth 1
2017-09-16 16:44:47,674 - [webpage_manager.py:69] - INFO - url http://youxi.baidu.com/cs/cs_home.xhtml is depth 2 great crawl depth 1
2017-09-16 16:44:47,675 - [webpage_manager.py:69] - INFO - url http://jianyi.baidu.com/question?prod_id=167 is depth 2 great crawl depth 1
2017-09-16 16:44:47,675 - [webpage_manager.py:69] - INFO - url http://jianyi.baidu.com/question?prod_id=103 is depth 2 great crawl depth 1
2017-09-16 16:44:47,676 - [webpage_manager.py:69] - INFO - url http://jianyi.baidu.com/question?prod_id=1 is depth 2 great crawl depth 1
2017-09-16 16:44:47,678 - [webpage_manager.py:69] - INFO - url http://jianyi.baidu.com/question?prod_id=2 is depth 2 great crawl depth 1
2017-09-16 16:44:47,679 - [webpage_manager.py:69] - INFO - url http://jianyi.baidu.com/question?prod_id=3 is depth 2 great crawl depth 1
2017-09-16 16:44:47,692 - [webpage_manager.py:69] - INFO - url http://jianyi.baidu.com/question?prod_id=4 is depth 2 great crawl depth 1
2017-09-16 16:44:47,696 - [webpage_manager.py:69] - INFO - url http://jianyi.baidu.com/question?prod_id=5 is depth 2 great crawl depth 1
2017-09-16 16:44:47,697 - [connectionpool.py:395] - DEBUG - http://ir.baidu.com:80 "GET / HTTP/1.1" 302 749
2017-09-16 16:44:47,703 - [webpage_manager.py:69] - INFO - url http://jianyi.baidu.com/question?prod_id=6 is depth 2 great crawl depth 1
2017-09-16 16:44:47,712 - [webpage_manager.py:69] - INFO - url http://jianyi.baidu.com/question?prod_id=7 is depth 2 great crawl depth 1
2017-09-16 16:44:47,797 - [webpage_manager.py:69] - INFO - url http://tieba.baidu.com/home/main?un=%E8%B4%B4%E5%90%A7%E6%89%8B%E6%B8%B8%E5%85%88%E9%94%8B&fr=index is depth 2 great crawl depth 1
2017-09-16 16:44:47,798 - [webpage_manager.py:69] - INFO - url http://tieba.baidu.com/home/main?un=Oo张霖枫oO is depth 2 great crawl depth 1
2017-09-16 16:44:47,799 - [webpage_manager.py:69] - INFO - url http://tieba.baidu.com/f/index/forumpark?cn=韩国电视剧&ci=0&pcn=电视剧&pci=0&ct=1&rn=20&pn=1 is depth 2 great crawl depth 1
2017-09-16 16:44:47,801 - [webpage_manager.py:69] - INFO - url http://tieba.baidu.com/f?kw=%E6%89%8B%E6%B8%B8%E5%85%88%E9%94%8B  is depth 2 great crawl depth 1
2017-09-16 16:44:47,804 - [webpage_manager.py:69] - INFO - url http://tieba.baidu.com/f/index/forumpark?cn=萝莉&ci=6&pcn=闲·趣&pci=429&ct=0&rn=20&pn=1 is depth 2 great crawl depth 1
2017-09-16 16:44:47,821 - [webpage_manager.py:69] - INFO - url http://tieba.baidu.com/f/index/forumpark?cn=历史&ci=121&pcn=小说&pci=161&ct=0&rn=20&pn=1 is depth 2 great crawl depth 1
2017-09-16 16:44:47,823 - [webpage_manager.py:69] - INFO - url http://tieba.baidu.com/home/main?un=%E7%8C%AB%E7%8C%AB%E5%B0%8F%E6%96%8C&fr=index is depth 2 great crawl depth 1
2017-09-16 16:44:47,827 - [connectionpool.py:395] - DEBUG - http://ir.baidu.com:80 "GET /phoenix.zhtml?c=188488&p=irol-irhome HTTP/1.1" 200 4210
2017-09-16 16:44:47,829 - [webpage_manager.py:69] - INFO - url http://tieba.baidu.com/f/index/forumpark?cn=欧美明星&ci=0&pcn=娱乐明星&pci=0&ct=1&rn=20&pn=1 is depth 2 great crawl depth 1
2017-09-16 16:44:47,836 - [webpage_manager.py:69] - INFO - url http://tieba.baidu.com/f/index/forumpark?cn=爆料&ci=42&pcn=闲·趣&pci=429&ct=0&rn=20&pn=1 is depth 2 great crawl depth 1
2017-09-16 16:44:47,839 - [webpage_manager.py:69] - INFO - url http://tieba.baidu.com/p/5310630583 is depth 2 great crawl depth 1
2017-09-16 16:44:47,840 - [webpage_manager.py:69] - INFO - url http://tieba.baidu.com/f?kw=%E5%8D%A1%E8%8E%B2.%E4%BC%91%E5%A6%B2%E8%8F%B2%E5%B0%94%E7%89%B9 is depth 2 great crawl depth 1
2017-09-16 16:44:47,841 - [webpage_manager.py:69] - INFO - url http://tieba.baidu.com/home/main?un=帝都T渣的擦肩 is depth 2 great crawl depth 1
2017-09-16 16:44:47,842 - [webpage_manager.py:69] - INFO - url http://tieba.baidu.com/home/main?un=%E5%B1%A0%E5%A4%ABLIL&fr=index is depth 2 great crawl depth 1
2017-09-16 16:44:47,866 - [connectionpool.py:395] - DEBUG - http://www.baidu.com:80 "GET /bdorz/login.gif?login&tpl=mn&u=http%3A%2F%2Fwww.baidu.com%2f%3fbdorz_come%3d1 HTTP/1.1" 302 161
2017-09-16 16:44:47,889 - [webpage_manager.py:69] - INFO - url http://phx.corporate-ir.net/External.File?item=UGFyZW50SUQ9Mjk2NTA5fENoaWxkSUQ9LTF8VHlwZT0z&t=1&cb=635736391718504506 is depth 2 great crawl depth 1
2017-09-16 16:44:47,912 - [connectionpool.py:395] - DEBUG - http://www.baidu.com:80 "GET /duty/ HTTP/1.1" 200 2451
2017-09-16 16:44:47,945 - [webpage_manager.py:69] - INFO - url http://tieba.baidu.com/home/main?un=cloudsayu is depth 2 great crawl depth 1
2017-09-16 16:44:47,956 - [webpage_manager.py:69] - INFO - url http://ir.baidu.comphoenix.zhtml?c=188488&p=irol-sec is depth 2 great crawl depth 1
2017-09-16 16:44:48,058 - [webpage_manager.py:69] - INFO - url http://tieba.baidu.com/f/index/forumpark?pcn=游戏&pci=0&ct=1&rn=20&pn=1 is depth 2 great crawl depth 1
2017-09-16 16:44:48,062 - [webpage_manager.py:69] - INFO - url http://services.corporate-ir.net/SEC/Document.Service?id=P3VybD1hSFIwY0RvdkwyRndhUzUwWlc1cmQybDZZWEprTG1OdmJTOWtiM2R1Ykc5aFpDNXdhSEEvWVdOMGFXOXVQVmhNVXlacGNHRm5aVDB4TVRjeE5UY3dOQ1p6ZFdKemFXUTlOVGM9JnR5cGU9MSZmbj1CYWlkdV82S18yMDE3MDcyOC54bHM= is depth 2 great crawl depth 1
2017-09-16 16:44:48,098 - [webpage_manager.py:69] - INFO - url http://v.hao123.baidu.com/dianying_index/order-hot_pn-1_channel-movie is depth 2 great crawl depth 1
2017-09-16 16:44:48,098 - [webpage_manager.py:69] - INFO - url http://tieba.baidu.com/p/5024282186 is depth 2 great crawl depth 1
2017-09-16 16:44:48,110 - [webpage_manager.py:69] - INFO - url http://ir.baidu.comphoenix.zhtml?c=188488&p=irol-milestones is depth 2 great crawl depth 1
2017-09-16 16:44:48,114 - [webpage_manager.py:69] - INFO - url http://www.baidu.combaozhang.html is depth 2 great crawl depth 1
2017-09-16 16:44:48,115 - [webpage_manager.py:69] - INFO - url https://www.baidu.com/s?word=17%E6%B8%B8%E6%88%8F%E5%A4%A7%E5%85%A8&tn=50000016_hao_pg&ie=utf-8 is depth 2 great crawl depth 1
2017-09-16 16:44:48,115 - [webpage_crawler.py:104] - INFO - url:http://www.baidu.com/more/,level:1
2017-09-16 16:44:48,115 - [connectionpool.py:818] - DEBUG - Starting new HTTPS connection (1): passport.baidu.com
2017-09-16 16:44:48,116 - [webpage_manager.py:69] - INFO - url http://services.corporate-ir.net/SEC/Document.Service?id=P3VybD1hSFIwY0RvdkwyRndhUzUwWlc1cmQybDZZWEprTG1OdmJTOWtiM2R1Ykc5aFpDNXdhSEEvWVdOMGFXOXVQVmhNVXlacGNHRm5aVDB4TVRjM01EazNPU1p6ZFdKemFXUTlOVGM9JnR5cGU9MSZmbj1CYWlkdV82S18yMDE3MDgyOC54bHM= is depth 2 great crawl depth 1
2017-09-16 16:44:48,116 - [webpage_manager.py:69] - INFO - url http://tieba.baidu.com/f/index/forumpark?cn=COS&ci=212&pcn=动漫宅&pci=206&ct=0&rn=20&pn=1 is depth 2 great crawl depth 1
2017-09-16 16:44:48,116 - [webpage_manager.py:69] - INFO - url http://www.baidu.comindex.html is depth 2 great crawl depth 1
2017-09-16 16:44:48,117 - [webpage_manager.py:69] - INFO - url http://www.12306.cn/ is depth 2 great crawl depth 1
2017-09-16 16:44:48,121 - [webpage_manager.py:69] - INFO - url http://ir.baidu.comphoenix.zhtml?c=188488&p=irol-news is depth 2 great crawl depth 1
2017-09-16 16:44:48,121 - [webpage_manager.py:69] - INFO - url http://tieba.baidu.com/hermes/feedback is depth 2 great crawl depth 1
2017-09-16 16:44:48,121 - [webpage_manager.py:69] - INFO - url http://www.baidu.comright.html is depth 2 great crawl depth 1
2017-09-16 16:44:48,122 - [webpage_manager.py:69] - INFO - url http://app.hao123.com/app is depth 2 great crawl depth 1
2017-09-16 16:44:48,122 - [connectionpool.py:207] - DEBUG - Starting new HTTP connection (1): www.baidu.com
2017-09-16 16:44:48,123 - [webpage_manager.py:69] - INFO - url http://ir.baidu.comphoenix.zhtml?c=188488&p=irol-ipp is depth 2 great crawl depth 1
2017-09-16 16:44:48,123 - [webpage_manager.py:69] - INFO - url http://tieba.baidu.com/f?ie=utf-8&kw=%E5%BE%B7%E5%B7%9E%E6%89%91%E5%85%8B&fr=search is depth 2 great crawl depth 1
2017-09-16 16:44:48,123 - [webpage_manager.py:69] - INFO - url http://www.78.cn/?sid=1504 is depth 2 great crawl depth 1
2017-09-16 16:44:48,124 - [webpage_manager.py:69] - INFO - url http://www.baidu.com is depth 2 great crawl depth 1
2017-09-16 16:44:48,124 - [webpage_manager.py:69] - INFO - url http://ir.baidu.comphoenix.zhtml?c=188488&p=irol-irhome is depth 2 great crawl depth 1
2017-09-16 16:44:48,124 - [webpage_manager.py:69] - INFO - url http://tieba.baidu.com/f?kw=%E9%B2%81%E9%B2%81%E4%BF%AE is depth 2 great crawl depth 1
2017-09-16 16:44:48,125 - [webpage_manager.py:69] - INFO - url http://tejia.hao123.com/?tn=mz is depth 2 great crawl depth 1
2017-09-16 16:44:48,125 - [webpage_manager.py:69] - INFO - url http://www.baidu.comcopyright.html is depth 2 great crawl depth 1
2017-09-16 16:44:48,126 - [webpage_manager.py:69] - INFO - url http://phx.corporate-ir.net/External.File?item=UGFyZW50SUQ9MzEwOTA5fENoaWxkSUQ9LTF8VHlwZT0z&t=1&cb=635820253168723078 is depth 2 great crawl depth 1
2017-09-16 16:44:48,127 - [webpage_manager.py:69] - INFO - url http://tieba.baidu.com/f/index/forumpark?cn=河北&ci=0&pcn=地区&pci=0&ct=1&rn=20&pn=1 is depth 2 great crawl depth 1
2017-09-16 16:44:48,128 - [webpage_manager.py:69] - INFO - url https://www.baidu.com/s?word=%E8%B4%A2%E5%AF%8C&tn=50000017_hao_p&ie=utf-8 is depth 2 great crawl depth 1
2017-09-16 16:44:48,128 - [webpage_manager.py:69] - INFO - url http://home.baidu.com/ is depth 2 great crawl depth 1
2017-09-16 16:44:48,128 - [webpage_manager.py:69] - INFO - url http://ir.baidu.comphoenix.zhtml?c=188488&p=irol-contacts is depth 2 great crawl depth 1
2017-09-16 16:44:48,129 - [webpage_manager.py:69] - INFO - url http://tieba.baidu.com/f/index/forumpark?cn=内地电影&ci=0&pcn=电影&pci=0&ct=1&rn=20&pn=1 is depth 2 great crawl depth 1
2017-09-16 16:44:48,129 - [webpage_manager.py:69] - INFO - url http://hot.ynet.com/2017/09/16/481672t1593.html is depth 2 great crawl depth 1
2017-09-16 16:44:48,129 - [webpage_manager.py:69] - INFO - url http://www.baidu.comyinsiquan.html is depth 2 great crawl depth 1
2017-09-16 16:44:48,130 - [webpage_manager.py:69] - INFO - url http://services.corporate-ir.net/SEC/Document.Service?id=P3VybD1hSFIwY0RvdkwyRndhUzUwWlc1cmQybDZZWEprTG1OdmJTOWtiM2R1Ykc5aFpDNXdhSEEvWVdOMGFXOXVQVkJFUmlacGNHRm5aVDB4TVRjM01EazNPU1p6ZFdKemFXUTlOVGM9JnR5cGU9MiZmbj1CYWlkdV82S18yMDE3MDgyOC5wZGY= is depth 2 great crawl depth 1
2017-09-16 16:44:48,130 - [webpage_manager.py:69] - INFO - url http://tieba.baidu.com/f/index/forumpark?cn=健身&ci=284&pcn=体育迷&pci=275&ct=0&rn=20&pn=1 is depth 2 great crawl depth 1
2017-09-16 16:44:48,131 - [webpage_manager.py:69] - INFO - url http://www.baidu.com/s?word=%E7%AA%83%E8%B4%BC%E5%85%A5%E5%AE%A4%E6%B7%A1%E5%AE%9A%E6%B4%97%E6%BE%A1&tn=50000028_hao_pg&ie=utf-8' is depth 2 great crawl depth 1
2017-09-16 16:44:48,131 - [webpage_manager.py:69] - INFO - url http://ir.baidu.comphoenix.zhtml?c=188488&p=irol-homeprofile is depth 2 great crawl depth 1
2017-09-16 16:44:48,132 - [webpage_manager.py:69] - INFO - url http://tieba.baidu.com/p/3292673938 is depth 2 great crawl depth 1
2017-09-16 16:44:48,132 - [webpage_manager.py:69] - INFO - url http://www.hao123.com/yule is depth 2 great crawl depth 1
2017-09-16 16:44:48,133 - [webpage_manager.py:69] - INFO - url http://ir.baidu.comphoenix.zhtml?c=188488&p=privacy is depth 2 great crawl depth 1
2017-09-16 16:44:48,133 - [webpage_manager.py:69] - INFO - url http://tieba.baidu.com/f/index/forumpark?cn=恐怖&ci=255&pcn=闲·趣&pci=429&ct=0&rn=20&pn=1 is depth 2 great crawl depth 1
2017-09-16 16:44:48,133 - [webpage_manager.py:69] - INFO - url http://www.hao123.com/top is depth 2 great crawl depth 1
2017-09-16 16:44:48,134 - [webpage_manager.py:69] - INFO - url http://ir.baidu.comphoenix.zhtml?c=188488&p=irol-transactointservices is depth 2 great crawl depth 1
2017-09-16 16:44:48,134 - [webpage_manager.py:69] - INFO - url http://tieba.baidu.com/f/search/adv is depth 2 great crawl depth 1
2017-09-16 16:44:48,134 - [webpage_manager.py:69] - INFO - url http://www.xinhuanet.com/ is depth 2 great crawl depth 1
2017-09-16 16:44:48,135 - [webpage_manager.py:69] - INFO - url http://ir.baidu.comphoenix.zhtml?c=188488&p=irol-newsArticle&ID=2295394 is depth 2 great crawl depth 1
2017-09-16 16:44:48,136 - [connectionpool.py:395] - DEBUG - http://v.baidu.com:80 "GET / HTTP/1.1" 200 None
2017-09-16 16:44:48,136 - [webpage_manager.py:69] - INFO - url http://tieba.baidu.com/f/index/forumpark?cn=NBA&ci=278&pcn=体育迷&pci=275&ct=0&rn=20&pn=1 is depth 2 great crawl depth 1
2017-09-16 16:44:48,136 - [webpage_manager.py:69] - INFO - url https://www.baidu.com/s?word=%E4%B8%80%E5%88%80%E7%88%86%E6%A9%99%E8%A3%85&tn=50000016_hao_pg&ie=utf-8 is depth 2 great crawl depth 1
2017-09-16 16:44:48,137 - [webpage_manager.py:69] - INFO - url http://ir.baidu.comphoenix.zhtml?c=188488&p=irol-analysts is depth 2 great crawl depth 1
2017-09-16 16:44:48,141 - [connectionpool.py:395] - DEBUG - http://www.baidu.com:80 "GET /more/ HTTP/1.1" 200 11633
2017-09-16 16:44:48,141 - [webpage_manager.py:69] - INFO - url http://tieba.baidu.com/f/index/forumpark?cn=韩国电影&ci=0&pcn=电影&pci=0&ct=1&rn=20&pn=1 is depth 2 great crawl depth 1
2017-09-16 16:44:48,142 - [webpage_manager.py:69] - INFO - url https://www.baidu.com/s?word=%E7%90%86%E8%B4%A2%E6%8E%92%E8%A1%8C%E6%A6%9C&tn=50000019_hao_pg&ie=utf-8 is depth 2 great crawl depth 1
2017-09-16 16:44:48,142 - [webpage_manager.py:69] - INFO - url http://ir.baidu.comphoenix.zhtml?c=188488&p=irol-alerts is depth 2 great crawl depth 1
2017-09-16 16:44:48,146 - [webpage_manager.py:69] - INFO - url http://tieba.baidu.com/p/5323851181 is depth 2 great crawl depth 1
2017-09-16 16:44:48,147 - [webpage_manager.py:69] - INFO - url http://tuijian.hao123.com/?type=rec is depth 2 great crawl depth 1
2017-09-16 16:44:48,147 - [webpage_manager.py:69] - INFO - url http://media.corporate-ir.net/media_files/IROL/18/188488/2016/BIDU_--_Q3_2016_Earnings_Release.pdf is depth 2 great crawl depth 1
2017-09-16 16:44:48,147 - [webpage_manager.py:69] - INFO - url http://tieba.baidu.com/p/5267451989  is depth 2 great crawl depth 1
2017-09-16 16:44:48,148 - [webpage_manager.py:69] - INFO - url http://life.hao123.com/menu is depth 2 great crawl depth 1
2017-09-16 16:44:48,166 - [webpage_manager.py:69] - INFO - url http://www.baidu.com/ is depth 2 great crawl depth 1
2017-09-16 16:44:48,166 - [webpage_manager.py:69] - INFO - url https://tieba.baidu.com/p/4215275113 is depth 2 great crawl depth 1
2017-09-16 16:44:48,229 - [webpage_manager.py:69] - INFO - url http://ir.baidu.comphoenix.zhtml?c=188488&p=irol-searchservices is depth 2 great crawl depth 1
2017-09-16 16:44:48,231 - [webpage_manager.py:69] - INFO - url https://www.6.cn/ is depth 2 great crawl depth 1
2017-09-16 16:44:48,239 - [webpage_manager.py:69] - INFO - url http://tieba.baidu.com/f?kw=%E5%8E%86%E5%8F%B2  is depth 2 great crawl depth 1
2017-09-16 16:44:48,239 - [webpage_manager.py:69] - INFO - url http://services.corporate-ir.net/SEC/Document.Service?id=P3VybD1hSFIwY0RvdkwyRndhUzUwWlc1cmQybDZZWEprTG1OdmJTOWtiM2R1Ykc5aFpDNXdhSEEvWVdOMGFXOXVQVkpVUmlacGNHRm5aVDB4TVRjeE5UY3dOQ1p6ZFdKemFXUTlOVGM9JnR5cGU9MyZmbj1CYWlkdV82S18yMDE3MDcyOC5ydGY= is depth 2 great crawl depth 1
2017-09-16 16:44:48,247 - [webpage_manager.py:69] - INFO - url https://www.qunar.com/?ex_track=auto_58c11276 is depth 2 great crawl depth 1
2017-09-16 16:44:48,274 - [webpage_manager.py:69] - INFO - url http://tieba.baidu.com/f/index/forumpark?pcn=电视剧&pci=0&ct=1&rn=20&pn=1 is depth 2 great crawl depth 1
2017-09-16 16:44:48,294 - [webpage_manager.py:69] - INFO - url http://phx.corporate-ir.net/External.File?item=UGFyZW50SUQ9MzI1NDI4fENoaWxkSUQ9LTF8VHlwZT0z&t=1&cb=635920593224412832 is depth 2 great crawl depth 1
2017-09-16 16:44:48,306 - [webpage_manager.py:69] - INFO - url http://caipiao.hao123.com/ is depth 2 great crawl depth 1
2017-09-16 16:44:48,307 - [webpage_manager.py:69] - INFO - url http://tieba.baidu.com/f?kw=%E5%8F%9B%E9%80%86%E7%9A%84%E5%8B%92%E9%B2%81%E4%BB%80 is depth 2 great crawl depth 1
2017-09-16 16:44:48,308 - [webpage_manager.py:69] - INFO - url http://ir.baidu.comphoenix.zhtml?c=188488&p=irol-presentations is depth 2 great crawl depth 1
2017-09-16 16:44:48,347 - [webpage_manager.py:69] - INFO - url https://www.baidu.com/s?word=%E9%98%B3%E6%BE%84%E5%A4%A7%E9%97%B8%E8%9F%B9&tn=50000020_hao_pg&ie=utf-8 is depth 2 great crawl depth 1
2017-09-16 16:44:48,352 - [connectionpool.py:395] - DEBUG - https://passport.baidu.com:443 "GET /v2/?login&tpl=mn&u=http%3A%2F%2Fwww.baidu.com%2f%3fbdorz_come%3d1 HTTP/1.1" 200 None
2017-09-16 16:44:48,359 - [webpage_manager.py:69] - INFO - url https://jin.baidu.com/?channel=baidumore is depth 2 great crawl depth 1
2017-09-16 16:44:48,359 - [webpage_manager.py:69] - INFO - url http://tieba.baidu.com/f/index/forumpark?cn=网页版网游&ci=0&pcn=游戏&pci=0&ct=1&rn=20&pn=1 is depth 2 great crawl depth 1
2017-09-16 16:44:48,360 - [webpage_manager.py:69] - INFO - url http://ir.baidu.comphoenix.zhtml?c=188488&p=irol-searchengine is depth 2 great crawl depth 1
2017-09-16 16:44:48,361 - [webpage_manager.py:69] - INFO - url http://www.hao123.com/feedback is depth 2 great crawl depth 1
2017-09-16 16:44:48,364 - [webpage_manager.py:69] - INFO - url http://zhaopin.baidu.com/ is depth 2 great crawl depth 1
2017-09-16 16:44:48,365 - [webpage_manager.py:69] - INFO - url http://news.baidu.com/ns?cl=2&rn=20&tn=news& is depth 2 great crawl depth 1
2017-09-16 16:44:48,365 - [webpage_manager.py:69] - INFO - url http://ir.baidu.comphoenix.zhtml?c=188488&p=irol-reportsannual is depth 2 great crawl depth 1
2017-09-16 16:44:48,366 - [webpage_manager.py:69] - INFO - url http://www.qq.com/ is depth 2 great crawl depth 1
2017-09-16 16:44:48,367 - [webpage_manager.py:69] - INFO - url http://open.baidu.com/ is depth 2 great crawl depth 1
2017-09-16 16:44:48,367 - [webpage_manager.py:69] - INFO - url http://tieba.baidu.com/p/5298229087 is depth 2 great crawl depth 1
2017-09-16 16:44:48,367 - [webpage_manager.py:69] - INFO - url http://media.corporate-ir.net/media_files/IROL/18/188488/2017/BIDU%20--%20Q2%202017%20Earnings%20Release.pdf is depth 2 great crawl depth 1
2017-09-16 16:44:48,368 - [webpage_manager.py:69] - INFO - url http://weibo.com/ is depth 2 great crawl depth 1
2017-09-16 16:44:48,372 - [webpage_manager.py:69] - INFO - url http://www.hiapk.com/ is depth 2 great crawl depth 1
2017-09-16 16:44:48,373 - [webpage_manager.py:69] - INFO - url http://tieba.baidu.com/home/main?un=贴吧熊 is depth 2 great crawl depth 1
2017-09-16 16:44:48,376 - [webpage_manager.py:69] - INFO - url http://ir.baidu.comphoenix.zhtml?c=188488&p=irol-faq is depth 2 great crawl depth 1
2017-09-16 16:44:48,378 - [webpage_manager.py:69] - INFO - url https://app.tanwan.com/htmlcode/13074.html is depth 2 great crawl depth 1
2017-09-16 16:44:48,379 - [webpage_manager.py:69] - INFO - url http://developer.baidu.com/ is depth 2 great crawl depth 1
2017-09-16 16:44:48,389 - [webpage_manager.py:69] - INFO - url https://jin.baidu.com/insurance/apply?channel=bxpsp is depth 2 great crawl depth 1
2017-09-16 16:44:48,390 - [webpage_manager.py:69] - INFO - url http://tieba.baidu.com/f/index/forumpark?pcn=动漫宅&pci=206&ct=0&rn=20&pn=1 is depth 2 great crawl depth 1
2017-09-16 16:44:48,391 - [webpage_manager.py:69] - INFO - url http://ir.baidu.comphoenix.zhtml?c=188488&p=irol-govhighlights is depth 2 great crawl depth 1
2017-09-16 16:44:48,392 - [webpage_manager.py:69] - INFO - url http://life.hao123.com/health is depth 2 great crawl depth 1
2017-09-16 16:44:48,393 - [webpage_manager.py:69] - INFO - url http://baike.baidu.com/ is depth 2 great crawl depth 1
2017-09-16 16:44:48,396 - [webpage_manager.py:69] - INFO - url http://tieba.baidu.com/f?kw=%E9%B2%81%E8%B7%AF%E4%BF%AE is depth 2 great crawl depth 1
2017-09-16 16:44:48,397 - [webpage_manager.py:69] - INFO - url http://ir.baidu.comphoenix.zhtml?c=188488&p=irol-newsArticle&ID=2294188 is depth 2 great crawl depth 1
2017-09-16 16:44:48,398 - [webpage_manager.py:69] - INFO - url https://www.baidu.com/s?word=%E8%82%BF%E7%98%A4%E5%8C%BB%E9%99%A2&tn=50000018_hao_pg&ie=utf-8 is depth 2 great crawl depth 1
2017-09-16 16:44:48,398 - [webpage_manager.py:69] - INFO - url http://bit.baidu.com/ is depth 2 great crawl depth 1
2017-09-16 16:44:48,399 - [webpage_manager.py:69] - INFO - url http://tieba.baidu.com/f/index/forumpark?pcn=闲·趣&pci=429&ct=0&rn=20&pn=1 is depth 2 great crawl depth 1
2017-09-16 16:44:48,399 - [webpage_manager.py:69] - INFO - url http://media.corporate-ir.net/media_files/IROL/18/188488/reports/Q1 2016 Earnings Release.pdf is depth 2 great crawl depth 1
2017-09-16 16:44:48,400 - [webpage_manager.py:69] - INFO - url http://v.qq.com/ is depth 2 great crawl depth 1
2017-09-16 16:44:48,400 - [webpage_manager.py:69] - INFO - url http://koubei.baidu.com/ is depth 2 great crawl depth 1
2017-09-16 16:44:48,400 - [webpage_manager.py:69] - INFO - url http://tieba.baidu.com/f/index/forumpark?cn=内地明星&ci=0&pcn=娱乐明星&pci=0&ct=1&rn=20&pn=1 is depth 2 great crawl depth 1
2017-09-16 16:44:48,401 - [webpage_manager.py:69] - INFO - url http://services.corporate-ir.net/SEC/Document.Service?id=P3VybD1hSFIwY0RvdkwyRndhUzUwWlc1cmQybDZZWEprTG1OdmJTOWtiM2R1Ykc5aFpDNXdhSEEvWVdOMGFXOXVQVkJFUmlacGNHRm5aVDB4TVRjeE5UY3dOQ1p6ZFdKemFXUTlOVGM9JnR5cGU9MiZmbj1CYWlkdV82S18yMDE3MDcyOC5wZGY= is depth 2 great crawl depth 1
2017-09-16 16:44:48,401 - [webpage_manager.py:69] - INFO - url http://www.4399.com/ is depth 2 great crawl depth 1
2017-09-16 16:44:48,402 - [webpage_manager.py:69] - INFO - url http://ce.baidu.com/?from=more is depth 2 great crawl depth 1
2017-09-16 16:44:48,402 - [webpage_manager.py:69] - INFO - url http://tieba.baidu.com/p/5286428520 is depth 2 great crawl depth 1
2017-09-16 16:44:48,403 - [webpage_manager.py:69] - INFO - url http://ir.baidu.comphoenix.zhtml?c=188488&p=disclaimer is depth 2 great crawl depth 1
2017-09-16 16:44:48,404 - [webpage_manager.py:69] - INFO - url http://www.sohu.com?pvid=49d7a584a99565f7 is depth 2 great crawl depth 1
2017-09-16 16:44:48,404 - [webpage_manager.py:69] - INFO - url http://edu.baidu.com/  is depth 2 great crawl depth 1
2017-09-16 16:44:48,405 - [webpage_manager.py:69] - INFO - url http://tieba.baidu.com/f/index/forumpark?pcn=人文自然&pci=0&ct=1&rn=20&pn=1 is depth 2 great crawl depth 1
2017-09-16 16:44:48,405 - [webpage_manager.py:69] - INFO - url http://ir.baidu.comphoenix.zhtml?c=188488&p=irol-stockquote is depth 2 great crawl depth 1
2017-09-16 16:44:48,406 - [webpage_manager.py:69] - INFO - url http://e.cn.miaozhen.com/r/k=2058249&p=78igw&dx=__IPDX__&rt=2&ns=__IP__&ni=__IESID__&v=__LOC__&xa=__ADPLATFORM__&tr=__REQUESTID__&ro=sm&vo=3487f9a48&vr=2&o=https%3A%2F%2Fwww.xin.com%2F%3Fchannel%3Da90b199c46286d190734e2211253f513 is depth 2 great crawl depth 1
2017-09-16 16:44:48,408 - [webpage_manager.py:69] - INFO - url http://wubi.baidu.com/ is depth 2 great crawl depth 1
2017-09-16 16:44:48,410 - [webpage_manager.py:69] - INFO - url http://tieba.baidu.com/p/5145993701 is depth 2 great crawl depth 1
2017-09-16 16:44:48,412 - [webpage_manager.py:69] - INFO - url http://www.hao123.com/haoda is depth 2 great crawl depth 1
2017-09-16 16:44:48,413 - [webpage_manager.py:69] - INFO - url http://media.corporate-ir.net/media_files/IROL/18/188488/reports/BIDUQ22016EarningsRelease.pdf is depth 2 great crawl depth 1
2017-09-16 16:44:48,413 - [webpage_manager.py:69] - INFO - url http://caifu.baidu.com?tf=nb-cpdq/ is depth 2 great crawl depth 1
2017-09-16 16:44:48,414 - [webpage_manager.py:69] - INFO - url http://tieba.baidu.com/f?kw=%E7%A5%9E%E9%AC%BC%E4%BC%A0%E5%A5%87%E6%89%8B%E6%B8%B8 is depth 2 great crawl depth 1
2017-09-16 16:44:48,414 - [webpage_manager.py:69] - INFO - url https://www.baidu.com/s?word=%E8%93%9D%E6%9C%88%E4%BC%A0%E5%A5%87&tn=50000016_hao_pg&ie=utf-8 is depth 2 great crawl depth 1
2017-09-16 16:44:48,415 - [webpage_manager.py:69] - INFO - url http://ir.baidu.comphoenix.zhtml?c=188488&p=irol-newsArticle&ID=2289721 is depth 2 great crawl depth 1
2017-09-16 16:44:48,415 - [webpage_manager.py:69] - INFO - url http://naotu.baidu.com is depth 2 great crawl depth 1
2017-09-16 16:44:48,433 - [webpage_manager.py:69] - INFO - url http://tieba.baidu.com/p/5139671853 is depth 2 great crawl depth 1
2017-09-16 16:44:48,435 - [webpage_manager.py:69] - INFO - url http://news.ifeng.com/a/20170915/52015009_0.shtml?_zbs_hao123_news is depth 2 great crawl depth 1
2017-09-16 16:44:48,478 - [webpage_manager.py:69] - INFO - url http://ir.baidu.comphoenix.zhtml?c=188488&p=irol-iqiyi is depth 2 great crawl depth 1
2017-09-16 16:44:48,486 - [webpage_manager.py:69] - INFO - url http://union.baidu.com/ is depth 2 great crawl depth 1
2017-09-16 16:44:48,491 - [webpage_manager.py:69] - INFO - url https://www.baidu.com/s?cl=3& is depth 2 great crawl depth 1
2017-09-16 16:44:48,504 - [webpage_manager.py:69] - INFO - url http://www.ifeng.com is depth 2 great crawl depth 1
2017-09-16 16:44:48,507 - [webpage_manager.py:69] - INFO - url http://phx.corporate-ir.net/External.File?item=UGFyZW50SUQ9MjgzNDY0fENoaWxkSUQ9LTF8VHlwZT0z&t=1 is depth 2 great crawl depth 1
2017-09-16 16:44:48,509 - [webpage_manager.py:69] - INFO - url http://mtc.baidu.com/ is depth 2 great crawl depth 1
2017-09-16 16:44:48,522 - [webpage_manager.py:69] - INFO - url http://tieba.baidu.com/f?kw=%E6%B2%AA%E6%B1%9F%E7%BD%91%E6%A0%A1&fr=index is depth 2 great crawl depth 1
2017-09-16 16:44:48,531 - [webpage_manager.py:69] - INFO - url https://jingcai.hao123.com/?sub_tag=127 is depth 2 great crawl depth 1
2017-09-16 16:44:48,533 - [webpage_manager.py:69] - INFO - url http://ir.baidu.comphoenix.zhtml?c=188488&p=irol-calendar is depth 2 great crawl depth 1
2017-09-16 16:44:48,562 - [webpage_manager.py:69] - INFO - url http://gongyi.baidu.com/ is depth 2 great crawl depth 1
2017-09-16 16:44:48,563 - [webpage_manager.py:69] - INFO - url http://tieba.baidu.com/f/index/forumpark?cn=喵星人&ci=5&pcn=闲·趣&pci=429&ct=0&rn=20&pn=1 is depth 2 great crawl depth 1
2017-09-16 16:44:48,620 - [webpage_manager.py:69] - INFO - url http://tejia.hao123.com/?tn=mxlm is depth 2 great crawl depth 1
2017-09-16 16:44:48,644 - [webpage_manager.py:69] - INFO - url http://services.corporate-ir.net/SEC/Document.Service?id=P3VybD1hSFIwY0RvdkwyRndhUzUwWlc1cmQybDZZWEprTG1OdmJTOWtiM2R1Ykc5aFpDNXdhSEEvWVdOMGFXOXVQVkpVUmlacGNHRm5aVDB4TVRjM01EazNPU1p6ZFdKemFXUTlOVGM9JnR5cGU9MyZmbj1CYWlkdV82S18yMDE3MDgyOC5ydGY= is depth 2 great crawl depth 1
2017-09-16 16:44:48,646 - [webpage_manager.py:69] - INFO - url http://app.baidu.com/ is depth 2 great crawl depth 1
2017-09-16 16:44:48,648 - [webpage_manager.py:69] - INFO - url http://tieba.baidu.com/f?kw=亏猫 is depth 2 great crawl depth 1
2017-09-16 16:44:48,661 - [webpage_manager.py:69] - INFO - url http://mini.eastday.com/a/njump.html?id=n170916025437953&qid=hao123tj is depth 2 great crawl depth 1
2017-09-16 16:44:48,662 - [webpage_manager.py:69] - INFO - url http://media.corporate-ir.net/media_files/IROL/18/188488/2017/BIDU%20--%20Q4%20and%20FY%202016%20Earnings%20Release.pdf is depth 2 great crawl depth 1
2017-09-16 16:44:48,662 - [webpage_manager.py:69] - INFO - url http://mb.baidu.com/ is depth 2 great crawl depth 1
2017-09-16 16:44:48,664 - [webpage_manager.py:69] - INFO - url http://tieba.baidu.com/f/index/forumpark?cn=语言文化&ci=0&pcn=人文自然&pci=0&ct=1&rn=20&pn=1 is depth 2 great crawl depth 1
2017-09-16 16:44:48,665 - [webpage_manager.py:69] - INFO - url http://www.hao123.com/abouthao123 is depth 2 great crawl depth 1
2017-09-16 16:44:48,680 - [webpage_manager.py:69] - INFO - url http://ir.baidu.comphoenix.zhtml?c=188488&p=irol-govmanage is depth 2 great crawl depth 1
2017-09-16 16:44:48,685 - [webpage_manager.py:69] - INFO - url http://fanyi-pro.baidu.com/?from=bdmore is depth 2 great crawl depth 1
2017-09-16 16:44:48,686 - [webpage_manager.py:69] - INFO - url https://tieba.baidu.com/f?fr=wwwt&kw=snh48 is depth 2 great crawl depth 1
2017-09-16 16:44:48,689 - [webpage_manager.py:69] - INFO - url http://www.baidu.com/s?word=%E6%97%A5%E5%8E%86&tn=sitehao123_09&ie=utf-8 is depth 2 great crawl depth 1
2017-09-16 16:44:48,711 - [webpage_manager.py:69] - INFO - url http://ir.baidu.comphoenix.zhtml?c=188488&p=irol-govboard is depth 2 great crawl depth 1
2017-09-16 16:44:48,713 - [webpage_manager.py:69] - INFO - url http://tieba.baidu.com/f/index/forumpark?cn=日本电影&ci=0&pcn=电影&pci=0&ct=1&rn=20&pn=1 is depth 2 great crawl depth 1
2017-09-16 16:44:48,713 - [webpage_manager.py:69] - INFO - url http://test.baidu.com is depth 2 great crawl depth 1
2017-09-16 16:44:48,714 - [webpage_manager.py:69] - INFO - url http://www.hao123.com/ is depth 2 great crawl depth 1
2017-09-16 16:44:48,720 - [webpage_manager.py:69] - INFO - url http://tieba.baidu.com/f?kw=%E7%BD%91%E6%81%8B  is depth 2 great crawl depth 1
2017-09-16 16:44:48,722 - [webpage_manager.py:69] - INFO - url http://media.corporate-ir.net/media_files/IROL/18/188488/BIDUQ12017EarningsRelease.pdf is depth 2 great crawl depth 1
2017-09-16 16:44:48,729 - [webpage_manager.py:69] - INFO - url http://lingxi.baidu.com is depth 2 great crawl depth 1
2017-09-16 16:44:48,732 - [webpage_manager.py:69] - INFO - url https://www.baidu.com/s?wd=%E6%96%97%E5%9C%B0%E4%B8%BB%E8%BE%BE%E4%BA%BA&tn=50000056_hao_pg&ie=UTF-8 is depth 2 great crawl depth 1
2017-09-16 16:44:48,734 - [webpage_manager.py:69] - INFO - url http://tieba.baidu.com/f/index/forumpark?cn=日本电视剧&ci=0&pcn=电视剧&pci=0&ct=1&rn=20&pn=1 is depth 2 great crawl depth 1
2017-09-16 16:44:48,739 - [webpage_manager.py:69] - INFO - url http://www.hao123.com/sitemap is depth 2 great crawl depth 1
2017-09-16 16:44:48,740 - [webpage_manager.py:69] - INFO - url http://tieba.baidu.com/f/index/forumpark?cn=小而美&ci=244&pcn=生活家&pci=214&ct=0&rn=20&pn=1 is depth 2 great crawl depth 1
2017-09-16 16:44:48,740 - [webpage_manager.py:69] - INFO - url http://jingyan.baidu.com/ is depth 2 great crawl depth 1
2017-09-16 16:44:48,741 - [webpage_manager.py:69] - INFO - url http://www.baidu.com/?tn=sitehao123 is depth 2 great crawl depth 1
2017-09-16 16:44:48,743 - [webpage_manager.py:69] - INFO - url http://tieba.baidu.com/f/index/forumpark?cn=变美&ci=520&pcn=生活家&pci=214&ct=0&rn=20&pn=1 is depth 2 great crawl depth 1
2017-09-16 16:44:48,757 - [webpage_manager.py:69] - INFO - url http://www.china.com.cn/ is depth 2 great crawl depth 1
2017-09-16 16:44:48,758 - [webpage_manager.py:69] - INFO - url http://www.91.com/ is depth 2 great crawl depth 1
2017-09-16 16:44:48,758 - [webpage_manager.py:69] - INFO - url https://tieba.baidu.com/p/3662205525 is depth 2 great crawl depth 1
2017-09-16 16:44:48,760 - [webpage_manager.py:69] - INFO - url http://news.hao123.com/ is depth 2 great crawl depth 1
2017-09-16 16:44:48,763 - [webpage_manager.py:69] - INFO - url http://anquan.baidu.com/weishi is depth 2 great crawl depth 1
2017-09-16 16:44:48,766 - [webpage_manager.py:69] - INFO - url http://tieba.baidu.com/f/index/forumpark?cn=灵异&ci=404&pcn=小说&pci=161&ct=0&rn=20&pn=1 is depth 2 great crawl depth 1
2017-09-16 16:44:48,768 - [webpage_manager.py:69] - INFO - url https://www.baidu.com/s?word=%E7%A7%80%E5%9C%BA%E7%9B%B4%E6%92%AD%E9%97%B4&tn=50000017_hao_pg&ie=utf-8 is depth 2 great crawl depth 1
2017-09-16 16:44:48,768 - [webpage_manager.py:69] - INFO - url http://sem.baidu.com/ is depth 2 great crawl depth 1
2017-09-16 16:44:48,769 - [webpage_manager.py:69] - INFO - url https://tieba.baidu.com/p/4113418483 is depth 2 great crawl depth 1
2017-09-16 16:44:48,771 - [webpage_manager.py:69] - INFO - url https://dmp-data.vip.com/deeplink/goHome?tra_from=tra%3Am886rni1%3A%3A%3A%3A is depth 2 great crawl depth 1
2017-09-16 16:44:48,771 - [webpage_manager.py:69] - INFO - url http://mopai.baidu.com/ is depth 2 great crawl depth 1
2017-09-16 16:44:48,772 - [webpage_manager.py:69] - INFO - url http://tieba.baidu.com/f/index/forumpark?cn=穿越&ci=162&pcn=小说&pci=161&ct=0&rn=20&pn=1 is depth 2 great crawl depth 1
2017-09-16 16:44:48,773 - [webpage_manager.py:69] - INFO - url http://sinan.baidu.com/ is depth 2 great crawl depth 1
2017-09-16 16:44:48,775 - [webpage_manager.py:69] - INFO - url http://www.baidu.com/s?word=%E6%9C%80%E4%B8%8D%E5%A5%BD%E5%AE%A2%E5%9B%BD%E5%AE%B6%E6%8E%92%E8%A1%8C&tn=50000028_hao_pg&ie=utf-8' is depth 2 great crawl depth 1
2017-09-16 16:44:48,777 - [webpage_manager.py:69] - INFO - url http://wenku.baidu.com/search?fr=tieba&lm=0&od=0& is depth 2 great crawl depth 1
2017-09-16 16:44:48,779 - [webpage_manager.py:69] - INFO - url http://www.hao123.com/zhaopin is depth 2 great crawl depth 1
2017-09-16 16:44:48,780 - [webpage_manager.py:69] - INFO - url http://tieba.baidu.com/f/index/forumpark?cn=留学移民&ci=521&pcn=生活家&pci=214&ct=0&rn=20&pn=1 is depth 2 great crawl depth 1
2017-09-16 16:44:48,781 - [webpage_manager.py:69] - INFO - url http://ssp.baidu.com/ is depth 2 great crawl depth 1
2017-09-16 16:44:48,785 - [webpage_manager.py:69] - INFO - url http://redirect.simba.taobao.com/rd?c=un&w=bd&f=https%3A%2F%2Fai.taobao.com%2F%3Fpid%3Dmm_26632322_6858406_121586238&k=3e8e7ae3f29b7029&p=mm_26632322_6858406_121586238 is depth 2 great crawl depth 1
2017-09-16 16:44:48,786 - [webpage_manager.py:69] - INFO - url http://tieba.baidu.comMailto:tiebayule@baidu.com is depth 2 great crawl depth 1
2017-09-16 16:44:48,787 - [webpage_manager.py:69] - INFO - url http://srf.baidu.com is depth 2 great crawl depth 1
2017-09-16 16:44:48,819 - [webpage_manager.py:69] - INFO - url https://www.taobao.com/ is depth 2 great crawl depth 1
2017-09-16 16:44:48,820 - [webpage_manager.py:69] - INFO - url http://tieba.baidu.com/f?kw=%E5%A8%B1%E4%B9%90%E5%9C%88 is depth 2 great crawl depth 1
2017-09-16 16:44:48,823 - [webpage_manager.py:69] - INFO - url http://fang.baidu.com/ is depth 2 great crawl depth 1
2017-09-16 16:44:48,826 - [webpage_manager.py:69] - INFO - url http://cn.chinadaily.com.cn/ is depth 2 great crawl depth 1
2017-09-16 16:44:48,827 - [webpage_manager.py:69] - INFO - url http://tieba.baidu.com/f?kw=lc%E7%8E%8B%E9%81%93 is depth 2 great crawl depth 1
2017-09-16 16:44:48,827 - [webpage_manager.py:69] - INFO - url http://youxi.baidu.com/ is depth 2 great crawl depth 1
2017-09-16 16:44:48,828 - [webpage_manager.py:69] - INFO - url http://music.baidu.com is depth 2 great crawl depth 1
2017-09-16 16:44:48,828 - [webpage_manager.py:69] - INFO - url http://tieba.baidu.com/f/index/forumpark?pcn=高等院校&pci=0&ct=1&rn=20&pn=1 is depth 2 great crawl depth 1
2017-09-16 16:44:48,831 - [webpage_manager.py:69] - INFO - url http://kk.chuanke.com/android/ is depth 2 great crawl depth 1
2017-09-16 16:44:48,832 - [webpage_manager.py:69] - INFO - url http://v.hao123.baidu.com/dongman/ is depth 2 great crawl depth 1
2017-09-16 16:44:48,833 - [webpage_manager.py:69] - INFO - url http://tieba.baidu.com/f/index/forumpark?pcn=体育迷&pci=275&ct=0&rn=20&pn=1 is depth 2 great crawl depth 1
2017-09-16 16:44:48,836 - [webpage_manager.py:69] - INFO - url http://anquan.baidu.com/bbs/ is depth 2 great crawl depth 1
2017-09-16 16:44:48,837 - [webpage_manager.py:69] - INFO - url http://www.hao123.com/love is depth 2 great crawl depth 1
2017-09-16 16:44:48,838 - [webpage_manager.py:69] - INFO - url http://tieba.baidu.com/f/index/forumpark?cn=湖北院校&ci=0&pcn=高等院校&pci=0&ct=1&rn=20&pn=1 is depth 2 great crawl depth 1
2017-09-16 16:44:48,838 - [webpage_manager.py:69] - INFO - url http://zhuomian.baidu.com/ is depth 2 great crawl depth 1
2017-09-16 16:44:48,838 - [webpage_manager.py:69] - INFO - url http://www.baidu.com/s?word=iphone8%E5%8F%91%E5%B8%83&tn=sitehao123_10_pg&ie=utf-8 is depth 2 great crawl depth 1
2017-09-16 16:44:48,839 - [webpage_manager.py:69] - INFO - url http://tieba.baidu.com/home/main?un=%E6%B8%A9%E5%AA%97%E5%A6%83&fr=index is depth 2 great crawl depth 1
2017-09-16 16:44:48,840 - [webpage_manager.py:69] - INFO - url http://yuqing.baidu.com/  is depth 2 great crawl depth 1
2017-09-16 16:44:48,842 - [webpage_manager.py:69] - INFO - url http://www.baidu.com/s?word=%E9%99%88%E7%BE%BD%E5%87%A1%E5%A4%8D%E5%87%BA&tn=50000028_hao_pg&ie=utf-8' is depth 2 great crawl depth 1
2017-09-16 16:44:48,845 - [webpage_manager.py:69] - INFO - url http://tieba.baidu.com/f?kw=%E5%8F%A4%E8%A3%85%E7%94%B5%E8%A7%86%E5%89%A7  is depth 2 great crawl depth 1
2017-09-16 16:44:48,846 - [webpage_manager.py:69] - INFO - url http://8.baidu.com/content/resource/app/index.html is depth 2 great crawl depth 1
2017-09-16 16:44:48,847 - [webpage_manager.py:69] - INFO - url http://www.baidu.com/s?word=%E7%8E%AF%E4%BF%9D%E7%A8%8E%E5%BC%80%E5%BE%81%E5%80%92%E8%AE%A1%E6%97%B6&tn=50000028_hao_pg&ie=utf-8' is depth 2 great crawl depth 1
2017-09-16 16:44:48,848 - [webpage_manager.py:69] - INFO - url http://tieba.baidu.com/f/index/forumpark?cn=军事&ci=0&pcn=人文自然&pci=0&ct=1&rn=20&pn=1 is depth 2 great crawl depth 1
2017-09-16 16:44:48,849 - [webpage_manager.py:69] - INFO - url http://ai.baidu.com/index/ is depth 2 great crawl depth 1
2017-09-16 16:44:48,850 - [webpage_manager.py:69] - INFO - url http://tejia.hao123.com/?tn=zjl is depth 2 great crawl depth 1
2017-09-16 16:44:48,850 - [webpage_manager.py:69] - INFO - url http://tieba.baidu.com/f/index/forumpark?pcn=地区&pci=0&ct=1&rn=20&pn=1 is depth 2 great crawl depth 1
2017-09-16 16:44:48,852 - [webpage_manager.py:69] - INFO - url http://yunjiasu.baidu.com/?from=more is depth 2 great crawl depth 1
2017-09-16 16:44:48,856 - [webpage_manager.py:69] - INFO - url http://life.hao123.com/?tn=kuzhan_movie&searchTab=dianying is depth 2 great crawl depth 1
2017-09-16 16:44:48,858 - [webpage_manager.py:69] - INFO - url http://tieba.baidu.com/p/5311315976 is depth 2 great crawl depth 1
2017-09-16 16:44:48,859 - [webpage_manager.py:69] - INFO - url http://baitong.baidu.com is depth 2 great crawl depth 1
2017-09-16 16:44:48,862 - [webpage_manager.py:69] - INFO - url http://www.huanqiu.com/ is depth 2 great crawl depth 1
2017-09-16 16:44:48,863 - [webpage_manager.py:69] - INFO - url http://tieba.baidu.com/f/index/forumpark?cn=台湾综艺&ci=0&pcn=电视节目&pci=0&ct=1&rn=20&pn=1 is depth 2 great crawl depth 1
2017-09-16 16:44:48,866 - [webpage_manager.py:69] - INFO - url http://zhidao.baidu.com/ is depth 2 great crawl depth 1
2017-09-16 16:44:48,867 - [webpage_manager.py:69] - INFO - url http://gouwu.hao123.com/?tn=mxlm1 is depth 2 great crawl depth 1
2017-09-16 16:44:48,869 - [webpage_manager.py:69] - INFO - url http://tieba.baidu.com/f/index/forumpark?cn=旅行&ci=92&pcn=生活家&pci=214&ct=0&rn=20&pn=1 is depth 2 great crawl depth 1
2017-09-16 16:44:48,870 - [webpage_manager.py:69] - INFO - url http://yuyin.baidu.com/ is depth 2 great crawl depth 1
2017-09-16 16:44:48,875 - [webpage_manager.py:69] - INFO - url http://top.baidu.com/buzz?b=1 is depth 2 great crawl depth 1
2017-09-16 16:44:48,876 - [webpage_manager.py:69] - INFO - url http://tieba.baidu.com/f/index/forumpark?cn=DIY&ci=72&pcn=生活家&pci=214&ct=0&rn=20&pn=1 is depth 2 great crawl depth 1
2017-09-16 16:44:48,877 - [webpage_manager.py:69] - INFO - url http://qiao.baidu.com/home/ is depth 2 great crawl depth 1
2017-09-16 16:44:48,879 - [webpage_manager.py:69] - INFO - url http://www.baidu.com/s?word=%E6%94%BF%E5%BA%9C%E7%A6%81%E7%94%A8%E5%8D%A1%E5%B7%B4%E6%96%AF%E5%9F%BA&tn=50000028_hao_pg&ie=utf-8' is depth 2 great crawl depth 1
2017-09-16 16:44:48,881 - [webpage_manager.py:69] - INFO - url http://tieba.baidu.com/f/index/forumpark?cn=港台东南亚明星&ci=0&pcn=娱乐明星&pci=0&ct=1&rn=20&pn=1 is depth 2 great crawl depth 1
2017-09-16 16:44:48,881 - [webpage_manager.py:69] - INFO - url https://cloud.baidu.com/ is depth 2 great crawl depth 1
2017-09-16 16:44:48,882 - [webpage_manager.py:69] - INFO - url http://www.hao123.com/api/ajax?menu=game_kp is depth 2 great crawl depth 1
2017-09-16 16:44:48,884 - [webpage_manager.py:69] - INFO - url http://tieba.baidu.com/f/index/forumpark?cn=足球&ci=276&pcn=体育迷&pci=275&ct=0&rn=20&pn=1 is depth 2 great crawl depth 1
2017-09-16 16:44:48,886 - [webpage_manager.py:69] - INFO - url http://jingsuan.baidu.com is depth 2 great crawl depth 1
2017-09-16 16:44:48,889 - [webpage_manager.py:69] - INFO - url http://www.cnr.cn/ is depth 2 great crawl depth 1
2017-09-16 16:44:48,890 - [webpage_manager.py:69] - INFO - url http://tieba.baidu.com/f?kw=%E6%9E%A2%E6%9C%A8%E6%9C%B1%E9%9B%80 is depth 2 great crawl depth 1
2017-09-16 16:44:48,892 - [webpage_manager.py:69] - INFO - url http://shoujiweishi.baidu.com/ is depth 2 great crawl depth 1
2017-09-16 16:44:48,894 - [webpage_manager.py:69] - INFO - url http://www.hao123.com/licaishuju is depth 2 great crawl depth 1
2017-09-16 16:44:48,896 - [webpage_manager.py:69] - INFO - url http://tieba.baidu.com/f/index/forumpark?cn=财经·职场&ci=0&pcn=电视节目&pci=0&ct=1&rn=20&pn=1 is depth 2 great crawl depth 1
2017-09-16 16:44:48,897 - [webpage_manager.py:69] - INFO - url http://cbbs.baidu.com is depth 2 great crawl depth 1
2017-09-16 16:44:48,900 - [webpage_manager.py:69] - INFO - url https://www.baidu.com/s?word=%E7%9B%97%E5%A2%93%E7%AC%94%E8%AE%B0&tn=50000016_hao_pg&ie=utf-8 is depth 2 great crawl depth 1
2017-09-16 16:44:48,901 - [webpage_manager.py:69] - INFO - url http://tieba.baidu.com/f/index/forumpark?pcn=娱乐明星&pci=0&ct=1&rn=20&pn=1 is depth 2 great crawl depth 1
2017-09-16 16:44:48,901 - [webpage_manager.py:69] - INFO - url http://music.baidu.com/pc/index.html is depth 2 great crawl depth 1
2017-09-16 16:44:48,901 - [webpage_manager.py:69] - INFO - url http://www.iqiyi.com/ is depth 2 great crawl depth 1
2017-09-16 16:44:48,902 - [webpage_manager.py:69] - INFO - url http://tieba.baidu.com/f?kw=%E7%BA%A2%E7%89%9B%E5%AE%98%E6%96%B9&fr=index is depth 2 great crawl depth 1
2017-09-16 16:44:48,902 - [webpage_manager.py:69] - INFO - url http://piao.baidu.com/ is depth 2 great crawl depth 1
2017-09-16 16:44:48,903 - [webpage_manager.py:69] - INFO - url http://bbs.miercn.com/hao123tj/201709/1248297.html is depth 2 great crawl depth 1
2017-09-16 16:44:48,904 - [webpage_manager.py:69] - INFO - url https://gsp0.baidu.com/5aAHeD3nKhI2p27j8IqW0jdnxx1xbK/tb/eula.html is depth 2 great crawl depth 1
2017-09-16 16:44:48,904 - [webpage_manager.py:69] - INFO - url http://im.baidu.com/ is depth 2 great crawl depth 1
2017-09-16 16:44:48,907 - [webpage_manager.py:69] - INFO - url https://www.baidu.com/s?wd=15w%E4%B9%B0%E5%A5%BD%E8%BD%A6&tn=50000056_hao_pg&ie=UTF-8 is depth 2 great crawl depth 1
2017-09-16 16:44:48,910 - [webpage_manager.py:69] - INFO - url http://tieba.baidu.com/f/index/forumpark?cn=山东院校&ci=0&pcn=高等院校&pci=0&ct=1&rn=20&pn=1 is depth 2 great crawl depth 1
2017-09-16 16:44:48,911 - [webpage_manager.py:69] - INFO - url http://rj.baidu.com/ is depth 2 great crawl depth 1
2017-09-16 16:44:48,915 - [webpage_manager.py:69] - INFO - url https://www.baidu.com/s?word=%E6%83%85%E5%95%86%E5%9F%B9%E8%AE%AD%E7%8F%AD&tn=50000020_hao_pg&ie=utf-8 is depth 2 great crawl depth 1
2017-09-16 16:44:48,918 - [webpage_manager.py:69] - INFO - url http://tieba.baidu.com/p/5316578828 is depth 2 great crawl depth 1
2017-09-16 16:44:48,921 - [webpage_manager.py:69] - INFO - url http://quzheng.baidu.com/ is depth 2 great crawl depth 1
2017-09-16 16:44:48,921 - [webpage_manager.py:69] - INFO - url http://www.hao123.com/api/ajax?menu=tejia_kp is depth 2 great crawl depth 1
2017-09-16 16:44:48,922 - [webpage_manager.py:69] - INFO - url http://tieba.baidu.com/home/main?un=%E8%8B%8F%E6%B2%90%E6%9F%93%E7%BA%A2%E8%94%BB&fr=index is depth 2 great crawl depth 1
2017-09-16 16:44:48,923 - [webpage_manager.py:69] - INFO - url http://www.chuanke.com/ is depth 2 great crawl depth 1
2017-09-16 16:44:48,923 - [webpage_manager.py:69] - INFO - url http://www.youku.com/ is depth 2 great crawl depth 1
2017-09-16 16:44:48,924 - [webpage_manager.py:69] - INFO - url http://tieba.baidu.com/f/index/forumpark?cn=台湾电影&ci=0&pcn=电影&pci=0&ct=1&rn=20&pn=1 is depth 2 great crawl depth 1
2017-09-16 16:44:48,924 - [webpage_manager.py:69] - INFO - url http://fanyi.baidu.com/ is depth 2 great crawl depth 1
2017-09-16 16:44:48,925 - [webpage_manager.py:69] - INFO - url http://www.qianlong.com/ is depth 2 great crawl depth 1
2017-09-16 16:44:48,927 - [webpage_manager.py:69] - INFO - url https://tieba.baidu.com/p/5310874005 is depth 2 great crawl depth 1
2017-09-16 16:44:48,930 - [webpage_manager.py:69] - INFO - url https://baiji.baidu.com/ is depth 2 great crawl depth 1
2017-09-16 16:44:48,932 - [webpage_manager.py:69] - INFO - url http://www.baidu.com/s?word=NBA&tn=sitehao123_10_pg&ie=utf-8 is depth 2 great crawl depth 1
2017-09-16 16:44:48,934 - [webpage_manager.py:69] - INFO - url http://tieba.baidu.com/p/3249877592 is depth 2 great crawl depth 1
2017-09-16 16:44:48,935 - [webpage_manager.py:69] - INFO - url http://ivr.baidu.com/ is depth 2 great crawl depth 1
2017-09-16 16:44:48,936 - [webpage_manager.py:69] - INFO - url http://www.youth.cn/ is depth 2 great crawl depth 1
2017-09-16 16:44:48,940 - [webpage_manager.py:69] - INFO - url http://tieba.baidu.com/f?kw=%E9%A9%AC%E7%94%B2%E7%BA%BF  is depth 2 great crawl depth 1
2017-09-16 16:44:48,941 - [webpage_manager.py:69] - INFO - url http://haokan.baidu.com is depth 2 great crawl depth 1
2017-09-16 16:44:48,942 - [webpage_manager.py:69] - INFO - url http://www.17173.com/ is depth 2 great crawl depth 1
2017-09-16 16:44:48,944 - [webpage_manager.py:69] - INFO - url https://tieba.baidu.com/p/5215260742 is depth 2 great crawl depth 1
2017-09-16 16:44:48,945 - [webpage_manager.py:69] - INFO - url http://www.baidu.com/search/jiqiao.html is depth 2 great crawl depth 1
2017-09-16 16:44:48,948 - [webpage_manager.py:69] - INFO - url https://ai.taobao.com/search/index.htm?key=%E6%96%87%E5%85%B7&pid=mm_43125636_4246598_118736310 is depth 2 great crawl depth 1
2017-09-16 16:44:48,949 - [webpage_manager.py:69] - INFO - url http://tieba.baidu.com/f/index/forumpark?cn=香港电影&ci=0&pcn=电影&pci=0&ct=1&rn=20&pn=1 is depth 2 great crawl depth 1
2017-09-16 16:44:48,950 - [webpage_manager.py:69] - INFO - url http://stu.baidu.com is depth 2 great crawl depth 1
2017-09-16 16:44:48,952 - [webpage_manager.py:69] - INFO - url http://u.ctrip.com/union/CtripRedirect.aspx?TypeID=2&Allianceid=1630&sid=1911&OUID=&jumpUrl=http://www.ctrip.com/ is depth 2 great crawl depth 1
2017-09-16 16:44:48,959 - [webpage_manager.py:69] - INFO - url http://tieba.baidu.com/f?kw=%E5%B0%A4%E8%8F%B2%E7%B1%B3%E5%A8%85.li.%E5%B8%83%E9%87%8C%E5%A1%94%E5%B0%BC%E4%BA%9A is depth 2 great crawl depth 1
2017-09-16 16:44:48,960 - [webpage_manager.py:69] - INFO - url http://download.nuomi.com/inter/group?from=HomeAdRightBanner/ is depth 2 great crawl depth 1
2017-09-16 16:44:48,962 - [webpage_manager.py:69] - INFO - url http://www.hao123.com/zt/qpcm2#l-1468469038778 is depth 2 great crawl depth 1
2017-09-16 16:44:48,963 - [webpage_manager.py:69] - INFO - url http://tieba.baidu.com/p/5153235021 is depth 2 great crawl depth 1
2017-09-16 16:44:48,964 - [webpage_manager.py:69] - INFO - url http://bim.baidu.com is depth 2 great crawl depth 1
2017-09-16 16:44:48,965 - [webpage_manager.py:69] - INFO - url http://8.hao123.com/ is depth 2 great crawl depth 1
2017-09-16 16:44:48,968 - [webpage_manager.py:69] - INFO - url http://tieba.baidu.com/f/index/forumpark?cn=手机游戏&ci=0&pcn=游戏&pci=0&ct=1&rn=20&pn=1 is depth 2 great crawl depth 1
2017-09-16 16:44:48,971 - [webpage_manager.py:69] - INFO - url http://index.baidu.com/ is depth 2 great crawl depth 1
2017-09-16 16:44:48,972 - [webpage_manager.py:69] - INFO - url https://www.baidu.com/s?word=%E6%96%B0%E6%88%BF%E6%80%A5%E5%94%AE&tn=50000020_hao_pg&ie=utf-8 is depth 2 great crawl depth 1
2017-09-16 16:44:48,974 - [webpage_manager.py:69] - INFO - url http://tieba.baidu.com/home/main?un=吴哲晗应援会 is depth 2 great crawl depth 1
2017-09-16 16:44:48,975 - [webpage_manager.py:69] - INFO - url http://kk.chuanke.com/ is depth 2 great crawl depth 1
2017-09-16 16:44:48,977 - [webpage_manager.py:69] - INFO - url http://v.hao123.baidu.com/dianshi/26819.htm is depth 2 great crawl depth 1
2017-09-16 16:44:48,979 - [webpage_manager.py:69] - INFO - url http://tieba.baidu.com/home/main?un=%E7%8C%AB%E7%88%B7%E7%BE%8E%E9%A3%9F%E9%9B%86&fr=index is depth 2 great crawl depth 1
2017-09-16 16:44:48,980 - [webpage_manager.py:69] - INFO - url http://www.lecai.com/ is depth 2 great crawl depth 1
2017-09-16 16:44:48,982 - [webpage_manager.py:69] - INFO - url https://tieba.baidu.com/ is depth 2 great crawl depth 1
2017-09-16 16:44:48,983 - [webpage_manager.py:69] - INFO - url http://tieba.baidu.com/f/index/forumpark?cn=电影话题&ci=0&pcn=电影&pci=0&ct=1&rn=20&pn=1 is depth 2 great crawl depth 1
2017-09-16 16:44:48,984 - [webpage_manager.py:69] - INFO - url http://tongji.baidu.com/ is depth 2 great crawl depth 1
2017-09-16 16:44:48,984 - [webpage_manager.py:69] - INFO - url http://www.baidu.com/s?word=%E6%AF%94%E7%89%B9%E5%B8%81%E4%B8%AD%E5%9B%BD%E5%B0%86%E5%81%9C%E4%BA%A4&tn=sitehao123_10_pg&ie=utf-8 is depth 2 great crawl depth 1
2017-09-16 16:44:48,985 - [webpage_manager.py:69] - INFO - url http://youke.baidu.com/ is depth 2 great crawl depth 1
2017-09-16 16:44:48,986 - [webpage_manager.py:69] - INFO - url http://tieba.baidu.com/f/index/forumpark?cn=时尚·生活服务&ci=0&pcn=电视节目&pci=0&ct=1&rn=20&pn=1 is depth 2 great crawl depth 1
2017-09-16 16:44:48,987 - [webpage_manager.py:69] - INFO - url http://www.cctv.com/ is depth 2 great crawl depth 1
2017-09-16 16:44:48,987 - [webpage_manager.py:69] - INFO - url http://h5.baidu.com/ is depth 2 great crawl depth 1
2017-09-16 16:44:48,989 - [webpage_manager.py:69] - INFO - url http://tieba.baidu.com/p/5322029132 is depth 2 great crawl depth 1
2017-09-16 16:44:48,989 - [webpage_manager.py:69] - INFO - url http://www.baidu.com/?tn=sitehao123_15 is depth 2 great crawl depth 1
2017-09-16 16:44:48,992 - [webpage_manager.py:69] - INFO - url http://y.baidu.com is depth 2 great crawl depth 1
2017-09-16 16:44:48,995 - [webpage_manager.py:69] - INFO - url http://tieba.baidu.com/f/index/forumpark?cn=江苏&ci=0&pcn=地区&pci=0&ct=1&rn=20&pn=1 is depth 2 great crawl depth 1
2017-09-16 16:44:48,997 - [webpage_manager.py:69] - INFO - url https://www.baifubao.com/ is depth 2 great crawl depth 1
2017-09-16 16:44:48,998 - [webpage_manager.py:69] - INFO - url https://www.nuomi.com/pcindex/index/trans?fr=hao123&to=ctrip is depth 2 great crawl depth 1
2017-09-16 16:44:48,999 - [webpage_manager.py:69] - INFO - url http://tieba.baidu.com/f/index/forumpark?cn=香港电视剧&ci=0&pcn=电视剧&pci=0&ct=1&rn=20&pn=1 is depth 2 great crawl depth 1
2017-09-16 16:44:49,001 - [webpage_manager.py:69] - INFO - url http://anquan.baidu.com/shadu is depth 2 great crawl depth 1
2017-09-16 16:44:49,004 - [webpage_manager.py:69] - INFO - url https://pan.baidu.com/ is depth 2 great crawl depth 1
2017-09-16 16:44:49,005 - [webpage_manager.py:69] - INFO - url http://tieba.baidu.com/f/index/forumpark?cn=奇幻&ci=403&pcn=小说&pci=161&ct=0&rn=20&pn=1 is depth 2 great crawl depth 1
2017-09-16 16:44:49,006 - [webpage_manager.py:69] - INFO - url http://yingxiao.baidu.com is depth 2 great crawl depth 1
2017-09-16 16:44:49,006 - [webpage_manager.py:69] - INFO - url http://mil.huanqiu.com/ is depth 2 great crawl depth 1
2017-09-16 16:44:49,007 - [webpage_manager.py:69] - INFO - url http://tieba.baidu.com/f?kw=%E7%BA%A2%E8%B1%86%E7%88%B1%E9%98%BF%E7%BF%81 is depth 2 great crawl depth 1
2017-09-16 16:44:49,007 - [webpage_manager.py:69] - INFO - url http://baobao.baidu.com is depth 2 great crawl depth 1
2017-09-16 16:44:49,012 - [webpage_manager.py:69] - INFO - url http://tieba.baidu.com/f/index/forumpark?cn=历史&ci=0&pcn=人文自然&pci=0&ct=1&rn=20&pn=1 is depth 2 great crawl depth 1
2017-09-16 16:44:49,013 - [webpage_manager.py:69] - INFO - url http://www.baidu.com/s?word=%E6%9D%8E%E9%9B%A8%E6%A1%90%E5%86%8D%E7%88%86%E6%96%99&tn=50000028_hao_pg&ie=utf-8' is depth 2 great crawl depth 1
2017-09-16 16:44:49,014 - [webpage_manager.py:69] - INFO - url http://tieba.baidu.com/f/index/forumpark?cn=河南&ci=0&pcn=地区&pci=0&ct=1&rn=20&pn=1 is depth 2 great crawl depth 1
2017-09-16 16:44:49,014 - [webpage_manager.py:69] - INFO - url http://zhanzhang.baidu.com/ is depth 2 great crawl depth 1
2017-09-16 16:44:49,015 - [webpage_manager.py:69] - INFO - url http://news.163.com/ is depth 2 great crawl depth 1
2017-09-16 16:44:49,016 - [webpage_manager.py:69] - INFO - url http://tieba.baidu.com/p/5295629957 is depth 2 great crawl depth 1
2017-09-16 16:44:49,018 - [webpage_manager.py:69] - INFO - url http://duer.baidu.com/ is depth 2 great crawl depth 1
2017-09-16 16:44:49,019 - [webpage_manager.py:69] - INFO - url http://video.hao123.baidu.com/dianshi is depth 2 great crawl depth 1
2017-09-16 16:44:49,020 - [webpage_manager.py:69] - INFO - url http://tieba.baidu.com/f/index/forumpark?cn=辽宁&ci=0&pcn=地区&pci=0&ct=1&rn=20&pn=1 is depth 2 great crawl depth 1
2017-09-16 16:44:49,025 - [webpage_manager.py:69] - INFO - url http://waimai.baidu.com/ is depth 2 great crawl depth 1
2017-09-16 16:44:49,032 - [webpage_manager.py:69] - INFO - url http://www.sina.com.cn/ is depth 2 great crawl depth 1
2017-09-16 16:44:49,033 - [webpage_manager.py:69] - INFO - url http://tieba.baidu.com/f/index/forumpark?cn=架空文&ci=409&pcn=小说&pci=161&ct=0&rn=20&pn=1 is depth 2 great crawl depth 1
2017-09-16 16:44:49,037 - [webpage_manager.py:69] - INFO - url http://shurufa.baidu.com/ is depth 2 great crawl depth 1
2017-09-16 16:44:49,038 - [webpage_manager.py:69] - INFO - url https://www.baidu.com/s?word=%E9%99%88%E7%BE%BD%E5%87%A1%E5%A4%8D%E5%87%BA&50000105_hao_pg is depth 2 great crawl depth 1
2017-09-16 16:44:49,039 - [webpage_manager.py:69] - INFO - url http://tieba.baidu.com/home/main?un=无事找清凉 is depth 2 great crawl depth 1
2017-09-16 16:44:49,039 - [webpage_manager.py:69] - INFO - url http://tieba.baidu.com/f/index/forumpark?pcn=生活家&pci=214&ct=0&rn=20&pn=1 is depth 2 great crawl depth 1
2017-09-16 16:44:49,040 - [webpage_manager.py:69] - INFO - url http://baijiahao.baidu.com/ is depth 2 great crawl depth 1
2017-09-16 16:44:49,040 - [webpage_manager.py:69] - INFO - url http://www.hao123.com/gaoxiao is depth 2 great crawl depth 1
2017-09-16 16:44:49,040 - [webpage_manager.py:69] - INFO - url http://tieba.baidu.com/home/main?un=%E7%BB%93%E4%BB%96%E5%B1%8B&fr=index is depth 2 great crawl depth 1
2017-09-16 16:44:49,041 - [webpage_manager.py:69] - INFO - url http://top.baidu.com/ is depth 2 great crawl depth 1
2017-09-16 16:44:49,042 - [webpage_manager.py:69] - INFO - url http://www.eastmoney.com is depth 2 great crawl depth 1
2017-09-16 16:44:49,044 - [webpage_manager.py:69] - INFO - url http://tieba.baidu.com/f?kw=%E7%BE%8E%E9%A3%9F is depth 2 great crawl depth 1
2017-09-16 16:44:49,045 - [webpage_manager.py:69] - INFO - url http://apistore.baidu.com/ is depth 2 great crawl depth 1
2017-09-16 16:44:49,048 - [webpage_manager.py:69] - INFO - url https://game.hao123.com is depth 2 great crawl depth 1
2017-09-16 16:44:49,050 - [webpage_manager.py:69] - INFO - url http://tieba.baidu.com/f?kw=%E5%90%89%E4%BB%96 is depth 2 great crawl depth 1
2017-09-16 16:44:49,053 - [webpage_manager.py:69] - INFO - url http://fanyi.baidu.com/appdownload/download.html is depth 2 great crawl depth 1
2017-09-16 16:44:49,056 - [webpage_manager.py:69] - INFO - url https://www.baidu.com/s?word=%E7%8E%A9%E5%9C%A8%E8%A5%BF%E5%85%83%E5%89%8D&tn=50000016_hao_pg&ie=utf-8 is depth 2 great crawl depth 1
2017-09-16 16:44:49,058 - [webpage_manager.py:69] - INFO - url http://tieba.baidu.com/home/main?un=悲伤的羔羊 is depth 2 great crawl depth 1
2017-09-16 16:44:49,060 - [webpage_manager.py:69] - INFO - url http://lvyou.baidu.com/ is depth 2 great crawl depth 1
2017-09-16 16:44:49,060 - [webpage_manager.py:69] - INFO - url http://v.hao123.baidu.com/zongyi/ is depth 2 great crawl depth 1
2017-09-16 16:44:49,062 - [webpage_manager.py:69] - INFO - url http://tieba.baidu.com/f?kw=%E5%8F%8D%E5%8F%9B%E7%9A%84%E9%B2%81%E8%B7%AF%E4%BF%AE is depth 2 great crawl depth 1
2017-09-16 16:44:49,063 - [webpage_manager.py:69] - INFO - url http://developer.baidu.com/vcast is depth 2 great crawl depth 1
2017-09-16 16:44:49,064 - [webpage_manager.py:69] - INFO - url https://ai.taobao.com/search/index.htm?key=%E9%9B%B6%E9%A3%9F&pid=mm_43125636_4246598_118736310 is depth 2 great crawl depth 1
2017-09-16 16:44:49,065 - [webpage_manager.py:69] - INFO - url http://weirenwu.baidu.com is depth 2 great crawl depth 1
2017-09-16 16:44:49,065 - [webpage_manager.py:69] - INFO - url http://tieba.baidu.com/f?kw=%E4%BA%A1%E5%9B%BD%E7%9A%84%E9%98%BF%E5%9F%BA%E7%89%B9 is depth 2 great crawl depth 1
2017-09-16 16:44:49,066 - [webpage_manager.py:69] - INFO - url http://tejia.hao123.com/?tn=xqdh is depth 2 great crawl depth 1
2017-09-16 16:44:49,069 - [webpage_manager.py:69] - INFO - url http://www.nuomi.com/ is depth 2 great crawl depth 1
2017-09-16 16:44:49,070 - [webpage_manager.py:69] - INFO - url http://tieba.baidu.com/f/index/forumpark?cn=连载&ci=169&pcn=小说&pci=161&ct=0&rn=20&pn=1 is depth 2 great crawl depth 1
2017-09-16 16:44:49,071 - [webpage_manager.py:69] - INFO - url http://gupiao.baidu.com/ is depth 2 great crawl depth 1
2017-09-16 16:44:49,073 - [webpage_manager.py:69] - INFO - url http://clickc.admaster.com.cn/c/a93044,b1932074,c1165,i0,m101,8a1,8b2,h is depth 2 great crawl depth 1
2017-09-16 16:44:49,075 - [webpage_manager.py:69] - INFO - url http://tieba.baidu.com/f?kw=天涯明月刀OL is depth 2 great crawl depth 1
2017-09-16 16:44:49,076 - [webpage_manager.py:69] - INFO - url http://tuijian.baidu.com/ is depth 2 great crawl depth 1
2017-09-16 16:44:49,080 - [webpage_manager.py:69] - INFO - url http://www.ce.cn/ is depth 2 great crawl depth 1
2017-09-16 16:44:49,081 - [webpage_manager.py:69] - INFO - url http://tieba.baidu.com/f/index/forumpark?cn=星座&ci=263&pcn=闲·趣&pci=429&ct=0&rn=20&pn=1 is depth 2 great crawl depth 1
2017-09-16 16:44:49,083 - [webpage_manager.py:69] - INFO - url http://motu.baidu.com/  is depth 2 great crawl depth 1
2017-09-16 16:44:49,084 - [webpage_manager.py:69] - INFO - url http://www.hao123.com/sports is depth 2 great crawl depth 1
2017-09-16 16:44:49,085 - [webpage_manager.py:69] - INFO - url https://tieba.baidu.com/p/5324050670 is depth 2 great crawl depth 1
2017-09-16 16:44:49,085 - [webpage_manager.py:69] - INFO - url http://xueshu.baidu.com/  is depth 2 great crawl depth 1
2017-09-16 16:44:49,086 - [webpage_manager.py:69] - INFO - url http://www.hao123.com/api/ajax?menu=xyx_kp is depth 2 great crawl depth 1
2017-09-16 16:44:49,086 - [webpage_manager.py:69] - INFO - url http://tieba.baidu.com/f?kw=%E6%9C%B1%E4%BF%AE is depth 2 great crawl depth 1
2017-09-16 16:44:49,087 - [webpage_manager.py:69] - INFO - url http://lvshi.baidu.com/ is depth 2 great crawl depth 1
2017-09-16 16:44:49,087 - [webpage_manager.py:69] - INFO - url https://union-click.jd.com/jdc?d=iEZf6v is depth 2 great crawl depth 1
2017-09-16 16:44:49,087 - [webpage_manager.py:69] - INFO - url http://tieba.baidu.com/f/index/forumpark?cn=民族文化&ci=0&pcn=人文自然&pci=0&ct=1&rn=20&pn=1 is depth 2 great crawl depth 1
2017-09-16 16:44:49,088 - [webpage_manager.py:69] - INFO - url http://player.baidu.com/ is depth 2 great crawl depth 1
2017-09-16 16:44:49,088 - [webpage_manager.py:69] - INFO - url http://www.baidu.com/s?word=%E9%82%A3%E5%B9%B4%E8%8A%B1%E5%BC%80%E6%9C%88%E6%AD%A3%E5%9C%86&tn=sitehao123_10_pg&ie=utf-8 is depth 2 great crawl depth 1
2017-09-16 16:44:49,091 - [webpage_manager.py:69] - INFO - url http://tieba.baidu.com/f/index/forumpark?cn=舞蹈&ci=283&pcn=体育迷&pci=275&ct=0&rn=20&pn=1 is depth 2 great crawl depth 1
2017-09-16 16:44:49,098 - [webpage_manager.py:69] - INFO - url https://liulanqi.baidu.com/ is depth 2 great crawl depth 1
2017-09-16 16:44:49,121 - [webpage_manager.py:69] - INFO - url http://tieba.baidu.com/f/index/forumpark?cn=四川院校&ci=0&pcn=高等院校&pci=0&ct=1&rn=20&pn=1 is depth 2 great crawl depth 1
2017-09-16 16:44:49,122 - [webpage_manager.py:69] - INFO - url https://www.baidu.com/s?word=%E4%B9%BE%E5%9D%A4%E6%88%98%E7%BA%AA&tn=50000016_hao_pg&ie=utf-8 is depth 2 great crawl depth 1
2017-09-16 16:44:49,123 - [webpage_manager.py:69] - INFO - url http://push.baidu.com/ is depth 2 great crawl depth 1
2017-09-16 16:44:49,124 - [webpage_manager.py:69] - INFO - url http://tieba.baidu.com/p/5289960175 is depth 2 great crawl depth 1
2017-09-16 16:44:49,125 - [webpage_manager.py:69] - INFO - url https://www.baidu.com/s?word=%E6%96%B0%E8%83%BD%E6%BA%90SUV&tn=50000017_hao_pg&ie=utf-8 is depth 2 great crawl depth 1
2017-09-16 16:44:49,126 - [webpage_manager.py:69] - INFO - url https://www.baidu.com/s?word=%E7%90%86%E8%B4%A2%E6%96%B0%E8%B6%8B%E5%8A%BF&tn=50000017_hao_pg&ie=utf-8 is depth 2 great crawl depth 1
2017-09-16 16:44:49,127 - [webpage_manager.py:69] - INFO - url https://open2.baidu.com/ is depth 2 great crawl depth 1
2017-09-16 16:44:49,128 - [webpage_manager.py:69] - INFO - url http://tieba.baidu.com/f/index/forumpark?cn=鉴赏收藏&ci=0&pcn=人文自然&pci=0&ct=1&rn=20&pn=1 is depth 2 great crawl depth 1
2017-09-16 16:44:49,129 - [webpage_manager.py:69] - INFO - url http://www.beian.gov.cn/portal/registerSystemInfo?recordcode=11000002000001 is depth 2 great crawl depth 1
2017-09-16 16:44:49,129 - [webpage_manager.py:69] - INFO - url http://imageplus.baidu.com/ is depth 2 great crawl depth 1
2017-09-16 16:44:49,130 - [webpage_manager.py:69] - INFO - url http://tieba.baidu.com/p/4863792456 is depth 2 great crawl depth 1
2017-09-16 16:44:49,130 - [webpage_manager.py:69] - INFO - url https://s.click.taobao.com/Z6beuAx is depth 2 great crawl depth 1
2017-09-16 16:44:49,131 - [webpage_manager.py:69] - INFO - url http://as.baidu.com/a/bdsuite is depth 2 great crawl depth 1
2017-09-16 16:44:49,131 - [webpage_manager.py:69] - INFO - url http://tieba.baidu.com/home/main?un=%E5%85%A8%E8%A8%80&fr=index is depth 2 great crawl depth 1
2017-09-16 16:44:49,132 - [webpage_manager.py:69] - INFO - url http://www.baidu.com/s?word=%E4%B8%89%E4%BA%9A%E8%88%AA%E7%8F%AD%E5%8F%96%E6%B6%88&tn=50000028_hao_pg&ie=utf-8' is depth 2 great crawl depth 1
2017-09-16 16:44:49,133 - [webpage_manager.py:69] - INFO - url http://pan.baidu.com/ is depth 2 great crawl depth 1
2017-09-16 16:44:49,133 - [webpage_manager.py:69] - INFO - url http://tieba.baidu.com/f/index/forumpark?cn=东南亚电视剧&ci=0&pcn=电视剧&pci=0&ct=1&rn=20&pn=1 is depth 2 great crawl depth 1
2017-09-16 16:44:49,134 - [webpage_manager.py:69] - INFO - url http://dl.hao123.com/waphao123/n_apk/hao1231019956s.apk is depth 2 great crawl depth 1
2017-09-16 16:44:49,135 - [webpage_manager.py:69] - INFO - url http://video.baidu.com/ is depth 2 great crawl depth 1
2017-09-16 16:44:49,136 - [webpage_manager.py:69] - INFO - url http://tieba.baidu.com/f/index/forumpark?cn=韩国明星&ci=0&pcn=娱乐明星&pci=0&ct=1&rn=20&pn=1 is depth 2 great crawl depth 1
2017-09-16 16:44:49,137 - [webpage_manager.py:69] - INFO - url https://www.baidu.com/s?word=%E4%BF%A1%E5%8F%B7%E6%94%BE%E5%A4%A7%E5%99%A8&tn=50000019_hao_pg&ie=utf-8 is depth 2 great crawl depth 1
2017-09-16 16:44:49,138 - [webpage_manager.py:69] - INFO - url http://yuedu.baidu.com/ is depth 2 great crawl depth 1
2017-09-16 16:44:49,139 - [webpage_manager.py:69] - INFO - url http://tieba.baidu.com/f/index/forumpark?pcn=电影&pci=0&ct=1&rn=20&pn=1 is depth 2 great crawl depth 1
2017-09-16 16:44:49,139 - [webpage_manager.py:69] - INFO - url http://www.gmw.cn/ is depth 2 great crawl depth 1
2017-09-16 16:44:49,140 - [webpage_manager.py:69] - INFO - url http://game.91.com/ is depth 2 great crawl depth 1
2017-09-16 16:44:49,141 - [webpage_manager.py:69] - INFO - url http://tieba.baidu.com/f/index/forumpark?cn=主持人&ci=0&pcn=娱乐明星&pci=0&ct=1&rn=20&pn=1 is depth 2 great crawl depth 1
2017-09-16 16:44:49,142 - [webpage_manager.py:69] - INFO - url https://ai.taobao.com/search/index.htm?key=%E5%85%BB%E7%94%9F%E4%BF%9D%E5%81%A5&pid=mm_43125636_4246598_118736310 is depth 2 great crawl depth 1
2017-09-16 16:44:49,143 - [webpage_manager.py:69] - INFO - url http://mtj.baidu.com is depth 2 great crawl depth 1
2017-09-16 16:44:49,144 - [webpage_manager.py:69] - INFO - url https://tieba.baidu.com/p/3178642157 is depth 2 great crawl depth 1
2017-09-16 16:44:49,145 - [webpage_manager.py:69] - INFO - url http://www.sohu.com/ is depth 2 great crawl depth 1
2017-09-16 16:44:49,148 - [webpage_manager.py:69] - INFO - url http://site.baidu.com/ is depth 2 great crawl depth 1
2017-09-16 16:44:49,149 - [webpage_manager.py:69] - INFO - url http://tieba.baidu.com/f/index/forumpark?cn=搞笑漫画&ci=319&pcn=动漫宅&pci=206&ct=0&rn=20&pn=1 is depth 2 great crawl depth 1
2017-09-16 16:44:49,150 - [webpage_manager.py:69] - INFO - url https://www.baidu.com/s?word=%E6%97%A9%E6%95%99%E5%8A%A0%E7%9B%9F&tn=50000019_hao_pg&ie=utf-8 is depth 2 great crawl depth 1
2017-09-16 16:44:49,152 - [webpage_manager.py:69] - INFO - url https://trust.baidu.com/ is depth 2 great crawl depth 1
2017-09-16 16:44:49,154 - [webpage_manager.py:69] - INFO - url http://tieba.baidu.com/show/zhanqi/roomList?tag_id=49 is depth 2 great crawl depth 1
2017-09-16 16:44:49,155 - [webpage_manager.py:69] - INFO - url https://www.suning.com/?utm_source=hao123&utm_medium=mingzhan is depth 2 great crawl depth 1
2017-09-16 16:44:49,156 - [webpage_manager.py:69] - INFO - url https://jiaoyu.baidu.com/topic/bsplatform/overview is depth 2 great crawl depth 1
2017-09-16 16:44:49,157 - [webpage_manager.py:69] - INFO - url http://tieba.baidu.com/f?kw=网络游戏 is depth 2 great crawl depth 1
2017-09-16 16:44:49,157 - [webpage_manager.py:69] - INFO - url http://www.renrenche.com/?fr=1465&tg_aid=10050666 is depth 2 great crawl depth 1
2017-09-16 16:44:49,157 - [webpage_manager.py:69] - INFO - url http://music.baidu.com/app is depth 2 great crawl depth 1
2017-09-16 16:44:49,158 - [webpage_manager.py:69] - INFO - url http://tieba.baidu.com/p/5161104407 is depth 2 great crawl depth 1
2017-09-16 16:44:49,158 - [webpage_manager.py:69] - INFO - url https://s.click.taobao.com/qvi0lew is depth 2 great crawl depth 1
2017-09-16 16:44:49,161 - [webpage_manager.py:69] - INFO - url http://tieba.baidu.com/f/index/forumpark?cn=东南亚电影&ci=0&pcn=电影&pci=0&ct=1&rn=20&pn=1 is depth 2 great crawl depth 1
2017-09-16 16:44:49,164 - [webpage_manager.py:69] - INFO - url http://mil.news.sina.com.cn/ is depth 2 great crawl depth 1
2017-09-16 16:44:49,166 - [webpage_manager.py:69] - INFO - url http://tieba.baidu.com/f?ie=utf-8&kw=%E6%89%8B%E6%B8%B8%E5%85%88%E9%94%8B is depth 2 great crawl depth 1
2017-09-16 16:44:49,167 - [webpage_manager.py:69] - INFO - url https://www.baidu.com/s?word=%E5%8F%8C%E8%89%B2%E7%90%83&tn=50000103_hao_pg&ie=utf-8 is depth 2 great crawl depth 1
2017-09-16 16:44:49,168 - [webpage_manager.py:69] - INFO - url http://tieba.baidu.com/f/index/forumpark?pcn=电视节目&pci=0&ct=1&rn=20&pn=1 is depth 2 great crawl depth 1
2017-09-16 16:44:49,170 - [webpage_manager.py:69] - INFO - url http://www.hao123.com/api/ajax?menu=movie_kp is depth 2 great crawl depth 1
2017-09-16 16:44:49,170 - [webpage_manager.py:69] - INFO - url http://tieba.baidu.com/home/main?un=%E4%B9%85%E5%88%A5%E6%95%85%E4%BA%BA&fr=index is depth 2 great crawl depth 1
2017-09-16 16:44:49,171 - [webpage_manager.py:69] - INFO - url https://www.baidu.com/s?wd=%E5%BF%AB%E9%80%9F%E5%80%9F%E6%AC%BE&tn=50000056_hao_pg&ie=UTF-8 is depth 2 great crawl depth 1
2017-09-16 16:44:49,175 - [webpage_manager.py:69] - INFO - url http://tieba.baidu.com/p/5072187785 is depth 2 great crawl depth 1
2017-09-16 16:44:49,178 - [webpage_manager.py:69] - INFO - url http://www.baidu.com/s?word=%E6%AF%94%E7%89%B9%E5%B8%81%E4%B8%AD%E5%9B%BD%E5%B0%86%E5%85%B3%E5%81%9C&tn=50000028_hao_pg&ie=utf-8' is depth 2 great crawl depth 1
2017-09-16 16:44:49,179 - [webpage_manager.py:69] - INFO - url http://www.msparis.com/?platform=pc&channel=hao123_001 is depth 2 great crawl depth 1
2017-09-16 16:44:49,180 - [webpage_manager.py:69] - INFO - url http://tieba.baidu.com/f?ie=utf-8&kw=%E6%96%97%E5%9C%B0%E4%B8%BB#app_forum_top is depth 2 great crawl depth 1
2017-09-16 16:44:49,181 - [webpage_manager.py:69] - INFO - url https://www.baidu.com/s?word=%E5%89%B2%E5%8F%8C%E7%9C%BC%E7%9A%AE&tn=50000018_hao_pg&ie=utf-8 is depth 2 great crawl depth 1
2017-09-16 16:44:49,184 - [webpage_manager.py:69] - INFO - url http://tieba.baidu.com/f?kw=%E9%87%91%E7%AB%8B&fr=index is depth 2 great crawl depth 1
2017-09-16 16:44:49,187 - [webpage_manager.py:69] - INFO - url http://tieba.baidu.com/f/index/forumpark?cn=CBA&ci=279&pcn=体育迷&pci=275&ct=0&rn=20&pn=1 is depth 2 great crawl depth 1
2017-09-16 16:44:49,187 - [webpage_manager.py:69] - INFO - url http://www.baidu.com/s?word=B%E7%AB%99%E8%AF%B7%E9%81%93%E5%A3%AB%E4%BD%9C%E6%B3%95&tn=sitehao123_10_pg&ie=utf-8 is depth 2 great crawl depth 1
2017-09-16 16:44:49,188 - [webpage_manager.py:69] - INFO - url http://tieba.baidu.com/f/index/forumpark?cn=美食&ci=380&pcn=生活家&pci=214&ct=0&rn=20&pn=1 is depth 2 great crawl depth 1
2017-09-16 16:44:49,189 - [webpage_manager.py:69] - INFO - url https://s.click.taobao.com/GSNeuAx is depth 2 great crawl depth 1
2017-09-16 16:44:49,189 - [webpage_manager.py:69] - INFO - url https://tieba.baidu.com/f?kw=%D3%A2%C8%FD%BC%CE%B8%E7&fr=ala0&loc=rec is depth 2 great crawl depth 1
2017-09-16 16:44:49,189 - [webpage_manager.py:69] - INFO - url https://www.baidu.com/s?word=%E8%A5%BF%E6%B8%B8%E9%9B%B6%E7%BA%AA%E5%85%83&tn=50000016_hao_pg&ie=utf-8 is depth 2 great crawl depth 1
2017-09-16 16:44:49,193 - [webpage_manager.py:69] - INFO - url http://tieba.baidu.com/f/index/forumpark?cn=客户端网游&ci=0&pcn=游戏&pci=0&ct=1&rn=20&pn=1 is depth 2 great crawl depth 1
2017-09-16 16:44:49,193 - [webpage_manager.py:69] - INFO - url http://www.tuniu.com/?p=15190 is depth 2 great crawl depth 1
2017-09-16 16:44:49,198 - [webpage_manager.py:69] - INFO - url https://www.baidu.com/s?word=%E4%BA%8C%E6%AC%A1%E5%85%83%E6%89%8B%E5%8A%9E&tn=50000017_hao_pg&ie=utf-8 is depth 2 great crawl depth 1
2017-09-16 16:44:49,199 - [webpage_manager.py:69] - INFO - url http://tieba.baidu.com/p/5288183027 is depth 2 great crawl depth 1
2017-09-16 16:44:49,201 - [webpage_manager.py:69] - INFO - url http://www.hao123.com/redian/problem.htm is depth 2 great crawl depth 1
2017-09-16 16:44:49,203 - [webpage_manager.py:69] - INFO - url http://tieba.baidu.com/home/main?un=%E5%A4%95%E9%98%B3%E7%95%99%E5%A2%A8%E9%A6%99&fr=index is depth 2 great crawl depth 1
2017-09-16 16:44:49,205 - [webpage_manager.py:69] - INFO - url http://www.hao123.com/licai is depth 2 great crawl depth 1
2017-09-16 16:44:49,205 - [webpage_manager.py:69] - INFO - url http://tieba.baidu.com/f/index/forumpark?cn=言情&ci=177&pcn=小说&pci=161&ct=0&rn=20&pn=1 is depth 2 great crawl depth 1
2017-09-16 16:44:49,207 - [webpage_manager.py:69] - INFO - url http://www.beijing.gov.cn/ is depth 2 great crawl depth 1
2017-09-16 16:44:49,208 - [webpage_manager.py:69] - INFO - url http://tieba.baidu.com/f?kw=%E6%B8%B8%E6%88%8F%E7%9B%B4%E6%92%AD  is depth 2 great crawl depth 1
2017-09-16 16:44:49,208 - [webpage_manager.py:69] - INFO - url http://www.fawan.com/2017/09/16/482152t185.html?hao123 is depth 2 great crawl depth 1
2017-09-16 16:44:49,209 - [webpage_manager.py:69] - INFO - url http://tieba.baidu.com/f?kw=me0407  is depth 2 great crawl depth 1
2017-09-16 16:44:49,212 - [webpage_manager.py:69] - INFO - url https://www.baidu.com/s?word=%E9%A2%88%E6%A4%8E%E7%97%85%E6%B2%BB%E7%96%97&tn=50000018_hao_pg&ie=utf-8 is depth 2 great crawl depth 1
2017-09-16 16:44:49,218 - [webpage_manager.py:69] - INFO - url http://tieba.baidu.com/p/5319276352 is depth 2 great crawl depth 1
2017-09-16 16:44:49,220 - [webpage_manager.py:69] - INFO - url http://www.hao123.com/video/wangju is depth 2 great crawl depth 1
2017-09-16 16:44:49,222 - [webpage_manager.py:69] - INFO - url http://tieba.baidu.com/f/index/forumpark?cn=北京院校&ci=0&pcn=高等院校&pci=0&ct=1&rn=20&pn=1 is depth 2 great crawl depth 1
2017-09-16 16:44:49,225 - [webpage_manager.py:69] - INFO - url http://www.hao123.com/zt/lcqh is depth 2 great crawl depth 1
2017-09-16 16:44:49,226 - [webpage_manager.py:69] - INFO - url http://tieba.baidu.com/f/index/forumpark?cn=江苏院校&ci=0&pcn=高等院校&pci=0&ct=1&rn=20&pn=1 is depth 2 great crawl depth 1
2017-09-16 16:44:49,228 - [webpage_manager.py:69] - INFO - url https://www.baidu.com/s?word=%E8%BD%BB%E6%9D%BE%E8%87%B4%E5%AF%8C&tn=50000019_hao_pg&ie=utf-8 is depth 2 great crawl depth 1
2017-09-16 16:44:49,230 - [webpage_manager.py:69] - INFO - url http://tieba.baidu.com/home/main?un=%E7%83%AD%E6%83%85%E7%9A%84%E9%9A%8F%E4%BE%BF%E4%BD%A0%E6%93%8D&fr=index is depth 2 great crawl depth 1
2017-09-16 16:44:49,231 - [webpage_manager.py:69] - INFO - url http://www.hao123.com/gaoxiao/haomeizi/1011 is depth 2 great crawl depth 1
2017-09-16 16:44:49,233 - [webpage_manager.py:69] - INFO - url http://tieba.baidu.com/f/index/forumpark?cn=山东&ci=0&pcn=地区&pci=0&ct=1&rn=20&pn=1 is depth 2 great crawl depth 1
2017-09-16 16:44:49,234 - [webpage_manager.py:69] - INFO - url http://www.baidu.com/s?word=%E4%B8%83%E6%9C%88%E5%BB%BF%E5%85%AD&tn=sitehao123_11_pg&ie=utf-8 is depth 2 great crawl depth 1
2017-09-16 16:44:49,237 - [webpage_manager.py:69] - INFO - url http://tieba.baidu.com/f/index/forumpark?pcn=小说&pci=161&ct=0&rn=20&pn=1 is depth 2 great crawl depth 1
2017-09-16 16:44:49,237 - [webpage_manager.py:69] - INFO - url http://v.hao123.baidu.com/dianying/ is depth 2 great crawl depth 1
2017-09-16 16:44:49,239 - [webpage_manager.py:69] - INFO - url http://www.renrenche.com/ershouche?fr=hao123&tg_aid=10029701 is depth 2 great crawl depth 1
2017-09-16 16:44:49,239 - [webpage_manager.py:69] - INFO - url http://tieba.baidu.com/f/index/forumpark?cn=游戏角色&ci=0&pcn=游戏&pci=0&ct=1&rn=20&pn=1 is depth 2 great crawl depth 1
2017-09-16 16:44:49,243 - [webpage_manager.py:69] - INFO - url http://map.baidu.com/?newmap=1&l=12&s=s%26wd%3D%E9%85%92%E5%BA%97 is depth 2 great crawl depth 1
2017-09-16 16:44:49,245 - [webpage_manager.py:69] - INFO - url http://tieba.baidu.com/home/main?un=贴吧会员 is depth 2 great crawl depth 1
2017-09-16 16:44:49,246 - [webpage_manager.py:69] - INFO - url https://www.booking.com/index.html?aid=1337411 is depth 2 great crawl depth 1
2017-09-16 16:44:49,247 - [webpage_manager.py:69] - INFO - url http://tieba.baidu.com/f/index/forumpark?cn=电视台及频道&ci=0&pcn=电视节目&pci=0&ct=1&rn=20&pn=1 is depth 2 great crawl depth 1
2017-09-16 16:44:49,251 - [webpage_manager.py:69] - INFO - url http://www.37.com/ is depth 2 great crawl depth 1
2017-09-16 16:44:49,252 - [webpage_manager.py:69] - INFO - url http://tieba.baidu.com/show/zhanqi/roomList?tag_id=6 is depth 2 great crawl depth 1
2017-09-16 16:44:49,253 - [webpage_manager.py:69] - INFO - url http://www.163.com/ is depth 2 great crawl depth 1
2017-09-16 16:44:49,254 - [webpage_manager.py:69] - INFO - url http://tieba.baidu.com/f/index/forumpark?cn=陕西院校&ci=0&pcn=高等院校&pci=0&ct=1&rn=20&pn=1 is depth 2 great crawl depth 1
2017-09-16 16:44:49,256 - [webpage_manager.py:69] - INFO - url http://tieba.baidu.com/show/zhanqi/roomList?tag_id=9 is depth 2 great crawl depth 1
2017-09-16 16:44:49,257 - [webpage_manager.py:69] - INFO - url http://xyx.hao123.com/ is depth 2 great crawl depth 1
2017-09-16 16:44:49,259 - [webpage_manager.py:69] - INFO - url http://tieba.baidu.com/p/4865014695 is depth 2 great crawl depth 1
2017-09-16 16:44:49,260 - [webpage_manager.py:69] - INFO - url http://tuijian.hao123.com/ is depth 2 great crawl depth 1
2017-09-16 16:44:49,263 - [webpage_manager.py:69] - INFO - url https://tieba.baidu.com/p/3178646589 is depth 2 great crawl depth 1
2017-09-16 16:44:49,265 - [webpage_manager.py:69] - INFO - url http://www.baidu.com/s?word=%E8%96%9B%E4%B9%8B%E8%B0%A6%E5%9B%9E%E5%BA%94%E9%A3%8E%E6%B3%A2&tn=sitehao123_10_pg&ie=utf-8 is depth 2 great crawl depth 1
2017-09-16 16:44:49,266 - [webpage_manager.py:69] - INFO - url http://tieba.baidu.com/home/main?un=%E6%99%93%E9%9B%BE%E6%84%81%E5%BD%BB&fr=index is depth 2 great crawl depth 1
2017-09-16 16:44:49,267 - [webpage_manager.py:69] - INFO - url http://news.ifeng.com/a/20170916/52021026_0.shtml?_zbs_hao123_pic is depth 2 great crawl depth 1
2017-09-16 16:44:49,268 - [webpage_manager.py:69] - INFO - url http://tieba.baidu.com/f?ie=utf-8&kw=T%E8%B1%86%E5%A8%B1%E4%B9%90%E5%9F%8E&fr=search is depth 2 great crawl depth 1
2017-09-16 16:44:49,268 - [webpage_manager.py:69] - INFO - url http://www.hao123.com/auto is depth 2 great crawl depth 1
2017-09-16 16:44:49,269 - [webpage_manager.py:69] - INFO - url http://tieba.baidu.com/f/index/forumpark?cn=单机游戏&ci=0&pcn=游戏&pci=0&ct=1&rn=20&pn=1 is depth 2 great crawl depth 1
2017-09-16 16:44:49,270 - [webpage_manager.py:69] - INFO - url http://tuijian.hao123.com/?type=military is depth 2 great crawl depth 1
2017-09-16 16:44:49,271 - [webpage_manager.py:69] - INFO - url http://tieba.baidu.com/f/index/forumpark?cn=山西&ci=0&pcn=地区&pci=0&ct=1&rn=20&pn=1 is depth 2 great crawl depth 1
2017-09-16 16:44:49,272 - [webpage_manager.py:69] - INFO - url http://soft.hao123.com/?=shouye is depth 2 great crawl depth 1
2017-09-16 16:44:49,272 - [webpage_manager.py:69] - INFO - url http://tieba.baidu.com/home/main?un=倩Q1228228888 is depth 2 great crawl depth 1
2017-09-16 16:44:49,273 - [webpage_manager.py:69] - INFO - url http://www.baidu.com/s?word=%E6%B1%AA%E5%B3%B0%E5%91%8A%E7%99%BD%E7%AB%A0%E5%AD%90%E6%80%A1&tn=sitehao123_10_pg&ie=utf-8 is depth 2 great crawl depth 1
2017-09-16 16:44:49,274 - [webpage_manager.py:69] - INFO - url http://tieba.baidu.com/hottopic/browse/topicList?res_type=1 is depth 2 great crawl depth 1
2017-09-16 16:44:49,276 - [webpage_manager.py:69] - INFO - url http://hot.ynet.com/2017/09/16/482182t1593.html is depth 2 great crawl depth 1
2017-09-16 16:44:49,277 - [webpage_manager.py:69] - INFO - url http://tieba.baidu.com/f/index/forumpark?cn=摄影&ci=82&pcn=生活家&pci=214&ct=0&rn=20&pn=1 is depth 2 great crawl depth 1
2017-09-16 16:44:49,278 - [webpage_manager.py:69] - INFO - url http://xyx.hao123.com is depth 2 great crawl depth 1
2017-09-16 16:44:49,280 - [webpage_manager.py:69] - INFO - url http://tieba.baidu.com/f/index/forumpark?cn=小游戏&ci=0&pcn=游戏&pci=0&ct=1&rn=20&pn=1 is depth 2 great crawl depth 1
2017-09-16 16:44:49,282 - [webpage_manager.py:69] - INFO - url http://go.hao123.com/sales?tn=mxlm is depth 2 great crawl depth 1
2017-09-16 16:44:49,283 - [webpage_manager.py:69] - INFO - url http://tieba.baidu.com/f/index/forumpark?cn=文玩&ci=522&pcn=生活家&pci=214&ct=0&rn=20&pn=1 is depth 2 great crawl depth 1
2017-09-16 16:44:49,284 - [webpage_manager.py:69] - INFO - url http://www.7k7k.com is depth 2 great crawl depth 1
2017-09-16 16:44:49,286 - [webpage_manager.py:69] - INFO - url http://tieba.baidu.com/f/index/forumpark?cn=修真&ci=412&pcn=小说&pci=161&ct=0&rn=20&pn=1 is depth 2 great crawl depth 1
2017-09-16 16:44:49,288 - [webpage_manager.py:69] - INFO - url http://tieba.baidu.com/f/index/forumpark?cn=吐槽&ci=152&pcn=闲·趣&pci=429&ct=0&rn=20&pn=1 is depth 2 great crawl depth 1
2017-09-16 16:44:49,288 - [webpage_manager.py:69] - INFO - url https://www.baidu.com/s?word=%E7%84%A6%E8%99%91%E8%84%B1%E5%8F%91%E7%97%87&tn=50000018_hao_pg&ie=utf-8 is depth 2 great crawl depth 1
2017-09-16 16:44:49,289 - [webpage_manager.py:69] - INFO - url http://tieba.baidu.com/f/index/forumpark?cn=推理&ci=83&pcn=动漫宅&pci=206&ct=0&rn=20&pn=1 is depth 2 great crawl depth 1
2017-09-16 16:44:49,293 - [webpage_manager.py:69] - INFO - url http://www.thepaper.cn/ is depth 2 great crawl depth 1
2017-09-16 16:44:49,294 - [webpage_manager.py:69] - INFO - url http://tieba.baidu.com/f/index/forumpark?cn=日本动漫&ci=312&pcn=动漫宅&pci=206&ct=0&rn=20&pn=1 is depth 2 great crawl depth 1
2017-09-16 16:44:49,297 - [webpage_manager.py:69] - INFO - url http://tieba.baidu.com/f?kw=%E5%A4%8D%E6%B4%BB%E7%9A%84%E9%B2%81%E9%B2%81%E4%BF%AE is depth 2 great crawl depth 1
2017-09-16 16:44:49,296 - [webpage_manager.py:69] - INFO - url http://www.miercn.com/ is depth 2 great crawl depth 1
2017-09-16 16:44:49,298 - [webpage_manager.py:69] - INFO - url http://tieba.baidu.com/p/5171608419 is depth 2 great crawl depth 1
2017-09-16 16:44:49,299 - [webpage_manager.py:69] - INFO - url http://www.hao123.com/api/ajax?menu=news_kp is depth 2 great crawl depth 1
2017-09-16 16:44:49,300 - [webpage_manager.py:69] - INFO - url https://tieba.baidu.com/p/5076353238 is depth 2 great crawl depth 1
2017-09-16 16:44:49,305 - [webpage_manager.py:69] - INFO - url http://gouwu.hao123.com/?tn=kuzhan is depth 2 great crawl depth 1
2017-09-16 16:44:49,306 - [webpage_manager.py:69] - INFO - url http://tieba.baidu.com/f/index/forumpark?cn=四川&ci=0&pcn=地区&pci=0&ct=1&rn=20&pn=1 is depth 2 great crawl depth 1
2017-09-16 16:44:49,311 - [webpage_manager.py:69] - INFO - url http://news.sohu.com/ is depth 2 great crawl depth 1
2017-09-16 16:44:49,312 - [webpage_manager.py:69] - INFO - url http://tieba.baidu.com/home/main?un=%E5%A3%B6%E5%A4%A9%E8%8A%B1%E8%AF%AD&fr=index is depth 2 great crawl depth 1
2017-09-16 16:44:49,314 - [webpage_manager.py:69] - INFO - url https://www.baidu.com/s?wd=%E8%A3%85%E4%BF%AE%E6%94%BB%E7%95%A5&tn=50000056_hao_pg&ie=UTF-8 is depth 2 great crawl depth 1
2017-09-16 16:44:49,314 - [webpage_manager.py:69] - INFO - url http://tieba.baidu.com/f?kw=%E9%95%BF%E7%9B%B8%E6%80%9D  is depth 2 great crawl depth 1
2017-09-16 16:44:49,315 - [webpage_manager.py:69] - INFO - url http://www.fang.com/ is depth 2 great crawl depth 1
2017-09-16 16:44:49,316 - [webpage_manager.py:69] - INFO - url http://tieba.baidu.com/p/5301072178 is depth 2 great crawl depth 1
2017-09-16 16:44:49,317 - [webpage_manager.py:69] - INFO - url http://www.hao123.com/api/ajax?menu=auto_kp is depth 2 great crawl depth 1
2017-09-16 16:44:49,319 - [webpage_manager.py:69] - INFO - url http://tieba.baidu.com/f/index/forumpark?cn=新闻资讯&ci=0&pcn=电视节目&pci=0&ct=1&rn=20&pn=1 is depth 2 great crawl depth 1
2017-09-16 16:44:49,319 - [webpage_manager.py:69] - INFO - url http://www.hao123.com/api/ajax?menu=tv_kp is depth 2 great crawl depth 1
2017-09-16 16:44:49,321 - [webpage_manager.py:69] - INFO - url http://tieba.baidu.com/f/index/forumpark?cn=其他地区电视剧&ci=0&pcn=电视剧&pci=0&ct=1&rn=20&pn=1 is depth 2 great crawl depth 1
2017-09-16 16:44:49,321 - [webpage_manager.py:69] - INFO - url http://mini.eastday.com/a/n170916095120551.html?qid=hao123tj is depth 2 great crawl depth 1
2017-09-16 16:44:49,323 - [webpage_manager.py:69] - INFO - url http://tieba.baidu.com/f?kw=%E8%B1%86%E8%94%93%E7%90%86%E8%B4%A2&fr=index is depth 2 great crawl depth 1
2017-09-16 16:44:49,323 - [webpage_manager.py:69] - INFO - url https://www.baidu.com/s?word=%E6%8A%91%E9%83%81%E5%A4%B1%E7%9C%A0%E7%97%87&tn=50000018_hao_pg&ie=utf-8 is depth 2 great crawl depth 1
2017-09-16 16:44:49,329 - [webpage_manager.py:69] - INFO - url http://tieba.baidu.com/home/main?un=神風苏逸 is depth 2 great crawl depth 1
2017-09-16 16:44:49,331 - [webpage_manager.py:69] - INFO - url http://www.baidu.com/s?word=%E7%BE%8E%E5%9B%BD%E5%86%9B%E4%BA%8B%E5%9F%BA%E5%9C%B0%E7%88%86%E7%82%B8&tn=50000028_hao_pg&ie=utf-8' is depth 2 great crawl depth 1
2017-09-16 16:44:49,332 - [webpage_manager.py:69] - INFO - url https://tieba.baidu.com/p/5128943840 is depth 2 great crawl depth 1
2017-09-16 16:44:49,333 - [webpage_manager.py:69] - INFO - url http://tieba.baidu.com/f/index/forumpark?cn=萌宠&ci=4&pcn=闲·趣&pci=429&ct=0&rn=20&pn=1 is depth 2 great crawl depth 1
2017-09-16 16:44:49,333 - [webpage_manager.py:69] - INFO - url http://zhidao.baidu.com is depth 2 great crawl depth 1
2017-09-16 16:44:49,333 - [webpage_manager.py:69] - INFO - url http://tieba.baidu.com/f/index/forumpark?cn=其他娱乐明星&ci=0&pcn=娱乐明星&pci=0&ct=1&rn=20&pn=1 is depth 2 great crawl depth 1
2017-09-16 16:44:49,334 - [webpage_manager.py:69] - INFO - url http://www.hao123.com/manhua is depth 2 great crawl depth 1
2017-09-16 16:44:49,335 - [webpage_manager.py:69] - INFO - url http://tieba.baidu.com/f/index/forumpark?cn=广东&ci=0&pcn=地区&pci=0&ct=1&rn=20&pn=1 is depth 2 great crawl depth 1
2017-09-16 16:44:49,336 - [webpage_manager.py:69] - INFO - url http://bdtg.9377d.com/sousuotg.php?id=17552 is depth 2 great crawl depth 1
2017-09-16 16:44:49,337 - [webpage_manager.py:69] - INFO - url http://tieba.baidu.com/f/index/forumpark?cn=内地综艺&ci=0&pcn=电视节目&pci=0&ct=1&rn=20&pn=1 is depth 2 great crawl depth 1
2017-09-16 16:44:49,338 - [webpage_manager.py:69] - INFO - url http://jingcai.hao123.com is depth 2 great crawl depth 1
2017-09-16 16:44:49,338 - [webpage_manager.py:69] - INFO - url http://map.baidu.com/m?fr=map006& is depth 2 great crawl depth 1
2017-09-16 16:44:49,339 - [webpage_manager.py:69] - INFO - url http://www.cri.cn/ is depth 2 great crawl depth 1
2017-09-16 16:44:49,339 - [webpage_manager.py:69] - INFO - url http://music.baidu.com/search?fr=tieba& is depth 2 great crawl depth 1
2017-09-16 16:44:49,339 - [webpage_manager.py:69] - INFO - url http://www.autohome.com.cn is depth 2 great crawl depth 1
2017-09-16 16:44:49,340 - [webpage_manager.py:69] - INFO - url http://tieba.baidu.com/f/index/forumpark?cn=欧美电影&ci=0&pcn=电影&pci=0&ct=1&rn=20&pn=1 is depth 2 great crawl depth 1
2017-09-16 16:44:49,342 - [webpage_manager.py:69] - INFO - url http://www.cac.gov.cn/ is depth 2 great crawl depth 1
2017-09-16 16:44:49,345 - [webpage_manager.py:69] - INFO - url http://tieba.baidu.com/p/5315589173 is depth 2 great crawl depth 1
2017-09-16 16:44:49,347 - [webpage_manager.py:69] - INFO - url http://www.fang.com is depth 2 great crawl depth 1
2017-09-16 16:44:49,348 - [webpage_manager.py:69] - INFO - url http://tieba.baidu.com/f?kw=c.c. is depth 2 great crawl depth 1
2017-09-16 16:44:49,350 - [webpage_manager.py:69] - INFO - url http://tuijian.hao123.com is depth 2 great crawl depth 1
2017-09-16 16:44:49,350 - [webpage_manager.py:69] - INFO - url http://tieba.baidu.com/f/index/forumpark?cn=国产动漫&ci=313&pcn=动漫宅&pci=206&ct=0&rn=20&pn=1 is depth 2 great crawl depth 1
2017-09-16 16:44:49,351 - [webpage_manager.py:69] - INFO - url http://news.ifeng.com/mil/ is depth 2 great crawl depth 1
2017-09-16 16:44:49,352 - [webpage_manager.py:69] - INFO - url http://www.hao123.com/redian/sheshouyef.htm is depth 2 great crawl depth 1
2017-09-16 16:44:49,354 - [webpage_manager.py:69] - INFO - url http://tieba.baidu.com/p/5280831737 is depth 2 great crawl depth 1
2017-09-16 16:44:49,354 - [webpage_manager.py:69] - INFO - url http://www.sohu.com/a/192335243_123753?_f=index_news_6?pvid=14855e4311efced0 is depth 2 great crawl depth 1
2017-09-16 16:44:49,355 - [webpage_manager.py:69] - INFO - url http://tieba.baidu.com/p/5320320013 is depth 2 great crawl depth 1
2017-09-16 16:44:49,356 - [webpage_manager.py:69] - INFO - url http://www.tiexue.net/ is depth 2 great crawl depth 1
2017-09-16 16:44:49,356 - [webpage_manager.py:69] - INFO - url http://tieba.baidu.com/f/index/forumpark?cn=内地电视剧&ci=0&pcn=电视剧&pci=0&ct=1&rn=20&pn=1 is depth 2 great crawl depth 1
2017-09-16 16:44:49,357 - [webpage_manager.py:69] - INFO - url http://go.hao123.com/?tn=mz is depth 2 great crawl depth 1
2017-09-16 16:44:49,357 - [webpage_manager.py:69] - INFO - url http://tieba.baidu.com/游戏直播 is depth 2 great crawl depth 1
2017-09-16 16:44:49,357 - [webpage_manager.py:69] - INFO - url http://www.baidu.com/s?word=%E5%8D%9A%E5%A3%AB%E5%9B%9E%E5%9B%BD%E7%9C%8B%E7%89%99%E6%83%8A%E5%8F%B9&tn=50000028_hao_pg&ie=utf-8' is depth 2 great crawl depth 1
2017-09-16 16:44:49,358 - [webpage_manager.py:69] - INFO - url http://tieba.baidu.com/f/index/forumpark?cn=体育运动·健身&ci=0&pcn=电视节目&pci=0&ct=1&rn=20&pn=1 is depth 2 great crawl depth 1
2017-09-16 16:44:49,359 - [webpage_manager.py:69] - INFO - url http://www.mgtv.com/ is depth 2 great crawl depth 1
2017-09-16 16:44:49,360 - [webpage_manager.py:69] - INFO - url http://tieba.baidu.com/f?kw=%E8%89%BA%E7%A6%8F%E5%A0%82&fr=index is depth 2 great crawl depth 1
2017-09-16 16:44:49,367 - [webpage_manager.py:69] - INFO - url http://www.baidu.com/s?word=%E5%8C%97%E4%BA%AC%E4%B8%80%E5%91%A8%E5%A4%A9%E6%B0%94%E9%A2%84%E6%8A%A5&tn=50000048_hao_pg&ie=utf-8 is depth 2 great crawl depth 1
2017-09-16 16:44:49,369 - [webpage_manager.py:69] - INFO - url http://tieba.baidu.com/f/index/forumpark?cn=乒乓球&ci=280&pcn=体育迷&pci=275&ct=0&rn=20&pn=1 is depth 2 great crawl depth 1
2017-09-16 16:44:49,371 - [webpage_manager.py:69] - INFO - url http://lt.cjdby.net/ is depth 2 great crawl depth 1
2017-09-16 16:44:49,372 - [webpage_manager.py:69] - INFO - url http://tieba.baidu.com/p/5286539583 is depth 2 great crawl depth 1
2017-09-16 16:44:49,373 - [webpage_manager.py:69] - INFO - url https://www.baidu.com/s?word=%E5%86%85%E5%88%86%E6%B3%8C%E7%B4%8A%E4%B9%B1&tn=50000018_hao_pg&ie=utf-8 is depth 2 great crawl depth 1
2017-09-16 16:44:49,373 - [webpage_manager.py:69] - INFO - url http://tieba.baidu.com/f/index/forumpark?cn=重口味&ci=257&pcn=闲·趣&pci=429&ct=0&rn=20&pn=1 is depth 2 great crawl depth 1
2017-09-16 16:44:49,374 - [webpage_manager.py:69] - INFO - url http://shehui.rmzxb.com.cn/c/2017-09-16/1796464.shtml is depth 2 great crawl depth 1
2017-09-16 16:44:49,374 - [webpage_manager.py:69] - INFO - url http://tieba.baidu.com/f/index/forumpark?cn=掌机游戏&ci=0&pcn=游戏&pci=0&ct=1&rn=20&pn=1 is depth 2 great crawl depth 1
2017-09-16 16:44:49,375 - [webpage_manager.py:69] - INFO - url https://www.baidu.com/s?word=%E4%BA%BA%E4%BA%BA%E8%BD%A6%E4%B9%B0%E8%BD%A6&tn=50000019_hao_pg&ie=utf-8 is depth 2 great crawl depth 1
2017-09-16 16:44:49,378 - [webpage_manager.py:69] - INFO - url https://www.baidu.com/s?word=%E7%8E%BB%E5%B0%BF%E9%85%B8%E7%BE%8E%E5%AE%B9&tn=50000018_hao_pg&ie=utf-8 is depth 2 great crawl depth 1
2017-09-16 16:44:49,376 - [webpage_manager.py:69] - INFO - url http://tieba.baidu.com/f?kw=%E7%94%BB%E6%B1%9F%E6%B9%96%E4%B9%8B%E6%8D%A2%E4%B8%96%E9%97%A8%E7%94%9F is depth 2 great crawl depth 1
2017-09-16 16:44:49,381 - [webpage_manager.py:69] - INFO - url http://game.hao123.com/ is depth 2 great crawl depth 1
2017-09-16 16:44:49,382 - [webpage_manager.py:69] - INFO - url http://tieba.baidu.com/f/index/forumpark?cn=河北院校&ci=0&pcn=高等院校&pci=0&ct=1&rn=20&pn=1 is depth 2 great crawl depth 1
2017-09-16 16:44:49,383 - [webpage_manager.py:69] - INFO - url http://www.qstheory.cn/ is depth 2 great crawl depth 1
2017-09-16 16:44:49,384 - [webpage_manager.py:69] - INFO - url https://tieba.baidu.com/p/3691190214 is depth 2 great crawl depth 1
2017-09-16 16:44:49,385 - [webpage_manager.py:69] - INFO - url http://www.ali213.net/ is depth 2 great crawl depth 1
2017-09-16 16:44:49,386 - [webpage_manager.py:69] - INFO - url http://tieba.baidu.com/f/index/forumpark?cn=网球&ci=281&pcn=体育迷&pci=275&ct=0&rn=20&pn=1 is depth 2 great crawl depth 1
2017-09-16 16:44:49,387 - [webpage_manager.py:69] - INFO - url http://mini.qq.com/ is depth 2 great crawl depth 1
2017-09-16 16:44:49,387 - [webpage_manager.py:69] - INFO - url http://tieba.baidu.com/f/index/forumpark?cn=美剧&ci=0&pcn=电视剧&pci=0&ct=1&rn=20&pn=1 is depth 2 great crawl depth 1
2017-09-16 16:44:49,388 - [webpage_manager.py:69] - INFO - url http://www.lvmama.com/?losc=050150&tele=603&cm_mmc=hao123-_-cpt-_-dh-_-m is depth 2 great crawl depth 1
2017-09-16 16:44:49,388 - [webpage_manager.py:69] - INFO - url http://v.baidu.com/v?ct=301989888&rn=20&pn=0&db=0&s=21& is depth 2 great crawl depth 1
2017-09-16 16:44:49,392 - [webpage_manager.py:69] - INFO - url http://tieba.baidu.com/home/main?un=%E9%A6%99%E8%95%89%E4%BD%A0%E4%B8%AA%E5%8D%9C%E5%A8%9C%E5%91%90&fr=index is depth 2 great crawl depth 1
2017-09-16 16:44:49,394 - [webpage_manager.py:69] - INFO - url https://www.baidu.com/s?word=%E4%BA%A7%E5%90%8E%E4%B8%B0%E8%83%B8&tn=50000018_hao_pg&ie=utf-8 is depth 2 great crawl depth 1
2017-09-16 16:44:49,396 - [webpage_manager.py:69] - INFO - url http://tieba.baidu.com/f?kw=%E5%A4%9A%E6%B5%86%E6%A4%8D%E7%89%A9 is depth 2 great crawl depth 1
2017-09-16 16:44:49,397 - [webpage_manager.py:69] - INFO - url http://www.hao123.com/stocknew is depth 2 great crawl depth 1
2017-09-16 16:44:49,401 - [webpage_manager.py:69] - INFO - url http://tieba.baidu.com/f/index/forumpark?cn=篮球&ci=277&pcn=体育迷&pci=275&ct=0&rn=20&pn=1 is depth 2 great crawl depth 1
2017-09-16 16:44:49,404 - [webpage_manager.py:69] - INFO - url http://music.hao123.com/ is depth 2 great crawl depth 1
2017-09-16 16:44:49,405 - [webpage_manager.py:69] - INFO - url http://tieba.baidu.com/f/index/forumpark?cn=日本明星&ci=0&pcn=娱乐明星&pci=0&ct=1&rn=20&pn=1 is depth 2 great crawl depth 1
2017-09-16 16:44:49,406 - [webpage_manager.py:69] - INFO - url http://www.hao123.com/api/ajax?menu=bagua_kp is depth 2 great crawl depth 1
2017-09-16 16:44:49,406 - [webpage_manager.py:69] - INFO - url http://tieba.baidu.com/f/index/forumpark?cn=韩国综艺&ci=0&pcn=电视节目&pci=0&ct=1&rn=20&pn=1 is depth 2 great crawl depth 1
2017-09-16 16:44:49,408 - [webpage_manager.py:69] - INFO - url http://tieba.baidu.com/f/index/forumpark?cn=欧美动漫&ci=314&pcn=动漫宅&pci=206&ct=0&rn=20&pn=1 is depth 2 great crawl depth 1
2017-09-16 16:44:49,408 - [webpage_manager.py:69] - INFO - url http://image.baidu.com is depth 2 great crawl depth 1
2017-09-16 16:44:49,409 - [webpage_manager.py:69] - INFO - url http://tieba.baidu.com/p/5252510171 is depth 2 great crawl depth 1
2017-09-16 16:44:49,410 - [webpage_manager.py:69] - INFO - url http://www.hao123.com/video/lol is depth 2 great crawl depth 1
2017-09-16 16:44:49,410 - [webpage_manager.py:69] - INFO - url http://tieba.baidu.com/f/index/forumpark?cn=桌游&ci=0&pcn=游戏&pci=0&ct=1&rn=20&pn=1 is depth 2 great crawl depth 1
2017-09-16 16:44:49,412 - [webpage_manager.py:69] - INFO - url http://www.hao123.com/video/zixun is depth 2 great crawl depth 1
2017-09-16 16:44:49,413 - [webpage_manager.py:69] - INFO - url http://tieba.baidu.com/p/4748236204 is depth 2 great crawl depth 1
2017-09-16 16:44:49,413 - [webpage_manager.py:69] - INFO - url http://www.hao123.com/api/ajax?menu=military_kp is depth 2 great crawl depth 1
2017-09-16 16:44:49,414 - [webpage_manager.py:69] - INFO - url http://tieba.baidu.com/f?kw=t豆娱乐城 is depth 2 great crawl depth 1
2017-09-16 16:44:49,414 - [webpage_manager.py:69] - INFO - url http://jump.luna.58.com/s?spm=b-31580022738699-me-f-862&ch=mingzhan is depth 2 great crawl depth 1
2017-09-16 16:44:49,416 - [webpage_manager.py:69] - INFO - url http://tieba.baidu.com/f/index/forumpark?cn=声优&ci=210&pcn=动漫宅&pci=206&ct=0&rn=20&pn=1 is depth 2 great crawl depth 1
2017-09-16 16:44:49,420 - [webpage_manager.py:69] - INFO - url http://www.hao123.com/zt/2017lygq is depth 2 great crawl depth 1
2017-09-16 16:44:49,422 - [webpage_manager.py:69] - INFO - url http://tieba.baidu.com/p/5152350465 is depth 2 great crawl depth 1
2017-09-16 16:44:49,423 - [webpage_manager.py:69] - INFO - url http://www.hao123.com/nba is depth 2 great crawl depth 1
2017-09-16 16:44:49,425 - [webpage_manager.py:69] - INFO - url http://tieba.baidu.com/f?kw=%E5%B0%8F%E8%90%9D%E8%8E%89 is depth 2 great crawl depth 1
2017-09-16 16:44:49,425 - [webpage_manager.py:69] - INFO - url https://chaoshi.suning.com/?utm_source=hao123&utm_medium=cnxhic2 is depth 2 great crawl depth 1
2017-09-16 16:44:49,426 - [webpage_manager.py:69] - INFO - url https://tieba.baidu.com/f?ie=utf-8&kw=%E8%9B%87%E5%A4%AB%E5%BA%A7&fr=search is depth 2 great crawl depth 1
2017-09-16 16:44:49,427 - [webpage_manager.py:69] - INFO - url http://live.hao123.com/ is depth 2 great crawl depth 1
2017-09-16 16:44:49,427 - [webpage_manager.py:69] - INFO - url http://tieba.baidu.com/f/index/forumpark?cn=自然&ci=0&pcn=人文自然&pci=0&ct=1&rn=20&pn=1 is depth 2 great crawl depth 1
2017-09-16 16:44:49,432 - [webpage_manager.py:69] - INFO - url http://www.baidu.com/s?word=%E6%9C%9D%E9%B2%9C%E5%8F%91%E5%B0%84%E5%AF%BC%E5%BC%B9&tn=sitehao123_10_pg&ie=utf-8 is depth 2 great crawl depth 1
2017-09-16 16:44:49,436 - [webpage_manager.py:69] - INFO - url http://tieba.baidu.com/home/main?un=%E4%BC%BC%E6%B0%B4%E5%B9%B4%E5%8D%8E%E5%80%BE%E5%A4%A9%E4%B8%8B&fr=index is depth 2 great crawl depth 1
2017-09-16 16:44:49,438 - [webpage_manager.py:69] - INFO - url http://www.lvmama.com/?losc=243930&tele=603&cm_mmc=hao123-_-cpt-_-dh-_-caixi is depth 2 great crawl depth 1
2017-09-16 16:44:49,438 - [webpage_manager.py:69] - INFO - url http://tieba.baidu.com/home/main?un=%E5%BA%9A%E5%93%9F&fr=index is depth 2 great crawl depth 1
2017-09-16 16:44:49,440 - [webpage_manager.py:69] - INFO - url http://v.hao123.baidu.com/ is depth 2 great crawl depth 1
2017-09-16 16:44:49,444 - [webpage_manager.py:69] - INFO - url https://tieba.baidu.com/p/4092934309 is depth 2 great crawl depth 1
2017-09-16 16:44:49,445 - [webpage_manager.py:69] - INFO - url http://www.hao123.com/api/ajax?skintype=0&toggle=1 is depth 2 great crawl depth 1
2017-09-16 16:44:49,447 - [webpage_manager.py:69] - INFO - url https://tieba.baidu.com/p/5013025064 is depth 2 great crawl depth 1
2017-09-16 16:44:49,447 - [webpage_manager.py:69] - INFO - url http://military.china.com/zh_cn/ is depth 2 great crawl depth 1
2017-09-16 16:44:49,450 - [webpage_manager.py:69] - INFO - url http://image.baidu.com/i?tn=baiduimage&ct=201326592&lm=-1&cl=2&ie=gbk& is depth 2 great crawl depth 1
2017-09-16 16:44:49,451 - [webpage_manager.py:69] - INFO - url https://www.baidu.com/s?word=%E5%87%BA%E6%B8%B8%E5%BF%85%E5%A4%87&tn=50000020_hao_pg&ie=utf-8 is depth 2 great crawl depth 1
2017-09-16 16:44:49,453 - [webpage_manager.py:69] - INFO - url http://tieba.baidu.com/f/index/forumpark?cn=台湾电视剧&ci=0&pcn=电视剧&pci=0&ct=1&rn=20&pn=1 is depth 2 great crawl depth 1
2017-09-16 16:44:49,454 - [webpage_manager.py:69] - INFO - url http://www.people.com.cn/ is depth 2 great crawl depth 1
2017-09-16 16:44:49,455 - [webpage_manager.py:69] - INFO - url http://tieba.baidu.com/home/main?un=%E4%B8%A8%E5%91%A8%E6%85%A7%E6%95%8F%E4%B8%A8&fr=index is depth 2 great crawl depth 1
2017-09-16 16:44:49,457 - [webpage_manager.py:69] - INFO - url https://www.renrenche.com/sales?fr=hao123&tg_aid=10048424 is depth 2 great crawl depth 1
2017-09-16 16:44:49,458 - [webpage_manager.py:69] - INFO - url http://tieba.baidu.com/f/index/forumpark?cn=时尚人物&ci=0&pcn=娱乐明星&pci=0&ct=1&rn=20&pn=1 is depth 2 great crawl depth 1
2017-09-16 16:44:49,459 - [webpage_manager.py:69] - INFO - url https://game.hao123.com/ is depth 2 great crawl depth 1
2017-09-16 16:44:49,462 - [webpage_manager.py:69] - INFO - url http://zhidao.baidu.com/q?ct=17&pn=0&tn=ikaslist&rn=10& is depth 2 great crawl depth 1
2017-09-16 16:44:49,464 - [webpage_manager.py:69] - INFO - url http://v.hao123.baidu.com is depth 2 great crawl depth 1
2017-09-16 16:44:49,465 - [webpage_manager.py:69] - INFO - url https://tieba.baidu.com/p/3178653968 is depth 2 great crawl depth 1
2017-09-16 16:44:49,466 - [webpage_manager.py:69] - INFO - url http://www.baidu.com/s?word=%E5%8C%97%E4%BA%AC%E5%A4%A9%E6%B0%94&tn=sitehao123_10_pg&ie=utf-8 is depth 2 great crawl depth 1
2017-09-16 16:44:49,466 - [webpage_manager.py:69] - INFO - url http://www.hao123.com/api/ajax?menu=travel_kp is depth 2 great crawl depth 1
2017-09-16 16:44:49,467 - [webpage_manager.py:69] - INFO - url http://www.hao123.com/api/gettop/?t0=4 is depth 2 great crawl depth 1
2017-09-16 16:44:49,468 - [webpage_manager.py:69] - INFO - url http://tieba.baidu.com/home/main?un=蔡丶十一 is depth 2 great crawl depth 1
2017-09-16 16:44:49,472 - [webpage_manager.py:69] - INFO - url http://www.hao123.com/zt/xzmzyd is depth 2 great crawl depth 1
2017-09-16 16:44:49,474 - [webpage_manager.py:69] - INFO - url http://wanba.baidu.com/login_game_by_post.xhtml?id=150&client=&inviteMsg=&serverId=S1&toolbarHide= is depth 2 great crawl depth 1
2017-09-16 16:44:49,475 - [webpage_manager.py:69] - INFO - url http://www.hao123.com/api/gettop/?t0=2 is depth 2 great crawl depth 1
2017-09-16 16:44:49,476 - [webpage_manager.py:69] - INFO - url http://tieba.baidu.com/show/zhanqi/roomList?tag_id=10 is depth 2 great crawl depth 1
2017-09-16 16:44:49,478 - [webpage_manager.py:69] - INFO - url http://www.hao123.com/api/gettop/?t0=3 is depth 2 great crawl depth 1
2017-09-16 16:44:49,480 - [webpage_manager.py:69] - INFO - url http://tieba.baidu.com/f/index/forumclass is depth 2 great crawl depth 1
2017-09-16 16:44:49,482 - [webpage_manager.py:69] - INFO - url http://www.hao123.com/api/gettop/?t0=1 is depth 2 great crawl depth 1
2017-09-16 16:44:49,483 - [webpage_manager.py:69] - INFO - url http://tieba.baidu.com/f/index/forumpark?cn=艺术&ci=0&pcn=人文自然&pci=0&ct=1&rn=20&pn=1 is depth 2 great crawl depth 1
2017-09-16 16:44:49,484 - [webpage_manager.py:69] - INFO - url http://hao123.zongheng.com is depth 2 great crawl depth 1
2017-09-16 16:44:49,485 - [webpage_manager.py:69] - INFO - url http://tieba.baidu.com/f?kw=%E8%83%8C%E9%94%85  is depth 2 great crawl depth 1
2017-09-16 16:44:49,486 - [webpage_manager.py:69] - INFO - url http://news.sina.com.cn/ is depth 2 great crawl depth 1
2017-09-16 16:44:49,488 - [webpage_manager.py:69] - INFO - url http://tieba.baidu.com/home/main?un=大风吹奶罩杯 is depth 2 great crawl depth 1
2017-09-16 16:44:49,489 - [webpage_manager.py:69] - INFO - url http://tieba.baidu.com/p/5114639643 is depth 2 great crawl depth 1
2017-09-16 16:44:49,496 - [webpage_manager.py:69] - INFO - url https://tieba.baidu.com/f?ie=utf-8&kw=%E8%B4%B4%E5%90%A7%E5%A8%B1%E4%B9%90 is depth 2 great crawl depth 1
2017-09-16 16:44:49,498 - [webpage_manager.py:69] - INFO - url http://tieba.baidu.com/p/5135007772 is depth 2 great crawl depth 1
2017-09-16 16:44:49,500 - [webpage_manager.py:69] - INFO - url http://tieba.baidu.com/f?kw=%E7%88%B1%E7%8C%AB%E7%94%9F%E6%B4%BB  is depth 2 great crawl depth 1
2017-09-16 16:44:49,503 - [webpage_manager.py:69] - INFO - url http://tieba.baidu.com/f/index/forumpark?cn=热血动漫&ci=323&pcn=动漫宅&pci=206&ct=0&rn=20&pn=1 is depth 2 great crawl depth 1
2017-09-16 16:44:49,504 - [webpage_manager.py:69] - INFO - url http://tieba.baidu.com/f?ie=utf-8&kw=t%E8%B1%86%E5%A8%B1%E4%B9%90%E5%9F%8E#app_forum_top is depth 2 great crawl depth 1
2017-09-16 16:44:49,504 - [webpage_manager.py:69] - INFO - url http://tieba.baidu.com/f/index/forumpark?cn=安徽院校&ci=0&pcn=高等院校&pci=0&ct=1&rn=20&pn=1 is depth 2 great crawl depth 1
2017-09-16 16:44:50,100 - [webpage_manager.py:69] - INFO - url http://v.baidu.com/comic/17218.htm?frp=browse is depth 2 great crawl depth 1
2017-09-16 16:44:50,100 - [webpage_manager.py:69] - INFO - url http://baishi.baidu.com/watch/5588332353240657179.html is depth 2 great crawl depth 1
2017-09-16 16:44:50,101 - [webpage_manager.py:69] - INFO - url http://v.baidu.com/eduindex/ is depth 2 great crawl depth 1
2017-09-16 16:44:50,101 - [webpage_manager.py:69] - INFO - url http://v.baidu.com/tv/26778.htm?frp=browse is depth 2 great crawl depth 1
2017-09-16 16:44:50,101 - [webpage_manager.py:69] - INFO - url http://v.baidu.com/movie/list/filter-true+type-%E5%8A%A8%E4%BD%9C+order-hot+pn-1+channel-movie is depth 2 great crawl depth 1
2017-09-16 16:44:50,101 - [webpage_manager.py:69] - INFO - url http://baishi.baidu.com/watch/4042441263182609686.html is depth 2 great crawl depth 1
2017-09-16 16:44:50,101 - [webpage_manager.py:69] - INFO - url http://v.baidu.com/show/20734.htm?frp=browse is depth 2 great crawl depth 1
2017-09-16 16:44:50,102 - [webpage_manager.py:69] - INFO - url http://v.baidu.com/movie/129631.htm?frp=browse is depth 2 great crawl depth 1
2017-09-16 16:44:50,102 - [webpage_manager.py:69] - INFO - url http://baishi.baidu.com/watch/4451034459793402953.html is depth 2 great crawl depth 1
2017-09-16 16:44:50,103 - [webpage_manager.py:69] - INFO - url http://baishi.baidu.com/watch/5391927269593725617.html is depth 2 great crawl depth 1
2017-09-16 16:44:50,103 - [webpage_manager.py:69] - INFO - url http://baishi.baidu.com/watch/04826785648801352903.html is depth 2 great crawl depth 1
2017-09-16 16:44:50,103 - [webpage_manager.py:69] - INFO - url http://v.baidu.com/show/19931.htm?frp=browse is depth 2 great crawl depth 1
2017-09-16 16:44:50,103 - [webpage_manager.py:69] - INFO - url http://zhibo.v.baidu.com/6rooms?pagetab=preversion is depth 2 great crawl depth 1
2017-09-16 16:44:50,104 - [webpage_manager.py:69] - INFO - url http://baishi.baidu.com/watch/5004008237055027625.html is depth 2 great crawl depth 1
2017-09-16 16:44:50,104 - [webpage_manager.py:69] - INFO - url http://baidu.v.ifeng.com/kan/aB9xR?fr=v.baidu.com/ is depth 2 great crawl depth 1
2017-09-16 16:44:50,104 - [webpage_manager.py:69] - INFO - url http://v.baidu.com/movie/126000.htm?frp=browse is depth 2 great crawl depth 1
2017-09-16 16:44:50,104 - [webpage_manager.py:69] - INFO - url http://baishi.baidu.com/watch/4531996940364110254.html is depth 2 great crawl depth 1
2017-09-16 16:44:50,105 - [webpage_manager.py:69] - INFO - url http://list.video.baidu.com/iph_promote.html is depth 2 great crawl depth 1
2017-09-16 16:44:50,105 - [webpage_manager.py:69] - INFO - url http://v.baidu.com/show/16.htm?frp=browse is depth 2 great crawl depth 1
2017-09-16 16:44:50,105 - [webpage_manager.py:69] - INFO - url http://baishi.baidu.com/watch/4705593744129679148.html is depth 2 great crawl depth 1
2017-09-16 16:44:50,105 - [webpage_manager.py:69] - INFO - url http://baishi.baidu.com/watch/01202245847233823025.html is depth 2 great crawl depth 1
2017-09-16 16:44:50,106 - [webpage_manager.py:69] - INFO - url http://v.baidu.com/comic/847.htm?frp=browse is depth 2 great crawl depth 1
2017-09-16 16:44:50,106 - [webpage_manager.py:69] - INFO - url http://baidu.v.ifeng.com/kan/aB9Rf?fr=v.baidu.com/ is depth 2 great crawl depth 1
2017-09-16 16:44:50,106 - [webpage_manager.py:69] - INFO - url http://v.baidu.com/live/ is depth 2 great crawl depth 1
2017-09-16 16:44:50,106 - [webpage_manager.py:69] - INFO - url http://baishi.baidu.com/watch/6480011257789931324.html is depth 2 great crawl depth 1
2017-09-16 16:44:50,107 - [webpage_manager.py:69] - INFO - url http://v.baidu.com/cooperate/qt/keji is depth 2 great crawl depth 1
2017-09-16 16:44:50,107 - [webpage_manager.py:69] - INFO - url http://baidu.v.ifeng.com/kan/aB9R9?fr=v.baidu.com/ is depth 2 great crawl depth 1
2017-09-16 16:44:50,107 - [webpage_manager.py:69] - INFO - url http://baishi.baidu.com/watch/5271253246589800334.html is depth 2 great crawl depth 1
2017-09-16 16:44:50,107 - [webpage_manager.py:69] - INFO - url http://baishi.baidu.com/watch/5397924676010433941.html is depth 2 great crawl depth 1
2017-09-16 16:44:50,108 - [webpage_manager.py:69] - INFO - url http://baishi.baidu.com/watch/4946690114113140510.html is depth 2 great crawl depth 1
2017-09-16 16:44:50,108 - [webpage_manager.py:69] - INFO - url http://baishi.baidu.com/watch/02341843108965594095.html is depth 2 great crawl depth 1
2017-09-16 16:44:50,108 - [webpage_manager.py:69] - INFO - url http://baidu.iqiyi.com/kan/aBhVm?fr=v.baidu.com/ is depth 2 great crawl depth 1
2017-09-16 16:44:50,109 - [webpage_manager.py:69] - INFO - url http://v.baidu.com/show/20732.htm?frp=browse is depth 2 great crawl depth 1
2017-09-16 16:44:50,109 - [webpage_manager.py:69] - INFO - url http://baidu.v.ifeng.com/kan/aB94O?fr=v.baidu.com/ is depth 2 great crawl depth 1
2017-09-16 16:44:50,109 - [webpage_manager.py:69] - INFO - url http://baishi.baidu.com/watch/5193235446735271165.html is depth 2 great crawl depth 1
2017-09-16 16:44:50,110 - [webpage_manager.py:69] - INFO - url http://baishi.baidu.com/watch/5192108290821128595.html is depth 2 great crawl depth 1
2017-09-16 16:44:50,110 - [webpage_manager.py:69] - INFO - url http://baishi.baidu.com/watch/7393483206181247429.html is depth 2 great crawl depth 1
2017-09-16 16:44:50,110 - [webpage_manager.py:69] - INFO - url http://baishi.baidu.com/watch/4747754639690807221.html is depth 2 great crawl depth 1
2017-09-16 16:44:50,110 - [webpage_manager.py:69] - INFO - url http://v.baidu.com/channel/beauty is depth 2 great crawl depth 1
2017-09-16 16:44:50,111 - [webpage_manager.py:69] - INFO - url http://baishi.baidu.com/watch/5180986277374292248.html is depth 2 great crawl depth 1
2017-09-16 16:44:50,111 - [webpage_manager.py:69] - INFO - url http://player.baidu.com/yingyin.html is depth 2 great crawl depth 1
2017-09-16 16:44:50,111 - [webpage_manager.py:69] - INFO - url http://v.baidu.com/movie/list/filter-true+type-%E6%81%90%E6%80%96+order-hot+pn-1+channel-movie is depth 2 great crawl depth 1
2017-09-16 16:44:50,111 - [webpage_manager.py:69] - INFO - url http://baishi.baidu.com/watch/8919763333959083898.html is depth 2 great crawl depth 1
2017-09-16 16:44:50,112 - [webpage_manager.py:69] - INFO - url http://v.baidu.com/tv/list/filter-true+type-%E9%9D%92%E6%98%A5%E5%81%B6%E5%83%8F+order-hot+pn-1+channel-tvplay is depth 2 great crawl depth 1
2017-09-16 16:44:50,112 - [webpage_manager.py:69] - INFO - url http://baishi.baidu.com/watch/4709565927499271713.html is depth 2 great crawl depth 1
2017-09-16 16:44:50,112 - [webpage_manager.py:69] - INFO - url http://v.baidu.com/tv/24937.htm?frp=browse is depth 2 great crawl depth 1
2017-09-16 16:44:50,112 - [webpage_manager.py:69] - INFO - url http://baidu.v.ifeng.com/kan/aB9x5?fr=v.baidu.com/ is depth 2 great crawl depth 1
2017-09-16 16:44:50,113 - [webpage_manager.py:69] - INFO - url http://v.baidu.com/movie/22766.htm?frp=browse is depth 2 great crawl depth 1
2017-09-16 16:44:50,113 - [webpage_manager.py:69] - INFO - url http://baidu.pptv.com/kan/aB9gZ?fr=v.baidu.com/ is depth 2 great crawl depth 1
2017-09-16 16:44:50,113 - [webpage_manager.py:69] - INFO - url http://v.baidu.com/comic/16932.htm?frp=browse is depth 2 great crawl depth 1
2017-09-16 16:44:50,113 - [webpage_manager.py:69] - INFO - url http://baishi.baidu.com/watch/3717971168242418011.html is depth 2 great crawl depth 1
2017-09-16 16:44:50,114 - [webpage_manager.py:69] - INFO - url http://baishi.baidu.com/watch/3916364104313413750.html is depth 2 great crawl depth 1
2017-09-16 16:44:50,114 - [webpage_manager.py:69] - INFO - url http://baishi.baidu.com/watch/027665032131853271.html is depth 2 great crawl depth 1
2017-09-16 16:44:50,114 - [webpage_manager.py:69] - INFO - url http://baishi.baidu.com/watch/4685684532700037511.html is depth 2 great crawl depth 1
2017-09-16 16:44:50,115 - [webpage_manager.py:69] - INFO - url http://adx.xiaodutv.com/click/stdssp?p=eyJzaWQiOiI2MjhEREM4OTVFMDE2OTNBMEEyRTQzMUYwQTAwODRCQyIsInJlcWlkIjoiODhlYTQxODhmYTIzMDMyYzk4ZTQ4ZWI1NTJlOGMxMmQiLCJzZWxsZXJpZCI6NjAwMCwic2VsbGVydWlkIjoiIiwiYXBwaWQiOiIiLCJpbXBpZCI6IjEyMDYiLCJidXllcmlkIjoxMDAwLCJiaWRpZCI6IjNjMWUwODRkMzFlMTg4NjQ2MWIyYTI5YWExODg0YjMyIiwic2VhdGlkIjoiIiwiY3JpZCI6IjYwNzIzNzQ5IiwiYnV5ZXJfYmlkdHlwZSI6MCwiYnV5ZXJfcHJpY2UiOjIwMCwiYnV5ZXJfZ3NwIjoyMDAsImV4dGRhdGEiOiJ7XCJhZHZlcnRpc2VyX3NldHRsZW1lbnRfcHJpY2VcIjoyMDAsXCJhZHZlcnRpc2VyX3NldHRsZW1lbnRfdHlwZVwiOjAsXCJhZHZlcnRpc2VyX3NlY3ByaWNlXCI6MjAwLFwic3RyYXRlZ3lcIjpcInByZWNpc2U6QURfMFhBMDZcIixcImFkdG9rZW5cIjpcIjVkOGEwMDg0YTZjYmNjNWQ3ODA3ODM1NjhjMWE4YTRlXCJ9IiwiZGVhbGlkIjoiIiwiYWR4X2JpZHR5cGUiOjAsImFkeF9wcmljZSI6MjAwfQ==&lp=aHR0cDovL3poaWJvLnYuYmFpZHUuY29tL3F1YW5taW4= is depth 2 great crawl depth 1
2017-09-16 16:44:50,115 - [webpage_manager.py:69] - INFO - url http://v.baidu.com/movie/22727.htm?frp=browse is depth 2 great crawl depth 1
2017-09-16 16:44:50,116 - [webpage_manager.py:69] - INFO - url http://v.baidu.com/show/list/filter-true+type-%E8%84%B1%E5%8F%A3%E7%A7%80+order-hot+pn-1+channel-tvshow is depth 2 great crawl depth 1
2017-09-16 16:44:50,116 - [webpage_manager.py:69] - INFO - url http://v.baidu.com/tv/23833.htm?frp=browse is depth 2 great crawl depth 1
2017-09-16 16:44:50,116 - [webpage_manager.py:69] - INFO - url http://baishi.baidu.com/watch/3839101340980344087.html is depth 2 great crawl depth 1
2017-09-16 16:44:50,117 - [webpage_manager.py:69] - INFO - url http://yb.baidu.com/ is depth 2 great crawl depth 1
2017-09-16 16:44:50,117 - [webpage_manager.py:69] - INFO - url http://v.baidu.com/tv/26729.htm?frp=browse is depth 2 great crawl depth 1
2017-09-16 16:44:50,117 - [webpage_manager.py:69] - INFO - url http://baidu.56.com/kan/aBhgy?fr=v.baidu.com/ is depth 2 great crawl depth 1
2017-09-16 16:44:50,117 - [webpage_manager.py:69] - INFO - url http://v.baidu.com/v?word=%E7%99%BD%E7%99%BE%E4%BD%95%E8%A2%AB%E7%8B%97%E4%BB%94%E6%83%B9%E5%93%AD&ct=301989888&rn=27&pn=0&db=0&s=0&fbl=800&ie=utf-8 is depth 2 great crawl depth 1
2017-09-16 16:44:50,117 - [webpage_manager.py:69] - INFO - url http://baishi.baidu.com/watch/05845821836704581225.html is depth 2 great crawl depth 1
2017-09-16 16:44:50,118 - [webpage_manager.py:69] - INFO - url http://tv.sohu.com/ is depth 2 great crawl depth 1
2017-09-16 16:44:50,118 - [webpage_manager.py:69] - INFO - url http://baidu.v.ifeng.com/kan/aB9xa?fr=v.baidu.com/ is depth 2 great crawl depth 1
2017-09-16 16:44:50,118 - [webpage_manager.py:69] - INFO - url http://baidu.v.ifeng.com/kan/aB9gy?fr=v.baidu.com/ is depth 2 great crawl depth 1
2017-09-16 16:44:50,119 - [webpage_manager.py:69] - INFO - url http://v.baidu.com/show/19821.htm?frp=browse is depth 2 great crawl depth 1
2017-09-16 16:44:50,119 - [webpage_manager.py:69] - INFO - url http://v.baidu.com/infoindex/ is depth 2 great crawl depth 1
2017-09-16 16:44:50,119 - [webpage_manager.py:69] - INFO - url http://v.baidu.com/tv/11296.htm?frp=browse is depth 2 great crawl depth 1
2017-09-16 16:44:50,119 - [webpage_manager.py:69] - INFO - url http://v.baidu.com/channel/spoof is depth 2 great crawl depth 1
2017-09-16 16:44:50,120 - [webpage_manager.py:69] - INFO - url http://baidu.pptv.com/kan/aB9gD?fr=v.baidu.com/ is depth 2 great crawl depth 1
2017-09-16 16:44:50,120 - [webpage_manager.py:69] - INFO - url http://baidu.v.ifeng.com/kan/aB9Jn?fr=v.baidu.com/ is depth 2 great crawl depth 1
2017-09-16 16:44:50,122 - [webpage_manager.py:69] - INFO - url http://baishi.baidu.com/watch/4931428534064214947.html is depth 2 great crawl depth 1
2017-09-16 16:44:50,123 - [webpage_manager.py:69] - INFO - url http://baidu.pptv.com/kan/aB9xF?fr=v.baidu.com/ is depth 2 great crawl depth 1
2017-09-16 16:44:50,124 - [webpage_manager.py:69] - INFO - url http://www.cntv.cn/ is depth 2 great crawl depth 1
2017-09-16 16:44:50,124 - [webpage_manager.py:69] - INFO - url http://g.youxi.v.baidu.com/s/1/1265/77.html?frm=bdsp-jddt is depth 2 great crawl depth 1
2017-09-16 16:44:50,125 - [webpage_manager.py:69] - INFO - url http://baishi.baidu.com/watch/3777192445131353375.html is depth 2 great crawl depth 1
2017-09-16 16:44:50,125 - [webpage_manager.py:69] - INFO - url http://v.baidu.com/tv/26757.htm?frp=browse is depth 2 great crawl depth 1
2017-09-16 16:44:50,125 - [webpage_manager.py:69] - INFO - url http://v.baidu.com/v?word=%E5%AE%8B%E5%96%86%E8%A2%AB%E5%88%91%E6%8B%98&ct=301989888&rn=27&pn=0&db=0&s=0&fbl=800&ie=utf-8&oq=%E5%AE%8B%E5%96%86%E8%A2%AB&f=3&rsp=0 is depth 2 great crawl depth 1
2017-09-16 16:44:50,126 - [webpage_manager.py:69] - INFO - url http://baishi.baidu.com/watch/01824440886660623646.html is depth 2 great crawl depth 1
2017-09-16 16:44:50,126 - [webpage_manager.py:69] - INFO - url http://baishi.baidu.com/watch/4634629112017824990.html is depth 2 great crawl depth 1
2017-09-16 16:44:50,126 - [webpage_manager.py:69] - INFO - url http://baishi.baidu.com/watch/4425914570536927411.html is depth 2 great crawl depth 1
2017-09-16 16:44:50,126 - [webpage_manager.py:69] - INFO - url http://baishi.baidu.com/watch/4809181855416629531.html is depth 2 great crawl depth 1
2017-09-16 16:44:50,127 - [webpage_manager.py:69] - INFO - url http://baishi.baidu.com/watch/4740782853743256431.html is depth 2 great crawl depth 1
2017-09-16 16:44:50,127 - [webpage_manager.py:69] - INFO - url http://baishi.baidu.com/watch/05659654735295082911.html is depth 2 great crawl depth 1
2017-09-16 16:44:50,127 - [webpage_manager.py:69] - INFO - url http://v.baidu.com/tv/26373.htm?frp=browse is depth 2 great crawl depth 1
2017-09-16 16:44:50,128 - [webpage_manager.py:69] - INFO - url http://baishi.baidu.com/watch/150983346410084962.html is depth 2 great crawl depth 1
2017-09-16 16:44:50,128 - [webpage_manager.py:69] - INFO - url http://v.baidu.com/tv/list/filter-true+type-%E5%96%9C%E5%89%A7+order-hot+pn-1+channel-tvplay is depth 2 great crawl depth 1
2017-09-16 16:44:50,128 - [webpage_manager.py:69] - INFO - url http://baishi.baidu.com/watch/4614435133353961603.html is depth 2 great crawl depth 1
2017-09-16 16:44:50,129 - [webpage_manager.py:69] - INFO - url http://baishi.baidu.com/watch/4726631404430525148.html is depth 2 great crawl depth 1
2017-09-16 16:44:50,129 - [webpage_manager.py:69] - INFO - url http://baidu.pptv.com/kan/aB9RA?fr=v.baidu.com/ is depth 2 great crawl depth 1
2017-09-16 16:44:50,129 - [webpage_manager.py:69] - INFO - url http://baishi.baidu.com/watch/04165215665199686309.html is depth 2 great crawl depth 1
2017-09-16 16:44:50,130 - [webpage_manager.py:69] - INFO - url http://v.baidu.com/movie/115408.htm?frp=browse is depth 2 great crawl depth 1
2017-09-16 16:44:50,130 - [webpage_manager.py:69] - INFO - url http://baishi.baidu.com/watch/5254659482964630881.html is depth 2 great crawl depth 1
2017-09-16 16:44:50,130 - [webpage_manager.py:69] - INFO - url http://v.baidu.com/movie/124218.htm?frp=browse is depth 2 great crawl depth 1
2017-09-16 16:44:50,130 - [webpage_manager.py:69] - INFO - url http://v.baidu.com/tv/26753.htm?frp=browse is depth 2 great crawl depth 1
2017-09-16 16:44:50,131 - [webpage_manager.py:69] - INFO - url http://baishi.baidu.com/watch/4545749999189172164.html is depth 2 great crawl depth 1
2017-09-16 16:44:50,131 - [webpage_manager.py:69] - INFO - url http://baishi.baidu.com/watch/05344666612083672283.html is depth 2 great crawl depth 1
2017-09-16 16:44:50,131 - [webpage_manager.py:69] - INFO - url http://v.baidu.com/tv/26891.htm?frp=browse is depth 2 great crawl depth 1
2017-09-16 16:44:50,132 - [webpage_manager.py:69] - INFO - url http://v.baidu.com/movie/123753.htm?frp=browse is depth 2 great crawl depth 1
2017-09-16 16:44:50,132 - [webpage_manager.py:69] - INFO - url http://baishi.baidu.com/watch/0823471242282987087.html is depth 2 great crawl depth 1
2017-09-16 16:44:50,132 - [webpage_manager.py:69] - INFO - url http://baishi.baidu.com/watch/4484191272502989270.html is depth 2 great crawl depth 1
2017-09-16 16:44:50,133 - [webpage_manager.py:69] - INFO - url http://baishi.baidu.com/watch/5847118380506192715.html is depth 2 great crawl depth 1
2017-09-16 16:44:50,133 - [webpage_manager.py:69] - INFO - url http://baishi.baidu.com/watch/03136395231360907357.html is depth 2 great crawl depth 1
2017-09-16 16:44:50,133 - [webpage_manager.py:69] - INFO - url http://service.baidu.com/question?prod_en=video is depth 2 great crawl depth 1
2017-09-16 16:44:50,133 - [webpage_manager.py:69] - INFO - url http://baishi.baidu.com/watch/4314229619628031930.html is depth 2 great crawl depth 1
2017-09-16 16:44:50,134 - [webpage_manager.py:69] - INFO - url http://v.baidu.com/show/20383.htm?frp=browse is depth 2 great crawl depth 1
2017-09-16 16:44:50,134 - [webpage_manager.py:69] - INFO - url http://baishi.baidu.com/watch/5143055075456108542.html is depth 2 great crawl depth 1
2017-09-16 16:44:50,134 - [webpage_manager.py:69] - INFO - url http://v.baidu.com/show/18731.htm?frp=browse is depth 2 great crawl depth 1
2017-09-16 16:44:50,135 - [webpage_manager.py:69] - INFO - url http://baishi.baidu.com/watch/7349401320639922035.html is depth 2 great crawl depth 1
2017-09-16 16:44:50,135 - [webpage_manager.py:69] - INFO - url http://v.baidu.com/gameindex/ is depth 2 great crawl depth 1
2017-09-16 16:44:50,135 - [webpage_manager.py:69] - INFO - url http://baishi.baidu.com/watch/4432511386911289872.html is depth 2 great crawl depth 1
2017-09-16 16:44:50,135 - [webpage_manager.py:69] - INFO - url http://baishi.baidu.com/watch/4670454851622230073.html is depth 2 great crawl depth 1
2017-09-16 16:44:50,136 - [webpage_manager.py:69] - INFO - url http://v.baidu.com/tv/ is depth 2 great crawl depth 1
2017-09-16 16:44:50,136 - [webpage_manager.py:69] - INFO - url http://v.baidu.com/show/20985.htm?frp=browse is depth 2 great crawl depth 1
2017-09-16 16:44:50,136 - [webpage_manager.py:69] - INFO - url http://v.baidu.com/tv/26768.htm?frp=browse is depth 2 great crawl depth 1
2017-09-16 16:44:50,137 - [webpage_manager.py:69] - INFO - url http://baishi.baidu.com/watch/06845262047291360400.html is depth 2 great crawl depth 1
2017-09-16 16:44:50,137 - [webpage_manager.py:69] - INFO - url http://v.ifeng.com/ is depth 2 great crawl depth 1
2017-09-16 16:44:50,137 - [webpage_manager.py:69] - INFO - url http://www.1905.com/ is depth 2 great crawl depth 1
2017-09-16 16:44:50,137 - [webpage_manager.py:69] - INFO - url http://v.baidu.com/movie/130389.htm?frp=browse is depth 2 great crawl depth 1
2017-09-16 16:44:50,138 - [webpage_manager.py:69] - INFO - url http://baishi.baidu.com/watch/4498932709521739925.html is depth 2 great crawl depth 1
2017-09-16 16:44:50,138 - [webpage_manager.py:69] - INFO - url http://baishi.baidu.com/watch/4913029759734576706.html is depth 2 great crawl depth 1
2017-09-16 16:44:50,138 - [webpage_manager.py:69] - INFO - url http://baishi.baidu.com/watch/5397973774493319952.html is depth 2 great crawl depth 1
2017-09-16 16:44:50,138 - [webpage_manager.py:69] - INFO - url http://v.baidu.com/comic/17624.htm?frp=browse is depth 2 great crawl depth 1
2017-09-16 16:44:50,139 - [webpage_manager.py:69] - INFO - url http://v.baidu.com/tv/26869.htm?frp=browse is depth 2 great crawl depth 1
2017-09-16 16:44:50,139 - [webpage_manager.py:69] - INFO - url http://baishi.baidu.com/watch/5339666223553748823.html is depth 2 great crawl depth 1
2017-09-16 16:44:50,139 - [webpage_manager.py:69] - INFO - url http://v.baidu.com/show/7888.htm?frp=browse is depth 2 great crawl depth 1
2017-09-16 16:44:50,140 - [webpage_manager.py:69] - INFO - url http://v.baidu.com/comic/18187.htm?frp=browse is depth 2 great crawl depth 1
2017-09-16 16:44:50,140 - [webpage_manager.py:69] - INFO - url http://baishi.baidu.com/watch/06781090558179362124.html is depth 2 great crawl depth 1
2017-09-16 16:44:50,140 - [webpage_manager.py:69] - INFO - url http://baishi.baidu.com/watch/3907785157472332777.html is depth 2 great crawl depth 1
2017-09-16 16:44:50,141 - [webpage_manager.py:69] - INFO - url http://v.baidu.com/tv/26901.htm?frp=browse is depth 2 great crawl depth 1
2017-09-16 16:44:50,141 - [webpage_manager.py:69] - INFO - url http://baishi.baidu.com/watch/08373158378900904093.html is depth 2 great crawl depth 1
2017-09-16 16:44:50,141 - [webpage_manager.py:69] - INFO - url http://v.baidu.com/tv/list/filter-true+type-%E6%88%98%E4%BA%89+order-hot+pn-1+channel-tvplay is depth 2 great crawl depth 1
2017-09-16 16:44:50,141 - [webpage_manager.py:69] - INFO - url http://v.baidu.com/movie/127383.htm?frp=browse is depth 2 great crawl depth 1
2017-09-16 16:44:50,142 - [webpage_manager.py:69] - INFO - url http://baishi.baidu.com/watch/4395401258988006741.html is depth 2 great crawl depth 1
2017-09-16 16:44:50,142 - [webpage_manager.py:69] - INFO - url http://v.baidu.com/comic is depth 2 great crawl depth 1
2017-09-16 16:44:50,142 - [webpage_manager.py:69] - INFO - url http://v.baidu.com/musicindex/ is depth 2 great crawl depth 1
2017-09-16 16:44:50,142 - [webpage_manager.py:69] - INFO - url http://v.baidu.com/movie/list/filter-true+type-%E5%96%9C%E5%89%A7+order-hot+pn-1+channel-movie is depth 2 great crawl depth 1
2017-09-16 16:44:50,143 - [webpage_manager.py:69] - INFO - url http://baishi.baidu.com/watch/0772311518982176432.html is depth 2 great crawl depth 1
2017-09-16 16:44:50,143 - [webpage_manager.py:69] - INFO - url http://baishi.baidu.com/watch/3441219086346792841.html is depth 2 great crawl depth 1
2017-09-16 16:44:50,143 - [webpage_manager.py:69] - INFO - url http://baishi.baidu.com/watch/6779090896890534537.html is depth 2 great crawl depth 1
2017-09-16 16:44:50,144 - [webpage_manager.py:69] - INFO - url http://baishi.baidu.com/watch/06010174740739331168.html is depth 2 great crawl depth 1
2017-09-16 16:44:50,144 - [webpage_manager.py:69] - INFO - url http://baidu.iqiyi.com/kan/aFWhU?fr=v.baidu.com/ is depth 2 great crawl depth 1
2017-09-16 16:44:50,144 - [webpage_manager.py:69] - INFO - url http://v.baidu.com/sportindex/ is depth 2 great crawl depth 1
2017-09-16 16:44:50,145 - [webpage_manager.py:69] - INFO - url http://baishi.baidu.com/watch/06938036252983525176.html is depth 2 great crawl depth 1
2017-09-16 16:44:50,145 - [webpage_manager.py:69] - INFO - url http://v.baidu.com/videoop.html is depth 2 great crawl depth 1
2017-09-16 16:44:50,145 - [webpage_manager.py:69] - INFO - url http://baidu.v.ifeng.com/kan/aB957?fr=v.baidu.com/ is depth 2 great crawl depth 1
2017-09-16 16:44:50,145 - [webpage_manager.py:69] - INFO - url http://baishi.baidu.com/watch/4689119924746006115.html is depth 2 great crawl depth 1
2017-09-16 16:44:50,146 - [webpage_manager.py:69] - INFO - url http://baishi.baidu.com/watch/4911570460566510935.html?&recFrom=site&list=1 is depth 2 great crawl depth 1
2017-09-16 16:44:50,146 - [webpage_manager.py:69] - INFO - url http://v.baidu.com/show is depth 2 great crawl depth 1
2017-09-16 16:44:50,146 - [webpage_manager.py:69] - INFO - url http://zhibo.v.baidu.com/6rooms is depth 2 great crawl depth 1
2017-09-16 16:44:50,146 - [webpage_manager.py:69] - INFO - url http://baishi.baidu.com/watch/4333380668249992752.html is depth 2 great crawl depth 1
2017-09-16 16:44:50,147 - [webpage_manager.py:69] - INFO - url http://baidu.v.ifeng.com/kan/aB9Rv?fr=v.baidu.com/ is depth 2 great crawl depth 1
2017-09-16 16:44:50,147 - [webpage_manager.py:69] - INFO - url http://v.baidu.com/comic/ is depth 2 great crawl depth 1
2017-09-16 16:44:50,147 - [webpage_manager.py:69] - INFO - url http://v.baidu.com/movie/128400.htm?frp=browse is depth 2 great crawl depth 1
2017-09-16 16:44:50,148 - [webpage_manager.py:69] - INFO - url http://baishi.baidu.com/watch/5788552608747223945.html is depth 2 great crawl depth 1
2017-09-16 16:44:50,148 - [webpage_manager.py:69] - INFO - url http://baishi.baidu.com/watch/04867699933532153390.html is depth 2 great crawl depth 1
2017-09-16 16:44:50,148 - [webpage_manager.py:69] - INFO - url http://adx.xiaodutv.com/click/stdssp?p=eyJzaWQiOiI1MDhEREM4OTVFMDE2OTM5MEEyRTQzMUYwNjAwRUJDMCIsInJlcWlkIjoiZWIxNWU5Y2YzNTU5ZGQ2YjA0MjliYmFkYjliNTI3MzMiLCJzZWxsZXJpZCI6NjAwMCwic2VsbGVydWlkIjoiIiwiYXBwaWQiOiIiLCJpbXBpZCI6IjEyMDciLCJidXllcmlkIjoxMDAwLCJiaWRpZCI6ImY2NGNhMTg5YzEzMDFmMjk0MzBmMGFjYjRkN2IyZGRkIiwic2VhdGlkIjoiIiwiY3JpZCI6IjYxNzA2MDcyNiIsImJ1eWVyX2JpZHR5cGUiOjAsImJ1eWVyX3ByaWNlIjoyMDAsImJ1eWVyX2dzcCI6MjAwLCJleHRkYXRhIjoie1wiYWR2ZXJ0aXNlcl9zZXR0bGVtZW50X3ByaWNlXCI6MjAwLFwiYWR2ZXJ0aXNlcl9zZXR0bGVtZW50X3R5cGVcIjowLFwiYWR2ZXJ0aXNlcl9zZWNwcmljZVwiOjIwMCxcInN0cmF0ZWd5XCI6XCJwcmVjaXNlOkFEXzBYQTA2XCIsXCJhZHRva2VuXCI6XCI3MzQ3ZDI5OTg5ZWNjOWQwNmQ2MjIxZjI5MTNjZjM0MVwifSIsImRlYWxpZCI6IiIsImFkeF9iaWR0eXBlIjowLCJhZHhfcHJpY2UiOjIwMH0=&lp=aHR0cDovL3poaWJvLnYuYmFpZHUuY29tL3F1YW5taW4= is depth 2 great crawl depth 1
2017-09-16 16:44:50,149 - [webpage_manager.py:69] - INFO - url http://baishi.baidu.com/watch/4622016588238848606.html is depth 2 great crawl depth 1
2017-09-16 16:44:50,149 - [webpage_manager.py:69] - INFO - url http://v.baidu.com/movie/24963.htm is depth 2 great crawl depth 1
2017-09-16 16:44:50,149 - [webpage_manager.py:69] - INFO - url http://v.baidu.com/show/20735.htm?frp=browse is depth 2 great crawl depth 1
2017-09-16 16:44:50,149 - [webpage_manager.py:69] - INFO - url http://baishi.baidu.com/watch/02593838349211993243.html is depth 2 great crawl depth 1
2017-09-16 16:44:50,150 - [webpage_manager.py:69] - INFO - url http://baishi.baidu.com/watch/7095536714321222551.html is depth 2 great crawl depth 1
2017-09-16 16:44:50,150 - [webpage_manager.py:69] - INFO - url http://baishi.baidu.com/watch/7924520890904084371.html is depth 2 great crawl depth 1
2017-09-16 16:44:50,150 - [webpage_manager.py:69] - INFO - url http://baidu.v.ifeng.com/kan/aB9JQ?fr=v.baidu.com/ is depth 2 great crawl depth 1
2017-09-16 16:44:50,151 - [webpage_manager.py:69] - INFO - url http://qingting.baidu.com/index?pid=4 is depth 2 great crawl depth 1
2017-09-16 16:44:50,151 - [webpage_manager.py:69] - INFO - url http://v.baidu.com/show/list/filter-true+type-%E7%BA%AA%E5%AE%9E+order-hot+pn-1+channel-tvshow is depth 2 great crawl depth 1
2017-09-16 16:44:50,151 - [webpage_manager.py:69] - INFO - url http://baishi.baidu.com/watch/1948799862242772711.html is depth 2 great crawl depth 1
2017-09-16 16:44:50,151 - [webpage_manager.py:69] - INFO - url http://baidu.pptv.com/kan/aB9Rc?fr=v.baidu.com/ is depth 2 great crawl depth 1
2017-09-16 16:44:50,152 - [webpage_manager.py:69] - INFO - url http://v.baidu.com/channel/guangchangwu is depth 2 great crawl depth 1
2017-09-16 16:44:50,152 - [webpage_manager.py:69] - INFO - url http://baishi.baidu.com/watch/3111787700110744331.html is depth 2 great crawl depth 1
2017-09-16 16:44:50,152 - [webpage_manager.py:69] - INFO - url http://baishi.baidu.com/watch/4485507138615246083.html is depth 2 great crawl depth 1
2017-09-16 16:44:50,152 - [webpage_manager.py:69] - INFO - url http://v.baidu.com/tv/26884.htm?frp=browse is depth 2 great crawl depth 1
2017-09-16 16:44:50,153 - [webpage_manager.py:69] - INFO - url http://www.cztv.com/ is depth 2 great crawl depth 1
2017-09-16 16:44:50,153 - [webpage_manager.py:69] - INFO - url http://baidu.iqiyi.com/kan/aBn2y?fr=v.baidu.com/ is depth 2 great crawl depth 1
2017-09-16 16:44:50,153 - [webpage_manager.py:69] - INFO - url http://v.baidu.com/tv/list/filter-true+type-%E7%BD%91%E5%89%A7+order-hot+pn-1+channel-tvplay is depth 2 great crawl depth 1
2017-09-16 16:44:50,153 - [webpage_manager.py:69] - INFO - url http://baishi.baidu.com/watch/8404897605245762812.html is depth 2 great crawl depth 1
2017-09-16 16:44:50,154 - [webpage_manager.py:69] - INFO - url http://v.baidu.com/movie/15503.htm?frp=browse is depth 2 great crawl depth 1
2017-09-16 16:44:50,154 - [webpage_manager.py:69] - INFO - url http://v.baidu.com/movie/list/filter-true+type-%E7%A7%91%E5%B9%BB+order-hot+pn-1+channel-movie is depth 2 great crawl depth 1
2017-09-16 16:44:50,154 - [webpage_manager.py:69] - INFO - url http://baishi.baidu.com/watch/01584423619957607939.html is depth 2 great crawl depth 1
2017-09-16 16:44:50,154 - [webpage_manager.py:69] - INFO - url http://baidu.iqiyi.com/kan/aBhVv?fr=v.baidu.com/ is depth 2 great crawl depth 1
2017-09-16 16:44:50,155 - [webpage_manager.py:69] - INFO - url http://baidu.iqiyi.com/kan/aBn28?fr=v.baidu.com/ is depth 2 great crawl depth 1
2017-09-16 16:44:50,155 - [webpage_manager.py:69] - INFO - url http://v.baidu.com/comic/15268.htm?frp=browse is depth 2 great crawl depth 1
2017-09-16 16:44:50,155 - [webpage_manager.py:69] - INFO - url http://baishi.baidu.com/watch/03356719563210339015.html is depth 2 great crawl depth 1
2017-09-16 16:44:50,155 - [webpage_manager.py:69] - INFO - url http://www.wasu.cn/ is depth 2 great crawl depth 1
2017-09-16 16:44:50,156 - [webpage_manager.py:69] - INFO - url http://v.baidu.com/v?word=%E9%A9%AC%E4%BC%8A%E7%90%8D%E5%90%8C%E6%83%85%E5%A7%9A%E7%AC%9B&ct=301989888&rn=27&pn=0&db=0&s=0&fbl=800&ie=utf-8 is depth 2 great crawl depth 1
2017-09-16 16:44:50,156 - [webpage_manager.py:69] - INFO - url http://v.baidu.com/v?word=%E5%89%8D%E5%A5%B3%E5%8F%8B%E6%9B%9D%E8%A2%AB%E8%96%9B%E4%B9%8B%E8%B0%A6%E9%AA%97%E5%8D%83%E4%B8%87&ct=301989888&rn=27&pn=0&db=0&s=0&fbl=800&ie=utf-8 is depth 2 great crawl depth 1
2017-09-16 16:44:50,156 - [webpage_manager.py:69] - INFO - url http://v.baidu.com/movie/127428.htm?frp=browse is depth 2 great crawl depth 1
2017-09-16 16:44:50,157 - [webpage_manager.py:69] - INFO - url http://baishi.baidu.com/watch/8339858117302569826.html is depth 2 great crawl depth 1
2017-09-16 16:44:50,157 - [webpage_manager.py:69] - INFO - url http://v.baidu.com/v?word=%E6%88%98%E7%8B%BC2%E5%A5%B3%E4%B8%BB%E9%81%AD%E6%BD%9C%E8%A7%84%E5%88%99&ct=301989888&rn=27&pn=0&db=0&s=0&fbl=800&ie=utf-8 is depth 2 great crawl depth 1
2017-09-16 16:44:50,157 - [webpage_manager.py:69] - INFO - url http://v.baidu.com/channel/xiaopin is depth 2 great crawl depth 1
2017-09-16 16:44:50,157 - [webpage_manager.py:69] - INFO - url http://v.baidu.com/show/list/filter-true+type-%E7%9C%9F%E4%BA%BA%E7%A7%80+order-hot+pn-1+channel-tvshow is depth 2 great crawl depth 1
2017-09-16 16:44:50,158 - [webpage_manager.py:69] - INFO - url http://v.baidu.com/topic/nnhkyzy is depth 2 great crawl depth 1
2017-09-16 16:44:50,158 - [webpage_manager.py:69] - INFO - url http://baishi.baidu.com/watch/08798671514124403704.html is depth 2 great crawl depth 1
2017-09-16 16:44:50,158 - [webpage_manager.py:69] - INFO - url http://baishi.baidu.com/watch/4453562121247496452.html is depth 2 great crawl depth 1
2017-09-16 16:44:50,158 - [webpage_manager.py:69] - INFO - url http://baishi.baidu.com/watch/4484209352970681681.html is depth 2 great crawl depth 1
2017-09-16 16:44:50,159 - [webpage_manager.py:69] - INFO - url http://v.baidu.com/tv/26773.htm?frp=browse is depth 2 great crawl depth 1
2017-09-16 16:44:50,159 - [webpage_manager.py:69] - INFO - url http://baishi.baidu.com/watch/01426272611594334998.html is depth 2 great crawl depth 1
2017-09-16 16:44:50,159 - [webpage_manager.py:69] - INFO - url http://v.baidu.com/top/ is depth 2 great crawl depth 1
2017-09-16 16:44:50,159 - [webpage_manager.py:69] - INFO - url http://v.baidu.com/movie/125455.htm?frp=browse is depth 2 great crawl depth 1
2017-09-16 16:44:50,160 - [webpage_manager.py:69] - INFO - url http://baishi.baidu.com/watch/5427033643147148733.html is depth 2 great crawl depth 1
2017-09-16 16:44:50,160 - [webpage_manager.py:69] - INFO - url http://baishi.baidu.com/watch/7796701692919517534.html is depth 2 great crawl depth 1
2017-09-16 16:44:50,160 - [webpage_manager.py:69] - INFO - url http://v.baidu.com/tv/list/filter-true+type-%E5%8F%A4%E8%A3%85+order-hot+pn-1+channel-tvplay is depth 2 great crawl depth 1
2017-09-16 16:44:50,160 - [webpage_manager.py:69] - INFO - url http://baishi.baidu.com/watch/7158337991466353611.html is depth 2 great crawl depth 1
2017-09-16 16:44:50,161 - [webpage_manager.py:69] - INFO - url http://baidu.v.ifeng.com/kan/aB9g3?fr=v.baidu.com/ is depth 2 great crawl depth 1
2017-09-16 16:44:50,161 - [webpage_manager.py:69] - INFO - url http://baidu.iqiyi.com/kan/aB9Jk?fr=v.baidu.com/ is depth 2 great crawl depth 1
2017-09-16 16:44:50,161 - [webpage_manager.py:69] - INFO - url http://baishi.baidu.com/watch/02530304006764843288.html is depth 2 great crawl depth 1
2017-09-16 16:44:50,161 - [webpage_manager.py:69] - INFO - url http://baidu.pptv.com/kan/aB9nz?fr=v.baidu.com/ is depth 2 great crawl depth 1
2017-09-16 16:44:50,162 - [webpage_manager.py:69] - INFO - url http://baishi.baidu.com/watch/7408275333650641847.html is depth 2 great crawl depth 1
2017-09-16 16:44:50,162 - [webpage_manager.py:69] - INFO - url http://v.baidu.com/channel/dub is depth 2 great crawl depth 1
2017-09-16 16:44:50,162 - [webpage_manager.py:69] - INFO - url http://v.baidu.com/tv/25553.htm?frp=browse is depth 2 great crawl depth 1
2017-09-16 16:44:50,163 - [webpage_manager.py:69] - INFO - url http://www.rr.tv/ is depth 2 great crawl depth 1
2017-09-16 16:44:50,163 - [webpage_manager.py:69] - INFO - url http://baishi.baidu.com/watch/04415749814541560849.html is depth 2 great crawl depth 1
2017-09-16 16:44:50,163 - [webpage_manager.py:69] - INFO - url http://v.baidu.com/show/19861.htm?frp=browse is depth 2 great crawl depth 1
2017-09-16 16:44:50,163 - [webpage_manager.py:69] - INFO - url http://www.hunantv.com/ is depth 2 great crawl depth 1
2017-09-16 16:44:50,164 - [webpage_manager.py:69] - INFO - url http://v.baidu.com/show/list/filter-true+type-%E9%80%89%E7%A7%80+order-hot+pn-1+channel-tvshow is depth 2 great crawl depth 1
2017-09-16 16:44:50,164 - [webpage_manager.py:69] - INFO - url http://v.baidu.com/show/20765.htm?frp=browse is depth 2 great crawl depth 1
2017-09-16 16:44:50,164 - [webpage_manager.py:69] - INFO - url http://v.baidu.com/movie/128038.htm?frp=browse is depth 2 great crawl depth 1
2017-09-16 16:44:50,165 - [webpage_manager.py:69] - INFO - url http://v.baidu.com/movie/23630.htm?frp=browse is depth 2 great crawl depth 1
2017-09-16 16:44:50,165 - [webpage_manager.py:69] - INFO - url http://v.baidu.com/movie/128768.htm?frp=browse is depth 2 great crawl depth 1
2017-09-16 16:44:50,165 - [webpage_manager.py:69] - INFO - url http://baishi.baidu.com/watch/01181324442823867829.html is depth 2 great crawl depth 1
2017-09-16 16:44:50,166 - [webpage_manager.py:69] - INFO - url http://v.baidu.com/movie/125174.htm?frp=browse is depth 2 great crawl depth 1
2017-09-16 16:44:50,166 - [webpage_manager.py:69] - INFO - url http://v.baidu.com/channel/music is depth 2 great crawl depth 1
2017-09-16 16:44:50,166 - [webpage_manager.py:69] - INFO - url http://www.iqiyi.com/v_19rr90s6hg.html?src=frbdaldjunest&vfm=bdvtx&frp=v.baidu.com%2Fv&kwid=20835 is depth 2 great crawl depth 1
2017-09-16 16:44:50,166 - [webpage_manager.py:69] - INFO - url http://www.yinyuetai.com/ is depth 2 great crawl depth 1
2017-09-16 16:44:50,166 - [webpage_manager.py:69] - INFO - url http://v.baidu.com/topic/business/index is depth 2 great crawl depth 1
2017-09-16 16:44:50,167 - [webpage_manager.py:69] - INFO - url http://baidu.v.ifeng.com/kan/aB9Jr?fr=v.baidu.com/ is depth 2 great crawl depth 1
2017-09-16 16:44:50,167 - [webpage_manager.py:69] - INFO - url http://baishi.baidu.com/watch/08556316660953115637.html is depth 2 great crawl depth 1
2017-09-16 16:44:50,167 - [webpage_manager.py:69] - INFO - url http://v.baidu.com/tv/26890.htm?frp=browse is depth 2 great crawl depth 1
2017-09-16 16:44:50,167 - [webpage_manager.py:69] - INFO - url http://baishi.baidu.com/watch/5909165106919167030.html is depth 2 great crawl depth 1
2017-09-16 16:44:50,168 - [webpage_manager.py:69] - INFO - url http://baishi.baidu.com/watch/8013874275601576565.html is depth 2 great crawl depth 1
2017-09-16 16:44:50,168 - [webpage_manager.py:69] - INFO - url http://v.baidu.com/channel/lieqi is depth 2 great crawl depth 1
2017-09-16 16:44:50,168 - [webpage_manager.py:69] - INFO - url http://baishi.baidu.com/watch/12215576123510666.html is depth 2 great crawl depth 1
2017-09-16 16:44:50,168 - [webpage_manager.py:69] - INFO - url http://baishi.baidu.com/watch/3807434331999804750.html is depth 2 great crawl depth 1
2017-09-16 16:44:50,169 - [webpage_manager.py:69] - INFO - url http://baidu.pptv.com/kan/aB9RM?fr=v.baidu.com/ is depth 2 great crawl depth 1
2017-09-16 16:44:50,169 - [webpage_manager.py:69] - INFO - url http://v.baidu.com/tv/26911.htm?frp=browse is depth 2 great crawl depth 1
2017-09-16 16:44:50,169 - [webpage_manager.py:69] - INFO - url http://v.baidu.com/show/1745.htm?frp=browse is depth 2 great crawl depth 1
2017-09-16 16:44:50,169 - [webpage_manager.py:69] - INFO - url http://baidu.iqiyi.com/kan/aBhsl?fr=v.baidu.com/ is depth 2 great crawl depth 1
2017-09-16 16:44:50,170 - [webpage_manager.py:69] - INFO - url http://baidu.v.ifeng.com/kan/aB9JL?fr=v.baidu.com/ is depth 2 great crawl depth 1
2017-09-16 16:44:50,170 - [webpage_manager.py:69] - INFO - url http://baishi.baidu.com/watch/0147833811432047813.html is depth 2 great crawl depth 1
2017-09-16 16:44:50,170 - [webpage_manager.py:69] - INFO - url http://v.baidu.com/movie/ is depth 2 great crawl depth 1
2017-09-16 16:44:50,171 - [webpage_manager.py:69] - INFO - url http://g.youxi.v.baidu.com/s/1/1265/185.html?frm=bdsp-xwzy-wz is depth 2 great crawl depth 1
2017-09-16 16:44:50,173 - [webpage_manager.py:69] - INFO - url http://v.baidu.com/entindex/ is depth 2 great crawl depth 1
2017-09-16 16:44:50,175 - [webpage_manager.py:69] - INFO - url http://v.baidu.com/movie/124817.htm?frp=browse is depth 2 great crawl depth 1
2017-09-16 16:44:50,175 - [webpage_manager.py:69] - INFO - url http://baishi.baidu.com/watch/4085837685517857959.html is depth 2 great crawl depth 1
2017-09-16 16:44:50,175 - [webpage_manager.py:69] - INFO - url http://v.baidu.com/gcdance/index is depth 2 great crawl depth 1
2017-09-16 16:44:50,175 - [webpage_manager.py:69] - INFO - url http://v.baidu.com/movie/119065.htm?frp=browse is depth 2 great crawl depth 1
2017-09-16 16:44:50,176 - [webpage_manager.py:69] - INFO - url http://baishi.baidu.com/watch/515618686885165341.html is depth 2 great crawl depth 1
2017-09-16 16:44:50,176 - [webpage_manager.py:69] - INFO - url http://baishi.baidu.com/watch/4440193528725115800.html is depth 2 great crawl depth 1
2017-09-16 16:44:50,176 - [webpage_manager.py:69] - INFO - url http://v.baidu.com/show/list/filter-true+type-%E6%83%85%E6%84%9F+order-hot+pn-1+channel-tvshow is depth 2 great crawl depth 1
2017-09-16 16:44:50,176 - [webpage_manager.py:69] - INFO - url http://baidu.iqiyi.com/kan/aBht4?fr=v.baidu.com/ is depth 2 great crawl depth 1
2017-09-16 16:44:50,177 - [webpage_manager.py:69] - INFO - url http://baishi.baidu.com/watch/5045784393433459192.html is depth 2 great crawl depth 1
2017-09-16 16:44:50,177 - [webpage_manager.py:69] - INFO - url http://baishi.baidu.com/watch/4438279596806583387.html is depth 2 great crawl depth 1
2017-09-16 16:44:50,178 - [webpage_manager.py:69] - INFO - url http://m.video.baidu.com/wangjunkai.html is depth 2 great crawl depth 1
2017-09-16 16:44:50,178 - [webpage_manager.py:69] - INFO - url http://v.baidu.com/show/20842.htm?frp=browse is depth 2 great crawl depth 1
2017-09-16 16:44:50,178 - [webpage_manager.py:69] - INFO - url http://v.baidu.com/show/290.htm?frp=browse is depth 2 great crawl depth 1
2017-09-16 16:44:50,178 - [webpage_manager.py:69] - INFO - url http://baishi.baidu.com/watch/4763285413403570693.html is depth 2 great crawl depth 1
2017-09-16 16:44:50,179 - [webpage_manager.py:69] - INFO - url http://v.baidu.com/movie/121517.htm?frp=browse is depth 2 great crawl depth 1
2017-09-16 16:44:50,179 - [webpage_manager.py:69] - INFO - url http://baishi.baidu.com/watch/3408220012429803243.html is depth 2 great crawl depth 1
2017-09-16 16:44:50,179 - [webpage_manager.py:69] - INFO - url http://baishi.baidu.com/watch/8622440483267715557.html is depth 2 great crawl depth 1
2017-09-16 16:44:50,179 - [webpage_manager.py:69] - INFO - url http://baishi.baidu.com/watch/6392201170715085634.html is depth 2 great crawl depth 1
2017-09-16 16:44:50,180 - [webpage_manager.py:69] - INFO - url http://v.baidu.com/tv/26887.htm?frp=browse is depth 2 great crawl depth 1
2017-09-16 16:44:50,180 - [webpage_manager.py:69] - INFO - url http://baishi.baidu.com/watch/5167736322601999432.html is depth 2 great crawl depth 1
2017-09-16 16:44:50,180 - [webpage_manager.py:69] - INFO - url http://baidu.iqiyi.com/kan/aBNBm?fr=v.baidu.com/ is depth 2 great crawl depth 1
2017-09-16 16:44:50,181 - [webpage_manager.py:69] - INFO - url http://v.baidu.com/show/20730.htm?frp=browse is depth 2 great crawl depth 1
2017-09-16 16:44:50,181 - [webpage_manager.py:69] - INFO - url http://v.baidu.com/tv/12139.htm?frp=browse is depth 2 great crawl depth 1
2017-09-16 16:44:50,181 - [webpage_manager.py:69] - INFO - url http://v.baidu.com/channel/shaoer is depth 2 great crawl depth 1
2017-09-16 16:44:50,182 - [webpage_manager.py:69] - INFO - url http://v.baidu.com/channel/guichu is depth 2 great crawl depth 1
2017-09-16 16:44:50,182 - [webpage_manager.py:69] - INFO - url http://baishi.baidu.com/watch/7418907486691973098.html is depth 2 great crawl depth 1
2017-09-16 16:44:50,183 - [webpage_manager.py:69] - INFO - url http://baishi.baidu.com/watch/3403812104577185141.html is depth 2 great crawl depth 1
2017-09-16 16:44:50,183 - [webpage_manager.py:69] - INFO - url http://v.baidu.com/movie/list/filter-true+type-%E7%88%B1%E6%83%85+order-hot+pn-1+channel-movie is depth 2 great crawl depth 1
2017-09-16 16:44:50,183 - [webpage_manager.py:69] - INFO - url http://baidu.iqiyi.com/kan/aFzfV?fr=v.baidu.com/ is depth 2 great crawl depth 1
2017-09-16 16:44:50,184 - [webpage_manager.py:69] - INFO - url http://baishi.baidu.com/watch/5129395452319747308.html is depth 2 great crawl depth 1
2017-09-16 16:44:50,184 - [webpage_manager.py:69] - INFO - url http://baishi.baidu.com/watch/4600307946654317370.html is depth 2 great crawl depth 1
2017-09-16 16:44:50,184 - [webpage_manager.py:69] - INFO - url http://baishi.baidu.com/watch/9027592387465163014.html is depth 2 great crawl depth 1
2017-09-16 16:44:50,185 - [webpage_manager.py:69] - INFO - url http://v.baidu.com/license.html is depth 2 great crawl depth 1
2017-09-16 16:44:50,185 - [webpage_manager.py:69] - INFO - url http://baishi.baidu.com/watch/04503554823831804570.html is depth 2 great crawl depth 1
2017-09-16 16:44:50,185 - [webpage_manager.py:69] - INFO - url http://baishi.baidu.com/watch/02109991943451523757.html is depth 2 great crawl depth 1
2017-09-16 16:44:50,185 - [webpage_manager.py:69] - INFO - url http://baishi.baidu.com/watch/7469924443775654349.html is depth 2 great crawl depth 1
2017-09-16 16:44:50,186 - [webpage_manager.py:69] - INFO - url http://baishi.baidu.com/watch/1264141333565445662.html is depth 2 great crawl depth 1
2017-09-16 16:44:50,186 - [webpage_manager.py:69] - INFO - url http://baidu.iqiyi.com/kan/aFcIt?fr=v.baidu.com/ is depth 2 great crawl depth 1
2017-09-16 16:44:50,186 - [webpage_manager.py:69] - INFO - url http://baishi.baidu.com/watch/05843064719676043385.html is depth 2 great crawl depth 1
2017-09-16 16:44:50,186 - [webpage_manager.py:69] - INFO - url http://v.baidu.com/channel/amuse is depth 2 great crawl depth 1
2017-09-16 16:44:50,187 - [webpage_manager.py:69] - INFO - url http://v.baidu.com/show/ is depth 2 great crawl depth 1
2017-09-16 16:44:50,187 - [webpage_manager.py:69] - INFO - url http://baidu.iqiyi.com/kan/aFmpY?fr=v.baidu.com/ is depth 2 great crawl depth 1
2017-09-16 16:44:50,187 - [webpage_manager.py:69] - INFO - url http://v.baidu.com/channel/star is depth 2 great crawl depth 1
2017-09-16 16:44:50,187 - [webpage_manager.py:69] - INFO - url http://baidu.iqiyi.com/kan/aBhVF?fr=v.baidu.com/ is depth 2 great crawl depth 1
2017-09-16 16:44:50,188 - [webpage_manager.py:69] - INFO - url http://baishi.baidu.com/watch/05506912412904308541.html is depth 2 great crawl depth 1
2017-09-16 16:44:50,188 - [webpage_manager.py:69] - INFO - url http://youxi.v.baidu.com/?frm=bdsp-yybq&referer=bdsp is depth 2 great crawl depth 1
2017-09-16 16:44:50,189 - [webpage_manager.py:69] - INFO - url http://baishi.baidu.com/watch/07411770498702740495.html is depth 2 great crawl depth 1
2017-09-16 16:44:50,189 - [webpage_manager.py:69] - INFO - url http://baidu.pptv.com/kan/aB9Rb?fr=v.baidu.com/ is depth 2 great crawl depth 1
2017-09-16 16:44:50,189 - [webpage_manager.py:69] - INFO - url http://baishi.baidu.com/watch/4316623647389416288.html is depth 2 great crawl depth 1
2017-09-16 16:44:50,189 - [webpage_manager.py:69] - INFO - url http://v.baidu.com/tv/26791.htm?frp=browse is depth 2 great crawl depth 1
2017-09-16 16:44:50,190 - [webpage_manager.py:69] - INFO - url http://baidu.iqiyi.com/kan/aBhtj?fr=v.baidu.com/ is depth 2 great crawl depth 1
2017-09-16 16:44:50,190 - [webpage_manager.py:69] - INFO - url http://v.baidu.com/show/20794.htm?frp=browse is depth 2 great crawl depth 1
2017-09-16 16:44:50,190 - [webpage_manager.py:69] - INFO - url http://baishi.baidu.com/watch/7662455533438458317.html is depth 2 great crawl depth 1
2017-09-16 16:44:50,190 - [webpage_manager.py:69] - INFO - url http://baishi.baidu.com/watch/08791757508787492247.html is depth 2 great crawl depth 1
2017-09-16 16:44:50,191 - [webpage_manager.py:69] - INFO - url http://baishi.baidu.com/watch/5273683791977862536.html is depth 2 great crawl depth 1
2017-09-16 16:44:50,191 - [webpage_manager.py:69] - INFO - url http://baidu.iqiyi.com/kan/aFmp2?fr=v.baidu.com/ is depth 2 great crawl depth 1
2017-09-16 16:44:50,191 - [webpage_manager.py:69] - INFO - url http://v.baidu.com/comic/18064.htm?frp=browse is depth 2 great crawl depth 1
2017-09-16 16:44:50,191 - [webpage_manager.py:69] - INFO - url http://zhibo.v.baidu.com/quanmin?pagetab=daohangzb is depth 2 great crawl depth 1
2017-09-16 16:44:50,192 - [webpage_manager.py:69] - INFO - url http://baishi.baidu.com/watch/04680112771607824098.html is depth 2 great crawl depth 1
2017-09-16 16:44:50,192 - [webpage_manager.py:69] - INFO - url http://v.baidu.com/channel/history is depth 2 great crawl depth 1
2017-09-16 16:44:50,192 - [webpage_manager.py:69] - INFO - url http://baidu.iqiyi.com/kan/aFcIQ?fr=v.baidu.com/ is depth 2 great crawl depth 1
2017-09-16 16:44:50,192 - [webpage_manager.py:69] - INFO - url http://baishi.baidu.com/watch/2293165227972769879.html is depth 2 great crawl depth 1
2017-09-16 16:44:50,193 - [webpage_manager.py:69] - INFO - url http://v.baidu.com/v?word=%E8%8B%B9%E6%9E%9C%E5%8F%91%E5%B8%83%E4%BC%9A&ct=301989888&rn=27&pn=0&db=0&s=0&fbl=800&ie=utf-8 is depth 2 great crawl depth 1
2017-09-16 16:44:50,193 - [webpage_manager.py:69] - INFO - url http://baidu.iqiyi.com/kan/aBhVT?fr=v.baidu.com/ is depth 2 great crawl depth 1
2017-09-16 16:44:50,193 - [webpage_manager.py:69] - INFO - url http://baishi.baidu.com/watch/4695017189660107164.html is depth 2 great crawl depth 1
2017-09-16 16:44:50,194 - [webpage_manager.py:69] - INFO - url http://baishi.baidu.com/watch/6244828082374576166.html is depth 2 great crawl depth 1
2017-09-16 16:44:50,194 - [webpage_manager.py:69] - INFO - url http://v.baidu.com/show/20821.htm?frp=browse is depth 2 great crawl depth 1
2017-09-16 16:44:50,194 - [webpage_manager.py:69] - INFO - url http://g.youxi.v.baidu.com/s/1/1265/265.html?frm=bdsp-jdxt3 is depth 2 great crawl depth 1
2017-09-16 16:44:50,194 - [webpage_manager.py:69] - INFO - url http://v.baidu.com/channel/rr is depth 2 great crawl depth 1
2017-09-16 16:44:50,195 - [webpage_manager.py:69] - INFO - url http://v.baidu.com/tv/26843.htm?frp=browse is depth 2 great crawl depth 1
2017-09-16 16:44:50,195 - [webpage_manager.py:69] - INFO - url http://v.baidu.com/movie/123219.htm?frp=browse is depth 2 great crawl depth 1
2017-09-16 16:44:50,195 - [webpage_manager.py:69] - INFO - url http://baishi.baidu.com/watch/06371604949719675509.html is depth 2 great crawl depth 1
2017-09-16 16:44:50,196 - [webpage_manager.py:69] - INFO - url http://baishi.baidu.com/watch/08073507838323726036.html is depth 2 great crawl depth 1
2017-09-16 16:44:50,196 - [webpage_manager.py:69] - INFO - url http://v.baidu.com/car is depth 2 great crawl depth 1
2017-09-16 16:44:50,196 - [webpage_manager.py:69] - INFO - url http://baidu.v.ifeng.com/kan/aB9gX?fr=v.baidu.com/ is depth 2 great crawl depth 1
2017-09-16 16:44:50,197 - [webpage_manager.py:69] - INFO - url http://v.baidu.com/tv/26772.htm?frp=browse is depth 2 great crawl depth 1
2017-09-16 16:44:50,197 - [webpage_manager.py:69] - INFO - url http://v.baidu.com/movie is depth 2 great crawl depth 1
2017-09-16 16:44:50,197 - [webpage_manager.py:69] - INFO - url http://baishi.baidu.com/watch/3688339334102592492.html is depth 2 great crawl depth 1
2017-09-16 16:44:50,198 - [webpage_manager.py:69] - INFO - url http://baishi.baidu.com/watch/05757364492985526185.html is depth 2 great crawl depth 1
2017-09-16 16:44:50,198 - [webpage_manager.py:69] - INFO - url http://baidu.iqiyi.com/kan/aFcI8?fr=v.baidu.com/ is depth 2 great crawl depth 1
2017-09-16 16:44:50,198 - [webpage_manager.py:69] - INFO - url http://v.baidu.com/movie/126370.htm?frp=browse is depth 2 great crawl depth 1
2017-09-16 16:44:50,199 - [webpage_manager.py:69] - INFO - url http://v.baidu.com/show/11533.htm?frp=browse is depth 2 great crawl depth 1
2017-09-16 16:44:50,199 - [webpage_manager.py:69] - INFO - url http://v.baidu.com/v?word=%E6%9E%97%E5%BF%83%E5%A6%82%E6%89%8E%E5%B0%8F%E4%BA%BA&ct=301989888&rn=27&pn=0&db=0&s=0&fbl=800&ie=utf-8 is depth 2 great crawl depth 1
2017-09-16 16:44:50,199 - [webpage_manager.py:69] - INFO - url http://v.baidu.com/movie/123597.htm?frp=browse is depth 2 great crawl depth 1
2017-09-16 16:44:50,199 - [webpage_manager.py:69] - INFO - url http://v.baidu.com/tv/26782.htm?frp=browse is depth 2 great crawl depth 1
2017-09-16 16:44:50,199 - [webpage_manager.py:69] - INFO - url http://baidu.v.ifeng.com/kan/aB9Rg?fr=v.baidu.com/ is depth 2 great crawl depth 1
2017-09-16 16:44:50,200 - [webpage_manager.py:69] - INFO - url http://zhibo.v.baidu.com/quanmin is depth 2 great crawl depth 1
2017-09-16 16:44:50,200 - [webpage_manager.py:69] - INFO - url http://baishi.baidu.com/watch/4173570430964107459.html is depth 2 great crawl depth 1
2017-09-16 16:44:50,200 - [webpage_manager.py:69] - INFO - url http://baishi.baidu.com/watch/5605258230805938597.html is depth 2 great crawl depth 1
2017-09-16 16:44:50,201 - [webpage_manager.py:69] - INFO - url http://www.le.com/ is depth 2 great crawl depth 1
2017-09-16 16:44:50,201 - [webpage_manager.py:69] - INFO - url http://baishi.baidu.com/watch/8279527102734139698.html is depth 2 great crawl depth 1
2017-09-16 16:44:50,201 - [webpage_manager.py:69] - INFO - url http://v.baidu.com/tv is depth 2 great crawl depth 1
2017-09-16 16:44:50,201 - [webpage_manager.py:69] - INFO - url http://baishi.baidu.com/watch/7342745346789793710.html is depth 2 great crawl depth 1
2017-09-16 16:44:50,202 - [webpage_manager.py:69] - INFO - url http://baishi.baidu.com/watch/5416908292051420464.html is depth 2 great crawl depth 1
2017-09-16 16:44:50,202 - [webpage_manager.py:69] - INFO - url http://baishi.baidu.com/watch/4666220164091949888.html is depth 2 great crawl depth 1
2017-09-16 16:44:50,202 - [webpage_manager.py:69] - INFO - url http://v.baidu.com/square/ is depth 2 great crawl depth 1
2017-09-16 16:44:50,202 - [webpage_manager.py:69] - INFO - url http://baishi.baidu.com/watch/4255781402687836036.html is depth 2 great crawl depth 1
2017-09-16 16:44:50,203 - [webpage_manager.py:69] - INFO - url http://v.baidu.com/tv/25370.htm?frp=browse is depth 2 great crawl depth 1
2017-09-16 16:44:50,203 - [webpage_manager.py:69] - INFO - url http://baishi.baidu.com/watch/4875145186534460452.html is depth 2 great crawl depth 1
2017-09-16 16:44:50,203 - [webpage_manager.py:69] - INFO - url http://www.pptv.com/ is depth 2 great crawl depth 1
2017-09-16 16:44:50,204 - [webpage_manager.py:69] - INFO - url http://baishi.baidu.com/watch/4003407119782256974.html is depth 2 great crawl depth 1
2017-09-16 16:44:50,204 - [webpage_manager.py:69] - INFO - url http://v.baidu.com/comic/17978.htm?frp=browse is depth 2 great crawl depth 1
2017-09-16 16:44:50,205 - [webpage_manager.py:69] - INFO - url http://baishi.baidu.com/watch/01533230308800302045.html is depth 2 great crawl depth 1
2017-09-16 16:44:50,205 - [webpage_manager.py:69] - INFO - url http://baishi.baidu.com/watch/1219867944025765293.html is depth 2 great crawl depth 1
2017-09-16 16:44:50,206 - [webpage_manager.py:69] - INFO - url http://www.iqiyi.com/v_19rrn0x890.html#vfrm=3-2-zebra-1 is depth 2 great crawl depth 1
2017-09-16 16:44:50,206 - [webpage_manager.py:69] - INFO - url http://baidu.iqiyi.com/kan/aBaAy?fr=v.baidu.com/ is depth 2 great crawl depth 1
2017-09-16 16:47:31,591 - [mini_spider.py:70] - INFO - Starting mini spider
2017-09-16 16:47:31,596 - [webpage_crawler.py:104] - INFO - url:http://www.baidu.com
,level:0
2017-09-16 16:47:31,607 - [connectionpool.py:207] - DEBUG - Starting new HTTP connection (1): www.baidu.com
2017-09-16 16:47:32,036 - [connectionpool.py:395] - DEBUG - http://www.baidu.com:80 "GET / HTTP/1.1" 200 None
2017-09-16 16:47:32,050 - [webpage_crawler.py:104] - INFO - url:http://map.baidu.com,level:1
2017-09-16 16:47:32,051 - [webpage_crawler.py:104] - INFO - url:http://ir.baidu.com,level:1
2017-09-16 16:47:32,052 - [webpage_crawler.py:104] - INFO - url:http://home.baidu.com,level:1
2017-09-16 16:47:32,053 - [webpage_crawler.py:104] - INFO - url:http://jianyi.baidu.com/,level:1
2017-09-16 16:47:32,054 - [webpage_crawler.py:104] - INFO - url:http://news.baidu.com,level:1
2017-09-16 16:47:32,056 - [webpage_crawler.py:104] - INFO - url:http://tieba.baidu.com,level:1
2017-09-16 16:47:32,057 - [webpage_crawler.py:104] - INFO - url:http://www.hao123.com,level:1
2017-09-16 16:47:32,076 - [connectionpool.py:207] - DEBUG - Starting new HTTP connection (1): map.baidu.com
2017-09-16 16:47:32,085 - [connectionpool.py:207] - DEBUG - Starting new HTTP connection (1): ir.baidu.com
2017-09-16 16:47:32,087 - [connectionpool.py:207] - DEBUG - Starting new HTTP connection (1): home.baidu.com
2017-09-16 16:47:32,093 - [connectionpool.py:207] - DEBUG - Starting new HTTP connection (1): jianyi.baidu.com
2017-09-16 16:47:32,099 - [connectionpool.py:207] - DEBUG - Starting new HTTP connection (1): news.baidu.com
2017-09-16 16:47:32,102 - [connectionpool.py:207] - DEBUG - Starting new HTTP connection (1): tieba.baidu.com
2017-09-16 16:47:32,105 - [connectionpool.py:207] - DEBUG - Starting new HTTP connection (1): www.hao123.com
2017-09-16 16:47:32,540 - [connectionpool.py:395] - DEBUG - http://home.baidu.com:80 "GET / HTTP/1.1" 200 None
2017-09-16 16:47:32,629 - [connectionpool.py:395] - DEBUG - http://map.baidu.com:80 "GET / HTTP/1.1" 200 None
2017-09-16 16:47:33,062 - [webpage_crawler.py:104] - INFO - url:http://v.baidu.com,level:1
2017-09-16 16:47:33,066 - [connectionpool.py:207] - DEBUG - Starting new HTTP connection (1): v.baidu.com
2017-09-16 16:47:33,319 - [connectionpool.py:395] - DEBUG - http://news.baidu.com:80 "GET / HTTP/1.1" 200 None
2017-09-16 16:47:33,426 - [connectionpool.py:395] - DEBUG - http://ir.baidu.com:80 "GET / HTTP/1.1" 302 749
2017-09-16 16:47:33,640 - [connectionpool.py:395] - DEBUG - http://ir.baidu.com:80 "GET /phoenix.zhtml?c=188488&p=irol-irhome HTTP/1.1" 200 4211
2017-09-16 16:47:33,680 - [webpage_crawler.py:104] - INFO - url:http://www.baidu.com/duty/,level:1
2017-09-16 16:47:33,684 - [connectionpool.py:207] - DEBUG - Starting new HTTP connection (1): www.baidu.com
2017-09-16 16:47:33,706 - [connectionpool.py:395] - DEBUG - http://jianyi.baidu.com:80 "GET / HTTP/1.1" 302 0
2017-09-16 16:47:33,707 - [connectionpool.py:395] - DEBUG - http://tieba.baidu.com:80 "GET / HTTP/1.1" 302 0
2017-09-16 16:47:33,720 - [connectionpool.py:207] - DEBUG - Starting new HTTP connection (1): help.baidu.com
2017-09-16 16:47:33,721 - [connectionpool.py:818] - DEBUG - Starting new HTTPS connection (1): tieba.baidu.com
2017-09-16 16:47:33,737 - [webpage_crawler.py:104] - INFO - url:http://www.baidu.com/bdorz/login.gif?login&tpl=mn&u=http%3A%2F%2Fwww.baidu.com%2f%3fbdorz_come%3d1,level:1
2017-09-16 16:47:33,742 - [connectionpool.py:207] - DEBUG - Starting new HTTP connection (1): www.baidu.com
2017-09-16 16:47:34,113 - [connectionpool.py:395] - DEBUG - http://www.baidu.com:80 "GET /bdorz/login.gif?login&tpl=mn&u=http%3A%2F%2Fwww.baidu.com%2f%3fbdorz_come%3d1 HTTP/1.1" 302 161
2017-09-16 16:47:34,119 - [connectionpool.py:395] - DEBUG - http://www.baidu.com:80 "GET /duty/ HTTP/1.1" 200 2451
2017-09-16 16:47:34,145 - [connectionpool.py:818] - DEBUG - Starting new HTTPS connection (1): passport.baidu.com
2017-09-16 16:47:34,176 - [connectionpool.py:395] - DEBUG - http://help.baidu.com:80 "GET / HTTP/1.1" 200 None
2017-09-16 16:47:34,213 - [connectionpool.py:395] - DEBUG - http://www.hao123.com:80 "GET / HTTP/1.1" 200 None
2017-09-16 16:47:34,431 - [connectionpool.py:395] - DEBUG - http://v.baidu.com:80 "GET / HTTP/1.1" 200 None
2017-09-16 16:47:34,446 - [connectionpool.py:395] - DEBUG - https://tieba.baidu.com:443 "GET /index.html HTTP/1.1" 200 None
2017-09-16 16:47:34,492 - [webpage_crawler.py:104] - INFO - url:http://www.baidu.com/more/,level:1
2017-09-16 16:47:34,596 - [connectionpool.py:207] - DEBUG - Starting new HTTP connection (1): www.baidu.com
2017-09-16 16:47:34,705 - [connectionpool.py:395] - DEBUG - http://www.baidu.com:80 "GET /more/ HTTP/1.1" 200 11633
2017-09-16 16:47:34,875 - [connectionpool.py:395] - DEBUG - https://passport.baidu.com:443 "GET /v2/?login&tpl=mn&u=http%3A%2F%2Fwww.baidu.com%2f%3fbdorz_come%3d1 HTTP/1.1" 200 None
